[2026-01-27T03:41:46.637+0000][31][info][gc,init] CardTable entry size: 512
[2026-01-27T03:41:46.644+0000][31][info][gc     ] Using G1
[2026-01-27T03:41:46.674+0000][31][info][gc,init] Version: 21.0.1+12-29 (release)
[2026-01-27T03:41:46.675+0000][31][info][gc,init] CPUs: 6 total, 6 available
[2026-01-27T03:41:46.675+0000][31][info][gc,init] Memory: 7912M
[2026-01-27T03:41:46.676+0000][31][info][gc,init] Large Page Support: Disabled
[2026-01-27T03:41:46.676+0000][31][info][gc,init] NUMA Support: Disabled
[2026-01-27T03:41:46.676+0000][31][info][gc,init] Compressed Oops: Enabled (32-bit)
[2026-01-27T03:41:46.677+0000][31][info][gc,init] Heap Region Size: 1M
[2026-01-27T03:41:46.677+0000][31][info][gc,init] Heap Min Capacity: 1G
[2026-01-27T03:41:46.678+0000][31][info][gc,init] Heap Initial Capacity: 1G
[2026-01-27T03:41:46.678+0000][31][info][gc,init] Heap Max Capacity: 1G
[2026-01-27T03:41:46.679+0000][31][info][gc,init] Pre-touch: Disabled
[2026-01-27T03:41:46.679+0000][31][info][gc,init] Parallel Workers: 6
[2026-01-27T03:41:46.679+0000][31][info][gc,init] Concurrent Workers: 2
[2026-01-27T03:41:46.680+0000][31][info][gc,init] Concurrent Refinement Workers: 6
[2026-01-27T03:41:46.680+0000][31][info][gc,init] Periodic GC: Disabled
[2026-01-27T03:41:46.710+0000][31][info][gc,metaspace] CDS archive(s) mapped at: [0x00007e8227000000-0x00007e8227ca5000-0x00007e8227ca5000), size 13258752, SharedBaseAddress: 0x00007e8227000000, ArchiveRelocationMode: 1.
[2026-01-27T03:41:46.710+0000][31][info][gc,metaspace] Compressed class space mapped at: 0x00007e8228000000-0x00007e8268000000, reserved size: 1073741824
[2026-01-27T03:41:46.711+0000][31][info][gc,metaspace] Narrow klass base: 0x00007e8227000000, Narrow klass shift: 0, Narrow klass range: 0x100000000
[2026-01-27T03:41:46.841+0000][31][info][gc,heap,exit] Heap
[2026-01-27T03:41:46.841+0000][31][info][gc,heap,exit]  garbage-first heap   total 1048576K, used 3103K [0x00000000c0000000, 0x0000000100000000)
[2026-01-27T03:41:46.845+0000][31][info][gc,heap,exit]   region size 1024K, 3 young (3072K), 0 survivors (0K)
[2026-01-27T03:41:46.846+0000][31][info][gc,heap,exit]  Metaspace       used 211K, committed 448K, reserved 1114112K
[2026-01-27T03:41:46.846+0000][31][info][gc,heap,exit]   class space    used 5K, committed 128K, reserved 1048576K
