[2026-01-26T06:18:01.472+0000][66][info][gc,init] CardTable entry size: 512
[2026-01-26T06:18:01.476+0000][66][info][gc     ] Using G1
[2026-01-26T06:18:02.025+0000][66][info][gc,init] Version: 21.0.1+12-29 (release)
[2026-01-26T06:18:02.025+0000][66][info][gc,init] CPUs: 6 total, 6 available
[2026-01-26T06:18:02.026+0000][66][info][gc,init] Memory: 7912M
[2026-01-26T06:18:02.026+0000][66][info][gc,init] Large Page Support: Disabled
[2026-01-26T06:18:02.026+0000][66][info][gc,init] NUMA Support: Disabled
[2026-01-26T06:18:02.026+0000][66][info][gc,init] Compressed Oops: Enabled (32-bit)
[2026-01-26T06:18:02.027+0000][66][info][gc,init] Heap Region Size: 4M
[2026-01-26T06:18:02.027+0000][66][info][gc,init] Heap Min Capacity: 1G
[2026-01-26T06:18:02.027+0000][66][info][gc,init] Heap Initial Capacity: 1G
[2026-01-26T06:18:02.027+0000][66][info][gc,init] Heap Max Capacity: 1G
[2026-01-26T06:18:02.028+0000][66][info][gc,init] Pre-touch: Enabled
[2026-01-26T06:18:02.028+0000][66][info][gc,init] Parallel Workers: 6
[2026-01-26T06:18:02.028+0000][66][info][gc,init] Concurrent Workers: 2
[2026-01-26T06:18:02.028+0000][66][info][gc,init] Concurrent Refinement Workers: 6
[2026-01-26T06:18:02.029+0000][66][info][gc,init] Periodic GC: Disabled
[2026-01-26T06:18:02.051+0000][66][info][gc,metaspace] CDS archive(s) mapped at: [0x00007b0fc7000000-0x00007b0fc7ca5000-0x00007b0fc7ca5000), size 13258752, SharedBaseAddress: 0x00007b0fc7000000, ArchiveRelocationMode: 1.
[2026-01-26T06:18:02.051+0000][66][info][gc,metaspace] Compressed class space mapped at: 0x00007b0fc8000000-0x00007b1008000000, reserved size: 1073741824
[2026-01-26T06:18:02.052+0000][66][info][gc,metaspace] Narrow klass base: 0x00007b0fc7000000, Narrow klass shift: 0, Narrow klass range: 0x100000000
[2026-01-26T06:18:02.964+0000][66][info][safepoint   ] Safepoint "ICBufferFull", Time since last: 904205571 ns, Reaching safepoint: 4800 ns, Cleanup: 142314 ns, At safepoint: 4001 ns, Total: 151115 ns
[2026-01-26T06:18:03.581+0000][66][info][gc,start    ] GC(0) Pause Young (Normal) (G1 Evacuation Pause)
[2026-01-26T06:18:03.581+0000][66][info][gc,task     ] GC(0) Using 6 workers of 6 for evacuation
[2026-01-26T06:18:03.582+0000][66][debug][gc,age      ] GC(0) Desired survivor size 4194304 bytes, new threshold 15 (max threshold 15)
[2026-01-26T06:18:03.586+0000][66][info ][gc,phases   ] GC(0)   Pre Evacuate Collection Set: 0.2ms
[2026-01-26T06:18:03.586+0000][66][info ][gc,phases   ] GC(0)   Merge Heap Roots: 0.2ms
[2026-01-26T06:18:03.587+0000][66][info ][gc,phases   ] GC(0)   Evacuate Collection Set: 2.5ms
[2026-01-26T06:18:03.587+0000][66][info ][gc,phases   ] GC(0)   Post Evacuate Collection Set: 1.1ms
[2026-01-26T06:18:03.587+0000][66][info ][gc,phases   ] GC(0)   Other: 0.7ms
[2026-01-26T06:18:03.588+0000][66][trace][gc,age      ] GC(0) Age table with threshold 15 (max threshold 15)
[2026-01-26T06:18:03.588+0000][66][trace][gc,age      ] GC(0) - age   1:    4532176 bytes,    4532176 total
[2026-01-26T06:18:03.588+0000][66][info ][gc,heap     ] GC(0) Eden regions: 12->0(18)
[2026-01-26T06:18:03.589+0000][66][info ][gc,heap     ] GC(0) Survivor regions: 0->2(2)
[2026-01-26T06:18:03.589+0000][66][info ][gc,heap     ] GC(0) Old regions: 1->1
[2026-01-26T06:18:03.589+0000][66][info ][gc,heap     ] GC(0) Humongous regions: 0->0
[2026-01-26T06:18:03.590+0000][66][info ][gc,metaspace] GC(0) Metaspace: 7678K(7936K)->7678K(7936K) NonClass: 6766K(6912K)->6766K(6912K) Class: 911K(1024K)->911K(1024K)
[2026-01-26T06:18:03.590+0000][66][info ][gc          ] GC(0) Pause Young (Normal) (G1 Evacuation Pause) 49M->5M(1024M) 9.198ms
[2026-01-26T06:18:03.590+0000][66][info ][gc,cpu      ] GC(0) User=0.01s Sys=0.00s Real=0.01s
[2026-01-26T06:18:03.591+0000][66][info ][safepoint   ] Safepoint "G1CollectForAllocation", Time since last: 617022541 ns, Reaching safepoint: 3500 ns, Cleanup: 118312 ns, At safepoint: 9820686 ns, Total: 9942498 ns
[2026-01-26T06:18:03.940+0000][66][info ][safepoint   ] Safepoint "ICBufferFull", Time since last: 349330368 ns, Reaching safepoint: 5301 ns, Cleanup: 135313 ns, At safepoint: 3301 ns, Total: 143915 ns
[2026-01-26T06:18:04.464+0000][66][info ][safepoint   ] Safepoint "ICBufferFull", Time since last: 523390641 ns, Reaching safepoint: 4501 ns, Cleanup: 159716 ns, At safepoint: 3900 ns, Total: 168117 ns
[2026-01-26T06:18:05.267+0000][66][info ][gc,start    ] GC(1) Pause Young (Normal) (G1 Evacuation Pause)
[2026-01-26T06:18:05.268+0000][66][info ][gc,task     ] GC(1) Using 6 workers of 6 for evacuation
[2026-01-26T06:18:05.268+0000][66][debug][gc,age      ] GC(1) Desired survivor size 6291456 bytes, new threshold 15 (max threshold 15)
[2026-01-26T06:18:05.278+0000][66][info ][gc,phases   ] GC(1)   Pre Evacuate Collection Set: 0.4ms
[2026-01-26T06:18:05.278+0000][66][info ][gc,phases   ] GC(1)   Merge Heap Roots: 0.2ms
[2026-01-26T06:18:05.279+0000][66][info ][gc,phases   ] GC(1)   Evacuate Collection Set: 6.6ms
[2026-01-26T06:18:05.279+0000][66][info ][gc,phases   ] GC(1)   Post Evacuate Collection Set: 2.3ms
[2026-01-26T06:18:05.279+0000][66][info ][gc,phases   ] GC(1)   Other: 0.7ms
[2026-01-26T06:18:05.279+0000][66][trace][gc,age      ] GC(1) Age table with threshold 15 (max threshold 15)
[2026-01-26T06:18:05.280+0000][66][trace][gc,age      ] GC(1) - age   1:    4522896 bytes,    4522896 total
[2026-01-26T06:18:05.280+0000][66][trace][gc,age      ] GC(1) - age   2:    4451176 bytes,    8974072 total
[2026-01-26T06:18:05.281+0000][66][info ][gc,heap     ] GC(1) Eden regions: 18->0(52)
[2026-01-26T06:18:05.281+0000][66][info ][gc,heap     ] GC(1) Survivor regions: 2->3(3)
[2026-01-26T06:18:05.282+0000][66][info ][gc,heap     ] GC(1) Old regions: 1->1
[2026-01-26T06:18:05.282+0000][66][info ][gc,heap     ] GC(1) Humongous regions: 0->0
[2026-01-26T06:18:05.282+0000][66][info ][gc,metaspace] GC(1) Metaspace: 18304K(18880K)->18304K(18880K) NonClass: 16332K(16640K)->16332K(16640K) Class: 1972K(2240K)->1972K(2240K)
[2026-01-26T06:18:05.283+0000][66][info ][gc          ] GC(1) Pause Young (Normal) (G1 Evacuation Pause) 77M->9M(1024M) 15.496ms
[2026-01-26T06:18:05.283+0000][66][info ][gc,cpu      ] GC(1) User=0.04s Sys=0.00s Real=0.01s
[2026-01-26T06:18:05.284+0000][66][info ][safepoint   ] Safepoint "G1CollectForAllocation", Time since last: 803430354 ns, Reaching safepoint: 7001 ns, Cleanup: 122312 ns, At safepoint: 16383645 ns, Total: 16512958 ns
[2026-01-26T06:18:05.862+0000][66][info ][safepoint   ] Safepoint "ICBufferFull", Time since last: 578462370 ns, Reaching safepoint: 129513 ns, Cleanup: 138114 ns, At safepoint: 45204 ns, Total: 312831 ns
[2026-01-26T06:18:06.258+0000][66][info ][gc,start    ] GC(2) Pause Young (Concurrent Start) (Metadata GC Threshold)
[2026-01-26T06:18:06.258+0000][66][info ][gc,task     ] GC(2) Using 6 workers of 6 for evacuation
[2026-01-26T06:18:06.259+0000][66][debug][gc,age      ] GC(2) Desired survivor size 14680064 bytes, new threshold 15 (max threshold 15)
[2026-01-26T06:18:06.269+0000][66][info ][gc,phases   ] GC(2)   Pre Evacuate Collection Set: 0.5ms
[2026-01-26T06:18:06.270+0000][66][info ][gc,phases   ] GC(2)   Merge Heap Roots: 0.1ms
[2026-01-26T06:18:06.270+0000][66][info ][gc,phases   ] GC(2)   Evacuate Collection Set: 7.0ms
[2026-01-26T06:18:06.270+0000][66][info ][gc,phases   ] GC(2)   Post Evacuate Collection Set: 1.8ms
[2026-01-26T06:18:06.271+0000][66][info ][gc,phases   ] GC(2)   Other: 1.6ms
[2026-01-26T06:18:06.271+0000][66][trace][gc,age      ] GC(2) Age table with threshold 15 (max threshold 15)
[2026-01-26T06:18:06.271+0000][66][trace][gc,age      ] GC(2) - age   1:    3162120 bytes,    3162120 total
[2026-01-26T06:18:06.271+0000][66][trace][gc,age      ] GC(2) - age   2:    3645576 bytes,    6807696 total
[2026-01-26T06:18:06.272+0000][66][trace][gc,age      ] GC(2) - age   3:    4435088 bytes,   11242784 total
[2026-01-26T06:18:06.272+0000][66][info ][gc,heap     ] GC(2) Eden regions: 41->0(150)
[2026-01-26T06:18:06.272+0000][66][info ][gc,heap     ] GC(2) Survivor regions: 3->3(7)
[2026-01-26T06:18:06.272+0000][66][info ][gc,heap     ] GC(2) Old regions: 1->1
[2026-01-26T06:18:06.273+0000][66][info ][gc,heap     ] GC(2) Humongous regions: 0->0
[2026-01-26T06:18:06.273+0000][66][info ][gc,metaspace] GC(2) Metaspace: 21009K(21504K)->21009K(21504K) NonClass: 18758K(19008K)->18758K(19008K) Class: 2250K(2496K)->2250K(2496K)
[2026-01-26T06:18:06.273+0000][66][info ][gc          ] GC(2) Pause Young (Concurrent Start) (Metadata GC Threshold) 173M->12M(1024M) 15.436ms
[2026-01-26T06:18:06.274+0000][66][info ][gc,cpu      ] GC(2) User=0.05s Sys=0.00s Real=0.02s
[2026-01-26T06:18:06.274+0000][66][info ][gc          ] GC(3) Concurrent Mark Cycle
[2026-01-26T06:18:06.280+0000][66][info ][gc,marking  ] GC(3) Concurrent Scan Root Regions
[2026-01-26T06:18:06.274+0000][66][info ][safepoint   ] Safepoint "CollectForMetadataAllocation", Time since last: 395306884 ns, Reaching safepoint: 7801 ns, Cleanup: 126612 ns, At safepoint: 16194026 ns, Total: 16328439 ns
[2026-01-26T06:18:06.286+0000][66][info ][gc,marking  ] GC(3) Concurrent Scan Root Regions 5.803ms
[2026-01-26T06:18:06.288+0000][66][info ][gc,marking  ] GC(3) Concurrent Mark
[2026-01-26T06:18:06.289+0000][66][info ][gc,marking  ] GC(3) Concurrent Mark From Roots
[2026-01-26T06:18:06.290+0000][66][info ][gc,task     ] GC(3) Using 2 workers of 2 for marking
[2026-01-26T06:18:06.295+0000][66][info ][gc,marking  ] GC(3) Concurrent Mark From Roots 6.194ms
[2026-01-26T06:18:06.296+0000][66][info ][gc,marking  ] GC(3) Concurrent Preclean
[2026-01-26T06:18:06.296+0000][66][info ][gc,marking  ] GC(3) Concurrent Preclean 0.355ms
[2026-01-26T06:18:06.297+0000][66][info ][gc,start    ] GC(3) Pause Remark
[2026-01-26T06:18:06.301+0000][66][info ][gc          ] GC(3) Pause Remark 15M->15M(1024M) 4.093ms
[2026-01-26T06:18:06.301+0000][66][info ][gc,cpu      ] GC(3) User=0.00s Sys=0.01s Real=0.00s
[2026-01-26T06:18:06.302+0000][66][info ][safepoint   ] Safepoint "G1PauseRemark", Time since last: 22553664 ns, Reaching safepoint: 111511 ns, Cleanup: 11101 ns, At safepoint: 4920794 ns, Total: 5043406 ns
[2026-01-26T06:18:06.304+0000][66][info ][gc,marking  ] GC(3) Concurrent Mark 15.752ms
[2026-01-26T06:18:06.305+0000][66][info ][gc,marking  ] GC(3) Concurrent Rebuild Remembered Sets and Scrub Regions
[2026-01-26T06:18:06.306+0000][66][info ][gc,marking  ] GC(3) Concurrent Rebuild Remembered Sets and Scrub Regions 1.379ms
[2026-01-26T06:18:06.307+0000][66][info ][gc,start    ] GC(3) Pause Cleanup
[2026-01-26T06:18:06.307+0000][66][info ][gc          ] GC(3) Pause Cleanup 15M->15M(1024M) 0.541ms
[2026-01-26T06:18:06.307+0000][66][info ][gc,cpu      ] GC(3) User=0.00s Sys=0.00s Real=0.00s
[2026-01-26T06:18:06.308+0000][66][info ][safepoint   ] Safepoint "G1PauseCleanup", Time since last: 4832786 ns, Reaching safepoint: 258025 ns, Cleanup: 5901 ns, At safepoint: 1117912 ns, Total: 1381838 ns
[2026-01-26T06:18:06.308+0000][66][info ][gc,marking  ] GC(3) Concurrent Clear Claimed Marks
[2026-01-26T06:18:06.310+0000][66][info ][gc,marking  ] GC(3) Concurrent Clear Claimed Marks 2.313ms
[2026-01-26T06:18:06.311+0000][66][info ][gc,marking  ] GC(3) Concurrent Cleanup for Next Mark
[2026-01-26T06:18:06.313+0000][66][info ][gc,marking  ] GC(3) Concurrent Cleanup for Next Mark 1.787ms
[2026-01-26T06:18:06.314+0000][66][info ][gc          ] GC(3) Concurrent Mark Cycle 40.025ms
[2026-01-26T06:18:07.182+0000][66][info ][safepoint   ] Safepoint "ICBufferFull", Time since last: 874397778 ns, Reaching safepoint: 7801 ns, Cleanup: 146715 ns, At safepoint: 3300 ns, Total: 157816 ns
[2026-01-26T06:18:07.844+0000][66][info ][safepoint   ] Safepoint "ICBufferFull", Time since last: 661013457 ns, Reaching safepoint: 7001 ns, Cleanup: 244425 ns, At safepoint: 35003 ns, Total: 286429 ns
[2026-01-26T06:18:08.967+0000][66][info ][safepoint   ] Safepoint "ICBufferFull", Time since last: 1123154822 ns, Reaching safepoint: 8600 ns, Cleanup: 150116 ns, At safepoint: 55405 ns, Total: 214121 ns
[2026-01-26T06:18:09.070+0000][66][info ][gc,start    ] GC(4) Pause Young (Prepare Mixed) (G1 Evacuation Pause)
[2026-01-26T06:18:09.070+0000][66][info ][gc,task     ] GC(4) Using 6 workers of 6 for evacuation
[2026-01-26T06:18:09.071+0000][66][debug][gc,age      ] GC(4) Desired survivor size 41943040 bytes, new threshold 15 (max threshold 15)
[2026-01-26T06:18:09.095+0000][66][info ][gc,phases   ] GC(4)   Pre Evacuate Collection Set: 0.2ms
[2026-01-26T06:18:09.095+0000][66][info ][gc,phases   ] GC(4)   Merge Heap Roots: 0.1ms
[2026-01-26T06:18:09.096+0000][66][info ][gc,phases   ] GC(4)   Evacuate Collection Set: 20.7ms
[2026-01-26T06:18:09.096+0000][66][info ][gc,phases   ] GC(4)   Post Evacuate Collection Set: 2.4ms
[2026-01-26T06:18:09.097+0000][66][info ][gc,phases   ] GC(4)   Other: 0.9ms
[2026-01-26T06:18:09.098+0000][66][trace][gc,age      ] GC(4) Age table with threshold 15 (max threshold 15)
[2026-01-26T06:18:09.099+0000][66][trace][gc,age      ] GC(4) - age   1:   12175768 bytes,   12175768 total
[2026-01-26T06:18:09.099+0000][66][trace][gc,age      ] GC(4) - age   2:    3062976 bytes,   15238744 total
[2026-01-26T06:18:09.100+0000][66][trace][gc,age      ] GC(4) - age   3:    3640552 bytes,   18879296 total
[2026-01-26T06:18:09.100+0000][66][trace][gc,age      ] GC(4) - age   4:    4434096 bytes,   23313392 total
[2026-01-26T06:18:09.101+0000][66][info ][gc,heap     ] GC(4) Eden regions: 150->0(144)
[2026-01-26T06:18:09.101+0000][66][info ][gc,heap     ] GC(4) Survivor regions: 3->6(20)
[2026-01-26T06:18:09.101+0000][66][info ][gc,heap     ] GC(4) Old regions: 1->1
[2026-01-26T06:18:09.102+0000][66][info ][gc,heap     ] GC(4) Humongous regions: 0->0
[2026-01-26T06:18:09.102+0000][66][info ][gc,metaspace] GC(4) Metaspace: 30874K(31680K)->30874K(31680K) NonClass: 27441K(27904K)->27441K(27904K) Class: 3432K(3776K)->3432K(3776K)
[2026-01-26T06:18:09.103+0000][66][info ][gc          ] GC(4) Pause Young (Prepare Mixed) (G1 Evacuation Pause) 612M->25M(1024M) 32.868ms
[2026-01-26T06:18:09.103+0000][66][info ][gc,cpu      ] GC(4) User=0.14s Sys=0.01s Real=0.03s
[2026-01-26T06:18:09.103+0000][66][info ][safepoint   ] Safepoint "G1CollectForAllocation", Time since last: 102575050 ns, Reaching safepoint: 6600 ns, Cleanup: 25503 ns, At safepoint: 33783108 ns, Total: 33815211 ns
[2026-01-26T06:18:10.022+0000][66][info ][gc,start    ] GC(5) Pause Young (Mixed) (Metadata GC Threshold)
[2026-01-26T06:18:10.023+0000][66][info ][gc,task     ] GC(5) Using 6 workers of 6 for evacuation
[2026-01-26T06:18:10.023+0000][66][debug][gc,age      ] GC(5) Desired survivor size 39845888 bytes, new threshold 15 (max threshold 15)
[2026-01-26T06:18:10.051+0000][66][info ][gc,phases   ] GC(5)   Pre Evacuate Collection Set: 0.3ms
[2026-01-26T06:18:10.052+0000][66][info ][gc,phases   ] GC(5)   Merge Heap Roots: 0.1ms
[2026-01-26T06:18:10.052+0000][66][info ][gc,phases   ] GC(5)   Evacuate Collection Set: 24.4ms
[2026-01-26T06:18:10.053+0000][66][info ][gc,phases   ] GC(5)   Post Evacuate Collection Set: 3.3ms
[2026-01-26T06:18:10.053+0000][66][info ][gc,phases   ] GC(5)   Other: 0.7ms
[2026-01-26T06:18:10.053+0000][66][trace][gc,age      ] GC(5) Age table with threshold 15 (max threshold 15)
[2026-01-26T06:18:10.054+0000][66][trace][gc,age      ] GC(5) - age   1:    5625464 bytes,    5625464 total
[2026-01-26T06:18:10.054+0000][66][trace][gc,age      ] GC(5) - age   2:   12067552 bytes,   17693016 total
[2026-01-26T06:18:10.054+0000][66][trace][gc,age      ] GC(5) - age   3:    3062128 bytes,   20755144 total
[2026-01-26T06:18:10.054+0000][66][trace][gc,age      ] GC(5) - age   4:    3639528 bytes,   24394672 total
[2026-01-26T06:18:10.055+0000][66][trace][gc,age      ] GC(5) - age   5:    4433904 bytes,   28828576 total
[2026-01-26T06:18:10.055+0000][66][info ][gc,heap     ] GC(5) Eden regions: 67->0(110)
[2026-01-26T06:18:10.055+0000][66][info ][gc,heap     ] GC(5) Survivor regions: 6->8(19)
[2026-01-26T06:18:10.055+0000][66][info ][gc,heap     ] GC(5) Old regions: 1->1
[2026-01-26T06:18:10.056+0000][66][info ][gc,heap     ] GC(5) Humongous regions: 0->0
[2026-01-26T06:18:10.056+0000][66][info ][gc,metaspace] GC(5) Metaspace: 35352K(36160K)->35352K(36160K) NonClass: 31385K(31872K)->31385K(31872K) Class: 3966K(4288K)->3966K(4288K)
[2026-01-26T06:18:10.056+0000][66][info ][gc          ] GC(5) Pause Young (Mixed) (Metadata GC Threshold) 291M->30M(1024M) 34.206ms
[2026-01-26T06:18:10.057+0000][66][info ][gc,cpu      ] GC(5) User=0.16s Sys=0.01s Real=0.04s
[2026-01-26T06:18:10.057+0000][66][info ][safepoint   ] Safepoint "CollectForMetadataAllocation", Time since last: 918583982 ns, Reaching safepoint: 6500 ns, Cleanup: 127313 ns, At safepoint: 35180550 ns, Total: 35314363 ns
[2026-01-26T06:18:10.089+0000][66][info ][gc,start    ] GC(6) Pause Young (Concurrent Start) (Metadata GC Threshold)
[2026-01-26T06:18:10.090+0000][66][info ][gc,task     ] GC(6) Using 6 workers of 6 for evacuation
[2026-01-26T06:18:10.090+0000][66][debug][gc,age      ] GC(6) Desired survivor size 31457280 bytes, new threshold 15 (max threshold 15)
[2026-01-26T06:18:10.106+0000][66][info ][gc,phases   ] GC(6)   Pre Evacuate Collection Set: 0.3ms
[2026-01-26T06:18:10.107+0000][66][info ][gc,phases   ] GC(6)   Merge Heap Roots: 0.2ms
[2026-01-26T06:18:10.107+0000][66][info ][gc,phases   ] GC(6)   Evacuate Collection Set: 12.8ms
[2026-01-26T06:18:10.107+0000][66][info ][gc,phases   ] GC(6)   Post Evacuate Collection Set: 2.3ms
[2026-01-26T06:18:10.107+0000][66][info ][gc,phases   ] GC(6)   Other: 0.8ms
[2026-01-26T06:18:10.108+0000][66][trace][gc,age      ] GC(6) Age table with threshold 15 (max threshold 15)
[2026-01-26T06:18:10.108+0000][66][trace][gc,age      ] GC(6) - age   1:      79624 bytes,      79624 total
[2026-01-26T06:18:10.108+0000][66][trace][gc,age      ] GC(6) - age   2:    5610696 bytes,    5690320 total
[2026-01-26T06:18:10.108+0000][66][trace][gc,age      ] GC(6) - age   3:   12067408 bytes,   17757728 total
[2026-01-26T06:18:10.109+0000][66][trace][gc,age      ] GC(6) - age   4:    3062064 bytes,   20819792 total
[2026-01-26T06:18:10.109+0000][66][trace][gc,age      ] GC(6) - age   5:    3636744 bytes,   24456536 total
[2026-01-26T06:18:10.109+0000][66][trace][gc,age      ] GC(6) - age   6:    4432112 bytes,   28888648 total
[2026-01-26T06:18:10.109+0000][66][info ][gc,heap     ] GC(6) Eden regions: 1->0(123)
[2026-01-26T06:18:10.110+0000][66][info ][gc,heap     ] GC(6) Survivor regions: 8->8(15)
[2026-01-26T06:18:10.110+0000][66][info ][gc,heap     ] GC(6) Old regions: 1->1
[2026-01-26T06:18:10.110+0000][66][info ][gc,heap     ] GC(6) Humongous regions: 0->0
[2026-01-26T06:18:10.110+0000][66][info ][gc,metaspace] GC(6) Metaspace: 35718K(36480K)->35718K(36480K) NonClass: 31707K(32128K)->31707K(32128K) Class: 4011K(4352K)->4011K(4352K)
[2026-01-26T06:18:10.111+0000][66][info ][gc          ] GC(6) Pause Young (Concurrent Start) (Metadata GC Threshold) 34M->31M(1024M) 21.137ms
[2026-01-26T06:18:10.111+0000][66][info ][gc,cpu      ] GC(6) User=0.08s Sys=0.00s Real=0.02s
[2026-01-26T06:18:10.111+0000][66][info ][gc          ] GC(7) Concurrent Mark Cycle
[2026-01-26T06:18:10.111+0000][66][info ][gc,marking  ] GC(7) Concurrent Scan Root Regions
[2026-01-26T06:18:10.111+0000][66][info ][safepoint   ] Safepoint "CollectForMetadataAllocation", Time since last: 32131542 ns, Reaching safepoint: 4900 ns, Cleanup: 11201 ns, At safepoint: 21998520 ns, Total: 22014621 ns
[2026-01-26T06:18:10.120+0000][66][info ][gc,marking  ] GC(7) Concurrent Scan Root Regions 8.998ms
[2026-01-26T06:18:10.121+0000][66][info ][gc,marking  ] GC(7) Concurrent Mark
[2026-01-26T06:18:10.121+0000][66][info ][gc,marking  ] GC(7) Concurrent Mark From Roots
[2026-01-26T06:18:10.122+0000][66][info ][gc,task     ] GC(7) Using 2 workers of 2 for marking
[2026-01-26T06:18:10.124+0000][66][info ][gc,marking  ] GC(7) Concurrent Mark From Roots 2.436ms
[2026-01-26T06:18:10.124+0000][66][info ][gc,marking  ] GC(7) Concurrent Preclean
[2026-01-26T06:18:10.125+0000][66][info ][gc,marking  ] GC(7) Concurrent Preclean 0.302ms
[2026-01-26T06:18:10.125+0000][66][info ][gc,start    ] GC(7) Pause Remark
[2026-01-26T06:18:10.131+0000][66][info ][gc          ] GC(7) Pause Remark 34M->34M(1024M) 5.921ms
[2026-01-26T06:18:10.131+0000][66][info ][gc,cpu      ] GC(7) User=0.03s Sys=0.00s Real=0.00s
[2026-01-26T06:18:10.131+0000][66][info ][safepoint   ] Safepoint "G1PauseRemark", Time since last: 13406452 ns, Reaching safepoint: 4201 ns, Cleanup: 3400 ns, At safepoint: 6588165 ns, Total: 6595766 ns
[2026-01-26T06:18:10.132+0000][66][info ][gc,marking  ] GC(7) Concurrent Mark 10.909ms
[2026-01-26T06:18:10.133+0000][66][info ][gc,marking  ] GC(7) Concurrent Rebuild Remembered Sets and Scrub Regions
[2026-01-26T06:18:10.134+0000][66][info ][gc,marking  ] GC(7) Concurrent Rebuild Remembered Sets and Scrub Regions 1.356ms
[2026-01-26T06:18:10.135+0000][66][info ][gc,start    ] GC(7) Pause Cleanup
[2026-01-26T06:18:10.135+0000][66][info ][gc          ] GC(7) Pause Cleanup 34M->34M(1024M) 0.530ms
[2026-01-26T06:18:10.136+0000][66][info ][gc,cpu      ] GC(7) User=0.00s Sys=0.00s Real=0.00s
[2026-01-26T06:18:10.136+0000][66][info ][safepoint   ] Safepoint "G1PauseCleanup", Time since last: 3408944 ns, Reaching safepoint: 6000 ns, Cleanup: 12202 ns, At safepoint: 1092910 ns, Total: 1111112 ns
[2026-01-26T06:18:10.136+0000][66][info ][gc,marking  ] GC(7) Concurrent Clear Claimed Marks
[2026-01-26T06:18:10.137+0000][66][info ][gc,marking  ] GC(7) Concurrent Clear Claimed Marks 0.348ms
[2026-01-26T06:18:10.137+0000][66][info ][gc,marking  ] GC(7) Concurrent Cleanup for Next Mark
[2026-01-26T06:18:10.139+0000][66][info ][gc,marking  ] GC(7) Concurrent Cleanup for Next Mark 1.583ms
[2026-01-26T06:18:10.139+0000][66][info ][gc          ] GC(7) Concurrent Mark Cycle 28.255ms
[2026-01-26T06:18:11.137+0000][66][info ][safepoint   ] Safepoint "Cleanup", Time since last: 1000519048 ns, Reaching safepoint: 145115 ns, Cleanup: 131613 ns, At safepoint: 64706 ns, Total: 341434 ns
[2026-01-26T06:18:11.260+0000][66][info ][gc,start    ] GC(8) Pause Young (Normal) (G1 Evacuation Pause)
[2026-01-26T06:18:11.261+0000][66][info ][gc,task     ] GC(8) Using 6 workers of 6 for evacuation
[2026-01-26T06:18:11.261+0000][66][debug][gc,age      ] GC(8) Desired survivor size 35651584 bytes, new threshold 15 (max threshold 15)
[2026-01-26T06:18:11.288+0000][66][info ][gc,phases   ] GC(8)   Pre Evacuate Collection Set: 0.3ms
[2026-01-26T06:18:11.289+0000][66][info ][gc,phases   ] GC(8)   Merge Heap Roots: 0.2ms
[2026-01-26T06:18:11.289+0000][66][info ][gc,phases   ] GC(8)   Evacuate Collection Set: 22.1ms
[2026-01-26T06:18:11.289+0000][66][info ][gc,phases   ] GC(8)   Post Evacuate Collection Set: 3.6ms
[2026-01-26T06:18:11.290+0000][66][info ][gc,phases   ] GC(8)   Other: 0.7ms
[2026-01-26T06:18:11.290+0000][66][trace][gc,age      ] GC(8) Age table with threshold 15 (max threshold 15)
[2026-01-26T06:18:11.291+0000][66][trace][gc,age      ] GC(8) - age   1:    4601888 bytes,    4601888 total
[2026-01-26T06:18:11.291+0000][66][trace][gc,age      ] GC(8) - age   2:      65448 bytes,    4667336 total
[2026-01-26T06:18:11.291+0000][66][trace][gc,age      ] GC(8) - age   3:    5607608 bytes,   10274944 total
[2026-01-26T06:18:11.292+0000][66][trace][gc,age      ] GC(8) - age   4:   12055072 bytes,   22330016 total
[2026-01-26T06:18:11.292+0000][66][trace][gc,age      ] GC(8) - age   5:    3035144 bytes,   25365160 total
[2026-01-26T06:18:11.292+0000][66][trace][gc,age      ] GC(8) - age   6:    3632168 bytes,   28997328 total
[2026-01-26T06:18:11.292+0000][66][trace][gc,age      ] GC(8) - age   7:    4426288 bytes,   33423616 total
[2026-01-26T06:18:11.293+0000][66][info ][gc,heap     ] GC(8) Eden regions: 123->0(144)
[2026-01-26T06:18:11.293+0000][66][info ][gc,heap     ] GC(8) Survivor regions: 8->9(17)
[2026-01-26T06:18:11.293+0000][66][info ][gc,heap     ] GC(8) Old regions: 1->1
[2026-01-26T06:18:11.294+0000][66][info ][gc,heap     ] GC(8) Humongous regions: 0->0
[2026-01-26T06:18:11.294+0000][66][info ][gc,metaspace] GC(8) Metaspace: 37554K(38464K)->37554K(38464K) NonClass: 33291K(33792K)->33291K(33792K) Class: 4263K(4672K)->4263K(4672K)
[2026-01-26T06:18:11.294+0000][66][info ][gc          ] GC(8) Pause Young (Normal) (G1 Evacuation Pause) 523M->36M(1024M) 33.834ms
[2026-01-26T06:18:11.295+0000][66][info ][gc,cpu      ] GC(8) User=0.15s Sys=0.01s Real=0.04s
[2026-01-26T06:18:11.295+0000][66][info ][safepoint   ] Safepoint "G1CollectForAllocation", Time since last: 123567168 ns, Reaching safepoint: 5100 ns, Cleanup: 20702 ns, At safepoint: 34501482 ns, Total: 34527284 ns
[2026-01-26T06:18:12.296+0000][66][info ][safepoint   ] Safepoint "Cleanup", Time since last: 1000514447 ns, Reaching safepoint: 6101 ns, Cleanup: 206721 ns, At safepoint: 44004 ns, Total: 256826 ns
[2026-01-26T06:18:13.405+0000][66][info ][safepoint   ] Safepoint "Cleanup", Time since last: 1109435737 ns, Reaching safepoint: 132114 ns, Cleanup: 106210 ns, At safepoint: 50906 ns, Total: 289230 ns
[2026-01-26T06:18:14.409+0000][66][info ][safepoint   ] Safepoint "Cleanup", Time since last: 1002891387 ns, Reaching safepoint: 139614 ns, Cleanup: 74108 ns, At safepoint: 78007 ns, Total: 291729 ns
[2026-01-26T06:18:15.899+0000][66][info ][safepoint   ] Safepoint "ICBufferFull", Time since last: 1490537789 ns, Reaching safepoint: 160316 ns, Cleanup: 138814 ns, At safepoint: 56306 ns, Total: 355436 ns
[2026-01-26T06:18:16.900+0000][66][info ][safepoint   ] Safepoint "Cleanup", Time since last: 1000900814 ns, Reaching safepoint: 5100 ns, Cleanup: 30703 ns, At safepoint: 2701 ns, Total: 38504 ns
[2026-01-26T06:18:17.924+0000][66][info ][safepoint   ] Safepoint "Cleanup", Time since last: 1023494777 ns, Reaching safepoint: 4901 ns, Cleanup: 151215 ns, At safepoint: 41804 ns, Total: 197920 ns
[2026-01-26T06:18:18.044+0000][66][info ][gc,start    ] GC(9) Pause Young (Concurrent Start) (Metadata GC Threshold)
[2026-01-26T06:18:18.045+0000][66][info ][gc,task     ] GC(9) Using 6 workers of 6 for evacuation
[2026-01-26T06:18:18.045+0000][66][debug][gc,age      ] GC(9) Desired survivor size 41943040 bytes, new threshold 15 (max threshold 15)
[2026-01-26T06:18:18.090+0000][66][info ][gc,phases   ] GC(9)   Pre Evacuate Collection Set: 0.5ms
[2026-01-26T06:18:18.090+0000][66][info ][gc,phases   ] GC(9)   Merge Heap Roots: 0.2ms
[2026-01-26T06:18:18.091+0000][66][info ][gc,phases   ] GC(9)   Evacuate Collection Set: 38.5ms
[2026-01-26T06:18:18.091+0000][66][info ][gc,phases   ] GC(9)   Post Evacuate Collection Set: 5.3ms
[2026-01-26T06:18:18.091+0000][66][info ][gc,phases   ] GC(9)   Other: 1.0ms
[2026-01-26T06:18:18.092+0000][66][trace][gc,age      ] GC(9) Age table with threshold 15 (max threshold 15)
[2026-01-26T06:18:18.092+0000][66][trace][gc,age      ] GC(9) - age   1:   24851632 bytes,   24851632 total
[2026-01-26T06:18:18.092+0000][66][trace][gc,age      ] GC(9) - age   2:    4488840 bytes,   29340472 total
[2026-01-26T06:18:18.093+0000][66][trace][gc,age      ] GC(9) - age   3:      59888 bytes,   29400360 total
[2026-01-26T06:18:18.093+0000][66][trace][gc,age      ] GC(9) - age   4:    5580536 bytes,   34980896 total
[2026-01-26T06:18:18.093+0000][66][trace][gc,age      ] GC(9) - age   5:   11992720 bytes,   46973616 total
[2026-01-26T06:18:18.093+0000][66][trace][gc,age      ] GC(9) - age   6:    2892704 bytes,   49866320 total
[2026-01-26T06:18:18.094+0000][66][trace][gc,age      ] GC(9) - age   7:    3580176 bytes,   53446496 total
[2026-01-26T06:18:18.094+0000][66][trace][gc,age      ] GC(9) - age   8:    4415624 bytes,   57862120 total
[2026-01-26T06:18:18.094+0000][66][info ][gc,heap     ] GC(9) Eden regions: 116->0(138)
[2026-01-26T06:18:18.094+0000][66][info ][gc,heap     ] GC(9) Survivor regions: 9->15(20)
[2026-01-26T06:18:18.095+0000][66][info ][gc,heap     ] GC(9) Old regions: 1->1
[2026-01-26T06:18:18.095+0000][66][info ][gc,heap     ] GC(9) Humongous regions: 0->0
[2026-01-26T06:18:18.096+0000][66][info ][gc,metaspace] GC(9) Metaspace: 59639K(61056K)->59639K(61056K) NonClass: 52383K(53248K)->52383K(53248K) Class: 7256K(7808K)->7256K(7808K)
[2026-01-26T06:18:18.096+0000][66][info ][gc          ] GC(9) Pause Young (Concurrent Start) (Metadata GC Threshold) 498M->60M(1024M) 51.860ms
[2026-01-26T06:18:18.096+0000][66][info ][gc,cpu      ] GC(9) User=0.20s Sys=0.01s Real=0.06s
[2026-01-26T06:18:18.096+0000][66][info ][gc          ] GC(10) Concurrent Mark Cycle
[2026-01-26T06:18:18.097+0000][66][info ][gc,marking  ] GC(10) Concurrent Scan Root Regions
[2026-01-26T06:18:18.097+0000][66][info ][safepoint   ] Safepoint "CollectForMetadataAllocation", Time since last: 119655239 ns, Reaching safepoint: 138214 ns, Cleanup: 28603 ns, At safepoint: 53154848 ns, Total: 53321665 ns
[2026-01-26T06:18:18.129+0000][66][info ][gc,marking  ] GC(10) Concurrent Scan Root Regions 32.250ms
[2026-01-26T06:18:18.130+0000][66][info ][gc,marking  ] GC(10) Concurrent Mark
[2026-01-26T06:18:18.130+0000][66][info ][gc,marking  ] GC(10) Concurrent Mark From Roots
[2026-01-26T06:18:18.131+0000][66][info ][gc,task     ] GC(10) Using 2 workers of 2 for marking
[2026-01-26T06:18:18.134+0000][66][info ][gc,marking  ] GC(10) Concurrent Mark From Roots 3.565ms
[2026-01-26T06:18:18.134+0000][66][info ][gc,marking  ] GC(10) Concurrent Preclean
[2026-01-26T06:18:18.135+0000][66][info ][gc,marking  ] GC(10) Concurrent Preclean 0.511ms
[2026-01-26T06:18:18.136+0000][66][info ][gc,start    ] GC(10) Pause Remark
[2026-01-26T06:18:18.146+0000][66][info ][gc          ] GC(10) Pause Remark 63M->63M(1024M) 10.128ms
[2026-01-26T06:18:18.146+0000][66][info ][gc,cpu      ] GC(10) User=0.04s Sys=0.01s Real=0.01s
[2026-01-26T06:18:18.147+0000][66][info ][safepoint   ] Safepoint "G1PauseRemark", Time since last: 38272851 ns, Reaching safepoint: 136213 ns, Cleanup: 6201 ns, At safepoint: 11168024 ns, Total: 11310438 ns
[2026-01-26T06:18:18.147+0000][66][info ][gc,marking  ] GC(10) Concurrent Mark 17.583ms
[2026-01-26T06:18:18.148+0000][66][info ][gc,marking  ] GC(10) Concurrent Rebuild Remembered Sets and Scrub Regions
[2026-01-26T06:18:18.150+0000][66][info ][gc,marking  ] GC(10) Concurrent Rebuild Remembered Sets and Scrub Regions 1.946ms
[2026-01-26T06:18:18.150+0000][66][info ][gc,start    ] GC(10) Pause Cleanup
[2026-01-26T06:18:18.151+0000][66][info ][gc          ] GC(10) Pause Cleanup 63M->63M(1024M) 0.804ms
[2026-01-26T06:18:18.152+0000][66][info ][gc,cpu      ] GC(10) User=0.01s Sys=0.00s Real=0.00s
[2026-01-26T06:18:18.152+0000][66][info ][safepoint   ] Safepoint "G1PauseCleanup", Time since last: 3574759 ns, Reaching safepoint: 127513 ns, Cleanup: 26703 ns, At safepoint: 1760677 ns, Total: 1914893 ns
[2026-01-26T06:18:18.153+0000][66][info ][gc,marking  ] GC(10) Concurrent Clear Claimed Marks
[2026-01-26T06:18:18.153+0000][66][info ][gc,marking  ] GC(10) Concurrent Clear Claimed Marks 0.655ms
[2026-01-26T06:18:18.154+0000][66][info ][gc,marking  ] GC(10) Concurrent Cleanup for Next Mark
[2026-01-26T06:18:18.156+0000][66][info ][gc,marking  ] GC(10) Concurrent Cleanup for Next Mark 1.976ms
[2026-01-26T06:18:18.156+0000][66][info ][gc          ] GC(10) Concurrent Mark Cycle 60.220ms
[2026-01-26T06:18:19.153+0000][66][info ][safepoint   ] Safepoint "Cleanup", Time since last: 1000584272 ns, Reaching safepoint: 111212 ns, Cleanup: 53705 ns, At safepoint: 78908 ns, Total: 243825 ns
[2026-01-26T06:18:20.156+0000][66][info ][safepoint   ] Safepoint "Cleanup", Time since last: 1003051720 ns, Reaching safepoint: 152216 ns, Cleanup: 77608 ns, At safepoint: 47104 ns, Total: 276928 ns
[2026-01-26T06:18:21.158+0000][66][info ][safepoint   ] Safepoint "Cleanup", Time since last: 1000589073 ns, Reaching safepoint: 726873 ns, Cleanup: 29903 ns, At safepoint: 63107 ns, Total: 819883 ns
[2026-01-26T06:18:22.872+0000][66][info ][safepoint   ] Safepoint "ICBufferFull", Time since last: 1714375489 ns, Reaching safepoint: 5301 ns, Cleanup: 112511 ns, At safepoint: 2800 ns, Total: 120612 ns
[2026-01-26T06:18:23.598+0000][66][info ][gc,start    ] GC(11) Pause Young (Concurrent Start) (Metadata GC Threshold)
[2026-01-26T06:18:23.599+0000][66][info ][gc,task     ] GC(11) Using 6 workers of 6 for evacuation
[2026-01-26T06:18:23.599+0000][66][debug][gc,age      ] GC(11) Desired survivor size 41943040 bytes, new threshold 5 (max threshold 15)
[2026-01-26T06:18:23.650+0000][66][info ][gc,phases   ] GC(11)   Pre Evacuate Collection Set: 0.4ms
[2026-01-26T06:18:23.651+0000][66][info ][gc,phases   ] GC(11)   Merge Heap Roots: 0.2ms
[2026-01-26T06:18:23.651+0000][66][info ][gc,phases   ] GC(11)   Evacuate Collection Set: 45.0ms
[2026-01-26T06:18:23.652+0000][66][info ][gc,phases   ] GC(11)   Post Evacuate Collection Set: 4.9ms
[2026-01-26T06:18:23.652+0000][66][info ][gc,phases   ] GC(11)   Other: 1.2ms
[2026-01-26T06:18:23.653+0000][66][trace][gc,age      ] GC(11) Age table with threshold 5 (max threshold 15)
[2026-01-26T06:18:23.653+0000][66][trace][gc,age      ] GC(11) - age   1:   14506448 bytes,   14506448 total
[2026-01-26T06:18:23.653+0000][66][trace][gc,age      ] GC(11) - age   2:   24374272 bytes,   38880720 total
[2026-01-26T06:18:23.654+0000][66][trace][gc,age      ] GC(11) - age   3:    4431104 bytes,   43311824 total
[2026-01-26T06:18:23.654+0000][66][trace][gc,age      ] GC(11) - age   4:      59216 bytes,   43371040 total
[2026-01-26T06:18:23.654+0000][66][trace][gc,age      ] GC(11) - age   5:    5562712 bytes,   48933752 total
[2026-01-26T06:18:23.655+0000][66][info ][gc,heap     ] GC(11) Eden regions: 135->0(140)
[2026-01-26T06:18:23.655+0000][66][info ][gc,heap     ] GC(11) Survivor regions: 15->13(20)
[2026-01-26T06:18:23.655+0000][66][info ][gc,heap     ] GC(11) Old regions: 1->6
[2026-01-26T06:18:23.656+0000][66][info ][gc,heap     ] GC(11) Humongous regions: 0->0
[2026-01-26T06:18:23.656+0000][66][info ][gc,metaspace] GC(11) Metaspace: 100462K(102208K)->100462K(102208K) NonClass: 87365K(88320K)->87365K(88320K) Class: 13097K(13888K)->13097K(13888K)
[2026-01-26T06:18:23.656+0000][66][info ][gc          ] GC(11) Pause Young (Concurrent Start) (Metadata GC Threshold) 598M->74M(1024M) 58.458ms
[2026-01-26T06:18:23.657+0000][66][info ][gc,cpu      ] GC(11) User=0.23s Sys=0.01s Real=0.06s
[2026-01-26T06:18:23.657+0000][66][info ][gc          ] GC(12) Concurrent Mark Cycle
[2026-01-26T06:18:23.660+0000][66][info ][gc,marking  ] GC(12) Concurrent Scan Root Regions
[2026-01-26T06:18:23.657+0000][66][info ][safepoint   ] Safepoint "CollectForMetadataAllocation", Time since last: 725545400 ns, Reaching safepoint: 7101 ns, Cleanup: 136713 ns, At safepoint: 59497587 ns, Total: 59641401 ns
[2026-01-26T06:18:23.700+0000][66][info ][gc,marking  ] GC(12) Concurrent Scan Root Regions 39.354ms
[2026-01-26T06:18:23.700+0000][66][info ][gc,marking  ] GC(12) Concurrent Mark
[2026-01-26T06:18:23.700+0000][66][info ][gc,marking  ] GC(12) Concurrent Mark From Roots
[2026-01-26T06:18:23.701+0000][66][info ][gc,task     ] GC(12) Using 2 workers of 2 for marking
[2026-01-26T06:18:23.703+0000][66][info ][gc,marking  ] GC(12) Concurrent Mark From Roots 2.855ms
[2026-01-26T06:18:23.704+0000][66][info ][gc,marking  ] GC(12) Concurrent Preclean
[2026-01-26T06:18:23.704+0000][66][info ][gc,marking  ] GC(12) Concurrent Preclean 0.299ms
[2026-01-26T06:18:23.704+0000][66][info ][gc,start    ] GC(12) Pause Remark
[2026-01-26T06:18:23.713+0000][66][info ][gc          ] GC(12) Pause Remark 78M->78M(1024M) 8.846ms
[2026-01-26T06:18:23.714+0000][66][info ][gc,cpu      ] GC(12) User=0.03s Sys=0.00s Real=0.01s
[2026-01-26T06:18:23.714+0000][66][info ][safepoint   ] Safepoint "G1PauseRemark", Time since last: 46816410 ns, Reaching safepoint: 7701 ns, Cleanup: 3900 ns, At safepoint: 9795986 ns, Total: 9807587 ns
[2026-01-26T06:18:23.719+0000][66][info ][gc,marking  ] GC(12) Concurrent Mark 19.349ms
[2026-01-26T06:18:23.720+0000][66][info ][gc,marking  ] GC(12) Concurrent Rebuild Remembered Sets and Scrub Regions
[2026-01-26T06:18:23.724+0000][66][info ][gc,marking  ] GC(12) Concurrent Rebuild Remembered Sets and Scrub Regions 4.095ms
[2026-01-26T06:18:23.725+0000][66][info ][gc,start    ] GC(12) Pause Cleanup
[2026-01-26T06:18:23.725+0000][66][info ][gc          ] GC(12) Pause Cleanup 78M->78M(1024M) 0.348ms
[2026-01-26T06:18:23.725+0000][66][info ][gc,cpu      ] GC(12) User=0.00s Sys=0.00s Real=0.00s
[2026-01-26T06:18:23.726+0000][66][info ][safepoint   ] Safepoint "G1PauseCleanup", Time since last: 10409447 ns, Reaching safepoint: 117112 ns, Cleanup: 18702 ns, At safepoint: 1017602 ns, Total: 1153416 ns
[2026-01-26T06:18:23.726+0000][66][info ][gc,marking  ] GC(12) Concurrent Clear Claimed Marks
[2026-01-26T06:18:23.726+0000][66][info ][gc,marking  ] GC(12) Concurrent Clear Claimed Marks 0.426ms
[2026-01-26T06:18:23.727+0000][66][info ][gc,marking  ] GC(12) Concurrent Cleanup for Next Mark
[2026-01-26T06:18:23.728+0000][66][info ][gc,marking  ] GC(12) Concurrent Cleanup for Next Mark 1.475ms
[2026-01-26T06:18:23.729+0000][66][info ][gc          ] GC(12) Concurrent Mark Cycle 71.787ms
[2026-01-26T06:18:24.774+0000][66][info ][safepoint   ] Safepoint "Cleanup", Time since last: 1047091522 ns, Reaching safepoint: 1071798 ns, Cleanup: 113411 ns, At safepoint: 60305 ns, Total: 1245514 ns
[2026-01-26T06:18:25.903+0000][66][info ][safepoint   ] Safepoint "Cleanup", Time since last: 1129015987 ns, Reaching safepoint: 4201 ns, Cleanup: 65606 ns, At safepoint: 36803 ns, Total: 106610 ns
[2026-01-26T06:18:26.268+0000][66][info ][safepoint   ] Safepoint "ICBufferFull", Time since last: 364632220 ns, Reaching safepoint: 142013 ns, Cleanup: 113110 ns, At safepoint: 89008 ns, Total: 344131 ns
[2026-01-26T06:18:27.411+0000][66][info ][safepoint   ] Safepoint "Cleanup", Time since last: 1142388617 ns, Reaching safepoint: 121011 ns, Cleanup: 124111 ns, At safepoint: 44104 ns, Total: 289226 ns
[2026-01-26T06:18:28.445+0000][66][info ][safepoint   ] Safepoint "ICBufferFull", Time since last: 1034285779 ns, Reaching safepoint: 11201 ns, Cleanup: 171716 ns, At safepoint: 51105 ns, Total: 234022 ns
[2026-01-26T06:18:30.085+0000][66][info ][safepoint   ] Safepoint "Cleanup", Time since last: 1639978858 ns, Reaching safepoint: 14501 ns, Cleanup: 114611 ns, At safepoint: 4200 ns, Total: 133312 ns
[2026-01-26T06:18:31.769+0000][66][info ][safepoint   ] Safepoint "ICBufferFull", Time since last: 1686502835 ns, Reaching safepoint: 11801 ns, Cleanup: 180517 ns, At safepoint: 11201 ns, Total: 203519 ns
[2026-01-26T06:18:32.770+0000][66][info ][safepoint   ] Safepoint "Cleanup", Time since last: 1000770800 ns, Reaching safepoint: 12801 ns, Cleanup: 64004 ns, At safepoint: 3900 ns, Total: 80705 ns
[2026-01-26T06:18:33.786+0000][66][info ][safepoint   ] Safepoint "Cleanup", Time since last: 1016410600 ns, Reaching safepoint: 7200 ns, Cleanup: 41003 ns, At safepoint: 44302 ns, Total: 92505 ns
[2026-01-26T06:18:34.810+0000][66][info ][safepoint   ] Safepoint "Cleanup", Time since last: 1023788944 ns, Reaching safepoint: 8900 ns, Cleanup: 14701 ns, At safepoint: 55603 ns, Total: 79204 ns
[2026-01-26T06:18:35.834+0000][66][info ][safepoint   ] Safepoint "Cleanup", Time since last: 1012987094 ns, Reaching safepoint: 10109408 ns, Cleanup: 116507 ns, At safepoint: 201012 ns, Total: 10426927 ns
[2026-01-26T06:18:37.140+0000][66][info ][safepoint   ] Safepoint "Cleanup", Time since last: 1276929461 ns, Reaching safepoint: 28809132 ns, Cleanup: 58503 ns, At safepoint: 187411 ns, Total: 29055046 ns
[2026-01-26T06:18:38.156+0000][66][info ][safepoint   ] Safepoint "Cleanup", Time since last: 1001209786 ns, Reaching safepoint: 15153911 ns, Cleanup: 26402 ns, At safepoint: 156309 ns, Total: 15336622 ns
[2026-01-26T06:18:39.175+0000][66][info ][safepoint   ] Safepoint "Cleanup", Time since last: 1000616851 ns, Reaching safepoint: 18232196 ns, Cleanup: 22601 ns, At safepoint: 154609 ns, Total: 18409406 ns
[2026-01-26T06:18:40.196+0000][66][info ][safepoint   ] Safepoint "Cleanup", Time since last: 1000968772 ns, Reaching safepoint: 20083207 ns, Cleanup: 24402 ns, At safepoint: 182111 ns, Total: 20289720 ns
[2026-01-26T06:18:41.201+0000][66][info ][safepoint   ] Safepoint "Cleanup", Time since last: 1004824707 ns, Reaching safepoint: 18602 ns, Cleanup: 56806 ns, At safepoint: 3701 ns, Total: 79109 ns
[2026-01-26T06:18:42.202+0000][66][info ][safepoint   ] Safepoint "Cleanup", Time since last: 1000505342 ns, Reaching safepoint: 164018 ns, Cleanup: 54406 ns, At safepoint: 77008 ns, Total: 295432 ns
[2026-01-26T06:18:43.209+0000][66][info ][safepoint   ] Safepoint "Cleanup", Time since last: 1006827127 ns, Reaching safepoint: 4500 ns, Cleanup: 23103 ns, At safepoint: 2500 ns, Total: 30103 ns
[2026-01-26T06:18:44.276+0000][66][info ][safepoint   ] Safepoint "Cleanup", Time since last: 1067090453 ns, Reaching safepoint: 23702 ns, Cleanup: 40105 ns, At safepoint: 8101 ns, Total: 71908 ns
[2026-01-26T06:18:48.278+0000][66][info ][safepoint   ] Safepoint "Cleanup", Time since last: 4001984265 ns, Reaching safepoint: 66907 ns, Cleanup: 20202 ns, At safepoint: 4901 ns, Total: 92010 ns
[2026-01-26T06:18:56.281+0000][66][info ][safepoint   ] Safepoint "Cleanup", Time since last: 8003073705 ns, Reaching safepoint: 25403 ns, Cleanup: 27002 ns, At safepoint: 8201 ns, Total: 60606 ns
[2026-01-26T06:18:58.283+0000][66][info ][safepoint   ] Safepoint "Cleanup", Time since last: 2001500671 ns, Reaching safepoint: 14202 ns, Cleanup: 11301 ns, At safepoint: 2400 ns, Total: 27903 ns
[2026-01-26T06:18:59.283+0000][66][info ][safepoint   ] Safepoint "Cleanup", Time since last: 1000542572 ns, Reaching safepoint: 62905 ns, Cleanup: 12702 ns, At safepoint: 3900 ns, Total: 79507 ns
[2026-01-26T06:19:01.284+0000][66][info ][safepoint   ] Safepoint "Cleanup", Time since last: 2000911828 ns, Reaching safepoint: 12401 ns, Cleanup: 16802 ns, At safepoint: 3600 ns, Total: 32803 ns
[2026-01-26T06:19:02.610+0000][66][info ][safepoint   ] Safepoint "Cleanup", Time since last: 1327963720 ns, Reaching safepoint: 35303 ns, Cleanup: 21302 ns, At safepoint: 4000 ns, Total: 60605 ns
[2026-01-26T06:19:05.612+0000][66][info ][safepoint   ] Safepoint "Cleanup", Time since last: 3001630849 ns, Reaching safepoint: 10801 ns, Cleanup: 9201 ns, At safepoint: 3700 ns, Total: 23702 ns
[2026-01-26T06:19:07.612+0000][66][info ][safepoint   ] Safepoint "Cleanup", Time since last: 2000802569 ns, Reaching safepoint: 12002 ns, Cleanup: 11701 ns, At safepoint: 2400 ns, Total: 26103 ns
[2026-01-26T06:19:11.614+0000][66][info ][safepoint   ] Safepoint "Cleanup", Time since last: 4001069486 ns, Reaching safepoint: 13802 ns, Cleanup: 13401 ns, At safepoint: 3300 ns, Total: 30503 ns
[2026-01-26T06:19:12.614+0000][66][info ][safepoint   ] Safepoint "Cleanup", Time since last: 1000683112 ns, Reaching safepoint: 14402 ns, Cleanup: 12801 ns, At safepoint: 2900 ns, Total: 30103 ns
[2026-01-26T06:19:13.615+0000][66][info ][safepoint   ] Safepoint "Cleanup", Time since last: 1000735433 ns, Reaching safepoint: 24702 ns, Cleanup: 25003 ns, At safepoint: 7701 ns, Total: 57406 ns
[2026-01-26T06:19:16.617+0000][66][info ][safepoint   ] Safepoint "Cleanup", Time since last: 3001655388 ns, Reaching safepoint: 34003 ns, Cleanup: 13401 ns, At safepoint: 2401 ns, Total: 49805 ns
[2026-01-26T06:19:23.619+0000][66][info ][safepoint   ] Safepoint "Cleanup", Time since last: 7002081188 ns, Reaching safepoint: 21802 ns, Cleanup: 20102 ns, At safepoint: 7501 ns, Total: 49405 ns
[2026-01-26T06:19:24.620+0000][66][info ][safepoint   ] Safepoint "Cleanup", Time since last: 1001326435 ns, Reaching safepoint: 10301 ns, Cleanup: 9301 ns, At safepoint: 2700 ns, Total: 22302 ns
[2026-01-26T06:19:28.622+0000][66][info ][safepoint   ] Safepoint "Cleanup", Time since last: 4001415354 ns, Reaching safepoint: 11801 ns, Cleanup: 12901 ns, At safepoint: 1900 ns, Total: 26602 ns
[2026-01-26T06:19:31.623+0000][66][info ][safepoint   ] Safepoint "Cleanup", Time since last: 3000887791 ns, Reaching safepoint: 9101 ns, Cleanup: 6901 ns, At safepoint: 2300 ns, Total: 18302 ns
[2026-01-26T06:19:32.621+0000][66][info ][safepoint   ] Safepoint "Cleanup", Time since last: 1000661586 ns, Reaching safepoint: 23402 ns, Cleanup: 26103 ns, At safepoint: 7301 ns, Total: 56806 ns
[2026-01-26T06:19:43.624+0000][66][info ][safepoint   ] Safepoint "Cleanup", Time since last: 11003737004 ns, Reaching safepoint: 23102 ns, Cleanup: 24802 ns, At safepoint: 8401 ns, Total: 56305 ns
[2026-01-26T06:19:45.626+0000][66][info ][safepoint   ] Safepoint "Cleanup", Time since last: 2001468135 ns, Reaching safepoint: 31903 ns, Cleanup: 10401 ns, At safepoint: 4101 ns, Total: 46405 ns
[2026-01-26T06:19:57.629+0000][66][info ][safepoint   ] Safepoint "Cleanup", Time since last: 12003060743 ns, Reaching safepoint: 27603 ns, Cleanup: 27603 ns, At safepoint: 10401 ns, Total: 65607 ns
[2026-01-26T06:19:58.630+0000][66][info ][safepoint   ] Safepoint "Cleanup", Time since last: 1001280102 ns, Reaching safepoint: 9301 ns, Cleanup: 9201 ns, At safepoint: 3401 ns, Total: 21903 ns
[2026-01-26T06:19:59.631+0000][66][info ][safepoint   ] Safepoint "Cleanup", Time since last: 1000769252 ns, Reaching safepoint: 23603 ns, Cleanup: 22302 ns, At safepoint: 8101 ns, Total: 54006 ns
[2026-01-26T06:20:00.632+0000][66][info ][safepoint   ] Safepoint "Cleanup", Time since last: 1001313705 ns, Reaching safepoint: 32404 ns, Cleanup: 9601 ns, At safepoint: 4400 ns, Total: 46405 ns
[2026-01-26T06:20:02.657+0000][66][info ][safepoint   ] Safepoint "Cleanup", Time since last: 2027750786 ns, Reaching safepoint: 20302 ns, Cleanup: 19302 ns, At safepoint: 5801 ns, Total: 45405 ns
[2026-01-26T06:20:06.659+0000][66][info ][safepoint   ] Safepoint "Cleanup", Time since last: 4001701904 ns, Reaching safepoint: 10801 ns, Cleanup: 11202 ns, At safepoint: 2400 ns, Total: 24403 ns
[2026-01-26T06:20:07.660+0000][66][info ][safepoint   ] Safepoint "Cleanup", Time since last: 1000767734 ns, Reaching safepoint: 14401 ns, Cleanup: 13701 ns, At safepoint: 2400 ns, Total: 30502 ns
[2026-01-26T06:20:09.661+0000][66][info ][safepoint   ] Safepoint "Cleanup", Time since last: 2001057289 ns, Reaching safepoint: 26103 ns, Cleanup: 24402 ns, At safepoint: 7701 ns, Total: 58206 ns
[2026-01-26T06:20:11.662+0000][66][info ][safepoint   ] Safepoint "Cleanup", Time since last: 2001601569 ns, Reaching safepoint: 15102 ns, Cleanup: 17101 ns, At safepoint: 4701 ns, Total: 36904 ns
[2026-01-26T06:20:12.663+0000][66][info ][safepoint   ] Safepoint "Cleanup", Time since last: 1000974502 ns, Reaching safepoint: 24102 ns, Cleanup: 22702 ns, At safepoint: 8001 ns, Total: 54805 ns
[2026-01-26T06:20:13.665+0000][66][info ][safepoint   ] Safepoint "Cleanup", Time since last: 1001276031 ns, Reaching safepoint: 10101 ns, Cleanup: 10401 ns, At safepoint: 2401 ns, Total: 22903 ns
[2026-01-26T06:20:16.666+0000][66][info ][safepoint   ] Safepoint "Cleanup", Time since last: 3001075423 ns, Reaching safepoint: 82708 ns, Cleanup: 23702 ns, At safepoint: 17902 ns, Total: 124312 ns
[2026-01-26T06:20:19.667+0000][66][info ][safepoint   ] Safepoint "Cleanup", Time since last: 3001076628 ns, Reaching safepoint: 9601 ns, Cleanup: 9301 ns, At safepoint: 2200 ns, Total: 21102 ns
[2026-01-26T06:20:22.668+0000][66][info ][safepoint   ] Safepoint "Cleanup", Time since last: 3001040205 ns, Reaching safepoint: 25503 ns, Cleanup: 25902 ns, At safepoint: 8201 ns, Total: 59606 ns
[2026-01-26T06:20:26.670+0000][66][info ][safepoint   ] Safepoint "Cleanup", Time since last: 4001836636 ns, Reaching safepoint: 14101 ns, Cleanup: 11001 ns, At safepoint: 2301 ns, Total: 27403 ns
[2026-01-26T06:20:28.671+0000][66][info ][safepoint   ] Safepoint "Cleanup", Time since last: 2000744597 ns, Reaching safepoint: 9801 ns, Cleanup: 8701 ns, At safepoint: 2800 ns, Total: 21302 ns
[2026-01-26T06:20:29.671+0000][66][info ][safepoint   ] Safepoint "Cleanup", Time since last: 1000599420 ns, Reaching safepoint: 20902 ns, Cleanup: 16702 ns, At safepoint: 3100 ns, Total: 40704 ns
[2026-01-26T06:20:30.672+0000][66][info ][safepoint   ] Safepoint "Cleanup", Time since last: 1000455507 ns, Reaching safepoint: 16601 ns, Cleanup: 10501 ns, At safepoint: 3700 ns, Total: 30802 ns
[2026-01-26T06:20:31.673+0000][66][info ][safepoint   ] Safepoint "Cleanup", Time since last: 1000663226 ns, Reaching safepoint: 12301 ns, Cleanup: 13202 ns, At safepoint: 2400 ns, Total: 27903 ns
[2026-01-26T06:20:32.671+0000][66][info ][safepoint   ] Safepoint "Cleanup", Time since last: 1000634222 ns, Reaching safepoint: 9501 ns, Cleanup: 10601 ns, At safepoint: 2101 ns, Total: 22203 ns
[2026-01-26T06:20:50.674+0000][66][info ][safepoint   ] Safepoint "Cleanup", Time since last: 18003440457 ns, Reaching safepoint: 31404 ns, Cleanup: 13401 ns, At safepoint: 2300 ns, Total: 47105 ns
[2026-01-26T06:20:55.675+0000][66][info ][safepoint   ] Safepoint "Cleanup", Time since last: 5001291027 ns, Reaching safepoint: 12201 ns, Cleanup: 10101 ns, At safepoint: 2401 ns, Total: 24703 ns
[2026-01-26T06:21:11.706+0000][66][info ][safepoint   ] Safepoint "Cleanup", Time since last: 16034059879 ns, Reaching safepoint: 22903 ns, Cleanup: 12601 ns, At safepoint: 3300 ns, Total: 38804 ns
[2026-01-26T06:21:12.706+0000][66][info ][safepoint   ] Safepoint "Cleanup", Time since last: 1000755168 ns, Reaching safepoint: 13001 ns, Cleanup: 12401 ns, At safepoint: 3601 ns, Total: 29003 ns
[2026-01-26T06:21:21.709+0000][66][info ][safepoint   ] Safepoint "Cleanup", Time since last: 9002491345 ns, Reaching safepoint: 63506 ns, Cleanup: 9701 ns, At safepoint: 3500 ns, Total: 76707 ns
[2026-01-26T06:21:22.710+0000][66][info ][safepoint   ] Safepoint "Cleanup", Time since last: 1000742061 ns, Reaching safepoint: 14201 ns, Cleanup: 12702 ns, At safepoint: 3900 ns, Total: 30803 ns
[2026-01-26T06:21:28.712+0000][66][info ][safepoint   ] Safepoint "Cleanup", Time since last: 6001838510 ns, Reaching safepoint: 15602 ns, Cleanup: 15801 ns, At safepoint: 4401 ns, Total: 35804 ns
[2026-01-26T06:21:58.718+0000][66][info ][safepoint   ] Safepoint "Cleanup", Time since last: 30007446603 ns, Reaching safepoint: 37403 ns, Cleanup: 14801 ns, At safepoint: 2801 ns, Total: 55005 ns
[2026-01-26T06:22:02.716+0000][66][info ][safepoint   ] Safepoint "Cleanup", Time since last: 4001204356 ns, Reaching safepoint: 16000 ns, Cleanup: 15399 ns, At safepoint: 4200 ns, Total: 35599 ns
[2026-01-26T06:22:11.719+0000][66][info ][safepoint   ] Safepoint "Cleanup", Time since last: 9002677313 ns, Reaching safepoint: 25803 ns, Cleanup: 26503 ns, At safepoint: 8200 ns, Total: 60506 ns
[2026-01-26T06:22:15.721+0000][66][info ][safepoint   ] Safepoint "Cleanup", Time since last: 4001980901 ns, Reaching safepoint: 12301 ns, Cleanup: 10701 ns, At safepoint: 2500 ns, Total: 25502 ns
[2026-01-26T06:22:43.725+0000][66][info ][safepoint   ] Safepoint "Cleanup", Time since last: 28006338183 ns, Reaching safepoint: 26702 ns, Cleanup: 19402 ns, At safepoint: 7501 ns, Total: 53605 ns
[2026-01-26T06:22:58.729+0000][66][info ][safepoint   ] Safepoint "Cleanup", Time since last: 15004280275 ns, Reaching safepoint: 69601 ns, Cleanup: 12701 ns, At safepoint: 3600 ns, Total: 85902 ns
[2026-01-26T06:23:15.731+0000][66][info ][safepoint   ] Safepoint "Cleanup", Time since last: 17003489410 ns, Reaching safepoint: 11501 ns, Cleanup: 7601 ns, At safepoint: 2700 ns, Total: 21802 ns
[2026-01-26T06:23:16.731+0000][66][info ][safepoint   ] Safepoint "Cleanup", Time since last: 1000562028 ns, Reaching safepoint: 13401 ns, Cleanup: 11101 ns, At safepoint: 2600 ns, Total: 27102 ns
[2026-01-26T06:23:23.733+0000][66][info ][safepoint   ] Safepoint "Cleanup", Time since last: 7001953840 ns, Reaching safepoint: 24003 ns, Cleanup: 22202 ns, At safepoint: 182916 ns, Total: 229121 ns
[2026-01-26T06:23:28.735+0000][66][info ][safepoint   ] Safepoint "Cleanup", Time since last: 5002112054 ns, Reaching safepoint: 12301 ns, Cleanup: 14101 ns, At safepoint: 3200 ns, Total: 29602 ns
[2026-01-26T06:23:36.735+0000][66][info ][safepoint   ] Safepoint "Cleanup", Time since last: 8001958470 ns, Reaching safepoint: 12801 ns, Cleanup: 19602 ns, At safepoint: 2500 ns, Total: 34903 ns
[2026-01-26T06:23:37.735+0000][66][info ][safepoint   ] Safepoint "Cleanup", Time since last: 1000348046 ns, Reaching safepoint: 11701 ns, Cleanup: 11201 ns, At safepoint: 3100 ns, Total: 26002 ns
[2026-01-26T06:23:41.736+0000][66][info ][safepoint   ] Safepoint "Cleanup", Time since last: 4001107845 ns, Reaching safepoint: 12701 ns, Cleanup: 17102 ns, At safepoint: 2900 ns, Total: 32703 ns
[2026-01-26T06:23:46.738+0000][66][info ][safepoint   ] Safepoint "Cleanup", Time since last: 5001351544 ns, Reaching safepoint: 19202 ns, Cleanup: 23802 ns, At safepoint: 4700 ns, Total: 47704 ns
[2026-01-26T06:23:47.739+0000][66][info ][safepoint   ] Safepoint "Cleanup", Time since last: 1001057340 ns, Reaching safepoint: 91608 ns, Cleanup: 36604 ns, At safepoint: 9100 ns, Total: 137312 ns
[2026-01-26T06:23:58.743+0000][66][info ][safepoint   ] Safepoint "Cleanup", Time since last: 11003569712 ns, Reaching safepoint: 12001 ns, Cleanup: 10701 ns, At safepoint: 2701 ns, Total: 25403 ns
[2026-01-26T06:24:01.740+0000][66][info ][safepoint   ] Safepoint "Cleanup", Time since last: 3001201177 ns, Reaching safepoint: 11701 ns, Cleanup: 12801 ns, At safepoint: 3700 ns, Total: 28202 ns
[2026-01-26T06:24:06.847+0000][66][info ][safepoint   ] Safepoint "Cleanup", Time since last: 5106244926 ns, Reaching safepoint: 20302 ns, Cleanup: 18801 ns, At safepoint: 5801 ns, Total: 44904 ns
[2026-01-26T06:24:31.851+0000][66][info ][safepoint   ] Safepoint "Cleanup", Time since last: 25006361961 ns, Reaching safepoint: 13201 ns, Cleanup: 15201 ns, At safepoint: 3301 ns, Total: 31703 ns
[2026-01-26T06:24:32.852+0000][66][info ][safepoint   ] Safepoint "Cleanup", Time since last: 1000720186 ns, Reaching safepoint: 14301 ns, Cleanup: 14802 ns, At safepoint: 3700 ns, Total: 32803 ns
[2026-01-26T06:24:42.855+0000][66][info ][safepoint   ] Safepoint "Cleanup", Time since last: 10002934394 ns, Reaching safepoint: 10401 ns, Cleanup: 9401 ns, At safepoint: 1700 ns, Total: 21502 ns
[2026-01-26T06:24:47.726+0000][66][info ][safepoint   ] Safepoint "Cleanup", Time since last: 4871130613 ns, Reaching safepoint: 4701 ns, Cleanup: 12101 ns, At safepoint: 1900 ns, Total: 18702 ns
[2026-01-26T06:24:48.727+0000][66][info ][safepoint   ] Safepoint "Cleanup", Time since last: 1000652297 ns, Reaching safepoint: 17601 ns, Cleanup: 24902 ns, At safepoint: 4801 ns, Total: 47304 ns
[2026-01-26T06:24:58.729+0000][66][info ][safepoint   ] Safepoint "Cleanup", Time since last: 10002325769 ns, Reaching safepoint: 13402 ns, Cleanup: 14601 ns, At safepoint: 2800 ns, Total: 30803 ns
[2026-01-26T06:25:02.727+0000][66][info ][safepoint   ] Safepoint "Cleanup", Time since last: 4001041522 ns, Reaching safepoint: 26602 ns, Cleanup: 22202 ns, At safepoint: 8601 ns, Total: 57405 ns
[2026-01-26T06:25:28.733+0000][66][info ][safepoint   ] Safepoint "Cleanup", Time since last: 26005673373 ns, Reaching safepoint: 26002 ns, Cleanup: 22702 ns, At safepoint: 8901 ns, Total: 57605 ns
[2026-01-26T06:25:42.735+0000][66][info ][safepoint   ] Safepoint "Cleanup", Time since last: 14003921452 ns, Reaching safepoint: 28903 ns, Cleanup: 23502 ns, At safepoint: 9101 ns, Total: 61506 ns
[2026-01-26T06:26:01.738+0000][66][info ][safepoint   ] Safepoint "Cleanup", Time since last: 19005685379 ns, Reaching safepoint: 53405 ns, Cleanup: 9900 ns, At safepoint: 4701 ns, Total: 68006 ns
[2026-01-26T06:26:28.744+0000][66][info ][safepoint   ] Safepoint "Cleanup", Time since last: 27006453534 ns, Reaching safepoint: 37003 ns, Cleanup: 26403 ns, At safepoint: 8500 ns, Total: 71906 ns
[2026-01-26T06:26:35.745+0000][66][info ][safepoint   ] Safepoint "Cleanup", Time since last: 7002648422 ns, Reaching safepoint: 13501 ns, Cleanup: 11301 ns, At safepoint: 2600 ns, Total: 27402 ns
[2026-01-26T06:26:58.750+0000][66][info ][safepoint   ] Safepoint "Cleanup", Time since last: 23004875338 ns, Reaching safepoint: 46804 ns, Cleanup: 12601 ns, At safepoint: 2800 ns, Total: 62205 ns
[2026-01-26T06:27:35.751+0000][66][info ][safepoint   ] Safepoint "Cleanup", Time since last: 37007115685 ns, Reaching safepoint: 30301 ns, Cleanup: 23301 ns, At safepoint: 8101 ns, Total: 61703 ns
[2026-01-26T06:27:58.757+0000][66][info ][safepoint   ] Safepoint "Cleanup", Time since last: 23005442342 ns, Reaching safepoint: 88008 ns, Cleanup: 14101 ns, At safepoint: 3700 ns, Total: 105809 ns
[2026-01-26T06:28:02.756+0000][66][info ][safepoint   ] Safepoint "Cleanup", Time since last: 4001659828 ns, Reaching safepoint: 18502 ns, Cleanup: 16101 ns, At safepoint: 3500 ns, Total: 38103 ns
[2026-01-26T06:28:28.766+0000][66][info ][safepoint   ] Safepoint "Cleanup", Time since last: 26009912642 ns, Reaching safepoint: 20801 ns, Cleanup: 16602 ns, At safepoint: 4100 ns, Total: 41503 ns
[2026-01-26T06:28:31.764+0000][66][info ][safepoint   ] Safepoint "Cleanup", Time since last: 3001039315 ns, Reaching safepoint: 28603 ns, Cleanup: 13101 ns, At safepoint: 3900 ns, Total: 45604 ns
[2026-01-26T06:28:32.765+0000][66][info ][safepoint   ] Safepoint "Cleanup", Time since last: 1000676030 ns, Reaching safepoint: 18601 ns, Cleanup: 19902 ns, At safepoint: 3300 ns, Total: 41803 ns
[2026-01-26T06:28:45.769+0000][66][info ][safepoint   ] Safepoint "Cleanup", Time since last: 13003481318 ns, Reaching safepoint: 16702 ns, Cleanup: 16501 ns, At safepoint: 2700 ns, Total: 35903 ns
[2026-01-26T06:28:58.774+0000][66][info ][safepoint   ] Safepoint "Cleanup", Time since last: 13004825703 ns, Reaching safepoint: 46704 ns, Cleanup: 16802 ns, At safepoint: 3400 ns, Total: 66906 ns
[2026-01-26T06:29:01.772+0000][66][info ][safepoint   ] Safepoint "Cleanup", Time since last: 3001064689 ns, Reaching safepoint: 44403 ns, Cleanup: 12401 ns, At safepoint: 3601 ns, Total: 60405 ns
[2026-01-26T06:29:08.774+0000][66][info ][safepoint   ] Safepoint "Cleanup", Time since last: 7001784720 ns, Reaching safepoint: 13601 ns, Cleanup: 17102 ns, At safepoint: 3900 ns, Total: 34603 ns
[2026-01-26T06:29:09.868+0000][66][info ][safepoint   ] Safepoint "Cleanup", Time since last: 1094007485 ns, Reaching safepoint: 6000 ns, Cleanup: 51605 ns, At safepoint: 31002 ns, Total: 88607 ns
[2026-01-26T06:29:10.930+0000][66][info ][safepoint   ] Safepoint "Cleanup", Time since last: 1061504890 ns, Reaching safepoint: 15601 ns, Cleanup: 19302 ns, At safepoint: 3900 ns, Total: 38803 ns
[2026-01-26T06:29:11.931+0000][66][info ][safepoint   ] Safepoint "Cleanup", Time since last: 1000747664 ns, Reaching safepoint: 15902 ns, Cleanup: 20402 ns, At safepoint: 3600 ns, Total: 39904 ns
[2026-01-26T06:29:12.931+0000][66][info ][safepoint   ] Safepoint "Cleanup", Time since last: 1000623954 ns, Reaching safepoint: 16501 ns, Cleanup: 21202 ns, At safepoint: 4000 ns, Total: 41703 ns
[2026-01-26T06:29:13.933+0000][66][info ][safepoint   ] Safepoint "Cleanup", Time since last: 1000964463 ns, Reaching safepoint: 133411 ns, Cleanup: 50405 ns, At safepoint: 5500 ns, Total: 189316 ns
[2026-01-26T06:29:14.934+0000][66][info ][safepoint   ] Safepoint "Cleanup", Time since last: 1000931279 ns, Reaching safepoint: 17201 ns, Cleanup: 42004 ns, At safepoint: 4300 ns, Total: 63505 ns
[2026-01-26T06:29:16.934+0000][66][info ][safepoint   ] Safepoint "Cleanup", Time since last: 2000794765 ns, Reaching safepoint: 14901 ns, Cleanup: 38004 ns, At safepoint: 3500 ns, Total: 56405 ns
[2026-01-26T06:29:17.553+0000][66][info ][safepoint   ] Safepoint "ICBufferFull", Time since last: 618906234 ns, Reaching safepoint: 13201 ns, Cleanup: 146413 ns, At safepoint: 30803 ns, Total: 190417 ns
[2026-01-26T06:29:19.026+0000][66][info ][safepoint   ] Safepoint "Cleanup", Time since last: 1472539871 ns, Reaching safepoint: 10501 ns, Cleanup: 59705 ns, At safepoint: 3601 ns, Total: 73807 ns
[2026-01-26T06:29:20.027+0000][66][info ][safepoint   ] Safepoint "Cleanup", Time since last: 1000538144 ns, Reaching safepoint: 13801 ns, Cleanup: 18802 ns, At safepoint: 3200 ns, Total: 35803 ns
[2026-01-26T06:29:21.027+0000][66][info ][safepoint   ] Safepoint "Cleanup", Time since last: 1000631053 ns, Reaching safepoint: 16801 ns, Cleanup: 25903 ns, At safepoint: 3200 ns, Total: 45904 ns
[2026-01-26T06:29:21.374+0000][66][info ][safepoint   ] Safepoint "ICBufferFull", Time since last: 346050933 ns, Reaching safepoint: 18801 ns, Cleanup: 202818 ns, At safepoint: 47904 ns, Total: 269523 ns
[2026-01-26T06:29:21.926+0000][66][info ][safepoint   ] Safepoint "ICBufferFull", Time since last: 552204536 ns, Reaching safepoint: 136312 ns, Cleanup: 160213 ns, At safepoint: 44904 ns, Total: 341429 ns
[2026-01-26T06:29:22.927+0000][66][info ][safepoint   ] Safepoint "Cleanup", Time since last: 1000687249 ns, Reaching safepoint: 244621 ns, Cleanup: 95608 ns, At safepoint: 74807 ns, Total: 415036 ns
[2026-01-26T06:29:23.813+0000][66][info ][safepoint   ] Safepoint "ICBufferFull", Time since last: 885506291 ns, Reaching safepoint: 17201 ns, Cleanup: 119410 ns, At safepoint: 89708 ns, Total: 226319 ns
[2026-01-26T06:29:24.034+0000][66][info ][gc,start    ] GC(13) Pause Young (Normal) (G1 Evacuation Pause)
[2026-01-26T06:29:24.034+0000][66][info ][gc,task     ] GC(13) Using 6 workers of 6 for evacuation
[2026-01-26T06:29:24.035+0000][66][debug][gc,age      ] GC(13) Desired survivor size 41943040 bytes, new threshold 3 (max threshold 15)
[2026-01-26T06:29:24.113+0000][66][info ][gc,phases   ] GC(13)   Pre Evacuate Collection Set: 0.6ms
[2026-01-26T06:29:24.113+0000][66][info ][gc,phases   ] GC(13)   Merge Heap Roots: 0.3ms
[2026-01-26T06:29:24.114+0000][66][info ][gc,phases   ] GC(13)   Evacuate Collection Set: 71.4ms
[2026-01-26T06:29:24.114+0000][66][info ][gc,phases   ] GC(13)   Post Evacuate Collection Set: 5.3ms
[2026-01-26T06:29:24.114+0000][66][info ][gc,phases   ] GC(13)   Other: 0.9ms
[2026-01-26T06:29:24.115+0000][66][trace][gc,age      ] GC(13) Age table with threshold 3 (max threshold 15)
[2026-01-26T06:29:24.115+0000][66][trace][gc,age      ] GC(13) - age   1:   39872736 bytes,   39872736 total
[2026-01-26T06:29:24.115+0000][66][trace][gc,age      ] GC(13) - age   2:   13496800 bytes,   53369536 total
[2026-01-26T06:29:24.116+0000][66][trace][gc,age      ] GC(13) - age   3:   24260912 bytes,   77630448 total
[2026-01-26T06:29:24.116+0000][66][info ][gc,heap     ] GC(13) Eden regions: 140->0(133)
[2026-01-26T06:29:24.116+0000][66][info ][gc,heap     ] GC(13) Survivor regions: 13->20(20)
[2026-01-26T06:29:24.117+0000][66][info ][gc,heap     ] GC(13) Old regions: 6->9
[2026-01-26T06:29:24.117+0000][66][info ][gc,heap     ] GC(13) Humongous regions: 0->0
[2026-01-26T06:29:24.117+0000][66][info ][gc,metaspace] GC(13) Metaspace: 129636K(133184K)->129636K(133184K) NonClass: 112061K(113984K)->112061K(113984K) Class: 17575K(19200K)->17575K(19200K)
[2026-01-26T06:29:24.118+0000][66][info ][gc          ] GC(13) Pause Young (Normal) (G1 Evacuation Pause) 634M->116M(1024M) 83.844ms
[2026-01-26T06:29:24.118+0000][66][info ][gc,cpu      ] GC(13) User=0.40s Sys=0.01s Real=0.09s
[2026-01-26T06:29:24.122+0000][66][info ][safepoint   ] Safepoint "G1CollectForAllocation", Time since last: 220507873 ns, Reaching safepoint: 15802 ns, Cleanup: 45704 ns, At safepoint: 88574581 ns, Total: 88636087 ns
[2026-01-26T06:29:25.123+0000][66][info ][safepoint   ] Safepoint "Cleanup", Time since last: 1000754055 ns, Reaching safepoint: 15201 ns, Cleanup: 87607 ns, At safepoint: 4601 ns, Total: 107409 ns
[2026-01-26T06:29:26.124+0000][66][info ][safepoint   ] Safepoint "Cleanup", Time since last: 1000835162 ns, Reaching safepoint: 143512 ns, Cleanup: 72106 ns, At safepoint: 81907 ns, Total: 297525 ns
[2026-01-26T06:29:27.125+0000][66][info ][safepoint   ] Safepoint "Cleanup", Time since last: 1000751055 ns, Reaching safepoint: 15501 ns, Cleanup: 31703 ns, At safepoint: 4100 ns, Total: 51304 ns
[2026-01-26T06:29:28.126+0000][66][info ][safepoint   ] Safepoint "Cleanup", Time since last: 1000763456 ns, Reaching safepoint: 16401 ns, Cleanup: 42304 ns, At safepoint: 4200 ns, Total: 62905 ns
[2026-01-26T06:29:28.974+0000][66][info ][safepoint   ] Safepoint "ICBufferFull", Time since last: 848451119 ns, Reaching safepoint: 20302 ns, Cleanup: 116510 ns, At safepoint: 53905 ns, Total: 190717 ns
[2026-01-26T06:29:29.904+0000][66][info ][safepoint   ] Safepoint "ICBufferFull", Time since last: 929254013 ns, Reaching safepoint: 17501 ns, Cleanup: 171614 ns, At safepoint: 42303 ns, Total: 231418 ns
[2026-01-26T06:29:30.440+0000][66][info ][gc,start    ] GC(14) Pause Young (Normal) (G1 Evacuation Pause)
[2026-01-26T06:29:30.441+0000][66][info ][gc,task     ] GC(14) Using 6 workers of 6 for evacuation
[2026-01-26T06:29:30.441+0000][66][debug][gc,age      ] GC(14) Desired survivor size 37748736 bytes, new threshold 1 (max threshold 15)
[2026-01-26T06:29:30.510+0000][66][info ][gc,phases   ] GC(14)   Pre Evacuate Collection Set: 0.4ms
[2026-01-26T06:29:30.511+0000][66][info ][gc,phases   ] GC(14)   Merge Heap Roots: 0.3ms
[2026-01-26T06:29:30.511+0000][66][info ][gc,phases   ] GC(14)   Evacuate Collection Set: 66.1ms
[2026-01-26T06:29:30.511+0000][66][info ][gc,phases   ] GC(14)   Post Evacuate Collection Set: 2.1ms
[2026-01-26T06:29:30.512+0000][66][info ][gc,phases   ] GC(14)   Other: 0.7ms
[2026-01-26T06:29:30.512+0000][66][trace][gc,age      ] GC(14) Age table with threshold 1 (max threshold 15)
[2026-01-26T06:29:30.512+0000][66][trace][gc,age      ] GC(14) - age   1:   20560976 bytes,   20560976 total
[2026-01-26T06:29:30.513+0000][66][info ][gc,heap     ] GC(14) Eden regions: 124->0(145)
[2026-01-26T06:29:30.513+0000][66][info ][gc,heap     ] GC(14) Survivor regions: 20->8(18)
[2026-01-26T06:29:30.513+0000][66][info ][gc,heap     ] GC(14) Old regions: 9->28
[2026-01-26T06:29:30.514+0000][66][info ][gc,heap     ] GC(14) Humongous regions: 0->0
[2026-01-26T06:29:30.514+0000][66][info ][gc,metaspace] GC(14) Metaspace: 130135K(133696K)->130135K(133696K) NonClass: 112550K(114432K)->112550K(114432K) Class: 17585K(19264K)->17585K(19264K)
[2026-01-26T06:29:30.514+0000][66][info ][gc          ] GC(14) Pause Young (Normal) (G1 Evacuation Pause) 612M->140M(1024M) 74.343ms
[2026-01-26T06:29:30.515+0000][66][info ][gc,cpu      ] GC(14) User=0.29s Sys=0.03s Real=0.08s
[2026-01-26T06:29:30.515+0000][66][info ][safepoint   ] Safepoint "G1CollectForAllocation", Time since last: 536059992 ns, Reaching safepoint: 18702 ns, Cleanup: 75005 ns, At safepoint: 75244367 ns, Total: 75338074 ns
[2026-01-26T06:29:31.516+0000][66][info ][safepoint   ] Safepoint "Cleanup", Time since last: 1000772621 ns, Reaching safepoint: 175314 ns, Cleanup: 28202 ns, At safepoint: 97908 ns, Total: 301424 ns
[2026-01-26T06:29:33.182+0000][66][info ][safepoint   ] Safepoint "Cleanup", Time since last: 1667823026 ns, Reaching safepoint: 165213 ns, Cleanup: 93007 ns, At safepoint: 59205 ns, Total: 317425 ns
[2026-01-26T06:29:34.184+0000][66][info ][safepoint   ] Safepoint "Cleanup", Time since last: 1001600986 ns, Reaching safepoint: 13201 ns, Cleanup: 29802 ns, At safepoint: 73306 ns, Total: 116309 ns
[2026-01-26T06:29:35.184+0000][66][info ][safepoint   ] Safepoint "Cleanup", Time since last: 1000542104 ns, Reaching safepoint: 17401 ns, Cleanup: 27702 ns, At safepoint: 3501 ns, Total: 48604 ns
[2026-01-26T06:29:36.185+0000][66][info ][safepoint   ] Safepoint "Cleanup", Time since last: 1000739019 ns, Reaching safepoint: 19201 ns, Cleanup: 52204 ns, At safepoint: 4301 ns, Total: 75706 ns
[2026-01-26T06:29:37.186+0000][66][info ][safepoint   ] Safepoint "Cleanup", Time since last: 1000677614 ns, Reaching safepoint: 159812 ns, Cleanup: 19102 ns, At safepoint: 38103 ns, Total: 217017 ns
[2026-01-26T06:29:37.777+0000][66][info ][gc,start    ] GC(15) Pause Young (Normal) (G1 Evacuation Pause)
[2026-01-26T06:29:37.778+0000][66][info ][gc,task     ] GC(15) Using 6 workers of 6 for evacuation
[2026-01-26T06:29:37.778+0000][66][debug][gc,age      ] GC(15) Desired survivor size 41943040 bytes, new threshold 15 (max threshold 15)
[2026-01-26T06:29:37.792+0000][66][info ][gc,phases   ] GC(15)   Pre Evacuate Collection Set: 0.4ms
[2026-01-26T06:29:37.793+0000][66][info ][gc,phases   ] GC(15)   Merge Heap Roots: 0.2ms
[2026-01-26T06:29:37.793+0000][66][info ][gc,phases   ] GC(15)   Evacuate Collection Set: 10.9ms
[2026-01-26T06:29:37.794+0000][66][info ][gc,phases   ] GC(15)   Post Evacuate Collection Set: 1.6ms
[2026-01-26T06:29:37.795+0000][66][info ][gc,phases   ] GC(15)   Other: 1.3ms
[2026-01-26T06:29:37.795+0000][66][trace][gc,age      ] GC(15) Age table with threshold 15 (max threshold 15)
[2026-01-26T06:29:37.796+0000][66][trace][gc,age      ] GC(15) - age   1:   22951248 bytes,   22951248 total
[2026-01-26T06:29:37.797+0000][66][trace][gc,age      ] GC(15) - age   2:   16795760 bytes,   39747008 total
[2026-01-26T06:29:37.797+0000][66][info ][gc,heap     ] GC(15) Eden regions: 145->0(142)
[2026-01-26T06:29:37.798+0000][66][info ][gc,heap     ] GC(15) Survivor regions: 8->11(20)
[2026-01-26T06:29:37.798+0000][66][info ][gc,heap     ] GC(15) Old regions: 28->28
[2026-01-26T06:29:37.799+0000][66][info ][gc,heap     ] GC(15) Humongous regions: 0->0
[2026-01-26T06:29:37.800+0000][66][info ][gc,metaspace] GC(15) Metaspace: 130269K(133824K)->130269K(133824K) NonClass: 112683K(114560K)->112683K(114560K) Class: 17585K(19264K)->17585K(19264K)
[2026-01-26T06:29:37.800+0000][66][info ][gc          ] GC(15) Pause Young (Normal) (G1 Evacuation Pause) 720M->151M(1024M) 23.205ms
[2026-01-26T06:29:37.801+0000][66][info ][gc,cpu      ] GC(15) User=0.06s Sys=0.02s Real=0.02s
[2026-01-26T06:29:37.802+0000][66][info ][safepoint   ] Safepoint "G1CollectForAllocation", Time since last: 591039478 ns, Reaching safepoint: 15801 ns, Cleanup: 11501 ns, At safepoint: 24620520 ns, Total: 24647822 ns
[2026-01-26T06:29:38.803+0000][66][info ][safepoint   ] Safepoint "Cleanup", Time since last: 1000781443 ns, Reaching safepoint: 176515 ns, Cleanup: 16102 ns, At safepoint: 44103 ns, Total: 236720 ns
[2026-01-26T06:29:39.803+0000][66][info ][safepoint   ] Safepoint "Cleanup", Time since last: 1000556269 ns, Reaching safepoint: 14602 ns, Cleanup: 15901 ns, At safepoint: 3100 ns, Total: 33603 ns
[2026-01-26T06:29:40.804+0000][66][info ][safepoint   ] Safepoint "Cleanup", Time since last: 1000598373 ns, Reaching safepoint: 17401 ns, Cleanup: 21902 ns, At safepoint: 4401 ns, Total: 43704 ns
[2026-01-26T06:29:41.805+0000][66][info ][safepoint   ] Safepoint "Cleanup", Time since last: 1000646976 ns, Reaching safepoint: 19802 ns, Cleanup: 25602 ns, At safepoint: 3500 ns, Total: 48904 ns
[2026-01-26T06:29:42.823+0000][66][info ][safepoint   ] Safepoint "Cleanup", Time since last: 1017646112 ns, Reaching safepoint: 125911 ns, Cleanup: 78006 ns, At safepoint: 66806 ns, Total: 270723 ns
[2026-01-26T06:29:43.826+0000][66][info ][safepoint   ] Safepoint "Cleanup", Time since last: 1003283099 ns, Reaching safepoint: 8501 ns, Cleanup: 51304 ns, At safepoint: 3201 ns, Total: 63006 ns
[2026-01-26T06:29:44.827+0000][66][info ][safepoint   ] Safepoint "Cleanup", Time since last: 1001000406 ns, Reaching safepoint: 188916 ns, Cleanup: 36703 ns, At safepoint: 104309 ns, Total: 329928 ns
[2026-01-26T06:29:44.884+0000][66][info ][gc,start    ] GC(16) Pause Young (Normal) (G1 Evacuation Pause)
[2026-01-26T06:29:44.885+0000][66][info ][gc,task     ] GC(16) Using 6 workers of 6 for evacuation
[2026-01-26T06:29:44.885+0000][66][debug][gc,age      ] GC(16) Desired survivor size 41943040 bytes, new threshold 15 (max threshold 15)
[2026-01-26T06:29:44.901+0000][66][info ][gc,phases   ] GC(16)   Pre Evacuate Collection Set: 0.5ms
[2026-01-26T06:29:44.902+0000][66][info ][gc,phases   ] GC(16)   Merge Heap Roots: 0.2ms
[2026-01-26T06:29:44.902+0000][66][info ][gc,phases   ] GC(16)   Evacuate Collection Set: 13.7ms
[2026-01-26T06:29:44.902+0000][66][info ][gc,phases   ] GC(16)   Post Evacuate Collection Set: 1.3ms
[2026-01-26T06:29:44.903+0000][66][info ][gc,phases   ] GC(16)   Other: 0.7ms
[2026-01-26T06:29:44.903+0000][66][trace][gc,age      ] GC(16) Age table with threshold 15 (max threshold 15)
[2026-01-26T06:29:44.903+0000][66][trace][gc,age      ] GC(16) - age   1:   25885688 bytes,   25885688 total
[2026-01-26T06:29:44.903+0000][66][trace][gc,age      ] GC(16) - age   2:   11521512 bytes,   37407200 total
[2026-01-26T06:29:44.904+0000][66][trace][gc,age      ] GC(16) - age   3:   16162640 bytes,   53569840 total
[2026-01-26T06:29:44.904+0000][66][info ][gc,heap     ] GC(16) Eden regions: 142->0(138)
[2026-01-26T06:29:44.904+0000][66][info ][gc,heap     ] GC(16) Survivor regions: 11->15(20)
[2026-01-26T06:29:44.904+0000][66][info ][gc,heap     ] GC(16) Old regions: 28->28
[2026-01-26T06:29:44.904+0000][66][info ][gc,heap     ] GC(16) Humongous regions: 0->0
[2026-01-26T06:29:44.905+0000][66][info ][gc,metaspace] GC(16) Metaspace: 130403K(133952K)->130403K(133952K) NonClass: 112817K(114688K)->112817K(114688K) Class: 17585K(19264K)->17585K(19264K)
[2026-01-26T06:29:44.905+0000][66][info ][gc          ] GC(16) Pause Young (Normal) (G1 Evacuation Pause) 719M->169M(1024M) 20.495ms
[2026-01-26T06:29:44.905+0000][66][info ][gc,cpu      ] GC(16) User=0.06s Sys=0.00s Real=0.02s
[2026-01-26T06:29:44.906+0000][66][info ][safepoint   ] Safepoint "G1CollectForAllocation", Time since last: 57074618 ns, Reaching safepoint: 139512 ns, Cleanup: 6401 ns, At safepoint: 21221791 ns, Total: 21367704 ns
[2026-01-26T06:29:45.906+0000][66][info ][safepoint   ] Safepoint "Cleanup", Time since last: 1000419251 ns, Reaching safepoint: 137211 ns, Cleanup: 78407 ns, At safepoint: 49104 ns, Total: 264722 ns
[2026-01-26T06:29:47.874+0000][66][info ][safepoint   ] Safepoint "Cleanup", Time since last: 1967209289 ns, Reaching safepoint: 12602 ns, Cleanup: 43103 ns, At safepoint: 3901 ns, Total: 59606 ns
[2026-01-26T06:29:48.874+0000][66][info ][safepoint   ] Safepoint "Cleanup", Time since last: 1000618949 ns, Reaching safepoint: 14501 ns, Cleanup: 19502 ns, At safepoint: 2900 ns, Total: 36903 ns
[2026-01-26T06:29:49.875+0000][66][info ][safepoint   ] Safepoint "Cleanup", Time since last: 1000511240 ns, Reaching safepoint: 120210 ns, Cleanup: 9701 ns, At safepoint: 37603 ns, Total: 167514 ns
[2026-01-26T06:29:49.892+0000][66][info ][gc,start    ] GC(17) Pause Young (Normal) (G1 Evacuation Pause)
[2026-01-26T06:29:49.892+0000][66][info ][gc,task     ] GC(17) Using 6 workers of 6 for evacuation
[2026-01-26T06:29:49.892+0000][66][debug][gc,age      ] GC(17) Desired survivor size 41943040 bytes, new threshold 3 (max threshold 15)
[2026-01-26T06:29:49.903+0000][66][info ][gc,phases   ] GC(17)   Pre Evacuate Collection Set: 0.3ms
[2026-01-26T06:29:49.904+0000][66][info ][gc,phases   ] GC(17)   Merge Heap Roots: 0.1ms
[2026-01-26T06:29:49.904+0000][66][info ][gc,phases   ] GC(17)   Evacuate Collection Set: 8.7ms
[2026-01-26T06:29:49.905+0000][66][info ][gc,phases   ] GC(17)   Post Evacuate Collection Set: 1.1ms
[2026-01-26T06:29:49.905+0000][66][info ][gc,phases   ] GC(17)   Other: 1.0ms
[2026-01-26T06:29:49.905+0000][66][trace][gc,age      ] GC(17) Age table with threshold 3 (max threshold 15)
[2026-01-26T06:29:49.906+0000][66][trace][gc,age      ] GC(17) - age   1:   18649048 bytes,   18649048 total
[2026-01-26T06:29:49.906+0000][66][trace][gc,age      ] GC(17) - age   2:    3358528 bytes,   22007576 total
[2026-01-26T06:29:49.906+0000][66][trace][gc,age      ] GC(17) - age   3:     233880 bytes,   22241456 total
[2026-01-26T06:29:49.907+0000][66][info ][gc,heap     ] GC(17) Eden regions: 138->0(146)
[2026-01-26T06:29:49.907+0000][66][info ][gc,heap     ] GC(17) Survivor regions: 15->7(20)
[2026-01-26T06:29:49.907+0000][66][info ][gc,heap     ] GC(17) Old regions: 28->31
[2026-01-26T06:29:49.907+0000][66][info ][gc,heap     ] GC(17) Humongous regions: 0->0
[2026-01-26T06:29:49.908+0000][66][info ][gc,metaspace] GC(17) Metaspace: 130473K(133952K)->130473K(133952K) NonClass: 112887K(114688K)->112887K(114688K) Class: 17585K(19264K)->17585K(19264K)
[2026-01-26T06:29:49.908+0000][66][info ][gc          ] GC(17) Pause Young (Normal) (G1 Evacuation Pause) 721M->148M(1024M) 16.504ms
[2026-01-26T06:29:49.908+0000][66][info ][gc,cpu      ] GC(17) User=0.04s Sys=0.00s Real=0.02s
[2026-01-26T06:29:49.909+0000][66][info ][safepoint   ] Safepoint "G1CollectForAllocation", Time since last: 16570317 ns, Reaching safepoint: 13701 ns, Cleanup: 4701 ns, At safepoint: 17232273 ns, Total: 17250675 ns
[2026-01-26T06:29:50.912+0000][66][info ][safepoint   ] Safepoint "Cleanup", Time since last: 1003218071 ns, Reaching safepoint: 13802 ns, Cleanup: 13801 ns, At safepoint: 3900 ns, Total: 31503 ns
[2026-01-26T06:29:51.913+0000][66][info ][safepoint   ] Safepoint "Cleanup", Time since last: 1000697056 ns, Reaching safepoint: 147513 ns, Cleanup: 12901 ns, At safepoint: 43904 ns, Total: 204318 ns
[2026-01-26T06:29:52.914+0000][66][info ][safepoint   ] Safepoint "Cleanup", Time since last: 1000669153 ns, Reaching safepoint: 118910 ns, Cleanup: 20502 ns, At safepoint: 38403 ns, Total: 177815 ns
[2026-01-26T06:29:54.898+0000][66][info ][safepoint   ] Safepoint "Cleanup", Time since last: 1983666854 ns, Reaching safepoint: 15701 ns, Cleanup: 126211 ns, At safepoint: 5800 ns, Total: 147712 ns
[2026-01-26T06:29:55.899+0000][66][info ][safepoint   ] Safepoint "Cleanup", Time since last: 1000817982 ns, Reaching safepoint: 166314 ns, Cleanup: 13701 ns, At safepoint: 43204 ns, Total: 223219 ns
[2026-01-26T06:29:56.899+0000][66][info ][safepoint   ] Safepoint "Cleanup", Time since last: 1000657067 ns, Reaching safepoint: 16201 ns, Cleanup: 24303 ns, At safepoint: 4500 ns, Total: 45004 ns
[2026-01-26T06:29:57.344+0000][66][info ][gc,start    ] GC(18) Pause Young (Normal) (G1 Evacuation Pause)
[2026-01-26T06:29:57.345+0000][66][info ][gc,task     ] GC(18) Using 6 workers of 6 for evacuation
[2026-01-26T06:29:57.345+0000][66][debug][gc,age      ] GC(18) Desired survivor size 41943040 bytes, new threshold 15 (max threshold 15)
[2026-01-26T06:29:57.358+0000][66][info ][gc,phases   ] GC(18)   Pre Evacuate Collection Set: 0.4ms
[2026-01-26T06:29:57.359+0000][66][info ][gc,phases   ] GC(18)   Merge Heap Roots: 0.2ms
[2026-01-26T06:29:57.359+0000][66][info ][gc,phases   ] GC(18)   Evacuate Collection Set: 10.4ms
[2026-01-26T06:29:57.359+0000][66][info ][gc,phases   ] GC(18)   Post Evacuate Collection Set: 1.2ms
[2026-01-26T06:29:57.360+0000][66][info ][gc,phases   ] GC(18)   Other: 1.0ms
[2026-01-26T06:29:57.360+0000][66][trace][gc,age      ] GC(18) Age table with threshold 15 (max threshold 15)
[2026-01-26T06:29:57.360+0000][66][trace][gc,age      ] GC(18) - age   1:   32200384 bytes,   32200384 total
[2026-01-26T06:29:57.361+0000][66][trace][gc,age      ] GC(18) - age   2:    9062520 bytes,   41262904 total
[2026-01-26T06:29:57.361+0000][66][trace][gc,age      ] GC(18) - age   3:    3349552 bytes,   44612456 total
[2026-01-26T06:29:57.361+0000][66][trace][gc,age      ] GC(18) - age   4:     233776 bytes,   44846232 total
[2026-01-26T06:29:57.362+0000][66][info ][gc,heap     ] GC(18) Eden regions: 146->0(140)
[2026-01-26T06:29:57.362+0000][66][info ][gc,heap     ] GC(18) Survivor regions: 7->13(20)
[2026-01-26T06:29:57.362+0000][66][info ][gc,heap     ] GC(18) Old regions: 31->31
[2026-01-26T06:29:57.363+0000][66][info ][gc,heap     ] GC(18) Humongous regions: 0->0
[2026-01-26T06:29:57.363+0000][66][info ][gc,metaspace] GC(18) Metaspace: 130699K(134208K)->130699K(134208K) NonClass: 113074K(114944K)->113074K(114944K) Class: 17624K(19264K)->17624K(19264K)
[2026-01-26T06:29:57.363+0000][66][info ][gc          ] GC(18) Pause Young (Normal) (G1 Evacuation Pause) 732M->172M(1024M) 18.979ms
[2026-01-26T06:29:57.364+0000][66][info ][gc,cpu      ] GC(18) User=0.07s Sys=0.00s Real=0.02s
[2026-01-26T06:29:57.364+0000][66][info ][safepoint   ] Safepoint "G1CollectForAllocation", Time since last: 445053357 ns, Reaching safepoint: 14701 ns, Cleanup: 4800 ns, At safepoint: 19681666 ns, Total: 19701167 ns
[2026-01-26T06:29:58.365+0000][66][info ][safepoint   ] Safepoint "Cleanup", Time since last: 1000959593 ns, Reaching safepoint: 18501 ns, Cleanup: 109910 ns, At safepoint: 4600 ns, Total: 133011 ns
[2026-01-26T06:29:59.517+0000][66][info ][safepoint   ] Safepoint "Cleanup", Time since last: 1151183404 ns, Reaching safepoint: 169014 ns, Cleanup: 33503 ns, At safepoint: 44504 ns, Total: 247021 ns
[2026-01-26T06:30:00.599+0000][66][info ][safepoint   ] Safepoint "Cleanup", Time since last: 1082232370 ns, Reaching safepoint: 126011 ns, Cleanup: 39203 ns, At safepoint: 88007 ns, Total: 253221 ns
[2026-01-26T06:30:00.627+0000][66][info ][gc,start    ] GC(19) Pause Young (Normal) (G1 Evacuation Pause)
[2026-01-26T06:30:00.627+0000][66][info ][gc,task     ] GC(19) Using 6 workers of 6 for evacuation
[2026-01-26T06:30:00.628+0000][66][debug][gc,age      ] GC(19) Desired survivor size 41943040 bytes, new threshold 3 (max threshold 15)
[2026-01-26T06:30:00.643+0000][66][info ][gc,phases   ] GC(19)   Pre Evacuate Collection Set: 0.4ms
[2026-01-26T06:30:00.643+0000][66][info ][gc,phases   ] GC(19)   Merge Heap Roots: 0.2ms
[2026-01-26T06:30:00.644+0000][66][info ][gc,phases   ] GC(19)   Evacuate Collection Set: 13.0ms
[2026-01-26T06:30:00.644+0000][66][info ][gc,phases   ] GC(19)   Post Evacuate Collection Set: 1.2ms
[2026-01-26T06:30:00.645+0000][66][info ][gc,phases   ] GC(19)   Other: 0.9ms
[2026-01-26T06:30:00.645+0000][66][trace][gc,age      ] GC(19) Age table with threshold 3 (max threshold 15)
[2026-01-26T06:30:00.645+0000][66][trace][gc,age      ] GC(19) - age   1:   15294312 bytes,   15294312 total
[2026-01-26T06:30:00.645+0000][66][trace][gc,age      ] GC(19) - age   2:   23512040 bytes,   38806352 total
[2026-01-26T06:30:00.646+0000][66][trace][gc,age      ] GC(19) - age   3:    8218096 bytes,   47024448 total
[2026-01-26T06:30:00.646+0000][66][info ][gc,heap     ] GC(19) Eden regions: 140->0(140)
[2026-01-26T06:30:00.646+0000][66][info ][gc,heap     ] GC(19) Survivor regions: 13->13(20)
[2026-01-26T06:30:00.647+0000][66][info ][gc,heap     ] GC(19) Old regions: 31->32
[2026-01-26T06:30:00.647+0000][66][info ][gc,heap     ] GC(19) Humongous regions: 0->0
[2026-01-26T06:30:00.647+0000][66][info ][gc,metaspace] GC(19) Metaspace: 130774K(134272K)->130774K(134272K) NonClass: 113149K(115008K)->113149K(115008K) Class: 17624K(19264K)->17624K(19264K)
[2026-01-26T06:30:00.648+0000][66][info ][gc          ] GC(19) Pause Young (Normal) (G1 Evacuation Pause) 732M->175M(1024M) 20.706ms
[2026-01-26T06:30:00.648+0000][66][info ][gc,cpu      ] GC(19) User=0.08s Sys=0.00s Real=0.02s
[2026-01-26T06:30:00.648+0000][66][info ][safepoint   ] Safepoint "G1CollectForAllocation", Time since last: 27880959 ns, Reaching safepoint: 15602 ns, Cleanup: 6100 ns, At safepoint: 21500219 ns, Total: 21521921 ns
[2026-01-26T06:30:02.106+0000][66][info ][safepoint   ] Safepoint "Cleanup", Time since last: 1460249493 ns, Reaching safepoint: 38903 ns, Cleanup: 26802 ns, At safepoint: 39803 ns, Total: 105508 ns
[2026-01-26T06:30:03.107+0000][66][info ][safepoint   ] Safepoint "Cleanup", Time since last: 1000804361 ns, Reaching safepoint: 127710 ns, Cleanup: 27702 ns, At safepoint: 44504 ns, Total: 199916 ns
[2026-01-26T06:30:04.108+0000][66][info ][safepoint   ] Safepoint "Cleanup", Time since last: 1000743855 ns, Reaching safepoint: 14202 ns, Cleanup: 17301 ns, At safepoint: 3600 ns, Total: 35103 ns
[2026-01-26T06:30:05.109+0000][66][info ][safepoint   ] Safepoint "Cleanup", Time since last: 1000657649 ns, Reaching safepoint: 19302 ns, Cleanup: 17801 ns, At safepoint: 5300 ns, Total: 42403 ns
[2026-01-26T06:30:06.109+0000][66][info ][safepoint   ] Safepoint "Cleanup", Time since last: 1000773559 ns, Reaching safepoint: 18401 ns, Cleanup: 20302 ns, At safepoint: 4100 ns, Total: 42803 ns
[2026-01-26T06:30:07.111+0000][66][info ][safepoint   ] Safepoint "Cleanup", Time since last: 1000846164 ns, Reaching safepoint: 179814 ns, Cleanup: 13501 ns, At safepoint: 46204 ns, Total: 239519 ns
[2026-01-26T06:30:08.281+0000][66][info ][gc,start    ] GC(20) Pause Young (Normal) (G1 Evacuation Pause)
[2026-01-26T06:30:08.281+0000][66][info ][gc,task     ] GC(20) Using 6 workers of 6 for evacuation
[2026-01-26T06:30:08.281+0000][66][debug][gc,age      ] GC(20) Desired survivor size 41943040 bytes, new threshold 3 (max threshold 15)
[2026-01-26T06:30:08.300+0000][66][info ][gc,phases   ] GC(20)   Pre Evacuate Collection Set: 0.5ms
[2026-01-26T06:30:08.301+0000][66][info ][gc,phases   ] GC(20)   Merge Heap Roots: 0.1ms
[2026-01-26T06:30:08.301+0000][66][info ][gc,phases   ] GC(20)   Evacuate Collection Set: 16.7ms
[2026-01-26T06:30:08.302+0000][66][info ][gc,phases   ] GC(20)   Post Evacuate Collection Set: 1.2ms
[2026-01-26T06:30:08.302+0000][66][info ][gc,phases   ] GC(20)   Other: 0.7ms
[2026-01-26T06:30:08.303+0000][66][trace][gc,age      ] GC(20) Age table with threshold 3 (max threshold 15)
[2026-01-26T06:30:08.303+0000][66][trace][gc,age      ] GC(20) - age   1:   28267920 bytes,   28267920 total
[2026-01-26T06:30:08.304+0000][66][trace][gc,age      ] GC(20) - age   2:    9850688 bytes,   38118608 total
[2026-01-26T06:30:08.304+0000][66][trace][gc,age      ] GC(20) - age   3:   23510776 bytes,   61629384 total
[2026-01-26T06:30:08.304+0000][66][info ][gc,heap     ] GC(20) Eden regions: 140->0(136)
[2026-01-26T06:30:08.305+0000][66][info ][gc,heap     ] GC(20) Survivor regions: 13->17(20)
[2026-01-26T06:30:08.305+0000][66][info ][gc,heap     ] GC(20) Old regions: 32->34
[2026-01-26T06:30:08.306+0000][66][info ][gc,heap     ] GC(20) Humongous regions: 0->0
[2026-01-26T06:30:08.306+0000][66][info ][gc,metaspace] GC(20) Metaspace: 130812K(134336K)->130812K(134336K) NonClass: 113187K(115072K)->113187K(115072K) Class: 17624K(19264K)->17624K(19264K)
[2026-01-26T06:30:08.306+0000][66][info ][gc          ] GC(20) Pause Young (Normal) (G1 Evacuation Pause) 735M->200M(1024M) 25.806ms
[2026-01-26T06:30:08.307+0000][66][info ][gc,cpu      ] GC(20) User=0.09s Sys=0.00s Real=0.03s
[2026-01-26T06:30:08.307+0000][66][info ][safepoint   ] Safepoint "G1CollectForAllocation", Time since last: 1170091801 ns, Reaching safepoint: 15101 ns, Cleanup: 4801 ns, At safepoint: 26653216 ns, Total: 26673118 ns
[2026-01-26T06:30:09.308+0000][66][info ][safepoint   ] Safepoint "Cleanup", Time since last: 1000618346 ns, Reaching safepoint: 14001 ns, Cleanup: 16301 ns, At safepoint: 29803 ns, Total: 60105 ns
[2026-01-26T06:30:10.309+0000][66][info ][safepoint   ] Safepoint "Cleanup", Time since last: 1000680255 ns, Reaching safepoint: 20502 ns, Cleanup: 24802 ns, At safepoint: 4101 ns, Total: 49405 ns
[2026-01-26T06:30:11.309+0000][66][info ][safepoint   ] Safepoint "Cleanup", Time since last: 1000720330 ns, Reaching safepoint: 17301 ns, Cleanup: 19002 ns, At safepoint: 3500 ns, Total: 39803 ns
[2026-01-26T06:30:12.310+0000][66][info ][safepoint   ] Safepoint "Cleanup", Time since last: 1000723231 ns, Reaching safepoint: 138112 ns, Cleanup: 19802 ns, At safepoint: 45904 ns, Total: 203818 ns
[2026-01-26T06:30:13.832+0000][66][info ][gc,start    ] GC(21) Pause Young (Normal) (G1 Evacuation Pause)
[2026-01-26T06:30:13.833+0000][66][info ][gc,task     ] GC(21) Using 6 workers of 6 for evacuation
[2026-01-26T06:30:13.833+0000][66][debug][gc,age      ] GC(21) Desired survivor size 41943040 bytes, new threshold 3 (max threshold 15)
[2026-01-26T06:30:13.852+0000][66][info ][gc,phases   ] GC(21)   Pre Evacuate Collection Set: 0.4ms
[2026-01-26T06:30:13.853+0000][66][info ][gc,phases   ] GC(21)   Merge Heap Roots: 0.1ms
[2026-01-26T06:30:13.853+0000][66][info ][gc,phases   ] GC(21)   Evacuate Collection Set: 16.3ms
[2026-01-26T06:30:13.853+0000][66][info ][gc,phases   ] GC(21)   Post Evacuate Collection Set: 1.4ms
[2026-01-26T06:30:13.854+0000][66][info ][gc,phases   ] GC(21)   Other: 1.1ms
[2026-01-26T06:30:13.854+0000][66][trace][gc,age      ] GC(21) Age table with threshold 3 (max threshold 15)
[2026-01-26T06:30:13.855+0000][66][trace][gc,age      ] GC(21) - age   1:   24371264 bytes,   24371264 total
[2026-01-26T06:30:13.855+0000][66][trace][gc,age      ] GC(21) - age   2:   14702360 bytes,   39073624 total
[2026-01-26T06:30:13.855+0000][66][trace][gc,age      ] GC(21) - age   3:    8989104 bytes,   48062728 total
[2026-01-26T06:30:13.856+0000][66][info ][gc,heap     ] GC(21) Eden regions: 136->0(140)
[2026-01-26T06:30:13.856+0000][66][info ][gc,heap     ] GC(21) Survivor regions: 17->13(20)
[2026-01-26T06:30:13.857+0000][66][info ][gc,heap     ] GC(21) Old regions: 34->40
[2026-01-26T06:30:13.857+0000][66][info ][gc,heap     ] GC(21) Humongous regions: 0->0
[2026-01-26T06:30:13.857+0000][66][info ][gc,metaspace] GC(21) Metaspace: 130883K(134400K)->130883K(134400K) NonClass: 113258K(115136K)->113258K(115136K) Class: 17624K(19264K)->17624K(19264K)
[2026-01-26T06:30:13.858+0000][66][info ][gc          ] GC(21) Pause Young (Normal) (G1 Evacuation Pause) 744M->208M(1024M) 25.541ms
[2026-01-26T06:30:13.858+0000][66][info ][gc,cpu      ] GC(21) User=0.08s Sys=0.00s Real=0.02s
[2026-01-26T06:30:13.859+0000][66][info ][safepoint   ] Safepoint "G1CollectForAllocation", Time since last: 1521695874 ns, Reaching safepoint: 17501 ns, Cleanup: 44804 ns, At safepoint: 26489685 ns, Total: 26551990 ns
[2026-01-26T06:30:15.105+0000][66][info ][safepoint   ] Safepoint "Cleanup", Time since last: 1246162405 ns, Reaching safepoint: 8100 ns, Cleanup: 13702 ns, At safepoint: 3900 ns, Total: 25702 ns
[2026-01-26T06:30:16.891+0000][66][info ][safepoint   ] Safepoint "Cleanup", Time since last: 1785911567 ns, Reaching safepoint: 19202 ns, Cleanup: 27602 ns, At safepoint: 4701 ns, Total: 51505 ns
[2026-01-26T06:30:17.892+0000][66][info ][safepoint   ] Safepoint "Cleanup", Time since last: 1000822546 ns, Reaching safepoint: 14301 ns, Cleanup: 12701 ns, At safepoint: 3701 ns, Total: 30703 ns
[2026-01-26T06:30:18.892+0000][66][info ][safepoint   ] Safepoint "Cleanup", Time since last: 1000765135 ns, Reaching safepoint: 18102 ns, Cleanup: 15801 ns, At safepoint: 4901 ns, Total: 38804 ns
[2026-01-26T06:30:19.117+0000][66][info ][gc,start    ] GC(22) Pause Young (Normal) (G1 Evacuation Pause)
[2026-01-26T06:30:19.118+0000][66][info ][gc,task     ] GC(22) Using 6 workers of 6 for evacuation
[2026-01-26T06:30:19.118+0000][66][debug][gc,age      ] GC(22) Desired survivor size 41943040 bytes, new threshold 3 (max threshold 15)
[2026-01-26T06:30:19.127+0000][66][info ][gc,phases   ] GC(22)   Pre Evacuate Collection Set: 0.4ms
[2026-01-26T06:30:19.128+0000][66][info ][gc,phases   ] GC(22)   Merge Heap Roots: 0.1ms
[2026-01-26T06:30:19.128+0000][66][info ][gc,phases   ] GC(22)   Evacuate Collection Set: 7.1ms
[2026-01-26T06:30:19.129+0000][66][info ][gc,phases   ] GC(22)   Post Evacuate Collection Set: 1.3ms
[2026-01-26T06:30:19.129+0000][66][info ][gc,phases   ] GC(22)   Other: 1.0ms
[2026-01-26T06:30:19.130+0000][66][trace][gc,age      ] GC(22) Age table with threshold 3 (max threshold 15)
[2026-01-26T06:30:19.130+0000][66][trace][gc,age      ] GC(22) - age   1:   19767600 bytes,   19767600 total
[2026-01-26T06:30:19.131+0000][66][trace][gc,age      ] GC(22) - age   2:    3610608 bytes,   23378208 total
[2026-01-26T06:30:19.131+0000][66][trace][gc,age      ] GC(22) - age   3:     235952 bytes,   23614160 total
[2026-01-26T06:30:19.131+0000][66][info ][gc,heap     ] GC(22) Eden regions: 140->0(146)
[2026-01-26T06:30:19.132+0000][66][info ][gc,heap     ] GC(22) Survivor regions: 13->7(20)
[2026-01-26T06:30:19.132+0000][66][info ][gc,heap     ] GC(22) Old regions: 40->41
[2026-01-26T06:30:19.133+0000][66][info ][gc,heap     ] GC(22) Humongous regions: 0->0
[2026-01-26T06:30:19.133+0000][66][info ][gc,metaspace] GC(22) Metaspace: 130889K(134400K)->130889K(134400K) NonClass: 113264K(115136K)->113264K(115136K) Class: 17625K(19264K)->17625K(19264K)
[2026-01-26T06:30:19.133+0000][66][info ][gc          ] GC(22) Pause Young (Normal) (G1 Evacuation Pause) 768M->189M(1024M) 16.262ms
[2026-01-26T06:30:19.134+0000][66][info ][gc,cpu      ] GC(22) User=0.04s Sys=0.00s Real=0.02s
[2026-01-26T06:30:19.134+0000][66][info ][safepoint   ] Safepoint "G1CollectForAllocation", Time since last: 224561840 ns, Reaching safepoint: 13501 ns, Cleanup: 3200 ns, At safepoint: 17113582 ns, Total: 17130283 ns
[2026-01-26T06:30:20.135+0000][66][info ][safepoint   ] Safepoint "Cleanup", Time since last: 1000547016 ns, Reaching safepoint: 130911 ns, Cleanup: 15002 ns, At safepoint: 41603 ns, Total: 187516 ns
[2026-01-26T06:30:21.548+0000][66][info ][safepoint   ] Safepoint "Cleanup", Time since last: 1412776403 ns, Reaching safepoint: 145213 ns, Cleanup: 29102 ns, At safepoint: 52905 ns, Total: 227220 ns
[2026-01-26T06:30:23.490+0000][66][info ][safepoint   ] Safepoint "Cleanup", Time since last: 1941853305 ns, Reaching safepoint: 134611 ns, Cleanup: 26602 ns, At safepoint: 48605 ns, Total: 209818 ns
[2026-01-26T06:30:23.854+0000][66][info ][gc,start    ] GC(23) Pause Young (Normal) (G1 Evacuation Pause)
[2026-01-26T06:30:23.854+0000][66][info ][gc,task     ] GC(23) Using 6 workers of 6 for evacuation
[2026-01-26T06:30:23.855+0000][66][debug][gc,age      ] GC(23) Desired survivor size 41943040 bytes, new threshold 15 (max threshold 15)
[2026-01-26T06:30:23.862+0000][66][info ][gc,phases   ] GC(23)   Pre Evacuate Collection Set: 0.3ms
[2026-01-26T06:30:23.862+0000][66][info ][gc,phases   ] GC(23)   Merge Heap Roots: 0.1ms
[2026-01-26T06:30:23.863+0000][66][info ][gc,phases   ] GC(23)   Evacuate Collection Set: 5.4ms
[2026-01-26T06:30:23.863+0000][66][info ][gc,phases   ] GC(23)   Post Evacuate Collection Set: 1.1ms
[2026-01-26T06:30:23.864+0000][66][info ][gc,phases   ] GC(23)   Other: 0.9ms
[2026-01-26T06:30:23.864+0000][66][trace][gc,age      ] GC(23) Age table with threshold 15 (max threshold 15)
[2026-01-26T06:30:23.864+0000][66][trace][gc,age      ] GC(23) - age   1:   12146080 bytes,   12146080 total
[2026-01-26T06:30:23.865+0000][66][trace][gc,age      ] GC(23) - age   2:    2993056 bytes,   15139136 total
[2026-01-26T06:30:23.865+0000][66][trace][gc,age      ] GC(23) - age   3:     594528 bytes,   15733664 total
[2026-01-26T06:30:23.866+0000][66][trace][gc,age      ] GC(23) - age   4:     235952 bytes,   15969616 total
[2026-01-26T06:30:23.866+0000][66][info ][gc,heap     ] GC(23) Eden regions: 146->0(148)
[2026-01-26T06:30:23.866+0000][66][info ][gc,heap     ] GC(23) Survivor regions: 7->5(20)
[2026-01-26T06:30:23.867+0000][66][info ][gc,heap     ] GC(23) Old regions: 41->41
[2026-01-26T06:30:23.867+0000][66][info ][gc,heap     ] GC(23) Humongous regions: 0->0
[2026-01-26T06:30:23.868+0000][66][info ][gc,metaspace] GC(23) Metaspace: 130901K(134400K)->130901K(134400K) NonClass: 113275K(115136K)->113275K(115136K) Class: 17625K(19264K)->17625K(19264K)
[2026-01-26T06:30:23.868+0000][66][info ][gc          ] GC(23) Pause Young (Normal) (G1 Evacuation Pause) 773M->180M(1024M) 14.371ms
[2026-01-26T06:30:23.869+0000][66][info ][gc,cpu      ] GC(23) User=0.03s Sys=0.00s Real=0.01s
[2026-01-26T06:30:23.869+0000][66][info ][safepoint   ] Safepoint "G1CollectForAllocation", Time since last: 363950007 ns, Reaching safepoint: 14301 ns, Cleanup: 18501 ns, At safepoint: 15458039 ns, Total: 15490841 ns
[2026-01-26T06:30:24.999+0000][66][info ][safepoint   ] Safepoint "Cleanup", Time since last: 1129760302 ns, Reaching safepoint: 6501 ns, Cleanup: 25702 ns, At safepoint: 33803 ns, Total: 66006 ns
[2026-01-26T06:30:26.291+0000][66][info ][safepoint   ] Safepoint "Cleanup", Time since last: 1292050231 ns, Reaching safepoint: 10001 ns, Cleanup: 67606 ns, At safepoint: 77607 ns, Total: 155214 ns
[2026-01-26T06:30:27.711+0000][66][info ][safepoint   ] Safepoint "Cleanup", Time since last: 1419581775 ns, Reaching safepoint: 11301 ns, Cleanup: 44004 ns, At safepoint: 49004 ns, Total: 104309 ns
[2026-01-26T06:30:28.993+0000][66][info ][safepoint   ] Safepoint "Cleanup", Time since last: 1281775790 ns, Reaching safepoint: 32303 ns, Cleanup: 134511 ns, At safepoint: 6501 ns, Total: 173315 ns
[2026-01-26T06:30:31.991+0000][66][info ][safepoint   ] Safepoint "Cleanup", Time since last: 3001079680 ns, Reaching safepoint: 15202 ns, Cleanup: 13701 ns, At safepoint: 4100 ns, Total: 33003 ns
[2026-01-26T06:30:32.310+0000][66][info ][gc,start    ] GC(24) Pause Young (Normal) (G1 Evacuation Pause)
[2026-01-26T06:30:32.310+0000][66][info ][gc,task     ] GC(24) Using 6 workers of 6 for evacuation
[2026-01-26T06:30:32.311+0000][66][debug][gc,age      ] GC(24) Desired survivor size 41943040 bytes, new threshold 15 (max threshold 15)
[2026-01-26T06:30:32.320+0000][66][info ][gc,phases   ] GC(24)   Pre Evacuate Collection Set: 0.4ms
[2026-01-26T06:30:32.321+0000][66][info ][gc,phases   ] GC(24)   Merge Heap Roots: 0.1ms
[2026-01-26T06:30:32.321+0000][66][info ][gc,phases   ] GC(24)   Evacuate Collection Set: 7.2ms
[2026-01-26T06:30:32.321+0000][66][info ][gc,phases   ] GC(24)   Post Evacuate Collection Set: 1.2ms
[2026-01-26T06:30:32.321+0000][66][info ][gc,phases   ] GC(24)   Other: 0.8ms
[2026-01-26T06:30:32.322+0000][66][trace][gc,age      ] GC(24) Age table with threshold 15 (max threshold 15)
[2026-01-26T06:30:32.322+0000][66][trace][gc,age      ] GC(24) - age   1:   20735024 bytes,   20735024 total
[2026-01-26T06:30:32.322+0000][66][trace][gc,age      ] GC(24) - age   2:     879256 bytes,   21614280 total
[2026-01-26T06:30:32.323+0000][66][trace][gc,age      ] GC(24) - age   3:    1820168 bytes,   23434448 total
[2026-01-26T06:30:32.323+0000][66][trace][gc,age      ] GC(24) - age   4:       5304 bytes,   23439752 total
[2026-01-26T06:30:32.323+0000][66][trace][gc,age      ] GC(24) - age   5:     233680 bytes,   23673432 total
[2026-01-26T06:30:32.324+0000][66][info ][gc,heap     ] GC(24) Eden regions: 148->0(146)
[2026-01-26T06:30:32.324+0000][66][info ][gc,heap     ] GC(24) Survivor regions: 5->7(20)
[2026-01-26T06:30:32.325+0000][66][info ][gc,heap     ] GC(24) Old regions: 41->41
[2026-01-26T06:30:32.325+0000][66][info ][gc,heap     ] GC(24) Humongous regions: 0->0
[2026-01-26T06:30:32.325+0000][66][info ][gc,metaspace] GC(24) Metaspace: 131435K(134912K)->131435K(134912K) NonClass: 113732K(115584K)->113732K(115584K) Class: 17702K(19328K)->17702K(19328K)
[2026-01-26T06:30:32.326+0000][66][info ][gc          ] GC(24) Pause Young (Normal) (G1 Evacuation Pause) 772M->185M(1024M) 15.929ms
[2026-01-26T06:30:32.326+0000][66][info ][gc,cpu      ] GC(24) User=0.03s Sys=0.00s Real=0.02s
[2026-01-26T06:30:32.327+0000][66][info ][safepoint   ] Safepoint "G1CollectForAllocation", Time since last: 318426802 ns, Reaching safepoint: 15901 ns, Cleanup: 14301 ns, At safepoint: 17002142 ns, Total: 17032344 ns
[2026-01-26T06:30:33.331+0000][66][info ][safepoint   ] Safepoint "Cleanup", Time since last: 1003608802 ns, Reaching safepoint: 16502 ns, Cleanup: 16201 ns, At safepoint: 2800 ns, Total: 35503 ns
[2026-01-26T06:30:34.331+0000][66][info ][safepoint   ] Safepoint "Cleanup", Time since last: 1000703879 ns, Reaching safepoint: 18201 ns, Cleanup: 16002 ns, At safepoint: 4400 ns, Total: 38603 ns
[2026-01-26T06:30:35.332+0000][66][info ][safepoint   ] Safepoint "Cleanup", Time since last: 1000793751 ns, Reaching safepoint: 16801 ns, Cleanup: 12701 ns, At safepoint: 4501 ns, Total: 34003 ns
[2026-01-26T06:30:36.333+0000][66][info ][safepoint   ] Safepoint "Cleanup", Time since last: 1000719144 ns, Reaching safepoint: 16401 ns, Cleanup: 38804 ns, At safepoint: 5400 ns, Total: 60605 ns
[2026-01-26T06:30:37.334+0000][66][info ][safepoint   ] Safepoint "Cleanup", Time since last: 1000702143 ns, Reaching safepoint: 124010 ns, Cleanup: 12901 ns, At safepoint: 40604 ns, Total: 177515 ns
[2026-01-26T06:30:38.335+0000][66][info ][safepoint   ] Safepoint "Cleanup", Time since last: 1000538329 ns, Reaching safepoint: 118910 ns, Cleanup: 23402 ns, At safepoint: 36203 ns, Total: 178515 ns
[2026-01-26T06:30:39.335+0000][66][info ][gc,start    ] GC(25) Pause Young (Normal) (G1 Evacuation Pause)
[2026-01-26T06:30:39.335+0000][66][info ][gc,task     ] GC(25) Using 6 workers of 6 for evacuation
[2026-01-26T06:30:39.336+0000][66][debug][gc,age      ] GC(25) Desired survivor size 41943040 bytes, new threshold 15 (max threshold 15)
[2026-01-26T06:30:39.348+0000][66][info ][gc,phases   ] GC(25)   Pre Evacuate Collection Set: 0.3ms
[2026-01-26T06:30:39.349+0000][66][info ][gc,phases   ] GC(25)   Merge Heap Roots: 0.2ms
[2026-01-26T06:30:39.349+0000][66][info ][gc,phases   ] GC(25)   Evacuate Collection Set: 10.3ms
[2026-01-26T06:30:39.349+0000][66][info ][gc,phases   ] GC(25)   Post Evacuate Collection Set: 1.2ms
[2026-01-26T06:30:39.350+0000][66][info ][gc,phases   ] GC(25)   Other: 0.7ms
[2026-01-26T06:30:39.350+0000][66][trace][gc,age      ] GC(25) Age table with threshold 15 (max threshold 15)
[2026-01-26T06:30:39.350+0000][66][trace][gc,age      ] GC(25) - age   1:   27756352 bytes,   27756352 total
[2026-01-26T06:30:39.351+0000][66][trace][gc,age      ] GC(25) - age   2:   10711600 bytes,   38467952 total
[2026-01-26T06:30:39.351+0000][66][trace][gc,age      ] GC(25) - age   3:     879256 bytes,   39347208 total
[2026-01-26T06:30:39.351+0000][66][trace][gc,age      ] GC(25) - age   4:    1819920 bytes,   41167128 total
[2026-01-26T06:30:39.352+0000][66][trace][gc,age      ] GC(25) - age   5:       5304 bytes,   41172432 total
[2026-01-26T06:30:39.352+0000][66][trace][gc,age      ] GC(25) - age   6:     233408 bytes,   41405840 total
[2026-01-26T06:30:39.352+0000][66][info ][gc,heap     ] GC(25) Eden regions: 146->0(142)
[2026-01-26T06:30:39.353+0000][66][info ][gc,heap     ] GC(25) Survivor regions: 7->11(20)
[2026-01-26T06:30:39.353+0000][66][info ][gc,heap     ] GC(25) Old regions: 41->41
[2026-01-26T06:30:39.353+0000][66][info ][gc,heap     ] GC(25) Humongous regions: 0->0
[2026-01-26T06:30:39.353+0000][66][info ][gc,metaspace] GC(25) Metaspace: 131473K(134912K)->131473K(134912K) NonClass: 113770K(115584K)->113770K(115584K) Class: 17702K(19328K)->17702K(19328K)
[2026-01-26T06:30:39.354+0000][66][info ][gc          ] GC(25) Pause Young (Normal) (G1 Evacuation Pause) 769M->204M(1024M) 18.685ms
[2026-01-26T06:30:39.354+0000][66][info ][gc,cpu      ] GC(25) User=0.06s Sys=0.00s Real=0.02s
[2026-01-26T06:30:39.354+0000][66][info ][safepoint   ] Safepoint "G1CollectForAllocation", Time since last: 1000422519 ns, Reaching safepoint: 14701 ns, Cleanup: 20102 ns, At safepoint: 19332245 ns, Total: 19367048 ns
[2026-01-26T06:30:41.540+0000][66][info ][safepoint   ] Safepoint "Cleanup", Time since last: 2185783873 ns, Reaching safepoint: 6401 ns, Cleanup: 8800 ns, At safepoint: 2501 ns, Total: 17702 ns
[2026-01-26T06:30:42.541+0000][66][info ][safepoint   ] Safepoint "Cleanup", Time since last: 1000490012 ns, Reaching safepoint: 16502 ns, Cleanup: 13601 ns, At safepoint: 4500 ns, Total: 34603 ns
[2026-01-26T06:30:43.541+0000][66][info ][safepoint   ] Safepoint "Cleanup", Time since last: 1000715185 ns, Reaching safepoint: 14802 ns, Cleanup: 10701 ns, At safepoint: 3200 ns, Total: 28703 ns
[2026-01-26T06:30:44.166+0000][66][info ][gc,start    ] GC(26) Pause Young (Normal) (G1 Evacuation Pause)
[2026-01-26T06:30:44.167+0000][66][info ][gc,task     ] GC(26) Using 6 workers of 6 for evacuation
[2026-01-26T06:30:44.167+0000][66][debug][gc,age      ] GC(26) Desired survivor size 41943040 bytes, new threshold 15 (max threshold 15)
[2026-01-26T06:30:44.177+0000][66][info ][gc,phases   ] GC(26)   Pre Evacuate Collection Set: 0.4ms
[2026-01-26T06:30:44.177+0000][66][info ][gc,phases   ] GC(26)   Merge Heap Roots: 0.1ms
[2026-01-26T06:30:44.177+0000][66][info ][gc,phases   ] GC(26)   Evacuate Collection Set: 7.0ms
[2026-01-26T06:30:44.178+0000][66][info ][gc,phases   ] GC(26)   Post Evacuate Collection Set: 1.3ms
[2026-01-26T06:30:44.178+0000][66][info ][gc,phases   ] GC(26)   Other: 0.8ms
[2026-01-26T06:30:44.179+0000][66][trace][gc,age      ] GC(26) Age table with threshold 15 (max threshold 15)
[2026-01-26T06:30:44.179+0000][66][trace][gc,age      ] GC(26) - age   1:   17367968 bytes,   17367968 total
[2026-01-26T06:30:44.179+0000][66][trace][gc,age      ] GC(26) - age   2:    3251088 bytes,   20619056 total
[2026-01-26T06:30:44.180+0000][66][trace][gc,age      ] GC(26) - age   3:     860912 bytes,   21479968 total
[2026-01-26T06:30:44.180+0000][66][trace][gc,age      ] GC(26) - age   4:     879168 bytes,   22359136 total
[2026-01-26T06:30:44.181+0000][66][trace][gc,age      ] GC(26) - age   5:    1819456 bytes,   24178592 total
[2026-01-26T06:30:44.181+0000][66][trace][gc,age      ] GC(26) - age   6:       4192 bytes,   24182784 total
[2026-01-26T06:30:44.182+0000][66][trace][gc,age      ] GC(26) - age   7:     233408 bytes,   24416192 total
[2026-01-26T06:30:44.182+0000][66][info ][gc,heap     ] GC(26) Eden regions: 142->0(146)
[2026-01-26T06:30:44.182+0000][66][info ][gc,heap     ] GC(26) Survivor regions: 11->7(20)
[2026-01-26T06:30:44.183+0000][66][info ][gc,heap     ] GC(26) Old regions: 41->41
[2026-01-26T06:30:44.183+0000][66][info ][gc,heap     ] GC(26) Humongous regions: 0->0
[2026-01-26T06:30:44.184+0000][66][info ][gc,metaspace] GC(26) Metaspace: 131523K(134976K)->131523K(134976K) NonClass: 113821K(115648K)->113821K(115648K) Class: 17702K(19328K)->17702K(19328K)
[2026-01-26T06:30:44.184+0000][66][info ][gc          ] GC(26) Pause Young (Normal) (G1 Evacuation Pause) 772M->187M(1024M) 17.469ms
[2026-01-26T06:30:44.184+0000][66][info ][gc,cpu      ] GC(26) User=0.04s Sys=0.01s Real=0.01s
[2026-01-26T06:30:44.185+0000][66][info ][safepoint   ] Safepoint "G1CollectForAllocation", Time since last: 625066570 ns, Reaching safepoint: 15602 ns, Cleanup: 4400 ns, At safepoint: 18438286 ns, Total: 18458288 ns
[2026-01-26T06:30:45.186+0000][66][info ][safepoint   ] Safepoint "Cleanup", Time since last: 1000635979 ns, Reaching safepoint: 178415 ns, Cleanup: 13701 ns, At safepoint: 49405 ns, Total: 241521 ns
[2026-01-26T06:30:46.187+0000][66][info ][safepoint   ] Safepoint "Cleanup", Time since last: 1000692883 ns, Reaching safepoint: 156913 ns, Cleanup: 17502 ns, At safepoint: 50604 ns, Total: 225019 ns
[2026-01-26T06:30:48.188+0000][66][info ][safepoint   ] Safepoint "Cleanup", Time since last: 2000919927 ns, Reaching safepoint: 17701 ns, Cleanup: 14702 ns, At safepoint: 2600 ns, Total: 35003 ns
[2026-01-26T06:30:49.188+0000][66][info ][safepoint   ] Safepoint "Cleanup", Time since last: 1000714285 ns, Reaching safepoint: 17301 ns, Cleanup: 21502 ns, At safepoint: 4101 ns, Total: 42904 ns
[2026-01-26T06:30:51.138+0000][66][info ][gc,start    ] GC(27) Pause Young (Normal) (G1 Evacuation Pause)
[2026-01-26T06:30:51.139+0000][66][info ][gc,task     ] GC(27) Using 6 workers of 6 for evacuation
[2026-01-26T06:30:51.139+0000][66][debug][gc,age      ] GC(27) Desired survivor size 41943040 bytes, new threshold 15 (max threshold 15)
[2026-01-26T06:30:51.152+0000][66][info ][gc,phases   ] GC(27)   Pre Evacuate Collection Set: 0.3ms
[2026-01-26T06:30:51.153+0000][66][info ][gc,phases   ] GC(27)   Merge Heap Roots: 0.2ms
[2026-01-26T06:30:51.153+0000][66][info ][gc,phases   ] GC(27)   Evacuate Collection Set: 11.3ms
[2026-01-26T06:30:51.154+0000][66][info ][gc,phases   ] GC(27)   Post Evacuate Collection Set: 1.0ms
[2026-01-26T06:30:51.154+0000][66][info ][gc,phases   ] GC(27)   Other: 0.9ms
[2026-01-26T06:30:51.154+0000][66][trace][gc,age      ] GC(27) Age table with threshold 15 (max threshold 15)
[2026-01-26T06:30:51.155+0000][66][trace][gc,age      ] GC(27) - age   1:   31463152 bytes,   31463152 total
[2026-01-26T06:30:51.155+0000][66][trace][gc,age      ] GC(27) - age   2:    8215784 bytes,   39678936 total
[2026-01-26T06:30:51.156+0000][66][trace][gc,age      ] GC(27) - age   3:    3232712 bytes,   42911648 total
[2026-01-26T06:30:51.156+0000][66][trace][gc,age      ] GC(27) - age   4:     860912 bytes,   43772560 total
[2026-01-26T06:30:51.156+0000][66][trace][gc,age      ] GC(27) - age   5:     879168 bytes,   44651728 total
[2026-01-26T06:30:51.157+0000][66][trace][gc,age      ] GC(27) - age   6:    1818888 bytes,   46470616 total
[2026-01-26T06:30:51.157+0000][66][trace][gc,age      ] GC(27) - age   7:       4192 bytes,   46474808 total
[2026-01-26T06:30:51.157+0000][66][trace][gc,age      ] GC(27) - age   8:     233408 bytes,   46708216 total
[2026-01-26T06:30:51.158+0000][66][info ][gc,heap     ] GC(27) Eden regions: 146->0(141)
[2026-01-26T06:30:51.158+0000][66][info ][gc,heap     ] GC(27) Survivor regions: 7->12(20)
[2026-01-26T06:30:51.158+0000][66][info ][gc,heap     ] GC(27) Old regions: 41->41
[2026-01-26T06:30:51.159+0000][66][info ][gc,heap     ] GC(27) Humongous regions: 0->0
[2026-01-26T06:30:51.159+0000][66][info ][gc,metaspace] GC(27) Metaspace: 131538K(134976K)->131538K(134976K) NonClass: 113835K(115648K)->113835K(115648K) Class: 17702K(19328K)->17702K(19328K)
[2026-01-26T06:30:51.159+0000][66][info ][gc          ] GC(27) Pause Young (Normal) (G1 Evacuation Pause) 771M->209M(1024M) 21.045ms
[2026-01-26T06:30:51.160+0000][66][info ][gc,cpu      ] GC(27) User=0.06s Sys=0.01s Real=0.02s
[2026-01-26T06:30:51.160+0000][66][info ][safepoint   ] Safepoint "G1CollectForAllocation", Time since last: 1949981942 ns, Reaching safepoint: 13101 ns, Cleanup: 9501 ns, At safepoint: 21699169 ns, Total: 21721771 ns
[2026-01-26T06:30:52.161+0000][66][info ][safepoint   ] Safepoint "Cleanup", Time since last: 1000528450 ns, Reaching safepoint: 121610 ns, Cleanup: 18302 ns, At safepoint: 35403 ns, Total: 175315 ns
[2026-01-26T06:30:53.164+0000][66][info ][safepoint   ] Safepoint "Cleanup", Time since last: 1002904354 ns, Reaching safepoint: 10301 ns, Cleanup: 15101 ns, At safepoint: 35203 ns, Total: 60605 ns
[2026-01-26T06:30:54.165+0000][66][info ][safepoint   ] Safepoint "Cleanup", Time since last: 1000724767 ns, Reaching safepoint: 176115 ns, Cleanup: 17202 ns, At safepoint: 48004 ns, Total: 241321 ns
[2026-01-26T06:30:54.699+0000][66][info ][gc,start    ] GC(28) Pause Young (Normal) (G1 Evacuation Pause)
[2026-01-26T06:30:54.700+0000][66][info ][gc,task     ] GC(28) Using 6 workers of 6 for evacuation
[2026-01-26T06:30:54.701+0000][66][debug][gc,age      ] GC(28) Desired survivor size 41943040 bytes, new threshold 3 (max threshold 15)
[2026-01-26T06:30:54.716+0000][66][info ][gc,phases   ] GC(28)   Pre Evacuate Collection Set: 0.4ms
[2026-01-26T06:30:54.717+0000][66][info ][gc,phases   ] GC(28)   Merge Heap Roots: 0.2ms
[2026-01-26T06:30:54.717+0000][66][info ][gc,phases   ] GC(28)   Evacuate Collection Set: 13.5ms
[2026-01-26T06:30:54.718+0000][66][info ][gc,phases   ] GC(28)   Post Evacuate Collection Set: 1.2ms
[2026-01-26T06:30:54.718+0000][66][info ][gc,phases   ] GC(28)   Other: 1.0ms
[2026-01-26T06:30:54.719+0000][66][trace][gc,age      ] GC(28) Age table with threshold 3 (max threshold 15)
[2026-01-26T06:30:54.719+0000][66][trace][gc,age      ] GC(28) - age   1:   22877448 bytes,   22877448 total
[2026-01-26T06:30:54.720+0000][66][trace][gc,age      ] GC(28) - age   2:   16942384 bytes,   39819832 total
[2026-01-26T06:30:54.720+0000][66][trace][gc,age      ] GC(28) - age   3:    7436936 bytes,   47256768 total
[2026-01-26T06:30:54.721+0000][66][info ][gc,heap     ] GC(28) Eden regions: 141->0(140)
[2026-01-26T06:30:54.721+0000][66][info ][gc,heap     ] GC(28) Survivor regions: 12->13(20)
[2026-01-26T06:30:54.721+0000][66][info ][gc,heap     ] GC(28) Old regions: 41->42
[2026-01-26T06:30:54.722+0000][66][info ][gc,heap     ] GC(28) Humongous regions: 0->0
[2026-01-26T06:30:54.722+0000][66][info ][gc,metaspace] GC(28) Metaspace: 131538K(134976K)->131538K(134976K) NonClass: 113835K(115648K)->113835K(115648K) Class: 17702K(19328K)->17702K(19328K)
[2026-01-26T06:30:54.723+0000][66][info ][gc          ] GC(28) Pause Young (Normal) (G1 Evacuation Pause) 773M->216M(1024M) 23.164ms
[2026-01-26T06:30:54.723+0000][66][info ][gc,cpu      ] GC(28) User=0.07s Sys=0.00s Real=0.02s
[2026-01-26T06:30:54.723+0000][66][info ][safepoint   ] Safepoint "G1CollectForAllocation", Time since last: 534492122 ns, Reaching safepoint: 150213 ns, Cleanup: 21702 ns, At safepoint: 24053871 ns, Total: 24225786 ns
[2026-01-26T06:30:55.783+0000][66][info ][safepoint   ] Safepoint "Cleanup", Time since last: 1059667342 ns, Reaching safepoint: 7101 ns, Cleanup: 18302 ns, At safepoint: 31902 ns, Total: 57305 ns
[2026-01-26T06:30:57.034+0000][66][info ][safepoint   ] Safepoint "Cleanup", Time since last: 1251008618 ns, Reaching safepoint: 15801 ns, Cleanup: 12301 ns, At safepoint: 3601 ns, Total: 31703 ns
[2026-01-26T06:30:58.185+0000][66][info ][gc,start    ] GC(29) Pause Young (Concurrent Start) (CodeCache GC Threshold)
[2026-01-26T06:30:58.186+0000][66][info ][gc,task     ] GC(29) Using 6 workers of 6 for evacuation
[2026-01-26T06:30:58.186+0000][66][debug][gc,age      ] GC(29) Desired survivor size 41943040 bytes, new threshold 3 (max threshold 15)
[2026-01-26T06:30:58.202+0000][66][info ][gc,phases   ] GC(29)   Pre Evacuate Collection Set: 0.4ms
[2026-01-26T06:30:58.202+0000][66][info ][gc,phases   ] GC(29)   Merge Heap Roots: 0.1ms
[2026-01-26T06:30:58.203+0000][66][info ][gc,phases   ] GC(29)   Evacuate Collection Set: 13.0ms
[2026-01-26T06:30:58.203+0000][66][info ][gc,phases   ] GC(29)   Post Evacuate Collection Set: 1.0ms
[2026-01-26T06:30:58.203+0000][66][info ][gc,phases   ] GC(29)   Other: 1.1ms
[2026-01-26T06:30:58.204+0000][66][trace][gc,age      ] GC(29) Age table with threshold 3 (max threshold 15)
[2026-01-26T06:30:58.204+0000][66][trace][gc,age      ] GC(29) - age   1:   15406120 bytes,   15406120 total
[2026-01-26T06:30:58.205+0000][66][trace][gc,age      ] GC(29) - age   2:   17954392 bytes,   33360512 total
[2026-01-26T06:30:58.205+0000][66][trace][gc,age      ] GC(29) - age   3:   16942032 bytes,   50302544 total
[2026-01-26T06:30:58.205+0000][66][info ][gc,heap     ] GC(29) Eden regions: 80->0(140)
[2026-01-26T06:30:58.206+0000][66][info ][gc,heap     ] GC(29) Survivor regions: 13->13(20)
[2026-01-26T06:30:58.206+0000][66][info ][gc,heap     ] GC(29) Old regions: 42->44
[2026-01-26T06:30:58.206+0000][66][info ][gc,heap     ] GC(29) Humongous regions: 0->0
[2026-01-26T06:30:58.207+0000][66][info ][gc,metaspace] GC(29) Metaspace: 131540K(134976K)->131540K(134976K) NonClass: 113838K(115648K)->113838K(115648K) Class: 17702K(19328K)->17702K(19328K)
[2026-01-26T06:30:58.207+0000][66][info ][gc          ] GC(29) Pause Young (Concurrent Start) (CodeCache GC Threshold) 534M->226M(1024M) 21.834ms
[2026-01-26T06:30:58.208+0000][66][info ][gc,cpu      ] GC(29) User=0.06s Sys=0.00s Real=0.03s
[2026-01-26T06:30:58.208+0000][66][info ][gc          ] GC(30) Concurrent Mark Cycle
[2026-01-26T06:30:58.208+0000][66][info ][gc,marking  ] GC(30) Concurrent Scan Root Regions
[2026-01-26T06:30:58.208+0000][66][info ][safepoint   ] Safepoint "G1TryInitiateConcMark", Time since last: 1151018125 ns, Reaching safepoint: 125011 ns, Cleanup: 9701 ns, At safepoint: 22702638 ns, Total: 22837350 ns
[2026-01-26T06:30:58.212+0000][66][info ][gc,marking  ] GC(30) Concurrent Scan Root Regions 3.443ms
[2026-01-26T06:30:58.212+0000][66][info ][gc,marking  ] GC(30) Concurrent Mark
[2026-01-26T06:30:58.213+0000][66][info ][gc,marking  ] GC(30) Concurrent Mark From Roots
[2026-01-26T06:30:58.213+0000][66][info ][gc,task     ] GC(30) Using 2 workers of 2 for marking
[2026-01-26T06:30:58.307+0000][66][info ][gc,marking  ] GC(30) Concurrent Mark From Roots 94.855ms
[2026-01-26T06:30:58.308+0000][66][info ][gc,marking  ] GC(30) Concurrent Preclean
[2026-01-26T06:30:58.309+0000][66][info ][gc,marking  ] GC(30) Concurrent Preclean 0.854ms
[2026-01-26T06:30:58.309+0000][66][info ][gc,start    ] GC(30) Pause Remark
[2026-01-26T06:30:58.338+0000][66][info ][gc          ] GC(30) Pause Remark 248M->240M(1024M) 28.380ms
[2026-01-26T06:30:58.338+0000][66][info ][gc,cpu      ] GC(30) User=0.11s Sys=0.00s Real=0.02s
[2026-01-26T06:30:58.338+0000][66][info ][safepoint   ] Safepoint "G1PauseRemark", Time since last: 101061427 ns, Reaching safepoint: 120310 ns, Cleanup: 5301 ns, At safepoint: 29109685 ns, Total: 29235296 ns
[2026-01-26T06:30:58.339+0000][66][info ][gc,marking  ] GC(30) Concurrent Mark 126.504ms
[2026-01-26T06:30:58.339+0000][66][info ][gc,marking  ] GC(30) Concurrent Rebuild Remembered Sets and Scrub Regions
[2026-01-26T06:30:58.402+0000][66][info ][gc,marking  ] GC(30) Concurrent Rebuild Remembered Sets and Scrub Regions 63.081ms
[2026-01-26T06:30:58.403+0000][66][info ][gc,start    ] GC(30) Pause Cleanup
[2026-01-26T06:30:58.403+0000][66][info ][gc          ] GC(30) Pause Cleanup 252M->252M(1024M) 0.563ms
[2026-01-26T06:30:58.404+0000][66][info ][gc,cpu      ] GC(30) User=0.00s Sys=0.00s Real=0.00s
[2026-01-26T06:30:58.404+0000][66][info ][safepoint   ] Safepoint "G1PauseCleanup", Time since last: 64254985 ns, Reaching safepoint: 163114 ns, Cleanup: 13901 ns, At safepoint: 1217104 ns, Total: 1394119 ns
[2026-01-26T06:30:58.404+0000][66][info ][gc,marking  ] GC(30) Concurrent Clear Claimed Marks
[2026-01-26T06:30:58.405+0000][66][info ][gc,marking  ] GC(30) Concurrent Clear Claimed Marks 0.570ms
[2026-01-26T06:30:58.405+0000][66][info ][gc,marking  ] GC(30) Concurrent Cleanup for Next Mark
[2026-01-26T06:30:58.408+0000][66][info ][gc,marking  ] GC(30) Concurrent Cleanup for Next Mark 2.300ms
[2026-01-26T06:30:58.408+0000][66][info ][gc          ] GC(30) Concurrent Mark Cycle 200.383ms
[2026-01-26T06:30:59.405+0000][66][info ][safepoint   ] Safepoint "Cleanup", Time since last: 1000456204 ns, Reaching safepoint: 121511 ns, Cleanup: 10601 ns, At safepoint: 34903 ns, Total: 167015 ns
[2026-01-26T06:31:01.405+0000][66][info ][safepoint   ] Safepoint "Cleanup", Time since last: 2000649486 ns, Reaching safepoint: 14901 ns, Cleanup: 11601 ns, At safepoint: 3701 ns, Total: 30203 ns
[2026-01-26T06:31:05.110+0000][66][info ][gc,start    ] GC(31) Pause Young (Prepare Mixed) (G1 Evacuation Pause)
[2026-01-26T06:31:05.110+0000][66][info ][gc,task     ] GC(31) Using 6 workers of 6 for evacuation
[2026-01-26T06:31:05.111+0000][66][debug][gc,age      ] GC(31) Desired survivor size 41943040 bytes, new threshold 3 (max threshold 15)
[2026-01-26T06:31:05.128+0000][66][info ][gc,phases   ] GC(31)   Pre Evacuate Collection Set: 0.4ms
[2026-01-26T06:31:05.129+0000][66][info ][gc,phases   ] GC(31)   Merge Heap Roots: 0.2ms
[2026-01-26T06:31:05.129+0000][66][info ][gc,phases   ] GC(31)   Evacuate Collection Set: 15.0ms
[2026-01-26T06:31:05.129+0000][66][info ][gc,phases   ] GC(31)   Post Evacuate Collection Set: 1.3ms
[2026-01-26T06:31:05.130+0000][66][info ][gc,phases   ] GC(31)   Other: 0.8ms
[2026-01-26T06:31:05.130+0000][66][trace][gc,age      ] GC(31) Age table with threshold 3 (max threshold 15)
[2026-01-26T06:31:05.130+0000][66][trace][gc,age      ] GC(31) - age   1:   29485384 bytes,   29485384 total
[2026-01-26T06:31:05.131+0000][66][trace][gc,age      ] GC(31) - age   2:    6561880 bytes,   36047264 total
[2026-01-26T06:31:05.131+0000][66][trace][gc,age      ] GC(31) - age   3:   17157624 bytes,   53204888 total
[2026-01-26T06:31:05.131+0000][66][info ][gc,heap     ] GC(31) Eden regions: 140->0(139)
[2026-01-26T06:31:05.132+0000][66][info ][gc,heap     ] GC(31) Survivor regions: 13->14(20)
[2026-01-26T06:31:05.132+0000][66][info ][gc,heap     ] GC(31) Old regions: 42->46
[2026-01-26T06:31:05.132+0000][66][info ][gc,heap     ] GC(31) Humongous regions: 0->0
[2026-01-26T06:31:05.133+0000][66][info ][gc,metaspace] GC(31) Metaspace: 131430K(134912K)->131430K(134912K) NonClass: 113741K(115584K)->113741K(115584K) Class: 17689K(19328K)->17689K(19328K)
[2026-01-26T06:31:05.133+0000][66][info ][gc          ] GC(31) Pause Young (Prepare Mixed) (G1 Evacuation Pause) 778M->238M(1024M) 23.142ms
[2026-01-26T06:31:05.134+0000][66][info ][gc,cpu      ] GC(31) User=0.08s Sys=0.00s Real=0.02s
[2026-01-26T06:31:05.134+0000][66][info ][safepoint   ] Safepoint "G1CollectForAllocation", Time since last: 3706822833 ns, Reaching safepoint: 15802 ns, Cleanup: 9701 ns, At safepoint: 24001148 ns, Total: 24026651 ns
[2026-01-26T06:31:07.135+0000][66][info ][safepoint   ] Safepoint "Cleanup", Time since last: 2000651407 ns, Reaching safepoint: 147613 ns, Cleanup: 15501 ns, At safepoint: 52104 ns, Total: 215218 ns
[2026-01-26T06:31:09.028+0000][66][info ][gc,start    ] GC(32) Pause Young (Mixed) (G1 Evacuation Pause)
[2026-01-26T06:31:09.028+0000][66][info ][gc,task     ] GC(32) Using 6 workers of 6 for evacuation
[2026-01-26T06:31:09.029+0000][66][debug][gc,age      ] GC(32) Desired survivor size 41943040 bytes, new threshold 3 (max threshold 15)
[2026-01-26T06:31:09.047+0000][66][info ][gc,phases   ] GC(32)   Pre Evacuate Collection Set: 0.4ms
[2026-01-26T06:31:09.048+0000][66][info ][gc,phases   ] GC(32)   Merge Heap Roots: 0.2ms
[2026-01-26T06:31:09.048+0000][66][info ][gc,phases   ] GC(32)   Evacuate Collection Set: 15.9ms
[2026-01-26T06:31:09.049+0000][66][info ][gc,phases   ] GC(32)   Post Evacuate Collection Set: 1.4ms
[2026-01-26T06:31:09.049+0000][66][info ][gc,phases   ] GC(32)   Other: 1.0ms
[2026-01-26T06:31:09.049+0000][66][trace][gc,age      ] GC(32) Age table with threshold 3 (max threshold 15)
[2026-01-26T06:31:09.050+0000][66][trace][gc,age      ] GC(32) - age   1:   22971704 bytes,   22971704 total
[2026-01-26T06:31:09.050+0000][66][trace][gc,age      ] GC(32) - age   2:   15721784 bytes,   38693488 total
[2026-01-26T06:31:09.051+0000][66][trace][gc,age      ] GC(32) - age   3:    5962776 bytes,   44656264 total
[2026-01-26T06:31:09.051+0000][66][info ][gc,heap     ] GC(32) Eden regions: 139->0(141)
[2026-01-26T06:31:09.052+0000][66][info ][gc,heap     ] GC(32) Survivor regions: 14->12(20)
[2026-01-26T06:31:09.052+0000][66][info ][gc,heap     ] GC(32) Old regions: 46->47
[2026-01-26T06:31:09.053+0000][66][info ][gc,heap     ] GC(32) Humongous regions: 0->0
[2026-01-26T06:31:09.053+0000][66][info ][gc,metaspace] GC(32) Metaspace: 131431K(134912K)->131431K(134912K) NonClass: 113742K(115584K)->113742K(115584K) Class: 17689K(19328K)->17689K(19328K)
[2026-01-26T06:31:09.054+0000][66][info ][gc          ] GC(32) Pause Young (Mixed) (G1 Evacuation Pause) 794M->234M(1024M) 26.099ms
[2026-01-26T06:31:09.054+0000][66][info ][gc,cpu      ] GC(32) User=0.08s Sys=0.00s Real=0.02s
[2026-01-26T06:31:09.055+0000][66][info ][safepoint   ] Safepoint "G1CollectForAllocation", Time since last: 1892940744 ns, Reaching safepoint: 19502 ns, Cleanup: 6901 ns, At safepoint: 27231829 ns, Total: 27258232 ns
[2026-01-26T06:31:10.059+0000][66][info ][safepoint   ] Safepoint "Cleanup", Time since last: 1003616361 ns, Reaching safepoint: 167115 ns, Cleanup: 16301 ns, At safepoint: 106109 ns, Total: 289525 ns
[2026-01-26T06:31:11.830+0000][66][info ][safepoint   ] Safepoint "Cleanup", Time since last: 1771029715 ns, Reaching safepoint: 23002 ns, Cleanup: 35403 ns, At safepoint: 4900 ns, Total: 63305 ns
[2026-01-26T06:31:13.831+0000][66][info ][safepoint   ] Safepoint "Cleanup", Time since last: 2001165503 ns, Reaching safepoint: 17401 ns, Cleanup: 15402 ns, At safepoint: 3700 ns, Total: 36503 ns
[2026-01-26T06:31:15.832+0000][66][info ][safepoint   ] Safepoint "Cleanup", Time since last: 2000963740 ns, Reaching safepoint: 21802 ns, Cleanup: 14501 ns, At safepoint: 3701 ns, Total: 40004 ns
[2026-01-26T06:31:16.063+0000][66][info ][gc,start    ] GC(33) Pause Young (Normal) (G1 Evacuation Pause)
[2026-01-26T06:31:16.064+0000][66][info ][gc,task     ] GC(33) Using 6 workers of 6 for evacuation
[2026-01-26T06:31:16.064+0000][66][debug][gc,age      ] GC(33) Desired survivor size 41943040 bytes, new threshold 3 (max threshold 15)
[2026-01-26T06:31:16.082+0000][66][info ][gc,phases   ] GC(33)   Pre Evacuate Collection Set: 0.4ms
[2026-01-26T06:31:16.083+0000][66][info ][gc,phases   ] GC(33)   Merge Heap Roots: 0.2ms
[2026-01-26T06:31:16.083+0000][66][info ][gc,phases   ] GC(33)   Evacuate Collection Set: 15.7ms
[2026-01-26T06:31:16.084+0000][66][info ][gc,phases   ] GC(33)   Post Evacuate Collection Set: 1.2ms
[2026-01-26T06:31:16.084+0000][66][info ][gc,phases   ] GC(33)   Other: 1.0ms
[2026-01-26T06:31:16.084+0000][66][trace][gc,age      ] GC(33) Age table with threshold 3 (max threshold 15)
[2026-01-26T06:31:16.085+0000][66][trace][gc,age      ] GC(33) - age   1:   24275800 bytes,   24275800 total
[2026-01-26T06:31:16.085+0000][66][trace][gc,age      ] GC(33) - age   2:   18157840 bytes,   42433640 total
[2026-01-26T06:31:16.085+0000][66][trace][gc,age      ] GC(33) - age   3:   15720832 bytes,   58154472 total
[2026-01-26T06:31:16.086+0000][66][info ][gc,heap     ] GC(33) Eden regions: 141->0(138)
[2026-01-26T06:31:16.086+0000][66][info ][gc,heap     ] GC(33) Survivor regions: 12->15(20)
[2026-01-26T06:31:16.086+0000][66][info ][gc,heap     ] GC(33) Old regions: 47->49
[2026-01-26T06:31:16.087+0000][66][info ][gc,heap     ] GC(33) Humongous regions: 0->0
[2026-01-26T06:31:16.087+0000][66][info ][gc,metaspace] GC(33) Metaspace: 131467K(134976K)->131467K(134976K) NonClass: 113778K(115648K)->113778K(115648K) Class: 17689K(19328K)->17689K(19328K)
[2026-01-26T06:31:16.088+0000][66][info ][gc          ] GC(33) Pause Young (Normal) (G1 Evacuation Pause) 798M->251M(1024M) 24.127ms
[2026-01-26T06:31:16.088+0000][66][info ][gc,cpu      ] GC(33) User=0.10s Sys=0.00s Real=0.03s
[2026-01-26T06:31:16.088+0000][66][info ][safepoint   ] Safepoint "G1CollectForAllocation", Time since last: 231148380 ns, Reaching safepoint: 15402 ns, Cleanup: 5500 ns, At safepoint: 24891441 ns, Total: 24912343 ns
[2026-01-26T06:31:17.092+0000][66][info ][safepoint   ] Safepoint "Cleanup", Time since last: 1004038457 ns, Reaching safepoint: 40503 ns, Cleanup: 11201 ns, At safepoint: 3800 ns, Total: 55504 ns
[2026-01-26T06:31:18.093+0000][66][info ][safepoint   ] Safepoint "Cleanup", Time since last: 1000631764 ns, Reaching safepoint: 15201 ns, Cleanup: 17502 ns, At safepoint: 3100 ns, Total: 35803 ns
[2026-01-26T06:31:19.094+0000][66][info ][safepoint   ] Safepoint "Cleanup", Time since last: 1000554657 ns, Reaching safepoint: 16001 ns, Cleanup: 13001 ns, At safepoint: 3500 ns, Total: 32502 ns
[2026-01-26T06:31:20.094+0000][66][info ][safepoint   ] Safepoint "Cleanup", Time since last: 1000712271 ns, Reaching safepoint: 14901 ns, Cleanup: 12901 ns, At safepoint: 3601 ns, Total: 31403 ns
[2026-01-26T06:31:21.095+0000][66][info ][safepoint   ] Safepoint "Cleanup", Time since last: 1000674867 ns, Reaching safepoint: 16501 ns, Cleanup: 14301 ns, At safepoint: 2601 ns, Total: 33403 ns
[2026-01-26T06:31:21.846+0000][66][info ][gc,start    ] GC(34) Pause Young (Normal) (G1 Evacuation Pause)
[2026-01-26T06:31:21.846+0000][66][info ][gc,task     ] GC(34) Using 6 workers of 6 for evacuation
[2026-01-26T06:31:21.847+0000][66][debug][gc,age      ] GC(34) Desired survivor size 41943040 bytes, new threshold 2 (max threshold 15)
[2026-01-26T06:31:21.865+0000][66][info ][gc,phases   ] GC(34)   Pre Evacuate Collection Set: 0.3ms
[2026-01-26T06:31:21.865+0000][66][info ][gc,phases   ] GC(34)   Merge Heap Roots: 0.2ms
[2026-01-26T06:31:21.866+0000][66][info ][gc,phases   ] GC(34)   Evacuate Collection Set: 16.1ms
[2026-01-26T06:31:21.866+0000][66][info ][gc,phases   ] GC(34)   Post Evacuate Collection Set: 1.1ms
[2026-01-26T06:31:21.866+0000][66][info ][gc,phases   ] GC(34)   Other: 0.7ms
[2026-01-26T06:31:21.867+0000][66][trace][gc,age      ] GC(34) Age table with threshold 2 (max threshold 15)
[2026-01-26T06:31:21.867+0000][66][trace][gc,age      ] GC(34) - age   1:   27285648 bytes,   27285648 total
[2026-01-26T06:31:21.867+0000][66][trace][gc,age      ] GC(34) - age   2:   12260656 bytes,   39546304 total
[2026-01-26T06:31:21.868+0000][66][info ][gc,heap     ] GC(34) Eden regions: 138->0(142)
[2026-01-26T06:31:21.868+0000][66][info ][gc,heap     ] GC(34) Survivor regions: 15->11(20)
[2026-01-26T06:31:21.868+0000][66][info ][gc,heap     ] GC(34) Old regions: 49->57
[2026-01-26T06:31:21.869+0000][66][info ][gc,heap     ] GC(34) Humongous regions: 0->0
[2026-01-26T06:31:21.869+0000][66][info ][gc,metaspace] GC(34) Metaspace: 131489K(134976K)->131489K(134976K) NonClass: 113799K(115648K)->113799K(115648K) Class: 17689K(19328K)->17689K(19328K)
[2026-01-26T06:31:21.869+0000][66][info ][gc          ] GC(34) Pause Young (Normal) (G1 Evacuation Pause) 803M->267M(1024M) 23.038ms
[2026-01-26T06:31:21.869+0000][66][info ][gc,cpu      ] GC(34) User=0.08s Sys=0.01s Real=0.02s
[2026-01-26T06:31:21.870+0000][66][info ][safepoint   ] Safepoint "G1CollectForAllocation", Time since last: 751013394 ns, Reaching safepoint: 14001 ns, Cleanup: 8701 ns, At safepoint: 23738741 ns, Total: 23761443 ns
[2026-01-26T06:31:22.876+0000][66][info ][safepoint   ] Safepoint "Cleanup", Time since last: 1006431902 ns, Reaching safepoint: 120110 ns, Cleanup: 11101 ns, At safepoint: 83107 ns, Total: 214318 ns
[2026-01-26T06:31:24.732+0000][66][info ][safepoint   ] Safepoint "Cleanup", Time since last: 1855587597 ns, Reaching safepoint: 29703 ns, Cleanup: 23602 ns, At safepoint: 8501 ns, Total: 61806 ns
[2026-01-26T06:31:25.571+0000][66][info ][gc,start    ] GC(35) Pause Young (Normal) (G1 Evacuation Pause)
[2026-01-26T06:31:25.572+0000][66][info ][gc,task     ] GC(35) Using 6 workers of 6 for evacuation
[2026-01-26T06:31:25.572+0000][66][debug][gc,age      ] GC(35) Desired survivor size 41943040 bytes, new threshold 15 (max threshold 15)
[2026-01-26T06:31:25.586+0000][66][info ][gc,phases   ] GC(35)   Pre Evacuate Collection Set: 0.4ms
[2026-01-26T06:31:25.587+0000][66][info ][gc,phases   ] GC(35)   Merge Heap Roots: 0.2ms
[2026-01-26T06:31:25.587+0000][66][info ][gc,phases   ] GC(35)   Evacuate Collection Set: 11.6ms
[2026-01-26T06:31:25.587+0000][66][info ][gc,phases   ] GC(35)   Post Evacuate Collection Set: 1.3ms
[2026-01-26T06:31:25.588+0000][66][info ][gc,phases   ] GC(35)   Other: 1.0ms
[2026-01-26T06:31:25.588+0000][66][trace][gc,age      ] GC(35) Age table with threshold 15 (max threshold 15)
[2026-01-26T06:31:25.588+0000][66][trace][gc,age      ] GC(35) - age   1:   12350864 bytes,   12350864 total
[2026-01-26T06:31:25.589+0000][66][trace][gc,age      ] GC(35) - age   2:   22730352 bytes,   35081216 total
[2026-01-26T06:31:25.589+0000][66][trace][gc,age      ] GC(35) - age   3:   12260272 bytes,   47341488 total
[2026-01-26T06:31:25.589+0000][66][info ][gc,heap     ] GC(35) Eden regions: 142->0(140)
[2026-01-26T06:31:25.590+0000][66][info ][gc,heap     ] GC(35) Survivor regions: 11->13(20)
[2026-01-26T06:31:25.590+0000][66][info ][gc,heap     ] GC(35) Old regions: 57->57
[2026-01-26T06:31:25.590+0000][66][info ][gc,heap     ] GC(35) Humongous regions: 0->0
[2026-01-26T06:31:25.591+0000][66][info ][gc,metaspace] GC(35) Metaspace: 131606K(135104K)->131606K(135104K) NonClass: 113904K(115776K)->113904K(115776K) Class: 17701K(19328K)->17701K(19328K)
[2026-01-26T06:31:25.591+0000][66][info ][gc          ] GC(35) Pause Young (Normal) (G1 Evacuation Pause) 835M->273M(1024M) 19.626ms
[2026-01-26T06:31:25.591+0000][66][info ][gc,cpu      ] GC(35) User=0.07s Sys=0.00s Real=0.02s
[2026-01-26T06:31:25.592+0000][66][info ][safepoint   ] Safepoint "G1CollectForAllocation", Time since last: 838839164 ns, Reaching safepoint: 164014 ns, Cleanup: 61205 ns, At safepoint: 20511272 ns, Total: 20736491 ns
[2026-01-26T06:31:26.687+0000][66][info ][safepoint   ] Safepoint "Cleanup", Time since last: 1095192209 ns, Reaching safepoint: 141613 ns, Cleanup: 32302 ns, At safepoint: 70207 ns, Total: 244122 ns
[2026-01-26T06:31:28.285+0000][66][info ][safepoint   ] Safepoint "Cleanup", Time since last: 1598106754 ns, Reaching safepoint: 15401 ns, Cleanup: 14701 ns, At safepoint: 3701 ns, Total: 33803 ns
[2026-01-26T06:31:29.286+0000][66][info ][safepoint   ] Safepoint "Cleanup", Time since last: 1000675344 ns, Reaching safepoint: 13001 ns, Cleanup: 10401 ns, At safepoint: 3001 ns, Total: 26403 ns
[2026-01-26T06:31:32.307+0000][66][info ][gc,start    ] GC(36) Pause Young (Normal) (G1 Evacuation Pause)
[2026-01-26T06:31:32.308+0000][66][info ][gc,task     ] GC(36) Using 6 workers of 6 for evacuation
[2026-01-26T06:31:32.308+0000][66][debug][gc,age      ] GC(36) Desired survivor size 41943040 bytes, new threshold 3 (max threshold 15)
[2026-01-26T06:31:32.324+0000][66][info ][gc,phases   ] GC(36)   Pre Evacuate Collection Set: 0.4ms
[2026-01-26T06:31:32.324+0000][66][info ][gc,phases   ] GC(36)   Merge Heap Roots: 0.2ms
[2026-01-26T06:31:32.325+0000][66][info ][gc,phases   ] GC(36)   Evacuate Collection Set: 13.1ms
[2026-01-26T06:31:32.325+0000][66][info ][gc,phases   ] GC(36)   Post Evacuate Collection Set: 1.2ms
[2026-01-26T06:31:32.325+0000][66][info ][gc,phases   ] GC(36)   Other: 0.9ms
[2026-01-26T06:31:32.326+0000][66][trace][gc,age      ] GC(36) Age table with threshold 3 (max threshold 15)
[2026-01-26T06:31:32.326+0000][66][trace][gc,age      ] GC(36) - age   1:   23707120 bytes,   23707120 total
[2026-01-26T06:31:32.327+0000][66][trace][gc,age      ] GC(36) - age   2:      60864 bytes,   23767984 total
[2026-01-26T06:31:32.327+0000][66][trace][gc,age      ] GC(36) - age   3:   20052008 bytes,   43819992 total
[2026-01-26T06:31:32.327+0000][66][info ][gc,heap     ] GC(36) Eden regions: 140->0(141)
[2026-01-26T06:31:32.328+0000][66][info ][gc,heap     ] GC(36) Survivor regions: 13->12(20)
[2026-01-26T06:31:32.328+0000][66][info ][gc,heap     ] GC(36) Old regions: 57->60
[2026-01-26T06:31:32.328+0000][66][info ][gc,heap     ] GC(36) Humongous regions: 0->0
[2026-01-26T06:31:32.329+0000][66][info ][gc,metaspace] GC(36) Metaspace: 131610K(135104K)->131610K(135104K) NonClass: 113909K(115776K)->113909K(115776K) Class: 17701K(19328K)->17701K(19328K)
[2026-01-26T06:31:32.329+0000][66][info ][gc          ] GC(36) Pause Young (Normal) (G1 Evacuation Pause) 833M->282M(1024M) 21.679ms
[2026-01-26T06:31:32.330+0000][66][info ][gc,cpu      ] GC(36) User=0.08s Sys=0.00s Real=0.02s
[2026-01-26T06:31:32.330+0000][66][info ][safepoint   ] Safepoint "G1CollectForAllocation", Time since last: 3023813331 ns, Reaching safepoint: 16001 ns, Cleanup: 4300 ns, At safepoint: 22491734 ns, Total: 22512035 ns
[2026-01-26T06:31:35.331+0000][66][info ][safepoint   ] Safepoint "Cleanup", Time since last: 3000775147 ns, Reaching safepoint: 15401 ns, Cleanup: 14900 ns, At safepoint: 3700 ns, Total: 34001 ns
[2026-01-26T06:31:36.332+0000][66][info ][safepoint   ] Safepoint "Cleanup", Time since last: 1000711770 ns, Reaching safepoint: 16901 ns, Cleanup: 13101 ns, At safepoint: 3700 ns, Total: 33702 ns
[2026-01-26T06:31:37.927+0000][66][info ][gc,start    ] GC(37) Pause Young (Normal) (G1 Evacuation Pause)
[2026-01-26T06:31:37.928+0000][66][info ][gc,task     ] GC(37) Using 6 workers of 6 for evacuation
[2026-01-26T06:31:37.928+0000][66][debug][gc,age      ] GC(37) Desired survivor size 41943040 bytes, new threshold 3 (max threshold 15)
[2026-01-26T06:31:37.945+0000][66][info ][gc,phases   ] GC(37)   Pre Evacuate Collection Set: 0.4ms
[2026-01-26T06:31:37.945+0000][66][info ][gc,phases   ] GC(37)   Merge Heap Roots: 0.1ms
[2026-01-26T06:31:37.945+0000][66][info ][gc,phases   ] GC(37)   Evacuate Collection Set: 14.3ms
[2026-01-26T06:31:37.946+0000][66][info ][gc,phases   ] GC(37)   Post Evacuate Collection Set: 1.1ms
[2026-01-26T06:31:37.946+0000][66][info ][gc,phases   ] GC(37)   Other: 0.8ms
[2026-01-26T06:31:37.947+0000][66][trace][gc,age      ] GC(37) Age table with threshold 3 (max threshold 15)
[2026-01-26T06:31:37.947+0000][66][trace][gc,age      ] GC(37) - age   1:   24311368 bytes,   24311368 total
[2026-01-26T06:31:37.948+0000][66][trace][gc,age      ] GC(37) - age   2:   12852616 bytes,   37163984 total
[2026-01-26T06:31:37.948+0000][66][trace][gc,age      ] GC(37) - age   3:      60688 bytes,   37224672 total
[2026-01-26T06:31:37.948+0000][66][info ][gc,heap     ] GC(37) Eden regions: 141->0(143)
[2026-01-26T06:31:37.949+0000][66][info ][gc,heap     ] GC(37) Survivor regions: 12->10(20)
[2026-01-26T06:31:37.949+0000][66][info ][gc,heap     ] GC(37) Old regions: 60->64
[2026-01-26T06:31:37.950+0000][66][info ][gc,heap     ] GC(37) Humongous regions: 0->0
[2026-01-26T06:31:37.950+0000][66][info ][gc,metaspace] GC(37) Metaspace: 131614K(135104K)->131614K(135104K) NonClass: 113912K(115776K)->113912K(115776K) Class: 17701K(19328K)->17701K(19328K)
[2026-01-26T06:31:37.951+0000][66][info ][gc          ] GC(37) Pause Young (Normal) (G1 Evacuation Pause) 846M->295M(1024M) 23.161ms
[2026-01-26T06:31:37.951+0000][66][info ][gc,cpu      ] GC(37) User=0.07s Sys=0.01s Real=0.02s
[2026-01-26T06:31:37.951+0000][66][info ][safepoint   ] Safepoint "G1CollectForAllocation", Time since last: 1595717202 ns, Reaching safepoint: 125511 ns, Cleanup: 14901 ns, At safepoint: 24099562 ns, Total: 24239974 ns
[2026-01-26T06:31:38.980+0000][66][info ][safepoint   ] Safepoint "Cleanup", Time since last: 1028014912 ns, Reaching safepoint: 6800 ns, Cleanup: 13602 ns, At safepoint: 29902 ns, Total: 50304 ns
[2026-01-26T06:31:40.391+0000][66][info ][safepoint   ] Safepoint "Cleanup", Time since last: 1411631142 ns, Reaching safepoint: 17102 ns, Cleanup: 20602 ns, At safepoint: 3900 ns, Total: 41604 ns
[2026-01-26T06:31:41.392+0000][66][info ][safepoint   ] Safepoint "Cleanup", Time since last: 1000494466 ns, Reaching safepoint: 15302 ns, Cleanup: 11301 ns, At safepoint: 3000 ns, Total: 29603 ns
[2026-01-26T06:31:42.392+0000][66][info ][safepoint   ] Safepoint "Cleanup", Time since last: 1000496566 ns, Reaching safepoint: 16702 ns, Cleanup: 11901 ns, At safepoint: 2900 ns, Total: 31503 ns
[2026-01-26T06:31:43.930+0000][66][info ][gc,start    ] GC(38) Pause Young (Normal) (G1 Evacuation Pause)
[2026-01-26T06:31:43.931+0000][66][info ][gc,task     ] GC(38) Using 6 workers of 6 for evacuation
[2026-01-26T06:31:43.931+0000][66][debug][gc,age      ] GC(38) Desired survivor size 41943040 bytes, new threshold 15 (max threshold 15)
[2026-01-26T06:31:43.943+0000][66][info ][gc,phases   ] GC(38)   Pre Evacuate Collection Set: 0.4ms
[2026-01-26T06:31:43.943+0000][66][info ][gc,phases   ] GC(38)   Merge Heap Roots: 0.1ms
[2026-01-26T06:31:43.944+0000][66][info ][gc,phases   ] GC(38)   Evacuate Collection Set: 9.3ms
[2026-01-26T06:31:43.944+0000][66][info ][gc,phases   ] GC(38)   Post Evacuate Collection Set: 1.3ms
[2026-01-26T06:31:43.944+0000][66][info ][gc,phases   ] GC(38)   Other: 0.9ms
[2026-01-26T06:31:43.945+0000][66][trace][gc,age      ] GC(38) Age table with threshold 15 (max threshold 15)
[2026-01-26T06:31:43.945+0000][66][trace][gc,age      ] GC(38) - age   1:   22097296 bytes,   22097296 total
[2026-01-26T06:31:43.945+0000][66][trace][gc,age      ] GC(38) - age   2:    3322024 bytes,   25419320 total
[2026-01-26T06:31:43.946+0000][66][trace][gc,age      ] GC(38) - age   3:     674312 bytes,   26093632 total
[2026-01-26T06:31:43.946+0000][66][trace][gc,age      ] GC(38) - age   4:      60664 bytes,   26154296 total
[2026-01-26T06:31:43.946+0000][66][info ][gc,heap     ] GC(38) Eden regions: 143->0(146)
[2026-01-26T06:31:43.947+0000][66][info ][gc,heap     ] GC(38) Survivor regions: 10->7(20)
[2026-01-26T06:31:43.947+0000][66][info ][gc,heap     ] GC(38) Old regions: 64->64
[2026-01-26T06:31:43.947+0000][66][info ][gc,heap     ] GC(38) Humongous regions: 0->0
[2026-01-26T06:31:43.947+0000][66][info ][gc,metaspace] GC(38) Metaspace: 131627K(135168K)->131627K(135168K) NonClass: 113926K(115840K)->113926K(115840K) Class: 17701K(19328K)->17701K(19328K)
[2026-01-26T06:31:43.948+0000][66][info ][gc          ] GC(38) Pause Young (Normal) (G1 Evacuation Pause) 867M->283M(1024M) 17.484ms
[2026-01-26T06:31:43.948+0000][66][info ][gc,cpu      ] GC(38) User=0.05s Sys=0.00s Real=0.02s
[2026-01-26T06:31:43.949+0000][66][info ][safepoint   ] Safepoint "G1CollectForAllocation", Time since last: 1537908460 ns, Reaching safepoint: 17402 ns, Cleanup: 4800 ns, At safepoint: 18391863 ns, Total: 18414065 ns
[2026-01-26T06:31:45.950+0000][66][info ][safepoint   ] Safepoint "Cleanup", Time since last: 2000741011 ns, Reaching safepoint: 158914 ns, Cleanup: 10001 ns, At safepoint: 35803 ns, Total: 204718 ns
[2026-01-26T06:31:46.950+0000][66][info ][safepoint   ] Safepoint "Cleanup", Time since last: 1000552104 ns, Reaching safepoint: 50104 ns, Cleanup: 18902 ns, At safepoint: 4600 ns, Total: 73606 ns
[2026-01-26T06:31:50.783+0000][66][info ][safepoint   ] Safepoint "Cleanup", Time since last: 3833017839 ns, Reaching safepoint: 6301 ns, Cleanup: 7800 ns, At safepoint: 2601 ns, Total: 16702 ns
[2026-01-26T06:31:51.022+0000][66][info ][gc,start    ] GC(39) Pause Young (Normal) (G1 Evacuation Pause)
[2026-01-26T06:31:51.022+0000][66][info ][gc,task     ] GC(39) Using 6 workers of 6 for evacuation
[2026-01-26T06:31:51.023+0000][66][debug][gc,age      ] GC(39) Desired survivor size 41943040 bytes, new threshold 15 (max threshold 15)
[2026-01-26T06:31:51.039+0000][66][info ][gc,phases   ] GC(39)   Pre Evacuate Collection Set: 0.5ms
[2026-01-26T06:31:51.039+0000][66][info ][gc,phases   ] GC(39)   Merge Heap Roots: 0.2ms
[2026-01-26T06:31:51.039+0000][66][info ][gc,phases   ] GC(39)   Evacuate Collection Set: 13.3ms
[2026-01-26T06:31:51.040+0000][66][info ][gc,phases   ] GC(39)   Post Evacuate Collection Set: 1.4ms
[2026-01-26T06:31:51.040+0000][66][info ][gc,phases   ] GC(39)   Other: 0.9ms
[2026-01-26T06:31:51.041+0000][66][trace][gc,age      ] GC(39) Age table with threshold 15 (max threshold 15)
[2026-01-26T06:31:51.041+0000][66][trace][gc,age      ] GC(39) - age   1:   28833088 bytes,   28833088 total
[2026-01-26T06:31:51.042+0000][66][trace][gc,age      ] GC(39) - age   2:   10458136 bytes,   39291224 total
[2026-01-26T06:31:51.042+0000][66][trace][gc,age      ] GC(39) - age   3:    2680504 bytes,   41971728 total
[2026-01-26T06:31:51.042+0000][66][trace][gc,age      ] GC(39) - age   4:     674064 bytes,   42645792 total
[2026-01-26T06:31:51.043+0000][66][trace][gc,age      ] GC(39) - age   5:      60232 bytes,   42706024 total
[2026-01-26T06:31:51.043+0000][66][info ][gc,heap     ] GC(39) Eden regions: 146->0(141)
[2026-01-26T06:31:51.044+0000][66][info ][gc,heap     ] GC(39) Survivor regions: 7->12(20)
[2026-01-26T06:31:51.044+0000][66][info ][gc,heap     ] GC(39) Old regions: 64->64
[2026-01-26T06:31:51.044+0000][66][info ][gc,heap     ] GC(39) Humongous regions: 0->0
[2026-01-26T06:31:51.045+0000][66][info ][gc,metaspace] GC(39) Metaspace: 131643K(135168K)->131643K(135168K) NonClass: 113942K(115840K)->113942K(115840K) Class: 17701K(19328K)->17701K(19328K)
[2026-01-26T06:31:51.045+0000][66][info ][gc          ] GC(39) Pause Young (Normal) (G1 Evacuation Pause) 867M->301M(1024M) 23.334ms
[2026-01-26T06:31:51.045+0000][66][info ][gc,cpu      ] GC(39) User=0.03s Sys=0.03s Real=0.03s
[2026-01-26T06:31:51.046+0000][66][info ][safepoint   ] Safepoint "G1CollectForAllocation", Time since last: 238386630 ns, Reaching safepoint: 17601 ns, Cleanup: 14501 ns, At safepoint: 24159932 ns, Total: 24192034 ns
[2026-01-26T06:31:52.046+0000][66][info ][safepoint   ] Safepoint "Cleanup", Time since last: 1000490461 ns, Reaching safepoint: 167814 ns, Cleanup: 12901 ns, At safepoint: 42704 ns, Total: 223419 ns
[2026-01-26T06:31:53.096+0000][66][info ][safepoint   ] Safepoint "Cleanup", Time since last: 1049293966 ns, Reaching safepoint: 151314 ns, Cleanup: 11501 ns, At safepoint: 74706 ns, Total: 237521 ns
[2026-01-26T06:31:54.431+0000][66][info ][gc,start    ] GC(40) Pause Young (Normal) (G1 Evacuation Pause)
[2026-01-26T06:31:54.431+0000][66][info ][gc,task     ] GC(40) Using 6 workers of 6 for evacuation
[2026-01-26T06:31:54.432+0000][66][debug][gc,age      ] GC(40) Desired survivor size 41943040 bytes, new threshold 3 (max threshold 15)
[2026-01-26T06:31:54.439+0000][66][info ][gc,phases   ] GC(40)   Pre Evacuate Collection Set: 0.4ms
[2026-01-26T06:31:54.439+0000][66][info ][gc,phases   ] GC(40)   Merge Heap Roots: 0.1ms
[2026-01-26T06:31:54.440+0000][66][info ][gc,phases   ] GC(40)   Evacuate Collection Set: 5.0ms
[2026-01-26T06:31:54.440+0000][66][info ][gc,phases   ] GC(40)   Post Evacuate Collection Set: 1.1ms
[2026-01-26T06:31:54.440+0000][66][info ][gc,phases   ] GC(40)   Other: 1.0ms
[2026-01-26T06:31:54.441+0000][66][trace][gc,age      ] GC(40) Age table with threshold 3 (max threshold 15)
[2026-01-26T06:31:54.441+0000][66][trace][gc,age      ] GC(40) - age   1:   12994712 bytes,   12994712 total
[2026-01-26T06:31:54.442+0000][66][trace][gc,age      ] GC(40) - age   2:    2189704 bytes,   15184416 total
[2026-01-26T06:31:54.442+0000][66][trace][gc,age      ] GC(40) - age   3:     240928 bytes,   15425344 total
[2026-01-26T06:31:54.442+0000][66][info ][gc,heap     ] GC(40) Eden regions: 141->0(148)
[2026-01-26T06:31:54.442+0000][66][info ][gc,heap     ] GC(40) Survivor regions: 12->5(20)
[2026-01-26T06:31:54.443+0000][66][info ][gc,heap     ] GC(40) Old regions: 64->65
[2026-01-26T06:31:54.443+0000][66][info ][gc,heap     ] GC(40) Humongous regions: 0->0
[2026-01-26T06:31:54.443+0000][66][info ][gc,metaspace] GC(40) Metaspace: 131656K(135168K)->131656K(135168K) NonClass: 113955K(115840K)->113955K(115840K) Class: 17701K(19328K)->17701K(19328K)
[2026-01-26T06:31:54.444+0000][66][info ][gc          ] GC(40) Pause Young (Normal) (G1 Evacuation Pause) 865M->273M(1024M) 12.967ms
[2026-01-26T06:31:54.444+0000][66][info ][gc,cpu      ] GC(40) User=0.03s Sys=0.00s Real=0.02s
[2026-01-26T06:31:54.444+0000][66][info ][safepoint   ] Safepoint "G1CollectForAllocation", Time since last: 1334623248 ns, Reaching safepoint: 15701 ns, Cleanup: 4700 ns, At safepoint: 13668923 ns, Total: 13689324 ns
[2026-01-26T06:31:55.488+0000][66][info ][safepoint   ] Safepoint "Cleanup", Time since last: 1043917007 ns, Reaching safepoint: 8701 ns, Cleanup: 25702 ns, At safepoint: 3900 ns, Total: 38303 ns
[2026-01-26T06:31:56.633+0000][66][info ][safepoint   ] Safepoint "Cleanup", Time since last: 1144218642 ns, Reaching safepoint: 7301 ns, Cleanup: 43403 ns, At safepoint: 3701 ns, Total: 54405 ns
[2026-01-26T06:31:58.026+0000][66][info ][safepoint   ] Safepoint "Cleanup", Time since last: 1393441403 ns, Reaching safepoint: 16102 ns, Cleanup: 33702 ns, At safepoint: 4101 ns, Total: 53905 ns
[2026-01-26T06:31:59.027+0000][66][info ][safepoint   ] Safepoint "Cleanup", Time since last: 1000633253 ns, Reaching safepoint: 13401 ns, Cleanup: 18102 ns, At safepoint: 3000 ns, Total: 34503 ns
[2026-01-26T06:32:00.027+0000][66][info ][safepoint   ] Safepoint "Cleanup", Time since last: 1000434437 ns, Reaching safepoint: 35903 ns, Cleanup: 10701 ns, At safepoint: 30803 ns, Total: 77407 ns
[2026-01-26T06:32:01.028+0000][66][info ][safepoint   ] Safepoint "Cleanup", Time since last: 1000671756 ns, Reaching safepoint: 133411 ns, Cleanup: 12701 ns, At safepoint: 44304 ns, Total: 190416 ns
[2026-01-26T06:32:02.173+0000][66][info ][safepoint   ] Safepoint "Cleanup", Time since last: 1147532822 ns, Reaching safepoint: 6501 ns, Cleanup: 11000 ns, At safepoint: 3300 ns, Total: 20801 ns
[2026-01-26T06:32:02.658+0000][66][info ][gc,start    ] GC(41) Pause Young (Normal) (G1 Evacuation Pause)
[2026-01-26T06:32:02.659+0000][66][info ][gc,task     ] GC(41) Using 6 workers of 6 for evacuation
[2026-01-26T06:32:02.659+0000][66][debug][gc,age      ] GC(41) Desired survivor size 41943040 bytes, new threshold 15 (max threshold 15)
[2026-01-26T06:32:02.672+0000][66][info ][gc,phases   ] GC(41)   Pre Evacuate Collection Set: 0.4ms
[2026-01-26T06:32:02.673+0000][66][info ][gc,phases   ] GC(41)   Merge Heap Roots: 0.2ms
[2026-01-26T06:32:02.673+0000][66][info ][gc,phases   ] GC(41)   Evacuate Collection Set: 10.6ms
[2026-01-26T06:32:02.673+0000][66][info ][gc,phases   ] GC(41)   Post Evacuate Collection Set: 1.5ms
[2026-01-26T06:32:02.674+0000][66][info ][gc,phases   ] GC(41)   Other: 0.9ms
[2026-01-26T06:32:02.674+0000][66][trace][gc,age      ] GC(41) Age table with threshold 15 (max threshold 15)
[2026-01-26T06:32:02.674+0000][66][trace][gc,age      ] GC(41) - age   1:   31033720 bytes,   31033720 total
[2026-01-26T06:32:02.674+0000][66][trace][gc,age      ] GC(41) - age   2:    6096288 bytes,   37130008 total
[2026-01-26T06:32:02.675+0000][66][trace][gc,age      ] GC(41) - age   3:    2186136 bytes,   39316144 total
[2026-01-26T06:32:02.675+0000][66][trace][gc,age      ] GC(41) - age   4:     240768 bytes,   39556912 total
[2026-01-26T06:32:02.676+0000][66][info ][gc,heap     ] GC(41) Eden regions: 148->0(142)
[2026-01-26T06:32:02.676+0000][66][info ][gc,heap     ] GC(41) Survivor regions: 5->11(20)
[2026-01-26T06:32:02.676+0000][66][info ][gc,heap     ] GC(41) Old regions: 65->65
[2026-01-26T06:32:02.676+0000][66][info ][gc,heap     ] GC(41) Humongous regions: 0->0
[2026-01-26T06:32:02.677+0000][66][info ][gc,metaspace] GC(41) Metaspace: 131982K(135488K)->131982K(135488K) NonClass: 114232K(116096K)->114232K(116096K) Class: 17750K(19392K)->17750K(19392K)
[2026-01-26T06:32:02.677+0000][66][info ][gc          ] GC(41) Pause Young (Normal) (G1 Evacuation Pause) 865M->297M(1024M) 18.911ms
[2026-01-26T06:32:02.677+0000][66][info ][gc,cpu      ] GC(41) User=0.06s Sys=0.00s Real=0.02s
[2026-01-26T06:32:02.678+0000][66][info ][safepoint   ] Safepoint "G1CollectForAllocation", Time since last: 485048385 ns, Reaching safepoint: 16200 ns, Cleanup: 71603 ns, At safepoint: 19712349 ns, Total: 19800152 ns
[2026-01-26T06:32:03.678+0000][66][info ][safepoint   ] Safepoint "Cleanup", Time since last: 1000505271 ns, Reaching safepoint: 17601 ns, Cleanup: 32801 ns, At safepoint: 3900 ns, Total: 54302 ns
[2026-01-26T06:32:04.679+0000][66][info ][safepoint   ] Safepoint "Cleanup", Time since last: 1000723079 ns, Reaching safepoint: 184006 ns, Cleanup: 25300 ns, At safepoint: 59102 ns, Total: 268408 ns
[2026-01-26T06:32:06.227+0000][66][info ][safepoint   ] Safepoint "Cleanup", Time since last: 1547228989 ns, Reaching safepoint: 153205 ns, Cleanup: 46701 ns, At safepoint: 85903 ns, Total: 285809 ns
[2026-01-26T06:32:06.778+0000][66][info ][gc,start    ] GC(42) Pause Young (Normal) (G1 Evacuation Pause)
[2026-01-26T06:32:06.778+0000][66][info ][gc,task     ] GC(42) Using 6 workers of 6 for evacuation
[2026-01-26T06:32:06.778+0000][66][debug][gc,age      ] GC(42) Desired survivor size 41943040 bytes, new threshold 15 (max threshold 15)
[2026-01-26T06:32:06.793+0000][66][info ][gc,phases   ] GC(42)   Pre Evacuate Collection Set: 0.4ms
[2026-01-26T06:32:06.793+0000][66][info ][gc,phases   ] GC(42)   Merge Heap Roots: 0.2ms
[2026-01-26T06:32:06.794+0000][66][info ][gc,phases   ] GC(42)   Evacuate Collection Set: 11.4ms
[2026-01-26T06:32:06.794+0000][66][info ][gc,phases   ] GC(42)   Post Evacuate Collection Set: 1.2ms
[2026-01-26T06:32:06.795+0000][66][info ][gc,phases   ] GC(42)   Other: 1.6ms
[2026-01-26T06:32:06.795+0000][66][trace][gc,age      ] GC(42) Age table with threshold 15 (max threshold 15)
[2026-01-26T06:32:06.795+0000][66][trace][gc,age      ] GC(42) - age   1:   22155616 bytes,   22155616 total
[2026-01-26T06:32:06.796+0000][66][trace][gc,age      ] GC(42) - age   2:   17423824 bytes,   39579440 total
[2026-01-26T06:32:06.796+0000][66][trace][gc,age      ] GC(42) - age   3:    5587272 bytes,   45166712 total
[2026-01-26T06:32:06.797+0000][66][trace][gc,age      ] GC(42) - age   4:    1673800 bytes,   46840512 total
[2026-01-26T06:32:06.797+0000][66][trace][gc,age      ] GC(42) - age   5:     240520 bytes,   47081032 total
[2026-01-26T06:32:06.797+0000][66][info ][gc,heap     ] GC(42) Eden regions: 142->0(138)
[2026-01-26T06:32:06.798+0000][66][info ][gc,heap     ] GC(42) Survivor regions: 11->13(20)
[2026-01-26T06:32:06.798+0000][66][info ][gc,heap     ] GC(42) Old regions: 65->65
[2026-01-26T06:32:06.798+0000][66][info ][gc,heap     ] GC(42) Humongous regions: 0->0
[2026-01-26T06:32:06.799+0000][66][info ][gc,metaspace] GC(42) Metaspace: 131982K(135488K)->131982K(135488K) NonClass: 114232K(116096K)->114232K(116096K) Class: 17750K(19392K)->17750K(19392K)
[2026-01-26T06:32:06.799+0000][66][info ][gc          ] GC(42) Pause Young (Normal) (G1 Evacuation Pause) 865M->308M(1024M) 21.134ms
[2026-01-26T06:32:06.799+0000][66][info ][gc,cpu      ] GC(42) User=0.07s Sys=0.00s Real=0.03s
[2026-01-26T06:32:06.800+0000][66][info ][safepoint   ] Safepoint "G1CollectForAllocation", Time since last: 550548643 ns, Reaching safepoint: 159805 ns, Cleanup: 5401 ns, At safepoint: 21915922 ns, Total: 22081128 ns
[2026-01-26T06:32:07.814+0000][66][info ][safepoint   ] Safepoint "Cleanup", Time since last: 1014506133 ns, Reaching safepoint: 6600 ns, Cleanup: 12800 ns, At safepoint: 29201 ns, Total: 48601 ns
[2026-01-26T06:32:09.058+0000][66][info ][safepoint   ] Safepoint "Cleanup", Time since last: 1243427251 ns, Reaching safepoint: 19302 ns, Cleanup: 16801 ns, At safepoint: 4200 ns, Total: 40303 ns
[2026-01-26T06:32:13.916+0000][66][info ][gc,start    ] GC(43) Pause Young (Normal) (G1 Evacuation Pause)
[2026-01-26T06:32:13.916+0000][66][info ][gc,task     ] GC(43) Using 6 workers of 6 for evacuation
[2026-01-26T06:32:13.916+0000][66][debug][gc,age      ] GC(43) Desired survivor size 39845888 bytes, new threshold 3 (max threshold 15)
[2026-01-26T06:32:13.927+0000][66][info ][gc,phases   ] GC(43)   Pre Evacuate Collection Set: 0.4ms
[2026-01-26T06:32:13.927+0000][66][info ][gc,phases   ] GC(43)   Merge Heap Roots: 0.2ms
[2026-01-26T06:32:13.928+0000][66][info ][gc,phases   ] GC(43)   Evacuate Collection Set: 8.3ms
[2026-01-26T06:32:13.928+0000][66][info ][gc,phases   ] GC(43)   Post Evacuate Collection Set: 1.1ms
[2026-01-26T06:32:13.929+0000][66][info ][gc,phases   ] GC(43)   Other: 0.9ms
[2026-01-26T06:32:13.929+0000][66][trace][gc,age      ] GC(43) Age table with threshold 3 (max threshold 15)
[2026-01-26T06:32:13.929+0000][66][trace][gc,age      ] GC(43) - age   1:   26130704 bytes,   26130704 total
[2026-01-26T06:32:13.930+0000][66][trace][gc,age      ] GC(43) - age   2:    4922680 bytes,   31053384 total
[2026-01-26T06:32:13.930+0000][66][trace][gc,age      ] GC(43) - age   3:     296424 bytes,   31349808 total
[2026-01-26T06:32:13.930+0000][66][info ][gc,heap     ] GC(43) Eden regions: 138->0(144)
[2026-01-26T06:32:13.931+0000][66][info ][gc,heap     ] GC(43) Survivor regions: 13->9(19)
[2026-01-26T06:32:13.931+0000][66][info ][gc,heap     ] GC(43) Old regions: 65->65
[2026-01-26T06:32:13.931+0000][66][info ][gc,heap     ] GC(43) Humongous regions: 0->0
[2026-01-26T06:32:13.932+0000][66][info ][gc,metaspace] GC(43) Metaspace: 131989K(135488K)->131989K(135488K) NonClass: 114238K(116096K)->114238K(116096K) Class: 17750K(19392K)->17750K(19392K)
[2026-01-26T06:32:13.932+0000][66][info ][gc          ] GC(43) Pause Young (Normal) (G1 Evacuation Pause) 860M->292M(1024M) 16.199ms
[2026-01-26T06:32:13.932+0000][66][info ][gc,cpu      ] GC(43) User=0.05s Sys=0.00s Real=0.02s
[2026-01-26T06:32:13.932+0000][66][info ][safepoint   ] Safepoint "G1CollectForAllocation", Time since last: 4857927630 ns, Reaching safepoint: 16202 ns, Cleanup: 4600 ns, At safepoint: 16819653 ns, Total: 16840455 ns
[2026-01-26T06:32:18.934+0000][66][info ][safepoint   ] Safepoint "Cleanup", Time since last: 5001128024 ns, Reaching safepoint: 18402 ns, Cleanup: 12501 ns, At safepoint: 42504 ns, Total: 73407 ns
[2026-01-26T06:32:20.251+0000][66][info ][gc,start    ] GC(44) Pause Young (Normal) (G1 Evacuation Pause)
[2026-01-26T06:32:20.251+0000][66][info ][gc,task     ] GC(44) Using 6 workers of 6 for evacuation
[2026-01-26T06:32:20.252+0000][66][debug][gc,age      ] GC(44) Desired survivor size 41943040 bytes, new threshold 15 (max threshold 15)
[2026-01-26T06:32:20.266+0000][66][info ][gc,phases   ] GC(44)   Pre Evacuate Collection Set: 0.4ms
[2026-01-26T06:32:20.267+0000][66][info ][gc,phases   ] GC(44)   Merge Heap Roots: 0.2ms
[2026-01-26T06:32:20.267+0000][66][info ][gc,phases   ] GC(44)   Evacuate Collection Set: 11.7ms
[2026-01-26T06:32:20.267+0000][66][info ][gc,phases   ] GC(44)   Post Evacuate Collection Set: 1.5ms
[2026-01-26T06:32:20.268+0000][66][info ][gc,phases   ] GC(44)   Other: 1.1ms
[2026-01-26T06:32:20.268+0000][66][trace][gc,age      ] GC(44) Age table with threshold 15 (max threshold 15)
[2026-01-26T06:32:20.269+0000][66][trace][gc,age      ] GC(44) - age   1:   25972720 bytes,   25972720 total
[2026-01-26T06:32:20.269+0000][66][trace][gc,age      ] GC(44) - age   2:   13353528 bytes,   39326248 total
[2026-01-26T06:32:20.269+0000][66][trace][gc,age      ] GC(44) - age   3:    4131952 bytes,   43458200 total
[2026-01-26T06:32:20.270+0000][66][trace][gc,age      ] GC(44) - age   4:     296424 bytes,   43754624 total
[2026-01-26T06:32:20.270+0000][66][info ][gc,heap     ] GC(44) Eden regions: 144->0(140)
[2026-01-26T06:32:20.271+0000][66][info ][gc,heap     ] GC(44) Survivor regions: 9->12(20)
[2026-01-26T06:32:20.271+0000][66][info ][gc,heap     ] GC(44) Old regions: 65->65
[2026-01-26T06:32:20.272+0000][66][info ][gc,heap     ] GC(44) Humongous regions: 0->0
[2026-01-26T06:32:20.272+0000][66][info ][gc,metaspace] GC(44) Metaspace: 131990K(135488K)->131990K(135488K) NonClass: 114239K(116096K)->114239K(116096K) Class: 17750K(19392K)->17750K(19392K)
[2026-01-26T06:32:20.272+0000][66][info ][gc          ] GC(44) Pause Young (Normal) (G1 Evacuation Pause) 868M->305M(1024M) 21.575ms
[2026-01-26T06:32:20.273+0000][66][info ][gc,cpu      ] GC(44) User=0.05s Sys=0.00s Real=0.03s
[2026-01-26T06:32:20.273+0000][66][info ][safepoint   ] Safepoint "G1CollectForAllocation", Time since last: 1317107564 ns, Reaching safepoint: 18701 ns, Cleanup: 36603 ns, At safepoint: 22492816 ns, Total: 22548120 ns
[2026-01-26T06:32:21.280+0000][66][info ][safepoint   ] Safepoint "Cleanup", Time since last: 1006138182 ns, Reaching safepoint: 170415 ns, Cleanup: 12801 ns, At safepoint: 41003 ns, Total: 224219 ns
[2026-01-26T06:32:23.568+0000][66][info ][gc,start    ] GC(45) Pause Young (Normal) (G1 Evacuation Pause)
[2026-01-26T06:32:23.569+0000][66][info ][gc,task     ] GC(45) Using 6 workers of 6 for evacuation
[2026-01-26T06:32:23.569+0000][66][debug][gc,age      ] GC(45) Desired survivor size 39845888 bytes, new threshold 3 (max threshold 15)
[2026-01-26T06:32:23.577+0000][66][info ][gc,phases   ] GC(45)   Pre Evacuate Collection Set: 0.4ms
[2026-01-26T06:32:23.577+0000][66][info ][gc,phases   ] GC(45)   Merge Heap Roots: 0.1ms
[2026-01-26T06:32:23.577+0000][66][info ][gc,phases   ] GC(45)   Evacuate Collection Set: 5.1ms
[2026-01-26T06:32:23.578+0000][66][info ][gc,phases   ] GC(45)   Post Evacuate Collection Set: 1.1ms
[2026-01-26T06:32:23.578+0000][66][info ][gc,phases   ] GC(45)   Other: 1.0ms
[2026-01-26T06:32:23.579+0000][66][trace][gc,age      ] GC(45) Age table with threshold 3 (max threshold 15)
[2026-01-26T06:32:23.579+0000][66][trace][gc,age      ] GC(45) - age   1:   13807536 bytes,   13807536 total
[2026-01-26T06:32:23.580+0000][66][trace][gc,age      ] GC(45) - age   2:    2416248 bytes,   16223784 total
[2026-01-26T06:32:23.580+0000][66][trace][gc,age      ] GC(45) - age   3:     242232 bytes,   16466016 total
[2026-01-26T06:32:23.580+0000][66][info ][gc,heap     ] GC(45) Eden regions: 140->0(148)
[2026-01-26T06:32:23.581+0000][66][info ][gc,heap     ] GC(45) Survivor regions: 12->5(19)
[2026-01-26T06:32:23.581+0000][66][info ][gc,heap     ] GC(45) Old regions: 65->65
[2026-01-26T06:32:23.581+0000][66][info ][gc,heap     ] GC(45) Humongous regions: 0->0
[2026-01-26T06:32:23.582+0000][66][info ][gc,metaspace] GC(45) Metaspace: 131993K(135488K)->131993K(135488K) NonClass: 114242K(116096K)->114242K(116096K) Class: 17750K(19392K)->17750K(19392K)
[2026-01-26T06:32:23.582+0000][66][info ][gc          ] GC(45) Pause Young (Normal) (G1 Evacuation Pause) 865M->277M(1024M) 13.840ms
[2026-01-26T06:32:23.583+0000][66][info ][gc,cpu      ] GC(45) User=0.03s Sys=0.00s Real=0.02s
[2026-01-26T06:32:23.583+0000][66][info ][safepoint   ] Safepoint "G1CollectForAllocation", Time since last: 2288615898 ns, Reaching safepoint: 130011 ns, Cleanup: 5300 ns, At safepoint: 14582742 ns, Total: 14718053 ns
[2026-01-26T06:32:27.183+0000][66][info ][safepoint   ] Safepoint "Cleanup", Time since last: 3599712206 ns, Reaching safepoint: 18901 ns, Cleanup: 18501 ns, At safepoint: 4201 ns, Total: 41603 ns
[2026-01-26T06:32:28.183+0000][66][info ][safepoint   ] Safepoint "Cleanup", Time since last: 1000640665 ns, Reaching safepoint: 18601 ns, Cleanup: 22702 ns, At safepoint: 3400 ns, Total: 44703 ns
[2026-01-26T06:32:30.184+0000][66][info ][safepoint   ] Safepoint "Cleanup", Time since last: 2000885004 ns, Reaching safepoint: 14401 ns, Cleanup: 10000 ns, At safepoint: 3201 ns, Total: 27602 ns
[2026-01-26T06:32:30.603+0000][66][info ][gc,start    ] GC(46) Pause Young (Normal) (G1 Evacuation Pause)
[2026-01-26T06:32:30.604+0000][66][info ][gc,task     ] GC(46) Using 6 workers of 6 for evacuation
[2026-01-26T06:32:30.604+0000][66][debug][gc,age      ] GC(46) Desired survivor size 41943040 bytes, new threshold 15 (max threshold 15)
[2026-01-26T06:32:30.612+0000][66][info ][gc,phases   ] GC(46)   Pre Evacuate Collection Set: 0.5ms
[2026-01-26T06:32:30.612+0000][66][info ][gc,phases   ] GC(46)   Merge Heap Roots: 0.1ms
[2026-01-26T06:32:30.613+0000][66][info ][gc,phases   ] GC(46)   Evacuate Collection Set: 5.5ms
[2026-01-26T06:32:30.613+0000][66][info ][gc,phases   ] GC(46)   Post Evacuate Collection Set: 1.1ms
[2026-01-26T06:32:30.614+0000][66][info ][gc,phases   ] GC(46)   Other: 0.8ms
[2026-01-26T06:32:30.614+0000][66][trace][gc,age      ] GC(46) Age table with threshold 15 (max threshold 15)
[2026-01-26T06:32:30.615+0000][66][trace][gc,age      ] GC(46) - age   1:   19116720 bytes,   19116720 total
[2026-01-26T06:32:30.615+0000][66][trace][gc,age      ] GC(46) - age   2:     338032 bytes,   19454752 total
[2026-01-26T06:32:30.615+0000][66][trace][gc,age      ] GC(46) - age   3:       3432 bytes,   19458184 total
[2026-01-26T06:32:30.616+0000][66][trace][gc,age      ] GC(46) - age   4:     240120 bytes,   19698304 total
[2026-01-26T06:32:30.616+0000][66][info ][gc,heap     ] GC(46) Eden regions: 148->0(147)
[2026-01-26T06:32:30.616+0000][66][info ][gc,heap     ] GC(46) Survivor regions: 5->6(20)
[2026-01-26T06:32:30.617+0000][66][info ][gc,heap     ] GC(46) Old regions: 65->65
[2026-01-26T06:32:30.617+0000][66][info ][gc,heap     ] GC(46) Humongous regions: 0->0
[2026-01-26T06:32:30.617+0000][66][info ][gc,metaspace] GC(46) Metaspace: 131999K(135488K)->131999K(135488K) NonClass: 114248K(116096K)->114248K(116096K) Class: 17750K(19392K)->17750K(19392K)
[2026-01-26T06:32:30.618+0000][66][info ][gc          ] GC(46) Pause Young (Normal) (G1 Evacuation Pause) 869M->278M(1024M) 14.136ms
[2026-01-26T06:32:30.618+0000][66][info ][gc,cpu      ] GC(46) User=0.03s Sys=0.01s Real=0.01s
[2026-01-26T06:32:30.618+0000][66][info ][safepoint   ] Safepoint "G1CollectForAllocation", Time since last: 419152083 ns, Reaching safepoint: 14501 ns, Cleanup: 4200 ns, At safepoint: 14794484 ns, Total: 14813185 ns
[2026-01-26T06:32:35.446+0000][66][info ][gc,start    ] GC(47) Pause Young (Normal) (G1 Evacuation Pause)
[2026-01-26T06:32:35.446+0000][66][info ][gc,task     ] GC(47) Using 6 workers of 6 for evacuation
[2026-01-26T06:32:35.447+0000][66][debug][gc,age      ] GC(47) Desired survivor size 41943040 bytes, new threshold 15 (max threshold 15)
[2026-01-26T06:32:35.454+0000][66][info ][gc,phases   ] GC(47)   Pre Evacuate Collection Set: 0.4ms
[2026-01-26T06:32:35.455+0000][66][info ][gc,phases   ] GC(47)   Merge Heap Roots: 0.1ms
[2026-01-26T06:32:35.455+0000][66][info ][gc,phases   ] GC(47)   Evacuate Collection Set: 5.6ms
[2026-01-26T06:32:35.455+0000][66][info ][gc,phases   ] GC(47)   Post Evacuate Collection Set: 1.0ms
[2026-01-26T06:32:35.456+0000][66][info ][gc,phases   ] GC(47)   Other: 0.8ms
[2026-01-26T06:32:35.456+0000][66][trace][gc,age      ] GC(47) Age table with threshold 15 (max threshold 15)
[2026-01-26T06:32:35.456+0000][66][trace][gc,age      ] GC(47) - age   1:   11844336 bytes,   11844336 total
[2026-01-26T06:32:35.456+0000][66][trace][gc,age      ] GC(47) - age   2:    2097592 bytes,   13941928 total
[2026-01-26T06:32:35.457+0000][66][trace][gc,age      ] GC(47) - age   3:     337136 bytes,   14279064 total
[2026-01-26T06:32:35.457+0000][66][trace][gc,age      ] GC(47) - age   4:       3400 bytes,   14282464 total
[2026-01-26T06:32:35.457+0000][66][trace][gc,age      ] GC(47) - age   5:     239872 bytes,   14522336 total
[2026-01-26T06:32:35.458+0000][66][info ][gc,heap     ] GC(47) Eden regions: 147->0(149)
[2026-01-26T06:32:35.458+0000][66][info ][gc,heap     ] GC(47) Survivor regions: 6->4(20)
[2026-01-26T06:32:35.458+0000][66][info ][gc,heap     ] GC(47) Old regions: 65->65
[2026-01-26T06:32:35.458+0000][66][info ][gc,heap     ] GC(47) Humongous regions: 0->0
[2026-01-26T06:32:35.459+0000][66][info ][gc,metaspace] GC(47) Metaspace: 132001K(135488K)->132001K(135488K) NonClass: 114251K(116096K)->114251K(116096K) Class: 17750K(19392K)->17750K(19392K)
[2026-01-26T06:32:35.459+0000][66][info ][gc          ] GC(47) Pause Young (Normal) (G1 Evacuation Pause) 866M->273M(1024M) 13.176ms
[2026-01-26T06:32:35.459+0000][66][info ][gc,cpu      ] GC(47) User=0.02s Sys=0.01s Real=0.02s
[2026-01-26T06:32:35.460+0000][66][info ][safepoint   ] Safepoint "G1CollectForAllocation", Time since last: 4830069539 ns, Reaching safepoint: 18202 ns, Cleanup: 4400 ns, At safepoint: 13883568 ns, Total: 13906170 ns
[2026-01-26T06:32:36.460+0000][66][info ][safepoint   ] Safepoint "Cleanup", Time since last: 1000526279 ns, Reaching safepoint: 19001 ns, Cleanup: 15602 ns, At safepoint: 4000 ns, Total: 38603 ns
[2026-01-26T06:32:38.461+0000][66][info ][safepoint   ] Safepoint "Cleanup", Time since last: 2000759833 ns, Reaching safepoint: 18701 ns, Cleanup: 10801 ns, At safepoint: 2501 ns, Total: 32003 ns
[2026-01-26T06:32:39.462+0000][66][info ][safepoint   ] Safepoint "Cleanup", Time since last: 1000455672 ns, Reaching safepoint: 15902 ns, Cleanup: 13201 ns, At safepoint: 3200 ns, Total: 32303 ns
[2026-01-26T06:32:40.462+0000][66][info ][safepoint   ] Safepoint "Cleanup", Time since last: 1000537580 ns, Reaching safepoint: 125010 ns, Cleanup: 16402 ns, At safepoint: 38403 ns, Total: 179815 ns
[2026-01-26T06:32:41.463+0000][66][info ][safepoint   ] Safepoint "Cleanup", Time since last: 1000503277 ns, Reaching safepoint: 17101 ns, Cleanup: 18302 ns, At safepoint: 3600 ns, Total: 39003 ns
[2026-01-26T06:32:43.454+0000][66][info ][gc,start    ] GC(48) Pause Young (Normal) (G1 Evacuation Pause)
[2026-01-26T06:32:43.455+0000][66][info ][gc,task     ] GC(48) Using 6 workers of 6 for evacuation
[2026-01-26T06:32:43.455+0000][66][debug][gc,age      ] GC(48) Desired survivor size 41943040 bytes, new threshold 15 (max threshold 15)
[2026-01-26T06:32:43.466+0000][66][info ][gc,phases   ] GC(48)   Pre Evacuate Collection Set: 0.3ms
[2026-01-26T06:32:43.467+0000][66][info ][gc,phases   ] GC(48)   Merge Heap Roots: 0.2ms
[2026-01-26T06:32:43.467+0000][66][info ][gc,phases   ] GC(48)   Evacuate Collection Set: 9.2ms
[2026-01-26T06:32:43.468+0000][66][info ][gc,phases   ] GC(48)   Post Evacuate Collection Set: 1.0ms
[2026-01-26T06:32:43.468+0000][66][info ][gc,phases   ] GC(48)   Other: 0.8ms
[2026-01-26T06:32:43.469+0000][66][trace][gc,age      ] GC(48) Age table with threshold 15 (max threshold 15)
[2026-01-26T06:32:43.469+0000][66][trace][gc,age      ] GC(48) - age   1:   30890104 bytes,   30890104 total
[2026-01-26T06:32:43.469+0000][66][trace][gc,age      ] GC(48) - age   2:    5732216 bytes,   36622320 total
[2026-01-26T06:32:43.470+0000][66][trace][gc,age      ] GC(48) - age   3:     790344 bytes,   37412664 total
[2026-01-26T06:32:43.470+0000][66][trace][gc,age      ] GC(48) - age   4:     259552 bytes,   37672216 total
[2026-01-26T06:32:43.471+0000][66][trace][gc,age      ] GC(48) - age   5:       3368 bytes,   37675584 total
[2026-01-26T06:32:43.471+0000][66][trace][gc,age      ] GC(48) - age   6:     238760 bytes,   37914344 total
[2026-01-26T06:32:43.471+0000][66][info ][gc,heap     ] GC(48) Eden regions: 149->0(143)
[2026-01-26T06:32:43.472+0000][66][info ][gc,heap     ] GC(48) Survivor regions: 4->10(20)
[2026-01-26T06:32:43.472+0000][66][info ][gc,heap     ] GC(48) Old regions: 65->65
[2026-01-26T06:32:43.472+0000][66][info ][gc,heap     ] GC(48) Humongous regions: 0->0
[2026-01-26T06:32:43.473+0000][66][info ][gc,metaspace] GC(48) Metaspace: 132114K(135616K)->132114K(135616K) NonClass: 114363K(116224K)->114363K(116224K) Class: 17750K(19392K)->17750K(19392K)
[2026-01-26T06:32:43.473+0000][66][info ][gc          ] GC(48) Pause Young (Normal) (G1 Evacuation Pause) 869M->295M(1024M) 18.580ms
[2026-01-26T06:32:43.473+0000][66][info ][gc,cpu      ] GC(48) User=0.06s Sys=0.01s Real=0.02s
[2026-01-26T06:32:43.474+0000][66][info ][safepoint   ] Safepoint "G1CollectForAllocation", Time since last: 1991569363 ns, Reaching safepoint: 14602 ns, Cleanup: 4500 ns, At safepoint: 19397836 ns, Total: 19416938 ns
[2026-01-26T06:32:44.474+0000][66][info ][safepoint   ] Safepoint "Cleanup", Time since last: 1000537703 ns, Reaching safepoint: 18702 ns, Cleanup: 17201 ns, At safepoint: 4201 ns, Total: 40104 ns
[2026-01-26T06:32:47.205+0000][66][info ][safepoint   ] Safepoint "Cleanup", Time since last: 2730600446 ns, Reaching safepoint: 48805 ns, Cleanup: 14701 ns, At safepoint: 8001 ns, Total: 71507 ns
[2026-01-26T06:32:47.727+0000][66][info ][gc,start    ] GC(49) Pause Young (Normal) (G1 Evacuation Pause)
[2026-01-26T06:32:47.727+0000][66][info ][gc,task     ] GC(49) Using 6 workers of 6 for evacuation
[2026-01-26T06:32:47.728+0000][66][debug][gc,age      ] GC(49) Desired survivor size 41943040 bytes, new threshold 15 (max threshold 15)
[2026-01-26T06:32:47.740+0000][66][info ][gc,phases   ] GC(49)   Pre Evacuate Collection Set: 0.4ms
[2026-01-26T06:32:47.741+0000][66][info ][gc,phases   ] GC(49)   Merge Heap Roots: 0.2ms
[2026-01-26T06:32:47.741+0000][66][info ][gc,phases   ] GC(49)   Evacuate Collection Set: 10.7ms
[2026-01-26T06:32:47.742+0000][66][info ][gc,phases   ] GC(49)   Post Evacuate Collection Set: 1.0ms
[2026-01-26T06:32:47.742+0000][66][info ][gc,phases   ] GC(49)   Other: 1.0ms
[2026-01-26T06:32:47.743+0000][66][trace][gc,age      ] GC(49) Age table with threshold 15 (max threshold 15)
[2026-01-26T06:32:47.743+0000][66][trace][gc,age      ] GC(49) - age   1:   23622872 bytes,   23622872 total
[2026-01-26T06:32:47.744+0000][66][trace][gc,age      ] GC(49) - age   2:   16489824 bytes,   40112696 total
[2026-01-26T06:32:47.744+0000][66][trace][gc,age      ] GC(49) - age   3:    4888704 bytes,   45001400 total
[2026-01-26T06:32:47.744+0000][66][trace][gc,age      ] GC(49) - age   4:     790216 bytes,   45791616 total
[2026-01-26T06:32:47.745+0000][66][trace][gc,age      ] GC(49) - age   5:     259240 bytes,   46050856 total
[2026-01-26T06:32:47.745+0000][66][trace][gc,age      ] GC(49) - age   6:       3368 bytes,   46054224 total
[2026-01-26T06:32:47.746+0000][66][trace][gc,age      ] GC(49) - age   7:     238760 bytes,   46292984 total
[2026-01-26T06:32:47.746+0000][66][info ][gc,heap     ] GC(49) Eden regions: 143->0(138)
[2026-01-26T06:32:47.746+0000][66][info ][gc,heap     ] GC(49) Survivor regions: 10->13(20)
[2026-01-26T06:32:47.747+0000][66][info ][gc,heap     ] GC(49) Old regions: 65->65
[2026-01-26T06:32:47.747+0000][66][info ][gc,heap     ] GC(49) Humongous regions: 0->0
[2026-01-26T06:32:47.748+0000][66][info ][gc,metaspace] GC(49) Metaspace: 132117K(135616K)->132117K(135616K) NonClass: 114365K(116224K)->114365K(116224K) Class: 17751K(19392K)->17751K(19392K)
[2026-01-26T06:32:47.748+0000][66][info ][gc          ] GC(49) Pause Young (Normal) (G1 Evacuation Pause) 867M->307M(1024M) 21.564ms
[2026-01-26T06:32:47.748+0000][66][info ][gc,cpu      ] GC(49) User=0.06s Sys=0.01s Real=0.02s
[2026-01-26T06:32:47.749+0000][66][info ][safepoint   ] Safepoint "G1CollectForAllocation", Time since last: 521454888 ns, Reaching safepoint: 15602 ns, Cleanup: 3900 ns, At safepoint: 22527700 ns, Total: 22547202 ns
[2026-01-26T06:32:49.944+0000][66][info ][safepoint   ] Safepoint "Cleanup", Time since last: 2194507924 ns, Reaching safepoint: 205817 ns, Cleanup: 19802 ns, At safepoint: 59505 ns, Total: 285124 ns
[2026-01-26T06:32:51.945+0000][66][info ][safepoint   ] Safepoint "Cleanup", Time since last: 2001021015 ns, Reaching safepoint: 18402 ns, Cleanup: 18101 ns, At safepoint: 4301 ns, Total: 40804 ns
[2026-01-26T06:32:54.352+0000][66][info ][gc,start    ] GC(50) Pause Young (Normal) (G1 Evacuation Pause)
[2026-01-26T06:32:54.353+0000][66][info ][gc,task     ] GC(50) Using 6 workers of 6 for evacuation
[2026-01-26T06:32:54.353+0000][66][debug][gc,age      ] GC(50) Desired survivor size 39845888 bytes, new threshold 2 (max threshold 15)
[2026-01-26T06:32:54.363+0000][66][info ][gc,phases   ] GC(50)   Pre Evacuate Collection Set: 0.4ms
[2026-01-26T06:32:54.364+0000][66][info ][gc,phases   ] GC(50)   Merge Heap Roots: 0.1ms
[2026-01-26T06:32:54.364+0000][66][info ][gc,phases   ] GC(50)   Evacuate Collection Set: 8.1ms
[2026-01-26T06:32:54.365+0000][66][info ][gc,phases   ] GC(50)   Post Evacuate Collection Set: 1.1ms
[2026-01-26T06:32:54.365+0000][66][info ][gc,phases   ] GC(50)   Other: 0.9ms
[2026-01-26T06:32:54.365+0000][66][trace][gc,age      ] GC(50) Age table with threshold 2 (max threshold 15)
[2026-01-26T06:32:54.366+0000][66][trace][gc,age      ] GC(50) - age   1:   25996616 bytes,   25996616 total
[2026-01-26T06:32:54.366+0000][66][trace][gc,age      ] GC(50) - age   2:    4156968 bytes,   30153584 total
[2026-01-26T06:32:54.366+0000][66][info ][gc,heap     ] GC(50) Eden regions: 138->0(144)
[2026-01-26T06:32:54.367+0000][66][info ][gc,heap     ] GC(50) Survivor regions: 13->9(19)
[2026-01-26T06:32:54.367+0000][66][info ][gc,heap     ] GC(50) Old regions: 65->65
[2026-01-26T06:32:54.367+0000][66][info ][gc,heap     ] GC(50) Humongous regions: 0->0
[2026-01-26T06:32:54.368+0000][66][info ][gc,metaspace] GC(50) Metaspace: 132119K(135616K)->132119K(135616K) NonClass: 114368K(116224K)->114368K(116224K) Class: 17751K(19392K)->17751K(19392K)
[2026-01-26T06:32:54.368+0000][66][info ][gc          ] GC(50) Pause Young (Normal) (G1 Evacuation Pause) 859M->292M(1024M) 15.769ms
[2026-01-26T06:32:54.368+0000][66][info ][gc,cpu      ] GC(50) User=0.05s Sys=0.00s Real=0.01s
[2026-01-26T06:32:54.369+0000][66][info ][safepoint   ] Safepoint "G1CollectForAllocation", Time since last: 2407236287 ns, Reaching safepoint: 15501 ns, Cleanup: 4000 ns, At safepoint: 16455389 ns, Total: 16474890 ns
[2026-01-26T06:32:58.784+0000][66][info ][safepoint   ] Safepoint "Cleanup", Time since last: 4415664631 ns, Reaching safepoint: 8001 ns, Cleanup: 24102 ns, At safepoint: 37803 ns, Total: 69906 ns
[2026-01-26T06:32:59.910+0000][66][info ][safepoint   ] Safepoint "Cleanup", Time since last: 1125664966 ns, Reaching safepoint: 139212 ns, Cleanup: 40203 ns, At safepoint: 61305 ns, Total: 240720 ns
[2026-01-26T06:33:01.460+0000][66][info ][gc,start    ] GC(51) Pause Young (Normal) (G1 Evacuation Pause)
[2026-01-26T06:33:01.461+0000][66][info ][gc,task     ] GC(51) Using 6 workers of 6 for evacuation
[2026-01-26T06:33:01.461+0000][66][debug][gc,age      ] GC(51) Desired survivor size 41943040 bytes, new threshold 15 (max threshold 15)
[2026-01-26T06:33:01.477+0000][66][info ][gc,phases   ] GC(51)   Pre Evacuate Collection Set: 0.5ms
[2026-01-26T06:33:01.477+0000][66][info ][gc,phases   ] GC(51)   Merge Heap Roots: 0.1ms
[2026-01-26T06:33:01.478+0000][66][info ][gc,phases   ] GC(51)   Evacuate Collection Set: 12.9ms
[2026-01-26T06:33:01.478+0000][66][info ][gc,phases   ] GC(51)   Post Evacuate Collection Set: 1.3ms
[2026-01-26T06:33:01.479+0000][66][info ][gc,phases   ] GC(51)   Other: 1.0ms
[2026-01-26T06:33:01.479+0000][66][trace][gc,age      ] GC(51) Age table with threshold 15 (max threshold 15)
[2026-01-26T06:33:01.480+0000][66][trace][gc,age      ] GC(51) - age   1:   28101816 bytes,   28101816 total
[2026-01-26T06:33:01.480+0000][66][trace][gc,age      ] GC(51) - age   2:   13195392 bytes,   41297208 total
[2026-01-26T06:33:01.481+0000][66][trace][gc,age      ] GC(51) - age   3:    3369904 bytes,   44667112 total
[2026-01-26T06:33:01.481+0000][66][info ][gc,heap     ] GC(51) Eden regions: 144->0(140)
[2026-01-26T06:33:01.482+0000][66][info ][gc,heap     ] GC(51) Survivor regions: 9->12(20)
[2026-01-26T06:33:01.482+0000][66][info ][gc,heap     ] GC(51) Old regions: 65->65
[2026-01-26T06:33:01.482+0000][66][info ][gc,heap     ] GC(51) Humongous regions: 0->0
[2026-01-26T06:33:01.483+0000][66][info ][gc,metaspace] GC(51) Metaspace: 132134K(135616K)->132134K(135616K) NonClass: 114381K(116224K)->114381K(116224K) Class: 17753K(19392K)->17753K(19392K)
[2026-01-26T06:33:01.483+0000][66][info ][gc          ] GC(51) Pause Young (Normal) (G1 Evacuation Pause) 868M->307M(1024M) 22.911ms
[2026-01-26T06:33:01.484+0000][66][info ][gc,cpu      ] GC(51) User=0.07s Sys=0.00s Real=0.02s
[2026-01-26T06:33:01.484+0000][66][info ][safepoint   ] Safepoint "G1CollectForAllocation", Time since last: 1549972575 ns, Reaching safepoint: 18001 ns, Cleanup: 44204 ns, At safepoint: 23852101 ns, Total: 23914306 ns
[2026-01-26T06:33:03.207+0000][66][info ][safepoint   ] Safepoint "Cleanup", Time since last: 1724976061 ns, Reaching safepoint: 20501 ns, Cleanup: 15101 ns, At safepoint: 4401 ns, Total: 40003 ns
[2026-01-26T06:33:05.046+0000][66][info ][safepoint   ] Safepoint "Cleanup", Time since last: 1838200362 ns, Reaching safepoint: 559147 ns, Cleanup: 17602 ns, At safepoint: 66605 ns, Total: 643354 ns
[2026-01-26T06:33:06.046+0000][66][info ][safepoint   ] Safepoint "Cleanup", Time since last: 1000683578 ns, Reaching safepoint: 20002 ns, Cleanup: 34803 ns, At safepoint: 4400 ns, Total: 59205 ns
[2026-01-26T06:33:06.350+0000][66][info ][gc,start    ] GC(52) Pause Young (Normal) (G1 Evacuation Pause)
[2026-01-26T06:33:06.350+0000][66][info ][gc,task     ] GC(52) Using 6 workers of 6 for evacuation
[2026-01-26T06:33:06.351+0000][66][debug][gc,age      ] GC(52) Desired survivor size 39845888 bytes, new threshold 2 (max threshold 15)
[2026-01-26T06:33:06.363+0000][66][info ][gc,phases   ] GC(52)   Pre Evacuate Collection Set: 0.5ms
[2026-01-26T06:33:06.363+0000][66][info ][gc,phases   ] GC(52)   Merge Heap Roots: 0.2ms
[2026-01-26T06:33:06.363+0000][66][info ][gc,phases   ] GC(52)   Evacuate Collection Set: 8.7ms
[2026-01-26T06:33:06.364+0000][66][info ][gc,phases   ] GC(52)   Post Evacuate Collection Set: 1.8ms
[2026-01-26T06:33:06.364+0000][66][info ][gc,phases   ] GC(52)   Other: 1.0ms
[2026-01-26T06:33:06.365+0000][66][trace][gc,age      ] GC(52) Age table with threshold 2 (max threshold 15)
[2026-01-26T06:33:06.365+0000][66][trace][gc,age      ] GC(52) - age   1:   16755552 bytes,   16755552 total
[2026-01-26T06:33:06.365+0000][66][trace][gc,age      ] GC(52) - age   2:    3587184 bytes,   20342736 total
[2026-01-26T06:33:06.366+0000][66][info ][gc,heap     ] GC(52) Eden regions: 140->0(147)
[2026-01-26T06:33:06.366+0000][66][info ][gc,heap     ] GC(52) Survivor regions: 12->6(19)
[2026-01-26T06:33:06.367+0000][66][info ][gc,heap     ] GC(52) Old regions: 65->65
[2026-01-26T06:33:06.367+0000][66][info ][gc,heap     ] GC(52) Humongous regions: 0->0
[2026-01-26T06:33:06.367+0000][66][info ][gc,metaspace] GC(52) Metaspace: 132225K(135680K)->132225K(135680K) NonClass: 114466K(116288K)->114466K(116288K) Class: 17759K(19392K)->17759K(19392K)
[2026-01-26T06:33:06.368+0000][66][info ][gc          ] GC(52) Pause Young (Normal) (G1 Evacuation Pause) 867M->282M(1024M) 17.893ms
[2026-01-26T06:33:06.368+0000][66][info ][gc,cpu      ] GC(52) User=0.06s Sys=0.01s Real=0.02s
[2026-01-26T06:33:06.369+0000][66][info ][safepoint   ] Safepoint "G1CollectForAllocation", Time since last: 303095358 ns, Reaching safepoint: 161214 ns, Cleanup: 15501 ns, At safepoint: 18803580 ns, Total: 18980295 ns
[2026-01-26T06:33:07.369+0000][66][info ][safepoint   ] Safepoint "Cleanup", Time since last: 1000526967 ns, Reaching safepoint: 14901 ns, Cleanup: 23102 ns, At safepoint: 2900 ns, Total: 40903 ns
[2026-01-26T06:33:09.370+0000][66][info ][safepoint   ] Safepoint "Cleanup", Time since last: 2000682803 ns, Reaching safepoint: 137511 ns, Cleanup: 12401 ns, At safepoint: 45704 ns, Total: 195616 ns
[2026-01-26T06:33:10.371+0000][66][info ][safepoint   ] Safepoint "Cleanup", Time since last: 1000631076 ns, Reaching safepoint: 171314 ns, Cleanup: 12101 ns, At safepoint: 87207 ns, Total: 270622 ns
[2026-01-26T06:33:11.883+0000][66][info ][safepoint   ] Safepoint "Cleanup", Time since last: 1511628511 ns, Reaching safepoint: 6901 ns, Cleanup: 6900 ns, At safepoint: 52205 ns, Total: 66006 ns
[2026-01-26T06:33:12.892+0000][66][info ][safepoint   ] Safepoint "Cleanup", Time since last: 1008626647 ns, Reaching safepoint: 320327 ns, Cleanup: 74006 ns, At safepoint: 47004 ns, Total: 441337 ns
[2026-01-26T06:33:13.534+0000][66][info ][gc,start    ] GC(53) Pause Young (Normal) (G1 Evacuation Pause)
[2026-01-26T06:33:13.535+0000][66][info ][gc,task     ] GC(53) Using 6 workers of 6 for evacuation
[2026-01-26T06:33:13.535+0000][66][debug][gc,age      ] GC(53) Desired survivor size 41943040 bytes, new threshold 15 (max threshold 15)
[2026-01-26T06:33:13.548+0000][66][info ][gc,phases   ] GC(53)   Pre Evacuate Collection Set: 0.4ms
[2026-01-26T06:33:13.549+0000][66][info ][gc,phases   ] GC(53)   Merge Heap Roots: 0.2ms
[2026-01-26T06:33:13.549+0000][66][info ][gc,phases   ] GC(53)   Evacuate Collection Set: 10.9ms
[2026-01-26T06:33:13.549+0000][66][info ][gc,phases   ] GC(53)   Post Evacuate Collection Set: 1.3ms
[2026-01-26T06:33:13.550+0000][66][info ][gc,phases   ] GC(53)   Other: 0.7ms
[2026-01-26T06:33:13.550+0000][66][trace][gc,age      ] GC(53) Age table with threshold 15 (max threshold 15)
[2026-01-26T06:33:13.550+0000][66][trace][gc,age      ] GC(53) - age   1:   29085016 bytes,   29085016 total
[2026-01-26T06:33:13.551+0000][66][trace][gc,age      ] GC(53) - age   2:    7680832 bytes,   36765848 total
[2026-01-26T06:33:13.551+0000][66][trace][gc,age      ] GC(53) - age   3:    3472400 bytes,   40238248 total
[2026-01-26T06:33:13.551+0000][66][info ][gc,heap     ] GC(53) Eden regions: 147->0(142)
[2026-01-26T06:33:13.551+0000][66][info ][gc,heap     ] GC(53) Survivor regions: 6->11(20)
[2026-01-26T06:33:13.552+0000][66][info ][gc,heap     ] GC(53) Old regions: 65->65
[2026-01-26T06:33:13.552+0000][66][info ][gc,heap     ] GC(53) Humongous regions: 0->0
[2026-01-26T06:33:13.552+0000][66][info ][gc,metaspace] GC(53) Metaspace: 132252K(135744K)->132252K(135744K) NonClass: 114492K(116352K)->114492K(116352K) Class: 17760K(19392K)->17760K(19392K)
[2026-01-26T06:33:13.553+0000][66][info ][gc          ] GC(53) Pause Young (Normal) (G1 Evacuation Pause) 870M->303M(1024M) 18.506ms
[2026-01-26T06:33:13.553+0000][66][info ][gc,cpu      ] GC(53) User=0.06s Sys=0.00s Real=0.02s
[2026-01-26T06:33:13.553+0000][66][info ][safepoint   ] Safepoint "G1CollectForAllocation", Time since last: 641880732 ns, Reaching safepoint: 655855 ns, Cleanup: 8601 ns, At safepoint: 19316623 ns, Total: 19981079 ns
[2026-01-26T06:33:14.559+0000][66][info ][safepoint   ] Safepoint "Cleanup", Time since last: 1005130148 ns, Reaching safepoint: 168714 ns, Cleanup: 93608 ns, At safepoint: 142212 ns, Total: 404534 ns
[2026-01-26T06:33:15.571+0000][66][info ][safepoint   ] Safepoint "Cleanup", Time since last: 1011877249 ns, Reaching safepoint: 22901 ns, Cleanup: 191817 ns, At safepoint: 331928 ns, Total: 546646 ns
[2026-01-26T06:33:16.479+0000][66][info ][gc,start    ] GC(54) Pause Young (Normal) (G1 Evacuation Pause)
[2026-01-26T06:33:16.480+0000][66][info ][gc,task     ] GC(54) Using 6 workers of 6 for evacuation
[2026-01-26T06:33:16.480+0000][66][debug][gc,age      ] GC(54) Desired survivor size 41943040 bytes, new threshold 15 (max threshold 15)
[2026-01-26T06:33:16.496+0000][66][info ][gc,phases   ] GC(54)   Pre Evacuate Collection Set: 0.5ms
[2026-01-26T06:33:16.497+0000][66][info ][gc,phases   ] GC(54)   Merge Heap Roots: 0.2ms
[2026-01-26T06:33:16.497+0000][66][info ][gc,phases   ] GC(54)   Evacuate Collection Set: 12.9ms
[2026-01-26T06:33:16.497+0000][66][info ][gc,phases   ] GC(54)   Post Evacuate Collection Set: 1.9ms
[2026-01-26T06:33:16.498+0000][66][info ][gc,phases   ] GC(54)   Other: 0.8ms
[2026-01-26T06:33:16.498+0000][66][trace][gc,age      ] GC(54) Age table with threshold 15 (max threshold 15)
[2026-01-26T06:33:16.498+0000][66][trace][gc,age      ] GC(54) - age   1:   12522280 bytes,   12522280 total
[2026-01-26T06:33:16.499+0000][66][trace][gc,age      ] GC(54) - age   2:   19041512 bytes,   31563792 total
[2026-01-26T06:33:16.499+0000][66][trace][gc,age      ] GC(54) - age   3:    7066392 bytes,   38630184 total
[2026-01-26T06:33:16.499+0000][66][trace][gc,age      ] GC(54) - age   4:    2853840 bytes,   41484024 total
[2026-01-26T06:33:16.500+0000][66][info ][gc,heap     ] GC(54) Eden regions: 142->0(142)
[2026-01-26T06:33:16.500+0000][66][info ][gc,heap     ] GC(54) Survivor regions: 11->11(20)
[2026-01-26T06:33:16.500+0000][66][info ][gc,heap     ] GC(54) Old regions: 65->65
[2026-01-26T06:33:16.501+0000][66][info ][gc,heap     ] GC(54) Humongous regions: 0->0
[2026-01-26T06:33:16.501+0000][66][info ][gc,metaspace] GC(54) Metaspace: 132326K(135808K)->132326K(135808K) NonClass: 114566K(116416K)->114566K(116416K) Class: 17760K(19392K)->17760K(19392K)
[2026-01-26T06:33:16.501+0000][66][info ][gc          ] GC(54) Pause Young (Normal) (G1 Evacuation Pause) 871M->303M(1024M) 21.993ms
[2026-01-26T06:33:16.502+0000][66][info ][gc,cpu      ] GC(54) User=0.08s Sys=0.00s Real=0.02s
[2026-01-26T06:33:16.502+0000][66][info ][safepoint   ] Safepoint "G1CollectForAllocation", Time since last: 907747875 ns, Reaching safepoint: 166415 ns, Cleanup: 34702 ns, At safepoint: 22910931 ns, Total: 23112048 ns
[2026-01-26T06:33:17.503+0000][66][info ][safepoint   ] Safepoint "Cleanup", Time since last: 1000643202 ns, Reaching safepoint: 342729 ns, Cleanup: 20901 ns, At safepoint: 71506 ns, Total: 435136 ns
[2026-01-26T06:33:18.040+0000][66][info ][gc,start    ] GC(55) Pause Young (Normal) (G1 Evacuation Pause)
[2026-01-26T06:33:18.040+0000][66][info ][gc,task     ] GC(55) Using 6 workers of 6 for evacuation
[2026-01-26T06:33:18.041+0000][66][debug][gc,age      ] GC(55) Desired survivor size 41943040 bytes, new threshold 15 (max threshold 15)
[2026-01-26T06:33:18.058+0000][66][info ][gc,phases   ] GC(55)   Pre Evacuate Collection Set: 0.4ms
[2026-01-26T06:33:18.059+0000][66][info ][gc,phases   ] GC(55)   Merge Heap Roots: 0.3ms
[2026-01-26T06:33:18.059+0000][66][info ][gc,phases   ] GC(55)   Evacuate Collection Set: 14.7ms
[2026-01-26T06:33:18.060+0000][66][info ][gc,phases   ] GC(55)   Post Evacuate Collection Set: 1.5ms
[2026-01-26T06:33:18.060+0000][66][info ][gc,phases   ] GC(55)   Other: 0.9ms
[2026-01-26T06:33:18.060+0000][66][trace][gc,age      ] GC(55) Age table with threshold 15 (max threshold 15)
[2026-01-26T06:33:18.061+0000][66][trace][gc,age      ] GC(55) - age   1:    5673272 bytes,    5673272 total
[2026-01-26T06:33:18.061+0000][66][trace][gc,age      ] GC(55) - age   2:    9194952 bytes,   14868224 total
[2026-01-26T06:33:18.061+0000][66][trace][gc,age      ] GC(55) - age   3:   19041336 bytes,   33909560 total
[2026-01-26T06:33:18.062+0000][66][trace][gc,age      ] GC(55) - age   4:    7066360 bytes,   40975920 total
[2026-01-26T06:33:18.062+0000][66][trace][gc,age      ] GC(55) - age   5:    2853328 bytes,   43829248 total
[2026-01-26T06:33:18.062+0000][66][info ][gc,heap     ] GC(55) Eden regions: 142->0(138)
[2026-01-26T06:33:18.063+0000][66][info ][gc,heap     ] GC(55) Survivor regions: 11->13(20)
[2026-01-26T06:33:18.063+0000][66][info ][gc,heap     ] GC(55) Old regions: 65->65
[2026-01-26T06:33:18.064+0000][66][info ][gc,heap     ] GC(55) Humongous regions: 0->0
[2026-01-26T06:33:18.064+0000][66][info ][gc,metaspace] GC(55) Metaspace: 132329K(135808K)->132329K(135808K) NonClass: 114569K(116416K)->114569K(116416K) Class: 17760K(19392K)->17760K(19392K)
[2026-01-26T06:33:18.064+0000][66][info ][gc          ] GC(55) Pause Young (Normal) (G1 Evacuation Pause) 871M->309M(1024M) 24.619ms
[2026-01-26T06:33:18.065+0000][66][info ][gc,cpu      ] GC(55) User=0.08s Sys=0.01s Real=0.02s
[2026-01-26T06:33:18.065+0000][66][info ][safepoint   ] Safepoint "G1CollectForAllocation", Time since last: 536287782 ns, Reaching safepoint: 22501 ns, Cleanup: 26803 ns, At safepoint: 25502748 ns, Total: 25552052 ns
[2026-01-26T06:33:20.064+0000][66][info ][safepoint   ] Safepoint "Cleanup", Time since last: 1998044331 ns, Reaching safepoint: 208218 ns, Cleanup: 40803 ns, At safepoint: 101409 ns, Total: 350430 ns
[2026-01-26T06:33:20.707+0000][66][info ][gc,start    ] GC(56) Pause Young (Normal) (G1 Evacuation Pause)
[2026-01-26T06:33:20.707+0000][66][info ][gc,task     ] GC(56) Using 6 workers of 6 for evacuation
[2026-01-26T06:33:20.708+0000][66][debug][gc,age      ] GC(56) Desired survivor size 39845888 bytes, new threshold 4 (max threshold 15)
[2026-01-26T06:33:20.717+0000][66][info ][gc,phases   ] GC(56)   Pre Evacuate Collection Set: 0.6ms
[2026-01-26T06:33:20.718+0000][66][info ][gc,phases   ] GC(56)   Merge Heap Roots: 0.3ms
[2026-01-26T06:33:20.718+0000][66][info ][gc,phases   ] GC(56)   Evacuate Collection Set: 6.5ms
[2026-01-26T06:33:20.719+0000][66][info ][gc,phases   ] GC(56)   Post Evacuate Collection Set: 1.4ms
[2026-01-26T06:33:20.719+0000][66][info ][gc,phases   ] GC(56)   Other: 1.2ms
[2026-01-26T06:33:20.720+0000][66][trace][gc,age      ] GC(56) Age table with threshold 4 (max threshold 15)
[2026-01-26T06:33:20.720+0000][66][trace][gc,age      ] GC(56) - age   1:    9290560 bytes,    9290560 total
[2026-01-26T06:33:20.721+0000][66][trace][gc,age      ] GC(56) - age   2:    1426336 bytes,   10716896 total
[2026-01-26T06:33:20.721+0000][66][trace][gc,age      ] GC(56) - age   3:    2334840 bytes,   13051736 total
[2026-01-26T06:33:20.722+0000][66][trace][gc,age      ] GC(56) - age   4:    1644048 bytes,   14695784 total
[2026-01-26T06:33:20.722+0000][66][info ][gc,heap     ] GC(56) Eden regions: 138->0(148)
[2026-01-26T06:33:20.723+0000][66][info ][gc,heap     ] GC(56) Survivor regions: 13->5(19)
[2026-01-26T06:33:20.723+0000][66][info ][gc,heap     ] GC(56) Old regions: 65->66
[2026-01-26T06:33:20.724+0000][66][info ][gc,heap     ] GC(56) Humongous regions: 0->0
[2026-01-26T06:33:20.724+0000][66][info ][gc,metaspace] GC(56) Metaspace: 132353K(135808K)->132353K(135808K) NonClass: 114593K(116416K)->114593K(116416K) Class: 17760K(19392K)->17760K(19392K)
[2026-01-26T06:33:20.724+0000][66][info ][gc          ] GC(56) Pause Young (Normal) (G1 Evacuation Pause) 861M->277M(1024M) 17.697ms
[2026-01-26T06:33:20.725+0000][66][info ][gc,cpu      ] GC(56) User=0.03s Sys=0.00s Real=0.01s
[2026-01-26T06:33:20.725+0000][66][info ][safepoint   ] Safepoint "G1CollectForAllocation", Time since last: 643083778 ns, Reaching safepoint: 20602 ns, Cleanup: 17602 ns, At safepoint: 18729577 ns, Total: 18767781 ns
[2026-01-26T06:33:21.727+0000][66][info ][safepoint   ] Safepoint "Cleanup", Time since last: 1001606284 ns, Reaching safepoint: 231819 ns, Cleanup: 24102 ns, At safepoint: 95708 ns, Total: 351629 ns
[2026-01-26T06:33:22.747+0000][66][info ][safepoint   ] Safepoint "Cleanup", Time since last: 1019084095 ns, Reaching safepoint: 149912 ns, Cleanup: 21302 ns, At safepoint: 119410 ns, Total: 290624 ns
[2026-01-26T06:33:22.816+0000][66][info ][gc,start    ] GC(57) Pause Young (Normal) (G1 Evacuation Pause)
[2026-01-26T06:33:22.816+0000][66][info ][gc,task     ] GC(57) Using 6 workers of 6 for evacuation
[2026-01-26T06:33:22.817+0000][66][debug][gc,age      ] GC(57) Desired survivor size 41943040 bytes, new threshold 15 (max threshold 15)
[2026-01-26T06:33:22.826+0000][66][info ][gc,phases   ] GC(57)   Pre Evacuate Collection Set: 0.4ms
[2026-01-26T06:33:22.826+0000][66][info ][gc,phases   ] GC(57)   Merge Heap Roots: 0.2ms
[2026-01-26T06:33:22.827+0000][66][info ][gc,phases   ] GC(57)   Evacuate Collection Set: 6.8ms
[2026-01-26T06:33:22.827+0000][66][info ][gc,phases   ] GC(57)   Post Evacuate Collection Set: 1.3ms
[2026-01-26T06:33:22.827+0000][66][info ][gc,phases   ] GC(57)   Other: 0.8ms
[2026-01-26T06:33:22.828+0000][66][trace][gc,age      ] GC(57) Age table with threshold 15 (max threshold 15)
[2026-01-26T06:33:22.828+0000][66][trace][gc,age      ] GC(57) - age   1:   11558544 bytes,   11558544 total
[2026-01-26T06:33:22.828+0000][66][trace][gc,age      ] GC(57) - age   2:    4765576 bytes,   16324120 total
[2026-01-26T06:33:22.829+0000][66][trace][gc,age      ] GC(57) - age   3:    1241408 bytes,   17565528 total
[2026-01-26T06:33:22.829+0000][66][trace][gc,age      ] GC(57) - age   4:    1788600 bytes,   19354128 total
[2026-01-26T06:33:22.829+0000][66][trace][gc,age      ] GC(57) - age   5:    1643312 bytes,   20997440 total
[2026-01-26T06:33:22.829+0000][66][info ][gc,heap     ] GC(57) Eden regions: 148->0(147)
[2026-01-26T06:33:22.830+0000][66][info ][gc,heap     ] GC(57) Survivor regions: 5->6(20)
[2026-01-26T06:33:22.830+0000][66][info ][gc,heap     ] GC(57) Old regions: 66->66
[2026-01-26T06:33:22.830+0000][66][info ][gc,heap     ] GC(57) Humongous regions: 0->0
[2026-01-26T06:33:22.831+0000][66][info ][gc,metaspace] GC(57) Metaspace: 132358K(135808K)->132358K(135808K) NonClass: 114598K(116416K)->114598K(116416K) Class: 17760K(19392K)->17760K(19392K)
[2026-01-26T06:33:22.831+0000][66][info ][gc          ] GC(57) Pause Young (Normal) (G1 Evacuation Pause) 869M->282M(1024M) 14.928ms
[2026-01-26T06:33:22.831+0000][66][info ][gc,cpu      ] GC(57) User=0.04s Sys=0.00s Real=0.01s
[2026-01-26T06:33:22.832+0000][66][info ][safepoint   ] Safepoint "G1CollectForAllocation", Time since last: 69030297 ns, Reaching safepoint: 205317 ns, Cleanup: 6601 ns, At safepoint: 15782925 ns, Total: 15994843 ns
[2026-01-26T06:33:24.017+0000][66][info ][safepoint   ] Safepoint "Cleanup", Time since last: 1181425011 ns, Reaching safepoint: 3334780 ns, Cleanup: 40703 ns, At safepoint: 108309 ns, Total: 3483792 ns
[2026-01-26T06:33:25.643+0000][66][info ][gc,start    ] GC(58) Pause Young (Normal) (G1 Evacuation Pause)
[2026-01-26T06:33:25.643+0000][66][info ][gc,task     ] GC(58) Using 6 workers of 6 for evacuation
[2026-01-26T06:33:25.644+0000][66][debug][gc,age      ] GC(58) Desired survivor size 41943040 bytes, new threshold 15 (max threshold 15)
[2026-01-26T06:33:25.651+0000][66][info ][gc,phases   ] GC(58)   Pre Evacuate Collection Set: 0.5ms
[2026-01-26T06:33:25.652+0000][66][info ][gc,phases   ] GC(58)   Merge Heap Roots: 0.2ms
[2026-01-26T06:33:25.652+0000][66][info ][gc,phases   ] GC(58)   Evacuate Collection Set: 4.5ms
[2026-01-26T06:33:25.652+0000][66][info ][gc,phases   ] GC(58)   Post Evacuate Collection Set: 1.7ms
[2026-01-26T06:33:25.653+0000][66][info ][gc,phases   ] GC(58)   Other: 1.1ms
[2026-01-26T06:33:25.653+0000][66][trace][gc,age      ] GC(58) Age table with threshold 15 (max threshold 15)
[2026-01-26T06:33:25.653+0000][66][trace][gc,age      ] GC(58) - age   1:    5992072 bytes,    5992072 total
[2026-01-26T06:33:25.654+0000][66][trace][gc,age      ] GC(58) - age   2:     301448 bytes,    6293520 total
[2026-01-26T06:33:25.654+0000][66][trace][gc,age      ] GC(58) - age   3:     399128 bytes,    6692648 total
[2026-01-26T06:33:25.655+0000][66][trace][gc,age      ] GC(58) - age   4:      27752 bytes,    6720400 total
[2026-01-26T06:33:25.655+0000][66][trace][gc,age      ] GC(58) - age   5:      31696 bytes,    6752096 total
[2026-01-26T06:33:25.655+0000][66][trace][gc,age      ] GC(58) - age   6:    1643312 bytes,    8395408 total
[2026-01-26T06:33:25.656+0000][66][info ][gc,heap     ] GC(58) Eden regions: 147->0(150)
[2026-01-26T06:33:25.656+0000][66][info ][gc,heap     ] GC(58) Survivor regions: 6->3(20)
[2026-01-26T06:33:25.656+0000][66][info ][gc,heap     ] GC(58) Old regions: 66->66
[2026-01-26T06:33:25.657+0000][66][info ][gc,heap     ] GC(58) Humongous regions: 0->0
[2026-01-26T06:33:25.657+0000][66][info ][gc,metaspace] GC(58) Metaspace: 132363K(135808K)->132363K(135808K) NonClass: 114603K(116416K)->114603K(116416K) Class: 17760K(19392K)->17760K(19392K)
[2026-01-26T06:33:25.658+0000][66][info ][gc          ] GC(58) Pause Young (Normal) (G1 Evacuation Pause) 870M->270M(1024M) 14.985ms
[2026-01-26T06:33:25.658+0000][66][info ][gc,cpu      ] GC(58) User=0.01s Sys=0.01s Real=0.02s
[2026-01-26T06:33:25.658+0000][66][info ][safepoint   ] Safepoint "G1CollectForAllocation", Time since last: 1625694119 ns, Reaching safepoint: 19502 ns, Cleanup: 30002 ns, At safepoint: 15843831 ns, Total: 15893335 ns
[2026-01-26T06:33:26.659+0000][66][info ][safepoint   ] Safepoint "Cleanup", Time since last: 1000491416 ns, Reaching safepoint: 160214 ns, Cleanup: 18001 ns, At safepoint: 61706 ns, Total: 239921 ns
[2026-01-26T06:33:28.530+0000][66][info ][gc,start    ] GC(59) Pause Young (Normal) (G1 Evacuation Pause)
[2026-01-26T06:33:28.531+0000][66][info ][gc,task     ] GC(59) Using 6 workers of 6 for evacuation
[2026-01-26T06:33:28.531+0000][66][debug][gc,age      ] GC(59) Desired survivor size 41943040 bytes, new threshold 15 (max threshold 15)
[2026-01-26T06:33:28.540+0000][66][info ][gc,phases   ] GC(59)   Pre Evacuate Collection Set: 0.4ms
[2026-01-26T06:33:28.540+0000][66][info ][gc,phases   ] GC(59)   Merge Heap Roots: 0.2ms
[2026-01-26T06:33:28.541+0000][66][info ][gc,phases   ] GC(59)   Evacuate Collection Set: 6.1ms
[2026-01-26T06:33:28.541+0000][66][info ][gc,phases   ] GC(59)   Post Evacuate Collection Set: 1.0ms
[2026-01-26T06:33:28.541+0000][66][info ][gc,phases   ] GC(59)   Other: 1.0ms
[2026-01-26T06:33:28.542+0000][66][trace][gc,age      ] GC(59) Age table with threshold 15 (max threshold 15)
[2026-01-26T06:33:28.542+0000][66][trace][gc,age      ] GC(59) - age   1:   11697536 bytes,   11697536 total
[2026-01-26T06:33:28.543+0000][66][trace][gc,age      ] GC(59) - age   2:    3813584 bytes,   15511120 total
[2026-01-26T06:33:28.543+0000][66][trace][gc,age      ] GC(59) - age   3:     301096 bytes,   15812216 total
[2026-01-26T06:33:28.543+0000][66][trace][gc,age      ] GC(59) - age   4:     399128 bytes,   16211344 total
[2026-01-26T06:33:28.544+0000][66][trace][gc,age      ] GC(59) - age   5:      27752 bytes,   16239096 total
[2026-01-26T06:33:28.544+0000][66][trace][gc,age      ] GC(59) - age   6:      31696 bytes,   16270792 total
[2026-01-26T06:33:28.544+0000][66][trace][gc,age      ] GC(59) - age   7:    1643056 bytes,   17913848 total
[2026-01-26T06:33:28.545+0000][66][info ][gc,heap     ] GC(59) Eden regions: 150->0(148)
[2026-01-26T06:33:28.545+0000][66][info ][gc,heap     ] GC(59) Survivor regions: 3->5(20)
[2026-01-26T06:33:28.545+0000][66][info ][gc,heap     ] GC(59) Old regions: 66->66
[2026-01-26T06:33:28.546+0000][66][info ][gc,heap     ] GC(59) Humongous regions: 0->0
[2026-01-26T06:33:28.546+0000][66][info ][gc,metaspace] GC(59) Metaspace: 132385K(135872K)->132385K(135872K) NonClass: 114621K(116480K)->114621K(116480K) Class: 17764K(19392K)->17764K(19392K)
[2026-01-26T06:33:28.546+0000][66][info ][gc          ] GC(59) Pause Young (Normal) (G1 Evacuation Pause) 870M->279M(1024M) 16.054ms
[2026-01-26T06:33:28.547+0000][66][info ][gc,cpu      ] GC(59) User=0.02s Sys=0.00s Real=0.02s
[2026-01-26T06:33:28.547+0000][66][info ][safepoint   ] Safepoint "G1CollectForAllocation", Time since last: 1871090025 ns, Reaching safepoint: 153513 ns, Cleanup: 6001 ns, At safepoint: 16849015 ns, Total: 17008529 ns
[2026-01-26T06:33:29.548+0000][66][info ][safepoint   ] Safepoint "Cleanup", Time since last: 1000575123 ns, Reaching safepoint: 123911 ns, Cleanup: 18101 ns, At safepoint: 42104 ns, Total: 184116 ns
[2026-01-26T06:33:31.141+0000][66][info ][safepoint   ] Safepoint "Cleanup", Time since last: 1593006180 ns, Reaching safepoint: 165112 ns, Cleanup: 150112 ns, At safepoint: 118509 ns, Total: 433733 ns
[2026-01-26T06:33:32.578+0000][66][info ][safepoint   ] Safepoint "Cleanup", Time since last: 1438945735 ns, Reaching safepoint: 20502 ns, Cleanup: 111908 ns, At safepoint: 37403 ns, Total: 169813 ns
[2026-01-26T06:33:33.579+0000][66][info ][safepoint   ] Safepoint "Cleanup", Time since last: 1000696292 ns, Reaching safepoint: 156612 ns, Cleanup: 44404 ns, At safepoint: 64705 ns, Total: 265721 ns
[2026-01-26T06:33:34.580+0000][66][info ][safepoint   ] Safepoint "Cleanup", Time since last: 1000889007 ns, Reaching safepoint: 160412 ns, Cleanup: 17001 ns, At safepoint: 57105 ns, Total: 234518 ns
[2026-01-26T06:33:34.828+0000][66][info ][gc,start    ] GC(60) Pause Young (Normal) (G1 Evacuation Pause)
[2026-01-26T06:33:34.829+0000][66][info ][gc,task     ] GC(60) Using 6 workers of 6 for evacuation
[2026-01-26T06:33:34.829+0000][66][debug][gc,age      ] GC(60) Desired survivor size 41943040 bytes, new threshold 15 (max threshold 15)
[2026-01-26T06:33:34.837+0000][66][info ][gc,phases   ] GC(60)   Pre Evacuate Collection Set: 0.4ms
[2026-01-26T06:33:34.837+0000][66][info ][gc,phases   ] GC(60)   Merge Heap Roots: 0.1ms
[2026-01-26T06:33:34.838+0000][66][info ][gc,phases   ] GC(60)   Evacuate Collection Set: 5.5ms
[2026-01-26T06:33:34.838+0000][66][info ][gc,phases   ] GC(60)   Post Evacuate Collection Set: 1.0ms
[2026-01-26T06:33:34.839+0000][66][info ][gc,phases   ] GC(60)   Other: 0.9ms
[2026-01-26T06:33:34.839+0000][66][trace][gc,age      ] GC(60) Age table with threshold 15 (max threshold 15)
[2026-01-26T06:33:34.839+0000][66][trace][gc,age      ] GC(60) - age   1:   14586504 bytes,   14586504 total
[2026-01-26T06:33:34.840+0000][66][trace][gc,age      ] GC(60) - age   2:      41536 bytes,   14628040 total
[2026-01-26T06:33:34.840+0000][66][trace][gc,age      ] GC(60) - age   3:     490184 bytes,   15118224 total
[2026-01-26T06:33:34.840+0000][66][trace][gc,age      ] GC(60) - age   4:      70064 bytes,   15188288 total
[2026-01-26T06:33:34.841+0000][66][trace][gc,age      ] GC(60) - age   5:     241896 bytes,   15430184 total
[2026-01-26T06:33:34.841+0000][66][trace][gc,age      ] GC(60) - age   6:      17016 bytes,   15447200 total
[2026-01-26T06:33:34.841+0000][66][trace][gc,age      ] GC(60) - age   7:       3232 bytes,   15450432 total
[2026-01-26T06:33:34.841+0000][66][trace][gc,age      ] GC(60) - age   8:    1412112 bytes,   16862544 total
[2026-01-26T06:33:34.842+0000][66][info ][gc,heap     ] GC(60) Eden regions: 148->0(148)
[2026-01-26T06:33:34.842+0000][66][info ][gc,heap     ] GC(60) Survivor regions: 5->5(20)
[2026-01-26T06:33:34.842+0000][66][info ][gc,heap     ] GC(60) Old regions: 66->66
[2026-01-26T06:33:34.843+0000][66][info ][gc,heap     ] GC(60) Humongous regions: 0->0
[2026-01-26T06:33:34.843+0000][66][info ][gc,metaspace] GC(60) Metaspace: 132453K(135936K)->132453K(135936K) NonClass: 114687K(116544K)->114687K(116544K) Class: 17765K(19392K)->17765K(19392K)
[2026-01-26T06:33:34.843+0000][66][info ][gc          ] GC(60) Pause Young (Normal) (G1 Evacuation Pause) 871M->279M(1024M) 14.823ms
[2026-01-26T06:33:34.844+0000][66][info ][gc,cpu      ] GC(60) User=0.04s Sys=0.01s Real=0.01s
[2026-01-26T06:33:34.844+0000][66][info ][safepoint   ] Safepoint "G1CollectForAllocation", Time since last: 248190493 ns, Reaching safepoint: 131710 ns, Cleanup: 19902 ns, At safepoint: 15645122 ns, Total: 15796734 ns
[2026-01-26T06:33:35.848+0000][66][info ][safepoint   ] Safepoint "Cleanup", Time since last: 1004032953 ns, Reaching safepoint: 138411 ns, Cleanup: 34502 ns, At safepoint: 60305 ns, Total: 233218 ns
[2026-01-26T06:33:36.849+0000][66][info ][safepoint   ] Safepoint "Cleanup", Time since last: 1000462573 ns, Reaching safepoint: 185315 ns, Cleanup: 30802 ns, At safepoint: 56005 ns, Total: 272122 ns
[2026-01-26T06:33:37.850+0000][66][info ][safepoint   ] Safepoint "Cleanup", Time since last: 1000557881 ns, Reaching safepoint: 22501 ns, Cleanup: 81307 ns, At safepoint: 49204 ns, Total: 153012 ns
[2026-01-26T06:33:42.009+0000][66][info ][safepoint   ] Safepoint "Cleanup", Time since last: 4159053894 ns, Reaching safepoint: 132211 ns, Cleanup: 32503 ns, At safepoint: 89707 ns, Total: 254421 ns
[2026-01-26T06:33:43.170+0000][66][info ][gc,start    ] GC(61) Pause Young (Normal) (G1 Evacuation Pause)
[2026-01-26T06:33:43.170+0000][66][info ][gc,task     ] GC(61) Using 6 workers of 6 for evacuation
[2026-01-26T06:33:43.170+0000][66][debug][gc,age      ] GC(61) Desired survivor size 41943040 bytes, new threshold 15 (max threshold 15)
[2026-01-26T06:33:43.189+0000][66][info ][gc,phases   ] GC(61)   Pre Evacuate Collection Set: 0.4ms
[2026-01-26T06:33:43.189+0000][66][info ][gc,phases   ] GC(61)   Merge Heap Roots: 0.2ms
[2026-01-26T06:33:43.190+0000][66][info ][gc,phases   ] GC(61)   Evacuate Collection Set: 16.0ms
[2026-01-26T06:33:43.190+0000][66][info ][gc,phases   ] GC(61)   Post Evacuate Collection Set: 1.6ms
[2026-01-26T06:33:43.190+0000][66][info ][gc,phases   ] GC(61)   Other: 0.8ms
[2026-01-26T06:33:43.191+0000][66][trace][gc,age      ] GC(61) Age table with threshold 15 (max threshold 15)
[2026-01-26T06:33:43.191+0000][66][trace][gc,age      ] GC(61) - age   1:   23824144 bytes,   23824144 total
[2026-01-26T06:33:43.191+0000][66][trace][gc,age      ] GC(61) - age   2:    6626528 bytes,   30450672 total
[2026-01-26T06:33:43.191+0000][66][trace][gc,age      ] GC(61) - age   3:      41536 bytes,   30492208 total
[2026-01-26T06:33:43.192+0000][66][trace][gc,age      ] GC(61) - age   4:     489744 bytes,   30981952 total
[2026-01-26T06:33:43.192+0000][66][trace][gc,age      ] GC(61) - age   5:      70000 bytes,   31051952 total
[2026-01-26T06:33:43.192+0000][66][trace][gc,age      ] GC(61) - age   6:     241648 bytes,   31293600 total
[2026-01-26T06:33:43.193+0000][66][trace][gc,age      ] GC(61) - age   7:      17016 bytes,   31310616 total
[2026-01-26T06:33:43.193+0000][66][trace][gc,age      ] GC(61) - age   8:       3232 bytes,   31313848 total
[2026-01-26T06:33:43.193+0000][66][trace][gc,age      ] GC(61) - age   9:    1411112 bytes,   32724960 total
[2026-01-26T06:33:43.194+0000][66][info ][gc,heap     ] GC(61) Eden regions: 148->0(144)
[2026-01-26T06:33:43.194+0000][66][info ][gc,heap     ] GC(61) Survivor regions: 5->9(20)
[2026-01-26T06:33:43.194+0000][66][info ][gc,heap     ] GC(61) Old regions: 66->66
[2026-01-26T06:33:43.194+0000][66][info ][gc,heap     ] GC(61) Humongous regions: 0->0
[2026-01-26T06:33:43.195+0000][66][info ][gc,metaspace] GC(61) Metaspace: 132514K(136000K)->132514K(136000K) NonClass: 114748K(116608K)->114748K(116608K) Class: 17765K(19392K)->17765K(19392K)
[2026-01-26T06:33:43.195+0000][66][info ][gc          ] GC(61) Pause Young (Normal) (G1 Evacuation Pause) 871M->295M(1024M) 25.257ms
[2026-01-26T06:33:43.195+0000][66][info ][gc,cpu      ] GC(61) User=0.07s Sys=0.00s Real=0.03s
[2026-01-26T06:33:43.196+0000][66][info ][safepoint   ] Safepoint "G1CollectForAllocation", Time since last: 1160423453 ns, Reaching safepoint: 25802 ns, Cleanup: 54905 ns, At safepoint: 26076692 ns, Total: 26157399 ns
[2026-01-26T06:33:46.066+0000][66][info ][safepoint   ] Safepoint "Cleanup", Time since last: 2870445908 ns, Reaching safepoint: 17602 ns, Cleanup: 15401 ns, At safepoint: 3800 ns, Total: 36803 ns
[2026-01-26T06:33:50.271+0000][66][info ][gc,start    ] GC(62) Pause Young (Normal) (G1 Evacuation Pause)
[2026-01-26T06:33:50.271+0000][66][info ][gc,task     ] GC(62) Using 6 workers of 6 for evacuation
[2026-01-26T06:33:50.272+0000][66][debug][gc,age      ] GC(62) Desired survivor size 41943040 bytes, new threshold 15 (max threshold 15)
[2026-01-26T06:33:50.281+0000][66][info ][gc,phases   ] GC(62)   Pre Evacuate Collection Set: 0.5ms
[2026-01-26T06:33:50.282+0000][66][info ][gc,phases   ] GC(62)   Merge Heap Roots: 0.2ms
[2026-01-26T06:33:50.282+0000][66][info ][gc,phases   ] GC(62)   Evacuate Collection Set: 7.2ms
[2026-01-26T06:33:50.283+0000][66][info ][gc,phases   ] GC(62)   Post Evacuate Collection Set: 1.0ms
[2026-01-26T06:33:50.283+0000][66][info ][gc,phases   ] GC(62)   Other: 1.0ms
[2026-01-26T06:33:50.284+0000][66][trace][gc,age      ] GC(62) Age table with threshold 15 (max threshold 15)
[2026-01-26T06:33:50.284+0000][66][trace][gc,age      ] GC(62) - age   1:   20145128 bytes,   20145128 total
[2026-01-26T06:33:50.285+0000][66][trace][gc,age      ] GC(62) - age   2:    2453720 bytes,   22598848 total
[2026-01-26T06:33:50.285+0000][66][trace][gc,age      ] GC(62) - age   3:     270160 bytes,   22869008 total
[2026-01-26T06:33:50.286+0000][66][trace][gc,age      ] GC(62) - age   4:      41088 bytes,   22910096 total
[2026-01-26T06:33:50.286+0000][66][trace][gc,age      ] GC(62) - age   5:     487720 bytes,   23397816 total
[2026-01-26T06:33:50.286+0000][66][trace][gc,age      ] GC(62) - age   6:      70000 bytes,   23467816 total
[2026-01-26T06:33:50.287+0000][66][trace][gc,age      ] GC(62) - age   7:     239240 bytes,   23707056 total
[2026-01-26T06:33:50.287+0000][66][trace][gc,age      ] GC(62) - age   8:      17016 bytes,   23724072 total
[2026-01-26T06:33:50.288+0000][66][trace][gc,age      ] GC(62) - age   9:       3232 bytes,   23727304 total
[2026-01-26T06:33:50.288+0000][66][trace][gc,age      ] GC(62) - age  10:    1411112 bytes,   25138416 total
[2026-01-26T06:33:50.288+0000][66][info ][gc,heap     ] GC(62) Eden regions: 144->0(146)
[2026-01-26T06:33:50.289+0000][66][info ][gc,heap     ] GC(62) Survivor regions: 9->7(20)
[2026-01-26T06:33:50.289+0000][66][info ][gc,heap     ] GC(62) Old regions: 66->66
[2026-01-26T06:33:50.289+0000][66][info ][gc,heap     ] GC(62) Humongous regions: 0->0
[2026-01-26T06:33:50.289+0000][66][info ][gc,metaspace] GC(62) Metaspace: 132517K(136000K)->132517K(136000K) NonClass: 114751K(116608K)->114751K(116608K) Class: 17766K(19392K)->17766K(19392K)
[2026-01-26T06:33:50.290+0000][66][info ][gc          ] GC(62) Pause Young (Normal) (G1 Evacuation Pause) 871M->285M(1024M) 19.043ms
[2026-01-26T06:33:50.290+0000][66][info ][gc,cpu      ] GC(62) User=0.04s Sys=0.01s Real=0.02s
[2026-01-26T06:33:50.291+0000][66][info ][safepoint   ] Safepoint "G1CollectForAllocation", Time since last: 4204487843 ns, Reaching safepoint: 17001 ns, Cleanup: 14001 ns, At safepoint: 19927277 ns, Total: 19958279 ns
[2026-01-26T06:33:51.292+0000][66][info ][safepoint   ] Safepoint "Cleanup", Time since last: 1001561968 ns, Reaching safepoint: 16501 ns, Cleanup: 11301 ns, At safepoint: 2700 ns, Total: 30502 ns
[2026-01-26T06:33:56.294+0000][66][info ][safepoint   ] Safepoint "Cleanup", Time since last: 5001187929 ns, Reaching safepoint: 33003 ns, Cleanup: 16201 ns, At safepoint: 63006 ns, Total: 112210 ns
[2026-01-26T06:33:57.571+0000][66][info ][gc,start    ] GC(63) Pause Young (Normal) (G1 Evacuation Pause)
[2026-01-26T06:33:57.571+0000][66][info ][gc,task     ] GC(63) Using 6 workers of 6 for evacuation
[2026-01-26T06:33:57.571+0000][66][debug][gc,age      ] GC(63) Desired survivor size 41943040 bytes, new threshold 15 (max threshold 15)
[2026-01-26T06:33:57.591+0000][66][info ][gc,phases   ] GC(63)   Pre Evacuate Collection Set: 0.4ms
[2026-01-26T06:33:57.591+0000][66][info ][gc,phases   ] GC(63)   Merge Heap Roots: 0.3ms
[2026-01-26T06:33:57.592+0000][66][info ][gc,phases   ] GC(63)   Evacuate Collection Set: 16.3ms
[2026-01-26T06:33:57.592+0000][66][info ][gc,phases   ] GC(63)   Post Evacuate Collection Set: 1.7ms
[2026-01-26T06:33:57.592+0000][66][info ][gc,phases   ] GC(63)   Other: 1.0ms
[2026-01-26T06:33:57.593+0000][66][trace][gc,age      ] GC(63) Age table with threshold 15 (max threshold 15)
[2026-01-26T06:33:57.593+0000][66][trace][gc,age      ] GC(63) - age   1:   27186024 bytes,   27186024 total
[2026-01-26T06:33:57.593+0000][66][trace][gc,age      ] GC(63) - age   2:   10204680 bytes,   37390704 total
[2026-01-26T06:33:57.594+0000][66][trace][gc,age      ] GC(63) - age   3:    1830960 bytes,   39221664 total
[2026-01-26T06:33:57.594+0000][66][trace][gc,age      ] GC(63) - age   4:     269912 bytes,   39491576 total
[2026-01-26T06:33:57.595+0000][66][trace][gc,age      ] GC(63) - age   5:      40912 bytes,   39532488 total
[2026-01-26T06:33:57.595+0000][66][trace][gc,age      ] GC(63) - age   6:     487720 bytes,   40020208 total
[2026-01-26T06:33:57.595+0000][66][trace][gc,age      ] GC(63) - age   7:      70000 bytes,   40090208 total
[2026-01-26T06:33:57.596+0000][66][trace][gc,age      ] GC(63) - age   8:     239240 bytes,   40329448 total
[2026-01-26T06:33:57.596+0000][66][trace][gc,age      ] GC(63) - age   9:      17016 bytes,   40346464 total
[2026-01-26T06:33:57.596+0000][66][trace][gc,age      ] GC(63) - age  10:       3200 bytes,   40349664 total
[2026-01-26T06:33:57.597+0000][66][trace][gc,age      ] GC(63) - age  11:    1411112 bytes,   41760776 total
[2026-01-26T06:33:57.597+0000][66][info ][gc,heap     ] GC(63) Eden regions: 146->0(141)
[2026-01-26T06:33:57.597+0000][66][info ][gc,heap     ] GC(63) Survivor regions: 7->11(20)
[2026-01-26T06:33:57.598+0000][66][info ][gc,heap     ] GC(63) Old regions: 66->66
[2026-01-26T06:33:57.598+0000][66][info ][gc,heap     ] GC(63) Humongous regions: 0->0
[2026-01-26T06:33:57.598+0000][66][info ][gc,metaspace] GC(63) Metaspace: 132517K(136000K)->132517K(136000K) NonClass: 114751K(116608K)->114751K(116608K) Class: 17766K(19392K)->17766K(19392K)
[2026-01-26T06:33:57.599+0000][66][info ][gc          ] GC(63) Pause Young (Normal) (G1 Evacuation Pause) 869M->303M(1024M) 28.062ms
[2026-01-26T06:33:57.599+0000][66][info ][gc,cpu      ] GC(63) User=0.09s Sys=0.00s Real=0.03s
[2026-01-26T06:33:57.599+0000][66][info ][safepoint   ] Safepoint "G1CollectForAllocation", Time since last: 1276866904 ns, Reaching safepoint: 19802 ns, Cleanup: 5800 ns, At safepoint: 28952661 ns, Total: 28978263 ns
[2026-01-26T06:34:00.096+0000][66][info ][safepoint   ] Safepoint "Cleanup", Time since last: 2496297326 ns, Reaching safepoint: 8401 ns, Cleanup: 18302 ns, At safepoint: 3100 ns, Total: 29803 ns
[2026-01-26T06:34:02.136+0000][66][info ][safepoint   ] Safepoint "Cleanup", Time since last: 2042498127 ns, Reaching safepoint: 24202 ns, Cleanup: 16002 ns, At safepoint: 5600 ns, Total: 45804 ns
[2026-01-26T06:34:04.680+0000][66][info ][gc,start    ] GC(64) Pause Young (Normal) (G1 Evacuation Pause)
[2026-01-26T06:34:04.681+0000][66][info ][gc,task     ] GC(64) Using 6 workers of 6 for evacuation
[2026-01-26T06:34:04.681+0000][66][debug][gc,age      ] GC(64) Desired survivor size 39845888 bytes, new threshold 6 (max threshold 15)
[2026-01-26T06:34:04.692+0000][66][info ][gc,phases   ] GC(64)   Pre Evacuate Collection Set: 0.3ms
[2026-01-26T06:34:04.693+0000][66][info ][gc,phases   ] GC(64)   Merge Heap Roots: 0.3ms
[2026-01-26T06:34:04.693+0000][66][info ][gc,phases   ] GC(64)   Evacuate Collection Set: 8.7ms
[2026-01-26T06:34:04.694+0000][66][info ][gc,phases   ] GC(64)   Post Evacuate Collection Set: 1.1ms
[2026-01-26T06:34:04.694+0000][66][info ][gc,phases   ] GC(64)   Other: 0.9ms
[2026-01-26T06:34:04.694+0000][66][trace][gc,age      ] GC(64) Age table with threshold 6 (max threshold 15)
[2026-01-26T06:34:04.695+0000][66][trace][gc,age      ] GC(64) - age   1:   21910608 bytes,   21910608 total
[2026-01-26T06:34:04.695+0000][66][trace][gc,age      ] GC(64) - age   2:    3543800 bytes,   25454408 total
[2026-01-26T06:34:04.695+0000][66][trace][gc,age      ] GC(64) - age   3:     235848 bytes,   25690256 total
[2026-01-26T06:34:04.696+0000][66][trace][gc,age      ] GC(64) - age   4:     291056 bytes,   25981312 total
[2026-01-26T06:34:04.696+0000][66][trace][gc,age      ] GC(64) - age   5:     262208 bytes,   26243520 total
[2026-01-26T06:34:04.696+0000][66][trace][gc,age      ] GC(64) - age   6:      40912 bytes,   26284432 total
[2026-01-26T06:34:04.697+0000][66][info ][gc,heap     ] GC(64) Eden regions: 141->0(145)
[2026-01-26T06:34:04.697+0000][66][info ][gc,heap     ] GC(64) Survivor regions: 11->8(19)
[2026-01-26T06:34:04.698+0000][66][info ][gc,heap     ] GC(64) Old regions: 66->66
[2026-01-26T06:34:04.698+0000][66][info ][gc,heap     ] GC(64) Humongous regions: 0->0
[2026-01-26T06:34:04.698+0000][66][info ][gc,metaspace] GC(64) Metaspace: 132526K(136000K)->132526K(136000K) NonClass: 114760K(116608K)->114760K(116608K) Class: 17766K(19392K)->17766K(19392K)
[2026-01-26T06:34:04.699+0000][66][info ][gc          ] GC(64) Pause Young (Normal) (G1 Evacuation Pause) 867M->291M(1024M) 18.277ms
[2026-01-26T06:34:04.699+0000][66][info ][gc,cpu      ] GC(64) User=0.06s Sys=0.00s Real=0.02s
[2026-01-26T06:34:04.699+0000][66][info ][safepoint   ] Safepoint "G1CollectForAllocation", Time since last: 2544754178 ns, Reaching safepoint: 15900 ns, Cleanup: 4000 ns, At safepoint: 18984805 ns, Total: 19004705 ns
[2026-01-26T06:34:10.701+0000][66][info ][safepoint   ] Safepoint "Cleanup", Time since last: 6001248205 ns, Reaching safepoint: 18902 ns, Cleanup: 12601 ns, At safepoint: 3901 ns, Total: 35404 ns
[2026-01-26T06:34:11.391+0000][66][info ][gc,start    ] GC(65) Pause Young (Normal) (G1 Evacuation Pause)
[2026-01-26T06:34:11.391+0000][66][info ][gc,task     ] GC(65) Using 6 workers of 6 for evacuation
[2026-01-26T06:34:11.392+0000][66][debug][gc,age      ] GC(65) Desired survivor size 41943040 bytes, new threshold 15 (max threshold 15)
[2026-01-26T06:34:11.405+0000][66][info ][gc,phases   ] GC(65)   Pre Evacuate Collection Set: 0.4ms
[2026-01-26T06:34:11.406+0000][66][info ][gc,phases   ] GC(65)   Merge Heap Roots: 0.2ms
[2026-01-26T06:34:11.406+0000][66][info ][gc,phases   ] GC(65)   Evacuate Collection Set: 11.4ms
[2026-01-26T06:34:11.406+0000][66][info ][gc,phases   ] GC(65)   Post Evacuate Collection Set: 1.1ms
[2026-01-26T06:34:11.407+0000][66][info ][gc,phases   ] GC(65)   Other: 0.9ms
[2026-01-26T06:34:11.407+0000][66][trace][gc,age      ] GC(65) Age table with threshold 15 (max threshold 15)
[2026-01-26T06:34:11.408+0000][66][trace][gc,age      ] GC(65) - age   1:   28384112 bytes,   28384112 total
[2026-01-26T06:34:11.408+0000][66][trace][gc,age      ] GC(65) - age   2:   10728832 bytes,   39112944 total
[2026-01-26T06:34:11.408+0000][66][trace][gc,age      ] GC(65) - age   3:    2891480 bytes,   42004424 total
[2026-01-26T06:34:11.409+0000][66][trace][gc,age      ] GC(65) - age   4:     235472 bytes,   42239896 total
[2026-01-26T06:34:11.409+0000][66][trace][gc,age      ] GC(65) - age   5:     290744 bytes,   42530640 total
[2026-01-26T06:34:11.410+0000][66][trace][gc,age      ] GC(65) - age   6:     262208 bytes,   42792848 total
[2026-01-26T06:34:11.410+0000][66][trace][gc,age      ] GC(65) - age   7:      40912 bytes,   42833760 total
[2026-01-26T06:34:11.410+0000][66][info ][gc,heap     ] GC(65) Eden regions: 145->0(139)
[2026-01-26T06:34:11.411+0000][66][info ][gc,heap     ] GC(65) Survivor regions: 8->12(20)
[2026-01-26T06:34:11.411+0000][66][info ][gc,heap     ] GC(65) Old regions: 66->66
[2026-01-26T06:34:11.411+0000][66][info ][gc,heap     ] GC(65) Humongous regions: 0->0
[2026-01-26T06:34:11.412+0000][66][info ][gc,metaspace] GC(65) Metaspace: 132528K(136064K)->132528K(136064K) NonClass: 114762K(116672K)->114762K(116672K) Class: 17766K(19392K)->17766K(19392K)
[2026-01-26T06:34:11.412+0000][66][info ][gc          ] GC(65) Pause Young (Normal) (G1 Evacuation Pause) 871M->307M(1024M) 21.532ms
[2026-01-26T06:34:11.413+0000][66][info ][gc,cpu      ] GC(65) User=0.05s Sys=0.01s Real=0.02s
[2026-01-26T06:34:11.413+0000][66][info ][safepoint   ] Safepoint "G1CollectForAllocation", Time since last: 690025499 ns, Reaching safepoint: 16002 ns, Cleanup: 11201 ns, At safepoint: 22500377 ns, Total: 22527580 ns
[2026-01-26T06:34:13.014+0000][66][info ][safepoint   ] Safepoint "Cleanup", Time since last: 1600570396 ns, Reaching safepoint: 9401 ns, Cleanup: 10101 ns, At safepoint: 4800 ns, Total: 24302 ns
[2026-01-26T06:34:14.698+0000][66][info ][safepoint   ] Safepoint "Cleanup", Time since last: 1683997510 ns, Reaching safepoint: 18002 ns, Cleanup: 20202 ns, At safepoint: 3601 ns, Total: 41805 ns
[2026-01-26T06:34:15.699+0000][66][info ][safepoint   ] Safepoint "Cleanup", Time since last: 1000682019 ns, Reaching safepoint: 140815 ns, Cleanup: 18902 ns, At safepoint: 51705 ns, Total: 211422 ns
[2026-01-26T06:34:16.189+0000][66][info ][gc,start    ] GC(66) Pause Young (Normal) (G1 Evacuation Pause)
[2026-01-26T06:34:16.190+0000][66][info ][gc,task     ] GC(66) Using 6 workers of 6 for evacuation
[2026-01-26T06:34:16.190+0000][66][debug][gc,age      ] GC(66) Desired survivor size 39845888 bytes, new threshold 3 (max threshold 15)
[2026-01-26T06:34:16.201+0000][66][info ][gc,phases   ] GC(66)   Pre Evacuate Collection Set: 0.5ms
[2026-01-26T06:34:16.201+0000][66][info ][gc,phases   ] GC(66)   Merge Heap Roots: 0.2ms
[2026-01-26T06:34:16.202+0000][66][info ][gc,phases   ] GC(66)   Evacuate Collection Set: 8.1ms
[2026-01-26T06:34:16.202+0000][66][info ][gc,phases   ] GC(66)   Post Evacuate Collection Set: 1.6ms
[2026-01-26T06:34:16.203+0000][66][info ][gc,phases   ] GC(66)   Other: 0.9ms
[2026-01-26T06:34:16.203+0000][66][trace][gc,age      ] GC(66) Age table with threshold 3 (max threshold 15)
[2026-01-26T06:34:16.204+0000][66][trace][gc,age      ] GC(66) - age   1:   17583864 bytes,   17583864 total
[2026-01-26T06:34:16.204+0000][66][trace][gc,age      ] GC(66) - age   2:    3529992 bytes,   21113856 total
[2026-01-26T06:34:16.205+0000][66][trace][gc,age      ] GC(66) - age   3:     538784 bytes,   21652640 total
[2026-01-26T06:34:16.205+0000][66][info ][gc,heap     ] GC(66) Eden regions: 139->0(147)
[2026-01-26T06:34:16.206+0000][66][info ][gc,heap     ] GC(66) Survivor regions: 12->6(19)
[2026-01-26T06:34:16.206+0000][66][info ][gc,heap     ] GC(66) Old regions: 66->66
[2026-01-26T06:34:16.206+0000][66][info ][gc,heap     ] GC(66) Humongous regions: 0->0
[2026-01-26T06:34:16.207+0000][66][info ][gc,metaspace] GC(66) Metaspace: 132544K(136064K)->132544K(136064K) NonClass: 114778K(116672K)->114778K(116672K) Class: 17766K(19392K)->17766K(19392K)
[2026-01-26T06:34:16.208+0000][66][info ][gc          ] GC(66) Pause Young (Normal) (G1 Evacuation Pause) 863M->287M(1024M) 18.423ms
[2026-01-26T06:34:16.211+0000][66][info ][gc,cpu      ] GC(66) User=0.05s Sys=0.00s Real=0.03s
[2026-01-26T06:34:16.211+0000][66][info ][safepoint   ] Safepoint "G1CollectForAllocation", Time since last: 490338303 ns, Reaching safepoint: 20902 ns, Cleanup: 28003 ns, At safepoint: 22379165 ns, Total: 22428070 ns
[2026-01-26T06:34:18.214+0000][66][info ][safepoint   ] Safepoint "Cleanup", Time since last: 2002686078 ns, Reaching safepoint: 43705 ns, Cleanup: 16501 ns, At safepoint: 3801 ns, Total: 64007 ns
[2026-01-26T06:34:19.215+0000][66][info ][safepoint   ] Safepoint "Cleanup", Time since last: 1000639544 ns, Reaching safepoint: 16001 ns, Cleanup: 10401 ns, At safepoint: 2800 ns, Total: 29202 ns
[2026-01-26T06:34:21.047+0000][66][info ][safepoint   ] Safepoint "Cleanup", Time since last: 1831621298 ns, Reaching safepoint: 6800 ns, Cleanup: 15202 ns, At safepoint: 27302 ns, Total: 49304 ns
[2026-01-26T06:34:22.156+0000][66][info ][safepoint   ] Safepoint "Cleanup", Time since last: 1109615214 ns, Reaching safepoint: 12301 ns, Cleanup: 67105 ns, At safepoint: 52905 ns, Total: 132311 ns
[2026-01-26T06:34:23.754+0000][66][info ][gc,start    ] GC(67) Pause Young (Normal) (G1 Evacuation Pause)
[2026-01-26T06:34:23.754+0000][66][info ][gc,task     ] GC(67) Using 6 workers of 6 for evacuation
[2026-01-26T06:34:23.755+0000][66][debug][gc,age      ] GC(67) Desired survivor size 41943040 bytes, new threshold 15 (max threshold 15)
[2026-01-26T06:34:23.767+0000][66][info ][gc,phases   ] GC(67)   Pre Evacuate Collection Set: 0.4ms
[2026-01-26T06:34:23.767+0000][66][info ][gc,phases   ] GC(67)   Merge Heap Roots: 0.2ms
[2026-01-26T06:34:23.768+0000][66][info ][gc,phases   ] GC(67)   Evacuate Collection Set: 10.0ms
[2026-01-26T06:34:23.768+0000][66][info ][gc,phases   ] GC(67)   Post Evacuate Collection Set: 1.1ms
[2026-01-26T06:34:23.768+0000][66][info ][gc,phases   ] GC(67)   Other: 0.8ms
[2026-01-26T06:34:23.768+0000][66][trace][gc,age      ] GC(67) Age table with threshold 15 (max threshold 15)
[2026-01-26T06:34:23.769+0000][66][trace][gc,age      ] GC(67) - age   1:   25828608 bytes,   25828608 total
[2026-01-26T06:34:23.769+0000][66][trace][gc,age      ] GC(67) - age   2:    8459544 bytes,   34288152 total
[2026-01-26T06:34:23.769+0000][66][trace][gc,age      ] GC(67) - age   3:    2880600 bytes,   37168752 total
[2026-01-26T06:34:23.770+0000][66][trace][gc,age      ] GC(67) - age   4:     538688 bytes,   37707440 total
[2026-01-26T06:34:23.770+0000][66][info ][gc,heap     ] GC(67) Eden regions: 147->0(143)
[2026-01-26T06:34:23.770+0000][66][info ][gc,heap     ] GC(67) Survivor regions: 6->10(20)
[2026-01-26T06:34:23.771+0000][66][info ][gc,heap     ] GC(67) Old regions: 66->66
[2026-01-26T06:34:23.771+0000][66][info ][gc,heap     ] GC(67) Humongous regions: 0->0
[2026-01-26T06:34:23.771+0000][66][info ][gc,metaspace] GC(67) Metaspace: 132546K(136064K)->132546K(136064K) NonClass: 114780K(116672K)->114780K(116672K) Class: 17766K(19392K)->17766K(19392K)
[2026-01-26T06:34:23.772+0000][66][info ][gc          ] GC(67) Pause Young (Normal) (G1 Evacuation Pause) 875M->303M(1024M) 17.891ms
[2026-01-26T06:34:23.772+0000][66][info ][gc,cpu      ] GC(67) User=0.05s Sys=0.01s Real=0.02s
[2026-01-26T06:34:23.772+0000][66][info ][safepoint   ] Safepoint "G1CollectForAllocation", Time since last: 1597344552 ns, Reaching safepoint: 124411 ns, Cleanup: 36803 ns, At safepoint: 18613201 ns, Total: 18774415 ns
[2026-01-26T06:34:24.823+0000][66][info ][safepoint   ] Safepoint "Cleanup", Time since last: 1050805957 ns, Reaching safepoint: 6800 ns, Cleanup: 15201 ns, At safepoint: 3601 ns, Total: 25602 ns
[2026-01-26T06:34:26.326+0000][66][info ][safepoint   ] Safepoint "Cleanup", Time since last: 1502296961 ns, Reaching safepoint: 8800 ns, Cleanup: 11401 ns, At safepoint: 3601 ns, Total: 23802 ns
[2026-01-26T06:34:27.329+0000][66][info ][safepoint   ] Safepoint "Cleanup", Time since last: 1003492672 ns, Reaching safepoint: 7201 ns, Cleanup: 7601 ns, At safepoint: 2700 ns, Total: 17502 ns
[2026-01-26T06:34:28.427+0000][66][info ][gc,start    ] GC(68) Pause Young (Normal) (G1 Evacuation Pause)
[2026-01-26T06:34:28.427+0000][66][info ][gc,task     ] GC(68) Using 6 workers of 6 for evacuation
[2026-01-26T06:34:28.427+0000][66][debug][gc,age      ] GC(68) Desired survivor size 41943040 bytes, new threshold 15 (max threshold 15)
[2026-01-26T06:34:28.436+0000][66][info ][gc,phases   ] GC(68)   Pre Evacuate Collection Set: 0.4ms
[2026-01-26T06:34:28.437+0000][66][info ][gc,phases   ] GC(68)   Merge Heap Roots: 0.2ms
[2026-01-26T06:34:28.437+0000][66][info ][gc,phases   ] GC(68)   Evacuate Collection Set: 5.7ms
[2026-01-26T06:34:28.438+0000][66][info ][gc,phases   ] GC(68)   Post Evacuate Collection Set: 2.1ms
[2026-01-26T06:34:28.438+0000][66][info ][gc,phases   ] GC(68)   Other: 0.9ms
[2026-01-26T06:34:28.438+0000][66][trace][gc,age      ] GC(68) Age table with threshold 15 (max threshold 15)
[2026-01-26T06:34:28.439+0000][66][trace][gc,age      ] GC(68) - age   1:    9550048 bytes,    9550048 total
[2026-01-26T06:34:28.439+0000][66][trace][gc,age      ] GC(68) - age   2:     230360 bytes,    9780408 total
[2026-01-26T06:34:28.439+0000][66][trace][gc,age      ] GC(68) - age   3:     234552 bytes,   10014960 total
[2026-01-26T06:34:28.440+0000][66][trace][gc,age      ] GC(68) - age   4:      35016 bytes,   10049976 total
[2026-01-26T06:34:28.440+0000][66][trace][gc,age      ] GC(68) - age   5:     536920 bytes,   10586896 total
[2026-01-26T06:34:28.440+0000][66][info ][gc,heap     ] GC(68) Eden regions: 143->0(149)
[2026-01-26T06:34:28.441+0000][66][info ][gc,heap     ] GC(68) Survivor regions: 10->4(20)
[2026-01-26T06:34:28.441+0000][66][info ][gc,heap     ] GC(68) Old regions: 66->66
[2026-01-26T06:34:28.442+0000][66][info ][gc,heap     ] GC(68) Humongous regions: 0->0
[2026-01-26T06:34:28.442+0000][66][info ][gc,metaspace] GC(68) Metaspace: 132553K(136064K)->132553K(136064K) NonClass: 114787K(116672K)->114787K(116672K) Class: 17766K(19392K)->17766K(19392K)
[2026-01-26T06:34:28.442+0000][66][info ][gc          ] GC(68) Pause Young (Normal) (G1 Evacuation Pause) 875M->276M(1024M) 15.609ms
[2026-01-26T06:34:28.443+0000][66][info ][gc,cpu      ] GC(68) User=0.02s Sys=0.01s Real=0.02s
[2026-01-26T06:34:28.443+0000][66][info ][safepoint   ] Safepoint "G1CollectForAllocation", Time since last: 1097384615 ns, Reaching safepoint: 135310 ns, Cleanup: 24002 ns, At safepoint: 16500291 ns, Total: 16659603 ns
[2026-01-26T06:34:30.144+0000][66][info ][safepoint   ] Safepoint "Cleanup", Time since last: 1700204955 ns, Reaching safepoint: 153212 ns, Cleanup: 29402 ns, At safepoint: 88207 ns, Total: 270821 ns
[2026-01-26T06:34:32.142+0000][66][info ][safepoint   ] Safepoint "Cleanup", Time since last: 2000765358 ns, Reaching safepoint: 21502 ns, Cleanup: 18901 ns, At safepoint: 3801 ns, Total: 44204 ns
[2026-01-26T06:34:34.745+0000][66][info ][safepoint   ] Safepoint "Cleanup", Time since last: 2602998919 ns, Reaching safepoint: 230218 ns, Cleanup: 24502 ns, At safepoint: 53005 ns, Total: 307725 ns
[2026-01-26T06:34:35.311+0000][66][info ][gc,start    ] GC(69) Pause Young (Normal) (G1 Evacuation Pause)
[2026-01-26T06:34:35.312+0000][66][info ][gc,task     ] GC(69) Using 6 workers of 6 for evacuation
[2026-01-26T06:34:35.312+0000][66][debug][gc,age      ] GC(69) Desired survivor size 41943040 bytes, new threshold 15 (max threshold 15)
[2026-01-26T06:34:35.322+0000][66][info ][gc,phases   ] GC(69)   Pre Evacuate Collection Set: 0.4ms
[2026-01-26T06:34:35.322+0000][66][info ][gc,phases   ] GC(69)   Merge Heap Roots: 0.1ms
[2026-01-26T06:34:35.323+0000][66][info ][gc,phases   ] GC(69)   Evacuate Collection Set: 7.8ms
[2026-01-26T06:34:35.323+0000][66][info ][gc,phases   ] GC(69)   Post Evacuate Collection Set: 1.1ms
[2026-01-26T06:34:35.324+0000][66][info ][gc,phases   ] GC(69)   Other: 0.8ms
[2026-01-26T06:34:35.324+0000][66][trace][gc,age      ] GC(69) Age table with threshold 15 (max threshold 15)
[2026-01-26T06:34:35.324+0000][66][trace][gc,age      ] GC(69) - age   1:   22606304 bytes,   22606304 total
[2026-01-26T06:34:35.325+0000][66][trace][gc,age      ] GC(69) - age   2:    2217232 bytes,   24823536 total
[2026-01-26T06:34:35.325+0000][66][trace][gc,age      ] GC(69) - age   3:     228824 bytes,   25052360 total
[2026-01-26T06:34:35.326+0000][66][trace][gc,age      ] GC(69) - age   4:     232856 bytes,   25285216 total
[2026-01-26T06:34:35.326+0000][66][trace][gc,age      ] GC(69) - age   5:      35016 bytes,   25320232 total
[2026-01-26T06:34:35.326+0000][66][trace][gc,age      ] GC(69) - age   6:     531448 bytes,   25851680 total
[2026-01-26T06:34:35.327+0000][66][info ][gc,heap     ] GC(69) Eden regions: 149->0(146)
[2026-01-26T06:34:35.327+0000][66][info ][gc,heap     ] GC(69) Survivor regions: 4->7(20)
[2026-01-26T06:34:35.327+0000][66][info ][gc,heap     ] GC(69) Old regions: 66->66
[2026-01-26T06:34:35.328+0000][66][info ][gc,heap     ] GC(69) Humongous regions: 0->0
[2026-01-26T06:34:35.328+0000][66][info ][gc,metaspace] GC(69) Metaspace: 132556K(136064K)->132556K(136064K) NonClass: 114790K(116672K)->114790K(116672K) Class: 17766K(19392K)->17766K(19392K)
[2026-01-26T06:34:35.328+0000][66][info ][gc          ] GC(69) Pause Young (Normal) (G1 Evacuation Pause) 872M->290M(1024M) 17.137ms
[2026-01-26T06:34:35.329+0000][66][info ][gc,cpu      ] GC(69) User=0.04s Sys=0.00s Real=0.02s
[2026-01-26T06:34:35.329+0000][66][info ][safepoint   ] Safepoint "G1CollectForAllocation", Time since last: 565561757 ns, Reaching safepoint: 17902 ns, Cleanup: 10901 ns, At safepoint: 17912962 ns, Total: 17941765 ns
[2026-01-26T06:34:37.360+0000][66][info ][gc,start    ] GC(70) Pause Young (Normal) (G1 Evacuation Pause)
[2026-01-26T06:34:37.361+0000][66][info ][gc,task     ] GC(70) Using 6 workers of 6 for evacuation
[2026-01-26T06:34:37.361+0000][66][debug][gc,age      ] GC(70) Desired survivor size 41943040 bytes, new threshold 15 (max threshold 15)
[2026-01-26T06:34:37.372+0000][66][info ][gc,phases   ] GC(70)   Pre Evacuate Collection Set: 0.4ms
[2026-01-26T06:34:37.373+0000][66][info ][gc,phases   ] GC(70)   Merge Heap Roots: 0.2ms
[2026-01-26T06:34:37.373+0000][66][info ][gc,phases   ] GC(70)   Evacuate Collection Set: 8.0ms
[2026-01-26T06:34:37.373+0000][66][info ][gc,phases   ] GC(70)   Post Evacuate Collection Set: 1.5ms
[2026-01-26T06:34:37.374+0000][66][info ][gc,phases   ] GC(70)   Other: 1.0ms
[2026-01-26T06:34:37.374+0000][66][trace][gc,age      ] GC(70) Age table with threshold 15 (max threshold 15)
[2026-01-26T06:34:37.375+0000][66][trace][gc,age      ] GC(70) - age   1:    9786336 bytes,    9786336 total
[2026-01-26T06:34:37.375+0000][66][trace][gc,age      ] GC(70) - age   2:   15080064 bytes,   24866400 total
[2026-01-26T06:34:37.376+0000][66][trace][gc,age      ] GC(70) - age   3:    2216552 bytes,   27082952 total
[2026-01-26T06:34:37.376+0000][66][trace][gc,age      ] GC(70) - age   4:     228824 bytes,   27311776 total
[2026-01-26T06:34:37.377+0000][66][trace][gc,age      ] GC(70) - age   5:     232856 bytes,   27544632 total
[2026-01-26T06:34:37.377+0000][66][trace][gc,age      ] GC(70) - age   6:      35016 bytes,   27579648 total
[2026-01-26T06:34:37.378+0000][66][trace][gc,age      ] GC(70) - age   7:     531448 bytes,   28111096 total
[2026-01-26T06:34:37.378+0000][66][info ][gc,heap     ] GC(70) Eden regions: 146->0(145)
[2026-01-26T06:34:37.378+0000][66][info ][gc,heap     ] GC(70) Survivor regions: 7->8(20)
[2026-01-26T06:34:37.379+0000][66][info ][gc,heap     ] GC(70) Old regions: 66->66
[2026-01-26T06:34:37.379+0000][66][info ][gc,heap     ] GC(70) Humongous regions: 0->0
[2026-01-26T06:34:37.380+0000][66][info ][gc,metaspace] GC(70) Metaspace: 132556K(136064K)->132556K(136064K) NonClass: 114790K(116672K)->114790K(116672K) Class: 17766K(19392K)->17766K(19392K)
[2026-01-26T06:34:37.380+0000][66][info ][gc          ] GC(70) Pause Young (Normal) (G1 Evacuation Pause) 874M->294M(1024M) 19.550ms
[2026-01-26T06:34:37.380+0000][66][info ][gc,cpu      ] GC(70) User=0.05s Sys=0.00s Real=0.02s
[2026-01-26T06:34:37.381+0000][66][info ][safepoint   ] Safepoint "G1CollectForAllocation", Time since last: 2031423292 ns, Reaching safepoint: 18901 ns, Cleanup: 4301 ns, At safepoint: 20430667 ns, Total: 20453869 ns
[2026-01-26T06:34:38.986+0000][66][info ][gc,start    ] GC(71) Pause Young (Normal) (G1 Evacuation Pause)
[2026-01-26T06:34:38.986+0000][66][info ][gc,task     ] GC(71) Using 6 workers of 6 for evacuation
[2026-01-26T06:34:38.987+0000][66][debug][gc,age      ] GC(71) Desired survivor size 41943040 bytes, new threshold 15 (max threshold 15)
[2026-01-26T06:34:39.004+0000][66][info ][gc,phases   ] GC(71)   Pre Evacuate Collection Set: 0.6ms
[2026-01-26T06:34:39.004+0000][66][info ][gc,phases   ] GC(71)   Merge Heap Roots: 0.2ms
[2026-01-26T06:34:39.005+0000][66][info ][gc,phases   ] GC(71)   Evacuate Collection Set: 13.2ms
[2026-01-26T06:34:39.006+0000][66][info ][gc,phases   ] GC(71)   Post Evacuate Collection Set: 2.5ms
[2026-01-26T06:34:39.006+0000][66][info ][gc,phases   ] GC(71)   Other: 1.0ms
[2026-01-26T06:34:39.006+0000][66][trace][gc,age      ] GC(71) Age table with threshold 15 (max threshold 15)
[2026-01-26T06:34:39.007+0000][66][trace][gc,age      ] GC(71) - age   1:   11320968 bytes,   11320968 total
[2026-01-26T06:34:39.007+0000][66][trace][gc,age      ] GC(71) - age   2:    4369416 bytes,   15690384 total
[2026-01-26T06:34:39.008+0000][66][trace][gc,age      ] GC(71) - age   3:   13199872 bytes,   28890256 total
[2026-01-26T06:34:39.008+0000][66][trace][gc,age      ] GC(71) - age   4:    1717680 bytes,   30607936 total
[2026-01-26T06:34:39.009+0000][66][trace][gc,age      ] GC(71) - age   5:     228824 bytes,   30836760 total
[2026-01-26T06:34:39.009+0000][66][trace][gc,age      ] GC(71) - age   6:     232608 bytes,   31069368 total
[2026-01-26T06:34:39.010+0000][66][trace][gc,age      ] GC(71) - age   7:      35016 bytes,   31104384 total
[2026-01-26T06:34:39.010+0000][66][trace][gc,age      ] GC(71) - age   8:     531448 bytes,   31635832 total
[2026-01-26T06:34:39.010+0000][66][info ][gc,heap     ] GC(71) Eden regions: 145->0(144)
[2026-01-26T06:34:39.011+0000][66][info ][gc,heap     ] GC(71) Survivor regions: 8->9(20)
[2026-01-26T06:34:39.011+0000][66][info ][gc,heap     ] GC(71) Old regions: 66->66
[2026-01-26T06:34:39.012+0000][66][info ][gc,heap     ] GC(71) Humongous regions: 0->0
[2026-01-26T06:34:39.012+0000][66][info ][gc,metaspace] GC(71) Metaspace: 132561K(136064K)->132561K(136064K) NonClass: 114795K(116672K)->114795K(116672K) Class: 17766K(19392K)->17766K(19392K)
[2026-01-26T06:34:39.012+0000][66][info ][gc          ] GC(71) Pause Young (Normal) (G1 Evacuation Pause) 874M->295M(1024M) 26.615ms
[2026-01-26T06:34:39.013+0000][66][info ][gc,cpu      ] GC(71) User=0.06s Sys=0.01s Real=0.03s
[2026-01-26T06:34:39.014+0000][66][info ][safepoint   ] Safepoint "G1CollectForAllocation", Time since last: 1604573655 ns, Reaching safepoint: 291824 ns, Cleanup: 99508 ns, At safepoint: 27705662 ns, Total: 28096994 ns
[2026-01-26T06:34:40.030+0000][66][info ][safepoint   ] Safepoint "Cleanup", Time since last: 1016074125 ns, Reaching safepoint: 132911 ns, Cleanup: 14401 ns, At safepoint: 82007 ns, Total: 229319 ns
[2026-01-26T06:34:41.436+0000][66][info ][safepoint   ] Safepoint "Cleanup", Time since last: 1406016450 ns, Reaching safepoint: 158813 ns, Cleanup: 16602 ns, At safepoint: 61105 ns, Total: 236520 ns
[2026-01-26T06:34:41.452+0000][66][info ][gc,start    ] GC(72) Pause Young (Normal) (G1 Evacuation Pause)
[2026-01-26T06:34:41.453+0000][66][info ][gc,task     ] GC(72) Using 6 workers of 6 for evacuation
[2026-01-26T06:34:41.453+0000][66][debug][gc,age      ] GC(72) Desired survivor size 41943040 bytes, new threshold 15 (max threshold 15)
[2026-01-26T06:34:41.461+0000][66][info ][gc,phases   ] GC(72)   Pre Evacuate Collection Set: 0.4ms
[2026-01-26T06:34:41.461+0000][66][info ][gc,phases   ] GC(72)   Merge Heap Roots: 0.2ms
[2026-01-26T06:34:41.462+0000][66][info ][gc,phases   ] GC(72)   Evacuate Collection Set: 5.5ms
[2026-01-26T06:34:41.462+0000][66][info ][gc,phases   ] GC(72)   Post Evacuate Collection Set: 1.3ms
[2026-01-26T06:34:41.462+0000][66][info ][gc,phases   ] GC(72)   Other: 0.7ms
[2026-01-26T06:34:41.463+0000][66][trace][gc,age      ] GC(72) Age table with threshold 15 (max threshold 15)
[2026-01-26T06:34:41.463+0000][66][trace][gc,age      ] GC(72) - age   1:   10025224 bytes,   10025224 total
[2026-01-26T06:34:41.463+0000][66][trace][gc,age      ] GC(72) - age   2:    3124176 bytes,   13149400 total
[2026-01-26T06:34:41.464+0000][66][trace][gc,age      ] GC(72) - age   3:      20152 bytes,   13169552 total
[2026-01-26T06:34:41.464+0000][66][trace][gc,age      ] GC(72) - age   4:    1681336 bytes,   14850888 total
[2026-01-26T06:34:41.464+0000][66][trace][gc,age      ] GC(72) - age   5:     608768 bytes,   15459656 total
[2026-01-26T06:34:41.465+0000][66][trace][gc,age      ] GC(72) - age   6:     228824 bytes,   15688480 total
[2026-01-26T06:34:41.465+0000][66][trace][gc,age      ] GC(72) - age   7:     232432 bytes,   15920912 total
[2026-01-26T06:34:41.465+0000][66][trace][gc,age      ] GC(72) - age   8:      35016 bytes,   15955928 total
[2026-01-26T06:34:41.466+0000][66][trace][gc,age      ] GC(72) - age   9:     531448 bytes,   16487376 total
[2026-01-26T06:34:41.466+0000][66][info ][gc,heap     ] GC(72) Eden regions: 144->0(148)
[2026-01-26T06:34:41.466+0000][66][info ][gc,heap     ] GC(72) Survivor regions: 9->5(20)
[2026-01-26T06:34:41.466+0000][66][info ][gc,heap     ] GC(72) Old regions: 66->66
[2026-01-26T06:34:41.467+0000][66][info ][gc,heap     ] GC(72) Humongous regions: 0->0
[2026-01-26T06:34:41.467+0000][66][info ][gc,metaspace] GC(72) Metaspace: 132564K(136064K)->132564K(136064K) NonClass: 114798K(116672K)->114798K(116672K) Class: 17766K(19392K)->17766K(19392K)
[2026-01-26T06:34:41.467+0000][66][info ][gc          ] GC(72) Pause Young (Normal) (G1 Evacuation Pause) 871M->281M(1024M) 14.714ms
[2026-01-26T06:34:41.467+0000][66][info ][gc,cpu      ] GC(72) User=0.03s Sys=0.00s Real=0.02s
[2026-01-26T06:34:41.468+0000][66][info ][safepoint   ] Safepoint "G1CollectForAllocation", Time since last: 16054710 ns, Reaching safepoint: 164213 ns, Cleanup: 5501 ns, At safepoint: 15395456 ns, Total: 15565170 ns
[2026-01-26T06:34:42.468+0000][66][info ][safepoint   ] Safepoint "Cleanup", Time since last: 1000478066 ns, Reaching safepoint: 146313 ns, Cleanup: 13401 ns, At safepoint: 52704 ns, Total: 212418 ns
[2026-01-26T06:34:44.094+0000][66][info ][gc,start    ] GC(73) Pause Young (Normal) (G1 Evacuation Pause)
[2026-01-26T06:34:44.095+0000][66][info ][gc,task     ] GC(73) Using 6 workers of 6 for evacuation
[2026-01-26T06:34:44.095+0000][66][debug][gc,age      ] GC(73) Desired survivor size 41943040 bytes, new threshold 15 (max threshold 15)
[2026-01-26T06:34:44.107+0000][66][info ][gc,phases   ] GC(73)   Pre Evacuate Collection Set: 0.4ms
[2026-01-26T06:34:44.107+0000][66][info ][gc,phases   ] GC(73)   Merge Heap Roots: 0.2ms
[2026-01-26T06:34:44.107+0000][66][info ][gc,phases   ] GC(73)   Evacuate Collection Set: 9.0ms
[2026-01-26T06:34:44.108+0000][66][info ][gc,phases   ] GC(73)   Post Evacuate Collection Set: 1.5ms
[2026-01-26T06:34:44.108+0000][66][info ][gc,phases   ] GC(73)   Other: 1.0ms
[2026-01-26T06:34:44.108+0000][66][trace][gc,age      ] GC(73) Age table with threshold 15 (max threshold 15)
[2026-01-26T06:34:44.109+0000][66][trace][gc,age      ] GC(73) - age   1:   13633160 bytes,   13633160 total
[2026-01-26T06:34:44.109+0000][66][trace][gc,age      ] GC(73) - age   2:    3885760 bytes,   17518920 total
[2026-01-26T06:34:44.109+0000][66][trace][gc,age      ] GC(73) - age   3:    2990280 bytes,   20509200 total
[2026-01-26T06:34:44.109+0000][66][trace][gc,age      ] GC(73) - age   4:      19976 bytes,   20529176 total
[2026-01-26T06:34:44.110+0000][66][trace][gc,age      ] GC(73) - age   5:    1680752 bytes,   22209928 total
[2026-01-26T06:34:44.110+0000][66][trace][gc,age      ] GC(73) - age   6:     608768 bytes,   22818696 total
[2026-01-26T06:34:44.110+0000][66][trace][gc,age      ] GC(73) - age   7:     228824 bytes,   23047520 total
[2026-01-26T06:34:44.110+0000][66][trace][gc,age      ] GC(73) - age   8:     231496 bytes,   23279016 total
[2026-01-26T06:34:44.111+0000][66][trace][gc,age      ] GC(73) - age   9:      35016 bytes,   23314032 total
[2026-01-26T06:34:44.111+0000][66][trace][gc,age      ] GC(73) - age  10:     531448 bytes,   23845480 total
[2026-01-26T06:34:44.111+0000][66][info ][gc,heap     ] GC(73) Eden regions: 148->0(146)
[2026-01-26T06:34:44.112+0000][66][info ][gc,heap     ] GC(73) Survivor regions: 5->7(20)
[2026-01-26T06:34:44.112+0000][66][info ][gc,heap     ] GC(73) Old regions: 66->66
[2026-01-26T06:34:44.112+0000][66][info ][gc,heap     ] GC(73) Humongous regions: 0->0
[2026-01-26T06:34:44.112+0000][66][info ][gc,metaspace] GC(73) Metaspace: 132564K(136064K)->132564K(136064K) NonClass: 114798K(116672K)->114798K(116672K) Class: 17766K(19392K)->17766K(19392K)
[2026-01-26T06:34:44.113+0000][66][info ][gc          ] GC(73) Pause Young (Normal) (G1 Evacuation Pause) 873M->288M(1024M) 18.628ms
[2026-01-26T06:34:44.113+0000][66][info ][gc,cpu      ] GC(73) User=0.05s Sys=0.00s Real=0.02s
[2026-01-26T06:34:44.113+0000][66][info ][safepoint   ] Safepoint "G1CollectForAllocation", Time since last: 1625719104 ns, Reaching safepoint: 18702 ns, Cleanup: 4900 ns, At safepoint: 19364903 ns, Total: 19388505 ns
[2026-01-26T06:34:45.114+0000][66][info ][safepoint   ] Safepoint "Cleanup", Time since last: 1000549180 ns, Reaching safepoint: 18102 ns, Cleanup: 12601 ns, At safepoint: 3700 ns, Total: 34403 ns
[2026-01-26T06:34:46.785+0000][66][info ][safepoint   ] Safepoint "Cleanup", Time since last: 1670744530 ns, Reaching safepoint: 133111 ns, Cleanup: 31102 ns, At safepoint: 40404 ns, Total: 204617 ns
[2026-01-26T06:34:47.786+0000][66][info ][safepoint   ] Safepoint "Cleanup", Time since last: 1000531579 ns, Reaching safepoint: 60305 ns, Cleanup: 16101 ns, At safepoint: 24702 ns, Total: 101108 ns
[2026-01-26T06:34:48.786+0000][66][info ][safepoint   ] Safepoint "Cleanup", Time since last: 1000603686 ns, Reaching safepoint: 21501 ns, Cleanup: 14102 ns, At safepoint: 41903 ns, Total: 77506 ns
[2026-01-26T06:34:49.787+0000][66][info ][safepoint   ] Safepoint "Cleanup", Time since last: 1000586384 ns, Reaching safepoint: 136211 ns, Cleanup: 16401 ns, At safepoint: 69706 ns, Total: 222318 ns
[2026-01-26T06:34:49.920+0000][66][info ][gc,start    ] GC(74) Pause Young (Normal) (G1 Evacuation Pause)
[2026-01-26T06:34:49.920+0000][66][info ][gc,task     ] GC(74) Using 6 workers of 6 for evacuation
[2026-01-26T06:34:49.920+0000][66][debug][gc,age      ] GC(74) Desired survivor size 41943040 bytes, new threshold 15 (max threshold 15)
[2026-01-26T06:34:49.933+0000][66][info ][gc,phases   ] GC(74)   Pre Evacuate Collection Set: 0.4ms
[2026-01-26T06:34:49.934+0000][66][info ][gc,phases   ] GC(74)   Merge Heap Roots: 0.3ms
[2026-01-26T06:34:49.934+0000][66][info ][gc,phases   ] GC(74)   Evacuate Collection Set: 10.1ms
[2026-01-26T06:34:49.934+0000][66][info ][gc,phases   ] GC(74)   Post Evacuate Collection Set: 1.3ms
[2026-01-26T06:34:49.935+0000][66][info ][gc,phases   ] GC(74)   Other: 0.9ms
[2026-01-26T06:34:49.935+0000][66][trace][gc,age      ] GC(74) Age table with threshold 15 (max threshold 15)
[2026-01-26T06:34:49.936+0000][66][trace][gc,age      ] GC(74) - age   1:   22760168 bytes,   22760168 total
[2026-01-26T06:34:49.936+0000][66][trace][gc,age      ] GC(74) - age   2:    5245088 bytes,   28005256 total
[2026-01-26T06:34:49.937+0000][66][trace][gc,age      ] GC(74) - age   3:    3501128 bytes,   31506384 total
[2026-01-26T06:34:49.937+0000][66][trace][gc,age      ] GC(74) - age   4:    2784776 bytes,   34291160 total
[2026-01-26T06:34:49.937+0000][66][trace][gc,age      ] GC(74) - age   6:    1433952 bytes,   35725112 total
[2026-01-26T06:34:49.938+0000][66][trace][gc,age      ] GC(74) - age   7:     608688 bytes,   36333800 total
[2026-01-26T06:34:49.938+0000][66][trace][gc,age      ] GC(74) - age   8:     228256 bytes,   36562056 total
[2026-01-26T06:34:49.938+0000][66][trace][gc,age      ] GC(74) - age   9:     231496 bytes,   36793552 total
[2026-01-26T06:34:49.939+0000][66][trace][gc,age      ] GC(74) - age  10:      35016 bytes,   36828568 total
[2026-01-26T06:34:49.939+0000][66][trace][gc,age      ] GC(74) - age  11:     531448 bytes,   37360016 total
[2026-01-26T06:34:49.939+0000][66][info ][gc,heap     ] GC(74) Eden regions: 146->0(143)
[2026-01-26T06:34:49.940+0000][66][info ][gc,heap     ] GC(74) Survivor regions: 7->10(20)
[2026-01-26T06:34:49.940+0000][66][info ][gc,heap     ] GC(74) Old regions: 66->66
[2026-01-26T06:34:49.941+0000][66][info ][gc,heap     ] GC(74) Humongous regions: 0->0
[2026-01-26T06:34:49.941+0000][66][info ][gc,metaspace] GC(74) Metaspace: 132572K(136064K)->132572K(136064K) NonClass: 114806K(116672K)->114806K(116672K) Class: 17766K(19392K)->17766K(19392K)
[2026-01-26T06:34:49.941+0000][66][info ][gc          ] GC(74) Pause Young (Normal) (G1 Evacuation Pause) 872M->303M(1024M) 21.816ms
[2026-01-26T06:34:49.942+0000][66][info ][gc,cpu      ] GC(74) User=0.05s Sys=0.00s Real=0.02s
[2026-01-26T06:34:49.942+0000][66][info ][safepoint   ] Safepoint "G1CollectForAllocation", Time since last: 132335749 ns, Reaching safepoint: 132811 ns, Cleanup: 6101 ns, At safepoint: 22819788 ns, Total: 22958700 ns
[2026-01-26T06:34:51.484+0000][66][info ][safepoint   ] Safepoint "Cleanup", Time since last: 1541789335 ns, Reaching safepoint: 9801 ns, Cleanup: 29002 ns, At safepoint: 41504 ns, Total: 80307 ns
[2026-01-26T06:34:54.575+0000][66][info ][gc,start    ] GC(75) Pause Young (Normal) (G1 Evacuation Pause)
[2026-01-26T06:34:54.576+0000][66][info ][gc,task     ] GC(75) Using 6 workers of 6 for evacuation
[2026-01-26T06:34:54.576+0000][66][debug][gc,age      ] GC(75) Desired survivor size 41943040 bytes, new threshold 15 (max threshold 15)
[2026-01-26T06:34:54.590+0000][66][info ][gc,phases   ] GC(75)   Pre Evacuate Collection Set: 0.4ms
[2026-01-26T06:34:54.590+0000][66][info ][gc,phases   ] GC(75)   Merge Heap Roots: 0.2ms
[2026-01-26T06:34:54.591+0000][66][info ][gc,phases   ] GC(75)   Evacuate Collection Set: 11.7ms
[2026-01-26T06:34:54.591+0000][66][info ][gc,phases   ] GC(75)   Post Evacuate Collection Set: 1.2ms
[2026-01-26T06:34:54.591+0000][66][info ][gc,phases   ] GC(75)   Other: 0.7ms
[2026-01-26T06:34:54.592+0000][66][trace][gc,age      ] GC(75) Age table with threshold 15 (max threshold 15)
[2026-01-26T06:34:54.592+0000][66][trace][gc,age      ] GC(75) - age   1:   17617648 bytes,   17617648 total
[2026-01-26T06:34:54.592+0000][66][trace][gc,age      ] GC(75) - age   2:   14221928 bytes,   31839576 total
[2026-01-26T06:34:54.592+0000][66][trace][gc,age      ] GC(75) - age   3:    4679896 bytes,   36519472 total
[2026-01-26T06:34:54.593+0000][66][trace][gc,age      ] GC(75) - age   4:    3247424 bytes,   39766896 total
[2026-01-26T06:34:54.593+0000][66][trace][gc,age      ] GC(75) - age   5:    2197304 bytes,   41964200 total
[2026-01-26T06:34:54.593+0000][66][trace][gc,age      ] GC(75) - age   7:    1433728 bytes,   43397928 total
[2026-01-26T06:34:54.593+0000][66][trace][gc,age      ] GC(75) - age   8:     608440 bytes,   44006368 total
[2026-01-26T06:34:54.594+0000][66][trace][gc,age      ] GC(75) - age   9:     228232 bytes,   44234600 total
[2026-01-26T06:34:54.594+0000][66][trace][gc,age      ] GC(75) - age  10:     231496 bytes,   44466096 total
[2026-01-26T06:34:54.594+0000][66][trace][gc,age      ] GC(75) - age  11:      35016 bytes,   44501112 total
[2026-01-26T06:34:54.594+0000][66][trace][gc,age      ] GC(75) - age  12:     531448 bytes,   45032560 total
[2026-01-26T06:34:54.595+0000][66][info ][gc,heap     ] GC(75) Eden regions: 143->0(139)
[2026-01-26T06:34:54.595+0000][66][info ][gc,heap     ] GC(75) Survivor regions: 10->12(20)
[2026-01-26T06:34:54.595+0000][66][info ][gc,heap     ] GC(75) Old regions: 66->66
[2026-01-26T06:34:54.595+0000][66][info ][gc,heap     ] GC(75) Humongous regions: 0->0
[2026-01-26T06:34:54.596+0000][66][info ][gc,metaspace] GC(75) Metaspace: 132577K(136128K)->132577K(136128K) NonClass: 114811K(116736K)->114811K(116736K) Class: 17766K(19392K)->17766K(19392K)
[2026-01-26T06:34:54.596+0000][66][info ][gc          ] GC(75) Pause Young (Normal) (G1 Evacuation Pause) 875M->310M(1024M) 20.417ms
[2026-01-26T06:34:54.596+0000][66][info ][gc,cpu      ] GC(75) User=0.06s Sys=0.01s Real=0.02s
[2026-01-26T06:34:54.596+0000][66][info ][safepoint   ] Safepoint "G1CollectForAllocation", Time since last: 3091045974 ns, Reaching safepoint: 18402 ns, Cleanup: 4800 ns, At safepoint: 21111846 ns, Total: 21135048 ns
[2026-01-26T06:34:59.530+0000][66][info ][safepoint   ] Safepoint "Cleanup", Time since last: 4933339695 ns, Reaching safepoint: 6600 ns, Cleanup: 7801 ns, At safepoint: 2900 ns, Total: 17301 ns
[2026-01-26T06:35:01.531+0000][66][info ][safepoint   ] Safepoint "Cleanup", Time since last: 2000848627 ns, Reaching safepoint: 17702 ns, Cleanup: 13501 ns, At safepoint: 3800 ns, Total: 35003 ns
[2026-01-26T06:35:03.822+0000][66][info ][gc,start    ] GC(76) Pause Young (Normal) (G1 Evacuation Pause)
[2026-01-26T06:35:03.822+0000][66][info ][gc,task     ] GC(76) Using 6 workers of 6 for evacuation
[2026-01-26T06:35:03.823+0000][66][debug][gc,age      ] GC(76) Desired survivor size 39845888 bytes, new threshold 5 (max threshold 15)
[2026-01-26T06:35:03.835+0000][66][info ][gc,phases   ] GC(76)   Pre Evacuate Collection Set: 0.5ms
[2026-01-26T06:35:03.836+0000][66][info ][gc,phases   ] GC(76)   Merge Heap Roots: 0.2ms
[2026-01-26T06:35:03.836+0000][66][info ][gc,phases   ] GC(76)   Evacuate Collection Set: 10.3ms
[2026-01-26T06:35:03.836+0000][66][info ][gc,phases   ] GC(76)   Post Evacuate Collection Set: 1.2ms
[2026-01-26T06:35:03.837+0000][66][info ][gc,phases   ] GC(76)   Other: 1.0ms
[2026-01-26T06:35:03.837+0000][66][trace][gc,age      ] GC(76) Age table with threshold 5 (max threshold 15)
[2026-01-26T06:35:03.838+0000][66][trace][gc,age      ] GC(76) - age   1:   30143536 bytes,   30143536 total
[2026-01-26T06:35:03.838+0000][66][trace][gc,age      ] GC(76) - age   2:    6283840 bytes,   36427376 total
[2026-01-26T06:35:03.838+0000][66][trace][gc,age      ] GC(76) - age   3:       1224 bytes,   36428600 total
[2026-01-26T06:35:03.839+0000][66][trace][gc,age      ] GC(76) - age   4:       1088 bytes,   36429688 total
[2026-01-26T06:35:03.839+0000][66][trace][gc,age      ] GC(76) - age   5:     215800 bytes,   36645488 total
[2026-01-26T06:35:03.840+0000][66][info ][gc,heap     ] GC(76) Eden regions: 139->0(142)
[2026-01-26T06:35:03.840+0000][66][info ][gc,heap     ] GC(76) Survivor regions: 12->10(19)
[2026-01-26T06:35:03.840+0000][66][info ][gc,heap     ] GC(76) Old regions: 66->67
[2026-01-26T06:35:03.840+0000][66][info ][gc,heap     ] GC(76) Humongous regions: 0->0
[2026-01-26T06:35:03.841+0000][66][info ][gc,metaspace] GC(76) Metaspace: 132583K(136128K)->132583K(136128K) NonClass: 114817K(116736K)->114817K(116736K) Class: 17766K(19392K)->17766K(19392K)
[2026-01-26T06:35:03.841+0000][66][info ][gc          ] GC(76) Pause Young (Normal) (G1 Evacuation Pause) 866M->305M(1024M) 19.466ms
[2026-01-26T06:35:03.841+0000][66][info ][gc,cpu      ] GC(76) User=0.06s Sys=0.00s Real=0.02s
[2026-01-26T06:35:03.842+0000][66][info ][safepoint   ] Safepoint "G1CollectForAllocation", Time since last: 2293946850 ns, Reaching safepoint: 17201 ns, Cleanup: 4400 ns, At safepoint: 20200742 ns, Total: 20222343 ns
[2026-01-26T06:35:05.825+0000][66][info ][safepoint   ] Safepoint "Cleanup", Time since last: 1983118587 ns, Reaching safepoint: 8000 ns, Cleanup: 11201 ns, At safepoint: 4000 ns, Total: 23201 ns
[2026-01-26T06:35:07.560+0000][66][info ][gc,start    ] GC(77) Pause Young (Normal) (G1 Evacuation Pause)
[2026-01-26T06:35:07.560+0000][66][info ][gc,task     ] GC(77) Using 6 workers of 6 for evacuation
[2026-01-26T06:35:07.561+0000][66][debug][gc,age      ] GC(77) Desired survivor size 39845888 bytes, new threshold 15 (max threshold 15)
[2026-01-26T06:35:07.574+0000][66][info ][gc,phases   ] GC(77)   Pre Evacuate Collection Set: 0.4ms
[2026-01-26T06:35:07.574+0000][66][info ][gc,phases   ] GC(77)   Merge Heap Roots: 0.3ms
[2026-01-26T06:35:07.575+0000][66][info ][gc,phases   ] GC(77)   Evacuate Collection Set: 10.5ms
[2026-01-26T06:35:07.575+0000][66][info ][gc,phases   ] GC(77)   Post Evacuate Collection Set: 1.2ms
[2026-01-26T06:35:07.576+0000][66][info ][gc,phases   ] GC(77)   Other: 0.8ms
[2026-01-26T06:35:07.576+0000][66][trace][gc,age      ] GC(77) Age table with threshold 15 (max threshold 15)
[2026-01-26T06:35:07.576+0000][66][trace][gc,age      ] GC(77) - age   1:   16299816 bytes,   16299816 total
[2026-01-26T06:35:07.577+0000][66][trace][gc,age      ] GC(77) - age   2:   20113792 bytes,   36413608 total
[2026-01-26T06:35:07.577+0000][66][trace][gc,age      ] GC(77) - age   3:    5421112 bytes,   41834720 total
[2026-01-26T06:35:07.578+0000][66][trace][gc,age      ] GC(77) - age   4:       1224 bytes,   41835944 total
[2026-01-26T06:35:07.578+0000][66][trace][gc,age      ] GC(77) - age   5:       1024 bytes,   41836968 total
[2026-01-26T06:35:07.578+0000][66][trace][gc,age      ] GC(77) - age   6:     215552 bytes,   42052520 total
[2026-01-26T06:35:07.579+0000][66][info ][gc,heap     ] GC(77) Eden regions: 142->0(140)
[2026-01-26T06:35:07.579+0000][66][info ][gc,heap     ] GC(77) Survivor regions: 10->11(19)
[2026-01-26T06:35:07.580+0000][66][info ][gc,heap     ] GC(77) Old regions: 67->67
[2026-01-26T06:35:07.580+0000][66][info ][gc,heap     ] GC(77) Humongous regions: 0->0
[2026-01-26T06:35:07.580+0000][66][info ][gc,metaspace] GC(77) Metaspace: 132618K(136128K)->132618K(136128K) NonClass: 114852K(116736K)->114852K(116736K) Class: 17766K(19392K)->17766K(19392K)
[2026-01-26T06:35:07.581+0000][66][info ][gc          ] GC(77) Pause Young (Normal) (G1 Evacuation Pause) 873M->309M(1024M) 20.675ms
[2026-01-26T06:35:07.581+0000][66][info ][gc,cpu      ] GC(77) User=0.05s Sys=0.01s Real=0.02s
[2026-01-26T06:35:07.581+0000][66][info ][safepoint   ] Safepoint "G1CollectForAllocation", Time since last: 1734960261 ns, Reaching safepoint: 16401 ns, Cleanup: 4400 ns, At safepoint: 21441863 ns, Total: 21462664 ns
[2026-01-26T06:35:11.876+0000][66][info ][safepoint   ] Safepoint "Cleanup", Time since last: 4294233471 ns, Reaching safepoint: 131810 ns, Cleanup: 14102 ns, At safepoint: 85707 ns, Total: 231619 ns
[2026-01-26T06:35:16.164+0000][66][info ][gc,start    ] GC(78) Pause Young (Normal) (G1 Evacuation Pause)
[2026-01-26T06:35:16.165+0000][66][info ][gc,task     ] GC(78) Using 6 workers of 6 for evacuation
[2026-01-26T06:35:16.165+0000][66][debug][gc,age      ] GC(78) Desired survivor size 39845888 bytes, new threshold 3 (max threshold 15)
[2026-01-26T06:35:16.176+0000][66][info ][gc,phases   ] GC(78)   Pre Evacuate Collection Set: 0.4ms
[2026-01-26T06:35:16.176+0000][66][info ][gc,phases   ] GC(78)   Merge Heap Roots: 0.3ms
[2026-01-26T06:35:16.177+0000][66][info ][gc,phases   ] GC(78)   Evacuate Collection Set: 8.3ms
[2026-01-26T06:35:16.177+0000][66][info ][gc,phases   ] GC(78)   Post Evacuate Collection Set: 1.1ms
[2026-01-26T06:35:16.178+0000][66][info ][gc,phases   ] GC(78)   Other: 0.9ms
[2026-01-26T06:35:16.178+0000][66][trace][gc,age      ] GC(78) Age table with threshold 3 (max threshold 15)
[2026-01-26T06:35:16.178+0000][66][trace][gc,age      ] GC(78) - age   1:   26918128 bytes,   26918128 total
[2026-01-26T06:35:16.179+0000][66][trace][gc,age      ] GC(78) - age   2:    4674176 bytes,   31592304 total
[2026-01-26T06:35:16.179+0000][66][trace][gc,age      ] GC(78) - age   3:     348784 bytes,   31941088 total
[2026-01-26T06:35:16.179+0000][66][info ][gc,heap     ] GC(78) Eden regions: 140->0(144)
[2026-01-26T06:35:16.180+0000][66][info ][gc,heap     ] GC(78) Survivor regions: 11->9(19)
[2026-01-26T06:35:16.180+0000][66][info ][gc,heap     ] GC(78) Old regions: 67->67
[2026-01-26T06:35:16.180+0000][66][info ][gc,heap     ] GC(78) Humongous regions: 0->0
[2026-01-26T06:35:16.181+0000][66][info ][gc,metaspace] GC(78) Metaspace: 132620K(136128K)->132620K(136128K) NonClass: 114854K(116736K)->114854K(116736K) Class: 17766K(19392K)->17766K(19392K)
[2026-01-26T06:35:16.181+0000][66][info ][gc          ] GC(78) Pause Young (Normal) (G1 Evacuation Pause) 869M->298M(1024M) 16.560ms
[2026-01-26T06:35:16.181+0000][66][info ][gc,cpu      ] GC(78) User=0.05s Sys=0.00s Real=0.01s
[2026-01-26T06:35:16.182+0000][66][info ][safepoint   ] Safepoint "G1CollectForAllocation", Time since last: 4288588241 ns, Reaching safepoint: 17301 ns, Cleanup: 4700 ns, At safepoint: 17317636 ns, Total: 17339637 ns
[2026-01-26T06:35:17.182+0000][66][info ][safepoint   ] Safepoint "Cleanup", Time since last: 1000488162 ns, Reaching safepoint: 17602 ns, Cleanup: 18301 ns, At safepoint: 2400 ns, Total: 38303 ns
[2026-01-26T06:35:19.183+0000][66][info ][safepoint   ] Safepoint "Cleanup", Time since last: 2000749205 ns, Reaching safepoint: 178115 ns, Cleanup: 14201 ns, At safepoint: 46304 ns, Total: 238620 ns
[2026-01-26T06:35:20.490+0000][66][info ][safepoint   ] Safepoint "Cleanup", Time since last: 1306638048 ns, Reaching safepoint: 132911 ns, Cleanup: 22002 ns, At safepoint: 67406 ns, Total: 222319 ns
[2026-01-26T06:35:20.586+0000][66][info ][gc,start    ] GC(79) Pause Young (Normal) (G1 Evacuation Pause)
[2026-01-26T06:35:20.586+0000][66][info ][gc,task     ] GC(79) Using 6 workers of 6 for evacuation
[2026-01-26T06:35:20.586+0000][66][debug][gc,age      ] GC(79) Desired survivor size 41943040 bytes, new threshold 15 (max threshold 15)
[2026-01-26T06:35:20.599+0000][66][info ][gc,phases   ] GC(79)   Pre Evacuate Collection Set: 0.5ms
[2026-01-26T06:35:20.599+0000][66][info ][gc,phases   ] GC(79)   Merge Heap Roots: 0.2ms
[2026-01-26T06:35:20.600+0000][66][info ][gc,phases   ] GC(79)   Evacuate Collection Set: 10.2ms
[2026-01-26T06:35:20.600+0000][66][info ][gc,phases   ] GC(79)   Post Evacuate Collection Set: 1.2ms
[2026-01-26T06:35:20.601+0000][66][info ][gc,phases   ] GC(79)   Other: 0.9ms
[2026-01-26T06:35:20.601+0000][66][trace][gc,age      ] GC(79) Age table with threshold 15 (max threshold 15)
[2026-01-26T06:35:20.601+0000][66][trace][gc,age      ] GC(79) - age   1:   23257296 bytes,   23257296 total
[2026-01-26T06:35:20.601+0000][66][trace][gc,age      ] GC(79) - age   2:   13360880 bytes,   36618176 total
[2026-01-26T06:35:20.602+0000][66][trace][gc,age      ] GC(79) - age   3:    4072464 bytes,   40690640 total
[2026-01-26T06:35:20.602+0000][66][trace][gc,age      ] GC(79) - age   4:     348504 bytes,   41039144 total
[2026-01-26T06:35:20.602+0000][66][info ][gc,heap     ] GC(79) Eden regions: 144->0(138)
[2026-01-26T06:35:20.603+0000][66][info ][gc,heap     ] GC(79) Survivor regions: 9->12(20)
[2026-01-26T06:35:20.603+0000][66][info ][gc,heap     ] GC(79) Old regions: 67->67
[2026-01-26T06:35:20.603+0000][66][info ][gc,heap     ] GC(79) Humongous regions: 0->0
[2026-01-26T06:35:20.604+0000][66][info ][gc,metaspace] GC(79) Metaspace: 132641K(136128K)->132641K(136128K) NonClass: 114874K(116736K)->114874K(116736K) Class: 17766K(19392K)->17766K(19392K)
[2026-01-26T06:35:20.604+0000][66][info ][gc          ] GC(79) Pause Young (Normal) (G1 Evacuation Pause) 874M->310M(1024M) 18.189ms
[2026-01-26T06:35:20.604+0000][66][info ][gc,cpu      ] GC(79) User=0.05s Sys=0.00s Real=0.02s
[2026-01-26T06:35:20.604+0000][66][info ][safepoint   ] Safepoint "G1CollectForAllocation", Time since last: 95300002 ns, Reaching safepoint: 179615 ns, Cleanup: 5800 ns, At safepoint: 18851964 ns, Total: 19037379 ns
[2026-01-26T06:35:22.785+0000][66][info ][safepoint   ] Safepoint "Cleanup", Time since last: 2180353969 ns, Reaching safepoint: 14302 ns, Cleanup: 9200 ns, At safepoint: 3101 ns, Total: 26603 ns
[2026-01-26T06:35:26.279+0000][66][info ][gc,start    ] GC(80) Pause Young (Normal) (G1 Evacuation Pause)
[2026-01-26T06:35:26.280+0000][66][info ][gc,task     ] GC(80) Using 6 workers of 6 for evacuation
[2026-01-26T06:35:26.280+0000][66][debug][gc,age      ] GC(80) Desired survivor size 39845888 bytes, new threshold 3 (max threshold 15)
[2026-01-26T06:35:26.290+0000][66][info ][gc,phases   ] GC(80)   Pre Evacuate Collection Set: 0.4ms
[2026-01-26T06:35:26.291+0000][66][info ][gc,phases   ] GC(80)   Merge Heap Roots: 0.3ms
[2026-01-26T06:35:26.291+0000][66][info ][gc,phases   ] GC(80)   Evacuate Collection Set: 7.4ms
[2026-01-26T06:35:26.292+0000][66][info ][gc,phases   ] GC(80)   Post Evacuate Collection Set: 1.2ms
[2026-01-26T06:35:26.292+0000][66][info ][gc,phases   ] GC(80)   Other: 1.1ms
[2026-01-26T06:35:26.292+0000][66][trace][gc,age      ] GC(80) Age table with threshold 3 (max threshold 15)
[2026-01-26T06:35:26.293+0000][66][trace][gc,age      ] GC(80) - age   1:   12236360 bytes,   12236360 total
[2026-01-26T06:35:26.293+0000][66][trace][gc,age      ] GC(80) - age   2:     416376 bytes,   12652736 total
[2026-01-26T06:35:26.294+0000][66][trace][gc,age      ] GC(80) - age   3:     478560 bytes,   13131296 total
[2026-01-26T06:35:26.294+0000][66][info ][gc,heap     ] GC(80) Eden regions: 138->0(149)
[2026-01-26T06:35:26.294+0000][66][info ][gc,heap     ] GC(80) Survivor regions: 12->4(19)
[2026-01-26T06:35:26.295+0000][66][info ][gc,heap     ] GC(80) Old regions: 67->67
[2026-01-26T06:35:26.295+0000][66][info ][gc,heap     ] GC(80) Humongous regions: 0->0
[2026-01-26T06:35:26.295+0000][66][info ][gc,metaspace] GC(80) Metaspace: 132643K(136128K)->132643K(136128K) NonClass: 114876K(116736K)->114876K(116736K) Class: 17766K(19392K)->17766K(19392K)
[2026-01-26T06:35:26.296+0000][66][info ][gc          ] GC(80) Pause Young (Normal) (G1 Evacuation Pause) 862M->282M(1024M) 16.254ms
[2026-01-26T06:35:26.296+0000][66][info ][gc,cpu      ] GC(80) User=0.03s Sys=0.00s Real=0.02s
[2026-01-26T06:35:26.297+0000][66][info ][safepoint   ] Safepoint "G1CollectForAllocation", Time since last: 3494384318 ns, Reaching safepoint: 177014 ns, Cleanup: 6601 ns, At safepoint: 17173627 ns, Total: 17357242 ns
[2026-01-26T06:35:28.066+0000][66][info ][safepoint   ] Safepoint "Cleanup", Time since last: 1769517314 ns, Reaching safepoint: 16301 ns, Cleanup: 16701 ns, At safepoint: 3301 ns, Total: 36303 ns
[2026-01-26T06:35:30.067+0000][66][info ][safepoint   ] Safepoint "Cleanup", Time since last: 2000825331 ns, Reaching safepoint: 15401 ns, Cleanup: 10801 ns, At safepoint: 3200 ns, Total: 29402 ns
[2026-01-26T06:35:33.124+0000][66][info ][gc,start    ] GC(81) Pause Young (Normal) (G1 Evacuation Pause)
[2026-01-26T06:35:33.125+0000][66][info ][gc,task     ] GC(81) Using 6 workers of 6 for evacuation
[2026-01-26T06:35:33.125+0000][66][debug][gc,age      ] GC(81) Desired survivor size 41943040 bytes, new threshold 15 (max threshold 15)
[2026-01-26T06:35:33.135+0000][66][info ][gc,phases   ] GC(81)   Pre Evacuate Collection Set: 0.5ms
[2026-01-26T06:35:33.135+0000][66][info ][gc,phases   ] GC(81)   Merge Heap Roots: 0.2ms
[2026-01-26T06:35:33.136+0000][66][info ][gc,phases   ] GC(81)   Evacuate Collection Set: 7.1ms
[2026-01-26T06:35:33.136+0000][66][info ][gc,phases   ] GC(81)   Post Evacuate Collection Set: 1.2ms
[2026-01-26T06:35:33.136+0000][66][info ][gc,phases   ] GC(81)   Other: 1.0ms
[2026-01-26T06:35:33.137+0000][66][trace][gc,age      ] GC(81) Age table with threshold 15 (max threshold 15)
[2026-01-26T06:35:33.137+0000][66][trace][gc,age      ] GC(81) - age   1:   18083656 bytes,   18083656 total
[2026-01-26T06:35:33.138+0000][66][trace][gc,age      ] GC(81) - age   2:    1757928 bytes,   19841584 total
[2026-01-26T06:35:33.138+0000][66][trace][gc,age      ] GC(81) - age   3:      39640 bytes,   19881224 total
[2026-01-26T06:35:33.139+0000][66][trace][gc,age      ] GC(81) - age   4:     476856 bytes,   20358080 total
[2026-01-26T06:35:33.139+0000][66][info ][gc,heap     ] GC(81) Eden regions: 149->0(147)
[2026-01-26T06:35:33.140+0000][66][info ][gc,heap     ] GC(81) Survivor regions: 4->6(20)
[2026-01-26T06:35:33.140+0000][66][info ][gc,heap     ] GC(81) Old regions: 67->67
[2026-01-26T06:35:33.140+0000][66][info ][gc,heap     ] GC(81) Humongous regions: 0->0
[2026-01-26T06:35:33.141+0000][66][info ][gc,metaspace] GC(81) Metaspace: 132653K(136128K)->132653K(136128K) NonClass: 114886K(116736K)->114886K(116736K) Class: 17766K(19392K)->17766K(19392K)
[2026-01-26T06:35:33.141+0000][66][info ][gc          ] GC(81) Pause Young (Normal) (G1 Evacuation Pause) 878M->288M(1024M) 17.174ms
[2026-01-26T06:35:33.142+0000][66][info ][gc,cpu      ] GC(81) User=0.03s Sys=0.00s Real=0.01s
[2026-01-26T06:35:33.142+0000][66][info ][safepoint   ] Safepoint "G1CollectForAllocation", Time since last: 3058893462 ns, Reaching safepoint: 39403 ns, Cleanup: 5201 ns, At safepoint: 18147104 ns, Total: 18191708 ns
[2026-01-26T06:35:37.070+0000][66][info ][safepoint   ] Safepoint "Cleanup", Time since last: 3927587638 ns, Reaching safepoint: 16102 ns, Cleanup: 19101 ns, At safepoint: 3001 ns, Total: 38204 ns
[2026-01-26T06:35:39.827+0000][66][info ][gc,start    ] GC(82) Pause Young (Normal) (G1 Evacuation Pause)
[2026-01-26T06:35:39.827+0000][66][info ][gc,task     ] GC(82) Using 6 workers of 6 for evacuation
[2026-01-26T06:35:39.828+0000][66][debug][gc,age      ] GC(82) Desired survivor size 41943040 bytes, new threshold 15 (max threshold 15)
[2026-01-26T06:35:39.838+0000][66][info ][gc,phases   ] GC(82)   Pre Evacuate Collection Set: 0.4ms
[2026-01-26T06:35:39.839+0000][66][info ][gc,phases   ] GC(82)   Merge Heap Roots: 0.2ms
[2026-01-26T06:35:39.839+0000][66][info ][gc,phases   ] GC(82)   Evacuate Collection Set: 8.4ms
[2026-01-26T06:35:39.840+0000][66][info ][gc,phases   ] GC(82)   Post Evacuate Collection Set: 1.4ms
[2026-01-26T06:35:39.840+0000][66][info ][gc,phases   ] GC(82)   Other: 1.0ms
[2026-01-26T06:35:39.840+0000][66][trace][gc,age      ] GC(82) Age table with threshold 15 (max threshold 15)
[2026-01-26T06:35:39.841+0000][66][trace][gc,age      ] GC(82) - age   1:   22903432 bytes,   22903432 total
[2026-01-26T06:35:39.841+0000][66][trace][gc,age      ] GC(82) - age   2:    2307344 bytes,   25210776 total
[2026-01-26T06:35:39.842+0000][66][trace][gc,age      ] GC(82) - age   3:     189488 bytes,   25400264 total
[2026-01-26T06:35:39.842+0000][66][trace][gc,age      ] GC(82) - age   4:      39608 bytes,   25439872 total
[2026-01-26T06:35:39.842+0000][66][trace][gc,age      ] GC(82) - age   5:     476856 bytes,   25916728 total
[2026-01-26T06:35:39.843+0000][66][info ][gc,heap     ] GC(82) Eden regions: 147->0(146)
[2026-01-26T06:35:39.843+0000][66][info ][gc,heap     ] GC(82) Survivor regions: 6->7(20)
[2026-01-26T06:35:39.843+0000][66][info ][gc,heap     ] GC(82) Old regions: 67->67
[2026-01-26T06:35:39.844+0000][66][info ][gc,heap     ] GC(82) Humongous regions: 0->0
[2026-01-26T06:35:39.844+0000][66][info ][gc,metaspace] GC(82) Metaspace: 132663K(136128K)->132663K(136128K) NonClass: 114895K(116736K)->114895K(116736K) Class: 17767K(19392K)->17767K(19392K)
[2026-01-26T06:35:39.844+0000][66][info ][gc          ] GC(82) Pause Young (Normal) (G1 Evacuation Pause) 876M->293M(1024M) 17.655ms
[2026-01-26T06:35:39.845+0000][66][info ][gc,cpu      ] GC(82) User=0.04s Sys=0.00s Real=0.02s
[2026-01-26T06:35:39.845+0000][66][info ][safepoint   ] Safepoint "G1CollectForAllocation", Time since last: 2756630288 ns, Reaching safepoint: 72306 ns, Cleanup: 6001 ns, At safepoint: 18370228 ns, Total: 18448535 ns
[2026-01-26T06:35:45.695+0000][66][info ][gc,start    ] GC(83) Pause Young (Normal) (G1 Evacuation Pause)
[2026-01-26T06:35:45.696+0000][66][info ][gc,task     ] GC(83) Using 6 workers of 6 for evacuation
[2026-01-26T06:35:45.696+0000][66][debug][gc,age      ] GC(83) Desired survivor size 41943040 bytes, new threshold 15 (max threshold 15)
[2026-01-26T06:35:45.709+0000][66][info ][gc,phases   ] GC(83)   Pre Evacuate Collection Set: 0.4ms
[2026-01-26T06:35:45.709+0000][66][info ][gc,phases   ] GC(83)   Merge Heap Roots: 0.2ms
[2026-01-26T06:35:45.710+0000][66][info ][gc,phases   ] GC(83)   Evacuate Collection Set: 10.6ms
[2026-01-26T06:35:45.710+0000][66][info ][gc,phases   ] GC(83)   Post Evacuate Collection Set: 1.2ms
[2026-01-26T06:35:45.711+0000][66][info ][gc,phases   ] GC(83)   Other: 0.6ms
[2026-01-26T06:35:45.711+0000][66][trace][gc,age      ] GC(83) Age table with threshold 15 (max threshold 15)
[2026-01-26T06:35:45.711+0000][66][trace][gc,age      ] GC(83) - age   1:   24528568 bytes,   24528568 total
[2026-01-26T06:35:45.712+0000][66][trace][gc,age      ] GC(83) - age   2:   11435016 bytes,   35963584 total
[2026-01-26T06:35:45.712+0000][66][trace][gc,age      ] GC(83) - age   3:    1821672 bytes,   37785256 total
[2026-01-26T06:35:45.713+0000][66][trace][gc,age      ] GC(83) - age   4:     189240 bytes,   37974496 total
[2026-01-26T06:35:45.713+0000][66][trace][gc,age      ] GC(83) - age   5:      39608 bytes,   38014104 total
[2026-01-26T06:35:45.713+0000][66][trace][gc,age      ] GC(83) - age   6:     475944 bytes,   38490048 total
[2026-01-26T06:35:45.714+0000][66][info ][gc,heap     ] GC(83) Eden regions: 146->0(140)
[2026-01-26T06:35:45.714+0000][66][info ][gc,heap     ] GC(83) Survivor regions: 7->11(20)
[2026-01-26T06:35:45.714+0000][66][info ][gc,heap     ] GC(83) Old regions: 67->67
[2026-01-26T06:35:45.715+0000][66][info ][gc,heap     ] GC(83) Humongous regions: 0->0
[2026-01-26T06:35:45.715+0000][66][info ][gc,metaspace] GC(83) Metaspace: 132663K(136128K)->132663K(136128K) NonClass: 114895K(116736K)->114895K(116736K) Class: 17767K(19392K)->17767K(19392K)
[2026-01-26T06:35:45.716+0000][66][info ][gc          ] GC(83) Pause Young (Normal) (G1 Evacuation Pause) 877M->308M(1024M) 20.206ms
[2026-01-26T06:35:45.716+0000][66][info ][gc,cpu      ] GC(83) User=0.05s Sys=0.00s Real=0.02s
[2026-01-26T06:35:45.716+0000][66][info ][safepoint   ] Safepoint "G1CollectForAllocation", Time since last: 5850138273 ns, Reaching safepoint: 133811 ns, Cleanup: 6001 ns, At safepoint: 20967145 ns, Total: 21106957 ns
[2026-01-26T06:35:47.930+0000][66][info ][safepoint   ] Safepoint "Cleanup", Time since last: 2214141888 ns, Reaching safepoint: 18001 ns, Cleanup: 12801 ns, At safepoint: 3901 ns, Total: 34703 ns
[2026-01-26T06:35:48.931+0000][66][info ][safepoint   ] Safepoint "Cleanup", Time since last: 1000748905 ns, Reaching safepoint: 43403 ns, Cleanup: 16702 ns, At safepoint: 3800 ns, Total: 63905 ns
[2026-01-26T06:35:49.932+0000][66][info ][safepoint   ] Safepoint "Cleanup", Time since last: 1000621395 ns, Reaching safepoint: 16701 ns, Cleanup: 12301 ns, At safepoint: 2800 ns, Total: 31802 ns
[2026-01-26T06:35:50.987+0000][66][info ][safepoint   ] Safepoint "Cleanup", Time since last: 1055022623 ns, Reaching safepoint: 119010 ns, Cleanup: 13101 ns, At safepoint: 63706 ns, Total: 195817 ns
[2026-01-26T06:35:52.521+0000][66][info ][gc,start    ] GC(84) Pause Young (Normal) (G1 Evacuation Pause)
[2026-01-26T06:35:52.522+0000][66][info ][gc,task     ] GC(84) Using 6 workers of 6 for evacuation
[2026-01-26T06:35:52.522+0000][66][debug][gc,age      ] GC(84) Desired survivor size 39845888 bytes, new threshold 15 (max threshold 15)
[2026-01-26T06:35:52.532+0000][66][info ][gc,phases   ] GC(84)   Pre Evacuate Collection Set: 0.4ms
[2026-01-26T06:35:52.533+0000][66][info ][gc,phases   ] GC(84)   Merge Heap Roots: 0.2ms
[2026-01-26T06:35:52.533+0000][66][info ][gc,phases   ] GC(84)   Evacuate Collection Set: 7.6ms
[2026-01-26T06:35:52.534+0000][66][info ][gc,phases   ] GC(84)   Post Evacuate Collection Set: 1.4ms
[2026-01-26T06:35:52.534+0000][66][info ][gc,phases   ] GC(84)   Other: 1.1ms
[2026-01-26T06:35:52.535+0000][66][trace][gc,age      ] GC(84) Age table with threshold 15 (max threshold 15)
[2026-01-26T06:35:52.535+0000][66][trace][gc,age      ] GC(84) - age   1:   23133888 bytes,   23133888 total
[2026-01-26T06:35:52.536+0000][66][trace][gc,age      ] GC(84) - age   2:    3180384 bytes,   26314272 total
[2026-01-26T06:35:52.536+0000][66][trace][gc,age      ] GC(84) - age   3:     139144 bytes,   26453416 total
[2026-01-26T06:35:52.536+0000][66][trace][gc,age      ] GC(84) - age   4:     305376 bytes,   26758792 total
[2026-01-26T06:35:52.537+0000][66][trace][gc,age      ] GC(84) - age   5:     187776 bytes,   26946568 total
[2026-01-26T06:35:52.537+0000][66][trace][gc,age      ] GC(84) - age   6:      39040 bytes,   26985608 total
[2026-01-26T06:35:52.538+0000][66][trace][gc,age      ] GC(84) - age   7:     475944 bytes,   27461552 total
[2026-01-26T06:35:52.538+0000][66][info ][gc,heap     ] GC(84) Eden regions: 140->0(145)
[2026-01-26T06:35:52.538+0000][66][info ][gc,heap     ] GC(84) Survivor regions: 11->8(19)
[2026-01-26T06:35:52.539+0000][66][info ][gc,heap     ] GC(84) Old regions: 67->67
[2026-01-26T06:35:52.539+0000][66][info ][gc,heap     ] GC(84) Humongous regions: 0->0
[2026-01-26T06:35:52.539+0000][66][info ][gc,metaspace] GC(84) Metaspace: 132672K(136128K)->132672K(136128K) NonClass: 114904K(116736K)->114904K(116736K) Class: 17767K(19392K)->17767K(19392K)
[2026-01-26T06:35:52.540+0000][66][info ][gc          ] GC(84) Pause Young (Normal) (G1 Evacuation Pause) 868M->296M(1024M) 18.771ms
[2026-01-26T06:35:52.540+0000][66][info ][gc,cpu      ] GC(84) User=0.04s Sys=0.00s Real=0.02s
[2026-01-26T06:35:52.541+0000][66][info ][safepoint   ] Safepoint "G1CollectForAllocation", Time since last: 1533921188 ns, Reaching safepoint: 18501 ns, Cleanup: 36203 ns, At safepoint: 19594931 ns, Total: 19649635 ns
[2026-01-26T06:35:58.922+0000][66][info ][gc,start    ] GC(85) Pause Young (Normal) (G1 Evacuation Pause)
[2026-01-26T06:35:58.922+0000][66][info ][gc,task     ] GC(85) Using 6 workers of 6 for evacuation
[2026-01-26T06:35:58.923+0000][66][debug][gc,age      ] GC(85) Desired survivor size 41943040 bytes, new threshold 15 (max threshold 15)
[2026-01-26T06:35:58.934+0000][66][info ][gc,phases   ] GC(85)   Pre Evacuate Collection Set: 0.3ms
[2026-01-26T06:35:58.934+0000][66][info ][gc,phases   ] GC(85)   Merge Heap Roots: 0.1ms
[2026-01-26T06:35:58.935+0000][66][info ][gc,phases   ] GC(85)   Evacuate Collection Set: 9.4ms
[2026-01-26T06:35:58.935+0000][66][info ][gc,phases   ] GC(85)   Post Evacuate Collection Set: 1.1ms
[2026-01-26T06:35:58.935+0000][66][info ][gc,phases   ] GC(85)   Other: 0.8ms
[2026-01-26T06:35:58.936+0000][66][trace][gc,age      ] GC(85) Age table with threshold 15 (max threshold 15)
[2026-01-26T06:35:58.936+0000][66][trace][gc,age      ] GC(85) - age   1:   20307656 bytes,   20307656 total
[2026-01-26T06:35:58.936+0000][66][trace][gc,age      ] GC(85) - age   2:   11024824 bytes,   31332480 total
[2026-01-26T06:35:58.936+0000][66][trace][gc,age      ] GC(85) - age   3:    2705624 bytes,   34038104 total
[2026-01-26T06:35:58.937+0000][66][trace][gc,age      ] GC(85) - age   4:     138896 bytes,   34177000 total
[2026-01-26T06:35:58.937+0000][66][trace][gc,age      ] GC(85) - age   5:     305200 bytes,   34482200 total
[2026-01-26T06:35:58.937+0000][66][trace][gc,age      ] GC(85) - age   6:     187776 bytes,   34669976 total
[2026-01-26T06:35:58.938+0000][66][trace][gc,age      ] GC(85) - age   7:      39040 bytes,   34709016 total
[2026-01-26T06:35:58.938+0000][66][trace][gc,age      ] GC(85) - age   8:     475944 bytes,   35184960 total
[2026-01-26T06:35:58.938+0000][66][info ][gc,heap     ] GC(85) Eden regions: 145->0(142)
[2026-01-26T06:35:58.938+0000][66][info ][gc,heap     ] GC(85) Survivor regions: 8->10(20)
[2026-01-26T06:35:58.939+0000][66][info ][gc,heap     ] GC(85) Old regions: 67->67
[2026-01-26T06:35:58.939+0000][66][info ][gc,heap     ] GC(85) Humongous regions: 0->0
[2026-01-26T06:35:58.939+0000][66][info ][gc,metaspace] GC(85) Metaspace: 132673K(136128K)->132673K(136128K) NonClass: 114905K(116736K)->114905K(116736K) Class: 17767K(19392K)->17767K(19392K)
[2026-01-26T06:35:58.939+0000][66][info ][gc          ] GC(85) Pause Young (Normal) (G1 Evacuation Pause) 876M->302M(1024M) 17.485ms
[2026-01-26T06:35:58.939+0000][66][info ][gc,cpu      ] GC(85) User=0.05s Sys=0.00s Real=0.02s
[2026-01-26T06:35:58.940+0000][66][info ][safepoint   ] Safepoint "G1CollectForAllocation", Time since last: 6380982247 ns, Reaching safepoint: 17402 ns, Cleanup: 20901 ns, At safepoint: 18038388 ns, Total: 18076691 ns
[2026-01-26T06:36:00.145+0000][66][info ][safepoint   ] Safepoint "Cleanup", Time since last: 1205124955 ns, Reaching safepoint: 9301 ns, Cleanup: 9901 ns, At safepoint: 3900 ns, Total: 23102 ns
[2026-01-26T06:36:01.145+0000][66][info ][safepoint   ] Safepoint "Cleanup", Time since last: 1000551090 ns, Reaching safepoint: 17302 ns, Cleanup: 24902 ns, At safepoint: 3900 ns, Total: 46104 ns
[2026-01-26T06:36:03.321+0000][66][info ][safepoint   ] Safepoint "Cleanup", Time since last: 2178092220 ns, Reaching safepoint: 127009 ns, Cleanup: 20801 ns, At safepoint: 40803 ns, Total: 188613 ns
[2026-01-26T06:36:03.350+0000][66][info ][gc,start    ] GC(86) Pause Young (Normal) (G1 Evacuation Pause)
[2026-01-26T06:36:03.351+0000][66][info ][gc,task     ] GC(86) Using 6 workers of 6 for evacuation
[2026-01-26T06:36:03.351+0000][66][debug][gc,age      ] GC(86) Desired survivor size 39845888 bytes, new threshold 15 (max threshold 15)
[2026-01-26T06:36:03.360+0000][66][info ][gc,phases   ] GC(86)   Pre Evacuate Collection Set: 0.4ms
[2026-01-26T06:36:03.360+0000][66][info ][gc,phases   ] GC(86)   Merge Heap Roots: 0.1ms
[2026-01-26T06:36:03.361+0000][66][info ][gc,phases   ] GC(86)   Evacuate Collection Set: 6.2ms
[2026-01-26T06:36:03.361+0000][66][info ][gc,phases   ] GC(86)   Post Evacuate Collection Set: 1.0ms
[2026-01-26T06:36:03.361+0000][66][info ][gc,phases   ] GC(86)   Other: 1.0ms
[2026-01-26T06:36:03.362+0000][66][trace][gc,age      ] GC(86) Age table with threshold 15 (max threshold 15)
[2026-01-26T06:36:03.362+0000][66][trace][gc,age      ] GC(86) - age   1:   17162864 bytes,   17162864 total
[2026-01-26T06:36:03.363+0000][66][trace][gc,age      ] GC(86) - age   2:    2104440 bytes,   19267304 total
[2026-01-26T06:36:03.363+0000][66][trace][gc,age      ] GC(86) - age   3:     239696 bytes,   19507000 total
[2026-01-26T06:36:03.364+0000][66][trace][gc,age      ] GC(86) - age   4:       1272 bytes,   19508272 total
[2026-01-26T06:36:03.364+0000][66][trace][gc,age      ] GC(86) - age   5:     136392 bytes,   19644664 total
[2026-01-26T06:36:03.365+0000][66][trace][gc,age      ] GC(86) - age   6:     299704 bytes,   19944368 total
[2026-01-26T06:36:03.365+0000][66][trace][gc,age      ] GC(86) - age   7:     187712 bytes,   20132080 total
[2026-01-26T06:36:03.365+0000][66][trace][gc,age      ] GC(86) - age   8:      38760 bytes,   20170840 total
[2026-01-26T06:36:03.366+0000][66][trace][gc,age      ] GC(86) - age   9:     475944 bytes,   20646784 total
[2026-01-26T06:36:03.366+0000][66][info ][gc,heap     ] GC(86) Eden regions: 142->0(147)
[2026-01-26T06:36:03.367+0000][66][info ][gc,heap     ] GC(86) Survivor regions: 10->6(19)
[2026-01-26T06:36:03.367+0000][66][info ][gc,heap     ] GC(86) Old regions: 67->67
[2026-01-26T06:36:03.367+0000][66][info ][gc,heap     ] GC(86) Humongous regions: 0->0
[2026-01-26T06:36:03.368+0000][66][info ][gc,metaspace] GC(86) Metaspace: 132679K(136128K)->132679K(136128K) NonClass: 114911K(116736K)->114911K(116736K) Class: 17767K(19392K)->17767K(19392K)
[2026-01-26T06:36:03.368+0000][66][info ][gc          ] GC(86) Pause Young (Normal) (G1 Evacuation Pause) 870M->287M(1024M) 17.942ms
[2026-01-26T06:36:03.369+0000][66][info ][gc,cpu      ] GC(86) User=0.03s Sys=0.00s Real=0.02s
[2026-01-26T06:36:03.369+0000][66][info ][safepoint   ] Safepoint "G1CollectForAllocation", Time since last: 28852791 ns, Reaching safepoint: 16701 ns, Cleanup: 4001 ns, At safepoint: 18826064 ns, Total: 18846766 ns
[2026-01-26T06:36:05.392+0000][66][info ][gc,start    ] GC(87) Pause Young (Normal) (G1 Evacuation Pause)
[2026-01-26T06:36:05.393+0000][66][info ][gc,task     ] GC(87) Using 6 workers of 6 for evacuation
[2026-01-26T06:36:05.393+0000][66][debug][gc,age      ] GC(87) Desired survivor size 41943040 bytes, new threshold 15 (max threshold 15)
[2026-01-26T06:36:05.403+0000][66][info ][gc,phases   ] GC(87)   Pre Evacuate Collection Set: 0.4ms
[2026-01-26T06:36:05.403+0000][66][info ][gc,phases   ] GC(87)   Merge Heap Roots: 0.1ms
[2026-01-26T06:36:05.403+0000][66][info ][gc,phases   ] GC(87)   Evacuate Collection Set: 7.5ms
[2026-01-26T06:36:05.404+0000][66][info ][gc,phases   ] GC(87)   Post Evacuate Collection Set: 1.0ms
[2026-01-26T06:36:05.404+0000][66][info ][gc,phases   ] GC(87)   Other: 0.8ms
[2026-01-26T06:36:05.405+0000][66][trace][gc,age      ] GC(87) Age table with threshold 15 (max threshold 15)
[2026-01-26T06:36:05.405+0000][66][trace][gc,age      ] GC(87) - age   1:   11680432 bytes,   11680432 total
[2026-01-26T06:36:05.406+0000][66][trace][gc,age      ] GC(87) - age   2:   11553144 bytes,   23233576 total
[2026-01-26T06:36:05.406+0000][66][trace][gc,age      ] GC(87) - age   3:    2103592 bytes,   25337168 total
[2026-01-26T06:36:05.406+0000][66][trace][gc,age      ] GC(87) - age   4:     239696 bytes,   25576864 total
[2026-01-26T06:36:05.407+0000][66][trace][gc,age      ] GC(87) - age   5:       1272 bytes,   25578136 total
[2026-01-26T06:36:05.407+0000][66][trace][gc,age      ] GC(87) - age   6:     136392 bytes,   25714528 total
[2026-01-26T06:36:05.407+0000][66][trace][gc,age      ] GC(87) - age   7:     299704 bytes,   26014232 total
[2026-01-26T06:36:05.408+0000][66][trace][gc,age      ] GC(87) - age   8:     187712 bytes,   26201944 total
[2026-01-26T06:36:05.408+0000][66][trace][gc,age      ] GC(87) - age   9:      38760 bytes,   26240704 total
[2026-01-26T06:36:05.408+0000][66][trace][gc,age      ] GC(87) - age  10:     475944 bytes,   26716648 total
[2026-01-26T06:36:05.409+0000][66][info ][gc,heap     ] GC(87) Eden regions: 147->0(146)
[2026-01-26T06:36:05.409+0000][66][info ][gc,heap     ] GC(87) Survivor regions: 6->7(20)
[2026-01-26T06:36:05.409+0000][66][info ][gc,heap     ] GC(87) Old regions: 67->67
[2026-01-26T06:36:05.410+0000][66][info ][gc,heap     ] GC(87) Humongous regions: 0->0
[2026-01-26T06:36:05.410+0000][66][info ][gc,metaspace] GC(87) Metaspace: 132679K(136128K)->132679K(136128K) NonClass: 114911K(116736K)->114911K(116736K) Class: 17767K(19392K)->17767K(19392K)
[2026-01-26T06:36:05.410+0000][66][info ][gc          ] GC(87) Pause Young (Normal) (G1 Evacuation Pause) 875M->294M(1024M) 17.891ms
[2026-01-26T06:36:05.411+0000][66][info ][gc,cpu      ] GC(87) User=0.04s Sys=0.01s Real=0.01s
[2026-01-26T06:36:05.411+0000][66][info ][safepoint   ] Safepoint "G1CollectForAllocation", Time since last: 2023272120 ns, Reaching safepoint: 16101 ns, Cleanup: 3901 ns, At safepoint: 18629850 ns, Total: 18649852 ns
[2026-01-26T06:36:07.405+0000][66][info ][safepoint   ] Safepoint "Cleanup", Time since last: 1993876290 ns, Reaching safepoint: 158211 ns, Cleanup: 32703 ns, At safepoint: 86006 ns, Total: 276920 ns
[2026-01-26T06:36:08.426+0000][66][info ][safepoint   ] Safepoint "Cleanup", Time since last: 1020913282 ns, Reaching safepoint: 151211 ns, Cleanup: 27702 ns, At safepoint: 59905 ns, Total: 238818 ns
[2026-01-26T06:36:09.522+0000][66][info ][safepoint   ] Safepoint "Cleanup", Time since last: 1095181064 ns, Reaching safepoint: 7101 ns, Cleanup: 9500 ns, At safepoint: 29703 ns, Total: 46304 ns
[2026-01-26T06:36:11.254+0000][66][info ][safepoint   ] Safepoint "Cleanup", Time since last: 1731894095 ns, Reaching safepoint: 115409 ns, Cleanup: 10301 ns, At safepoint: 59905 ns, Total: 185615 ns
[2026-01-26T06:36:11.703+0000][66][info ][gc,start    ] GC(88) Pause Young (Normal) (G1 Evacuation Pause)
[2026-01-26T06:36:11.703+0000][66][info ][gc,task     ] GC(88) Using 6 workers of 6 for evacuation
[2026-01-26T06:36:11.704+0000][66][debug][gc,age      ] GC(88) Desired survivor size 41943040 bytes, new threshold 15 (max threshold 15)
[2026-01-26T06:36:11.715+0000][66][info ][gc,phases   ] GC(88)   Pre Evacuate Collection Set: 0.5ms
[2026-01-26T06:36:11.716+0000][66][info ][gc,phases   ] GC(88)   Merge Heap Roots: 0.2ms
[2026-01-26T06:36:11.716+0000][66][info ][gc,phases   ] GC(88)   Evacuate Collection Set: 9.2ms
[2026-01-26T06:36:11.717+0000][66][info ][gc,phases   ] GC(88)   Post Evacuate Collection Set: 1.3ms
[2026-01-26T06:36:11.717+0000][66][info ][gc,phases   ] GC(88)   Other: 0.9ms
[2026-01-26T06:36:11.717+0000][66][trace][gc,age      ] GC(88) Age table with threshold 15 (max threshold 15)
[2026-01-26T06:36:11.718+0000][66][trace][gc,age      ] GC(88) - age   1:   21214912 bytes,   21214912 total
[2026-01-26T06:36:11.718+0000][66][trace][gc,age      ] GC(88) - age   2:    2856768 bytes,   24071680 total
[2026-01-26T06:36:11.718+0000][66][trace][gc,age      ] GC(88) - age   3:    6826824 bytes,   30898504 total
[2026-01-26T06:36:11.719+0000][66][trace][gc,age      ] GC(88) - age   4:    1758792 bytes,   32657296 total
[2026-01-26T06:36:11.719+0000][66][trace][gc,age      ] GC(88) - age   5:     239432 bytes,   32896728 total
[2026-01-26T06:36:11.719+0000][66][trace][gc,age      ] GC(88) - age   6:        728 bytes,   32897456 total
[2026-01-26T06:36:11.720+0000][66][trace][gc,age      ] GC(88) - age   7:     136056 bytes,   33033512 total
[2026-01-26T06:36:11.720+0000][66][trace][gc,age      ] GC(88) - age   8:     299096 bytes,   33332608 total
[2026-01-26T06:36:11.720+0000][66][trace][gc,age      ] GC(88) - age   9:     187712 bytes,   33520320 total
[2026-01-26T06:36:11.720+0000][66][trace][gc,age      ] GC(88) - age  10:      38480 bytes,   33558800 total
[2026-01-26T06:36:11.721+0000][66][trace][gc,age      ] GC(88) - age  11:     475568 bytes,   34034368 total
[2026-01-26T06:36:11.721+0000][66][info ][gc,heap     ] GC(88) Eden regions: 146->0(144)
[2026-01-26T06:36:11.721+0000][66][info ][gc,heap     ] GC(88) Survivor regions: 7->9(20)
[2026-01-26T06:36:11.722+0000][66][info ][gc,heap     ] GC(88) Old regions: 67->67
[2026-01-26T06:36:11.722+0000][66][info ][gc,heap     ] GC(88) Humongous regions: 0->0
[2026-01-26T06:36:11.722+0000][66][info ][gc,metaspace] GC(88) Metaspace: 132699K(136192K)->132699K(136192K) NonClass: 114931K(116800K)->114931K(116800K) Class: 17767K(19392K)->17767K(19392K)
[2026-01-26T06:36:11.722+0000][66][info ][gc          ] GC(88) Pause Young (Normal) (G1 Evacuation Pause) 878M->301M(1024M) 19.638ms
[2026-01-26T06:36:11.723+0000][66][info ][gc,cpu      ] GC(88) User=0.04s Sys=0.00s Real=0.02s
[2026-01-26T06:36:11.723+0000][66][info ][safepoint   ] Safepoint "G1CollectForAllocation", Time since last: 449184320 ns, Reaching safepoint: 19702 ns, Cleanup: 5500 ns, At safepoint: 20355192 ns, Total: 20380394 ns
[2026-01-26T06:36:12.879+0000][66][info ][safepoint   ] Safepoint "Cleanup", Time since last: 1155647416 ns, Reaching safepoint: 146712 ns, Cleanup: 9101 ns, At safepoint: 56005 ns, Total: 211818 ns
[2026-01-26T06:36:14.741+0000][66][info ][safepoint   ] Safepoint "Cleanup", Time since last: 1861568768 ns, Reaching safepoint: 19101 ns, Cleanup: 13601 ns, At safepoint: 4601 ns, Total: 37303 ns
[2026-01-26T06:36:16.634+0000][66][info ][gc,start    ] GC(89) Pause Young (Normal) (G1 Evacuation Pause)
[2026-01-26T06:36:16.634+0000][66][info ][gc,task     ] GC(89) Using 6 workers of 6 for evacuation
[2026-01-26T06:36:16.635+0000][66][debug][gc,age      ] GC(89) Desired survivor size 41943040 bytes, new threshold 15 (max threshold 15)
[2026-01-26T06:36:16.642+0000][66][info ][gc,phases   ] GC(89)   Pre Evacuate Collection Set: 0.4ms
[2026-01-26T06:36:16.643+0000][66][info ][gc,phases   ] GC(89)   Merge Heap Roots: 0.2ms
[2026-01-26T06:36:16.643+0000][66][info ][gc,phases   ] GC(89)   Evacuate Collection Set: 5.9ms
[2026-01-26T06:36:16.644+0000][66][info ][gc,phases   ] GC(89)   Post Evacuate Collection Set: 1.0ms
[2026-01-26T06:36:16.644+0000][66][info ][gc,phases   ] GC(89)   Other: 0.7ms
[2026-01-26T06:36:16.644+0000][66][trace][gc,age      ] GC(89) Age table with threshold 15 (max threshold 15)
[2026-01-26T06:36:16.645+0000][66][trace][gc,age      ] GC(89) - age   1:   16841912 bytes,   16841912 total
[2026-01-26T06:36:16.645+0000][66][trace][gc,age      ] GC(89) - age   2:    2148416 bytes,   18990328 total
[2026-01-26T06:36:16.645+0000][66][trace][gc,age      ] GC(89) - age   4:     148384 bytes,   19138712 total
[2026-01-26T06:36:16.646+0000][66][trace][gc,age      ] GC(89) - age   5:        568 bytes,   19139280 total
[2026-01-26T06:36:16.646+0000][66][trace][gc,age      ] GC(89) - age   6:     237672 bytes,   19376952 total
[2026-01-26T06:36:16.646+0000][66][trace][gc,age      ] GC(89) - age   7:        336 bytes,   19377288 total
[2026-01-26T06:36:16.647+0000][66][trace][gc,age      ] GC(89) - age   8:       7048 bytes,   19384336 total
[2026-01-26T06:36:16.647+0000][66][trace][gc,age      ] GC(89) - age   9:      41664 bytes,   19426000 total
[2026-01-26T06:36:16.647+0000][66][trace][gc,age      ] GC(89) - age  10:     186744 bytes,   19612744 total
[2026-01-26T06:36:16.647+0000][66][trace][gc,age      ] GC(89) - age  11:      38480 bytes,   19651224 total
[2026-01-26T06:36:16.648+0000][66][trace][gc,age      ] GC(89) - age  12:     475568 bytes,   20126792 total
[2026-01-26T06:36:16.648+0000][66][info ][gc,heap     ] GC(89) Eden regions: 144->0(147)
[2026-01-26T06:36:16.648+0000][66][info ][gc,heap     ] GC(89) Survivor regions: 9->6(20)
[2026-01-26T06:36:16.648+0000][66][info ][gc,heap     ] GC(89) Old regions: 67->67
[2026-01-26T06:36:16.649+0000][66][info ][gc,heap     ] GC(89) Humongous regions: 0->0
[2026-01-26T06:36:16.649+0000][66][info ][gc,metaspace] GC(89) Metaspace: 132699K(136192K)->132699K(136192K) NonClass: 114931K(116800K)->114931K(116800K) Class: 17767K(19392K)->17767K(19392K)
[2026-01-26T06:36:16.649+0000][66][info ][gc          ] GC(89) Pause Young (Normal) (G1 Evacuation Pause) 877M->287M(1024M) 15.285ms
[2026-01-26T06:36:16.649+0000][66][info ][gc,cpu      ] GC(89) User=0.03s Sys=0.00s Real=0.01s
[2026-01-26T06:36:16.650+0000][66][info ][safepoint   ] Safepoint "G1CollectForAllocation", Time since last: 1893212897 ns, Reaching safepoint: 15001 ns, Cleanup: 4300 ns, At safepoint: 15870819 ns, Total: 15890120 ns
[2026-01-26T06:36:24.680+0000][66][info ][gc,start    ] GC(90) Pause Young (Normal) (G1 Evacuation Pause)
[2026-01-26T06:36:24.680+0000][66][info ][gc,task     ] GC(90) Using 6 workers of 6 for evacuation
[2026-01-26T06:36:24.681+0000][66][debug][gc,age      ] GC(90) Desired survivor size 41943040 bytes, new threshold 15 (max threshold 15)
[2026-01-26T06:36:24.695+0000][66][info ][gc,phases   ] GC(90)   Pre Evacuate Collection Set: 0.3ms
[2026-01-26T06:36:24.696+0000][66][info ][gc,phases   ] GC(90)   Merge Heap Roots: 0.1ms
[2026-01-26T06:36:24.696+0000][66][info ][gc,phases   ] GC(90)   Evacuate Collection Set: 11.8ms
[2026-01-26T06:36:24.696+0000][66][info ][gc,phases   ] GC(90)   Post Evacuate Collection Set: 1.8ms
[2026-01-26T06:36:24.697+0000][66][info ][gc,phases   ] GC(90)   Other: 0.9ms
[2026-01-26T06:36:24.697+0000][66][trace][gc,age      ] GC(90) Age table with threshold 15 (max threshold 15)
[2026-01-26T06:36:24.697+0000][66][trace][gc,age      ] GC(90) - age   1:   26825224 bytes,   26825224 total
[2026-01-26T06:36:24.698+0000][66][trace][gc,age      ] GC(90) - age   2:    6750264 bytes,   33575488 total
[2026-01-26T06:36:24.698+0000][66][trace][gc,age      ] GC(90) - age   3:    1704984 bytes,   35280472 total
[2026-01-26T06:36:24.698+0000][66][trace][gc,age      ] GC(90) - age   5:     148352 bytes,   35428824 total
[2026-01-26T06:36:24.699+0000][66][trace][gc,age      ] GC(90) - age   6:        568 bytes,   35429392 total
[2026-01-26T06:36:24.699+0000][66][trace][gc,age      ] GC(90) - age   7:     236528 bytes,   35665920 total
[2026-01-26T06:36:24.700+0000][66][trace][gc,age      ] GC(90) - age   8:        336 bytes,   35666256 total
[2026-01-26T06:36:24.700+0000][66][trace][gc,age      ] GC(90) - age   9:       7048 bytes,   35673304 total
[2026-01-26T06:36:24.701+0000][66][trace][gc,age      ] GC(90) - age  10:      41296 bytes,   35714600 total
[2026-01-26T06:36:24.701+0000][66][trace][gc,age      ] GC(90) - age  11:     184712 bytes,   35899312 total
[2026-01-26T06:36:24.701+0000][66][trace][gc,age      ] GC(90) - age  12:      38480 bytes,   35937792 total
[2026-01-26T06:36:24.702+0000][66][trace][gc,age      ] GC(90) - age  13:     475568 bytes,   36413360 total
[2026-01-26T06:36:24.702+0000][66][info ][gc,heap     ] GC(90) Eden regions: 147->0(142)
[2026-01-26T06:36:24.703+0000][66][info ][gc,heap     ] GC(90) Survivor regions: 6->10(20)
[2026-01-26T06:36:24.703+0000][66][info ][gc,heap     ] GC(90) Old regions: 67->67
[2026-01-26T06:36:24.703+0000][66][info ][gc,heap     ] GC(90) Humongous regions: 0->0
[2026-01-26T06:36:24.704+0000][66][info ][gc,metaspace] GC(90) Metaspace: 132701K(136192K)->132701K(136192K) NonClass: 114933K(116800K)->114933K(116800K) Class: 17767K(19392K)->17767K(19392K)
[2026-01-26T06:36:24.704+0000][66][info ][gc          ] GC(90) Pause Young (Normal) (G1 Evacuation Pause) 875M->303M(1024M) 24.146ms
[2026-01-26T06:36:24.705+0000][66][info ][gc,cpu      ] GC(90) User=0.05s Sys=0.00s Real=0.02s
[2026-01-26T06:36:24.705+0000][66][info ][safepoint   ] Safepoint "G1CollectForAllocation", Time since last: 8030244044 ns, Reaching safepoint: 18401 ns, Cleanup: 5100 ns, At safepoint: 25203290 ns, Total: 25226791 ns
[2026-01-26T06:36:25.804+0000][66][info ][safepoint   ] Safepoint "Cleanup", Time since last: 1099034111 ns, Reaching safepoint: 133812 ns, Cleanup: 12601 ns, At safepoint: 82206 ns, Total: 228619 ns
[2026-01-26T06:36:27.529+0000][66][info ][gc,start    ] GC(91) Pause Young (Normal) (G1 Evacuation Pause)
[2026-01-26T06:36:27.530+0000][66][info ][gc,task     ] GC(91) Using 6 workers of 6 for evacuation
[2026-01-26T06:36:27.530+0000][66][debug][gc,age      ] GC(91) Desired survivor size 39845888 bytes, new threshold 15 (max threshold 15)
[2026-01-26T06:36:27.539+0000][66][info ][gc,phases   ] GC(91)   Pre Evacuate Collection Set: 0.4ms
[2026-01-26T06:36:27.540+0000][66][info ][gc,phases   ] GC(91)   Merge Heap Roots: 0.2ms
[2026-01-26T06:36:27.541+0000][66][info ][gc,phases   ] GC(91)   Evacuate Collection Set: 6.3ms
[2026-01-26T06:36:27.541+0000][66][info ][gc,phases   ] GC(91)   Post Evacuate Collection Set: 1.6ms
[2026-01-26T06:36:27.541+0000][66][info ][gc,phases   ] GC(91)   Other: 1.1ms
[2026-01-26T06:36:27.542+0000][66][trace][gc,age      ] GC(91) Age table with threshold 15 (max threshold 15)
[2026-01-26T06:36:27.543+0000][66][trace][gc,age      ] GC(91) - age   1:    8425920 bytes,    8425920 total
[2026-01-26T06:36:27.543+0000][66][trace][gc,age      ] GC(91) - age   2:    3048128 bytes,   11474048 total
[2026-01-26T06:36:27.544+0000][66][trace][gc,age      ] GC(91) - age   3:    1134168 bytes,   12608216 total
[2026-01-26T06:36:27.544+0000][66][trace][gc,age      ] GC(91) - age   4:     121944 bytes,   12730160 total
[2026-01-26T06:36:27.545+0000][66][trace][gc,age      ] GC(91) - age   6:     148104 bytes,   12878264 total
[2026-01-26T06:36:27.545+0000][66][trace][gc,age      ] GC(91) - age   7:        368 bytes,   12878632 total
[2026-01-26T06:36:27.546+0000][66][trace][gc,age      ] GC(91) - age   8:     236528 bytes,   13115160 total
[2026-01-26T06:36:27.546+0000][66][trace][gc,age      ] GC(91) - age   9:        336 bytes,   13115496 total
[2026-01-26T06:36:27.547+0000][66][trace][gc,age      ] GC(91) - age  10:       7048 bytes,   13122544 total
[2026-01-26T06:36:27.547+0000][66][trace][gc,age      ] GC(91) - age  11:      41264 bytes,   13163808 total
[2026-01-26T06:36:27.548+0000][66][trace][gc,age      ] GC(91) - age  12:     183576 bytes,   13347384 total
[2026-01-26T06:36:27.548+0000][66][trace][gc,age      ] GC(91) - age  13:      38168 bytes,   13385552 total
[2026-01-26T06:36:27.549+0000][66][trace][gc,age      ] GC(91) - age  14:     475504 bytes,   13861056 total
[2026-01-26T06:36:27.549+0000][66][info ][gc,heap     ] GC(91) Eden regions: 142->0(149)
[2026-01-26T06:36:27.550+0000][66][info ][gc,heap     ] GC(91) Survivor regions: 10->4(19)
[2026-01-26T06:36:27.550+0000][66][info ][gc,heap     ] GC(91) Old regions: 67->67
[2026-01-26T06:36:27.550+0000][66][info ][gc,heap     ] GC(91) Humongous regions: 0->0
[2026-01-26T06:36:27.551+0000][66][info ][gc,metaspace] GC(91) Metaspace: 132704K(136192K)->132704K(136192K) NonClass: 114936K(116800K)->114936K(116800K) Class: 17767K(19392K)->17767K(19392K)
[2026-01-26T06:36:27.551+0000][66][info ][gc          ] GC(91) Pause Young (Normal) (G1 Evacuation Pause) 871M->281M(1024M) 22.172ms
[2026-01-26T06:36:27.552+0000][66][info ][gc,cpu      ] GC(91) User=0.03s Sys=0.00s Real=0.03s
[2026-01-26T06:36:27.552+0000][66][info ][safepoint   ] Safepoint "G1CollectForAllocation", Time since last: 1724543826 ns, Reaching safepoint: 21001 ns, Cleanup: 5900 ns, At safepoint: 23172023 ns, Total: 23198924 ns
[2026-01-26T06:36:28.909+0000][66][info ][safepoint   ] Safepoint "Cleanup", Time since last: 1356338813 ns, Reaching safepoint: 9801 ns, Cleanup: 12400 ns, At safepoint: 3700 ns, Total: 25901 ns
[2026-01-26T06:36:31.114+0000][66][info ][safepoint   ] Safepoint "Cleanup", Time since last: 2205366648 ns, Reaching safepoint: 22501 ns, Cleanup: 15401 ns, At safepoint: 5100 ns, Total: 43002 ns
[2026-01-26T06:36:35.008+0000][66][info ][gc,start    ] GC(92) Pause Young (Normal) (G1 Evacuation Pause)
[2026-01-26T06:36:35.008+0000][66][info ][gc,task     ] GC(92) Using 6 workers of 6 for evacuation
[2026-01-26T06:36:35.009+0000][66][debug][gc,age      ] GC(92) Desired survivor size 41943040 bytes, new threshold 15 (max threshold 15)
[2026-01-26T06:36:35.017+0000][66][info ][gc,phases   ] GC(92)   Pre Evacuate Collection Set: 0.3ms
[2026-01-26T06:36:35.018+0000][66][info ][gc,phases   ] GC(92)   Merge Heap Roots: 0.2ms
[2026-01-26T06:36:35.018+0000][66][info ][gc,phases   ] GC(92)   Evacuate Collection Set: 6.8ms
[2026-01-26T06:36:35.019+0000][66][info ][gc,phases   ] GC(92)   Post Evacuate Collection Set: 1.0ms
[2026-01-26T06:36:35.019+0000][66][info ][gc,phases   ] GC(92)   Other: 0.8ms
[2026-01-26T06:36:35.019+0000][66][trace][gc,age      ] GC(92) Age table with threshold 15 (max threshold 15)
[2026-01-26T06:36:35.020+0000][66][trace][gc,age      ] GC(92) - age   1:   19999152 bytes,   19999152 total
[2026-01-26T06:36:35.020+0000][66][trace][gc,age      ] GC(92) - age   2:       4072 bytes,   20003224 total
[2026-01-26T06:36:35.020+0000][66][trace][gc,age      ] GC(92) - age   3:     104544 bytes,   20107768 total
[2026-01-26T06:36:35.020+0000][66][trace][gc,age      ] GC(92) - age   4:     372816 bytes,   20480584 total
[2026-01-26T06:36:35.021+0000][66][trace][gc,age      ] GC(92) - age   5:       3592 bytes,   20484176 total
[2026-01-26T06:36:35.021+0000][66][trace][gc,age      ] GC(92) - age   7:     141624 bytes,   20625800 total
[2026-01-26T06:36:35.021+0000][66][trace][gc,age      ] GC(92) - age   8:        368 bytes,   20626168 total
[2026-01-26T06:36:35.022+0000][66][trace][gc,age      ] GC(92) - age   9:     236248 bytes,   20862416 total
[2026-01-26T06:36:35.022+0000][66][trace][gc,age      ] GC(92) - age  10:        336 bytes,   20862752 total
[2026-01-26T06:36:35.022+0000][66][trace][gc,age      ] GC(92) - age  11:       7048 bytes,   20869800 total
[2026-01-26T06:36:35.022+0000][66][trace][gc,age      ] GC(92) - age  12:        360 bytes,   20870160 total
[2026-01-26T06:36:35.023+0000][66][trace][gc,age      ] GC(92) - age  13:     173784 bytes,   21043944 total
[2026-01-26T06:36:35.023+0000][66][trace][gc,age      ] GC(92) - age  14:      37832 bytes,   21081776 total
[2026-01-26T06:36:35.023+0000][66][trace][gc,age      ] GC(92) - age  15:     475504 bytes,   21557280 total
[2026-01-26T06:36:35.024+0000][66][info ][gc,heap     ] GC(92) Eden regions: 149->0(147)
[2026-01-26T06:36:35.024+0000][66][info ][gc,heap     ] GC(92) Survivor regions: 4->6(20)
[2026-01-26T06:36:35.024+0000][66][info ][gc,heap     ] GC(92) Old regions: 67->67
[2026-01-26T06:36:35.024+0000][66][info ][gc,heap     ] GC(92) Humongous regions: 0->0
[2026-01-26T06:36:35.025+0000][66][info ][gc,metaspace] GC(92) Metaspace: 132707K(136192K)->132707K(136192K) NonClass: 114939K(116800K)->114939K(116800K) Class: 17767K(19392K)->17767K(19392K)
[2026-01-26T06:36:35.025+0000][66][info ][gc          ] GC(92) Pause Young (Normal) (G1 Evacuation Pause) 877M->288M(1024M) 17.171ms
[2026-01-26T06:36:35.025+0000][66][info ][gc,cpu      ] GC(92) User=0.03s Sys=0.01s Real=0.02s
[2026-01-26T06:36:35.026+0000][66][info ][safepoint   ] Safepoint "G1CollectForAllocation", Time since last: 3896109720 ns, Reaching safepoint: 15201 ns, Cleanup: 3900 ns, At safepoint: 17846255 ns, Total: 17865356 ns
[2026-01-26T06:36:38.027+0000][66][info ][safepoint   ] Safepoint "Cleanup", Time since last: 3000812745 ns, Reaching safepoint: 17501 ns, Cleanup: 12901 ns, At safepoint: 2801 ns, Total: 33203 ns
[2026-01-26T06:36:39.667+0000][66][info ][gc,start    ] GC(93) Pause Young (Normal) (G1 Evacuation Pause)
[2026-01-26T06:36:39.668+0000][66][info ][gc,task     ] GC(93) Using 6 workers of 6 for evacuation
[2026-01-26T06:36:39.668+0000][66][debug][gc,age      ] GC(93) Desired survivor size 41943040 bytes, new threshold 15 (max threshold 15)
[2026-01-26T06:36:39.679+0000][66][info ][gc,phases   ] GC(93)   Pre Evacuate Collection Set: 0.4ms
[2026-01-26T06:36:39.680+0000][66][info ][gc,phases   ] GC(93)   Merge Heap Roots: 0.2ms
[2026-01-26T06:36:39.680+0000][66][info ][gc,phases   ] GC(93)   Evacuate Collection Set: 8.5ms
[2026-01-26T06:36:39.680+0000][66][info ][gc,phases   ] GC(93)   Post Evacuate Collection Set: 1.3ms
[2026-01-26T06:36:39.681+0000][66][info ][gc,phases   ] GC(93)   Other: 0.9ms
[2026-01-26T06:36:39.681+0000][66][trace][gc,age      ] GC(93) Age table with threshold 15 (max threshold 15)
[2026-01-26T06:36:39.682+0000][66][trace][gc,age      ] GC(93) - age   1:   17018568 bytes,   17018568 total
[2026-01-26T06:36:39.682+0000][66][trace][gc,age      ] GC(93) - age   2:   10908624 bytes,   27927192 total
[2026-01-26T06:36:39.682+0000][66][trace][gc,age      ] GC(93) - age   3:       3712 bytes,   27930904 total
[2026-01-26T06:36:39.683+0000][66][trace][gc,age      ] GC(93) - age   4:     104512 bytes,   28035416 total
[2026-01-26T06:36:39.683+0000][66][trace][gc,age      ] GC(93) - age   5:     372568 bytes,   28407984 total
[2026-01-26T06:36:39.683+0000][66][trace][gc,age      ] GC(93) - age   6:       3592 bytes,   28411576 total
[2026-01-26T06:36:39.684+0000][66][trace][gc,age      ] GC(93) - age   8:     141624 bytes,   28553200 total
[2026-01-26T06:36:39.684+0000][66][trace][gc,age      ] GC(93) - age   9:        368 bytes,   28553568 total
[2026-01-26T06:36:39.685+0000][66][trace][gc,age      ] GC(93) - age  10:     235816 bytes,   28789384 total
[2026-01-26T06:36:39.685+0000][66][trace][gc,age      ] GC(93) - age  11:        336 bytes,   28789720 total
[2026-01-26T06:36:39.685+0000][66][trace][gc,age      ] GC(93) - age  12:       7048 bytes,   28796768 total
[2026-01-26T06:36:39.686+0000][66][trace][gc,age      ] GC(93) - age  13:        360 bytes,   28797128 total
[2026-01-26T06:36:39.686+0000][66][trace][gc,age      ] GC(93) - age  14:     173784 bytes,   28970912 total
[2026-01-26T06:36:39.687+0000][66][trace][gc,age      ] GC(93) - age  15:      37832 bytes,   29008744 total
[2026-01-26T06:36:39.687+0000][66][info ][gc,heap     ] GC(93) Eden regions: 147->0(145)
[2026-01-26T06:36:39.687+0000][66][info ][gc,heap     ] GC(93) Survivor regions: 6->8(20)
[2026-01-26T06:36:39.688+0000][66][info ][gc,heap     ] GC(93) Old regions: 67->67
[2026-01-26T06:36:39.688+0000][66][info ][gc,heap     ] GC(93) Humongous regions: 0->0
[2026-01-26T06:36:39.688+0000][66][info ][gc,metaspace] GC(93) Metaspace: 132710K(136192K)->132710K(136192K) NonClass: 114942K(116800K)->114942K(116800K) Class: 17767K(19392K)->17767K(19392K)
[2026-01-26T06:36:39.689+0000][66][info ][gc          ] GC(93) Pause Young (Normal) (G1 Evacuation Pause) 876M->298M(1024M) 21.461ms
[2026-01-26T06:36:39.689+0000][66][info ][gc,cpu      ] GC(93) User=0.04s Sys=0.00s Real=0.02s
[2026-01-26T06:36:39.690+0000][66][info ][safepoint   ] Safepoint "G1CollectForAllocation", Time since last: 1640847817 ns, Reaching safepoint: 19602 ns, Cleanup: 5700 ns, At safepoint: 22396725 ns, Total: 22422027 ns
[2026-01-26T06:36:49.026+0000][66][info ][gc,start    ] GC(94) Pause Young (Normal) (G1 Evacuation Pause)
[2026-01-26T06:36:49.027+0000][66][info ][gc,task     ] GC(94) Using 6 workers of 6 for evacuation
[2026-01-26T06:36:49.027+0000][66][debug][gc,age      ] GC(94) Desired survivor size 41943040 bytes, new threshold 15 (max threshold 15)
[2026-01-26T06:36:49.038+0000][66][info ][gc,phases   ] GC(94)   Pre Evacuate Collection Set: 0.5ms
[2026-01-26T06:36:49.039+0000][66][info ][gc,phases   ] GC(94)   Merge Heap Roots: 0.2ms
[2026-01-26T06:36:49.039+0000][66][info ][gc,phases   ] GC(94)   Evacuate Collection Set: 8.9ms
[2026-01-26T06:36:49.040+0000][66][info ][gc,phases   ] GC(94)   Post Evacuate Collection Set: 1.0ms
[2026-01-26T06:36:49.040+0000][66][info ][gc,phases   ] GC(94)   Other: 0.9ms
[2026-01-26T06:36:49.040+0000][66][trace][gc,age      ] GC(94) Age table with threshold 15 (max threshold 15)
[2026-01-26T06:36:49.041+0000][66][trace][gc,age      ] GC(94) - age   1:   32429624 bytes,   32429624 total
[2026-01-26T06:36:49.041+0000][66][trace][gc,age      ] GC(94) - age   2:    2256528 bytes,   34686152 total
[2026-01-26T06:36:49.042+0000][66][trace][gc,age      ] GC(94) - age   3:     516200 bytes,   35202352 total
[2026-01-26T06:36:49.042+0000][66][trace][gc,age      ] GC(94) - age   4:       3624 bytes,   35205976 total
[2026-01-26T06:36:49.042+0000][66][trace][gc,age      ] GC(94) - age   5:     103848 bytes,   35309824 total
[2026-01-26T06:36:49.043+0000][66][trace][gc,age      ] GC(94) - age   6:     371000 bytes,   35680824 total
[2026-01-26T06:36:49.043+0000][66][trace][gc,age      ] GC(94) - age   7:       2848 bytes,   35683672 total
[2026-01-26T06:36:49.043+0000][66][trace][gc,age      ] GC(94) - age   9:     141624 bytes,   35825296 total
[2026-01-26T06:36:49.044+0000][66][trace][gc,age      ] GC(94) - age  10:        368 bytes,   35825664 total
[2026-01-26T06:36:49.044+0000][66][trace][gc,age      ] GC(94) - age  11:     235536 bytes,   36061200 total
[2026-01-26T06:36:49.044+0000][66][trace][gc,age      ] GC(94) - age  12:        336 bytes,   36061536 total
[2026-01-26T06:36:49.045+0000][66][trace][gc,age      ] GC(94) - age  13:       7048 bytes,   36068584 total
[2026-01-26T06:36:49.045+0000][66][trace][gc,age      ] GC(94) - age  14:        360 bytes,   36068944 total
[2026-01-26T06:36:49.045+0000][66][trace][gc,age      ] GC(94) - age  15:     173784 bytes,   36242728 total
[2026-01-26T06:36:49.046+0000][66][info ][gc,heap     ] GC(94) Eden regions: 145->0(142)
[2026-01-26T06:36:49.046+0000][66][info ][gc,heap     ] GC(94) Survivor regions: 8->10(20)
[2026-01-26T06:36:49.046+0000][66][info ][gc,heap     ] GC(94) Old regions: 67->67
[2026-01-26T06:36:49.047+0000][66][info ][gc,heap     ] GC(94) Humongous regions: 0->0
[2026-01-26T06:36:49.047+0000][66][info ][gc,metaspace] GC(94) Metaspace: 132711K(136192K)->132711K(136192K) NonClass: 114943K(116800K)->114943K(116800K) Class: 17767K(19392K)->17767K(19392K)
[2026-01-26T06:36:49.047+0000][66][info ][gc          ] GC(94) Pause Young (Normal) (G1 Evacuation Pause) 878M->306M(1024M) 20.869ms
[2026-01-26T06:36:49.048+0000][66][info ][gc,cpu      ] GC(94) User=0.05s Sys=0.00s Real=0.02s
[2026-01-26T06:36:49.048+0000][66][info ][safepoint   ] Safepoint "G1CollectForAllocation", Time since last: 9336579124 ns, Reaching safepoint: 41303 ns, Cleanup: 4301 ns, At safepoint: 21601861 ns, Total: 21647465 ns
[2026-01-26T06:36:52.650+0000][66][info ][gc,start    ] GC(95) Pause Young (Normal) (G1 Evacuation Pause)
[2026-01-26T06:36:52.650+0000][66][info ][gc,task     ] GC(95) Using 6 workers of 6 for evacuation
[2026-01-26T06:36:52.651+0000][66][debug][gc,age      ] GC(95) Desired survivor size 39845888 bytes, new threshold 15 (max threshold 15)
[2026-01-26T06:36:52.663+0000][66][info ][gc,phases   ] GC(95)   Pre Evacuate Collection Set: 0.4ms
[2026-01-26T06:36:52.664+0000][66][info ][gc,phases   ] GC(95)   Merge Heap Roots: 0.3ms
[2026-01-26T06:36:52.664+0000][66][info ][gc,phases   ] GC(95)   Evacuate Collection Set: 10.4ms
[2026-01-26T06:36:52.665+0000][66][info ][gc,phases   ] GC(95)   Post Evacuate Collection Set: 1.2ms
[2026-01-26T06:36:52.665+0000][66][info ][gc,phases   ] GC(95)   Other: 0.9ms
[2026-01-26T06:36:52.666+0000][66][trace][gc,age      ] GC(95) Age table with threshold 15 (max threshold 15)
[2026-01-26T06:36:52.666+0000][66][trace][gc,age      ] GC(95) - age   1:   20935352 bytes,   20935352 total
[2026-01-26T06:36:52.667+0000][66][trace][gc,age      ] GC(95) - age   2:   18477240 bytes,   39412592 total
[2026-01-26T06:36:52.667+0000][66][trace][gc,age      ] GC(95) - age   3:    1916696 bytes,   41329288 total
[2026-01-26T06:36:52.668+0000][66][trace][gc,age      ] GC(95) - age   4:     515952 bytes,   41845240 total
[2026-01-26T06:36:52.668+0000][66][trace][gc,age      ] GC(95) - age   5:       3624 bytes,   41848864 total
[2026-01-26T06:36:52.668+0000][66][trace][gc,age      ] GC(95) - age   6:     103848 bytes,   41952712 total
[2026-01-26T06:36:52.669+0000][66][trace][gc,age      ] GC(95) - age   7:     371000 bytes,   42323712 total
[2026-01-26T06:36:52.669+0000][66][trace][gc,age      ] GC(95) - age   8:       2848 bytes,   42326560 total
[2026-01-26T06:36:52.670+0000][66][trace][gc,age      ] GC(95) - age  10:     141624 bytes,   42468184 total
[2026-01-26T06:36:52.670+0000][66][trace][gc,age      ] GC(95) - age  11:        368 bytes,   42468552 total
[2026-01-26T06:36:52.670+0000][66][trace][gc,age      ] GC(95) - age  12:     235504 bytes,   42704056 total
[2026-01-26T06:36:52.671+0000][66][trace][gc,age      ] GC(95) - age  13:        336 bytes,   42704392 total
[2026-01-26T06:36:52.671+0000][66][trace][gc,age      ] GC(95) - age  14:       7048 bytes,   42711440 total
[2026-01-26T06:36:52.671+0000][66][trace][gc,age      ] GC(95) - age  15:        360 bytes,   42711800 total
[2026-01-26T06:36:52.672+0000][66][info ][gc,heap     ] GC(95) Eden regions: 142->0(138)
[2026-01-26T06:36:52.672+0000][66][info ][gc,heap     ] GC(95) Survivor regions: 10->12(19)
[2026-01-26T06:36:52.672+0000][66][info ][gc,heap     ] GC(95) Old regions: 67->67
[2026-01-26T06:36:52.672+0000][66][info ][gc,heap     ] GC(95) Humongous regions: 0->0
[2026-01-26T06:36:52.673+0000][66][info ][gc,metaspace] GC(95) Metaspace: 132713K(136192K)->132713K(136192K) NonClass: 114945K(116800K)->114945K(116800K) Class: 17767K(19392K)->17767K(19392K)
[2026-01-26T06:36:52.673+0000][66][info ][gc          ] GC(95) Pause Young (Normal) (G1 Evacuation Pause) 874M->311M(1024M) 23.007ms
[2026-01-26T06:36:52.673+0000][66][info ][gc,cpu      ] GC(95) User=0.06s Sys=0.00s Real=0.02s
[2026-01-26T06:36:52.673+0000][66][info ][safepoint   ] Safepoint "G1CollectForAllocation", Time since last: 3601581656 ns, Reaching safepoint: 133311 ns, Cleanup: 6001 ns, At safepoint: 23645725 ns, Total: 23785037 ns
[2026-01-26T06:36:54.622+0000][66][info ][safepoint   ] Safepoint "Cleanup", Time since last: 1948463595 ns, Reaching safepoint: 17801 ns, Cleanup: 12701 ns, At safepoint: 3900 ns, Total: 34402 ns
[2026-01-26T06:36:58.623+0000][66][info ][safepoint   ] Safepoint "Cleanup", Time since last: 4001085497 ns, Reaching safepoint: 16901 ns, Cleanup: 12901 ns, At safepoint: 2901 ns, Total: 32703 ns
[2026-01-26T06:37:01.807+0000][66][info ][gc,start    ] GC(96) Pause Young (Normal) (G1 Evacuation Pause)
[2026-01-26T06:37:01.807+0000][66][info ][gc,task     ] GC(96) Using 6 workers of 6 for evacuation
[2026-01-26T06:37:01.808+0000][66][debug][gc,age      ] GC(96) Desired survivor size 39845888 bytes, new threshold 3 (max threshold 15)
[2026-01-26T06:37:01.819+0000][66][info ][gc,phases   ] GC(96)   Pre Evacuate Collection Set: 0.3ms
[2026-01-26T06:37:01.819+0000][66][info ][gc,phases   ] GC(96)   Merge Heap Roots: 0.2ms
[2026-01-26T06:37:01.820+0000][66][info ][gc,phases   ] GC(96)   Evacuate Collection Set: 8.8ms
[2026-01-26T06:37:01.820+0000][66][info ][gc,phases   ] GC(96)   Post Evacuate Collection Set: 1.1ms
[2026-01-26T06:37:01.820+0000][66][info ][gc,phases   ] GC(96)   Other: 1.0ms
[2026-01-26T06:37:01.821+0000][66][trace][gc,age      ] GC(96) Age table with threshold 3 (max threshold 15)
[2026-01-26T06:37:01.821+0000][66][trace][gc,age      ] GC(96) - age   1:   28923048 bytes,   28923048 total
[2026-01-26T06:37:01.821+0000][66][trace][gc,age      ] GC(96) - age   2:    3422792 bytes,   32345840 total
[2026-01-26T06:37:01.822+0000][66][trace][gc,age      ] GC(96) - age   3:     140328 bytes,   32486168 total
[2026-01-26T06:37:01.822+0000][66][info ][gc,heap     ] GC(96) Eden regions: 138->0(143)
[2026-01-26T06:37:01.822+0000][66][info ][gc,heap     ] GC(96) Survivor regions: 12->9(19)
[2026-01-26T06:37:01.822+0000][66][info ][gc,heap     ] GC(96) Old regions: 67->68
[2026-01-26T06:37:01.823+0000][66][info ][gc,heap     ] GC(96) Humongous regions: 0->0
[2026-01-26T06:37:01.823+0000][66][info ][gc,metaspace] GC(96) Metaspace: 132713K(136192K)->132713K(136192K) NonClass: 114945K(116800K)->114945K(116800K) Class: 17767K(19392K)->17767K(19392K)
[2026-01-26T06:37:01.823+0000][66][info ][gc          ] GC(96) Pause Young (Normal) (G1 Evacuation Pause) 863M->302M(1024M) 16.637ms
[2026-01-26T06:37:01.824+0000][66][info ][gc,cpu      ] GC(96) User=0.05s Sys=0.00s Real=0.02s
[2026-01-26T06:37:01.824+0000][66][info ][safepoint   ] Safepoint "G1CollectForAllocation", Time since last: 3185945755 ns, Reaching safepoint: 15102 ns, Cleanup: 3700 ns, At safepoint: 17323790 ns, Total: 17342592 ns
[2026-01-26T06:37:04.925+0000][66][info ][safepoint   ] Safepoint "Cleanup", Time since last: 3100402892 ns, Reaching safepoint: 139711 ns, Cleanup: 11501 ns, At safepoint: 83107 ns, Total: 234319 ns
[2026-01-26T06:37:05.777+0000][66][info ][gc,start    ] GC(97) Pause Young (Normal) (G1 Evacuation Pause)
[2026-01-26T06:37:05.777+0000][66][info ][gc,task     ] GC(97) Using 6 workers of 6 for evacuation
[2026-01-26T06:37:05.777+0000][66][debug][gc,age      ] GC(97) Desired survivor size 39845888 bytes, new threshold 15 (max threshold 15)
[2026-01-26T06:37:05.790+0000][66][info ][gc,phases   ] GC(97)   Pre Evacuate Collection Set: 0.5ms
[2026-01-26T06:37:05.790+0000][66][info ][gc,phases   ] GC(97)   Merge Heap Roots: 0.3ms
[2026-01-26T06:37:05.791+0000][66][info ][gc,phases   ] GC(97)   Evacuate Collection Set: 9.9ms
[2026-01-26T06:37:05.791+0000][66][info ][gc,phases   ] GC(97)   Post Evacuate Collection Set: 1.3ms
[2026-01-26T06:37:05.792+0000][66][info ][gc,phases   ] GC(97)   Other: 0.9ms
[2026-01-26T06:37:05.792+0000][66][trace][gc,age      ] GC(97) Age table with threshold 15 (max threshold 15)
[2026-01-26T06:37:05.792+0000][66][trace][gc,age      ] GC(97) - age   1:   23981760 bytes,   23981760 total
[2026-01-26T06:37:05.793+0000][66][trace][gc,age      ] GC(97) - age   2:   14447768 bytes,   38429528 total
[2026-01-26T06:37:05.793+0000][66][trace][gc,age      ] GC(97) - age   3:    2952528 bytes,   41382056 total
[2026-01-26T06:37:05.793+0000][66][trace][gc,age      ] GC(97) - age   4:     140080 bytes,   41522136 total
[2026-01-26T06:37:05.794+0000][66][info ][gc,heap     ] GC(97) Eden regions: 143->0(139)
[2026-01-26T06:37:05.794+0000][66][info ][gc,heap     ] GC(97) Survivor regions: 9->11(19)
[2026-01-26T06:37:05.794+0000][66][info ][gc,heap     ] GC(97) Old regions: 68->68
[2026-01-26T06:37:05.795+0000][66][info ][gc,heap     ] GC(97) Humongous regions: 0->0
[2026-01-26T06:37:05.795+0000][66][info ][gc,metaspace] GC(97) Metaspace: 132722K(136192K)->132722K(136192K) NonClass: 114954K(116800K)->114954K(116800K) Class: 17767K(19392K)->17767K(19392K)
[2026-01-26T06:37:05.795+0000][66][info ][gc          ] GC(97) Pause Young (Normal) (G1 Evacuation Pause) 874M->311M(1024M) 18.863ms
[2026-01-26T06:37:05.796+0000][66][info ][gc,cpu      ] GC(97) User=0.05s Sys=0.01s Real=0.02s
[2026-01-26T06:37:05.796+0000][66][info ][safepoint   ] Safepoint "G1CollectForAllocation", Time since last: 851561433 ns, Reaching safepoint: 183715 ns, Cleanup: 13401 ns, At safepoint: 19571370 ns, Total: 19768486 ns
[2026-01-26T06:37:08.091+0000][66][info ][safepoint   ] Safepoint "Cleanup", Time since last: 2295351265 ns, Reaching safepoint: 18002 ns, Cleanup: 12801 ns, At safepoint: 3300 ns, Total: 34103 ns
[2026-01-26T06:37:10.093+0000][66][info ][safepoint   ] Safepoint "Cleanup", Time since last: 2000838074 ns, Reaching safepoint: 132911 ns, Cleanup: 13701 ns, At safepoint: 44504 ns, Total: 191116 ns
[2026-01-26T06:37:13.427+0000][66][info ][gc,start    ] GC(98) Pause Young (Normal) (G1 Evacuation Pause)
[2026-01-26T06:37:13.428+0000][66][info ][gc,task     ] GC(98) Using 6 workers of 6 for evacuation
[2026-01-26T06:37:13.428+0000][66][debug][gc,age      ] GC(98) Desired survivor size 39845888 bytes, new threshold 3 (max threshold 15)
[2026-01-26T06:37:13.438+0000][66][info ][gc,phases   ] GC(98)   Pre Evacuate Collection Set: 0.4ms
[2026-01-26T06:37:13.439+0000][66][info ][gc,phases   ] GC(98)   Merge Heap Roots: 0.1ms
[2026-01-26T06:37:13.439+0000][66][info ][gc,phases   ] GC(98)   Evacuate Collection Set: 7.4ms
[2026-01-26T06:37:13.439+0000][66][info ][gc,phases   ] GC(98)   Post Evacuate Collection Set: 1.2ms
[2026-01-26T06:37:13.440+0000][66][info ][gc,phases   ] GC(98)   Other: 0.9ms
[2026-01-26T06:37:13.440+0000][66][trace][gc,age      ] GC(98) Age table with threshold 3 (max threshold 15)
[2026-01-26T06:37:13.441+0000][66][trace][gc,age      ] GC(98) - age   1:   24083320 bytes,   24083320 total
[2026-01-26T06:37:13.441+0000][66][trace][gc,age      ] GC(98) - age   2:    2850744 bytes,   26934064 total
[2026-01-26T06:37:13.441+0000][66][trace][gc,age      ] GC(98) - age   3:     146272 bytes,   27080336 total
[2026-01-26T06:37:13.442+0000][66][info ][gc,heap     ] GC(98) Eden regions: 139->0(145)
[2026-01-26T06:37:13.442+0000][66][info ][gc,heap     ] GC(98) Survivor regions: 11->8(19)
[2026-01-26T06:37:13.443+0000][66][info ][gc,heap     ] GC(98) Old regions: 68->68
[2026-01-26T06:37:13.443+0000][66][info ][gc,heap     ] GC(98) Humongous regions: 0->0
[2026-01-26T06:37:13.443+0000][66][info ][gc,metaspace] GC(98) Metaspace: 132722K(136192K)->132722K(136192K) NonClass: 114954K(116800K)->114954K(116800K) Class: 17767K(19392K)->17767K(19392K)
[2026-01-26T06:37:13.444+0000][66][info ][gc          ] GC(98) Pause Young (Normal) (G1 Evacuation Pause) 867M->298M(1024M) 16.279ms
[2026-01-26T06:37:13.444+0000][66][info ][gc,cpu      ] GC(98) User=0.04s Sys=0.00s Real=0.01s
[2026-01-26T06:37:13.445+0000][66][info ][safepoint   ] Safepoint "G1CollectForAllocation", Time since last: 3334872702 ns, Reaching safepoint: 15001 ns, Cleanup: 3800 ns, At safepoint: 17129281 ns, Total: 17148082 ns
[2026-01-26T06:37:19.067+0000][66][info ][gc,start    ] GC(99) Pause Young (Normal) (G1 Evacuation Pause)
[2026-01-26T06:37:19.068+0000][66][info ][gc,task     ] GC(99) Using 6 workers of 6 for evacuation
[2026-01-26T06:37:19.068+0000][66][debug][gc,age      ] GC(99) Desired survivor size 41943040 bytes, new threshold 15 (max threshold 15)
[2026-01-26T06:37:19.080+0000][66][info ][gc,phases   ] GC(99)   Pre Evacuate Collection Set: 0.4ms
[2026-01-26T06:37:19.081+0000][66][info ][gc,phases   ] GC(99)   Merge Heap Roots: 0.2ms
[2026-01-26T06:37:19.081+0000][66][info ][gc,phases   ] GC(99)   Evacuate Collection Set: 9.9ms
[2026-01-26T06:37:19.082+0000][66][info ][gc,phases   ] GC(99)   Post Evacuate Collection Set: 1.2ms
[2026-01-26T06:37:19.082+0000][66][info ][gc,phases   ] GC(99)   Other: 0.9ms
[2026-01-26T06:37:19.082+0000][66][trace][gc,age      ] GC(99) Age table with threshold 15 (max threshold 15)
[2026-01-26T06:37:19.083+0000][66][trace][gc,age      ] GC(99) - age   1:   25486792 bytes,   25486792 total
[2026-01-26T06:37:19.083+0000][66][trace][gc,age      ] GC(99) - age   2:   10858064 bytes,   36344856 total
[2026-01-26T06:37:19.083+0000][66][trace][gc,age      ] GC(99) - age   3:    2377968 bytes,   38722824 total
[2026-01-26T06:37:19.084+0000][66][trace][gc,age      ] GC(99) - age   4:     145904 bytes,   38868728 total
[2026-01-26T06:37:19.084+0000][66][info ][gc,heap     ] GC(99) Eden regions: 145->0(141)
[2026-01-26T06:37:19.085+0000][66][info ][gc,heap     ] GC(99) Survivor regions: 8->10(20)
[2026-01-26T06:37:19.085+0000][66][info ][gc,heap     ] GC(99) Old regions: 68->68
[2026-01-26T06:37:19.085+0000][66][info ][gc,heap     ] GC(99) Humongous regions: 0->0
[2026-01-26T06:37:19.086+0000][66][info ][gc,metaspace] GC(99) Metaspace: 132727K(136192K)->132727K(136192K) NonClass: 114959K(116800K)->114959K(116800K) Class: 17767K(19392K)->17767K(19392K)
[2026-01-26T06:37:19.086+0000][66][info ][gc          ] GC(99) Pause Young (Normal) (G1 Evacuation Pause) 878M->308M(1024M) 18.730ms
[2026-01-26T06:37:19.087+0000][66][info ][gc,cpu      ] GC(99) User=0.04s Sys=0.00s Real=0.01s
[2026-01-26T06:37:19.087+0000][66][info ][safepoint   ] Safepoint "G1CollectForAllocation", Time since last: 5622798371 ns, Reaching safepoint: 46404 ns, Cleanup: 12801 ns, At safepoint: 19620087 ns, Total: 19679292 ns
[2026-01-26T06:37:20.145+0000][66][info ][safepoint   ] Safepoint "Cleanup", Time since last: 1057592713 ns, Reaching safepoint: 7800 ns, Cleanup: 9101 ns, At safepoint: 3700 ns, Total: 20601 ns
[2026-01-26T06:37:21.584+0000][66][info ][safepoint   ] Safepoint "Cleanup", Time since last: 1438885043 ns, Reaching safepoint: 18702 ns, Cleanup: 13101 ns, At safepoint: 4400 ns, Total: 36203 ns
[2026-01-26T06:37:24.585+0000][66][info ][safepoint   ] Safepoint "Cleanup", Time since last: 3000880113 ns, Reaching safepoint: 112009 ns, Cleanup: 9201 ns, At safepoint: 29802 ns, Total: 151012 ns
[2026-01-26T06:37:25.238+0000][66][info ][gc,start    ] GC(100) Pause Young (Normal) (G1 Evacuation Pause)
[2026-01-26T06:37:25.239+0000][66][info ][gc,task     ] GC(100) Using 6 workers of 6 for evacuation
[2026-01-26T06:37:25.239+0000][66][debug][gc,age      ] GC(100) Desired survivor size 39845888 bytes, new threshold 15 (max threshold 15)
[2026-01-26T06:37:25.247+0000][66][info ][gc,phases   ] GC(100)   Pre Evacuate Collection Set: 0.4ms
[2026-01-26T06:37:25.247+0000][66][info ][gc,phases   ] GC(100)   Merge Heap Roots: 0.2ms
[2026-01-26T06:37:25.247+0000][66][info ][gc,phases   ] GC(100)   Evacuate Collection Set: 5.5ms
[2026-01-26T06:37:25.248+0000][66][info ][gc,phases   ] GC(100)   Post Evacuate Collection Set: 1.1ms
[2026-01-26T06:37:25.248+0000][66][info ][gc,phases   ] GC(100)   Other: 0.8ms
[2026-01-26T06:37:25.248+0000][66][trace][gc,age      ] GC(100) Age table with threshold 15 (max threshold 15)
[2026-01-26T06:37:25.249+0000][66][trace][gc,age      ] GC(100) - age   1:   16219024 bytes,   16219024 total
[2026-01-26T06:37:25.249+0000][66][trace][gc,age      ] GC(100) - age   2:    2356944 bytes,   18575968 total
[2026-01-26T06:37:25.249+0000][66][trace][gc,age      ] GC(100) - age   3:     139360 bytes,   18715328 total
[2026-01-26T06:37:25.250+0000][66][trace][gc,age      ] GC(100) - age   4:       1456 bytes,   18716784 total
[2026-01-26T06:37:25.250+0000][66][trace][gc,age      ] GC(100) - age   5:     144304 bytes,   18861088 total
[2026-01-26T06:37:25.250+0000][66][info ][gc,heap     ] GC(100) Eden regions: 141->0(147)
[2026-01-26T06:37:25.251+0000][66][info ][gc,heap     ] GC(100) Survivor regions: 10->6(19)
[2026-01-26T06:37:25.251+0000][66][info ][gc,heap     ] GC(100) Old regions: 68->68
[2026-01-26T06:37:25.251+0000][66][info ][gc,heap     ] GC(100) Humongous regions: 0->0
[2026-01-26T06:37:25.252+0000][66][info ][gc,metaspace] GC(100) Metaspace: 132730K(136192K)->132730K(136192K) NonClass: 114962K(116800K)->114962K(116800K) Class: 17767K(19392K)->17767K(19392K)
[2026-01-26T06:37:25.252+0000][66][info ][gc          ] GC(100) Pause Young (Normal) (G1 Evacuation Pause) 872M->291M(1024M) 13.717ms
[2026-01-26T06:37:25.252+0000][66][info ][gc,cpu      ] GC(100) User=0.03s Sys=0.00s Real=0.01s
[2026-01-26T06:37:25.252+0000][66][info ][safepoint   ] Safepoint "G1CollectForAllocation", Time since last: 653500180 ns, Reaching safepoint: 17601 ns, Cleanup: 12701 ns, At safepoint: 14380831 ns, Total: 14411133 ns
[2026-01-26T06:37:27.462+0000][66][info ][safepoint   ] Safepoint "Cleanup", Time since last: 2209423011 ns, Reaching safepoint: 155512 ns, Cleanup: 13101 ns, At safepoint: 45904 ns, Total: 214517 ns
[2026-01-26T06:37:30.473+0000][66][info ][gc,start    ] GC(101) Pause Young (Normal) (G1 Evacuation Pause)
[2026-01-26T06:37:30.474+0000][66][info ][gc,task     ] GC(101) Using 6 workers of 6 for evacuation
[2026-01-26T06:37:30.474+0000][66][debug][gc,age      ] GC(101) Desired survivor size 41943040 bytes, new threshold 15 (max threshold 15)
[2026-01-26T06:37:30.483+0000][66][info ][gc,phases   ] GC(101)   Pre Evacuate Collection Set: 0.5ms
[2026-01-26T06:37:30.483+0000][66][info ][gc,phases   ] GC(101)   Merge Heap Roots: 0.3ms
[2026-01-26T06:37:30.484+0000][66][info ][gc,phases   ] GC(101)   Evacuate Collection Set: 5.6ms
[2026-01-26T06:37:30.484+0000][66][info ][gc,phases   ] GC(101)   Post Evacuate Collection Set: 1.6ms
[2026-01-26T06:37:30.484+0000][66][info ][gc,phases   ] GC(101)   Other: 0.9ms
[2026-01-26T06:37:30.485+0000][66][trace][gc,age      ] GC(101) Age table with threshold 15 (max threshold 15)
[2026-01-26T06:37:30.485+0000][66][trace][gc,age      ] GC(101) - age   1:   10758208 bytes,   10758208 total
[2026-01-26T06:37:30.485+0000][66][trace][gc,age      ] GC(101) - age   2:     312504 bytes,   11070712 total
[2026-01-26T06:37:30.486+0000][66][trace][gc,age      ] GC(101) - age   3:       3688 bytes,   11074400 total
[2026-01-26T06:37:30.486+0000][66][trace][gc,age      ] GC(101) - age   4:     137584 bytes,   11211984 total
[2026-01-26T06:37:30.486+0000][66][trace][gc,age      ] GC(101) - age   5:       1120 bytes,   11213104 total
[2026-01-26T06:37:30.487+0000][66][trace][gc,age      ] GC(101) - age   6:     140712 bytes,   11353816 total
[2026-01-26T06:37:30.487+0000][66][info ][gc,heap     ] GC(101) Eden regions: 147->0(149)
[2026-01-26T06:37:30.488+0000][66][info ][gc,heap     ] GC(101) Survivor regions: 6->4(20)
[2026-01-26T06:37:30.488+0000][66][info ][gc,heap     ] GC(101) Old regions: 68->68
[2026-01-26T06:37:30.488+0000][66][info ][gc,heap     ] GC(101) Humongous regions: 0->0
[2026-01-26T06:37:30.489+0000][66][info ][gc,metaspace] GC(101) Metaspace: 132740K(136192K)->132740K(136192K) NonClass: 114972K(116800K)->114972K(116800K) Class: 17767K(19392K)->17767K(19392K)
[2026-01-26T06:37:30.489+0000][66][info ][gc          ] GC(101) Pause Young (Normal) (G1 Evacuation Pause) 879M->281M(1024M) 15.852ms
[2026-01-26T06:37:30.490+0000][66][info ][gc,cpu      ] GC(101) User=0.02s Sys=0.01s Real=0.02s
[2026-01-26T06:37:30.490+0000][66][info ][safepoint   ] Safepoint "G1CollectForAllocation", Time since last: 3011128943 ns, Reaching safepoint: 21402 ns, Cleanup: 6300 ns, At safepoint: 16914230 ns, Total: 16941932 ns
[2026-01-26T06:37:32.325+0000][66][info ][safepoint   ] Safepoint "Cleanup", Time since last: 1836426348 ns, Reaching safepoint: 622547 ns, Cleanup: 11501 ns, At safepoint: 98107 ns, Total: 732155 ns
[2026-01-26T06:37:33.564+0000][66][info ][safepoint   ] Safepoint "Cleanup", Time since last: 1239017540 ns, Reaching safepoint: 354326 ns, Cleanup: 18302 ns, At safepoint: 104707 ns, Total: 477335 ns
[2026-01-26T06:37:33.894+0000][66][info ][gc,start    ] GC(102) Pause Young (Normal) (G1 Evacuation Pause)
[2026-01-26T06:37:33.894+0000][66][info ][gc,task     ] GC(102) Using 6 workers of 6 for evacuation
[2026-01-26T06:37:33.895+0000][66][debug][gc,age      ] GC(102) Desired survivor size 41943040 bytes, new threshold 15 (max threshold 15)
[2026-01-26T06:37:33.901+0000][66][info ][gc,phases   ] GC(102)   Pre Evacuate Collection Set: 0.4ms
[2026-01-26T06:37:33.901+0000][66][info ][gc,phases   ] GC(102)   Merge Heap Roots: 0.2ms
[2026-01-26T06:37:33.902+0000][66][info ][gc,phases   ] GC(102)   Evacuate Collection Set: 4.2ms
[2026-01-26T06:37:33.902+0000][66][info ][gc,phases   ] GC(102)   Post Evacuate Collection Set: 1.0ms
[2026-01-26T06:37:33.903+0000][66][info ][gc,phases   ] GC(102)   Other: 0.9ms
[2026-01-26T06:37:33.903+0000][66][trace][gc,age      ] GC(102) Age table with threshold 15 (max threshold 15)
[2026-01-26T06:37:33.903+0000][66][trace][gc,age      ] GC(102) - age   1:    9734752 bytes,    9734752 total
[2026-01-26T06:37:33.904+0000][66][trace][gc,age      ] GC(102) - age   2:    1286656 bytes,   11021408 total
[2026-01-26T06:37:33.904+0000][66][trace][gc,age      ] GC(102) - age   3:     142400 bytes,   11163808 total
[2026-01-26T06:37:33.904+0000][66][trace][gc,age      ] GC(102) - age   4:       3624 bytes,   11167432 total
[2026-01-26T06:37:33.905+0000][66][trace][gc,age      ] GC(102) - age   5:     137336 bytes,   11304768 total
[2026-01-26T06:37:33.905+0000][66][trace][gc,age      ] GC(102) - age   6:        480 bytes,   11305248 total
[2026-01-26T06:37:33.905+0000][66][trace][gc,age      ] GC(102) - age   7:     139608 bytes,   11444856 total
[2026-01-26T06:37:33.906+0000][66][info ][gc,heap     ] GC(102) Eden regions: 149->0(149)
[2026-01-26T06:37:33.906+0000][66][info ][gc,heap     ] GC(102) Survivor regions: 4->4(20)
[2026-01-26T06:37:33.906+0000][66][info ][gc,heap     ] GC(102) Old regions: 68->68
[2026-01-26T06:37:33.906+0000][66][info ][gc,heap     ] GC(102) Humongous regions: 0->0
[2026-01-26T06:37:33.907+0000][66][info ][gc,metaspace] GC(102) Metaspace: 132742K(136192K)->132742K(136192K) NonClass: 114974K(116800K)->114974K(116800K) Class: 17767K(19392K)->17767K(19392K)
[2026-01-26T06:37:33.907+0000][66][info ][gc          ] GC(102) Pause Young (Normal) (G1 Evacuation Pause) 877M->281M(1024M) 13.112ms
[2026-01-26T06:37:33.907+0000][66][info ][gc,cpu      ] GC(102) User=0.01s Sys=0.02s Real=0.01s
[2026-01-26T06:37:33.908+0000][66][info ][safepoint   ] Safepoint "G1CollectForAllocation", Time since last: 329320170 ns, Reaching safepoint: 146111 ns, Cleanup: 12201 ns, At safepoint: 13851834 ns, Total: 14010146 ns
[2026-01-26T06:37:34.908+0000][66][info ][safepoint   ] Safepoint "Cleanup", Time since last: 1000520946 ns, Reaching safepoint: 133510 ns, Cleanup: 12601 ns, At safepoint: 43403 ns, Total: 189514 ns
[2026-01-26T06:37:35.622+0000][66][info ][gc,start    ] GC(103) Pause Young (Normal) (G1 Evacuation Pause)
[2026-01-26T06:37:35.622+0000][66][info ][gc,task     ] GC(103) Using 6 workers of 6 for evacuation
[2026-01-26T06:37:35.622+0000][66][debug][gc,age      ] GC(103) Desired survivor size 41943040 bytes, new threshold 15 (max threshold 15)
[2026-01-26T06:37:35.630+0000][66][info ][gc,phases   ] GC(103)   Pre Evacuate Collection Set: 0.3ms
[2026-01-26T06:37:35.631+0000][66][info ][gc,phases   ] GC(103)   Merge Heap Roots: 0.3ms
[2026-01-26T06:37:35.631+0000][66][info ][gc,phases   ] GC(103)   Evacuate Collection Set: 5.6ms
[2026-01-26T06:37:35.631+0000][66][info ][gc,phases   ] GC(103)   Post Evacuate Collection Set: 1.3ms
[2026-01-26T06:37:35.632+0000][66][info ][gc,phases   ] GC(103)   Other: 0.8ms
[2026-01-26T06:37:35.632+0000][66][trace][gc,age      ] GC(103) Age table with threshold 15 (max threshold 15)
[2026-01-26T06:37:35.632+0000][66][trace][gc,age      ] GC(103) - age   1:    9542216 bytes,    9542216 total
[2026-01-26T06:37:35.632+0000][66][trace][gc,age      ] GC(103) - age   2:    4877392 bytes,   14419608 total
[2026-01-26T06:37:35.633+0000][66][trace][gc,age      ] GC(103) - age   3:    1286480 bytes,   15706088 total
[2026-01-26T06:37:35.633+0000][66][trace][gc,age      ] GC(103) - age   4:     142400 bytes,   15848488 total
[2026-01-26T06:37:35.633+0000][66][trace][gc,age      ] GC(103) - age   5:       3624 bytes,   15852112 total
[2026-01-26T06:37:35.634+0000][66][trace][gc,age      ] GC(103) - age   6:     137336 bytes,   15989448 total
[2026-01-26T06:37:35.634+0000][66][trace][gc,age      ] GC(103) - age   7:        480 bytes,   15989928 total
[2026-01-26T06:37:35.634+0000][66][trace][gc,age      ] GC(103) - age   8:     139608 bytes,   16129536 total
[2026-01-26T06:37:35.634+0000][66][info ][gc,heap     ] GC(103) Eden regions: 149->0(148)
[2026-01-26T06:37:35.635+0000][66][info ][gc,heap     ] GC(103) Survivor regions: 4->5(20)
[2026-01-26T06:37:35.635+0000][66][info ][gc,heap     ] GC(103) Old regions: 68->68
[2026-01-26T06:37:35.635+0000][66][info ][gc,heap     ] GC(103) Humongous regions: 0->0
[2026-01-26T06:37:35.635+0000][66][info ][gc,metaspace] GC(103) Metaspace: 132742K(136192K)->132742K(136192K) NonClass: 114974K(116800K)->114974K(116800K) Class: 17767K(19392K)->17767K(19392K)
[2026-01-26T06:37:35.636+0000][66][info ][gc          ] GC(103) Pause Young (Normal) (G1 Evacuation Pause) 877M->285M(1024M) 13.918ms
[2026-01-26T06:37:35.636+0000][66][info ][gc,cpu      ] GC(103) User=0.03s Sys=0.00s Real=0.02s
[2026-01-26T06:37:35.636+0000][66][info ][safepoint   ] Safepoint "G1CollectForAllocation", Time since last: 713153307 ns, Reaching safepoint: 175813 ns, Cleanup: 12101 ns, At safepoint: 14488481 ns, Total: 14676395 ns
[2026-01-26T06:37:37.647+0000][66][info ][gc,start    ] GC(104) Pause Young (Normal) (G1 Evacuation Pause)
[2026-01-26T06:37:37.647+0000][66][info ][gc,task     ] GC(104) Using 6 workers of 6 for evacuation
[2026-01-26T06:37:37.647+0000][66][debug][gc,age      ] GC(104) Desired survivor size 41943040 bytes, new threshold 15 (max threshold 15)
[2026-01-26T06:37:37.656+0000][66][info ][gc,phases   ] GC(104)   Pre Evacuate Collection Set: 0.5ms
[2026-01-26T06:37:37.657+0000][66][info ][gc,phases   ] GC(104)   Merge Heap Roots: 0.2ms
[2026-01-26T06:37:37.657+0000][66][info ][gc,phases   ] GC(104)   Evacuate Collection Set: 6.2ms
[2026-01-26T06:37:37.657+0000][66][info ][gc,phases   ] GC(104)   Post Evacuate Collection Set: 1.4ms
[2026-01-26T06:37:37.658+0000][66][info ][gc,phases   ] GC(104)   Other: 0.8ms
[2026-01-26T06:37:37.658+0000][66][trace][gc,age      ] GC(104) Age table with threshold 15 (max threshold 15)
[2026-01-26T06:37:37.658+0000][66][trace][gc,age      ] GC(104) - age   1:   11064352 bytes,   11064352 total
[2026-01-26T06:37:37.659+0000][66][trace][gc,age      ] GC(104) - age   2:    2810096 bytes,   13874448 total
[2026-01-26T06:37:37.659+0000][66][trace][gc,age      ] GC(104) - age   3:    4626160 bytes,   18500608 total
[2026-01-26T06:37:37.659+0000][66][trace][gc,age      ] GC(104) - age   4:    1286480 bytes,   19787088 total
[2026-01-26T06:37:37.660+0000][66][trace][gc,age      ] GC(104) - age   5:     142400 bytes,   19929488 total
[2026-01-26T06:37:37.660+0000][66][trace][gc,age      ] GC(104) - age   6:       3624 bytes,   19933112 total
[2026-01-26T06:37:37.660+0000][66][trace][gc,age      ] GC(104) - age   7:     137336 bytes,   20070448 total
[2026-01-26T06:37:37.661+0000][66][trace][gc,age      ] GC(104) - age   8:        480 bytes,   20070928 total
[2026-01-26T06:37:37.661+0000][66][trace][gc,age      ] GC(104) - age   9:     139608 bytes,   20210536 total
[2026-01-26T06:37:37.661+0000][66][info ][gc,heap     ] GC(104) Eden regions: 148->0(147)
[2026-01-26T06:37:37.662+0000][66][info ][gc,heap     ] GC(104) Survivor regions: 5->6(20)
[2026-01-26T06:37:37.662+0000][66][info ][gc,heap     ] GC(104) Old regions: 68->68
[2026-01-26T06:37:37.662+0000][66][info ][gc,heap     ] GC(104) Humongous regions: 0->0
[2026-01-26T06:37:37.663+0000][66][info ][gc,metaspace] GC(104) Metaspace: 132742K(136192K)->132742K(136192K) NonClass: 114974K(116800K)->114974K(116800K) Class: 17767K(19392K)->17767K(19392K)
[2026-01-26T06:37:37.663+0000][66][info ][gc          ] GC(104) Pause Young (Normal) (G1 Evacuation Pause) 877M->289M(1024M) 16.331ms
[2026-01-26T06:37:37.663+0000][66][info ][gc,cpu      ] GC(104) User=0.02s Sys=0.00s Real=0.01s
[2026-01-26T06:37:37.664+0000][66][info ][safepoint   ] Safepoint "G1CollectForAllocation", Time since last: 2010355987 ns, Reaching safepoint: 171113 ns, Cleanup: 5400 ns, At safepoint: 17175482 ns, Total: 17351995 ns
[2026-01-26T06:37:38.935+0000][66][info ][safepoint   ] Safepoint "Cleanup", Time since last: 1271294167 ns, Reaching safepoint: 174814 ns, Cleanup: 33303 ns, At safepoint: 86707 ns, Total: 294824 ns
[2026-01-26T06:37:40.231+0000][66][info ][safepoint   ] Safepoint "Cleanup", Time since last: 1295619333 ns, Reaching safepoint: 130010 ns, Cleanup: 27503 ns, At safepoint: 79306 ns, Total: 236819 ns
[2026-01-26T06:37:40.441+0000][66][info ][gc,start    ] GC(105) Pause Young (Normal) (G1 Evacuation Pause)
[2026-01-26T06:37:40.442+0000][66][info ][gc,task     ] GC(105) Using 6 workers of 6 for evacuation
[2026-01-26T06:37:40.442+0000][66][debug][gc,age      ] GC(105) Desired survivor size 41943040 bytes, new threshold 15 (max threshold 15)
[2026-01-26T06:37:40.454+0000][66][info ][gc,phases   ] GC(105)   Pre Evacuate Collection Set: 0.4ms
[2026-01-26T06:37:40.454+0000][66][info ][gc,phases   ] GC(105)   Merge Heap Roots: 0.2ms
[2026-01-26T06:37:40.455+0000][66][info ][gc,phases   ] GC(105)   Evacuate Collection Set: 9.0ms
[2026-01-26T06:37:40.455+0000][66][info ][gc,phases   ] GC(105)   Post Evacuate Collection Set: 1.3ms
[2026-01-26T06:37:40.455+0000][66][info ][gc,phases   ] GC(105)   Other: 1.0ms
[2026-01-26T06:37:40.456+0000][66][trace][gc,age      ] GC(105) Age table with threshold 15 (max threshold 15)
[2026-01-26T06:37:40.456+0000][66][trace][gc,age      ] GC(105) - age   1:   12067560 bytes,   12067560 total
[2026-01-26T06:37:40.456+0000][66][trace][gc,age      ] GC(105) - age   2:    5577040 bytes,   17644600 total
[2026-01-26T06:37:40.457+0000][66][trace][gc,age      ] GC(105) - age   3:    2502192 bytes,   20146792 total
[2026-01-26T06:37:40.457+0000][66][trace][gc,age      ] GC(105) - age   4:    4512104 bytes,   24658896 total
[2026-01-26T06:37:40.458+0000][66][trace][gc,age      ] GC(105) - age   5:    1286480 bytes,   25945376 total
[2026-01-26T06:37:40.458+0000][66][trace][gc,age      ] GC(105) - age   6:     142400 bytes,   26087776 total
[2026-01-26T06:37:40.458+0000][66][trace][gc,age      ] GC(105) - age   7:       3048 bytes,   26090824 total
[2026-01-26T06:37:40.459+0000][66][trace][gc,age      ] GC(105) - age   8:     137336 bytes,   26228160 total
[2026-01-26T06:37:40.459+0000][66][trace][gc,age      ] GC(105) - age   9:        480 bytes,   26228640 total
[2026-01-26T06:37:40.459+0000][66][trace][gc,age      ] GC(105) - age  10:     139608 bytes,   26368248 total
[2026-01-26T06:37:40.460+0000][66][info ][gc,heap     ] GC(105) Eden regions: 147->0(146)
[2026-01-26T06:37:40.460+0000][66][info ][gc,heap     ] GC(105) Survivor regions: 6->7(20)
[2026-01-26T06:37:40.460+0000][66][info ][gc,heap     ] GC(105) Old regions: 68->68
[2026-01-26T06:37:40.461+0000][66][info ][gc,heap     ] GC(105) Humongous regions: 0->0
[2026-01-26T06:37:40.461+0000][66][info ][gc,metaspace] GC(105) Metaspace: 132752K(136192K)->132752K(136192K) NonClass: 114984K(116800K)->114984K(116800K) Class: 17767K(19392K)->17767K(19392K)
[2026-01-26T06:37:40.461+0000][66][info ][gc          ] GC(105) Pause Young (Normal) (G1 Evacuation Pause) 877M->296M(1024M) 19.892ms
[2026-01-26T06:37:40.462+0000][66][info ][gc,cpu      ] GC(105) User=0.04s Sys=0.01s Real=0.02s
[2026-01-26T06:37:40.462+0000][66][info ][safepoint   ] Safepoint "G1CollectForAllocation", Time since last: 210126102 ns, Reaching safepoint: 14801 ns, Cleanup: 19502 ns, At safepoint: 20826585 ns, Total: 20860888 ns
[2026-01-26T06:37:43.195+0000][66][info ][safepoint   ] Safepoint "Cleanup", Time since last: 2733063941 ns, Reaching safepoint: 9301 ns, Cleanup: 8901 ns, At safepoint: 35003 ns, Total: 53205 ns
[2026-01-26T06:37:43.300+0000][66][info ][gc,start    ] GC(106) Pause Young (Normal) (G1 Evacuation Pause)
[2026-01-26T06:37:43.301+0000][66][info ][gc,task     ] GC(106) Using 6 workers of 6 for evacuation
[2026-01-26T06:37:43.301+0000][66][debug][gc,age      ] GC(106) Desired survivor size 41943040 bytes, new threshold 15 (max threshold 15)
[2026-01-26T06:37:43.314+0000][66][info ][gc,phases   ] GC(106)   Pre Evacuate Collection Set: 0.3ms
[2026-01-26T06:37:43.315+0000][66][info ][gc,phases   ] GC(106)   Merge Heap Roots: 0.3ms
[2026-01-26T06:37:43.315+0000][66][info ][gc,phases   ] GC(106)   Evacuate Collection Set: 10.0ms
[2026-01-26T06:37:43.315+0000][66][info ][gc,phases   ] GC(106)   Post Evacuate Collection Set: 1.5ms
[2026-01-26T06:37:43.316+0000][66][info ][gc,phases   ] GC(106)   Other: 0.9ms
[2026-01-26T06:37:43.316+0000][66][trace][gc,age      ] GC(106) Age table with threshold 15 (max threshold 15)
[2026-01-26T06:37:43.317+0000][66][trace][gc,age      ] GC(106) - age   1:   11888944 bytes,   11888944 total
[2026-01-26T06:37:43.317+0000][66][trace][gc,age      ] GC(106) - age   2:    3056208 bytes,   14945152 total
[2026-01-26T06:37:43.318+0000][66][trace][gc,age      ] GC(106) - age   3:    4501120 bytes,   19446272 total
[2026-01-26T06:37:43.318+0000][66][trace][gc,age      ] GC(106) - age   4:    2206392 bytes,   21652664 total
[2026-01-26T06:37:43.318+0000][66][trace][gc,age      ] GC(106) - age   5:    3988504 bytes,   25641168 total
[2026-01-26T06:37:43.319+0000][66][trace][gc,age      ] GC(106) - age   6:    1286392 bytes,   26927560 total
[2026-01-26T06:37:43.319+0000][66][trace][gc,age      ] GC(106) - age   7:     142152 bytes,   27069712 total
[2026-01-26T06:37:43.320+0000][66][trace][gc,age      ] GC(106) - age   8:       3048 bytes,   27072760 total
[2026-01-26T06:37:43.320+0000][66][trace][gc,age      ] GC(106) - age   9:     136424 bytes,   27209184 total
[2026-01-26T06:37:43.320+0000][66][trace][gc,age      ] GC(106) - age  10:        480 bytes,   27209664 total
[2026-01-26T06:37:43.321+0000][66][trace][gc,age      ] GC(106) - age  11:     139608 bytes,   27349272 total
[2026-01-26T06:37:43.321+0000][66][info ][gc,heap     ] GC(106) Eden regions: 146->0(145)
[2026-01-26T06:37:43.322+0000][66][info ][gc,heap     ] GC(106) Survivor regions: 7->8(20)
[2026-01-26T06:37:43.322+0000][66][info ][gc,heap     ] GC(106) Old regions: 68->68
[2026-01-26T06:37:43.323+0000][66][info ][gc,heap     ] GC(106) Humongous regions: 0->0
[2026-01-26T06:37:43.323+0000][66][info ][gc,metaspace] GC(106) Metaspace: 132753K(136192K)->132753K(136192K) NonClass: 114985K(116800K)->114985K(116800K) Class: 17767K(19392K)->17767K(19392K)
[2026-01-26T06:37:43.323+0000][66][info ][gc          ] GC(106) Pause Young (Normal) (G1 Evacuation Pause) 880M->297M(1024M) 22.814ms
[2026-01-26T06:37:43.324+0000][66][info ][gc,cpu      ] GC(106) User=0.04s Sys=0.01s Real=0.02s
[2026-01-26T06:37:43.324+0000][66][info ][safepoint   ] Safepoint "G1CollectForAllocation", Time since last: 104856784 ns, Reaching safepoint: 175914 ns, Cleanup: 8601 ns, At safepoint: 23752522 ns, Total: 23937037 ns
[2026-01-26T06:37:45.030+0000][66][info ][gc,start    ] GC(107) Pause Young (Normal) (G1 Evacuation Pause)
[2026-01-26T06:37:45.031+0000][66][info ][gc,task     ] GC(107) Using 6 workers of 6 for evacuation
[2026-01-26T06:37:45.031+0000][66][debug][gc,age      ] GC(107) Desired survivor size 41943040 bytes, new threshold 15 (max threshold 15)
[2026-01-26T06:37:45.044+0000][66][info ][gc,phases   ] GC(107)   Pre Evacuate Collection Set: 0.3ms
[2026-01-26T06:37:45.044+0000][66][info ][gc,phases   ] GC(107)   Merge Heap Roots: 0.2ms
[2026-01-26T06:37:45.044+0000][66][info ][gc,phases   ] GC(107)   Evacuate Collection Set: 10.5ms
[2026-01-26T06:37:45.045+0000][66][info ][gc,phases   ] GC(107)   Post Evacuate Collection Set: 1.3ms
[2026-01-26T06:37:45.045+0000][66][info ][gc,phases   ] GC(107)   Other: 0.7ms
[2026-01-26T06:37:45.045+0000][66][trace][gc,age      ] GC(107) Age table with threshold 15 (max threshold 15)
[2026-01-26T06:37:45.046+0000][66][trace][gc,age      ] GC(107) - age   1:    9582552 bytes,    9582552 total
[2026-01-26T06:37:45.046+0000][66][trace][gc,age      ] GC(107) - age   2:   11310880 bytes,   20893432 total
[2026-01-26T06:37:45.046+0000][66][trace][gc,age      ] GC(107) - age   3:    3056096 bytes,   23949528 total
[2026-01-26T06:37:45.046+0000][66][trace][gc,age      ] GC(107) - age   4:    4501120 bytes,   28450648 total
[2026-01-26T06:37:45.047+0000][66][trace][gc,age      ] GC(107) - age   5:    2206312 bytes,   30656960 total
[2026-01-26T06:37:45.047+0000][66][trace][gc,age      ] GC(107) - age   6:    3988112 bytes,   34645072 total
[2026-01-26T06:37:45.047+0000][66][trace][gc,age      ] GC(107) - age   7:    1286392 bytes,   35931464 total
[2026-01-26T06:37:45.047+0000][66][trace][gc,age      ] GC(107) - age   8:     142152 bytes,   36073616 total
[2026-01-26T06:37:45.048+0000][66][trace][gc,age      ] GC(107) - age   9:       3048 bytes,   36076664 total
[2026-01-26T06:37:45.048+0000][66][trace][gc,age      ] GC(107) - age  10:     136424 bytes,   36213088 total
[2026-01-26T06:37:45.048+0000][66][trace][gc,age      ] GC(107) - age  11:        480 bytes,   36213568 total
[2026-01-26T06:37:45.049+0000][66][trace][gc,age      ] GC(107) - age  12:     139608 bytes,   36353176 total
[2026-01-26T06:37:45.049+0000][66][info ][gc,heap     ] GC(107) Eden regions: 145->0(141)
[2026-01-26T06:37:45.049+0000][66][info ][gc,heap     ] GC(107) Survivor regions: 8->10(20)
[2026-01-26T06:37:45.049+0000][66][info ][gc,heap     ] GC(107) Old regions: 68->68
[2026-01-26T06:37:45.050+0000][66][info ][gc,heap     ] GC(107) Humongous regions: 0->0
[2026-01-26T06:37:45.050+0000][66][info ][gc,metaspace] GC(107) Metaspace: 132753K(136192K)->132753K(136192K) NonClass: 114985K(116800K)->114985K(116800K) Class: 17767K(19392K)->17767K(19392K)
[2026-01-26T06:37:45.050+0000][66][info ][gc          ] GC(107) Pause Young (Normal) (G1 Evacuation Pause) 877M->307M(1024M) 19.942ms
[2026-01-26T06:37:45.050+0000][66][info ][gc,cpu      ] GC(107) User=0.05s Sys=0.00s Real=0.02s
[2026-01-26T06:37:45.051+0000][66][info ][safepoint   ] Safepoint "G1CollectForAllocation", Time since last: 1705792321 ns, Reaching safepoint: 147912 ns, Cleanup: 7101 ns, At safepoint: 20653171 ns, Total: 20808184 ns
[2026-01-26T06:37:46.515+0000][66][info ][safepoint   ] Safepoint "Cleanup", Time since last: 1463710934 ns, Reaching safepoint: 19601 ns, Cleanup: 18002 ns, At safepoint: 3300 ns, Total: 40903 ns
[2026-01-26T06:37:48.515+0000][66][info ][safepoint   ] Safepoint "Cleanup", Time since last: 2000660293 ns, Reaching safepoint: 176314 ns, Cleanup: 13601 ns, At safepoint: 51905 ns, Total: 241820 ns
[2026-01-26T06:37:49.516+0000][66][info ][safepoint   ] Safepoint "Cleanup", Time since last: 1000698028 ns, Reaching safepoint: 93108 ns, Cleanup: 15401 ns, At safepoint: 6101 ns, Total: 114610 ns
[2026-01-26T06:37:53.232+0000][66][info ][gc,start    ] GC(108) Pause Young (Normal) (G1 Evacuation Pause)
[2026-01-26T06:37:53.232+0000][66][info ][gc,task     ] GC(108) Using 6 workers of 6 for evacuation
[2026-01-26T06:37:53.233+0000][66][debug][gc,age      ] GC(108) Desired survivor size 39845888 bytes, new threshold 15 (max threshold 15)
[2026-01-26T06:37:53.243+0000][66][info ][gc,phases   ] GC(108)   Pre Evacuate Collection Set: 0.3ms
[2026-01-26T06:37:53.244+0000][66][info ][gc,phases   ] GC(108)   Merge Heap Roots: 0.1ms
[2026-01-26T06:37:53.244+0000][66][info ][gc,phases   ] GC(108)   Evacuate Collection Set: 8.3ms
[2026-01-26T06:37:53.244+0000][66][info ][gc,phases   ] GC(108)   Post Evacuate Collection Set: 1.2ms
[2026-01-26T06:37:53.245+0000][66][info ][gc,phases   ] GC(108)   Other: 0.7ms
[2026-01-26T06:37:53.245+0000][66][trace][gc,age      ] GC(108) Age table with threshold 15 (max threshold 15)
[2026-01-26T06:37:53.246+0000][66][trace][gc,age      ] GC(108) - age   1:   24358504 bytes,   24358504 total
[2026-01-26T06:37:53.246+0000][66][trace][gc,age      ] GC(108) - age   2:    3572792 bytes,   27931296 total
[2026-01-26T06:37:53.247+0000][66][trace][gc,age      ] GC(108) - age   3:      24640 bytes,   27955936 total
[2026-01-26T06:37:53.247+0000][66][trace][gc,age      ] GC(108) - age   4:      70600 bytes,   28026536 total
[2026-01-26T06:37:53.247+0000][66][trace][gc,age      ] GC(108) - age   6:         96 bytes,   28026632 total
[2026-01-26T06:37:53.248+0000][66][trace][gc,age      ] GC(108) - age   7:     883096 bytes,   28909728 total
[2026-01-26T06:37:53.248+0000][66][trace][gc,age      ] GC(108) - age   8:    1284232 bytes,   30193960 total
[2026-01-26T06:37:53.248+0000][66][trace][gc,age      ] GC(108) - age   9:     140392 bytes,   30334352 total
[2026-01-26T06:37:53.249+0000][66][trace][gc,age      ] GC(108) - age  10:       2480 bytes,   30336832 total
[2026-01-26T06:37:53.249+0000][66][trace][gc,age      ] GC(108) - age  11:     136424 bytes,   30473256 total
[2026-01-26T06:37:53.249+0000][66][trace][gc,age      ] GC(108) - age  12:        480 bytes,   30473736 total
[2026-01-26T06:37:53.250+0000][66][trace][gc,age      ] GC(108) - age  13:     139608 bytes,   30613344 total
[2026-01-26T06:37:53.250+0000][66][info ][gc,heap     ] GC(108) Eden regions: 141->0(145)
[2026-01-26T06:37:53.251+0000][66][info ][gc,heap     ] GC(108) Survivor regions: 10->8(19)
[2026-01-26T06:37:53.251+0000][66][info ][gc,heap     ] GC(108) Old regions: 68->68
[2026-01-26T06:37:53.251+0000][66][info ][gc,heap     ] GC(108) Humongous regions: 0->0
[2026-01-26T06:37:53.252+0000][66][info ][gc,metaspace] GC(108) Metaspace: 132759K(136256K)->132759K(136256K) NonClass: 114991K(116864K)->114991K(116864K) Class: 17767K(19392K)->17767K(19392K)
[2026-01-26T06:37:53.252+0000][66][info ][gc          ] GC(108) Pause Young (Normal) (G1 Evacuation Pause) 871M->300M(1024M) 20.019ms
[2026-01-26T06:37:53.252+0000][66][info ][gc,cpu      ] GC(108) User=0.04s Sys=0.00s Real=0.02s
[2026-01-26T06:37:53.253+0000][66][info ][safepoint   ] Safepoint "G1CollectForAllocation", Time since last: 3715567629 ns, Reaching safepoint: 123310 ns, Cleanup: 5601 ns, At safepoint: 20894294 ns, Total: 21023205 ns
[2026-01-26T06:37:57.978+0000][66][info ][gc,start    ] GC(109) Pause Young (Normal) (G1 Evacuation Pause)
[2026-01-26T06:37:57.979+0000][66][info ][gc,task     ] GC(109) Using 6 workers of 6 for evacuation
[2026-01-26T06:37:57.979+0000][66][debug][gc,age      ] GC(109) Desired survivor size 41943040 bytes, new threshold 15 (max threshold 15)
[2026-01-26T06:37:57.991+0000][66][info ][gc,phases   ] GC(109)   Pre Evacuate Collection Set: 0.4ms
[2026-01-26T06:37:57.992+0000][66][info ][gc,phases   ] GC(109)   Merge Heap Roots: 0.2ms
[2026-01-26T06:37:57.992+0000][66][info ][gc,phases   ] GC(109)   Evacuate Collection Set: 9.9ms
[2026-01-26T06:37:57.993+0000][66][info ][gc,phases   ] GC(109)   Post Evacuate Collection Set: 1.1ms
[2026-01-26T06:37:57.993+0000][66][info ][gc,phases   ] GC(109)   Other: 0.9ms
[2026-01-26T06:37:57.994+0000][66][trace][gc,age      ] GC(109) Age table with threshold 15 (max threshold 15)
[2026-01-26T06:37:57.994+0000][66][trace][gc,age      ] GC(109) - age   1:   24750448 bytes,   24750448 total
[2026-01-26T06:37:57.994+0000][66][trace][gc,age      ] GC(109) - age   2:   10852584 bytes,   35603032 total
[2026-01-26T06:37:57.995+0000][66][trace][gc,age      ] GC(109) - age   3:    3091656 bytes,   38694688 total
[2026-01-26T06:37:57.995+0000][66][trace][gc,age      ] GC(109) - age   4:      24608 bytes,   38719296 total
[2026-01-26T06:37:57.996+0000][66][trace][gc,age      ] GC(109) - age   5:      70600 bytes,   38789896 total
[2026-01-26T06:37:57.996+0000][66][trace][gc,age      ] GC(109) - age   7:         64 bytes,   38789960 total
[2026-01-26T06:37:57.996+0000][66][trace][gc,age      ] GC(109) - age   8:     131664 bytes,   38921624 total
[2026-01-26T06:37:57.997+0000][66][trace][gc,age      ] GC(109) - age   9:     377952 bytes,   39299576 total
[2026-01-26T06:37:57.997+0000][66][trace][gc,age      ] GC(109) - age  10:     140072 bytes,   39439648 total
[2026-01-26T06:37:57.997+0000][66][trace][gc,age      ] GC(109) - age  11:       2480 bytes,   39442128 total
[2026-01-26T06:37:57.998+0000][66][trace][gc,age      ] GC(109) - age  12:     136104 bytes,   39578232 total
[2026-01-26T06:37:57.998+0000][66][trace][gc,age      ] GC(109) - age  13:        480 bytes,   39578712 total
[2026-01-26T06:37:57.998+0000][66][trace][gc,age      ] GC(109) - age  14:     139272 bytes,   39717984 total
[2026-01-26T06:37:57.999+0000][66][info ][gc,heap     ] GC(109) Eden regions: 145->0(139)
[2026-01-26T06:37:57.999+0000][66][info ][gc,heap     ] GC(109) Survivor regions: 8->11(20)
[2026-01-26T06:37:57.999+0000][66][info ][gc,heap     ] GC(109) Old regions: 68->68
[2026-01-26T06:37:58.000+0000][66][info ][gc,heap     ] GC(109) Humongous regions: 0->0
[2026-01-26T06:37:58.000+0000][66][info ][gc,metaspace] GC(109) Metaspace: 132759K(136256K)->132759K(136256K) NonClass: 114991K(116864K)->114991K(116864K) Class: 17767K(19392K)->17767K(19392K)
[2026-01-26T06:37:58.000+0000][66][info ][gc          ] GC(109) Pause Young (Normal) (G1 Evacuation Pause) 880M->311M(1024M) 21.900ms
[2026-01-26T06:37:58.000+0000][66][info ][gc,cpu      ] GC(109) User=0.05s Sys=0.00s Real=0.02s
[2026-01-26T06:37:58.001+0000][66][info ][safepoint   ] Safepoint "G1CollectForAllocation", Time since last: 4725392626 ns, Reaching safepoint: 16602 ns, Cleanup: 4200 ns, At safepoint: 22665266 ns, Total: 22686068 ns
[2026-01-26T06:37:59.476+0000][66][info ][safepoint   ] Safepoint "Cleanup", Time since last: 1475160248 ns, Reaching safepoint: 6801 ns, Cleanup: 7500 ns, At safepoint: 3301 ns, Total: 17602 ns
[2026-01-26T06:38:07.513+0000][66][info ][gc,start    ] GC(110) Pause Young (Normal) (G1 Evacuation Pause)
[2026-01-26T06:38:07.513+0000][66][info ][gc,task     ] GC(110) Using 6 workers of 6 for evacuation
[2026-01-26T06:38:07.514+0000][66][debug][gc,age      ] GC(110) Desired survivor size 39845888 bytes, new threshold 15 (max threshold 15)
[2026-01-26T06:38:07.524+0000][66][info ][gc,phases   ] GC(110)   Pre Evacuate Collection Set: 0.5ms
[2026-01-26T06:38:07.525+0000][66][info ][gc,phases   ] GC(110)   Merge Heap Roots: 0.2ms
[2026-01-26T06:38:07.525+0000][66][info ][gc,phases   ] GC(110)   Evacuate Collection Set: 8.5ms
[2026-01-26T06:38:07.525+0000][66][info ][gc,phases   ] GC(110)   Post Evacuate Collection Set: 1.0ms
[2026-01-26T06:38:07.526+0000][66][info ][gc,phases   ] GC(110)   Other: 0.8ms
[2026-01-26T06:38:07.526+0000][66][trace][gc,age      ] GC(110) Age table with threshold 15 (max threshold 15)
[2026-01-26T06:38:07.526+0000][66][trace][gc,age      ] GC(110) - age   1:   30359960 bytes,   30359960 total
[2026-01-26T06:38:07.527+0000][66][trace][gc,age      ] GC(110) - age   2:    3453000 bytes,   33812960 total
[2026-01-26T06:38:07.527+0000][66][trace][gc,age      ] GC(110) - age   3:     136008 bytes,   33948968 total
[2026-01-26T06:38:07.527+0000][66][trace][gc,age      ] GC(110) - age   4:        920 bytes,   33949888 total
[2026-01-26T06:38:07.527+0000][66][trace][gc,age      ] GC(110) - age   5:      23800 bytes,   33973688 total
[2026-01-26T06:38:07.528+0000][66][trace][gc,age      ] GC(110) - age   6:      70600 bytes,   34044288 total
[2026-01-26T06:38:07.528+0000][66][trace][gc,age      ] GC(110) - age   8:         64 bytes,   34044352 total
[2026-01-26T06:38:07.528+0000][66][trace][gc,age      ] GC(110) - age   9:     127536 bytes,   34171888 total
[2026-01-26T06:38:07.529+0000][66][trace][gc,age      ] GC(110) - age  10:     374216 bytes,   34546104 total
[2026-01-26T06:38:07.529+0000][66][trace][gc,age      ] GC(110) - age  11:       4072 bytes,   34550176 total
[2026-01-26T06:38:07.529+0000][66][trace][gc,age      ] GC(110) - age  12:       2200 bytes,   34552376 total
[2026-01-26T06:38:07.530+0000][66][trace][gc,age      ] GC(110) - age  13:       2488 bytes,   34554864 total
[2026-01-26T06:38:07.530+0000][66][trace][gc,age      ] GC(110) - age  14:        480 bytes,   34555344 total
[2026-01-26T06:38:07.530+0000][66][trace][gc,age      ] GC(110) - age  15:       1408 bytes,   34556752 total
[2026-01-26T06:38:07.530+0000][66][info ][gc,heap     ] GC(110) Eden regions: 139->0(143)
[2026-01-26T06:38:07.531+0000][66][info ][gc,heap     ] GC(110) Survivor regions: 11->9(19)
[2026-01-26T06:38:07.531+0000][66][info ][gc,heap     ] GC(110) Old regions: 68->68
[2026-01-26T06:38:07.531+0000][66][info ][gc,heap     ] GC(110) Humongous regions: 0->0
[2026-01-26T06:38:07.532+0000][66][info ][gc,metaspace] GC(110) Metaspace: 132762K(136256K)->132762K(136256K) NonClass: 114994K(116864K)->114994K(116864K) Class: 17767K(19392K)->17767K(19392K)
[2026-01-26T06:38:07.532+0000][66][info ][gc          ] GC(110) Pause Young (Normal) (G1 Evacuation Pause) 867M->303M(1024M) 19.156ms
[2026-01-26T06:38:07.532+0000][66][info ][gc,cpu      ] GC(110) User=0.05s Sys=0.00s Real=0.02s
[2026-01-26T06:38:07.533+0000][66][info ][safepoint   ] Safepoint "G1CollectForAllocation", Time since last: 8038756216 ns, Reaching safepoint: 68304 ns, Cleanup: 4900 ns, At safepoint: 19792095 ns, Total: 19865299 ns
[2026-01-26T06:38:11.065+0000][66][info ][gc,start    ] GC(111) Pause Young (Normal) (G1 Evacuation Pause)
[2026-01-26T06:38:11.065+0000][66][info ][gc,task     ] GC(111) Using 6 workers of 6 for evacuation
[2026-01-26T06:38:11.066+0000][66][debug][gc,age      ] GC(111) Desired survivor size 39845888 bytes, new threshold 15 (max threshold 15)
[2026-01-26T06:38:11.080+0000][66][info ][gc,phases   ] GC(111)   Pre Evacuate Collection Set: 0.4ms
[2026-01-26T06:38:11.080+0000][66][info ][gc,phases   ] GC(111)   Merge Heap Roots: 0.2ms
[2026-01-26T06:38:11.081+0000][66][info ][gc,phases   ] GC(111)   Evacuate Collection Set: 11.7ms
[2026-01-26T06:38:11.081+0000][66][info ][gc,phases   ] GC(111)   Post Evacuate Collection Set: 1.5ms
[2026-01-26T06:38:11.081+0000][66][info ][gc,phases   ] GC(111)   Other: 0.8ms
[2026-01-26T06:38:11.082+0000][66][trace][gc,age      ] GC(111) Age table with threshold 15 (max threshold 15)
[2026-01-26T06:38:11.082+0000][66][trace][gc,age      ] GC(111) - age   1:   23051912 bytes,   23051912 total
[2026-01-26T06:38:11.083+0000][66][trace][gc,age      ] GC(111) - age   2:   16267088 bytes,   39319000 total
[2026-01-26T06:38:11.083+0000][66][trace][gc,age      ] GC(111) - age   3:    2880472 bytes,   42199472 total
[2026-01-26T06:38:11.084+0000][66][trace][gc,age      ] GC(111) - age   4:     135760 bytes,   42335232 total
[2026-01-26T06:38:11.084+0000][66][trace][gc,age      ] GC(111) - age   5:        920 bytes,   42336152 total
[2026-01-26T06:38:11.084+0000][66][trace][gc,age      ] GC(111) - age   6:      23800 bytes,   42359952 total
[2026-01-26T06:38:11.085+0000][66][trace][gc,age      ] GC(111) - age   7:      70600 bytes,   42430552 total
[2026-01-26T06:38:11.085+0000][66][trace][gc,age      ] GC(111) - age   9:         64 bytes,   42430616 total
[2026-01-26T06:38:11.086+0000][66][trace][gc,age      ] GC(111) - age  10:     127536 bytes,   42558152 total
[2026-01-26T06:38:11.086+0000][66][trace][gc,age      ] GC(111) - age  11:     373952 bytes,   42932104 total
[2026-01-26T06:38:11.086+0000][66][trace][gc,age      ] GC(111) - age  12:       4072 bytes,   42936176 total
[2026-01-26T06:38:11.087+0000][66][trace][gc,age      ] GC(111) - age  13:       2200 bytes,   42938376 total
[2026-01-26T06:38:11.087+0000][66][trace][gc,age      ] GC(111) - age  14:       2488 bytes,   42940864 total
[2026-01-26T06:38:11.087+0000][66][trace][gc,age      ] GC(111) - age  15:        480 bytes,   42941344 total
[2026-01-26T06:38:11.088+0000][66][info ][gc,heap     ] GC(111) Eden regions: 143->0(139)
[2026-01-26T06:38:11.088+0000][66][info ][gc,heap     ] GC(111) Survivor regions: 9->11(19)
[2026-01-26T06:38:11.089+0000][66][info ][gc,heap     ] GC(111) Old regions: 68->68
[2026-01-26T06:38:11.089+0000][66][info ][gc,heap     ] GC(111) Humongous regions: 0->0
[2026-01-26T06:38:11.089+0000][66][info ][gc,metaspace] GC(111) Metaspace: 132763K(136256K)->132763K(136256K) NonClass: 114995K(116864K)->114995K(116864K) Class: 17767K(19392K)->17767K(19392K)
[2026-01-26T06:38:11.090+0000][66][info ][gc          ] GC(111) Pause Young (Normal) (G1 Evacuation Pause) 875M->312M(1024M) 24.926ms
[2026-01-26T06:38:11.090+0000][66][info ][gc,cpu      ] GC(111) User=0.05s Sys=0.01s Real=0.02s
[2026-01-26T06:38:11.090+0000][66][info ][safepoint   ] Safepoint "G1CollectForAllocation", Time since last: 3531958836 ns, Reaching safepoint: 19301 ns, Cleanup: 6201 ns, At safepoint: 25776909 ns, Total: 25802411 ns
[2026-01-26T06:38:19.725+0000][66][info ][gc,start    ] GC(112) Pause Young (Normal) (G1 Evacuation Pause)
[2026-01-26T06:38:19.726+0000][66][info ][gc,task     ] GC(112) Using 6 workers of 6 for evacuation
[2026-01-26T06:38:19.726+0000][66][debug][gc,age      ] GC(112) Desired survivor size 39845888 bytes, new threshold 3 (max threshold 15)
[2026-01-26T06:38:19.736+0000][66][info ][gc,phases   ] GC(112)   Pre Evacuate Collection Set: 0.4ms
[2026-01-26T06:38:19.737+0000][66][info ][gc,phases   ] GC(112)   Merge Heap Roots: 0.1ms
[2026-01-26T06:38:19.737+0000][66][info ][gc,phases   ] GC(112)   Evacuate Collection Set: 8.4ms
[2026-01-26T06:38:19.738+0000][66][info ][gc,phases   ] GC(112)   Post Evacuate Collection Set: 0.9ms
[2026-01-26T06:38:19.738+0000][66][info ][gc,phases   ] GC(112)   Other: 1.0ms
[2026-01-26T06:38:19.739+0000][66][trace][gc,age      ] GC(112) Age table with threshold 3 (max threshold 15)
[2026-01-26T06:38:19.739+0000][66][trace][gc,age      ] GC(112) - age   1:   26906280 bytes,   26906280 total
[2026-01-26T06:38:19.740+0000][66][trace][gc,age      ] GC(112) - age   2:    3696152 bytes,   30602432 total
[2026-01-26T06:38:19.740+0000][66][trace][gc,age      ] GC(112) - age   3:     384392 bytes,   30986824 total
[2026-01-26T06:38:19.740+0000][66][info ][gc,heap     ] GC(112) Eden regions: 139->0(143)
[2026-01-26T06:38:19.741+0000][66][info ][gc,heap     ] GC(112) Survivor regions: 11->9(19)
[2026-01-26T06:38:19.741+0000][66][info ][gc,heap     ] GC(112) Old regions: 68->68
[2026-01-26T06:38:19.742+0000][66][info ][gc,heap     ] GC(112) Humongous regions: 0->0
[2026-01-26T06:38:19.742+0000][66][info ][gc,metaspace] GC(112) Metaspace: 132763K(136256K)->132763K(136256K) NonClass: 114995K(116864K)->114995K(116864K) Class: 17767K(19392K)->17767K(19392K)
[2026-01-26T06:38:19.742+0000][66][info ][gc          ] GC(112) Pause Young (Normal) (G1 Evacuation Pause) 868M->302M(1024M) 17.052ms
[2026-01-26T06:38:19.743+0000][66][info ][gc,cpu      ] GC(112) User=0.04s Sys=0.00s Real=0.02s
[2026-01-26T06:38:19.743+0000][66][info ][safepoint   ] Safepoint "G1CollectForAllocation", Time since last: 8634669980 ns, Reaching safepoint: 39603 ns, Cleanup: 4000 ns, At safepoint: 17830824 ns, Total: 17874427 ns
[2026-01-26T06:38:24.716+0000][66][info ][gc,start    ] GC(113) Pause Young (Normal) (G1 Evacuation Pause)
[2026-01-26T06:38:24.716+0000][66][info ][gc,task     ] GC(113) Using 6 workers of 6 for evacuation
[2026-01-26T06:38:24.716+0000][66][debug][gc,age      ] GC(113) Desired survivor size 39845888 bytes, new threshold 15 (max threshold 15)
[2026-01-26T06:38:24.729+0000][66][info ][gc,phases   ] GC(113)   Pre Evacuate Collection Set: 0.4ms
[2026-01-26T06:38:24.729+0000][66][info ][gc,phases   ] GC(113)   Merge Heap Roots: 0.2ms
[2026-01-26T06:38:24.730+0000][66][info ][gc,phases   ] GC(113)   Evacuate Collection Set: 10.7ms
[2026-01-26T06:38:24.730+0000][66][info ][gc,phases   ] GC(113)   Post Evacuate Collection Set: 0.9ms
[2026-01-26T06:38:24.730+0000][66][info ][gc,phases   ] GC(113)   Other: 0.7ms
[2026-01-26T06:38:24.731+0000][66][trace][gc,age      ] GC(113) Age table with threshold 15 (max threshold 15)
[2026-01-26T06:38:24.731+0000][66][trace][gc,age      ] GC(113) - age   1:   26116320 bytes,   26116320 total
[2026-01-26T06:38:24.732+0000][66][trace][gc,age      ] GC(113) - age   2:   12764696 bytes,   38881016 total
[2026-01-26T06:38:24.732+0000][66][trace][gc,age      ] GC(113) - age   3:    3155504 bytes,   42036520 total
[2026-01-26T06:38:24.732+0000][66][trace][gc,age      ] GC(113) - age   4:     384080 bytes,   42420600 total
[2026-01-26T06:38:24.732+0000][66][info ][gc,heap     ] GC(113) Eden regions: 143->0(139)
[2026-01-26T06:38:24.733+0000][66][info ][gc,heap     ] GC(113) Survivor regions: 9->11(19)
[2026-01-26T06:38:24.733+0000][66][info ][gc,heap     ] GC(113) Old regions: 68->68
[2026-01-26T06:38:24.733+0000][66][info ][gc,heap     ] GC(113) Humongous regions: 0->0
[2026-01-26T06:38:24.734+0000][66][info ][gc,metaspace] GC(113) Metaspace: 132763K(136256K)->132763K(136256K) NonClass: 114995K(116864K)->114995K(116864K) Class: 17767K(19392K)->17767K(19392K)
[2026-01-26T06:38:24.734+0000][66][info ][gc          ] GC(113) Pause Young (Normal) (G1 Evacuation Pause) 874M->313M(1024M) 18.401ms
[2026-01-26T06:38:24.734+0000][66][info ][gc,cpu      ] GC(113) User=0.05s Sys=0.01s Real=0.02s
[2026-01-26T06:38:24.735+0000][66][info ][safepoint   ] Safepoint "G1CollectForAllocation", Time since last: 4972512901 ns, Reaching safepoint: 132111 ns, Cleanup: 6300 ns, At safepoint: 19261638 ns, Total: 19400049 ns
[2026-01-26T06:38:26.240+0000][66][info ][safepoint   ] Safepoint "Cleanup", Time since last: 1505266079 ns, Reaching safepoint: 111909 ns, Cleanup: 8801 ns, At safepoint: 56704 ns, Total: 177414 ns
[2026-01-26T06:38:27.720+0000][66][info ][safepoint   ] Safepoint "Cleanup", Time since last: 1479245875 ns, Reaching safepoint: 8200 ns, Cleanup: 9701 ns, At safepoint: 4200 ns, Total: 22101 ns
[2026-01-26T06:38:29.020+0000][66][info ][safepoint   ] Safepoint "Cleanup", Time since last: 1300287562 ns, Reaching safepoint: 18500 ns, Cleanup: 13000 ns, At safepoint: 4500 ns, Total: 36000 ns
[2026-01-26T06:38:30.250+0000][66][info ][gc,start    ] GC(114) Pause Young (Normal) (G1 Evacuation Pause)
[2026-01-26T06:38:30.250+0000][66][info ][gc,task     ] GC(114) Using 6 workers of 6 for evacuation
[2026-01-26T06:38:30.251+0000][66][debug][gc,age      ] GC(114) Desired survivor size 39845888 bytes, new threshold 3 (max threshold 15)
[2026-01-26T06:38:30.260+0000][66][info ][gc,phases   ] GC(114)   Pre Evacuate Collection Set: 0.4ms
[2026-01-26T06:38:30.260+0000][66][info ][gc,phases   ] GC(114)   Merge Heap Roots: 0.2ms
[2026-01-26T06:38:30.261+0000][66][info ][gc,phases   ] GC(114)   Evacuate Collection Set: 6.9ms
[2026-01-26T06:38:30.261+0000][66][info ][gc,phases   ] GC(114)   Post Evacuate Collection Set: 1.3ms
[2026-01-26T06:38:30.262+0000][66][info ][gc,phases   ] GC(114)   Other: 0.9ms
[2026-01-26T06:38:30.262+0000][66][trace][gc,age      ] GC(114) Age table with threshold 3 (max threshold 15)
[2026-01-26T06:38:30.262+0000][66][trace][gc,age      ] GC(114) - age   1:   13974888 bytes,   13974888 total
[2026-01-26T06:38:30.263+0000][66][trace][gc,age      ] GC(114) - age   2:     130120 bytes,   14105008 total
[2026-01-26T06:38:30.263+0000][66][trace][gc,age      ] GC(114) - age   3:     140544 bytes,   14245552 total
[2026-01-26T06:38:30.264+0000][66][info ][gc,heap     ] GC(114) Eden regions: 139->0(148)
[2026-01-26T06:38:30.264+0000][66][info ][gc,heap     ] GC(114) Survivor regions: 11->5(19)
[2026-01-26T06:38:30.264+0000][66][info ][gc,heap     ] GC(114) Old regions: 68->68
[2026-01-26T06:38:30.265+0000][66][info ][gc,heap     ] GC(114) Humongous regions: 0->0
[2026-01-26T06:38:30.265+0000][66][info ][gc,metaspace] GC(114) Metaspace: 132776K(136256K)->132776K(136256K) NonClass: 115008K(116864K)->115008K(116864K) Class: 17767K(19392K)->17767K(19392K)
[2026-01-26T06:38:30.266+0000][66][info ][gc          ] GC(114) Pause Young (Normal) (G1 Evacuation Pause) 869M->286M(1024M) 15.823ms
[2026-01-26T06:38:30.266+0000][66][info ][gc,cpu      ] GC(114) User=0.02s Sys=0.00s Real=0.02s
[2026-01-26T06:38:30.267+0000][66][info ][safepoint   ] Safepoint "G1CollectForAllocation", Time since last: 1229768081 ns, Reaching safepoint: 132102 ns, Cleanup: 6100 ns, At safepoint: 16714161 ns, Total: 16852363 ns
[2026-01-26T06:38:32.081+0000][66][info ][safepoint   ] Safepoint "Cleanup", Time since last: 1816736210 ns, Reaching safepoint: 19601 ns, Cleanup: 20202 ns, At safepoint: 4000 ns, Total: 43803 ns
[2026-01-26T06:38:37.749+0000][66][info ][gc,start    ] GC(115) Pause Young (Normal) (G1 Evacuation Pause)
[2026-01-26T06:38:37.750+0000][66][info ][gc,task     ] GC(115) Using 6 workers of 6 for evacuation
[2026-01-26T06:38:37.750+0000][66][debug][gc,age      ] GC(115) Desired survivor size 41943040 bytes, new threshold 15 (max threshold 15)
[2026-01-26T06:38:37.760+0000][66][info ][gc,phases   ] GC(115)   Pre Evacuate Collection Set: 0.4ms
[2026-01-26T06:38:37.760+0000][66][info ][gc,phases   ] GC(115)   Merge Heap Roots: 0.2ms
[2026-01-26T06:38:37.760+0000][66][info ][gc,phases   ] GC(115)   Evacuate Collection Set: 7.5ms
[2026-01-26T06:38:37.761+0000][66][info ][gc,phases   ] GC(115)   Post Evacuate Collection Set: 1.2ms
[2026-01-26T06:38:37.761+0000][66][info ][gc,phases   ] GC(115)   Other: 0.7ms
[2026-01-26T06:38:37.762+0000][66][trace][gc,age      ] GC(115) Age table with threshold 15 (max threshold 15)
[2026-01-26T06:38:37.762+0000][66][trace][gc,age      ] GC(115) - age   1:   25529968 bytes,   25529968 total
[2026-01-26T06:38:37.762+0000][66][trace][gc,age      ] GC(115) - age   2:    1309560 bytes,   26839528 total
[2026-01-26T06:38:37.763+0000][66][trace][gc,age      ] GC(115) - age   3:       2264 bytes,   26841792 total
[2026-01-26T06:38:37.763+0000][66][trace][gc,age      ] GC(115) - age   4:     138616 bytes,   26980408 total
[2026-01-26T06:38:37.763+0000][66][info ][gc,heap     ] GC(115) Eden regions: 148->0(146)
[2026-01-26T06:38:37.764+0000][66][info ][gc,heap     ] GC(115) Survivor regions: 5->7(20)
[2026-01-26T06:38:37.764+0000][66][info ][gc,heap     ] GC(115) Old regions: 68->68
[2026-01-26T06:38:37.764+0000][66][info ][gc,heap     ] GC(115) Humongous regions: 0->0
[2026-01-26T06:38:37.764+0000][66][info ][gc,metaspace] GC(115) Metaspace: 132811K(136256K)->132811K(136256K) NonClass: 115043K(116864K)->115043K(116864K) Class: 17767K(19392K)->17767K(19392K)
[2026-01-26T06:38:37.765+0000][66][info ][gc          ] GC(115) Pause Young (Normal) (G1 Evacuation Pause) 878M->297M(1024M) 15.601ms
[2026-01-26T06:38:37.765+0000][66][info ][gc,cpu      ] GC(115) User=0.03s Sys=0.01s Real=0.01s
[2026-01-26T06:38:37.766+0000][66][info ][safepoint   ] Safepoint "G1CollectForAllocation", Time since last: 5668218340 ns, Reaching safepoint: 17701 ns, Cleanup: 12101 ns, At safepoint: 16436486 ns, Total: 16466288 ns
[2026-01-26T06:38:39.822+0000][66][info ][safepoint   ] Safepoint "Cleanup", Time since last: 2055884470 ns, Reaching safepoint: 151612 ns, Cleanup: 18301 ns, At safepoint: 59405 ns, Total: 229318 ns
[2026-01-26T06:38:41.052+0000][66][info ][safepoint   ] Safepoint "Cleanup", Time since last: 1229815972 ns, Reaching safepoint: 133510 ns, Cleanup: 12601 ns, At safepoint: 46104 ns, Total: 192215 ns
[2026-01-26T06:38:41.348+0000][66][info ][gc,start    ] GC(116) Pause Young (Normal) (G1 Evacuation Pause)
[2026-01-26T06:38:41.348+0000][66][info ][gc,task     ] GC(116) Using 6 workers of 6 for evacuation
[2026-01-26T06:38:41.349+0000][66][debug][gc,age      ] GC(116) Desired survivor size 41943040 bytes, new threshold 15 (max threshold 15)
[2026-01-26T06:38:41.358+0000][66][info ][gc,phases   ] GC(116)   Pre Evacuate Collection Set: 0.5ms
[2026-01-26T06:38:41.359+0000][66][info ][gc,phases   ] GC(116)   Merge Heap Roots: 0.3ms
[2026-01-26T06:38:41.359+0000][66][info ][gc,phases   ] GC(116)   Evacuate Collection Set: 6.9ms
[2026-01-26T06:38:41.360+0000][66][info ][gc,phases   ] GC(116)   Post Evacuate Collection Set: 1.4ms
[2026-01-26T06:38:41.360+0000][66][info ][gc,phases   ] GC(116)   Other: 1.2ms
[2026-01-26T06:38:41.361+0000][66][trace][gc,age      ] GC(116) Age table with threshold 15 (max threshold 15)
[2026-01-26T06:38:41.361+0000][66][trace][gc,age      ] GC(116) - age   1:   12124240 bytes,   12124240 total
[2026-01-26T06:38:41.362+0000][66][trace][gc,age      ] GC(116) - age   2:    2261984 bytes,   14386224 total
[2026-01-26T06:38:41.362+0000][66][trace][gc,age      ] GC(116) - age   3:     156944 bytes,   14543168 total
[2026-01-26T06:38:41.363+0000][66][trace][gc,age      ] GC(116) - age   4:       2232 bytes,   14545400 total
[2026-01-26T06:38:41.363+0000][66][trace][gc,age      ] GC(116) - age   5:     138616 bytes,   14684016 total
[2026-01-26T06:38:41.363+0000][66][info ][gc,heap     ] GC(116) Eden regions: 146->0(148)
[2026-01-26T06:38:41.364+0000][66][info ][gc,heap     ] GC(116) Survivor regions: 7->5(20)
[2026-01-26T06:38:41.364+0000][66][info ][gc,heap     ] GC(116) Old regions: 68->68
[2026-01-26T06:38:41.365+0000][66][info ][gc,heap     ] GC(116) Humongous regions: 0->0
[2026-01-26T06:38:41.365+0000][66][info ][gc,metaspace] GC(116) Metaspace: 132812K(136256K)->132812K(136256K) NonClass: 115044K(116864K)->115044K(116864K) Class: 17767K(19392K)->17767K(19392K)
[2026-01-26T06:38:41.366+0000][66][info ][gc          ] GC(116) Pause Young (Normal) (G1 Evacuation Pause) 881M->287M(1024M) 18.038ms
[2026-01-26T06:38:41.366+0000][66][info ][gc,cpu      ] GC(116) User=0.03s Sys=0.01s Real=0.02s
[2026-01-26T06:38:41.367+0000][66][info ][safepoint   ] Safepoint "G1CollectForAllocation", Time since last: 295696423 ns, Reaching safepoint: 21702 ns, Cleanup: 4800 ns, At safepoint: 19110095 ns, Total: 19136597 ns
[2026-01-26T06:38:42.370+0000][66][info ][safepoint   ] Safepoint "Cleanup", Time since last: 1002790118 ns, Reaching safepoint: 142511 ns, Cleanup: 17202 ns, At safepoint: 106408 ns, Total: 266121 ns
[2026-01-26T06:38:43.674+0000][66][info ][safepoint   ] Safepoint "Cleanup", Time since last: 1304359889 ns, Reaching safepoint: 10001 ns, Cleanup: 18201 ns, At safepoint: 5000 ns, Total: 33202 ns
[2026-01-26T06:38:47.225+0000][66][info ][gc,start    ] GC(117) Pause Young (Normal) (G1 Evacuation Pause)
[2026-01-26T06:38:47.225+0000][66][info ][gc,task     ] GC(117) Using 6 workers of 6 for evacuation
[2026-01-26T06:38:47.226+0000][66][debug][gc,age      ] GC(117) Desired survivor size 41943040 bytes, new threshold 15 (max threshold 15)
[2026-01-26T06:38:47.236+0000][66][info ][gc,phases   ] GC(117)   Pre Evacuate Collection Set: 0.5ms
[2026-01-26T06:38:47.237+0000][66][info ][gc,phases   ] GC(117)   Merge Heap Roots: 0.3ms
[2026-01-26T06:38:47.237+0000][66][info ][gc,phases   ] GC(117)   Evacuate Collection Set: 7.9ms
[2026-01-26T06:38:47.238+0000][66][info ][gc,phases   ] GC(117)   Post Evacuate Collection Set: 1.5ms
[2026-01-26T06:38:47.239+0000][66][info ][gc,phases   ] GC(117)   Other: 1.2ms
[2026-01-26T06:38:47.239+0000][66][trace][gc,age      ] GC(117) Age table with threshold 15 (max threshold 15)
[2026-01-26T06:38:47.239+0000][66][trace][gc,age      ] GC(117) - age   1:   21666792 bytes,   21666792 total
[2026-01-26T06:38:47.240+0000][66][trace][gc,age      ] GC(117) - age   2:    4922352 bytes,   26589144 total
[2026-01-26T06:38:47.240+0000][66][trace][gc,age      ] GC(117) - age   3:    2150288 bytes,   28739432 total
[2026-01-26T06:38:47.241+0000][66][trace][gc,age      ] GC(117) - age   4:     156760 bytes,   28896192 total
[2026-01-26T06:38:47.241+0000][66][trace][gc,age      ] GC(117) - age   5:       2232 bytes,   28898424 total
[2026-01-26T06:38:47.242+0000][66][trace][gc,age      ] GC(117) - age   6:     137704 bytes,   29036128 total
[2026-01-26T06:38:47.242+0000][66][info ][gc,heap     ] GC(117) Eden regions: 148->0(145)
[2026-01-26T06:38:47.242+0000][66][info ][gc,heap     ] GC(117) Survivor regions: 5->8(20)
[2026-01-26T06:38:47.243+0000][66][info ][gc,heap     ] GC(117) Old regions: 68->68
[2026-01-26T06:38:47.243+0000][66][info ][gc,heap     ] GC(117) Humongous regions: 0->0
[2026-01-26T06:38:47.244+0000][66][info ][gc,metaspace] GC(117) Metaspace: 132813K(136256K)->132813K(136256K) NonClass: 115045K(116864K)->115045K(116864K) Class: 17767K(19392K)->17767K(19392K)
[2026-01-26T06:38:47.244+0000][66][info ][gc          ] GC(117) Pause Young (Normal) (G1 Evacuation Pause) 879M->299M(1024M) 19.551ms
[2026-01-26T06:38:47.245+0000][66][info ][gc,cpu      ] GC(117) User=0.03s Sys=0.01s Real=0.02s
[2026-01-26T06:38:47.246+0000][66][info ][safepoint   ] Safepoint "G1CollectForAllocation", Time since last: 3550390400 ns, Reaching safepoint: 19601 ns, Cleanup: 5201 ns, At safepoint: 21354169 ns, Total: 21378971 ns
[2026-01-26T06:38:52.906+0000][66][info ][gc,start    ] GC(118) Pause Young (Normal) (G1 Evacuation Pause)
[2026-01-26T06:38:52.906+0000][66][info ][gc,task     ] GC(118) Using 6 workers of 6 for evacuation
[2026-01-26T06:38:52.906+0000][66][debug][gc,age      ] GC(118) Desired survivor size 41943040 bytes, new threshold 15 (max threshold 15)
[2026-01-26T06:38:52.914+0000][66][info ][gc,phases   ] GC(118)   Pre Evacuate Collection Set: 0.5ms
[2026-01-26T06:38:52.914+0000][66][info ][gc,phases   ] GC(118)   Merge Heap Roots: 0.1ms
[2026-01-26T06:38:52.915+0000][66][info ][gc,phases   ] GC(118)   Evacuate Collection Set: 5.1ms
[2026-01-26T06:38:52.915+0000][66][info ][gc,phases   ] GC(118)   Post Evacuate Collection Set: 1.1ms
[2026-01-26T06:38:52.915+0000][66][info ][gc,phases   ] GC(118)   Other: 0.8ms
[2026-01-26T06:38:52.916+0000][66][trace][gc,age      ] GC(118) Age table with threshold 15 (max threshold 15)
[2026-01-26T06:38:52.916+0000][66][trace][gc,age      ] GC(118) - age   1:   12581680 bytes,   12581680 total
[2026-01-26T06:38:52.916+0000][66][trace][gc,age      ] GC(118) - age   2:       2896 bytes,   12584576 total
[2026-01-26T06:38:52.917+0000][66][trace][gc,age      ] GC(118) - age   3:     140072 bytes,   12724648 total
[2026-01-26T06:38:52.917+0000][66][trace][gc,age      ] GC(118) - age   4:      52408 bytes,   12777056 total
[2026-01-26T06:38:52.917+0000][66][trace][gc,age      ] GC(118) - age   5:     153928 bytes,   12930984 total
[2026-01-26T06:38:52.918+0000][66][trace][gc,age      ] GC(118) - age   6:       2232 bytes,   12933216 total
[2026-01-26T06:38:52.918+0000][66][trace][gc,age      ] GC(118) - age   7:     137136 bytes,   13070352 total
[2026-01-26T06:38:52.918+0000][66][info ][gc,heap     ] GC(118) Eden regions: 145->0(149)
[2026-01-26T06:38:52.919+0000][66][info ][gc,heap     ] GC(118) Survivor regions: 8->4(20)
[2026-01-26T06:38:52.919+0000][66][info ][gc,heap     ] GC(118) Old regions: 68->68
[2026-01-26T06:38:52.919+0000][66][info ][gc,heap     ] GC(118) Humongous regions: 0->0
[2026-01-26T06:38:52.920+0000][66][info ][gc,metaspace] GC(118) Metaspace: 132814K(136256K)->132814K(136256K) NonClass: 115046K(116864K)->115046K(116864K) Class: 17767K(19392K)->17767K(19392K)
[2026-01-26T06:38:52.920+0000][66][info ][gc          ] GC(118) Pause Young (Normal) (G1 Evacuation Pause) 879M->284M(1024M) 14.057ms
[2026-01-26T06:38:52.920+0000][66][info ][gc,cpu      ] GC(118) User=0.02s Sys=0.01s Real=0.01s
[2026-01-26T06:38:52.920+0000][66][info ][safepoint   ] Safepoint "G1CollectForAllocation", Time since last: 5659870278 ns, Reaching safepoint: 16401 ns, Cleanup: 17601 ns, At safepoint: 14741352 ns, Total: 14775354 ns
[2026-01-26T06:39:02.959+0000][66][info ][gc,start    ] GC(119) Pause Young (Normal) (G1 Evacuation Pause)
[2026-01-26T06:39:02.960+0000][66][info ][gc,task     ] GC(119) Using 6 workers of 6 for evacuation
[2026-01-26T06:39:02.960+0000][66][debug][gc,age      ] GC(119) Desired survivor size 41943040 bytes, new threshold 15 (max threshold 15)
[2026-01-26T06:39:02.972+0000][66][info ][gc,phases   ] GC(119)   Pre Evacuate Collection Set: 0.4ms
[2026-01-26T06:39:02.973+0000][66][info ][gc,phases   ] GC(119)   Merge Heap Roots: 0.2ms
[2026-01-26T06:39:02.973+0000][66][info ][gc,phases   ] GC(119)   Evacuate Collection Set: 10.1ms
[2026-01-26T06:39:02.973+0000][66][info ][gc,phases   ] GC(119)   Post Evacuate Collection Set: 1.2ms
[2026-01-26T06:39:02.974+0000][66][info ][gc,phases   ] GC(119)   Other: 0.7ms
[2026-01-26T06:39:02.974+0000][66][trace][gc,age      ] GC(119) Age table with threshold 15 (max threshold 15)
[2026-01-26T06:39:02.974+0000][66][trace][gc,age      ] GC(119) - age   1:   34022928 bytes,   34022928 total
[2026-01-26T06:39:02.974+0000][66][trace][gc,age      ] GC(119) - age   2:    4833728 bytes,   38856656 total
[2026-01-26T06:39:02.975+0000][66][trace][gc,age      ] GC(119) - age   3:       2624 bytes,   38859280 total
[2026-01-26T06:39:02.975+0000][66][trace][gc,age      ] GC(119) - age   4:     139824 bytes,   38999104 total
[2026-01-26T06:39:02.975+0000][66][trace][gc,age      ] GC(119) - age   5:      46968 bytes,   39046072 total
[2026-01-26T06:39:02.976+0000][66][trace][gc,age      ] GC(119) - age   6:     153752 bytes,   39199824 total
[2026-01-26T06:39:02.976+0000][66][trace][gc,age      ] GC(119) - age   7:       2232 bytes,   39202056 total
[2026-01-26T06:39:02.976+0000][66][trace][gc,age      ] GC(119) - age   8:     136856 bytes,   39338912 total
[2026-01-26T06:39:02.976+0000][66][info ][gc,heap     ] GC(119) Eden regions: 149->0(139)
[2026-01-26T06:39:02.977+0000][66][info ][gc,heap     ] GC(119) Survivor regions: 4->11(20)
[2026-01-26T06:39:02.977+0000][66][info ][gc,heap     ] GC(119) Old regions: 68->68
[2026-01-26T06:39:02.977+0000][66][info ][gc,heap     ] GC(119) Humongous regions: 0->0
[2026-01-26T06:39:02.977+0000][66][info ][gc,metaspace] GC(119) Metaspace: 132815K(136256K)->132815K(136256K) NonClass: 115047K(116864K)->115047K(116864K) Class: 17767K(19392K)->17767K(19392K)
[2026-01-26T06:39:02.978+0000][66][info ][gc          ] GC(119) Pause Young (Normal) (G1 Evacuation Pause) 880M->310M(1024M) 18.307ms
[2026-01-26T06:39:02.978+0000][66][info ][gc,cpu      ] GC(119) User=0.04s Sys=0.01s Real=0.02s
[2026-01-26T06:39:02.978+0000][66][info ][safepoint   ] Safepoint "G1CollectForAllocation", Time since last: 10041423921 ns, Reaching safepoint: 126710 ns, Cleanup: 5200 ns, At safepoint: 18988775 ns, Total: 19120685 ns
[2026-01-26T06:39:05.631+0000][66][info ][gc,start    ] GC(120) Pause Young (Normal) (G1 Evacuation Pause)
[2026-01-26T06:39:05.632+0000][66][info ][gc,task     ] GC(120) Using 6 workers of 6 for evacuation
[2026-01-26T06:39:05.632+0000][66][debug][gc,age      ] GC(120) Desired survivor size 39845888 bytes, new threshold 15 (max threshold 15)
[2026-01-26T06:39:05.640+0000][66][info ][gc,phases   ] GC(120)   Pre Evacuate Collection Set: 0.5ms
[2026-01-26T06:39:05.641+0000][66][info ][gc,phases   ] GC(120)   Merge Heap Roots: 0.2ms
[2026-01-26T06:39:05.641+0000][66][info ][gc,phases   ] GC(120)   Evacuate Collection Set: 5.9ms
[2026-01-26T06:39:05.642+0000][66][info ][gc,phases   ] GC(120)   Post Evacuate Collection Set: 1.2ms
[2026-01-26T06:39:05.642+0000][66][info ][gc,phases   ] GC(120)   Other: 0.8ms
[2026-01-26T06:39:05.642+0000][66][trace][gc,age      ] GC(120) Age table with threshold 15 (max threshold 15)
[2026-01-26T06:39:05.643+0000][66][trace][gc,age      ] GC(120) - age   1:   11808304 bytes,   11808304 total
[2026-01-26T06:39:05.643+0000][66][trace][gc,age      ] GC(120) - age   2:    2928976 bytes,   14737280 total
[2026-01-26T06:39:05.644+0000][66][trace][gc,age      ] GC(120) - age   3:     603944 bytes,   15341224 total
[2026-01-26T06:39:05.644+0000][66][trace][gc,age      ] GC(120) - age   4:       2624 bytes,   15343848 total
[2026-01-26T06:39:05.644+0000][66][trace][gc,age      ] GC(120) - age   5:     139824 bytes,   15483672 total
[2026-01-26T06:39:05.645+0000][66][trace][gc,age      ] GC(120) - age   6:      46944 bytes,   15530616 total
[2026-01-26T06:39:05.645+0000][66][trace][gc,age      ] GC(120) - age   7:     153752 bytes,   15684368 total
[2026-01-26T06:39:05.646+0000][66][trace][gc,age      ] GC(120) - age   8:       2232 bytes,   15686600 total
[2026-01-26T06:39:05.646+0000][66][trace][gc,age      ] GC(120) - age   9:     136856 bytes,   15823456 total
[2026-01-26T06:39:05.646+0000][66][info ][gc,heap     ] GC(120) Eden regions: 139->0(148)
[2026-01-26T06:39:05.647+0000][66][info ][gc,heap     ] GC(120) Survivor regions: 11->5(19)
[2026-01-26T06:39:05.647+0000][66][info ][gc,heap     ] GC(120) Old regions: 68->68
[2026-01-26T06:39:05.647+0000][66][info ][gc,heap     ] GC(120) Humongous regions: 0->0
[2026-01-26T06:39:05.648+0000][66][info ][gc,metaspace] GC(120) Metaspace: 132815K(136256K)->132815K(136256K) NonClass: 115047K(116864K)->115047K(116864K) Class: 17767K(19392K)->17767K(19392K)
[2026-01-26T06:39:05.648+0000][66][info ][gc          ] GC(120) Pause Young (Normal) (G1 Evacuation Pause) 866M->287M(1024M) 16.784ms
[2026-01-26T06:39:05.648+0000][66][info ][gc,cpu      ] GC(120) User=0.03s Sys=0.00s Real=0.02s
[2026-01-26T06:39:05.649+0000][66][info ][safepoint   ] Safepoint "G1CollectForAllocation", Time since last: 2652954944 ns, Reaching safepoint: 20502 ns, Cleanup: 5000 ns, At safepoint: 17840286 ns, Total: 17865788 ns
[2026-01-26T06:39:14.686+0000][66][info ][gc,start    ] GC(121) Pause Young (Normal) (G1 Evacuation Pause)
[2026-01-26T06:39:14.686+0000][66][info ][gc,task     ] GC(121) Using 6 workers of 6 for evacuation
[2026-01-26T06:39:14.687+0000][66][debug][gc,age      ] GC(121) Desired survivor size 41943040 bytes, new threshold 15 (max threshold 15)
[2026-01-26T06:39:14.700+0000][66][info ][gc,phases   ] GC(121)   Pre Evacuate Collection Set: 0.5ms
[2026-01-26T06:39:14.701+0000][66][info ][gc,phases   ] GC(121)   Merge Heap Roots: 0.2ms
[2026-01-26T06:39:14.701+0000][66][info ][gc,phases   ] GC(121)   Evacuate Collection Set: 10.8ms
[2026-01-26T06:39:14.702+0000][66][info ][gc,phases   ] GC(121)   Post Evacuate Collection Set: 1.6ms
[2026-01-26T06:39:14.702+0000][66][info ][gc,phases   ] GC(121)   Other: 1.0ms
[2026-01-26T06:39:14.703+0000][66][trace][gc,age      ] GC(121) Age table with threshold 15 (max threshold 15)
[2026-01-26T06:39:14.703+0000][66][trace][gc,age      ] GC(121) - age   1:   30251776 bytes,   30251776 total
[2026-01-26T06:39:14.704+0000][66][trace][gc,age      ] GC(121) - age   2:    4492768 bytes,   34744544 total
[2026-01-26T06:39:14.704+0000][66][trace][gc,age      ] GC(121) - age   3:    1921816 bytes,   36666360 total
[2026-01-26T06:39:14.705+0000][66][trace][gc,age      ] GC(121) - age   4:     383904 bytes,   37050264 total
[2026-01-26T06:39:14.705+0000][66][trace][gc,age      ] GC(121) - age   5:       1648 bytes,   37051912 total
[2026-01-26T06:39:14.706+0000][66][trace][gc,age      ] GC(121) - age   6:     138720 bytes,   37190632 total
[2026-01-26T06:39:14.706+0000][66][trace][gc,age      ] GC(121) - age   7:      46944 bytes,   37237576 total
[2026-01-26T06:39:14.707+0000][66][trace][gc,age      ] GC(121) - age   8:     153752 bytes,   37391328 total
[2026-01-26T06:39:14.707+0000][66][trace][gc,age      ] GC(121) - age   9:       2232 bytes,   37393560 total
[2026-01-26T06:39:14.708+0000][66][trace][gc,age      ] GC(121) - age  10:     136400 bytes,   37529960 total
[2026-01-26T06:39:14.708+0000][66][info ][gc,heap     ] GC(121) Eden regions: 148->0(141)
[2026-01-26T06:39:14.709+0000][66][info ][gc,heap     ] GC(121) Survivor regions: 5->10(20)
[2026-01-26T06:39:14.710+0000][66][info ][gc,heap     ] GC(121) Old regions: 68->68
[2026-01-26T06:39:14.710+0000][66][info ][gc,heap     ] GC(121) Humongous regions: 0->0
[2026-01-26T06:39:14.710+0000][66][info ][gc,metaspace] GC(121) Metaspace: 132815K(136256K)->132815K(136256K) NonClass: 115047K(116864K)->115047K(116864K) Class: 17767K(19392K)->17767K(19392K)
[2026-01-26T06:39:14.711+0000][66][info ][gc          ] GC(121) Pause Young (Normal) (G1 Evacuation Pause) 879M->308M(1024M) 25.426ms
[2026-01-26T06:39:14.712+0000][66][info ][gc,cpu      ] GC(121) User=0.04s Sys=0.00s Real=0.02s
[2026-01-26T06:39:14.712+0000][66][info ][safepoint   ] Safepoint "G1CollectForAllocation", Time since last: 9036481576 ns, Reaching safepoint: 19601 ns, Cleanup: 5101 ns, At safepoint: 26510469 ns, Total: 26535171 ns
[2026-01-26T06:39:18.024+0000][66][info ][gc,start    ] GC(122) Pause Young (Normal) (G1 Evacuation Pause)
[2026-01-26T06:39:18.025+0000][66][info ][gc,task     ] GC(122) Using 6 workers of 6 for evacuation
[2026-01-26T06:39:18.025+0000][66][debug][gc,age      ] GC(122) Desired survivor size 39845888 bytes, new threshold 15 (max threshold 15)
[2026-01-26T06:39:18.037+0000][66][info ][gc,phases   ] GC(122)   Pre Evacuate Collection Set: 0.3ms
[2026-01-26T06:39:18.038+0000][66][info ][gc,phases   ] GC(122)   Merge Heap Roots: 0.1ms
[2026-01-26T06:39:18.038+0000][66][info ][gc,phases   ] GC(122)   Evacuate Collection Set: 10.6ms
[2026-01-26T06:39:18.039+0000][66][info ][gc,phases   ] GC(122)   Post Evacuate Collection Set: 1.3ms
[2026-01-26T06:39:18.039+0000][66][info ][gc,phases   ] GC(122)   Other: 0.7ms
[2026-01-26T06:39:18.040+0000][66][trace][gc,age      ] GC(122) Age table with threshold 15 (max threshold 15)
[2026-01-26T06:39:18.040+0000][66][trace][gc,age      ] GC(122) - age   1:   18792640 bytes,   18792640 total
[2026-01-26T06:39:18.040+0000][66][trace][gc,age      ] GC(122) - age   2:   19550776 bytes,   38343416 total
[2026-01-26T06:39:18.041+0000][66][trace][gc,age      ] GC(122) - age   3:    4132944 bytes,   42476360 total
[2026-01-26T06:39:18.041+0000][66][trace][gc,age      ] GC(122) - age   4:    1382416 bytes,   43858776 total
[2026-01-26T06:39:18.041+0000][66][trace][gc,age      ] GC(122) - age   5:     383344 bytes,   44242120 total
[2026-01-26T06:39:18.042+0000][66][trace][gc,age      ] GC(122) - age   6:       1648 bytes,   44243768 total
[2026-01-26T06:39:18.042+0000][66][trace][gc,age      ] GC(122) - age   7:     138720 bytes,   44382488 total
[2026-01-26T06:39:18.043+0000][66][trace][gc,age      ] GC(122) - age   8:      46944 bytes,   44429432 total
[2026-01-26T06:39:18.043+0000][66][trace][gc,age      ] GC(122) - age   9:     153752 bytes,   44583184 total
[2026-01-26T06:39:18.043+0000][66][trace][gc,age      ] GC(122) - age  10:       2232 bytes,   44585416 total
[2026-01-26T06:39:18.043+0000][66][trace][gc,age      ] GC(122) - age  11:     136400 bytes,   44721816 total
[2026-01-26T06:39:18.044+0000][66][info ][gc,heap     ] GC(122) Eden regions: 141->0(137)
[2026-01-26T06:39:18.044+0000][66][info ][gc,heap     ] GC(122) Survivor regions: 10->12(19)
[2026-01-26T06:39:18.044+0000][66][info ][gc,heap     ] GC(122) Old regions: 68->68
[2026-01-26T06:39:18.045+0000][66][info ][gc,heap     ] GC(122) Humongous regions: 0->0
[2026-01-26T06:39:18.045+0000][66][info ][gc,metaspace] GC(122) Metaspace: 132816K(136256K)->132816K(136256K) NonClass: 115048K(116864K)->115048K(116864K) Class: 17767K(19392K)->17767K(19392K)
[2026-01-26T06:39:18.045+0000][66][info ][gc          ] GC(122) Pause Young (Normal) (G1 Evacuation Pause) 872M->317M(1024M) 21.051ms
[2026-01-26T06:39:18.046+0000][66][info ][gc,cpu      ] GC(122) User=0.06s Sys=0.00s Real=0.03s
[2026-01-26T06:39:18.046+0000][66][info ][safepoint   ] Safepoint "G1CollectForAllocation", Time since last: 3311548198 ns, Reaching safepoint: 504239 ns, Cleanup: 5001 ns, At safepoint: 21750297 ns, Total: 22259537 ns
[2026-01-26T06:39:22.479+0000][66][info ][safepoint   ] Safepoint "Cleanup", Time since last: 4432619509 ns, Reaching safepoint: 154212 ns, Cleanup: 12501 ns, At safepoint: 40503 ns, Total: 207216 ns
[2026-01-26T06:39:26.977+0000][66][info ][gc,start    ] GC(123) Pause Young (Normal) (G1 Evacuation Pause)
[2026-01-26T06:39:26.977+0000][66][info ][gc,task     ] GC(123) Using 6 workers of 6 for evacuation
[2026-01-26T06:39:26.977+0000][66][debug][gc,age      ] GC(123) Desired survivor size 39845888 bytes, new threshold 3 (max threshold 15)
[2026-01-26T06:39:26.991+0000][66][info ][gc,phases   ] GC(123)   Pre Evacuate Collection Set: 0.3ms
[2026-01-26T06:39:26.992+0000][66][info ][gc,phases   ] GC(123)   Merge Heap Roots: 0.3ms
[2026-01-26T06:39:26.992+0000][66][info ][gc,phases   ] GC(123)   Evacuate Collection Set: 11.5ms
[2026-01-26T06:39:26.992+0000][66][info ][gc,phases   ] GC(123)   Post Evacuate Collection Set: 1.4ms
[2026-01-26T06:39:26.992+0000][66][info ][gc,phases   ] GC(123)   Other: 0.7ms
[2026-01-26T06:39:26.993+0000][66][trace][gc,age      ] GC(123) Age table with threshold 3 (max threshold 15)
[2026-01-26T06:39:26.993+0000][66][trace][gc,age      ] GC(123) - age   1:   28385352 bytes,   28385352 total
[2026-01-26T06:39:26.993+0000][66][trace][gc,age      ] GC(123) - age   2:    3379424 bytes,   31764776 total
[2026-01-26T06:39:26.993+0000][66][trace][gc,age      ] GC(123) - age   3:     145560 bytes,   31910336 total
[2026-01-26T06:39:26.993+0000][66][info ][gc,heap     ] GC(123) Eden regions: 137->0(143)
[2026-01-26T06:39:26.994+0000][66][info ][gc,heap     ] GC(123) Survivor regions: 12->9(19)
[2026-01-26T06:39:26.994+0000][66][info ][gc,heap     ] GC(123) Old regions: 68->68
[2026-01-26T06:39:26.994+0000][66][info ][gc,heap     ] GC(123) Humongous regions: 0->0
[2026-01-26T06:39:26.994+0000][66][info ][gc,metaspace] GC(123) Metaspace: 132819K(136256K)->132819K(136256K) NonClass: 115051K(116864K)->115051K(116864K) Class: 17767K(19392K)->17767K(19392K)
[2026-01-26T06:39:26.995+0000][66][info ][gc          ] GC(123) Pause Young (Normal) (G1 Evacuation Pause) 865M->303M(1024M) 18.210ms
[2026-01-26T06:39:26.995+0000][66][info ][gc,cpu      ] GC(123) User=0.07s Sys=0.00s Real=0.02s
[2026-01-26T06:39:26.995+0000][66][info ][safepoint   ] Safepoint "G1CollectForAllocation", Time since last: 4497633981 ns, Reaching safepoint: 137711 ns, Cleanup: 6000 ns, At safepoint: 18899776 ns, Total: 19043487 ns
[2026-01-26T06:39:30.128+0000][66][info ][safepoint   ] Safepoint "Cleanup", Time since last: 3132396358 ns, Reaching safepoint: 7501 ns, Cleanup: 7400 ns, At safepoint: 3601 ns, Total: 18502 ns
[2026-01-26T06:39:30.829+0000][66][info ][gc,start    ] GC(124) Pause Young (Normal) (G1 Evacuation Pause)
[2026-01-26T06:39:30.830+0000][66][info ][gc,task     ] GC(124) Using 6 workers of 6 for evacuation
[2026-01-26T06:39:30.830+0000][66][debug][gc,age      ] GC(124) Desired survivor size 39845888 bytes, new threshold 15 (max threshold 15)
[2026-01-26T06:39:30.836+0000][66][info ][gc,phases   ] GC(124)   Pre Evacuate Collection Set: 0.4ms
[2026-01-26T06:39:30.836+0000][66][info ][gc,phases   ] GC(124)   Merge Heap Roots: 0.2ms
[2026-01-26T06:39:30.836+0000][66][info ][gc,phases   ] GC(124)   Evacuate Collection Set: 3.6ms
[2026-01-26T06:39:30.837+0000][66][info ][gc,phases   ] GC(124)   Post Evacuate Collection Set: 1.1ms
[2026-01-26T06:39:30.837+0000][66][info ][gc,phases   ] GC(124)   Other: 0.7ms
[2026-01-26T06:39:30.837+0000][66][trace][gc,age      ] GC(124) Age table with threshold 15 (max threshold 15)
[2026-01-26T06:39:30.838+0000][66][trace][gc,age      ] GC(124) - age   1:    6956928 bytes,    6956928 total
[2026-01-26T06:39:30.838+0000][66][trace][gc,age      ] GC(124) - age   2:     142008 bytes,    7098936 total
[2026-01-26T06:39:30.838+0000][66][trace][gc,age      ] GC(124) - age   3:       1232 bytes,    7100168 total
[2026-01-26T06:39:30.838+0000][66][trace][gc,age      ] GC(124) - age   4:     143936 bytes,    7244104 total
[2026-01-26T06:39:30.839+0000][66][info ][gc,heap     ] GC(124) Eden regions: 143->0(150)
[2026-01-26T06:39:30.839+0000][66][info ][gc,heap     ] GC(124) Survivor regions: 9->3(19)
[2026-01-26T06:39:30.839+0000][66][info ][gc,heap     ] GC(124) Old regions: 68->68
[2026-01-26T06:39:30.839+0000][66][info ][gc,heap     ] GC(124) Humongous regions: 0->0
[2026-01-26T06:39:30.840+0000][66][info ][gc,metaspace] GC(124) Metaspace: 132822K(136256K)->132822K(136256K) NonClass: 115054K(116864K)->115054K(116864K) Class: 17767K(19392K)->17767K(19392K)
[2026-01-26T06:39:30.840+0000][66][info ][gc          ] GC(124) Pause Young (Normal) (G1 Evacuation Pause) 875M->279M(1024M) 10.699ms
[2026-01-26T06:39:30.840+0000][66][info ][gc,cpu      ] GC(124) User=0.02s Sys=0.00s Real=0.01s
[2026-01-26T06:39:30.840+0000][66][info ][safepoint   ] Safepoint "G1CollectForAllocation", Time since last: 701403167 ns, Reaching safepoint: 18701 ns, Cleanup: 5101 ns, At safepoint: 11240676 ns, Total: 11264478 ns
[2026-01-26T06:39:32.421+0000][66][info ][safepoint   ] Safepoint "Cleanup", Time since last: 1582748621 ns, Reaching safepoint: 19401 ns, Cleanup: 15801 ns, At safepoint: 3601 ns, Total: 38803 ns
[2026-01-26T06:39:37.423+0000][66][info ][safepoint   ] Safepoint "Cleanup", Time since last: 5001482010 ns, Reaching safepoint: 17802 ns, Cleanup: 14901 ns, At safepoint: 3300 ns, Total: 36003 ns
[2026-01-26T06:39:40.623+0000][66][info ][gc,start    ] GC(125) Pause Young (Normal) (G1 Evacuation Pause)
[2026-01-26T06:39:40.623+0000][66][info ][gc,task     ] GC(125) Using 6 workers of 6 for evacuation
[2026-01-26T06:39:40.623+0000][66][debug][gc,age      ] GC(125) Desired survivor size 41943040 bytes, new threshold 15 (max threshold 15)
[2026-01-26T06:39:40.633+0000][66][info ][gc,phases   ] GC(125)   Pre Evacuate Collection Set: 0.3ms
[2026-01-26T06:39:40.633+0000][66][info ][gc,phases   ] GC(125)   Merge Heap Roots: 0.1ms
[2026-01-26T06:39:40.634+0000][66][info ][gc,phases   ] GC(125)   Evacuate Collection Set: 7.9ms
[2026-01-26T06:39:40.634+0000][66][info ][gc,phases   ] GC(125)   Post Evacuate Collection Set: 0.9ms
[2026-01-26T06:39:40.635+0000][66][info ][gc,phases   ] GC(125)   Other: 0.7ms
[2026-01-26T06:39:40.635+0000][66][trace][gc,age      ] GC(125) Age table with threshold 15 (max threshold 15)
[2026-01-26T06:39:40.635+0000][66][trace][gc,age      ] GC(125) - age   1:   29838632 bytes,   29838632 total
[2026-01-26T06:39:40.636+0000][66][trace][gc,age      ] GC(125) - age   2:     296592 bytes,   30135224 total
[2026-01-26T06:39:40.636+0000][66][trace][gc,age      ] GC(125) - age   3:     138160 bytes,   30273384 total
[2026-01-26T06:39:40.636+0000][66][trace][gc,age      ] GC(125) - age   4:       1232 bytes,   30274616 total
[2026-01-26T06:39:40.637+0000][66][trace][gc,age      ] GC(125) - age   5:     143936 bytes,   30418552 total
[2026-01-26T06:39:40.637+0000][66][info ][gc,heap     ] GC(125) Eden regions: 150->0(145)
[2026-01-26T06:39:40.637+0000][66][info ][gc,heap     ] GC(125) Survivor regions: 3->8(20)
[2026-01-26T06:39:40.638+0000][66][info ][gc,heap     ] GC(125) Old regions: 68->68
[2026-01-26T06:39:40.638+0000][66][info ][gc,heap     ] GC(125) Humongous regions: 0->0
[2026-01-26T06:39:40.638+0000][66][info ][gc,metaspace] GC(125) Metaspace: 132822K(136256K)->132822K(136256K) NonClass: 115054K(116864K)->115054K(116864K) Class: 17767K(19392K)->17767K(19392K)
[2026-01-26T06:39:40.639+0000][66][info ][gc          ] GC(125) Pause Young (Normal) (G1 Evacuation Pause) 879M->302M(1024M) 16.049ms
[2026-01-26T06:39:40.639+0000][66][info ][gc,cpu      ] GC(125) User=0.04s Sys=0.00s Real=0.02s
[2026-01-26T06:39:40.639+0000][66][info ][safepoint   ] Safepoint "G1CollectForAllocation", Time since last: 3199560331 ns, Reaching safepoint: 171714 ns, Cleanup: 5000 ns, At safepoint: 16885525 ns, Total: 17062239 ns
[2026-01-26T06:39:41.954+0000][66][info ][safepoint   ] Safepoint "Cleanup", Time since last: 1314481143 ns, Reaching safepoint: 202616 ns, Cleanup: 13801 ns, At safepoint: 83107 ns, Total: 299524 ns
[2026-01-26T06:39:43.801+0000][66][info ][safepoint   ] Safepoint "Cleanup", Time since last: 1847152139 ns, Reaching safepoint: 19002 ns, Cleanup: 12901 ns, At safepoint: 4000 ns, Total: 35903 ns
[2026-01-26T06:39:44.802+0000][66][info ][safepoint   ] Safepoint "Cleanup", Time since last: 1000645618 ns, Reaching safepoint: 19601 ns, Cleanup: 13401 ns, At safepoint: 4200 ns, Total: 37202 ns
[2026-01-26T06:39:45.306+0000][66][info ][gc,start    ] GC(126) Pause Young (Normal) (G1 Evacuation Pause)
[2026-01-26T06:39:45.307+0000][66][info ][gc,task     ] GC(126) Using 6 workers of 6 for evacuation
[2026-01-26T06:39:45.307+0000][66][debug][gc,age      ] GC(126) Desired survivor size 41943040 bytes, new threshold 15 (max threshold 15)
[2026-01-26T06:39:45.315+0000][66][info ][gc,phases   ] GC(126)   Pre Evacuate Collection Set: 0.4ms
[2026-01-26T06:39:45.315+0000][66][info ][gc,phases   ] GC(126)   Merge Heap Roots: 0.2ms
[2026-01-26T06:39:45.315+0000][66][info ][gc,phases   ] GC(126)   Evacuate Collection Set: 5.3ms
[2026-01-26T06:39:45.316+0000][66][info ][gc,phases   ] GC(126)   Post Evacuate Collection Set: 1.0ms
[2026-01-26T06:39:45.316+0000][66][info ][gc,phases   ] GC(126)   Other: 0.9ms
[2026-01-26T06:39:45.316+0000][66][trace][gc,age      ] GC(126) Age table with threshold 15 (max threshold 15)
[2026-01-26T06:39:45.317+0000][66][trace][gc,age      ] GC(126) - age   1:   17217672 bytes,   17217672 total
[2026-01-26T06:39:45.317+0000][66][trace][gc,age      ] GC(126) - age   2:    1135352 bytes,   18353024 total
[2026-01-26T06:39:45.318+0000][66][trace][gc,age      ] GC(126) - age   3:     277888 bytes,   18630912 total
[2026-01-26T06:39:45.318+0000][66][trace][gc,age      ] GC(126) - age   4:     138160 bytes,   18769072 total
[2026-01-26T06:39:45.318+0000][66][trace][gc,age      ] GC(126) - age   5:       1232 bytes,   18770304 total
[2026-01-26T06:39:45.319+0000][66][trace][gc,age      ] GC(126) - age   6:     143024 bytes,   18913328 total
[2026-01-26T06:39:45.319+0000][66][info ][gc,heap     ] GC(126) Eden regions: 145->0(147)
[2026-01-26T06:39:45.319+0000][66][info ][gc,heap     ] GC(126) Survivor regions: 8->6(20)
[2026-01-26T06:39:45.320+0000][66][info ][gc,heap     ] GC(126) Old regions: 68->68
[2026-01-26T06:39:45.320+0000][66][info ][gc,heap     ] GC(126) Humongous regions: 0->0
[2026-01-26T06:39:45.320+0000][66][info ][gc,metaspace] GC(126) Metaspace: 132838K(136256K)->132838K(136256K) NonClass: 115070K(116864K)->115070K(116864K) Class: 17768K(19392K)->17768K(19392K)
[2026-01-26T06:39:45.321+0000][66][info ][gc          ] GC(126) Pause Young (Normal) (G1 Evacuation Pause) 882M->291M(1024M) 14.280ms
[2026-01-26T06:39:45.321+0000][66][info ][gc,cpu      ] GC(126) User=0.03s Sys=0.00s Real=0.01s
[2026-01-26T06:39:45.321+0000][66][info ][safepoint   ] Safepoint "G1CollectForAllocation", Time since last: 504238566 ns, Reaching safepoint: 17002 ns, Cleanup: 3800 ns, At safepoint: 14944373 ns, Total: 14965175 ns
[2026-01-26T06:39:49.328+0000][66][info ][safepoint   ] Safepoint "Cleanup", Time since last: 4006806701 ns, Reaching safepoint: 19102 ns, Cleanup: 13301 ns, At safepoint: 3800 ns, Total: 36203 ns
[2026-01-26T06:39:51.329+0000][66][info ][safepoint   ] Safepoint "Cleanup", Time since last: 2000880625 ns, Reaching safepoint: 41603 ns, Cleanup: 13901 ns, At safepoint: 3400 ns, Total: 58904 ns
[2026-01-26T06:39:53.098+0000][66][info ][gc,start    ] GC(127) Pause Young (Normal) (G1 Evacuation Pause)
[2026-01-26T06:39:53.098+0000][66][info ][gc,task     ] GC(127) Using 6 workers of 6 for evacuation
[2026-01-26T06:39:53.099+0000][66][debug][gc,age      ] GC(127) Desired survivor size 41943040 bytes, new threshold 15 (max threshold 15)
[2026-01-26T06:39:53.111+0000][66][info ][gc,phases   ] GC(127)   Pre Evacuate Collection Set: 0.4ms
[2026-01-26T06:39:53.112+0000][66][info ][gc,phases   ] GC(127)   Merge Heap Roots: 0.1ms
[2026-01-26T06:39:53.112+0000][66][info ][gc,phases   ] GC(127)   Evacuate Collection Set: 10.2ms
[2026-01-26T06:39:53.113+0000][66][info ][gc,phases   ] GC(127)   Post Evacuate Collection Set: 1.1ms
[2026-01-26T06:39:53.113+0000][66][info ][gc,phases   ] GC(127)   Other: 1.0ms
[2026-01-26T06:39:53.113+0000][66][trace][gc,age      ] GC(127) Age table with threshold 15 (max threshold 15)
[2026-01-26T06:39:53.114+0000][66][trace][gc,age      ] GC(127) - age   1:   30653984 bytes,   30653984 total
[2026-01-26T06:39:53.114+0000][66][trace][gc,age      ] GC(127) - age   2:    7814912 bytes,   38468896 total
[2026-01-26T06:39:53.114+0000][66][trace][gc,age      ] GC(127) - age   3:    1062456 bytes,   39531352 total
[2026-01-26T06:39:53.115+0000][66][trace][gc,age      ] GC(127) - age   4:     277800 bytes,   39809152 total
[2026-01-26T06:39:53.115+0000][66][trace][gc,age      ] GC(127) - age   5:     137592 bytes,   39946744 total
[2026-01-26T06:39:53.116+0000][66][trace][gc,age      ] GC(127) - age   6:       1232 bytes,   39947976 total
[2026-01-26T06:39:53.116+0000][66][trace][gc,age      ] GC(127) - age   7:     143024 bytes,   40091000 total
[2026-01-26T06:39:53.116+0000][66][info ][gc,heap     ] GC(127) Eden regions: 147->0(139)
[2026-01-26T06:39:53.117+0000][66][info ][gc,heap     ] GC(127) Survivor regions: 6->11(20)
[2026-01-26T06:39:53.117+0000][66][info ][gc,heap     ] GC(127) Old regions: 68->68
[2026-01-26T06:39:53.117+0000][66][info ][gc,heap     ] GC(127) Humongous regions: 0->0
[2026-01-26T06:39:53.118+0000][66][info ][gc,metaspace] GC(127) Metaspace: 132838K(136256K)->132838K(136256K) NonClass: 115070K(116864K)->115070K(116864K) Class: 17768K(19392K)->17768K(19392K)
[2026-01-26T06:39:53.118+0000][66][info ][gc          ] GC(127) Pause Young (Normal) (G1 Evacuation Pause) 879M->314M(1024M) 20.088ms
[2026-01-26T06:39:53.118+0000][66][info ][gc,cpu      ] GC(127) User=0.06s Sys=0.00s Real=0.02s
[2026-01-26T06:39:53.119+0000][66][info ][safepoint   ] Safepoint "G1CollectForAllocation", Time since last: 1768731302 ns, Reaching safepoint: 18001 ns, Cleanup: 4600 ns, At safepoint: 20808643 ns, Total: 20831244 ns
[2026-01-26T06:39:54.810+0000][66][info ][safepoint   ] Safepoint "Cleanup", Time since last: 1691485045 ns, Reaching safepoint: 158213 ns, Cleanup: 14501 ns, At safepoint: 57804 ns, Total: 230518 ns
[2026-01-26T06:39:55.811+0000][66][info ][safepoint   ] Safepoint "Cleanup", Time since last: 1000214981 ns, Reaching safepoint: 121809 ns, Cleanup: 10601 ns, At safepoint: 62305 ns, Total: 194715 ns
[2026-01-26T06:39:55.954+0000][66][info ][gc,start    ] GC(128) Pause Young (Normal) (G1 Evacuation Pause)
[2026-01-26T06:39:55.955+0000][66][info ][gc,task     ] GC(128) Using 6 workers of 6 for evacuation
[2026-01-26T06:39:55.955+0000][66][debug][gc,age      ] GC(128) Desired survivor size 39845888 bytes, new threshold 5 (max threshold 15)
[2026-01-26T06:39:55.968+0000][66][info ][gc,phases   ] GC(128)   Pre Evacuate Collection Set: 0.4ms
[2026-01-26T06:39:55.969+0000][66][info ][gc,phases   ] GC(128)   Merge Heap Roots: 0.2ms
[2026-01-26T06:39:55.969+0000][66][info ][gc,phases   ] GC(128)   Evacuate Collection Set: 10.8ms
[2026-01-26T06:39:55.969+0000][66][info ][gc,phases   ] GC(128)   Post Evacuate Collection Set: 1.3ms
[2026-01-26T06:39:55.970+0000][66][info ][gc,phases   ] GC(128)   Other: 0.6ms
[2026-01-26T06:39:55.970+0000][66][trace][gc,age      ] GC(128) Age table with threshold 5 (max threshold 15)
[2026-01-26T06:39:55.971+0000][66][trace][gc,age      ] GC(128) - age   1:   10970968 bytes,   10970968 total
[2026-01-26T06:39:55.971+0000][66][trace][gc,age      ] GC(128) - age   2:   24667304 bytes,   35638272 total
[2026-01-26T06:39:55.971+0000][66][trace][gc,age      ] GC(128) - age   3:    7221888 bytes,   42860160 total
[2026-01-26T06:39:55.972+0000][66][trace][gc,age      ] GC(128) - age   4:     773616 bytes,   43633776 total
[2026-01-26T06:39:55.972+0000][66][trace][gc,age      ] GC(128) - age   5:     277552 bytes,   43911328 total
[2026-01-26T06:39:55.972+0000][66][info ][gc,heap     ] GC(128) Eden regions: 139->0(137)
[2026-01-26T06:39:55.973+0000][66][info ][gc,heap     ] GC(128) Survivor regions: 11->12(19)
[2026-01-26T06:39:55.973+0000][66][info ][gc,heap     ] GC(128) Old regions: 68->68
[2026-01-26T06:39:55.973+0000][66][info ][gc,heap     ] GC(128) Humongous regions: 0->0
[2026-01-26T06:39:55.974+0000][66][info ][gc,metaspace] GC(128) Metaspace: 132838K(136256K)->132838K(136256K) NonClass: 115070K(116864K)->115070K(116864K) Class: 17768K(19392K)->17768K(19392K)
[2026-01-26T06:39:55.974+0000][66][info ][gc          ] GC(128) Pause Young (Normal) (G1 Evacuation Pause) 870M->319M(1024M) 19.505ms
[2026-01-26T06:39:55.974+0000][66][info ][gc,cpu      ] GC(128) User=0.06s Sys=0.00s Real=0.02s
[2026-01-26T06:39:55.975+0000][66][info ][safepoint   ] Safepoint "G1CollectForAllocation", Time since last: 143633927 ns, Reaching safepoint: 16301 ns, Cleanup: 4501 ns, At safepoint: 20285485 ns, Total: 20306287 ns
[2026-01-26T06:39:56.992+0000][66][info ][safepoint   ] Safepoint "Cleanup", Time since last: 1017324818 ns, Reaching safepoint: 21102 ns, Cleanup: 14601 ns, At safepoint: 4001 ns, Total: 39704 ns
[2026-01-26T06:40:00.993+0000][66][info ][safepoint   ] Safepoint "Cleanup", Time since last: 4001041737 ns, Reaching safepoint: 163012 ns, Cleanup: 13502 ns, At safepoint: 37002 ns, Total: 213516 ns
[2026-01-26T06:40:03.707+0000][66][info ][gc,start    ] GC(129) Pause Young (Normal) (G1 Evacuation Pause)
[2026-01-26T06:40:03.707+0000][66][info ][gc,task     ] GC(129) Using 6 workers of 6 for evacuation
[2026-01-26T06:40:03.707+0000][66][debug][gc,age      ] GC(129) Desired survivor size 39845888 bytes, new threshold 3 (max threshold 15)
[2026-01-26T06:40:03.718+0000][66][info ][gc,phases   ] GC(129)   Pre Evacuate Collection Set: 0.3ms
[2026-01-26T06:40:03.718+0000][66][info ][gc,phases   ] GC(129)   Merge Heap Roots: 0.1ms
[2026-01-26T06:40:03.718+0000][66][info ][gc,phases   ] GC(129)   Evacuate Collection Set: 8.5ms
[2026-01-26T06:40:03.719+0000][66][info ][gc,phases   ] GC(129)   Post Evacuate Collection Set: 1.1ms
[2026-01-26T06:40:03.719+0000][66][info ][gc,phases   ] GC(129)   Other: 0.7ms
[2026-01-26T06:40:03.719+0000][66][trace][gc,age      ] GC(129) Age table with threshold 3 (max threshold 15)
[2026-01-26T06:40:03.720+0000][66][trace][gc,age      ] GC(129) - age   1:   25953208 bytes,   25953208 total
[2026-01-26T06:40:03.720+0000][66][trace][gc,age      ] GC(129) - age   2:    4670128 bytes,   30623336 total
[2026-01-26T06:40:03.720+0000][66][trace][gc,age      ] GC(129) - age   3:     258712 bytes,   30882048 total
[2026-01-26T06:40:03.720+0000][66][info ][gc,heap     ] GC(129) Eden regions: 137->0(143)
[2026-01-26T06:40:03.721+0000][66][info ][gc,heap     ] GC(129) Survivor regions: 12->9(19)
[2026-01-26T06:40:03.721+0000][66][info ][gc,heap     ] GC(129) Old regions: 68->68
[2026-01-26T06:40:03.721+0000][66][info ][gc,heap     ] GC(129) Humongous regions: 0->0
[2026-01-26T06:40:03.722+0000][66][info ][gc,metaspace] GC(129) Metaspace: 132841K(136256K)->132841K(136256K) NonClass: 115073K(116864K)->115073K(116864K) Class: 17768K(19392K)->17768K(19392K)
[2026-01-26T06:40:03.722+0000][66][info ][gc          ] GC(129) Pause Young (Normal) (G1 Evacuation Pause) 867M->305M(1024M) 15.369ms
[2026-01-26T06:40:03.722+0000][66][info ][gc,cpu      ] GC(129) User=0.05s Sys=0.01s Real=0.02s
[2026-01-26T06:40:03.723+0000][66][info ][safepoint   ] Safepoint "G1CollectForAllocation", Time since last: 2715481453 ns, Reaching safepoint: 17501 ns, Cleanup: 4400 ns, At safepoint: 16045528 ns, Total: 16067429 ns
[2026-01-26T06:40:07.151+0000][66][info ][safepoint   ] Safepoint "Cleanup", Time since last: 3428870339 ns, Reaching safepoint: 7100 ns, Cleanup: 8001 ns, At safepoint: 31201 ns, Total: 46302 ns
[2026-01-26T06:40:07.729+0000][66][info ][gc,start    ] GC(130) Pause Young (Normal) (G1 Evacuation Pause)
[2026-01-26T06:40:07.729+0000][66][info ][gc,task     ] GC(130) Using 6 workers of 6 for evacuation
[2026-01-26T06:40:07.730+0000][66][debug][gc,age      ] GC(130) Desired survivor size 39845888 bytes, new threshold 15 (max threshold 15)
[2026-01-26T06:40:07.742+0000][66][info ][gc,phases   ] GC(130)   Pre Evacuate Collection Set: 0.4ms
[2026-01-26T06:40:07.742+0000][66][info ][gc,phases   ] GC(130)   Merge Heap Roots: 0.3ms
[2026-01-26T06:40:07.743+0000][66][info ][gc,phases   ] GC(130)   Evacuate Collection Set: 10.0ms
[2026-01-26T06:40:07.743+0000][66][info ][gc,phases   ] GC(130)   Post Evacuate Collection Set: 1.2ms
[2026-01-26T06:40:07.743+0000][66][info ][gc,phases   ] GC(130)   Other: 0.8ms
[2026-01-26T06:40:07.744+0000][66][trace][gc,age      ] GC(130) Age table with threshold 15 (max threshold 15)
[2026-01-26T06:40:07.744+0000][66][trace][gc,age      ] GC(130) - age   1:   21378136 bytes,   21378136 total
[2026-01-26T06:40:07.744+0000][66][trace][gc,age      ] GC(130) - age   2:   13502816 bytes,   34880952 total
[2026-01-26T06:40:07.745+0000][66][trace][gc,age      ] GC(130) - age   3:    4044120 bytes,   38925072 total
[2026-01-26T06:40:07.745+0000][66][trace][gc,age      ] GC(130) - age   4:     258552 bytes,   39183624 total
[2026-01-26T06:40:07.745+0000][66][info ][gc,heap     ] GC(130) Eden regions: 143->0(139)
[2026-01-26T06:40:07.746+0000][66][info ][gc,heap     ] GC(130) Survivor regions: 9->11(19)
[2026-01-26T06:40:07.746+0000][66][info ][gc,heap     ] GC(130) Old regions: 68->68
[2026-01-26T06:40:07.746+0000][66][info ][gc,heap     ] GC(130) Humongous regions: 0->0
[2026-01-26T06:40:07.747+0000][66][info ][gc,metaspace] GC(130) Metaspace: 132842K(136256K)->132842K(136256K) NonClass: 115074K(116864K)->115074K(116864K) Class: 17768K(19392K)->17768K(19392K)
[2026-01-26T06:40:07.747+0000][66][info ][gc          ] GC(130) Pause Young (Normal) (G1 Evacuation Pause) 877M->312M(1024M) 18.061ms
[2026-01-26T06:40:07.747+0000][66][info ][gc,cpu      ] GC(130) User=0.06s Sys=0.00s Real=0.02s
[2026-01-26T06:40:07.748+0000][66][info ][safepoint   ] Safepoint "G1CollectForAllocation", Time since last: 577166364 ns, Reaching safepoint: 130806 ns, Cleanup: 6201 ns, At safepoint: 18786951 ns, Total: 18923958 ns
[2026-01-26T06:40:11.496+0000][66][info ][gc,start    ] GC(131) Pause Young (Normal) (G1 Evacuation Pause)
[2026-01-26T06:40:11.496+0000][66][info ][gc,task     ] GC(131) Using 6 workers of 6 for evacuation
[2026-01-26T06:40:11.497+0000][66][debug][gc,age      ] GC(131) Desired survivor size 39845888 bytes, new threshold 15 (max threshold 15)
[2026-01-26T06:40:11.504+0000][66][info ][gc,phases   ] GC(131)   Pre Evacuate Collection Set: 0.4ms
[2026-01-26T06:40:11.505+0000][66][info ][gc,phases   ] GC(131)   Merge Heap Roots: 0.2ms
[2026-01-26T06:40:11.505+0000][66][info ][gc,phases   ] GC(131)   Evacuate Collection Set: 5.4ms
[2026-01-26T06:40:11.505+0000][66][info ][gc,phases   ] GC(131)   Post Evacuate Collection Set: 1.1ms
[2026-01-26T06:40:11.506+0000][66][info ][gc,phases   ] GC(131)   Other: 0.8ms
[2026-01-26T06:40:11.506+0000][66][trace][gc,age      ] GC(131) Age table with threshold 15 (max threshold 15)
[2026-01-26T06:40:11.506+0000][66][trace][gc,age      ] GC(131) - age   1:   13661880 bytes,   13661880 total
[2026-01-26T06:40:11.506+0000][66][trace][gc,age      ] GC(131) - age   2:    2541552 bytes,   16203432 total
[2026-01-26T06:40:11.507+0000][66][trace][gc,age      ] GC(131) - age   3:     146840 bytes,   16350272 total
[2026-01-26T06:40:11.507+0000][66][trace][gc,age      ] GC(131) - age   4:       2544 bytes,   16352816 total
[2026-01-26T06:40:11.507+0000][66][trace][gc,age      ] GC(131) - age   5:     258552 bytes,   16611368 total
[2026-01-26T06:40:11.508+0000][66][info ][gc,heap     ] GC(131) Eden regions: 139->0(148)
[2026-01-26T06:40:11.508+0000][66][info ][gc,heap     ] GC(131) Survivor regions: 11->5(19)
[2026-01-26T06:40:11.508+0000][66][info ][gc,heap     ] GC(131) Old regions: 68->68
[2026-01-26T06:40:11.509+0000][66][info ][gc,heap     ] GC(131) Humongous regions: 0->0
[2026-01-26T06:40:11.509+0000][66][info ][gc,metaspace] GC(131) Metaspace: 132844K(136320K)->132844K(136320K) NonClass: 115075K(116928K)->115075K(116928K) Class: 17768K(19392K)->17768K(19392K)
[2026-01-26T06:40:11.509+0000][66][info ][gc          ] GC(131) Pause Young (Normal) (G1 Evacuation Pause) 868M->289M(1024M) 13.227ms
[2026-01-26T06:40:11.509+0000][66][info ][gc,cpu      ] GC(131) User=0.02s Sys=0.00s Real=0.01s
[2026-01-26T06:40:11.510+0000][66][info ][safepoint   ] Safepoint "G1CollectForAllocation", Time since last: 3748305515 ns, Reaching safepoint: 16801 ns, Cleanup: 4401 ns, At safepoint: 13897180 ns, Total: 13918382 ns
[2026-01-26T06:40:12.510+0000][66][info ][safepoint   ] Safepoint "Cleanup", Time since last: 1000537118 ns, Reaching safepoint: 23902 ns, Cleanup: 14202 ns, At safepoint: 3300 ns, Total: 41404 ns
[2026-01-26T06:40:16.980+0000][66][info ][gc,start    ] GC(132) Pause Young (Normal) (G1 Evacuation Pause)
[2026-01-26T06:40:16.981+0000][66][info ][gc,task     ] GC(132) Using 6 workers of 6 for evacuation
[2026-01-26T06:40:16.981+0000][66][debug][gc,age      ] GC(132) Desired survivor size 41943040 bytes, new threshold 15 (max threshold 15)
[2026-01-26T06:40:16.992+0000][66][info ][gc,phases   ] GC(132)   Pre Evacuate Collection Set: 0.4ms
[2026-01-26T06:40:16.993+0000][66][info ][gc,phases   ] GC(132)   Merge Heap Roots: 0.2ms
[2026-01-26T06:40:16.993+0000][66][info ][gc,phases   ] GC(132)   Evacuate Collection Set: 8.5ms
[2026-01-26T06:40:16.993+0000][66][info ][gc,phases   ] GC(132)   Post Evacuate Collection Set: 1.1ms
[2026-01-26T06:40:16.994+0000][66][info ][gc,phases   ] GC(132)   Other: 1.0ms
[2026-01-26T06:40:16.994+0000][66][trace][gc,age      ] GC(132) Age table with threshold 15 (max threshold 15)
[2026-01-26T06:40:16.995+0000][66][trace][gc,age      ] GC(132) - age   1:   23074424 bytes,   23074424 total
[2026-01-26T06:40:16.995+0000][66][trace][gc,age      ] GC(132) - age   2:    6149072 bytes,   29223496 total
[2026-01-26T06:40:16.995+0000][66][trace][gc,age      ] GC(132) - age   3:    2541008 bytes,   31764504 total
[2026-01-26T06:40:16.996+0000][66][trace][gc,age      ] GC(132) - age   4:     146256 bytes,   31910760 total
[2026-01-26T06:40:16.996+0000][66][trace][gc,age      ] GC(132) - age   5:       2544 bytes,   31913304 total
[2026-01-26T06:40:16.996+0000][66][trace][gc,age      ] GC(132) - age   6:     258552 bytes,   32171856 total
[2026-01-26T06:40:16.996+0000][66][info ][gc,heap     ] GC(132) Eden regions: 148->0(143)
[2026-01-26T06:40:16.997+0000][66][info ][gc,heap     ] GC(132) Survivor regions: 5->9(20)
[2026-01-26T06:40:16.997+0000][66][info ][gc,heap     ] GC(132) Old regions: 68->68
[2026-01-26T06:40:16.997+0000][66][info ][gc,heap     ] GC(132) Humongous regions: 0->0
[2026-01-26T06:40:16.998+0000][66][info ][gc,metaspace] GC(132) Metaspace: 132844K(136320K)->132844K(136320K) NonClass: 115075K(116928K)->115075K(116928K) Class: 17768K(19392K)->17768K(19392K)
[2026-01-26T06:40:16.998+0000][66][info ][gc          ] GC(132) Pause Young (Normal) (G1 Evacuation Pause) 881M->304M(1024M) 17.566ms
[2026-01-26T06:40:16.998+0000][66][info ][gc,cpu      ] GC(132) User=0.05s Sys=0.00s Real=0.02s
[2026-01-26T06:40:16.999+0000][66][info ][safepoint   ] Safepoint "G1CollectForAllocation", Time since last: 4469948287 ns, Reaching safepoint: 15902 ns, Cleanup: 4400 ns, At safepoint: 18293386 ns, Total: 18313688 ns
[2026-01-26T06:40:19.947+0000][66][info ][safepoint   ] Safepoint "Cleanup", Time since last: 2947975275 ns, Reaching safepoint: 184216 ns, Cleanup: 19902 ns, At safepoint: 115709 ns, Total: 319827 ns
[2026-01-26T06:40:21.011+0000][66][info ][safepoint   ] Safepoint "Cleanup", Time since last: 1063552672 ns, Reaching safepoint: 133511 ns, Cleanup: 26702 ns, At safepoint: 78207 ns, Total: 238420 ns
[2026-01-26T06:40:21.121+0000][66][info ][gc,start    ] GC(133) Pause Young (Normal) (G1 Evacuation Pause)
[2026-01-26T06:40:21.122+0000][66][info ][gc,task     ] GC(133) Using 6 workers of 6 for evacuation
[2026-01-26T06:40:21.122+0000][66][debug][gc,age      ] GC(133) Desired survivor size 39845888 bytes, new threshold 15 (max threshold 15)
[2026-01-26T06:40:21.135+0000][66][info ][gc,phases   ] GC(133)   Pre Evacuate Collection Set: 0.4ms
[2026-01-26T06:40:21.136+0000][66][info ][gc,phases   ] GC(133)   Merge Heap Roots: 0.3ms
[2026-01-26T06:40:21.136+0000][66][info ][gc,phases   ] GC(133)   Evacuate Collection Set: 10.5ms
[2026-01-26T06:40:21.137+0000][66][info ][gc,phases   ] GC(133)   Post Evacuate Collection Set: 1.4ms
[2026-01-26T06:40:21.137+0000][66][info ][gc,phases   ] GC(133)   Other: 0.9ms
[2026-01-26T06:40:21.138+0000][66][trace][gc,age      ] GC(133) Age table with threshold 15 (max threshold 15)
[2026-01-26T06:40:21.138+0000][66][trace][gc,age      ] GC(133) - age   1:   17463872 bytes,   17463872 total
[2026-01-26T06:40:21.138+0000][66][trace][gc,age      ] GC(133) - age   2:   11431784 bytes,   28895656 total
[2026-01-26T06:40:21.139+0000][66][trace][gc,age      ] GC(133) - age   3:    5382408 bytes,   34278064 total
[2026-01-26T06:40:21.139+0000][66][trace][gc,age      ] GC(133) - age   4:    1971304 bytes,   36249368 total
[2026-01-26T06:40:21.140+0000][66][trace][gc,age      ] GC(133) - age   5:     145912 bytes,   36395280 total
[2026-01-26T06:40:21.140+0000][66][trace][gc,age      ] GC(133) - age   6:       2520 bytes,   36397800 total
[2026-01-26T06:40:21.141+0000][66][trace][gc,age      ] GC(133) - age   7:       3408 bytes,   36401208 total
[2026-01-26T06:40:21.141+0000][66][info ][gc,heap     ] GC(133) Eden regions: 143->0(141)
[2026-01-26T06:40:21.141+0000][66][info ][gc,heap     ] GC(133) Survivor regions: 9->10(19)
[2026-01-26T06:40:21.142+0000][66][info ][gc,heap     ] GC(133) Old regions: 68->68
[2026-01-26T06:40:21.142+0000][66][info ][gc,heap     ] GC(133) Humongous regions: 0->0
[2026-01-26T06:40:21.143+0000][66][info ][gc,metaspace] GC(133) Metaspace: 132847K(136320K)->132847K(136320K) NonClass: 115078K(116928K)->115078K(116928K) Class: 17768K(19392K)->17768K(19392K)
[2026-01-26T06:40:21.143+0000][66][info ][gc          ] GC(133) Pause Young (Normal) (G1 Evacuation Pause) 876M->310M(1024M) 21.569ms
[2026-01-26T06:40:21.143+0000][66][info ][gc,cpu      ] GC(133) User=0.06s Sys=0.00s Real=0.02s
[2026-01-26T06:40:21.144+0000][66][info ][safepoint   ] Safepoint "G1CollectForAllocation", Time since last: 110593756 ns, Reaching safepoint: 18001 ns, Cleanup: 5001 ns, At safepoint: 22426997 ns, Total: 22449999 ns
[2026-01-26T06:40:23.240+0000][66][info ][safepoint   ] Safepoint "Cleanup", Time since last: 2095867900 ns, Reaching safepoint: 157713 ns, Cleanup: 14802 ns, At safepoint: 52604 ns, Total: 225119 ns
[2026-01-26T06:40:24.241+0000][66][info ][safepoint   ] Safepoint "Cleanup", Time since last: 1000714256 ns, Reaching safepoint: 22302 ns, Cleanup: 15801 ns, At safepoint: 4800 ns, Total: 42903 ns
[2026-01-26T06:40:25.304+0000][66][info ][gc,start    ] GC(134) Pause Young (Normal) (G1 Evacuation Pause)
[2026-01-26T06:40:25.305+0000][66][info ][gc,task     ] GC(134) Using 6 workers of 6 for evacuation
[2026-01-26T06:40:25.305+0000][66][debug][gc,age      ] GC(134) Desired survivor size 39845888 bytes, new threshold 15 (max threshold 15)
[2026-01-26T06:40:25.314+0000][66][info ][gc,phases   ] GC(134)   Pre Evacuate Collection Set: 0.5ms
[2026-01-26T06:40:25.314+0000][66][info ][gc,phases   ] GC(134)   Merge Heap Roots: 0.2ms
[2026-01-26T06:40:25.314+0000][66][info ][gc,phases   ] GC(134)   Evacuate Collection Set: 6.1ms
[2026-01-26T06:40:25.315+0000][66][info ][gc,phases   ] GC(134)   Post Evacuate Collection Set: 1.3ms
[2026-01-26T06:40:25.315+0000][66][info ][gc,phases   ] GC(134)   Other: 0.9ms
[2026-01-26T06:40:25.315+0000][66][trace][gc,age      ] GC(134) Age table with threshold 15 (max threshold 15)
[2026-01-26T06:40:25.316+0000][66][trace][gc,age      ] GC(134) - age   1:   14552944 bytes,   14552944 total
[2026-01-26T06:40:25.316+0000][66][trace][gc,age      ] GC(134) - age   2:    2632272 bytes,   17185216 total
[2026-01-26T06:40:25.316+0000][66][trace][gc,age      ] GC(134) - age   3:       1440 bytes,   17186656 total
[2026-01-26T06:40:25.317+0000][66][trace][gc,age      ] GC(134) - age   4:     136072 bytes,   17322728 total
[2026-01-26T06:40:25.317+0000][66][trace][gc,age      ] GC(134) - age   5:        672 bytes,   17323400 total
[2026-01-26T06:40:25.317+0000][66][trace][gc,age      ] GC(134) - age   6:     144152 bytes,   17467552 total
[2026-01-26T06:40:25.318+0000][66][trace][gc,age      ] GC(134) - age   7:       2496 bytes,   17470048 total
[2026-01-26T06:40:25.318+0000][66][trace][gc,age      ] GC(134) - age   8:       3408 bytes,   17473456 total
[2026-01-26T06:40:25.318+0000][66][info ][gc,heap     ] GC(134) Eden regions: 141->0(148)
[2026-01-26T06:40:25.319+0000][66][info ][gc,heap     ] GC(134) Survivor regions: 10->5(19)
[2026-01-26T06:40:25.319+0000][66][info ][gc,heap     ] GC(134) Old regions: 68->68
[2026-01-26T06:40:25.319+0000][66][info ][gc,heap     ] GC(134) Humongous regions: 0->0
[2026-01-26T06:40:25.320+0000][66][info ][gc,metaspace] GC(134) Metaspace: 132848K(136320K)->132848K(136320K) NonClass: 115080K(116928K)->115080K(116928K) Class: 17768K(19392K)->17768K(19392K)
[2026-01-26T06:40:25.320+0000][66][info ][gc          ] GC(134) Pause Young (Normal) (G1 Evacuation Pause) 874M->291M(1024M) 15.628ms
[2026-01-26T06:40:25.320+0000][66][info ][gc,cpu      ] GC(134) User=0.02s Sys=0.01s Real=0.01s
[2026-01-26T06:40:25.320+0000][66][info ][safepoint   ] Safepoint "G1CollectForAllocation", Time since last: 1063544471 ns, Reaching safepoint: 18002 ns, Cleanup: 4400 ns, At safepoint: 16328581 ns, Total: 16350983 ns
[2026-01-26T06:40:26.963+0000][66][info ][safepoint   ] Safepoint "Cleanup", Time since last: 1642180759 ns, Reaching safepoint: 165013 ns, Cleanup: 26802 ns, At safepoint: 170413 ns, Total: 362228 ns
[2026-01-26T06:40:29.496+0000][66][info ][gc,start    ] GC(135) Pause Young (Normal) (G1 Evacuation Pause)
[2026-01-26T06:40:29.496+0000][66][info ][gc,task     ] GC(135) Using 6 workers of 6 for evacuation
[2026-01-26T06:40:29.497+0000][66][debug][gc,age      ] GC(135) Desired survivor size 41943040 bytes, new threshold 15 (max threshold 15)
[2026-01-26T06:40:29.506+0000][66][info ][gc,phases   ] GC(135)   Pre Evacuate Collection Set: 0.4ms
[2026-01-26T06:40:29.507+0000][66][info ][gc,phases   ] GC(135)   Merge Heap Roots: 0.1ms
[2026-01-26T06:40:29.507+0000][66][info ][gc,phases   ] GC(135)   Evacuate Collection Set: 6.5ms
[2026-01-26T06:40:29.507+0000][66][info ][gc,phases   ] GC(135)   Post Evacuate Collection Set: 1.5ms
[2026-01-26T06:40:29.508+0000][66][info ][gc,phases   ] GC(135)   Other: 1.0ms
[2026-01-26T06:40:29.508+0000][66][trace][gc,age      ] GC(135) Age table with threshold 15 (max threshold 15)
[2026-01-26T06:40:29.509+0000][66][trace][gc,age      ] GC(135) - age   1:    8127656 bytes,    8127656 total
[2026-01-26T06:40:29.509+0000][66][trace][gc,age      ] GC(135) - age   2:    1956664 bytes,   10084320 total
[2026-01-26T06:40:29.510+0000][66][trace][gc,age      ] GC(135) - age   3:     726688 bytes,   10811008 total
[2026-01-26T06:40:29.510+0000][66][trace][gc,age      ] GC(135) - age   4:        848 bytes,   10811856 total
[2026-01-26T06:40:29.511+0000][66][trace][gc,age      ] GC(135) - age   5:     136008 bytes,   10947864 total
[2026-01-26T06:40:29.511+0000][66][trace][gc,age      ] GC(135) - age   6:        648 bytes,   10948512 total
[2026-01-26T06:40:29.511+0000][66][trace][gc,age      ] GC(135) - age   7:     143976 bytes,   11092488 total
[2026-01-26T06:40:29.512+0000][66][trace][gc,age      ] GC(135) - age   8:       2184 bytes,   11094672 total
[2026-01-26T06:40:29.512+0000][66][trace][gc,age      ] GC(135) - age   9:       3408 bytes,   11098080 total
[2026-01-26T06:40:29.513+0000][66][info ][gc,heap     ] GC(135) Eden regions: 148->0(150)
[2026-01-26T06:40:29.513+0000][66][info ][gc,heap     ] GC(135) Survivor regions: 5->3(20)
[2026-01-26T06:40:29.513+0000][66][info ][gc,heap     ] GC(135) Old regions: 68->68
[2026-01-26T06:40:29.514+0000][66][info ][gc,heap     ] GC(135) Humongous regions: 0->0
[2026-01-26T06:40:29.514+0000][66][info ][gc,metaspace] GC(135) Metaspace: 132858K(136320K)->132858K(136320K) NonClass: 115090K(116928K)->115090K(116928K) Class: 17768K(19392K)->17768K(19392K)
[2026-01-26T06:40:29.514+0000][66][info ][gc          ] GC(135) Pause Young (Normal) (G1 Evacuation Pause) 883M->283M(1024M) 18.471ms
[2026-01-26T06:40:29.515+0000][66][info ][gc,cpu      ] GC(135) User=0.03s Sys=0.00s Real=0.02s
[2026-01-26T06:40:29.515+0000][66][info ][safepoint   ] Safepoint "G1CollectForAllocation", Time since last: 2532802755 ns, Reaching safepoint: 22702 ns, Cleanup: 5100 ns, At safepoint: 19449670 ns, Total: 19477472 ns
[2026-01-26T06:40:30.572+0000][66][info ][safepoint   ] Safepoint "Cleanup", Time since last: 1056134734 ns, Reaching safepoint: 140511 ns, Cleanup: 16701 ns, At safepoint: 83206 ns, Total: 240418 ns
[2026-01-26T06:40:31.052+0000][66][info ][gc,start    ] GC(136) Pause Young (Normal) (G1 Evacuation Pause)
[2026-01-26T06:40:31.053+0000][66][info ][gc,task     ] GC(136) Using 6 workers of 6 for evacuation
[2026-01-26T06:40:31.053+0000][66][debug][gc,age      ] GC(136) Desired survivor size 41943040 bytes, new threshold 15 (max threshold 15)
[2026-01-26T06:40:31.059+0000][66][info ][gc,phases   ] GC(136)   Pre Evacuate Collection Set: 0.4ms
[2026-01-26T06:40:31.059+0000][66][info ][gc,phases   ] GC(136)   Merge Heap Roots: 0.2ms
[2026-01-26T06:40:31.060+0000][66][info ][gc,phases   ] GC(136)   Evacuate Collection Set: 3.7ms
[2026-01-26T06:40:31.060+0000][66][info ][gc,phases   ] GC(136)   Post Evacuate Collection Set: 1.2ms
[2026-01-26T06:40:31.060+0000][66][info ][gc,phases   ] GC(136)   Other: 0.8ms
[2026-01-26T06:40:31.061+0000][66][trace][gc,age      ] GC(136) Age table with threshold 15 (max threshold 15)
[2026-01-26T06:40:31.061+0000][66][trace][gc,age      ] GC(136) - age   1:    3280928 bytes,    3280928 total
[2026-01-26T06:40:31.061+0000][66][trace][gc,age      ] GC(136) - age   2:    1563248 bytes,    4844176 total
[2026-01-26T06:40:31.062+0000][66][trace][gc,age      ] GC(136) - age   3:     761240 bytes,    5605416 total
[2026-01-26T06:40:31.062+0000][66][trace][gc,age      ] GC(136) - age   4:      87392 bytes,    5692808 total
[2026-01-26T06:40:31.062+0000][66][trace][gc,age      ] GC(136) - age   5:        752 bytes,    5693560 total
[2026-01-26T06:40:31.062+0000][66][trace][gc,age      ] GC(136) - age   6:     134168 bytes,    5827728 total
[2026-01-26T06:40:31.063+0000][66][trace][gc,age      ] GC(136) - age   7:        648 bytes,    5828376 total
[2026-01-26T06:40:31.063+0000][66][trace][gc,age      ] GC(136) - age   8:     139880 bytes,    5968256 total
[2026-01-26T06:40:31.063+0000][66][trace][gc,age      ] GC(136) - age   9:       2184 bytes,    5970440 total
[2026-01-26T06:40:31.064+0000][66][trace][gc,age      ] GC(136) - age  10:       3128 bytes,    5973568 total
[2026-01-26T06:40:31.064+0000][66][info ][gc,heap     ] GC(136) Eden regions: 150->0(151)
[2026-01-26T06:40:31.064+0000][66][info ][gc,heap     ] GC(136) Survivor regions: 3->2(20)
[2026-01-26T06:40:31.065+0000][66][info ][gc,heap     ] GC(136) Old regions: 68->68
[2026-01-26T06:40:31.065+0000][66][info ][gc,heap     ] GC(136) Humongous regions: 0->0
[2026-01-26T06:40:31.065+0000][66][info ][gc,metaspace] GC(136) Metaspace: 132871K(136384K)->132871K(136384K) NonClass: 115102K(116992K)->115102K(116992K) Class: 17768K(19392K)->17768K(19392K)
[2026-01-26T06:40:31.066+0000][66][info ][gc          ] GC(136) Pause Young (Normal) (G1 Evacuation Pause) 883M->278M(1024M) 13.608ms
[2026-01-26T06:40:31.066+0000][66][info ][gc,cpu      ] GC(136) User=0.02s Sys=0.00s Real=0.02s
[2026-01-26T06:40:31.066+0000][66][info ][safepoint   ] Safepoint "G1CollectForAllocation", Time since last: 480400814 ns, Reaching safepoint: 19401 ns, Cleanup: 22102 ns, At safepoint: 14350085 ns, Total: 14391588 ns
[2026-01-26T06:40:32.065+0000][66][info ][safepoint   ] Safepoint "Cleanup", Time since last: 1000478925 ns, Reaching safepoint: 180914 ns, Cleanup: 14201 ns, At safepoint: 48604 ns, Total: 243719 ns
[2026-01-26T06:40:32.845+0000][66][info ][gc,start    ] GC(137) Pause Young (Normal) (G1 Evacuation Pause)
[2026-01-26T06:40:32.845+0000][66][info ][gc,task     ] GC(137) Using 6 workers of 6 for evacuation
[2026-01-26T06:40:32.846+0000][66][debug][gc,age      ] GC(137) Desired survivor size 41943040 bytes, new threshold 15 (max threshold 15)
[2026-01-26T06:40:32.854+0000][66][info ][gc,phases   ] GC(137)   Pre Evacuate Collection Set: 0.4ms
[2026-01-26T06:40:32.855+0000][66][info ][gc,phases   ] GC(137)   Merge Heap Roots: 0.2ms
[2026-01-26T06:40:32.855+0000][66][info ][gc,phases   ] GC(137)   Evacuate Collection Set: 5.9ms
[2026-01-26T06:40:32.856+0000][66][info ][gc,phases   ] GC(137)   Post Evacuate Collection Set: 1.1ms
[2026-01-26T06:40:32.856+0000][66][info ][gc,phases   ] GC(137)   Other: 1.0ms
[2026-01-26T06:40:32.856+0000][66][trace][gc,age      ] GC(137) Age table with threshold 15 (max threshold 15)
[2026-01-26T06:40:32.857+0000][66][trace][gc,age      ] GC(137) - age   1:    6949200 bytes,    6949200 total
[2026-01-26T06:40:32.857+0000][66][trace][gc,age      ] GC(137) - age   2:    1604544 bytes,    8553744 total
[2026-01-26T06:40:32.858+0000][66][trace][gc,age      ] GC(137) - age   3:    1562768 bytes,   10116512 total
[2026-01-26T06:40:32.858+0000][66][trace][gc,age      ] GC(137) - age   4:     760552 bytes,   10877064 total
[2026-01-26T06:40:32.858+0000][66][trace][gc,age      ] GC(137) - age   5:      87360 bytes,   10964424 total
[2026-01-26T06:40:32.859+0000][66][trace][gc,age      ] GC(137) - age   6:        752 bytes,   10965176 total
[2026-01-26T06:40:32.859+0000][66][trace][gc,age      ] GC(137) - age   7:     133920 bytes,   11099096 total
[2026-01-26T06:40:32.859+0000][66][trace][gc,age      ] GC(137) - age   8:        336 bytes,   11099432 total
[2026-01-26T06:40:32.860+0000][66][trace][gc,age      ] GC(137) - age   9:     138504 bytes,   11237936 total
[2026-01-26T06:40:32.860+0000][66][trace][gc,age      ] GC(137) - age  10:       2184 bytes,   11240120 total
[2026-01-26T06:40:32.860+0000][66][trace][gc,age      ] GC(137) - age  11:       3064 bytes,   11243184 total
[2026-01-26T06:40:32.861+0000][66][info ][gc,heap     ] GC(137) Eden regions: 151->0(150)
[2026-01-26T06:40:32.861+0000][66][info ][gc,heap     ] GC(137) Survivor regions: 2->3(20)
[2026-01-26T06:40:32.862+0000][66][info ][gc,heap     ] GC(137) Old regions: 68->68
[2026-01-26T06:40:32.862+0000][66][info ][gc,heap     ] GC(137) Humongous regions: 0->0
[2026-01-26T06:40:32.862+0000][66][info ][gc,metaspace] GC(137) Metaspace: 132876K(136384K)->132876K(136384K) NonClass: 115107K(116992K)->115107K(116992K) Class: 17768K(19392K)->17768K(19392K)
[2026-01-26T06:40:32.863+0000][66][info ][gc          ] GC(137) Pause Young (Normal) (G1 Evacuation Pause) 882M->283M(1024M) 17.541ms
[2026-01-26T06:40:32.863+0000][66][info ][gc,cpu      ] GC(137) User=0.03s Sys=0.00s Real=0.02s
[2026-01-26T06:40:32.863+0000][66][info ][safepoint   ] Safepoint "G1CollectForAllocation", Time since last: 779607231 ns, Reaching safepoint: 183913 ns, Cleanup: 6701 ns, At safepoint: 18312884 ns, Total: 18503498 ns
[2026-01-26T06:40:34.508+0000][66][info ][gc,start    ] GC(138) Pause Young (Normal) (G1 Evacuation Pause)
[2026-01-26T06:40:34.509+0000][66][info ][gc,task     ] GC(138) Using 6 workers of 6 for evacuation
[2026-01-26T06:40:34.509+0000][66][debug][gc,age      ] GC(138) Desired survivor size 41943040 bytes, new threshold 15 (max threshold 15)
[2026-01-26T06:40:34.518+0000][66][info ][gc,phases   ] GC(138)   Pre Evacuate Collection Set: 0.4ms
[2026-01-26T06:40:34.518+0000][66][info ][gc,phases   ] GC(138)   Merge Heap Roots: 0.2ms
[2026-01-26T06:40:34.519+0000][66][info ][gc,phases   ] GC(138)   Evacuate Collection Set: 6.4ms
[2026-01-26T06:40:34.519+0000][66][info ][gc,phases   ] GC(138)   Post Evacuate Collection Set: 1.3ms
[2026-01-26T06:40:34.519+0000][66][info ][gc,phases   ] GC(138)   Other: 0.8ms
[2026-01-26T06:40:34.520+0000][66][trace][gc,age      ] GC(138) Age table with threshold 15 (max threshold 15)
[2026-01-26T06:40:34.520+0000][66][trace][gc,age      ] GC(138) - age   1:    5624056 bytes,    5624056 total
[2026-01-26T06:40:34.520+0000][66][trace][gc,age      ] GC(138) - age   2:     928840 bytes,    6552896 total
[2026-01-26T06:40:34.520+0000][66][trace][gc,age      ] GC(138) - age   3:     282712 bytes,    6835608 total
[2026-01-26T06:40:34.521+0000][66][trace][gc,age      ] GC(138) - age   4:    1470912 bytes,    8306520 total
[2026-01-26T06:40:34.521+0000][66][trace][gc,age      ] GC(138) - age   5:     646368 bytes,    8952888 total
[2026-01-26T06:40:34.521+0000][66][trace][gc,age      ] GC(138) - age   6:      87328 bytes,    9040216 total
[2026-01-26T06:40:34.521+0000][66][trace][gc,age      ] GC(138) - age   7:        752 bytes,    9040968 total
[2026-01-26T06:40:34.522+0000][66][trace][gc,age      ] GC(138) - age   8:     133856 bytes,    9174824 total
[2026-01-26T06:40:34.522+0000][66][trace][gc,age      ] GC(138) - age   9:        336 bytes,    9175160 total
[2026-01-26T06:40:34.522+0000][66][trace][gc,age      ] GC(138) - age  10:     138504 bytes,    9313664 total
[2026-01-26T06:40:34.522+0000][66][trace][gc,age      ] GC(138) - age  11:       2184 bytes,    9315848 total
[2026-01-26T06:40:34.523+0000][66][trace][gc,age      ] GC(138) - age  12:       3064 bytes,    9318912 total
[2026-01-26T06:40:34.523+0000][66][info ][gc,heap     ] GC(138) Eden regions: 150->0(150)
[2026-01-26T06:40:34.523+0000][66][info ][gc,heap     ] GC(138) Survivor regions: 3->3(20)
[2026-01-26T06:40:34.524+0000][66][info ][gc,heap     ] GC(138) Old regions: 68->68
[2026-01-26T06:40:34.524+0000][66][info ][gc,heap     ] GC(138) Humongous regions: 0->0
[2026-01-26T06:40:34.524+0000][66][info ][gc,metaspace] GC(138) Metaspace: 132876K(136384K)->132876K(136384K) NonClass: 115107K(116992K)->115107K(116992K) Class: 17768K(19392K)->17768K(19392K)
[2026-01-26T06:40:34.524+0000][66][info ][gc          ] GC(138) Pause Young (Normal) (G1 Evacuation Pause) 883M->281M(1024M) 16.133ms
[2026-01-26T06:40:34.525+0000][66][info ][gc,cpu      ] GC(138) User=0.03s Sys=0.01s Real=0.02s
[2026-01-26T06:40:34.525+0000][66][info ][safepoint   ] Safepoint "G1CollectForAllocation", Time since last: 1644751028 ns, Reaching safepoint: 155111 ns, Cleanup: 16101 ns, At safepoint: 16912179 ns, Total: 17083391 ns
[2026-01-26T06:40:36.434+0000][66][info ][gc,start    ] GC(139) Pause Young (Normal) (G1 Evacuation Pause)
[2026-01-26T06:40:36.434+0000][66][info ][gc,task     ] GC(139) Using 6 workers of 6 for evacuation
[2026-01-26T06:40:36.435+0000][66][debug][gc,age      ] GC(139) Desired survivor size 41943040 bytes, new threshold 15 (max threshold 15)
[2026-01-26T06:40:36.444+0000][66][info ][gc,phases   ] GC(139)   Pre Evacuate Collection Set: 0.5ms
[2026-01-26T06:40:36.445+0000][66][info ][gc,phases   ] GC(139)   Merge Heap Roots: 0.2ms
[2026-01-26T06:40:36.446+0000][66][info ][gc,phases   ] GC(139)   Evacuate Collection Set: 7.0ms
[2026-01-26T06:40:36.446+0000][66][info ][gc,phases   ] GC(139)   Post Evacuate Collection Set: 1.5ms
[2026-01-26T06:40:36.447+0000][66][info ][gc,phases   ] GC(139)   Other: 1.1ms
[2026-01-26T06:40:36.447+0000][66][trace][gc,age      ] GC(139) Age table with threshold 15 (max threshold 15)
[2026-01-26T06:40:36.448+0000][66][trace][gc,age      ] GC(139) - age   1:    7327344 bytes,    7327344 total
[2026-01-26T06:40:36.448+0000][66][trace][gc,age      ] GC(139) - age   2:    2209040 bytes,    9536384 total
[2026-01-26T06:40:36.449+0000][66][trace][gc,age      ] GC(139) - age   3:     881640 bytes,   10418024 total
[2026-01-26T06:40:36.449+0000][66][trace][gc,age      ] GC(139) - age   4:     282584 bytes,   10700608 total
[2026-01-26T06:40:36.450+0000][66][trace][gc,age      ] GC(139) - age   5:    1470376 bytes,   12170984 total
[2026-01-26T06:40:36.450+0000][66][trace][gc,age      ] GC(139) - age   6:     646368 bytes,   12817352 total
[2026-01-26T06:40:36.451+0000][66][trace][gc,age      ] GC(139) - age   7:      87328 bytes,   12904680 total
[2026-01-26T06:40:36.451+0000][66][trace][gc,age      ] GC(139) - age   8:        752 bytes,   12905432 total
[2026-01-26T06:40:36.451+0000][66][trace][gc,age      ] GC(139) - age   9:     133856 bytes,   13039288 total
[2026-01-26T06:40:36.452+0000][66][trace][gc,age      ] GC(139) - age  10:        336 bytes,   13039624 total
[2026-01-26T06:40:36.452+0000][66][trace][gc,age      ] GC(139) - age  11:     138504 bytes,   13178128 total
[2026-01-26T06:40:36.453+0000][66][trace][gc,age      ] GC(139) - age  12:       2184 bytes,   13180312 total
[2026-01-26T06:40:36.453+0000][66][trace][gc,age      ] GC(139) - age  13:       3064 bytes,   13183376 total
[2026-01-26T06:40:36.453+0000][66][info ][gc,heap     ] GC(139) Eden regions: 150->0(149)
[2026-01-26T06:40:36.454+0000][66][info ][gc,heap     ] GC(139) Survivor regions: 3->4(20)
[2026-01-26T06:40:36.454+0000][66][info ][gc,heap     ] GC(139) Old regions: 68->68
[2026-01-26T06:40:36.455+0000][66][info ][gc,heap     ] GC(139) Humongous regions: 0->0
[2026-01-26T06:40:36.455+0000][66][info ][gc,metaspace] GC(139) Metaspace: 132876K(136384K)->132876K(136384K) NonClass: 115107K(116992K)->115107K(116992K) Class: 17768K(19392K)->17768K(19392K)
[2026-01-26T06:40:36.456+0000][66][info ][gc          ] GC(139) Pause Young (Normal) (G1 Evacuation Pause) 881M->285M(1024M) 21.952ms
[2026-01-26T06:40:36.456+0000][66][info ][gc,cpu      ] GC(139) User=0.02s Sys=0.00s Real=0.02s
[2026-01-26T06:40:36.457+0000][66][info ][safepoint   ] Safepoint "G1CollectForAllocation", Time since last: 1908406430 ns, Reaching safepoint: 20902 ns, Cleanup: 5500 ns, At safepoint: 23028252 ns, Total: 23054654 ns
[2026-01-26T06:40:38.460+0000][66][info ][safepoint   ] Safepoint "Cleanup", Time since last: 2002841337 ns, Reaching safepoint: 135511 ns, Cleanup: 14701 ns, At safepoint: 45503 ns, Total: 195715 ns
[2026-01-26T06:40:39.324+0000][66][info ][gc,start    ] GC(140) Pause Young (Normal) (G1 Evacuation Pause)
[2026-01-26T06:40:39.324+0000][66][info ][gc,task     ] GC(140) Using 6 workers of 6 for evacuation
[2026-01-26T06:40:39.325+0000][66][debug][gc,age      ] GC(140) Desired survivor size 41943040 bytes, new threshold 15 (max threshold 15)
[2026-01-26T06:40:39.337+0000][66][info ][gc,phases   ] GC(140)   Pre Evacuate Collection Set: 0.4ms
[2026-01-26T06:40:39.337+0000][66][info ][gc,phases   ] GC(140)   Merge Heap Roots: 0.2ms
[2026-01-26T06:40:39.338+0000][66][info ][gc,phases   ] GC(140)   Evacuate Collection Set: 10.0ms
[2026-01-26T06:40:39.338+0000][66][info ][gc,phases   ] GC(140)   Post Evacuate Collection Set: 1.2ms
[2026-01-26T06:40:39.339+0000][66][info ][gc,phases   ] GC(140)   Other: 1.1ms
[2026-01-26T06:40:39.339+0000][66][trace][gc,age      ] GC(140) Age table with threshold 15 (max threshold 15)
[2026-01-26T06:40:39.339+0000][66][trace][gc,age      ] GC(140) - age   1:    9808816 bytes,    9808816 total
[2026-01-26T06:40:39.340+0000][66][trace][gc,age      ] GC(140) - age   2:    3708576 bytes,   13517392 total
[2026-01-26T06:40:39.340+0000][66][trace][gc,age      ] GC(140) - age   3:    2208968 bytes,   15726360 total
[2026-01-26T06:40:39.341+0000][66][trace][gc,age      ] GC(140) - age   4:     880160 bytes,   16606520 total
[2026-01-26T06:40:39.341+0000][66][trace][gc,age      ] GC(140) - age   5:     282584 bytes,   16889104 total
[2026-01-26T06:40:39.341+0000][66][trace][gc,age      ] GC(140) - age   6:    1470192 bytes,   18359296 total
[2026-01-26T06:40:39.342+0000][66][trace][gc,age      ] GC(140) - age   7:     646368 bytes,   19005664 total
[2026-01-26T06:40:39.342+0000][66][trace][gc,age      ] GC(140) - age   8:      87328 bytes,   19092992 total
[2026-01-26T06:40:39.342+0000][66][trace][gc,age      ] GC(140) - age   9:        752 bytes,   19093744 total
[2026-01-26T06:40:39.343+0000][66][trace][gc,age      ] GC(140) - age  10:     133856 bytes,   19227600 total
[2026-01-26T06:40:39.343+0000][66][trace][gc,age      ] GC(140) - age  11:        336 bytes,   19227936 total
[2026-01-26T06:40:39.343+0000][66][trace][gc,age      ] GC(140) - age  12:     138504 bytes,   19366440 total
[2026-01-26T06:40:39.344+0000][66][trace][gc,age      ] GC(140) - age  13:       2184 bytes,   19368624 total
[2026-01-26T06:40:39.344+0000][66][trace][gc,age      ] GC(140) - age  14:       3064 bytes,   19371688 total
[2026-01-26T06:40:39.344+0000][66][info ][gc,heap     ] GC(140) Eden regions: 149->0(148)
[2026-01-26T06:40:39.345+0000][66][info ][gc,heap     ] GC(140) Survivor regions: 4->5(20)
[2026-01-26T06:40:39.345+0000][66][info ][gc,heap     ] GC(140) Old regions: 68->68
[2026-01-26T06:40:39.345+0000][66][info ][gc,heap     ] GC(140) Humongous regions: 0->0
[2026-01-26T06:40:39.346+0000][66][info ][gc,metaspace] GC(140) Metaspace: 132876K(136384K)->132876K(136384K) NonClass: 115107K(116992K)->115107K(116992K) Class: 17768K(19392K)->17768K(19392K)
[2026-01-26T06:40:39.346+0000][66][info ][gc          ] GC(140) Pause Young (Normal) (G1 Evacuation Pause) 881M->291M(1024M) 22.582ms
[2026-01-26T06:40:39.347+0000][66][info ][gc,cpu      ] GC(140) User=0.04s Sys=0.00s Real=0.02s
[2026-01-26T06:40:39.347+0000][66][info ][safepoint   ] Safepoint "G1CollectForAllocation", Time since last: 863947213 ns, Reaching safepoint: 17601 ns, Cleanup: 5400 ns, At safepoint: 23420582 ns, Total: 23443583 ns
[2026-01-26T06:40:43.785+0000][66][info ][gc,start    ] GC(141) Pause Young (Normal) (G1 Evacuation Pause)
[2026-01-26T06:40:43.786+0000][66][info ][gc,task     ] GC(141) Using 6 workers of 6 for evacuation
[2026-01-26T06:40:43.786+0000][66][debug][gc,age      ] GC(141) Desired survivor size 41943040 bytes, new threshold 15 (max threshold 15)
[2026-01-26T06:40:43.797+0000][66][info ][gc,phases   ] GC(141)   Pre Evacuate Collection Set: 0.3ms
[2026-01-26T06:40:43.798+0000][66][info ][gc,phases   ] GC(141)   Merge Heap Roots: 0.2ms
[2026-01-26T06:40:43.798+0000][66][info ][gc,phases   ] GC(141)   Evacuate Collection Set: 8.6ms
[2026-01-26T06:40:43.799+0000][66][info ][gc,phases   ] GC(141)   Post Evacuate Collection Set: 1.4ms
[2026-01-26T06:40:43.799+0000][66][info ][gc,phases   ] GC(141)   Other: 0.9ms
[2026-01-26T06:40:43.799+0000][66][trace][gc,age      ] GC(141) Age table with threshold 15 (max threshold 15)
[2026-01-26T06:40:43.800+0000][66][trace][gc,age      ] GC(141) - age   1:   17213632 bytes,   17213632 total
[2026-01-26T06:40:43.800+0000][66][trace][gc,age      ] GC(141) - age   2:    4046856 bytes,   21260488 total
[2026-01-26T06:40:43.801+0000][66][trace][gc,age      ] GC(141) - age   3:    3226232 bytes,   24486720 total
[2026-01-26T06:40:43.801+0000][66][trace][gc,age      ] GC(141) - age   4:    2081744 bytes,   26568464 total
[2026-01-26T06:40:43.802+0000][66][trace][gc,age      ] GC(141) - age   5:     867328 bytes,   27435792 total
[2026-01-26T06:40:43.802+0000][66][trace][gc,age      ] GC(141) - age   6:     272568 bytes,   27708360 total
[2026-01-26T06:40:43.802+0000][66][trace][gc,age      ] GC(141) - age   7:    1250080 bytes,   28958440 total
[2026-01-26T06:40:43.803+0000][66][trace][gc,age      ] GC(141) - age   8:     646288 bytes,   29604728 total
[2026-01-26T06:40:43.803+0000][66][trace][gc,age      ] GC(141) - age   9:      87328 bytes,   29692056 total
[2026-01-26T06:40:43.804+0000][66][trace][gc,age      ] GC(141) - age  11:     133496 bytes,   29825552 total
[2026-01-26T06:40:43.804+0000][66][trace][gc,age      ] GC(141) - age  12:        336 bytes,   29825888 total
[2026-01-26T06:40:43.804+0000][66][trace][gc,age      ] GC(141) - age  13:     138504 bytes,   29964392 total
[2026-01-26T06:40:43.805+0000][66][trace][gc,age      ] GC(141) - age  14:       2184 bytes,   29966576 total
[2026-01-26T06:40:43.805+0000][66][trace][gc,age      ] GC(141) - age  15:       2784 bytes,   29969360 total
[2026-01-26T06:40:43.806+0000][66][info ][gc,heap     ] GC(141) Eden regions: 148->0(145)
[2026-01-26T06:40:43.806+0000][66][info ][gc,heap     ] GC(141) Survivor regions: 5->8(20)
[2026-01-26T06:40:43.806+0000][66][info ][gc,heap     ] GC(141) Old regions: 68->68
[2026-01-26T06:40:43.807+0000][66][info ][gc,heap     ] GC(141) Humongous regions: 0->0
[2026-01-26T06:40:43.807+0000][66][info ][gc,metaspace] GC(141) Metaspace: 132880K(136384K)->132880K(136384K) NonClass: 115111K(116992K)->115111K(116992K) Class: 17768K(19392K)->17768K(19392K)
[2026-01-26T06:40:43.808+0000][66][info ][gc          ] GC(141) Pause Young (Normal) (G1 Evacuation Pause) 883M->301M(1024M) 22.312ms
[2026-01-26T06:40:43.808+0000][66][info ][gc,cpu      ] GC(141) User=0.04s Sys=0.00s Real=0.02s
[2026-01-26T06:40:43.809+0000][66][info ][safepoint   ] Safepoint "G1CollectForAllocation", Time since last: 4438119639 ns, Reaching safepoint: 138311 ns, Cleanup: 14901 ns, At safepoint: 23284994 ns, Total: 23438206 ns
[2026-01-26T06:40:45.424+0000][66][info ][safepoint   ] Safepoint "Cleanup", Time since last: 1615658686 ns, Reaching safepoint: 129710 ns, Cleanup: 13601 ns, At safepoint: 71905 ns, Total: 215216 ns
[2026-01-26T06:40:47.668+0000][66][info ][safepoint   ] Safepoint "Cleanup", Time since last: 2243096930 ns, Reaching safepoint: 7901 ns, Cleanup: 9000 ns, At safepoint: 28302 ns, Total: 45203 ns
[2026-01-26T06:40:49.890+0000][66][info ][gc,start    ] GC(142) Pause Young (Normal) (G1 Evacuation Pause)
[2026-01-26T06:40:49.890+0000][66][info ][gc,task     ] GC(142) Using 6 workers of 6 for evacuation
[2026-01-26T06:40:49.891+0000][66][debug][gc,age      ] GC(142) Desired survivor size 41943040 bytes, new threshold 15 (max threshold 15)
[2026-01-26T06:40:49.901+0000][66][info ][gc,phases   ] GC(142)   Pre Evacuate Collection Set: 0.6ms
[2026-01-26T06:40:49.902+0000][66][info ][gc,phases   ] GC(142)   Merge Heap Roots: 0.4ms
[2026-01-26T06:40:49.902+0000][66][info ][gc,phases   ] GC(142)   Evacuate Collection Set: 7.1ms
[2026-01-26T06:40:49.903+0000][66][info ][gc,phases   ] GC(142)   Post Evacuate Collection Set: 1.5ms
[2026-01-26T06:40:49.903+0000][66][info ][gc,phases   ] GC(142)   Other: 1.1ms
[2026-01-26T06:40:49.904+0000][66][trace][gc,age      ] GC(142) Age table with threshold 15 (max threshold 15)
[2026-01-26T06:40:49.905+0000][66][trace][gc,age      ] GC(142) - age   1:   13508832 bytes,   13508832 total
[2026-01-26T06:40:49.905+0000][66][trace][gc,age      ] GC(142) - age   2:     122400 bytes,   13631232 total
[2026-01-26T06:40:49.906+0000][66][trace][gc,age      ] GC(142) - age   5:      94752 bytes,   13725984 total
[2026-01-26T06:40:49.906+0000][66][trace][gc,age      ] GC(142) - age   6:       2176 bytes,   13728160 total
[2026-01-26T06:40:49.907+0000][66][trace][gc,age      ] GC(142) - age   7:     270464 bytes,   13998624 total
[2026-01-26T06:40:49.907+0000][66][trace][gc,age      ] GC(142) - age   8:    1249864 bytes,   15248488 total
[2026-01-26T06:40:49.908+0000][66][trace][gc,age      ] GC(142) - age   9:     643984 bytes,   15892472 total
[2026-01-26T06:40:49.908+0000][66][trace][gc,age      ] GC(142) - age  10:      86760 bytes,   15979232 total
[2026-01-26T06:40:49.909+0000][66][trace][gc,age      ] GC(142) - age  12:     133496 bytes,   16112728 total
[2026-01-26T06:40:49.909+0000][66][trace][gc,age      ] GC(142) - age  13:        336 bytes,   16113064 total
[2026-01-26T06:40:49.910+0000][66][trace][gc,age      ] GC(142) - age  14:     138504 bytes,   16251568 total
[2026-01-26T06:40:49.910+0000][66][trace][gc,age      ] GC(142) - age  15:       2184 bytes,   16253752 total
[2026-01-26T06:40:49.911+0000][66][info ][gc,heap     ] GC(142) Eden regions: 145->0(148)
[2026-01-26T06:40:49.911+0000][66][info ][gc,heap     ] GC(142) Survivor regions: 8->5(20)
[2026-01-26T06:40:49.912+0000][66][info ][gc,heap     ] GC(142) Old regions: 68->68
[2026-01-26T06:40:49.912+0000][66][info ][gc,heap     ] GC(142) Humongous regions: 0->0
[2026-01-26T06:40:49.912+0000][66][info ][gc,metaspace] GC(142) Metaspace: 132891K(136384K)->132891K(136384K) NonClass: 115122K(116992K)->115122K(116992K) Class: 17768K(19392K)->17768K(19392K)
[2026-01-26T06:40:49.913+0000][66][info ][gc          ] GC(142) Pause Young (Normal) (G1 Evacuation Pause) 881M->289M(1024M) 23.205ms
[2026-01-26T06:40:49.913+0000][66][info ][gc,cpu      ] GC(142) User=0.03s Sys=0.00s Real=0.03s
[2026-01-26T06:40:49.914+0000][66][info ][safepoint   ] Safepoint "G1CollectForAllocation", Time since last: 2221914498 ns, Reaching safepoint: 19601 ns, Cleanup: 5501 ns, At safepoint: 24520889 ns, Total: 24545991 ns
[2026-01-26T06:40:51.887+0000][66][info ][safepoint   ] Safepoint "Cleanup", Time since last: 1972912247 ns, Reaching safepoint: 204416 ns, Cleanup: 18002 ns, At safepoint: 76105 ns, Total: 298523 ns
[2026-01-26T06:40:57.229+0000][66][info ][gc,start    ] GC(143) Pause Young (Normal) (G1 Evacuation Pause)
[2026-01-26T06:40:57.229+0000][66][info ][gc,task     ] GC(143) Using 6 workers of 6 for evacuation
[2026-01-26T06:40:57.229+0000][66][debug][gc,age      ] GC(143) Desired survivor size 41943040 bytes, new threshold 15 (max threshold 15)
[2026-01-26T06:40:57.239+0000][66][info ][gc,phases   ] GC(143)   Pre Evacuate Collection Set: 0.3ms
[2026-01-26T06:40:57.239+0000][66][info ][gc,phases   ] GC(143)   Merge Heap Roots: 0.2ms
[2026-01-26T06:40:57.239+0000][66][info ][gc,phases   ] GC(143)   Evacuate Collection Set: 7.4ms
[2026-01-26T06:40:57.240+0000][66][info ][gc,phases   ] GC(143)   Post Evacuate Collection Set: 1.0ms
[2026-01-26T06:40:57.240+0000][66][info ][gc,phases   ] GC(143)   Other: 0.8ms
[2026-01-26T06:40:57.241+0000][66][trace][gc,age      ] GC(143) Age table with threshold 15 (max threshold 15)
[2026-01-26T06:40:57.241+0000][66][trace][gc,age      ] GC(143) - age   1:   18972880 bytes,   18972880 total
[2026-01-26T06:40:57.241+0000][66][trace][gc,age      ] GC(143) - age   2:    6569632 bytes,   25542512 total
[2026-01-26T06:40:57.242+0000][66][trace][gc,age      ] GC(143) - age   3:     116136 bytes,   25658648 total
[2026-01-26T06:40:57.242+0000][66][trace][gc,age      ] GC(143) - age   6:      94504 bytes,   25753152 total
[2026-01-26T06:40:57.242+0000][66][trace][gc,age      ] GC(143) - age   7:       2176 bytes,   25755328 total
[2026-01-26T06:40:57.243+0000][66][trace][gc,age      ] GC(143) - age   8:     270200 bytes,   26025528 total
[2026-01-26T06:40:57.243+0000][66][trace][gc,age      ] GC(143) - age   9:       6048 bytes,   26031576 total
[2026-01-26T06:40:57.243+0000][66][trace][gc,age      ] GC(143) - age  10:     123792 bytes,   26155368 total
[2026-01-26T06:40:57.244+0000][66][trace][gc,age      ] GC(143) - age  11:      86328 bytes,   26241696 total
[2026-01-26T06:40:57.244+0000][66][trace][gc,age      ] GC(143) - age  13:     133176 bytes,   26374872 total
[2026-01-26T06:40:57.244+0000][66][trace][gc,age      ] GC(143) - age  14:        336 bytes,   26375208 total
[2026-01-26T06:40:57.245+0000][66][trace][gc,age      ] GC(143) - age  15:     138200 bytes,   26513408 total
[2026-01-26T06:40:57.245+0000][66][info ][gc,heap     ] GC(143) Eden regions: 148->0(146)
[2026-01-26T06:40:57.245+0000][66][info ][gc,heap     ] GC(143) Survivor regions: 5->7(20)
[2026-01-26T06:40:57.246+0000][66][info ][gc,heap     ] GC(143) Old regions: 68->68
[2026-01-26T06:40:57.246+0000][66][info ][gc,heap     ] GC(143) Humongous regions: 0->0
[2026-01-26T06:40:57.246+0000][66][info ][gc,metaspace] GC(143) Metaspace: 132893K(136384K)->132893K(136384K) NonClass: 115124K(116992K)->115124K(116992K) Class: 17768K(19392K)->17768K(19392K)
[2026-01-26T06:40:57.247+0000][66][info ][gc          ] GC(143) Pause Young (Normal) (G1 Evacuation Pause) 881M->299M(1024M) 18.084ms
[2026-01-26T06:40:57.247+0000][66][info ][gc,cpu      ] GC(143) User=0.03s Sys=0.01s Real=0.02s
[2026-01-26T06:40:57.248+0000][66][info ][safepoint   ] Safepoint "G1CollectForAllocation", Time since last: 5341400837 ns, Reaching safepoint: 16401 ns, Cleanup: 3901 ns, At safepoint: 18931054 ns, Total: 18951356 ns
[2026-01-26T06:41:01.857+0000][66][info ][safepoint   ] Safepoint "Cleanup", Time since last: 4612159593 ns, Reaching safepoint: 23802 ns, Cleanup: 14901 ns, At safepoint: 4000 ns, Total: 42703 ns
[2026-01-26T06:41:04.541+0000][66][info ][gc,start    ] GC(144) Pause Young (Normal) (G1 Evacuation Pause)
[2026-01-26T06:41:04.541+0000][66][info ][gc,task     ] GC(144) Using 6 workers of 6 for evacuation
[2026-01-26T06:41:04.542+0000][66][debug][gc,age      ] GC(144) Desired survivor size 41943040 bytes, new threshold 15 (max threshold 15)
[2026-01-26T06:41:04.552+0000][66][info ][gc,phases   ] GC(144)   Pre Evacuate Collection Set: 0.4ms
[2026-01-26T06:41:04.552+0000][66][info ][gc,phases   ] GC(144)   Merge Heap Roots: 0.2ms
[2026-01-26T06:41:04.552+0000][66][info ][gc,phases   ] GC(144)   Evacuate Collection Set: 7.7ms
[2026-01-26T06:41:04.553+0000][66][info ][gc,phases   ] GC(144)   Post Evacuate Collection Set: 1.1ms
[2026-01-26T06:41:04.553+0000][66][info ][gc,phases   ] GC(144)   Other: 0.9ms
[2026-01-26T06:41:04.554+0000][66][trace][gc,age      ] GC(144) Age table with threshold 15 (max threshold 15)
[2026-01-26T06:41:04.554+0000][66][trace][gc,age      ] GC(144) - age   1:   22379752 bytes,   22379752 total
[2026-01-26T06:41:04.554+0000][66][trace][gc,age      ] GC(144) - age   2:    1842568 bytes,   24222320 total
[2026-01-26T06:41:04.555+0000][66][trace][gc,age      ] GC(144) - age   3:     109912 bytes,   24332232 total
[2026-01-26T06:41:04.555+0000][66][trace][gc,age      ] GC(144) - age   4:     116040 bytes,   24448272 total
[2026-01-26T06:41:04.555+0000][66][trace][gc,age      ] GC(144) - age   7:      92280 bytes,   24540552 total
[2026-01-26T06:41:04.556+0000][66][trace][gc,age      ] GC(144) - age   8:        464 bytes,   24541016 total
[2026-01-26T06:41:04.556+0000][66][trace][gc,age      ] GC(144) - age   9:     266416 bytes,   24807432 total
[2026-01-26T06:41:04.556+0000][66][trace][gc,age      ] GC(144) - age  10:       5840 bytes,   24813272 total
[2026-01-26T06:41:04.557+0000][66][trace][gc,age      ] GC(144) - age  11:     123600 bytes,   24936872 total
[2026-01-26T06:41:04.557+0000][66][trace][gc,age      ] GC(144) - age  12:      86048 bytes,   25022920 total
[2026-01-26T06:41:04.557+0000][66][trace][gc,age      ] GC(144) - age  14:       1160 bytes,   25024080 total
[2026-01-26T06:41:04.558+0000][66][trace][gc,age      ] GC(144) - age  15:        336 bytes,   25024416 total
[2026-01-26T06:41:04.558+0000][66][info ][gc,heap     ] GC(144) Eden regions: 146->0(146)
[2026-01-26T06:41:04.558+0000][66][info ][gc,heap     ] GC(144) Survivor regions: 7->7(20)
[2026-01-26T06:41:04.558+0000][66][info ][gc,heap     ] GC(144) Old regions: 68->68
[2026-01-26T06:41:04.559+0000][66][info ][gc,heap     ] GC(144) Humongous regions: 0->0
[2026-01-26T06:41:04.559+0000][66][info ][gc,metaspace] GC(144) Metaspace: 132893K(136384K)->132893K(136384K) NonClass: 115124K(116992K)->115124K(116992K) Class: 17768K(19392K)->17768K(19392K)
[2026-01-26T06:41:04.559+0000][66][info ][gc          ] GC(144) Pause Young (Normal) (G1 Evacuation Pause) 883M->297M(1024M) 18.206ms
[2026-01-26T06:41:04.559+0000][66][info ][gc,cpu      ] GC(144) User=0.04s Sys=0.00s Real=0.02s
[2026-01-26T06:41:04.560+0000][66][info ][safepoint   ] Safepoint "G1CollectForAllocation", Time since last: 2683878134 ns, Reaching safepoint: 18001 ns, Cleanup: 4800 ns, At safepoint: 18836375 ns, Total: 18859176 ns
[2026-01-26T06:41:06.561+0000][66][info ][safepoint   ] Safepoint "Cleanup", Time since last: 2000686458 ns, Reaching safepoint: 137510 ns, Cleanup: 12701 ns, At safepoint: 42303 ns, Total: 192514 ns
[2026-01-26T06:41:09.407+0000][66][info ][safepoint   ] Safepoint "Cleanup", Time since last: 2846542228 ns, Reaching safepoint: 7200 ns, Cleanup: 8801 ns, At safepoint: 3100 ns, Total: 19101 ns
[2026-01-26T06:41:10.303+0000][66][info ][gc,start    ] GC(145) Pause Young (Normal) (G1 Evacuation Pause)
[2026-01-26T06:41:10.303+0000][66][info ][gc,task     ] GC(145) Using 6 workers of 6 for evacuation
[2026-01-26T06:41:10.304+0000][66][debug][gc,age      ] GC(145) Desired survivor size 41943040 bytes, new threshold 15 (max threshold 15)
[2026-01-26T06:41:10.315+0000][66][info ][gc,phases   ] GC(145)   Pre Evacuate Collection Set: 0.3ms
[2026-01-26T06:41:10.315+0000][66][info ][gc,phases   ] GC(145)   Merge Heap Roots: 0.2ms
[2026-01-26T06:41:10.316+0000][66][info ][gc,phases   ] GC(145)   Evacuate Collection Set: 9.1ms
[2026-01-26T06:41:10.316+0000][66][info ][gc,phases   ] GC(145)   Post Evacuate Collection Set: 1.1ms
[2026-01-26T06:41:10.316+0000][66][info ][gc,phases   ] GC(145)   Other: 0.7ms
[2026-01-26T06:41:10.317+0000][66][trace][gc,age      ] GC(145) Age table with threshold 15 (max threshold 15)
[2026-01-26T06:41:10.317+0000][66][trace][gc,age      ] GC(145) - age   1:   24626624 bytes,   24626624 total
[2026-01-26T06:41:10.317+0000][66][trace][gc,age      ] GC(145) - age   2:   11489056 bytes,   36115680 total
[2026-01-26T06:41:10.318+0000][66][trace][gc,age      ] GC(145) - age   3:    1552696 bytes,   37668376 total
[2026-01-26T06:41:10.318+0000][66][trace][gc,age      ] GC(145) - age   4:     109352 bytes,   37777728 total
[2026-01-26T06:41:10.318+0000][66][trace][gc,age      ] GC(145) - age   5:     116040 bytes,   37893768 total
[2026-01-26T06:41:10.318+0000][66][trace][gc,age      ] GC(145) - age   8:      92280 bytes,   37986048 total
[2026-01-26T06:41:10.319+0000][66][trace][gc,age      ] GC(145) - age   9:        464 bytes,   37986512 total
[2026-01-26T06:41:10.319+0000][66][trace][gc,age      ] GC(145) - age  10:     266416 bytes,   38252928 total
[2026-01-26T06:41:10.319+0000][66][trace][gc,age      ] GC(145) - age  11:       5840 bytes,   38258768 total
[2026-01-26T06:41:10.319+0000][66][trace][gc,age      ] GC(145) - age  12:     123600 bytes,   38382368 total
[2026-01-26T06:41:10.320+0000][66][trace][gc,age      ] GC(145) - age  13:      86048 bytes,   38468416 total
[2026-01-26T06:41:10.320+0000][66][trace][gc,age      ] GC(145) - age  15:       1160 bytes,   38469576 total
[2026-01-26T06:41:10.320+0000][66][info ][gc,heap     ] GC(145) Eden regions: 146->0(141)
[2026-01-26T06:41:10.320+0000][66][info ][gc,heap     ] GC(145) Survivor regions: 7->10(20)
[2026-01-26T06:41:10.321+0000][66][info ][gc,heap     ] GC(145) Old regions: 68->68
[2026-01-26T06:41:10.321+0000][66][info ][gc,heap     ] GC(145) Humongous regions: 0->0
[2026-01-26T06:41:10.321+0000][66][info ][gc,metaspace] GC(145) Metaspace: 132895K(136384K)->132895K(136384K) NonClass: 115127K(116992K)->115127K(116992K) Class: 17768K(19392K)->17768K(19392K)
[2026-01-26T06:41:10.321+0000][66][info ][gc          ] GC(145) Pause Young (Normal) (G1 Evacuation Pause) 881M->311M(1024M) 18.445ms
[2026-01-26T06:41:10.322+0000][66][info ][gc,cpu      ] GC(145) User=0.05s Sys=0.00s Real=0.02s
[2026-01-26T06:41:10.322+0000][66][info ][safepoint   ] Safepoint "G1CollectForAllocation", Time since last: 895585813 ns, Reaching safepoint: 16701 ns, Cleanup: 11801 ns, At safepoint: 19038535 ns, Total: 19067037 ns
[2026-01-26T06:41:12.497+0000][66][info ][safepoint   ] Safepoint "Cleanup", Time since last: 2175435892 ns, Reaching safepoint: 18901 ns, Cleanup: 21202 ns, At safepoint: 4300 ns, Total: 44403 ns
[2026-01-26T06:41:18.554+0000][66][info ][gc,start    ] GC(146) Pause Young (Normal) (G1 Evacuation Pause)
[2026-01-26T06:41:18.554+0000][66][info ][gc,task     ] GC(146) Using 6 workers of 6 for evacuation
[2026-01-26T06:41:18.555+0000][66][debug][gc,age      ] GC(146) Desired survivor size 39845888 bytes, new threshold 15 (max threshold 15)
[2026-01-26T06:41:18.565+0000][66][info ][gc,phases   ] GC(146)   Pre Evacuate Collection Set: 0.4ms
[2026-01-26T06:41:18.566+0000][66][info ][gc,phases   ] GC(146)   Merge Heap Roots: 0.1ms
[2026-01-26T06:41:18.566+0000][66][info ][gc,phases   ] GC(146)   Evacuate Collection Set: 8.1ms
[2026-01-26T06:41:18.567+0000][66][info ][gc,phases   ] GC(146)   Post Evacuate Collection Set: 1.3ms
[2026-01-26T06:41:18.567+0000][66][info ][gc,phases   ] GC(146)   Other: 1.1ms
[2026-01-26T06:41:18.568+0000][66][trace][gc,age      ] GC(146) Age table with threshold 15 (max threshold 15)
[2026-01-26T06:41:18.568+0000][66][trace][gc,age      ] GC(146) - age   1:   25959272 bytes,   25959272 total
[2026-01-26T06:41:18.569+0000][66][trace][gc,age      ] GC(146) - age   2:    3253680 bytes,   29212952 total
[2026-01-26T06:41:18.569+0000][66][trace][gc,age      ] GC(146) - age   3:     326744 bytes,   29539696 total
[2026-01-26T06:41:18.569+0000][66][trace][gc,age      ] GC(146) - age   4:     258656 bytes,   29798352 total
[2026-01-26T06:41:18.570+0000][66][trace][gc,age      ] GC(146) - age   5:     107328 bytes,   29905680 total
[2026-01-26T06:41:18.570+0000][66][trace][gc,age      ] GC(146) - age   6:     114928 bytes,   30020608 total
[2026-01-26T06:41:18.571+0000][66][trace][gc,age      ] GC(146) - age   9:      92280 bytes,   30112888 total
[2026-01-26T06:41:18.571+0000][66][trace][gc,age      ] GC(146) - age  10:        400 bytes,   30113288 total
[2026-01-26T06:41:18.572+0000][66][trace][gc,age      ] GC(146) - age  11:     266416 bytes,   30379704 total
[2026-01-26T06:41:18.572+0000][66][trace][gc,age      ] GC(146) - age  12:       5840 bytes,   30385544 total
[2026-01-26T06:41:18.572+0000][66][trace][gc,age      ] GC(146) - age  13:     123600 bytes,   30509144 total
[2026-01-26T06:41:18.573+0000][66][trace][gc,age      ] GC(146) - age  14:      86048 bytes,   30595192 total
[2026-01-26T06:41:18.573+0000][66][info ][gc,heap     ] GC(146) Eden regions: 141->0(143)
[2026-01-26T06:41:18.574+0000][66][info ][gc,heap     ] GC(146) Survivor regions: 10->9(19)
[2026-01-26T06:41:18.574+0000][66][info ][gc,heap     ] GC(146) Old regions: 68->68
[2026-01-26T06:41:18.574+0000][66][info ][gc,heap     ] GC(146) Humongous regions: 0->0
[2026-01-26T06:41:18.575+0000][66][info ][gc,metaspace] GC(146) Metaspace: 132896K(136384K)->132896K(136384K) NonClass: 115127K(116992K)->115127K(116992K) Class: 17768K(19392K)->17768K(19392K)
[2026-01-26T06:41:18.575+0000][66][info ][gc          ] GC(146) Pause Young (Normal) (G1 Evacuation Pause) 875M->304M(1024M) 21.338ms
[2026-01-26T06:41:18.576+0000][66][info ][gc,cpu      ] GC(146) User=0.04s Sys=0.00s Real=0.02s
[2026-01-26T06:41:18.576+0000][66][info ][safepoint   ] Safepoint "G1CollectForAllocation", Time since last: 6056434400 ns, Reaching safepoint: 17901 ns, Cleanup: 4400 ns, At safepoint: 22219301 ns, Total: 22241602 ns
[2026-01-26T06:41:22.559+0000][66][info ][safepoint   ] Safepoint "Cleanup", Time since last: 3982485483 ns, Reaching safepoint: 110908 ns, Cleanup: 9701 ns, At safepoint: 77306 ns, Total: 197915 ns
[2026-01-26T06:41:23.444+0000][66][info ][gc,start    ] GC(147) Pause Young (Normal) (G1 Evacuation Pause)
[2026-01-26T06:41:23.445+0000][66][info ][gc,task     ] GC(147) Using 6 workers of 6 for evacuation
[2026-01-26T06:41:23.445+0000][66][debug][gc,age      ] GC(147) Desired survivor size 39845888 bytes, new threshold 15 (max threshold 15)
[2026-01-26T06:41:23.457+0000][66][info ][gc,phases   ] GC(147)   Pre Evacuate Collection Set: 0.4ms
[2026-01-26T06:41:23.458+0000][66][info ][gc,phases   ] GC(147)   Merge Heap Roots: 0.2ms
[2026-01-26T06:41:23.458+0000][66][info ][gc,phases   ] GC(147)   Evacuate Collection Set: 9.4ms
[2026-01-26T06:41:23.459+0000][66][info ][gc,phases   ] GC(147)   Post Evacuate Collection Set: 1.4ms
[2026-01-26T06:41:23.459+0000][66][info ][gc,phases   ] GC(147)   Other: 1.0ms
[2026-01-26T06:41:23.459+0000][66][trace][gc,age      ] GC(147) Age table with threshold 15 (max threshold 15)
[2026-01-26T06:41:23.460+0000][66][trace][gc,age      ] GC(147) - age   1:   21467504 bytes,   21467504 total
[2026-01-26T06:41:23.460+0000][66][trace][gc,age      ] GC(147) - age   2:   12037952 bytes,   33505456 total
[2026-01-26T06:41:23.460+0000][66][trace][gc,age      ] GC(147) - age   3:    2778344 bytes,   36283800 total
[2026-01-26T06:41:23.461+0000][66][trace][gc,age      ] GC(147) - age   4:     326464 bytes,   36610264 total
[2026-01-26T06:41:23.461+0000][66][trace][gc,age      ] GC(147) - age   5:     258632 bytes,   36868896 total
[2026-01-26T06:41:23.462+0000][66][trace][gc,age      ] GC(147) - age   6:     106760 bytes,   36975656 total
[2026-01-26T06:41:23.462+0000][66][trace][gc,age      ] GC(147) - age   7:     114928 bytes,   37090584 total
[2026-01-26T06:41:23.463+0000][66][trace][gc,age      ] GC(147) - age  10:      92280 bytes,   37182864 total
[2026-01-26T06:41:23.463+0000][66][trace][gc,age      ] GC(147) - age  11:        400 bytes,   37183264 total
[2026-01-26T06:41:23.463+0000][66][trace][gc,age      ] GC(147) - age  12:     266416 bytes,   37449680 total
[2026-01-26T06:41:23.464+0000][66][trace][gc,age      ] GC(147) - age  13:       4552 bytes,   37454232 total
[2026-01-26T06:41:23.464+0000][66][trace][gc,age      ] GC(147) - age  14:     123240 bytes,   37577472 total
[2026-01-26T06:41:23.465+0000][66][trace][gc,age      ] GC(147) - age  15:      85504 bytes,   37662976 total
[2026-01-26T06:41:23.465+0000][66][info ][gc,heap     ] GC(147) Eden regions: 143->0(141)
[2026-01-26T06:41:23.465+0000][66][info ][gc,heap     ] GC(147) Survivor regions: 9->10(19)
[2026-01-26T06:41:23.466+0000][66][info ][gc,heap     ] GC(147) Old regions: 68->68
[2026-01-26T06:41:23.466+0000][66][info ][gc,heap     ] GC(147) Humongous regions: 0->0
[2026-01-26T06:41:23.466+0000][66][info ][gc,metaspace] GC(147) Metaspace: 132897K(136384K)->132897K(136384K) NonClass: 115129K(116992K)->115129K(116992K) Class: 17768K(19392K)->17768K(19392K)
[2026-01-26T06:41:23.467+0000][66][info ][gc          ] GC(147) Pause Young (Normal) (G1 Evacuation Pause) 876M->310M(1024M) 22.411ms
[2026-01-26T06:41:23.467+0000][66][info ][gc,cpu      ] GC(147) User=0.04s Sys=0.00s Real=0.02s
[2026-01-26T06:41:23.468+0000][66][info ][safepoint   ] Safepoint "G1CollectForAllocation", Time since last: 885685723 ns, Reaching safepoint: 17001 ns, Cleanup: 4700 ns, At safepoint: 23388896 ns, Total: 23410597 ns
[2026-01-26T06:41:27.999+0000][66][info ][gc,start    ] GC(148) Pause Young (Normal) (G1 Evacuation Pause)
[2026-01-26T06:41:27.999+0000][66][info ][gc,task     ] GC(148) Using 6 workers of 6 for evacuation
[2026-01-26T06:41:28.000+0000][66][debug][gc,age      ] GC(148) Desired survivor size 39845888 bytes, new threshold 15 (max threshold 15)
[2026-01-26T06:41:28.008+0000][66][info ][gc,phases   ] GC(148)   Pre Evacuate Collection Set: 0.3ms
[2026-01-26T06:41:28.009+0000][66][info ][gc,phases   ] GC(148)   Merge Heap Roots: 0.1ms
[2026-01-26T06:41:28.009+0000][66][info ][gc,phases   ] GC(148)   Evacuate Collection Set: 6.6ms
[2026-01-26T06:41:28.010+0000][66][info ][gc,phases   ] GC(148)   Post Evacuate Collection Set: 1.0ms
[2026-01-26T06:41:28.010+0000][66][info ][gc,phases   ] GC(148)   Other: 0.7ms
[2026-01-26T06:41:28.010+0000][66][trace][gc,age      ] GC(148) Age table with threshold 15 (max threshold 15)
[2026-01-26T06:41:28.011+0000][66][trace][gc,age      ] GC(148) - age   1:   17129392 bytes,   17129392 total
[2026-01-26T06:41:28.011+0000][66][trace][gc,age      ] GC(148) - age   2:    1420968 bytes,   18550360 total
[2026-01-26T06:41:28.012+0000][66][trace][gc,age      ] GC(148) - age   3:     137944 bytes,   18688304 total
[2026-01-26T06:41:28.012+0000][66][trace][gc,age      ] GC(148) - age   4:        672 bytes,   18688976 total
[2026-01-26T06:41:28.012+0000][66][trace][gc,age      ] GC(148) - age   5:     324688 bytes,   19013664 total
[2026-01-26T06:41:28.013+0000][66][trace][gc,age      ] GC(148) - age   6:     258608 bytes,   19272272 total
[2026-01-26T06:41:28.013+0000][66][trace][gc,age      ] GC(148) - age   7:     106760 bytes,   19379032 total
[2026-01-26T06:41:28.013+0000][66][trace][gc,age      ] GC(148) - age   8:     114928 bytes,   19493960 total
[2026-01-26T06:41:28.014+0000][66][trace][gc,age      ] GC(148) - age  11:      92280 bytes,   19586240 total
[2026-01-26T06:41:28.014+0000][66][trace][gc,age      ] GC(148) - age  12:        400 bytes,   19586640 total
[2026-01-26T06:41:28.014+0000][66][trace][gc,age      ] GC(148) - age  13:     265880 bytes,   19852520 total
[2026-01-26T06:41:28.015+0000][66][trace][gc,age      ] GC(148) - age  14:       3680 bytes,   19856200 total
[2026-01-26T06:41:28.015+0000][66][trace][gc,age      ] GC(148) - age  15:     123240 bytes,   19979440 total
[2026-01-26T06:41:28.015+0000][66][info ][gc,heap     ] GC(148) Eden regions: 141->0(147)
[2026-01-26T06:41:28.015+0000][66][info ][gc,heap     ] GC(148) Survivor regions: 10->6(19)
[2026-01-26T06:41:28.016+0000][66][info ][gc,heap     ] GC(148) Old regions: 68->68
[2026-01-26T06:41:28.016+0000][66][info ][gc,heap     ] GC(148) Humongous regions: 0->0
[2026-01-26T06:41:28.016+0000][66][info ][gc,metaspace] GC(148) Metaspace: 132910K(136384K)->132910K(136384K) NonClass: 115142K(116992K)->115142K(116992K) Class: 17768K(19392K)->17768K(19392K)
[2026-01-26T06:41:28.017+0000][66][info ][gc          ] GC(148) Pause Young (Normal) (G1 Evacuation Pause) 874M->294M(1024M) 17.597ms
[2026-01-26T06:41:28.017+0000][66][info ][gc,cpu      ] GC(148) User=0.02s Sys=0.01s Real=0.02s
[2026-01-26T06:41:28.017+0000][66][info ][safepoint   ] Safepoint "G1CollectForAllocation", Time since last: 4531040697 ns, Reaching safepoint: 120309 ns, Cleanup: 4900 ns, At safepoint: 18286604 ns, Total: 18411813 ns
[2026-01-26T06:41:30.253+0000][66][info ][safepoint   ] Safepoint "Cleanup", Time since last: 2235981431 ns, Reaching safepoint: 129310 ns, Cleanup: 19501 ns, At safepoint: 75806 ns, Total: 224617 ns
[2026-01-26T06:41:31.280+0000][66][info ][safepoint   ] Safepoint "Cleanup", Time since last: 1026395068 ns, Reaching safepoint: 13201 ns, Cleanup: 13301 ns, At safepoint: 4500 ns, Total: 31002 ns
[2026-01-26T06:41:34.543+0000][66][info ][safepoint   ] Safepoint "Cleanup", Time since last: 3264943379 ns, Reaching safepoint: 9901 ns, Cleanup: 15301 ns, At safepoint: 38603 ns, Total: 63805 ns
[2026-01-26T06:41:35.385+0000][66][info ][gc,start    ] GC(149) Pause Young (Normal) (G1 Evacuation Pause)
[2026-01-26T06:41:35.385+0000][66][info ][gc,task     ] GC(149) Using 6 workers of 6 for evacuation
[2026-01-26T06:41:35.386+0000][66][debug][gc,age      ] GC(149) Desired survivor size 41943040 bytes, new threshold 15 (max threshold 15)
[2026-01-26T06:41:35.395+0000][66][info ][gc,phases   ] GC(149)   Pre Evacuate Collection Set: 0.3ms
[2026-01-26T06:41:35.396+0000][66][info ][gc,phases   ] GC(149)   Merge Heap Roots: 0.2ms
[2026-01-26T06:41:35.396+0000][66][info ][gc,phases   ] GC(149)   Evacuate Collection Set: 7.2ms
[2026-01-26T06:41:35.396+0000][66][info ][gc,phases   ] GC(149)   Post Evacuate Collection Set: 1.3ms
[2026-01-26T06:41:35.397+0000][66][info ][gc,phases   ] GC(149)   Other: 0.8ms
[2026-01-26T06:41:35.397+0000][66][trace][gc,age      ] GC(149) Age table with threshold 15 (max threshold 15)
[2026-01-26T06:41:35.398+0000][66][trace][gc,age      ] GC(149) - age   1:   17627736 bytes,   17627736 total
[2026-01-26T06:41:35.398+0000][66][trace][gc,age      ] GC(149) - age   2:     487296 bytes,   18115032 total
[2026-01-26T06:41:35.398+0000][66][trace][gc,age      ] GC(149) - age   3:       3688 bytes,   18118720 total
[2026-01-26T06:41:35.399+0000][66][trace][gc,age      ] GC(149) - age   4:     135920 bytes,   18254640 total
[2026-01-26T06:41:35.399+0000][66][trace][gc,age      ] GC(149) - age   5:        648 bytes,   18255288 total
[2026-01-26T06:41:35.400+0000][66][trace][gc,age      ] GC(149) - age   6:     319184 bytes,   18574472 total
[2026-01-26T06:41:35.400+0000][66][trace][gc,age      ] GC(149) - age   7:     258608 bytes,   18833080 total
[2026-01-26T06:41:35.400+0000][66][trace][gc,age      ] GC(149) - age   8:     106760 bytes,   18939840 total
[2026-01-26T06:41:35.401+0000][66][trace][gc,age      ] GC(149) - age   9:     114928 bytes,   19054768 total
[2026-01-26T06:41:35.401+0000][66][trace][gc,age      ] GC(149) - age  12:      92280 bytes,   19147048 total
[2026-01-26T06:41:35.401+0000][66][trace][gc,age      ] GC(149) - age  13:        400 bytes,   19147448 total
[2026-01-26T06:41:35.402+0000][66][trace][gc,age      ] GC(149) - age  14:     202248 bytes,   19349696 total
[2026-01-26T06:41:35.402+0000][66][trace][gc,age      ] GC(149) - age  15:       2288 bytes,   19351984 total
[2026-01-26T06:41:35.402+0000][66][info ][gc,heap     ] GC(149) Eden regions: 147->0(148)
[2026-01-26T06:41:35.403+0000][66][info ][gc,heap     ] GC(149) Survivor regions: 6->5(20)
[2026-01-26T06:41:35.403+0000][66][info ][gc,heap     ] GC(149) Old regions: 68->69
[2026-01-26T06:41:35.403+0000][66][info ][gc,heap     ] GC(149) Humongous regions: 0->0
[2026-01-26T06:41:35.404+0000][66][info ][gc,metaspace] GC(149) Metaspace: 132914K(136384K)->132914K(136384K) NonClass: 115146K(116992K)->115146K(116992K) Class: 17768K(19392K)->17768K(19392K)
[2026-01-26T06:41:35.404+0000][66][info ][gc          ] GC(149) Pause Young (Normal) (G1 Evacuation Pause) 882M->292M(1024M) 19.047ms
[2026-01-26T06:41:35.404+0000][66][info ][gc,cpu      ] GC(149) User=0.03s Sys=0.01s Real=0.02s
[2026-01-26T06:41:35.405+0000][66][info ][safepoint   ] Safepoint "G1CollectForAllocation", Time since last: 842188998 ns, Reaching safepoint: 119209 ns, Cleanup: 26102 ns, At safepoint: 19901417 ns, Total: 20046728 ns
[2026-01-26T06:41:36.665+0000][66][info ][gc,start    ] GC(150) Pause Young (Normal) (G1 Evacuation Pause)
[2026-01-26T06:41:36.665+0000][66][info ][gc,task     ] GC(150) Using 6 workers of 6 for evacuation
[2026-01-26T06:41:36.665+0000][66][debug][gc,age      ] GC(150) Desired survivor size 41943040 bytes, new threshold 15 (max threshold 15)
[2026-01-26T06:41:36.676+0000][66][info ][gc,phases   ] GC(150)   Pre Evacuate Collection Set: 0.4ms
[2026-01-26T06:41:36.676+0000][66][info ][gc,phases   ] GC(150)   Merge Heap Roots: 0.3ms
[2026-01-26T06:41:36.676+0000][66][info ][gc,phases   ] GC(150)   Evacuate Collection Set: 7.8ms
[2026-01-26T06:41:36.677+0000][66][info ][gc,phases   ] GC(150)   Post Evacuate Collection Set: 1.5ms
[2026-01-26T06:41:36.677+0000][66][info ][gc,phases   ] GC(150)   Other: 0.7ms
[2026-01-26T06:41:36.677+0000][66][trace][gc,age      ] GC(150) Age table with threshold 15 (max threshold 15)
[2026-01-26T06:41:36.677+0000][66][trace][gc,age      ] GC(150) - age   1:    6280984 bytes,    6280984 total
[2026-01-26T06:41:36.678+0000][66][trace][gc,age      ] GC(150) - age   2:   14246024 bytes,   20527008 total
[2026-01-26T06:41:36.678+0000][66][trace][gc,age      ] GC(150) - age   3:     487120 bytes,   21014128 total
[2026-01-26T06:41:36.678+0000][66][trace][gc,age      ] GC(150) - age   4:       3688 bytes,   21017816 total
[2026-01-26T06:41:36.678+0000][66][trace][gc,age      ] GC(150) - age   5:     135920 bytes,   21153736 total
[2026-01-26T06:41:36.679+0000][66][trace][gc,age      ] GC(150) - age   6:        648 bytes,   21154384 total
[2026-01-26T06:41:36.679+0000][66][trace][gc,age      ] GC(150) - age   7:     319184 bytes,   21473568 total
[2026-01-26T06:41:36.679+0000][66][trace][gc,age      ] GC(150) - age   8:     258608 bytes,   21732176 total
[2026-01-26T06:41:36.680+0000][66][trace][gc,age      ] GC(150) - age   9:     106760 bytes,   21838936 total
[2026-01-26T06:41:36.680+0000][66][trace][gc,age      ] GC(150) - age  10:     114928 bytes,   21953864 total
[2026-01-26T06:41:36.680+0000][66][trace][gc,age      ] GC(150) - age  13:      92280 bytes,   22046144 total
[2026-01-26T06:41:36.681+0000][66][trace][gc,age      ] GC(150) - age  14:        400 bytes,   22046544 total
[2026-01-26T06:41:36.681+0000][66][trace][gc,age      ] GC(150) - age  15:     202248 bytes,   22248792 total
[2026-01-26T06:41:36.681+0000][66][info ][gc,heap     ] GC(150) Eden regions: 148->0(147)
[2026-01-26T06:41:36.681+0000][66][info ][gc,heap     ] GC(150) Survivor regions: 5->6(20)
[2026-01-26T06:41:36.682+0000][66][info ][gc,heap     ] GC(150) Old regions: 69->69
[2026-01-26T06:41:36.682+0000][66][info ][gc,heap     ] GC(150) Humongous regions: 0->0
[2026-01-26T06:41:36.683+0000][66][info ][gc,metaspace] GC(150) Metaspace: 132914K(136384K)->132914K(136384K) NonClass: 115146K(116992K)->115146K(116992K) Class: 17768K(19392K)->17768K(19392K)
[2026-01-26T06:41:36.683+0000][66][info ][gc          ] GC(150) Pause Young (Normal) (G1 Evacuation Pause) 884M->295M(1024M) 18.273ms
[2026-01-26T06:41:36.683+0000][66][info ][gc,cpu      ] GC(150) User=0.04s Sys=0.00s Real=0.02s
[2026-01-26T06:41:36.684+0000][66][info ][safepoint   ] Safepoint "G1CollectForAllocation", Time since last: 1259702724 ns, Reaching safepoint: 21402 ns, Cleanup: 43503 ns, At safepoint: 19120958 ns, Total: 19185863 ns
[2026-01-26T06:41:37.685+0000][66][info ][safepoint   ] Safepoint "Cleanup", Time since last: 1000634876 ns, Reaching safepoint: 136810 ns, Cleanup: 18802 ns, At safepoint: 45703 ns, Total: 201315 ns
[2026-01-26T06:41:38.565+0000][66][info ][gc,start    ] GC(151) Pause Young (Normal) (G1 Evacuation Pause)
[2026-01-26T06:41:38.565+0000][66][info ][gc,task     ] GC(151) Using 6 workers of 6 for evacuation
[2026-01-26T06:41:38.566+0000][66][debug][gc,age      ] GC(151) Desired survivor size 41943040 bytes, new threshold 15 (max threshold 15)
[2026-01-26T06:41:38.574+0000][66][info ][gc,phases   ] GC(151)   Pre Evacuate Collection Set: 0.4ms
[2026-01-26T06:41:38.574+0000][66][info ][gc,phases   ] GC(151)   Merge Heap Roots: 0.2ms
[2026-01-26T06:41:38.575+0000][66][info ][gc,phases   ] GC(151)   Evacuate Collection Set: 5.8ms
[2026-01-26T06:41:38.575+0000][66][info ][gc,phases   ] GC(151)   Post Evacuate Collection Set: 1.2ms
[2026-01-26T06:41:38.575+0000][66][info ][gc,phases   ] GC(151)   Other: 0.8ms
[2026-01-26T06:41:38.576+0000][66][trace][gc,age      ] GC(151) Age table with threshold 15 (max threshold 15)
[2026-01-26T06:41:38.576+0000][66][trace][gc,age      ] GC(151) - age   1:    8100608 bytes,    8100608 total
[2026-01-26T06:41:38.577+0000][66][trace][gc,age      ] GC(151) - age   2:    1456264 bytes,    9556872 total
[2026-01-26T06:41:38.577+0000][66][trace][gc,age      ] GC(151) - age   3:    3683088 bytes,   13239960 total
[2026-01-26T06:41:38.577+0000][66][trace][gc,age      ] GC(151) - age   4:     140576 bytes,   13380536 total
[2026-01-26T06:41:38.578+0000][66][trace][gc,age      ] GC(151) - age   5:       3656 bytes,   13384192 total
[2026-01-26T06:41:38.578+0000][66][trace][gc,age      ] GC(151) - age   6:     135920 bytes,   13520112 total
[2026-01-26T06:41:38.578+0000][66][trace][gc,age      ] GC(151) - age   7:        648 bytes,   13520760 total
[2026-01-26T06:41:38.579+0000][66][trace][gc,age      ] GC(151) - age   8:     319184 bytes,   13839944 total
[2026-01-26T06:41:38.579+0000][66][trace][gc,age      ] GC(151) - age   9:     258608 bytes,   14098552 total
[2026-01-26T06:41:38.579+0000][66][trace][gc,age      ] GC(151) - age  10:     106760 bytes,   14205312 total
[2026-01-26T06:41:38.580+0000][66][trace][gc,age      ] GC(151) - age  11:     114928 bytes,   14320240 total
[2026-01-26T06:41:38.580+0000][66][trace][gc,age      ] GC(151) - age  14:      92280 bytes,   14412520 total
[2026-01-26T06:41:38.580+0000][66][trace][gc,age      ] GC(151) - age  15:        400 bytes,   14412920 total
[2026-01-26T06:41:38.581+0000][66][info ][gc,heap     ] GC(151) Eden regions: 147->0(149)
[2026-01-26T06:41:38.581+0000][66][info ][gc,heap     ] GC(151) Survivor regions: 6->4(20)
[2026-01-26T06:41:38.581+0000][66][info ][gc,heap     ] GC(151) Old regions: 69->69
[2026-01-26T06:41:38.582+0000][66][info ][gc,heap     ] GC(151) Humongous regions: 0->0
[2026-01-26T06:41:38.582+0000][66][info ][gc,metaspace] GC(151) Metaspace: 132916K(136384K)->132916K(136384K) NonClass: 115148K(116992K)->115148K(116992K) Class: 17768K(19392K)->17768K(19392K)
[2026-01-26T06:41:38.582+0000][66][info ][gc          ] GC(151) Pause Young (Normal) (G1 Evacuation Pause) 883M->288M(1024M) 17.639ms
[2026-01-26T06:41:38.583+0000][66][info ][gc,cpu      ] GC(151) User=0.03s Sys=0.00s Real=0.02s
[2026-01-26T06:41:38.583+0000][66][info ][safepoint   ] Safepoint "G1CollectForAllocation", Time since last: 880263501 ns, Reaching safepoint: 19001 ns, Cleanup: 4700 ns, At safepoint: 18458307 ns, Total: 18482008 ns
[2026-01-26T06:41:40.620+0000][66][info ][gc,start    ] GC(152) Pause Young (Normal) (G1 Evacuation Pause)
[2026-01-26T06:41:40.620+0000][66][info ][gc,task     ] GC(152) Using 6 workers of 6 for evacuation
[2026-01-26T06:41:40.621+0000][66][debug][gc,age      ] GC(152) Desired survivor size 41943040 bytes, new threshold 15 (max threshold 15)
[2026-01-26T06:41:40.629+0000][66][info ][gc,phases   ] GC(152)   Pre Evacuate Collection Set: 0.4ms
[2026-01-26T06:41:40.629+0000][66][info ][gc,phases   ] GC(152)   Merge Heap Roots: 0.1ms
[2026-01-26T06:41:40.630+0000][66][info ][gc,phases   ] GC(152)   Evacuate Collection Set: 6.0ms
[2026-01-26T06:41:40.630+0000][66][info ][gc,phases   ] GC(152)   Post Evacuate Collection Set: 1.3ms
[2026-01-26T06:41:40.631+0000][66][info ][gc,phases   ] GC(152)   Other: 0.9ms
[2026-01-26T06:41:40.631+0000][66][trace][gc,age      ] GC(152) Age table with threshold 15 (max threshold 15)
[2026-01-26T06:41:40.632+0000][66][trace][gc,age      ] GC(152) - age   1:   12318448 bytes,   12318448 total
[2026-01-26T06:41:40.632+0000][66][trace][gc,age      ] GC(152) - age   2:    3485208 bytes,   15803656 total
[2026-01-26T06:41:40.632+0000][66][trace][gc,age      ] GC(152) - age   3:    1363128 bytes,   17166784 total
[2026-01-26T06:41:40.633+0000][66][trace][gc,age      ] GC(152) - age   4:    3677816 bytes,   20844600 total
[2026-01-26T06:41:40.633+0000][66][trace][gc,age      ] GC(152) - age   5:     140576 bytes,   20985176 total
[2026-01-26T06:41:40.633+0000][66][trace][gc,age      ] GC(152) - age   6:       3656 bytes,   20988832 total
[2026-01-26T06:41:40.634+0000][66][trace][gc,age      ] GC(152) - age   7:     135920 bytes,   21124752 total
[2026-01-26T06:41:40.634+0000][66][trace][gc,age      ] GC(152) - age   8:        648 bytes,   21125400 total
[2026-01-26T06:41:40.634+0000][66][trace][gc,age      ] GC(152) - age   9:     319184 bytes,   21444584 total
[2026-01-26T06:41:40.635+0000][66][trace][gc,age      ] GC(152) - age  10:     258608 bytes,   21703192 total
[2026-01-26T06:41:40.635+0000][66][trace][gc,age      ] GC(152) - age  11:     106760 bytes,   21809952 total
[2026-01-26T06:41:40.635+0000][66][trace][gc,age      ] GC(152) - age  12:     114928 bytes,   21924880 total
[2026-01-26T06:41:40.636+0000][66][trace][gc,age      ] GC(152) - age  15:      92280 bytes,   22017160 total
[2026-01-26T06:41:40.636+0000][66][info ][gc,heap     ] GC(152) Eden regions: 149->0(147)
[2026-01-26T06:41:40.636+0000][66][info ][gc,heap     ] GC(152) Survivor regions: 4->6(20)
[2026-01-26T06:41:40.637+0000][66][info ][gc,heap     ] GC(152) Old regions: 69->69
[2026-01-26T06:41:40.637+0000][66][info ][gc,heap     ] GC(152) Humongous regions: 0->0
[2026-01-26T06:41:40.637+0000][66][info ][gc,metaspace] GC(152) Metaspace: 132916K(136384K)->132916K(136384K) NonClass: 115148K(116992K)->115148K(116992K) Class: 17768K(19392K)->17768K(19392K)
[2026-01-26T06:41:40.638+0000][66][info ][gc          ] GC(152) Pause Young (Normal) (G1 Evacuation Pause) 884M->295M(1024M) 17.837ms
[2026-01-26T06:41:40.638+0000][66][info ][gc,cpu      ] GC(152) User=0.03s Sys=0.00s Real=0.02s
[2026-01-26T06:41:40.638+0000][66][info ][safepoint   ] Safepoint "G1CollectForAllocation", Time since last: 2036421971 ns, Reaching safepoint: 16602 ns, Cleanup: 4600 ns, At safepoint: 18590044 ns, Total: 18611246 ns
[2026-01-26T06:41:44.133+0000][66][info ][safepoint   ] Safepoint "Cleanup", Time since last: 3494347177 ns, Reaching safepoint: 145311 ns, Cleanup: 14801 ns, At safepoint: 52704 ns, Total: 212816 ns
[2026-01-26T06:41:44.366+0000][66][info ][gc,start    ] GC(153) Pause Young (Normal) (G1 Evacuation Pause)
[2026-01-26T06:41:44.366+0000][66][info ][gc,task     ] GC(153) Using 6 workers of 6 for evacuation
[2026-01-26T06:41:44.367+0000][66][debug][gc,age      ] GC(153) Desired survivor size 41943040 bytes, new threshold 15 (max threshold 15)
[2026-01-26T06:41:44.377+0000][66][info ][gc,phases   ] GC(153)   Pre Evacuate Collection Set: 0.4ms
[2026-01-26T06:41:44.378+0000][66][info ][gc,phases   ] GC(153)   Merge Heap Roots: 0.3ms
[2026-01-26T06:41:44.378+0000][66][info ][gc,phases   ] GC(153)   Evacuate Collection Set: 8.6ms
[2026-01-26T06:41:44.379+0000][66][info ][gc,phases   ] GC(153)   Post Evacuate Collection Set: 1.2ms
[2026-01-26T06:41:44.379+0000][66][info ][gc,phases   ] GC(153)   Other: 0.7ms
[2026-01-26T06:41:44.379+0000][66][trace][gc,age      ] GC(153) Age table with threshold 15 (max threshold 15)
[2026-01-26T06:41:44.380+0000][66][trace][gc,age      ] GC(153) - age   1:   13833328 bytes,   13833328 total
[2026-01-26T06:41:44.380+0000][66][trace][gc,age      ] GC(153) - age   2:    5147280 bytes,   18980608 total
[2026-01-26T06:41:44.380+0000][66][trace][gc,age      ] GC(153) - age   3:    2956720 bytes,   21937328 total
[2026-01-26T06:41:44.381+0000][66][trace][gc,age      ] GC(153) - age   4:    1334888 bytes,   23272216 total
[2026-01-26T06:41:44.381+0000][66][trace][gc,age      ] GC(153) - age   5:    3429952 bytes,   26702168 total
[2026-01-26T06:41:44.381+0000][66][trace][gc,age      ] GC(153) - age   6:     140576 bytes,   26842744 total
[2026-01-26T06:41:44.381+0000][66][trace][gc,age      ] GC(153) - age   7:       3656 bytes,   26846400 total
[2026-01-26T06:41:44.382+0000][66][trace][gc,age      ] GC(153) - age   8:     135008 bytes,   26981408 total
[2026-01-26T06:41:44.382+0000][66][trace][gc,age      ] GC(153) - age   9:        648 bytes,   26982056 total
[2026-01-26T06:41:44.382+0000][66][trace][gc,age      ] GC(153) - age  10:     319184 bytes,   27301240 total
[2026-01-26T06:41:44.383+0000][66][trace][gc,age      ] GC(153) - age  11:     258608 bytes,   27559848 total
[2026-01-26T06:41:44.383+0000][66][trace][gc,age      ] GC(153) - age  12:     106760 bytes,   27666608 total
[2026-01-26T06:41:44.383+0000][66][trace][gc,age      ] GC(153) - age  13:     114928 bytes,   27781536 total
[2026-01-26T06:41:44.383+0000][66][info ][gc,heap     ] GC(153) Eden regions: 147->0(144)
[2026-01-26T06:41:44.383+0000][66][info ][gc,heap     ] GC(153) Survivor regions: 6->8(20)
[2026-01-26T06:41:44.384+0000][66][info ][gc,heap     ] GC(153) Old regions: 69->69
[2026-01-26T06:41:44.384+0000][66][info ][gc,heap     ] GC(153) Humongous regions: 0->0
[2026-01-26T06:41:44.384+0000][66][info ][gc,metaspace] GC(153) Metaspace: 132919K(136384K)->132919K(136384K) NonClass: 115150K(116992K)->115150K(116992K) Class: 17768K(19392K)->17768K(19392K)
[2026-01-26T06:41:44.385+0000][66][info ][gc          ] GC(153) Pause Young (Normal) (G1 Evacuation Pause) 883M->302M(1024M) 18.802ms
[2026-01-26T06:41:44.385+0000][66][info ][gc,cpu      ] GC(153) User=0.03s Sys=0.01s Real=0.02s
[2026-01-26T06:41:44.385+0000][66][info ][safepoint   ] Safepoint "G1CollectForAllocation", Time since last: 232996402 ns, Reaching safepoint: 20301 ns, Cleanup: 5901 ns, At safepoint: 19530917 ns, Total: 19557119 ns
[2026-01-26T06:41:45.387+0000][66][info ][safepoint   ] Safepoint "Cleanup", Time since last: 1001386398 ns, Reaching safepoint: 189314 ns, Cleanup: 23302 ns, At safepoint: 78606 ns, Total: 291222 ns
[2026-01-26T06:41:46.419+0000][66][info ][safepoint   ] Safepoint "Cleanup", Time since last: 1032047080 ns, Reaching safepoint: 10901 ns, Cleanup: 25102 ns, At safepoint: 41603 ns, Total: 77606 ns
[2026-01-26T06:41:47.473+0000][66][info ][safepoint   ] Safepoint "Cleanup", Time since last: 1053572213 ns, Reaching safepoint: 163613 ns, Cleanup: 34903 ns, At safepoint: 209817 ns, Total: 408333 ns
[2026-01-26T06:41:50.171+0000][66][info ][gc,start    ] GC(154) Pause Young (Normal) (G1 Evacuation Pause)
[2026-01-26T06:41:50.172+0000][66][info ][gc,task     ] GC(154) Using 6 workers of 6 for evacuation
[2026-01-26T06:41:50.172+0000][66][debug][gc,age      ] GC(154) Desired survivor size 39845888 bytes, new threshold 15 (max threshold 15)
[2026-01-26T06:41:50.180+0000][66][info ][gc,phases   ] GC(154)   Pre Evacuate Collection Set: 0.4ms
[2026-01-26T06:41:50.180+0000][66][info ][gc,phases   ] GC(154)   Merge Heap Roots: 0.2ms
[2026-01-26T06:41:50.181+0000][66][info ][gc,phases   ] GC(154)   Evacuate Collection Set: 5.2ms
[2026-01-26T06:41:50.181+0000][66][info ][gc,phases   ] GC(154)   Post Evacuate Collection Set: 1.2ms
[2026-01-26T06:41:50.182+0000][66][info ][gc,phases   ] GC(154)   Other: 0.8ms
[2026-01-26T06:41:50.182+0000][66][trace][gc,age      ] GC(154) Age table with threshold 15 (max threshold 15)
[2026-01-26T06:41:50.182+0000][66][trace][gc,age      ] GC(154) - age   1:   10682560 bytes,   10682560 total
[2026-01-26T06:41:50.183+0000][66][trace][gc,age      ] GC(154) - age   2:       7720 bytes,   10690280 total
[2026-01-26T06:41:50.183+0000][66][trace][gc,age      ] GC(154) - age   4:     127432 bytes,   10817712 total
[2026-01-26T06:41:50.184+0000][66][trace][gc,age      ] GC(154) - age   5:        584 bytes,   10818296 total
[2026-01-26T06:41:50.184+0000][66][trace][gc,age      ] GC(154) - age   6:    1707416 bytes,   12525712 total
[2026-01-26T06:41:50.185+0000][66][trace][gc,age      ] GC(154) - age   7:     138816 bytes,   12664528 total
[2026-01-26T06:41:50.185+0000][66][trace][gc,age      ] GC(154) - age   8:       1136 bytes,   12665664 total
[2026-01-26T06:41:50.185+0000][66][trace][gc,age      ] GC(154) - age   9:     135008 bytes,   12800672 total
[2026-01-26T06:41:50.186+0000][66][trace][gc,age      ] GC(154) - age  10:        648 bytes,   12801320 total
[2026-01-26T06:41:50.186+0000][66][trace][gc,age      ] GC(154) - age  11:     319120 bytes,   13120440 total
[2026-01-26T06:41:50.187+0000][66][trace][gc,age      ] GC(154) - age  12:       3352 bytes,   13123792 total
[2026-01-26T06:41:50.187+0000][66][trace][gc,age      ] GC(154) - age  13:     106760 bytes,   13230552 total
[2026-01-26T06:41:50.187+0000][66][trace][gc,age      ] GC(154) - age  14:     114928 bytes,   13345480 total
[2026-01-26T06:41:50.188+0000][66][info ][gc,heap     ] GC(154) Eden regions: 144->0(149)
[2026-01-26T06:41:50.188+0000][66][info ][gc,heap     ] GC(154) Survivor regions: 8->4(19)
[2026-01-26T06:41:50.189+0000][66][info ][gc,heap     ] GC(154) Old regions: 69->69
[2026-01-26T06:41:50.189+0000][66][info ][gc,heap     ] GC(154) Humongous regions: 0->0
[2026-01-26T06:41:50.189+0000][66][info ][gc,metaspace] GC(154) Metaspace: 132945K(136448K)->132945K(136448K) NonClass: 115176K(117056K)->115176K(117056K) Class: 17768K(19392K)->17768K(19392K)
[2026-01-26T06:41:50.190+0000][66][info ][gc          ] GC(154) Pause Young (Normal) (G1 Evacuation Pause) 878M->287M(1024M) 18.366ms
[2026-01-26T06:41:50.190+0000][66][info ][gc,cpu      ] GC(154) User=0.02s Sys=0.00s Real=0.02s
[2026-01-26T06:41:50.191+0000][66][info ][safepoint   ] Safepoint "G1CollectForAllocation", Time since last: 2698242077 ns, Reaching safepoint: 18402 ns, Cleanup: 4700 ns, At safepoint: 19288944 ns, Total: 19312046 ns
[2026-01-26T06:41:58.578+0000][66][info ][gc,start    ] GC(155) Pause Young (Normal) (G1 Evacuation Pause)
[2026-01-26T06:41:58.578+0000][66][info ][gc,task     ] GC(155) Using 6 workers of 6 for evacuation
[2026-01-26T06:41:58.579+0000][66][debug][gc,age      ] GC(155) Desired survivor size 41943040 bytes, new threshold 15 (max threshold 15)
[2026-01-26T06:41:58.590+0000][66][info ][gc,phases   ] GC(155)   Pre Evacuate Collection Set: 0.4ms
[2026-01-26T06:41:58.590+0000][66][info ][gc,phases   ] GC(155)   Merge Heap Roots: 0.2ms
[2026-01-26T06:41:58.590+0000][66][info ][gc,phases   ] GC(155)   Evacuate Collection Set: 8.9ms
[2026-01-26T06:41:58.591+0000][66][info ][gc,phases   ] GC(155)   Post Evacuate Collection Set: 1.2ms
[2026-01-26T06:41:58.591+0000][66][info ][gc,phases   ] GC(155)   Other: 0.8ms
[2026-01-26T06:41:58.592+0000][66][trace][gc,age      ] GC(155) Age table with threshold 15 (max threshold 15)
[2026-01-26T06:41:58.592+0000][66][trace][gc,age      ] GC(155) - age   1:   28665984 bytes,   28665984 total
[2026-01-26T06:41:58.592+0000][66][trace][gc,age      ] GC(155) - age   2:    4736352 bytes,   33402336 total
[2026-01-26T06:41:58.593+0000][66][trace][gc,age      ] GC(155) - age   3:       1568 bytes,   33403904 total
[2026-01-26T06:41:58.593+0000][66][trace][gc,age      ] GC(155) - age   5:     127432 bytes,   33531336 total
[2026-01-26T06:41:58.593+0000][66][trace][gc,age      ] GC(155) - age   6:        584 bytes,   33531920 total
[2026-01-26T06:41:58.594+0000][66][trace][gc,age      ] GC(155) - age   7:     312808 bytes,   33844728 total
[2026-01-26T06:41:58.594+0000][66][trace][gc,age      ] GC(155) - age   8:     138640 bytes,   33983368 total
[2026-01-26T06:41:58.594+0000][66][trace][gc,age      ] GC(155) - age   9:       1136 bytes,   33984504 total
[2026-01-26T06:41:58.595+0000][66][trace][gc,age      ] GC(155) - age  10:     134928 bytes,   34119432 total
[2026-01-26T06:41:58.595+0000][66][trace][gc,age      ] GC(155) - age  11:        648 bytes,   34120080 total
[2026-01-26T06:41:58.596+0000][66][trace][gc,age      ] GC(155) - age  12:     318768 bytes,   34438848 total
[2026-01-26T06:41:58.596+0000][66][trace][gc,age      ] GC(155) - age  13:       3320 bytes,   34442168 total
[2026-01-26T06:41:58.596+0000][66][trace][gc,age      ] GC(155) - age  14:     106456 bytes,   34548624 total
[2026-01-26T06:41:58.597+0000][66][trace][gc,age      ] GC(155) - age  15:     114928 bytes,   34663552 total
[2026-01-26T06:41:58.597+0000][66][info ][gc,heap     ] GC(155) Eden regions: 149->0(140)
[2026-01-26T06:41:58.597+0000][66][info ][gc,heap     ] GC(155) Survivor regions: 4->10(20)
[2026-01-26T06:41:58.598+0000][66][info ][gc,heap     ] GC(155) Old regions: 69->69
[2026-01-26T06:41:58.598+0000][66][info ][gc,heap     ] GC(155) Humongous regions: 0->0
[2026-01-26T06:41:58.598+0000][66][info ][gc,metaspace] GC(155) Metaspace: 132945K(136448K)->132945K(136448K) NonClass: 115176K(117056K)->115176K(117056K) Class: 17768K(19392K)->17768K(19392K)
[2026-01-26T06:41:58.599+0000][66][info ][gc          ] GC(155) Pause Young (Normal) (G1 Evacuation Pause) 883M->309M(1024M) 21.058ms
[2026-01-26T06:41:58.599+0000][66][info ][gc,cpu      ] GC(155) User=0.05s Sys=0.00s Real=0.02s
[2026-01-26T06:41:58.600+0000][66][info ][safepoint   ] Safepoint "G1CollectForAllocation", Time since last: 8386938131 ns, Reaching safepoint: 18202 ns, Cleanup: 4900 ns, At safepoint: 21901521 ns, Total: 21924623 ns
[2026-01-26T06:42:00.481+0000][66][info ][safepoint   ] Safepoint "Cleanup", Time since last: 1881276222 ns, Reaching safepoint: 8201 ns, Cleanup: 12501 ns, At safepoint: 35303 ns, Total: 56005 ns
[2026-01-26T06:42:01.489+0000][66][info ][safepoint   ] Safepoint "Cleanup", Time since last: 1007945099 ns, Reaching safepoint: 125510 ns, Cleanup: 14201 ns, At safepoint: 41503 ns, Total: 181214 ns
[2026-01-26T06:42:01.732+0000][66][info ][gc,start    ] GC(156) Pause Young (Normal) (G1 Evacuation Pause)
[2026-01-26T06:42:01.732+0000][66][info ][gc,task     ] GC(156) Using 6 workers of 6 for evacuation
[2026-01-26T06:42:01.733+0000][66][debug][gc,age      ] GC(156) Desired survivor size 39845888 bytes, new threshold 15 (max threshold 15)
[2026-01-26T06:42:01.745+0000][66][info ][gc,phases   ] GC(156)   Pre Evacuate Collection Set: 0.4ms
[2026-01-26T06:42:01.745+0000][66][info ][gc,phases   ] GC(156)   Merge Heap Roots: 0.2ms
[2026-01-26T06:42:01.745+0000][66][info ][gc,phases   ] GC(156)   Evacuate Collection Set: 9.5ms
[2026-01-26T06:42:01.746+0000][66][info ][gc,phases   ] GC(156)   Post Evacuate Collection Set: 1.4ms
[2026-01-26T06:42:01.746+0000][66][info ][gc,phases   ] GC(156)   Other: 0.8ms
[2026-01-26T06:42:01.747+0000][66][trace][gc,age      ] GC(156) Age table with threshold 15 (max threshold 15)
[2026-01-26T06:42:01.747+0000][66][trace][gc,age      ] GC(156) - age   1:   12168808 bytes,   12168808 total
[2026-01-26T06:42:01.747+0000][66][trace][gc,age      ] GC(156) - age   2:   19567512 bytes,   31736320 total
[2026-01-26T06:42:01.748+0000][66][trace][gc,age      ] GC(156) - age   3:    4177680 bytes,   35914000 total
[2026-01-26T06:42:01.748+0000][66][trace][gc,age      ] GC(156) - age   4:       1472 bytes,   35915472 total
[2026-01-26T06:42:01.748+0000][66][trace][gc,age      ] GC(156) - age   6:     127432 bytes,   36042904 total
[2026-01-26T06:42:01.749+0000][66][trace][gc,age      ] GC(156) - age   7:        584 bytes,   36043488 total
[2026-01-26T06:42:01.749+0000][66][trace][gc,age      ] GC(156) - age   8:     307976 bytes,   36351464 total
[2026-01-26T06:42:01.749+0000][66][trace][gc,age      ] GC(156) - age   9:     138392 bytes,   36489856 total
[2026-01-26T06:42:01.750+0000][66][trace][gc,age      ] GC(156) - age  10:       1136 bytes,   36490992 total
[2026-01-26T06:42:01.750+0000][66][trace][gc,age      ] GC(156) - age  11:     134928 bytes,   36625920 total
[2026-01-26T06:42:01.750+0000][66][trace][gc,age      ] GC(156) - age  12:        648 bytes,   36626568 total
[2026-01-26T06:42:01.751+0000][66][trace][gc,age      ] GC(156) - age  13:     318680 bytes,   36945248 total
[2026-01-26T06:42:01.751+0000][66][trace][gc,age      ] GC(156) - age  14:       3320 bytes,   36948568 total
[2026-01-26T06:42:01.751+0000][66][trace][gc,age      ] GC(156) - age  15:     106456 bytes,   37055024 total
[2026-01-26T06:42:01.752+0000][66][info ][gc,heap     ] GC(156) Eden regions: 140->0(140)
[2026-01-26T06:42:01.752+0000][66][info ][gc,heap     ] GC(156) Survivor regions: 10->10(19)
[2026-01-26T06:42:01.752+0000][66][info ][gc,heap     ] GC(156) Old regions: 69->69
[2026-01-26T06:42:01.753+0000][66][info ][gc,heap     ] GC(156) Humongous regions: 0->0
[2026-01-26T06:42:01.753+0000][66][info ][gc,metaspace] GC(156) Metaspace: 132946K(136448K)->132946K(136448K) NonClass: 115177K(117056K)->115177K(117056K) Class: 17768K(19392K)->17768K(19392K)
[2026-01-26T06:42:01.753+0000][66][info ][gc          ] GC(156) Pause Young (Normal) (G1 Evacuation Pause) 869M->312M(1024M) 21.373ms
[2026-01-26T06:42:01.754+0000][66][info ][gc,cpu      ] GC(156) User=0.05s Sys=0.01s Real=0.02s
[2026-01-26T06:42:01.754+0000][66][info ][safepoint   ] Safepoint "G1CollectForAllocation", Time since last: 245391482 ns, Reaching safepoint: 18001 ns, Cleanup: 4401 ns, At safepoint: 22218845 ns, Total: 22241247 ns
[2026-01-26T06:42:02.785+0000][66][info ][safepoint   ] Safepoint "Cleanup", Time since last: 1030170846 ns, Reaching safepoint: 112909 ns, Cleanup: 9501 ns, At safepoint: 56905 ns, Total: 179315 ns
[2026-01-26T06:42:06.386+0000][66][info ][safepoint   ] Safepoint "Cleanup", Time since last: 3601835475 ns, Reaching safepoint: 19802 ns, Cleanup: 18101 ns, At safepoint: 4300 ns, Total: 42203 ns
[2026-01-26T06:42:08.696+0000][66][info ][gc,start    ] GC(157) Pause Young (Normal) (G1 Evacuation Pause)
[2026-01-26T06:42:08.696+0000][66][info ][gc,task     ] GC(157) Using 6 workers of 6 for evacuation
[2026-01-26T06:42:08.697+0000][66][debug][gc,age      ] GC(157) Desired survivor size 39845888 bytes, new threshold 15 (max threshold 15)
[2026-01-26T06:42:08.706+0000][66][info ][gc,phases   ] GC(157)   Pre Evacuate Collection Set: 0.4ms
[2026-01-26T06:42:08.707+0000][66][info ][gc,phases   ] GC(157)   Merge Heap Roots: 0.2ms
[2026-01-26T06:42:08.707+0000][66][info ][gc,phases   ] GC(157)   Evacuate Collection Set: 7.7ms
[2026-01-26T06:42:08.708+0000][66][info ][gc,phases   ] GC(157)   Post Evacuate Collection Set: 1.2ms
[2026-01-26T06:42:08.708+0000][66][info ][gc,phases   ] GC(157)   Other: 0.9ms
[2026-01-26T06:42:08.709+0000][66][trace][gc,age      ] GC(157) Age table with threshold 15 (max threshold 15)
[2026-01-26T06:42:08.709+0000][66][trace][gc,age      ] GC(157) - age   1:   23485184 bytes,   23485184 total
[2026-01-26T06:42:08.709+0000][66][trace][gc,age      ] GC(157) - age   2:    2577248 bytes,   26062432 total
[2026-01-26T06:42:08.710+0000][66][trace][gc,age      ] GC(157) - age   3:       1352 bytes,   26063784 total
[2026-01-26T06:42:08.710+0000][66][trace][gc,age      ] GC(157) - age   4:     224392 bytes,   26288176 total
[2026-01-26T06:42:08.711+0000][66][trace][gc,age      ] GC(157) - age   5:       1440 bytes,   26289616 total
[2026-01-26T06:42:08.711+0000][66][trace][gc,age      ] GC(157) - age   7:     125432 bytes,   26415048 total
[2026-01-26T06:42:08.711+0000][66][trace][gc,age      ] GC(157) - age   8:        584 bytes,   26415632 total
[2026-01-26T06:42:08.712+0000][66][trace][gc,age      ] GC(157) - age   9:     187360 bytes,   26602992 total
[2026-01-26T06:42:08.712+0000][66][trace][gc,age      ] GC(157) - age  10:     138392 bytes,   26741384 total
[2026-01-26T06:42:08.712+0000][66][trace][gc,age      ] GC(157) - age  11:       1136 bytes,   26742520 total
[2026-01-26T06:42:08.713+0000][66][trace][gc,age      ] GC(157) - age  12:     134928 bytes,   26877448 total
[2026-01-26T06:42:08.713+0000][66][trace][gc,age      ] GC(157) - age  13:        648 bytes,   26878096 total
[2026-01-26T06:42:08.713+0000][66][trace][gc,age      ] GC(157) - age  14:     229440 bytes,   27107536 total
[2026-01-26T06:42:08.714+0000][66][trace][gc,age      ] GC(157) - age  15:       3320 bytes,   27110856 total
[2026-01-26T06:42:08.714+0000][66][info ][gc,heap     ] GC(157) Eden regions: 140->0(144)
[2026-01-26T06:42:08.714+0000][66][info ][gc,heap     ] GC(157) Survivor regions: 10->8(19)
[2026-01-26T06:42:08.714+0000][66][info ][gc,heap     ] GC(157) Old regions: 69->69
[2026-01-26T06:42:08.715+0000][66][info ][gc,heap     ] GC(157) Humongous regions: 0->0
[2026-01-26T06:42:08.715+0000][66][info ][gc,metaspace] GC(157) Metaspace: 132947K(136448K)->132947K(136448K) NonClass: 115178K(117056K)->115178K(117056K) Class: 17768K(19392K)->17768K(19392K)
[2026-01-26T06:42:08.715+0000][66][info ][gc          ] GC(157) Pause Young (Normal) (G1 Evacuation Pause) 872M->301M(1024M) 19.585ms
[2026-01-26T06:42:08.715+0000][66][info ][gc,cpu      ] GC(157) User=0.04s Sys=0.00s Real=0.02s
[2026-01-26T06:42:08.716+0000][66][info ][safepoint   ] Safepoint "G1CollectForAllocation", Time since last: 2309160256 ns, Reaching safepoint: 15602 ns, Cleanup: 4300 ns, At safepoint: 20243453 ns, Total: 20263355 ns
[2026-01-26T06:42:13.717+0000][66][info ][safepoint   ] Safepoint "Cleanup", Time since last: 5000938402 ns, Reaching safepoint: 17402 ns, Cleanup: 15401 ns, At safepoint: 3201 ns, Total: 36004 ns
[2026-01-26T06:42:14.348+0000][66][info ][gc,start    ] GC(158) Pause Young (Normal) (G1 Evacuation Pause)
[2026-01-26T06:42:14.348+0000][66][info ][gc,task     ] GC(158) Using 6 workers of 6 for evacuation
[2026-01-26T06:42:14.349+0000][66][debug][gc,age      ] GC(158) Desired survivor size 39845888 bytes, new threshold 15 (max threshold 15)
[2026-01-26T06:42:14.363+0000][66][info ][gc,phases   ] GC(158)   Pre Evacuate Collection Set: 0.4ms
[2026-01-26T06:42:14.364+0000][66][info ][gc,phases   ] GC(158)   Merge Heap Roots: 0.3ms
[2026-01-26T06:42:14.364+0000][66][info ][gc,phases   ] GC(158)   Evacuate Collection Set: 11.6ms
[2026-01-26T06:42:14.365+0000][66][info ][gc,phases   ] GC(158)   Post Evacuate Collection Set: 1.4ms
[2026-01-26T06:42:14.365+0000][66][info ][gc,phases   ] GC(158)   Other: 1.1ms
[2026-01-26T06:42:14.365+0000][66][trace][gc,age      ] GC(158) Age table with threshold 15 (max threshold 15)
[2026-01-26T06:42:14.366+0000][66][trace][gc,age      ] GC(158) - age   1:   22804344 bytes,   22804344 total
[2026-01-26T06:42:14.366+0000][66][trace][gc,age      ] GC(158) - age   2:   13513208 bytes,   36317552 total
[2026-01-26T06:42:14.367+0000][66][trace][gc,age      ] GC(158) - age   3:    2193920 bytes,   38511472 total
[2026-01-26T06:42:14.367+0000][66][trace][gc,age      ] GC(158) - age   4:       1352 bytes,   38512824 total
[2026-01-26T06:42:14.367+0000][66][trace][gc,age      ] GC(158) - age   5:     223584 bytes,   38736408 total
[2026-01-26T06:42:14.368+0000][66][trace][gc,age      ] GC(158) - age   6:        528 bytes,   38736936 total
[2026-01-26T06:42:14.368+0000][66][trace][gc,age      ] GC(158) - age   8:     125432 bytes,   38862368 total
[2026-01-26T06:42:14.369+0000][66][trace][gc,age      ] GC(158) - age   9:        584 bytes,   38862952 total
[2026-01-26T06:42:14.369+0000][66][trace][gc,age      ] GC(158) - age  10:     187360 bytes,   39050312 total
[2026-01-26T06:42:14.369+0000][66][trace][gc,age      ] GC(158) - age  11:     138392 bytes,   39188704 total
[2026-01-26T06:42:14.370+0000][66][trace][gc,age      ] GC(158) - age  12:       1136 bytes,   39189840 total
[2026-01-26T06:42:14.370+0000][66][trace][gc,age      ] GC(158) - age  13:     134552 bytes,   39324392 total
[2026-01-26T06:42:14.370+0000][66][trace][gc,age      ] GC(158) - age  14:        648 bytes,   39325040 total
[2026-01-26T06:42:14.371+0000][66][trace][gc,age      ] GC(158) - age  15:     229440 bytes,   39554480 total
[2026-01-26T06:42:14.371+0000][66][info ][gc,heap     ] GC(158) Eden regions: 144->0(138)
[2026-01-26T06:42:14.371+0000][66][info ][gc,heap     ] GC(158) Survivor regions: 8->11(19)
[2026-01-26T06:42:14.372+0000][66][info ][gc,heap     ] GC(158) Old regions: 69->69
[2026-01-26T06:42:14.372+0000][66][info ][gc,heap     ] GC(158) Humongous regions: 0->0
[2026-01-26T06:42:14.372+0000][66][info ][gc,metaspace] GC(158) Metaspace: 132954K(136448K)->132954K(136448K) NonClass: 115185K(117056K)->115185K(117056K) Class: 17768K(19392K)->17768K(19392K)
[2026-01-26T06:42:14.373+0000][66][info ][gc          ] GC(158) Pause Young (Normal) (G1 Evacuation Pause) 877M->313M(1024M) 24.812ms
[2026-01-26T06:42:14.373+0000][66][info ][gc,cpu      ] GC(158) User=0.06s Sys=0.00s Real=0.03s
[2026-01-26T06:42:14.374+0000][66][info ][safepoint   ] Safepoint "G1CollectForAllocation", Time since last: 631051815 ns, Reaching safepoint: 20802 ns, Cleanup: 5200 ns, At safepoint: 25628848 ns, Total: 25654850 ns
[2026-01-26T06:42:17.539+0000][66][info ][gc,start    ] GC(159) Pause Young (Normal) (G1 Evacuation Pause)
[2026-01-26T06:42:17.539+0000][66][info ][gc,task     ] GC(159) Using 6 workers of 6 for evacuation
[2026-01-26T06:42:17.540+0000][66][debug][gc,age      ] GC(159) Desired survivor size 39845888 bytes, new threshold 15 (max threshold 15)
[2026-01-26T06:42:17.548+0000][66][info ][gc,phases   ] GC(159)   Pre Evacuate Collection Set: 0.5ms
[2026-01-26T06:42:17.548+0000][66][info ][gc,phases   ] GC(159)   Merge Heap Roots: 0.1ms
[2026-01-26T06:42:17.549+0000][66][info ][gc,phases   ] GC(159)   Evacuate Collection Set: 5.6ms
[2026-01-26T06:42:17.549+0000][66][info ][gc,phases   ] GC(159)   Post Evacuate Collection Set: 1.3ms
[2026-01-26T06:42:17.550+0000][66][info ][gc,phases   ] GC(159)   Other: 0.9ms
[2026-01-26T06:42:17.550+0000][66][trace][gc,age      ] GC(159) Age table with threshold 15 (max threshold 15)
[2026-01-26T06:42:17.550+0000][66][trace][gc,age      ] GC(159) - age   1:   11856416 bytes,   11856416 total
[2026-01-26T06:42:17.551+0000][66][trace][gc,age      ] GC(159) - age   2:    2940064 bytes,   14796480 total
[2026-01-26T06:42:17.551+0000][66][trace][gc,age      ] GC(159) - age   3:     366160 bytes,   15162640 total
[2026-01-26T06:42:17.552+0000][66][trace][gc,age      ] GC(159) - age   4:       5032 bytes,   15167672 total
[2026-01-26T06:42:17.552+0000][66][trace][gc,age      ] GC(159) - age   5:       1352 bytes,   15169024 total
[2026-01-26T06:42:17.552+0000][66][trace][gc,age      ] GC(159) - age   6:     222280 bytes,   15391304 total
[2026-01-26T06:42:17.553+0000][66][trace][gc,age      ] GC(159) - age   7:        528 bytes,   15391832 total
[2026-01-26T06:42:17.553+0000][66][trace][gc,age      ] GC(159) - age   9:     125432 bytes,   15517264 total
[2026-01-26T06:42:17.553+0000][66][trace][gc,age      ] GC(159) - age  10:        584 bytes,   15517848 total
[2026-01-26T06:42:17.554+0000][66][trace][gc,age      ] GC(159) - age  11:     187360 bytes,   15705208 total
[2026-01-26T06:42:17.554+0000][66][trace][gc,age      ] GC(159) - age  12:     138392 bytes,   15843600 total
[2026-01-26T06:42:17.554+0000][66][trace][gc,age      ] GC(159) - age  13:       1136 bytes,   15844736 total
[2026-01-26T06:42:17.555+0000][66][trace][gc,age      ] GC(159) - age  14:     134552 bytes,   15979288 total
[2026-01-26T06:42:17.555+0000][66][trace][gc,age      ] GC(159) - age  15:        648 bytes,   15979936 total
[2026-01-26T06:42:17.555+0000][66][info ][gc,heap     ] GC(159) Eden regions: 138->0(148)
[2026-01-26T06:42:17.556+0000][66][info ][gc,heap     ] GC(159) Survivor regions: 11->5(19)
[2026-01-26T06:42:17.556+0000][66][info ][gc,heap     ] GC(159) Old regions: 69->69
[2026-01-26T06:42:17.557+0000][66][info ][gc,heap     ] GC(159) Humongous regions: 0->0
[2026-01-26T06:42:17.557+0000][66][info ][gc,metaspace] GC(159) Metaspace: 132959K(136448K)->132959K(136448K) NonClass: 115190K(117056K)->115190K(117056K) Class: 17768K(19392K)->17768K(19392K)
[2026-01-26T06:42:17.557+0000][66][info ][gc          ] GC(159) Pause Young (Normal) (G1 Evacuation Pause) 865M->291M(1024M) 18.373ms
[2026-01-26T06:42:17.558+0000][66][info ][gc,cpu      ] GC(159) User=0.03s Sys=0.00s Real=0.02s
[2026-01-26T06:42:17.558+0000][66][info ][safepoint   ] Safepoint "G1CollectForAllocation", Time since last: 3165380604 ns, Reaching safepoint: 18802 ns, Cleanup: 4901 ns, At safepoint: 19207359 ns, Total: 19231062 ns
[2026-01-26T06:42:23.837+0000][66][info ][gc,start    ] GC(160) Pause Young (Normal) (G1 Evacuation Pause)
[2026-01-26T06:42:23.837+0000][66][info ][gc,task     ] GC(160) Using 6 workers of 6 for evacuation
[2026-01-26T06:42:23.838+0000][66][debug][gc,age      ] GC(160) Desired survivor size 41943040 bytes, new threshold 15 (max threshold 15)
[2026-01-26T06:42:23.849+0000][66][info ][gc,phases   ] GC(160)   Pre Evacuate Collection Set: 0.4ms
[2026-01-26T06:42:23.849+0000][66][info ][gc,phases   ] GC(160)   Merge Heap Roots: 0.2ms
[2026-01-26T06:42:23.850+0000][66][info ][gc,phases   ] GC(160)   Evacuate Collection Set: 9.0ms
[2026-01-26T06:42:23.850+0000][66][info ][gc,phases   ] GC(160)   Post Evacuate Collection Set: 1.2ms
[2026-01-26T06:42:23.851+0000][66][info ][gc,phases   ] GC(160)   Other: 0.8ms
[2026-01-26T06:42:23.851+0000][66][trace][gc,age      ] GC(160) Age table with threshold 15 (max threshold 15)
[2026-01-26T06:42:23.851+0000][66][trace][gc,age      ] GC(160) - age   1:   22351240 bytes,   22351240 total
[2026-01-26T06:42:23.852+0000][66][trace][gc,age      ] GC(160) - age   2:    6461424 bytes,   28812664 total
[2026-01-26T06:42:23.852+0000][66][trace][gc,age      ] GC(160) - age   3:    2777896 bytes,   31590560 total
[2026-01-26T06:42:23.852+0000][66][trace][gc,age      ] GC(160) - age   4:     366064 bytes,   31956624 total
[2026-01-26T06:42:23.853+0000][66][trace][gc,age      ] GC(160) - age   5:       5032 bytes,   31961656 total
[2026-01-26T06:42:23.853+0000][66][trace][gc,age      ] GC(160) - age   6:       1352 bytes,   31963008 total
[2026-01-26T06:42:23.853+0000][66][trace][gc,age      ] GC(160) - age   7:     220888 bytes,   32183896 total
[2026-01-26T06:42:23.854+0000][66][trace][gc,age      ] GC(160) - age   8:        528 bytes,   32184424 total
[2026-01-26T06:42:23.854+0000][66][trace][gc,age      ] GC(160) - age  10:     125432 bytes,   32309856 total
[2026-01-26T06:42:23.854+0000][66][trace][gc,age      ] GC(160) - age  11:        584 bytes,   32310440 total
[2026-01-26T06:42:23.854+0000][66][trace][gc,age      ] GC(160) - age  12:     186784 bytes,   32497224 total
[2026-01-26T06:42:23.855+0000][66][trace][gc,age      ] GC(160) - age  13:     137104 bytes,   32634328 total
[2026-01-26T06:42:23.855+0000][66][trace][gc,age      ] GC(160) - age  14:        776 bytes,   32635104 total
[2026-01-26T06:42:23.855+0000][66][trace][gc,age      ] GC(160) - age  15:     134552 bytes,   32769656 total
[2026-01-26T06:42:23.855+0000][66][info ][gc,heap     ] GC(160) Eden regions: 148->0(142)
[2026-01-26T06:42:23.855+0000][66][info ][gc,heap     ] GC(160) Survivor regions: 5->9(20)
[2026-01-26T06:42:23.856+0000][66][info ][gc,heap     ] GC(160) Old regions: 69->69
[2026-01-26T06:42:23.856+0000][66][info ][gc,heap     ] GC(160) Humongous regions: 0->0
[2026-01-26T06:42:23.856+0000][66][info ][gc,metaspace] GC(160) Metaspace: 132959K(136448K)->132959K(136448K) NonClass: 115190K(117056K)->115190K(117056K) Class: 17768K(19392K)->17768K(19392K)
[2026-01-26T06:42:23.856+0000][66][info ][gc          ] GC(160) Pause Young (Normal) (G1 Evacuation Pause) 883M->306M(1024M) 19.135ms
[2026-01-26T06:42:23.856+0000][66][info ][gc,cpu      ] GC(160) User=0.05s Sys=0.01s Real=0.02s
[2026-01-26T06:42:23.857+0000][66][info ][safepoint   ] Safepoint "G1CollectForAllocation", Time since last: 6278799326 ns, Reaching safepoint: 44304 ns, Cleanup: 4200 ns, At safepoint: 19650852 ns, Total: 19699356 ns
[2026-01-26T06:42:28.137+0000][66][info ][safepoint   ] Safepoint "Cleanup", Time since last: 4280500809 ns, Reaching safepoint: 238919 ns, Cleanup: 17801 ns, At safepoint: 70405 ns, Total: 327125 ns
[2026-01-26T06:42:28.386+0000][66][info ][gc,start    ] GC(161) Pause Young (Normal) (G1 Evacuation Pause)
[2026-01-26T06:42:28.386+0000][66][info ][gc,task     ] GC(161) Using 6 workers of 6 for evacuation
[2026-01-26T06:42:28.387+0000][66][debug][gc,age      ] GC(161) Desired survivor size 39845888 bytes, new threshold 15 (max threshold 15)
[2026-01-26T06:42:28.399+0000][66][info ][gc,phases   ] GC(161)   Pre Evacuate Collection Set: 0.4ms
[2026-01-26T06:42:28.400+0000][66][info ][gc,phases   ] GC(161)   Merge Heap Roots: 0.2ms
[2026-01-26T06:42:28.400+0000][66][info ][gc,phases   ] GC(161)   Evacuate Collection Set: 10.1ms
[2026-01-26T06:42:28.400+0000][66][info ][gc,phases   ] GC(161)   Post Evacuate Collection Set: 1.1ms
[2026-01-26T06:42:28.401+0000][66][info ][gc,phases   ] GC(161)   Other: 0.7ms
[2026-01-26T06:42:28.401+0000][66][trace][gc,age      ] GC(161) Age table with threshold 15 (max threshold 15)
[2026-01-26T06:42:28.401+0000][66][trace][gc,age      ] GC(161) - age   1:   11774784 bytes,   11774784 total
[2026-01-26T06:42:28.402+0000][66][trace][gc,age      ] GC(161) - age   2:   15234472 bytes,   27009256 total
[2026-01-26T06:42:28.402+0000][66][trace][gc,age      ] GC(161) - age   3:    5979904 bytes,   32989160 total
[2026-01-26T06:42:28.402+0000][66][trace][gc,age      ] GC(161) - age   4:    2457696 bytes,   35446856 total
[2026-01-26T06:42:28.403+0000][66][trace][gc,age      ] GC(161) - age   5:     365816 bytes,   35812672 total
[2026-01-26T06:42:28.403+0000][66][trace][gc,age      ] GC(161) - age   6:       5032 bytes,   35817704 total
[2026-01-26T06:42:28.403+0000][66][trace][gc,age      ] GC(161) - age   7:       1176 bytes,   35818880 total
[2026-01-26T06:42:28.404+0000][66][trace][gc,age      ] GC(161) - age   8:     212360 bytes,   36031240 total
[2026-01-26T06:42:28.404+0000][66][trace][gc,age      ] GC(161) - age   9:        112 bytes,   36031352 total
[2026-01-26T06:42:28.404+0000][66][trace][gc,age      ] GC(161) - age  11:     125368 bytes,   36156720 total
[2026-01-26T06:42:28.404+0000][66][trace][gc,age      ] GC(161) - age  12:        584 bytes,   36157304 total
[2026-01-26T06:42:28.405+0000][66][trace][gc,age      ] GC(161) - age  13:     186400 bytes,   36343704 total
[2026-01-26T06:42:28.405+0000][66][trace][gc,age      ] GC(161) - age  14:     136208 bytes,   36479912 total
[2026-01-26T06:42:28.405+0000][66][trace][gc,age      ] GC(161) - age  15:        776 bytes,   36480688 total
[2026-01-26T06:42:28.405+0000][66][info ][gc,heap     ] GC(161) Eden regions: 142->0(140)
[2026-01-26T06:42:28.406+0000][66][info ][gc,heap     ] GC(161) Survivor regions: 9->10(19)
[2026-01-26T06:42:28.406+0000][66][info ][gc,heap     ] GC(161) Old regions: 69->69
[2026-01-26T06:42:28.406+0000][66][info ][gc,heap     ] GC(161) Humongous regions: 0->0
[2026-01-26T06:42:28.406+0000][66][info ][gc,metaspace] GC(161) Metaspace: 132959K(136448K)->132959K(136448K) NonClass: 115190K(117056K)->115190K(117056K) Class: 17768K(19392K)->17768K(19392K)
[2026-01-26T06:42:28.407+0000][66][info ][gc          ] GC(161) Pause Young (Normal) (G1 Evacuation Pause) 874M->311M(1024M) 20.812ms
[2026-01-26T06:42:28.407+0000][66][info ][gc,cpu      ] GC(161) User=0.05s Sys=0.00s Real=0.02s
[2026-01-26T06:42:28.407+0000][66][info ][safepoint   ] Safepoint "G1CollectForAllocation", Time since last: 248362381 ns, Reaching safepoint: 16402 ns, Cleanup: 11401 ns, At safepoint: 21481876 ns, Total: 21509679 ns
[2026-01-26T06:42:29.839+0000][66][info ][safepoint   ] Safepoint "Cleanup", Time since last: 1431111577 ns, Reaching safepoint: 129910 ns, Cleanup: 18902 ns, At safepoint: 73906 ns, Total: 222718 ns
[2026-01-26T06:42:31.620+0000][66][info ][safepoint   ] Safepoint "Cleanup", Time since last: 1781241299 ns, Reaching safepoint: 122510 ns, Cleanup: 14601 ns, At safepoint: 39503 ns, Total: 176614 ns
[2026-01-26T06:42:33.327+0000][66][info ][gc,start    ] GC(162) Pause Young (Normal) (G1 Evacuation Pause)
[2026-01-26T06:42:33.327+0000][66][info ][gc,task     ] GC(162) Using 6 workers of 6 for evacuation
[2026-01-26T06:42:33.328+0000][66][debug][gc,age      ] GC(162) Desired survivor size 39845888 bytes, new threshold 15 (max threshold 15)
[2026-01-26T06:42:33.334+0000][66][info ][gc,phases   ] GC(162)   Pre Evacuate Collection Set: 0.4ms
[2026-01-26T06:42:33.335+0000][66][info ][gc,phases   ] GC(162)   Merge Heap Roots: 0.1ms
[2026-01-26T06:42:33.335+0000][66][info ][gc,phases   ] GC(162)   Evacuate Collection Set: 4.4ms
[2026-01-26T06:42:33.336+0000][66][info ][gc,phases   ] GC(162)   Post Evacuate Collection Set: 1.2ms
[2026-01-26T06:42:33.336+0000][66][info ][gc,phases   ] GC(162)   Other: 1.1ms
[2026-01-26T06:42:33.336+0000][66][trace][gc,age      ] GC(162) Age table with threshold 15 (max threshold 15)
[2026-01-26T06:42:33.337+0000][66][trace][gc,age      ] GC(162) - age   1:    6806776 bytes,    6806776 total
[2026-01-26T06:42:33.337+0000][66][trace][gc,age      ] GC(162) - age   2:       4416 bytes,    6811192 total
[2026-01-26T06:42:33.337+0000][66][trace][gc,age      ] GC(162) - age   3:     260352 bytes,    7071544 total
[2026-01-26T06:42:33.338+0000][66][trace][gc,age      ] GC(162) - age   4:     164520 bytes,    7236064 total
[2026-01-26T06:42:33.338+0000][66][trace][gc,age      ] GC(162) - age   5:       1936 bytes,    7238000 total
[2026-01-26T06:42:33.338+0000][66][trace][gc,age      ] GC(162) - age   6:     363424 bytes,    7601424 total
[2026-01-26T06:42:33.339+0000][66][trace][gc,age      ] GC(162) - age   7:        368 bytes,    7601792 total
[2026-01-26T06:42:33.339+0000][66][trace][gc,age      ] GC(162) - age   8:       1176 bytes,    7602968 total
[2026-01-26T06:42:33.339+0000][66][trace][gc,age      ] GC(162) - age   9:     212360 bytes,    7815328 total
[2026-01-26T06:42:33.340+0000][66][trace][gc,age      ] GC(162) - age  10:        112 bytes,    7815440 total
[2026-01-26T06:42:33.340+0000][66][trace][gc,age      ] GC(162) - age  12:     125368 bytes,    7940808 total
[2026-01-26T06:42:33.340+0000][66][trace][gc,age      ] GC(162) - age  13:        584 bytes,    7941392 total
[2026-01-26T06:42:33.340+0000][66][trace][gc,age      ] GC(162) - age  14:     125264 bytes,    8066656 total
[2026-01-26T06:42:33.341+0000][66][trace][gc,age      ] GC(162) - age  15:     135488 bytes,    8202144 total
[2026-01-26T06:42:33.341+0000][66][info ][gc,heap     ] GC(162) Eden regions: 140->0(150)
[2026-01-26T06:42:33.342+0000][66][info ][gc,heap     ] GC(162) Survivor regions: 10->3(19)
[2026-01-26T06:42:33.342+0000][66][info ][gc,heap     ] GC(162) Old regions: 69->69
[2026-01-26T06:42:33.342+0000][66][info ][gc,heap     ] GC(162) Humongous regions: 0->0
[2026-01-26T06:42:33.343+0000][66][info ][gc,metaspace] GC(162) Metaspace: 132966K(136448K)->132966K(136448K) NonClass: 115196K(117056K)->115196K(117056K) Class: 17769K(19392K)->17769K(19392K)
[2026-01-26T06:42:33.343+0000][66][info ][gc          ] GC(162) Pause Young (Normal) (G1 Evacuation Pause) 871M->284M(1024M) 16.464ms
[2026-01-26T06:42:33.343+0000][66][info ][gc,cpu      ] GC(162) User=0.01s Sys=0.01s Real=0.02s
[2026-01-26T06:42:33.344+0000][66][info ][safepoint   ] Safepoint "G1CollectForAllocation", Time since last: 1708708339 ns, Reaching safepoint: 17001 ns, Cleanup: 16301 ns, At safepoint: 17225945 ns, Total: 17259247 ns
[2026-01-26T06:42:36.344+0000][66][info ][safepoint   ] Safepoint "Cleanup", Time since last: 3000659031 ns, Reaching safepoint: 21101 ns, Cleanup: 20702 ns, At safepoint: 3700 ns, Total: 45503 ns
[2026-01-26T06:42:37.345+0000][66][info ][safepoint   ] Safepoint "Cleanup", Time since last: 1000600963 ns, Reaching safepoint: 13401 ns, Cleanup: 10801 ns, At safepoint: 2900 ns, Total: 27102 ns
[2026-01-26T06:42:40.097+0000][66][info ][gc,start    ] GC(163) Pause Young (Normal) (G1 Evacuation Pause)
[2026-01-26T06:42:40.097+0000][66][info ][gc,task     ] GC(163) Using 6 workers of 6 for evacuation
[2026-01-26T06:42:40.098+0000][66][debug][gc,age      ] GC(163) Desired survivor size 41943040 bytes, new threshold 15 (max threshold 15)
[2026-01-26T06:42:40.108+0000][66][info ][gc,phases   ] GC(163)   Pre Evacuate Collection Set: 0.4ms
[2026-01-26T06:42:40.108+0000][66][info ][gc,phases   ] GC(163)   Merge Heap Roots: 0.2ms
[2026-01-26T06:42:40.109+0000][66][info ][gc,phases   ] GC(163)   Evacuate Collection Set: 8.0ms
[2026-01-26T06:42:40.109+0000][66][info ][gc,phases   ] GC(163)   Post Evacuate Collection Set: 1.1ms
[2026-01-26T06:42:40.109+0000][66][info ][gc,phases   ] GC(163)   Other: 0.8ms
[2026-01-26T06:42:40.110+0000][66][trace][gc,age      ] GC(163) Age table with threshold 15 (max threshold 15)
[2026-01-26T06:42:40.110+0000][66][trace][gc,age      ] GC(163) - age   1:   16361136 bytes,   16361136 total
[2026-01-26T06:42:40.110+0000][66][trace][gc,age      ] GC(163) - age   2:    3938776 bytes,   20299912 total
[2026-01-26T06:42:40.111+0000][66][trace][gc,age      ] GC(163) - age   3:       4024 bytes,   20303936 total
[2026-01-26T06:42:40.111+0000][66][trace][gc,age      ] GC(163) - age   4:     260352 bytes,   20564288 total
[2026-01-26T06:42:40.112+0000][66][trace][gc,age      ] GC(163) - age   5:     164272 bytes,   20728560 total
[2026-01-26T06:42:40.112+0000][66][trace][gc,age      ] GC(163) - age   6:       1936 bytes,   20730496 total
[2026-01-26T06:42:40.112+0000][66][trace][gc,age      ] GC(163) - age   7:     363424 bytes,   21093920 total
[2026-01-26T06:42:40.113+0000][66][trace][gc,age      ] GC(163) - age   8:        368 bytes,   21094288 total
[2026-01-26T06:42:40.113+0000][66][trace][gc,age      ] GC(163) - age   9:       1176 bytes,   21095464 total
[2026-01-26T06:42:40.113+0000][66][trace][gc,age      ] GC(163) - age  10:     212360 bytes,   21307824 total
[2026-01-26T06:42:40.114+0000][66][trace][gc,age      ] GC(163) - age  11:        112 bytes,   21307936 total
[2026-01-26T06:42:40.114+0000][66][trace][gc,age      ] GC(163) - age  13:     125368 bytes,   21433304 total
[2026-01-26T06:42:40.114+0000][66][trace][gc,age      ] GC(163) - age  14:        584 bytes,   21433888 total
[2026-01-26T06:42:40.115+0000][66][trace][gc,age      ] GC(163) - age  15:     125264 bytes,   21559152 total
[2026-01-26T06:42:40.115+0000][66][info ][gc,heap     ] GC(163) Eden regions: 150->0(147)
[2026-01-26T06:42:40.115+0000][66][info ][gc,heap     ] GC(163) Survivor regions: 3->6(20)
[2026-01-26T06:42:40.116+0000][66][info ][gc,heap     ] GC(163) Old regions: 69->69
[2026-01-26T06:42:40.116+0000][66][info ][gc,heap     ] GC(163) Humongous regions: 0->0
[2026-01-26T06:42:40.116+0000][66][info ][gc,metaspace] GC(163) Metaspace: 132966K(136448K)->132966K(136448K) NonClass: 115196K(117056K)->115196K(117056K) Class: 17769K(19392K)->17769K(19392K)
[2026-01-26T06:42:40.117+0000][66][info ][gc          ] GC(163) Pause Young (Normal) (G1 Evacuation Pause) 884M->295M(1024M) 19.871ms
[2026-01-26T06:42:40.117+0000][66][info ][gc,cpu      ] GC(163) User=0.05s Sys=0.00s Real=0.02s
[2026-01-26T06:42:40.118+0000][66][info ][safepoint   ] Safepoint "G1CollectForAllocation", Time since last: 2751638273 ns, Reaching safepoint: 163913 ns, Cleanup: 6400 ns, At safepoint: 20633010 ns, Total: 20803323 ns
[2026-01-26T06:42:41.119+0000][66][info ][safepoint   ] Safepoint "Cleanup", Time since last: 1001249714 ns, Reaching safepoint: 33802 ns, Cleanup: 9601 ns, At safepoint: 29802 ns, Total: 73205 ns
[2026-01-26T06:42:42.492+0000][66][info ][safepoint   ] Safepoint "Cleanup", Time since last: 1373383747 ns, Reaching safepoint: 132010 ns, Cleanup: 15101 ns, At safepoint: 45004 ns, Total: 192115 ns
[2026-01-26T06:42:43.493+0000][66][info ][safepoint   ] Safepoint "Cleanup", Time since last: 1000559358 ns, Reaching safepoint: 20402 ns, Cleanup: 16701 ns, At safepoint: 3401 ns, Total: 40504 ns
[2026-01-26T06:42:45.065+0000][66][info ][gc,start    ] GC(164) Pause Young (Normal) (G1 Evacuation Pause)
[2026-01-26T06:42:45.065+0000][66][info ][gc,task     ] GC(164) Using 6 workers of 6 for evacuation
[2026-01-26T06:42:45.066+0000][66][debug][gc,age      ] GC(164) Desired survivor size 41943040 bytes, new threshold 15 (max threshold 15)
[2026-01-26T06:42:45.074+0000][66][info ][gc,phases   ] GC(164)   Pre Evacuate Collection Set: 0.4ms
[2026-01-26T06:42:45.074+0000][66][info ][gc,phases   ] GC(164)   Merge Heap Roots: 0.2ms
[2026-01-26T06:42:45.075+0000][66][info ][gc,phases   ] GC(164)   Evacuate Collection Set: 6.2ms
[2026-01-26T06:42:45.075+0000][66][info ][gc,phases   ] GC(164)   Post Evacuate Collection Set: 1.1ms
[2026-01-26T06:42:45.075+0000][66][info ][gc,phases   ] GC(164)   Other: 0.8ms
[2026-01-26T06:42:45.076+0000][66][trace][gc,age      ] GC(164) Age table with threshold 15 (max threshold 15)
[2026-01-26T06:42:45.076+0000][66][trace][gc,age      ] GC(164) - age   1:   14144744 bytes,   14144744 total
[2026-01-26T06:42:45.076+0000][66][trace][gc,age      ] GC(164) - age   2:    1484640 bytes,   15629384 total
[2026-01-26T06:42:45.077+0000][66][trace][gc,age      ] GC(164) - age   3:     336224 bytes,   15965608 total
[2026-01-26T06:42:45.077+0000][66][trace][gc,age      ] GC(164) - age   4:       3992 bytes,   15969600 total
[2026-01-26T06:42:45.077+0000][66][trace][gc,age      ] GC(164) - age   5:     259776 bytes,   16229376 total
[2026-01-26T06:42:45.077+0000][66][trace][gc,age      ] GC(164) - age   6:     162752 bytes,   16392128 total
[2026-01-26T06:42:45.078+0000][66][trace][gc,age      ] GC(164) - age   7:        824 bytes,   16392952 total
[2026-01-26T06:42:45.078+0000][66][trace][gc,age      ] GC(164) - age   8:     363424 bytes,   16756376 total
[2026-01-26T06:42:45.078+0000][66][trace][gc,age      ] GC(164) - age   9:        368 bytes,   16756744 total
[2026-01-26T06:42:45.079+0000][66][trace][gc,age      ] GC(164) - age  10:       1176 bytes,   16757920 total
[2026-01-26T06:42:45.079+0000][66][trace][gc,age      ] GC(164) - age  11:     212360 bytes,   16970280 total
[2026-01-26T06:42:45.079+0000][66][trace][gc,age      ] GC(164) - age  12:        112 bytes,   16970392 total
[2026-01-26T06:42:45.079+0000][66][trace][gc,age      ] GC(164) - age  14:     125368 bytes,   17095760 total
[2026-01-26T06:42:45.080+0000][66][trace][gc,age      ] GC(164) - age  15:        584 bytes,   17096344 total
[2026-01-26T06:42:45.080+0000][66][info ][gc,heap     ] GC(164) Eden regions: 147->0(148)
[2026-01-26T06:42:45.080+0000][66][info ][gc,heap     ] GC(164) Survivor regions: 6->5(20)
[2026-01-26T06:42:45.080+0000][66][info ][gc,heap     ] GC(164) Old regions: 69->69
[2026-01-26T06:42:45.080+0000][66][info ][gc,heap     ] GC(164) Humongous regions: 0->0
[2026-01-26T06:42:45.081+0000][66][info ][gc,metaspace] GC(164) Metaspace: 132967K(136448K)->132967K(136448K) NonClass: 115197K(117056K)->115197K(117056K) Class: 17769K(19392K)->17769K(19392K)
[2026-01-26T06:42:45.081+0000][66][info ][gc          ] GC(164) Pause Young (Normal) (G1 Evacuation Pause) 883M->291M(1024M) 16.067ms
[2026-01-26T06:42:45.081+0000][66][info ][gc,cpu      ] GC(164) User=0.04s Sys=0.00s Real=0.02s
[2026-01-26T06:42:45.082+0000][66][info ][safepoint   ] Safepoint "G1CollectForAllocation", Time since last: 1571817833 ns, Reaching safepoint: 17002 ns, Cleanup: 4700 ns, At safepoint: 16832923 ns, Total: 16854625 ns
[2026-01-26T06:42:52.611+0000][66][info ][gc,start    ] GC(165) Pause Young (Normal) (G1 Evacuation Pause)
[2026-01-26T06:42:52.611+0000][66][info ][gc,task     ] GC(165) Using 6 workers of 6 for evacuation
[2026-01-26T06:42:52.612+0000][66][debug][gc,age      ] GC(165) Desired survivor size 41943040 bytes, new threshold 15 (max threshold 15)
[2026-01-26T06:42:52.624+0000][66][info ][gc,phases   ] GC(165)   Pre Evacuate Collection Set: 0.6ms
[2026-01-26T06:42:52.625+0000][66][info ][gc,phases   ] GC(165)   Merge Heap Roots: 0.3ms
[2026-01-26T06:42:52.626+0000][66][info ][gc,phases   ] GC(165)   Evacuate Collection Set: 9.7ms
[2026-01-26T06:42:52.626+0000][66][info ][gc,phases   ] GC(165)   Post Evacuate Collection Set: 1.5ms
[2026-01-26T06:42:52.626+0000][66][info ][gc,phases   ] GC(165)   Other: 1.1ms
[2026-01-26T06:42:52.627+0000][66][trace][gc,age      ] GC(165) Age table with threshold 15 (max threshold 15)
[2026-01-26T06:42:52.627+0000][66][trace][gc,age      ] GC(165) - age   1:   21050864 bytes,   21050864 total
[2026-01-26T06:42:52.628+0000][66][trace][gc,age      ] GC(165) - age   2:    8311264 bytes,   29362128 total
[2026-01-26T06:42:52.628+0000][66][trace][gc,age      ] GC(165) - age   3:    1186072 bytes,   30548200 total
[2026-01-26T06:42:52.629+0000][66][trace][gc,age      ] GC(165) - age   4:     335944 bytes,   30884144 total
[2026-01-26T06:42:52.629+0000][66][trace][gc,age      ] GC(165) - age   5:       3992 bytes,   30888136 total
[2026-01-26T06:42:52.630+0000][66][trace][gc,age      ] GC(165) - age   6:     259208 bytes,   31147344 total
[2026-01-26T06:42:52.630+0000][66][trace][gc,age      ] GC(165) - age   7:     162752 bytes,   31310096 total
[2026-01-26T06:42:52.631+0000][66][trace][gc,age      ] GC(165) - age   8:        824 bytes,   31310920 total
[2026-01-26T06:42:52.631+0000][66][trace][gc,age      ] GC(165) - age   9:     363424 bytes,   31674344 total
[2026-01-26T06:42:52.631+0000][66][trace][gc,age      ] GC(165) - age  10:        368 bytes,   31674712 total
[2026-01-26T06:42:52.632+0000][66][trace][gc,age      ] GC(165) - age  11:       1176 bytes,   31675888 total
[2026-01-26T06:42:52.632+0000][66][trace][gc,age      ] GC(165) - age  12:     212360 bytes,   31888248 total
[2026-01-26T06:42:52.633+0000][66][trace][gc,age      ] GC(165) - age  13:        112 bytes,   31888360 total
[2026-01-26T06:42:52.633+0000][66][trace][gc,age      ] GC(165) - age  15:     125368 bytes,   32013728 total
[2026-01-26T06:42:52.633+0000][66][info ][gc,heap     ] GC(165) Eden regions: 148->0(142)
[2026-01-26T06:42:52.634+0000][66][info ][gc,heap     ] GC(165) Survivor regions: 5->9(20)
[2026-01-26T06:42:52.634+0000][66][info ][gc,heap     ] GC(165) Old regions: 69->69
[2026-01-26T06:42:52.634+0000][66][info ][gc,heap     ] GC(165) Humongous regions: 0->0
[2026-01-26T06:42:52.635+0000][66][info ][gc,metaspace] GC(165) Metaspace: 132967K(136448K)->132967K(136448K) NonClass: 115197K(117056K)->115197K(117056K) Class: 17769K(19392K)->17769K(19392K)
[2026-01-26T06:42:52.635+0000][66][info ][gc          ] GC(165) Pause Young (Normal) (G1 Evacuation Pause) 883M->306M(1024M) 24.089ms
[2026-01-26T06:42:52.635+0000][66][info ][gc,cpu      ] GC(165) User=0.05s Sys=0.00s Real=0.02s
[2026-01-26T06:42:52.636+0000][66][info ][safepoint   ] Safepoint "G1CollectForAllocation", Time since last: 7528900860 ns, Reaching safepoint: 178614 ns, Cleanup: 7200 ns, At safepoint: 24925863 ns, Total: 25111677 ns
[2026-01-26T06:42:59.503+0000][66][info ][gc,start    ] GC(166) Pause Young (Normal) (G1 Evacuation Pause)
[2026-01-26T06:42:59.504+0000][66][info ][gc,task     ] GC(166) Using 6 workers of 6 for evacuation
[2026-01-26T06:42:59.504+0000][66][debug][gc,age      ] GC(166) Desired survivor size 39845888 bytes, new threshold 15 (max threshold 15)
[2026-01-26T06:42:59.512+0000][66][info ][gc,phases   ] GC(166)   Pre Evacuate Collection Set: 0.4ms
[2026-01-26T06:42:59.513+0000][66][info ][gc,phases   ] GC(166)   Merge Heap Roots: 0.1ms
[2026-01-26T06:42:59.513+0000][66][info ][gc,phases   ] GC(166)   Evacuate Collection Set: 6.4ms
[2026-01-26T06:42:59.514+0000][66][info ][gc,phases   ] GC(166)   Post Evacuate Collection Set: 1.0ms
[2026-01-26T06:42:59.514+0000][66][info ][gc,phases   ] GC(166)   Other: 0.6ms
[2026-01-26T06:42:59.514+0000][66][trace][gc,age      ] GC(166) Age table with threshold 15 (max threshold 15)
[2026-01-26T06:42:59.515+0000][66][trace][gc,age      ] GC(166) - age   1:   14738664 bytes,   14738664 total
[2026-01-26T06:42:59.515+0000][66][trace][gc,age      ] GC(166) - age   2:    1258432 bytes,   15997096 total
[2026-01-26T06:42:59.516+0000][66][trace][gc,age      ] GC(166) - age   3:     139120 bytes,   16136216 total
[2026-01-26T06:42:59.516+0000][66][trace][gc,age      ] GC(166) - age   4:       1096 bytes,   16137312 total
[2026-01-26T06:42:59.516+0000][66][trace][gc,age      ] GC(166) - age   5:     332560 bytes,   16469872 total
[2026-01-26T06:42:59.517+0000][66][trace][gc,age      ] GC(166) - age   6:       3816 bytes,   16473688 total
[2026-01-26T06:42:59.517+0000][66][trace][gc,age      ] GC(166) - age   7:     259208 bytes,   16732896 total
[2026-01-26T06:42:59.518+0000][66][trace][gc,age      ] GC(166) - age   8:     162752 bytes,   16895648 total
[2026-01-26T06:42:59.518+0000][66][trace][gc,age      ] GC(166) - age   9:        824 bytes,   16896472 total
[2026-01-26T06:42:59.518+0000][66][trace][gc,age      ] GC(166) - age  10:     363424 bytes,   17259896 total
[2026-01-26T06:42:59.519+0000][66][trace][gc,age      ] GC(166) - age  11:        368 bytes,   17260264 total
[2026-01-26T06:42:59.519+0000][66][trace][gc,age      ] GC(166) - age  12:       1144 bytes,   17261408 total
[2026-01-26T06:42:59.519+0000][66][trace][gc,age      ] GC(166) - age  13:     212360 bytes,   17473768 total
[2026-01-26T06:42:59.520+0000][66][trace][gc,age      ] GC(166) - age  14:        112 bytes,   17473880 total
[2026-01-26T06:42:59.520+0000][66][info ][gc,heap     ] GC(166) Eden regions: 142->0(148)
[2026-01-26T06:42:59.520+0000][66][info ][gc,heap     ] GC(166) Survivor regions: 9->5(19)
[2026-01-26T06:42:59.521+0000][66][info ][gc,heap     ] GC(166) Old regions: 69->69
[2026-01-26T06:42:59.521+0000][66][info ][gc,heap     ] GC(166) Humongous regions: 0->0
[2026-01-26T06:42:59.521+0000][66][info ][gc,metaspace] GC(166) Metaspace: 132967K(136448K)->132967K(136448K) NonClass: 115197K(117056K)->115197K(117056K) Class: 17769K(19392K)->17769K(19392K)
[2026-01-26T06:42:59.522+0000][66][info ][gc          ] GC(166) Pause Young (Normal) (G1 Evacuation Pause) 874M->292M(1024M) 18.318ms
[2026-01-26T06:42:59.522+0000][66][info ][gc,cpu      ] GC(166) User=0.03s Sys=0.01s Real=0.02s
[2026-01-26T06:42:59.523+0000][66][info ][safepoint   ] Safepoint "G1CollectForAllocation", Time since last: 6867701418 ns, Reaching safepoint: 17102 ns, Cleanup: 3800 ns, At safepoint: 19183297 ns, Total: 19204199 ns
[2026-01-26T06:43:02.521+0000][66][info ][safepoint   ] Safepoint "Cleanup", Time since last: 3000670961 ns, Reaching safepoint: 16501 ns, Cleanup: 10701 ns, At safepoint: 3500 ns, Total: 30702 ns
[2026-01-26T06:43:06.577+0000][66][info ][gc,start    ] GC(167) Pause Young (Normal) (G1 Evacuation Pause)
[2026-01-26T06:43:06.577+0000][66][info ][gc,task     ] GC(167) Using 6 workers of 6 for evacuation
[2026-01-26T06:43:06.578+0000][66][debug][gc,age      ] GC(167) Desired survivor size 41943040 bytes, new threshold 15 (max threshold 15)
[2026-01-26T06:43:06.587+0000][66][info ][gc,phases   ] GC(167)   Pre Evacuate Collection Set: 0.3ms
[2026-01-26T06:43:06.588+0000][66][info ][gc,phases   ] GC(167)   Merge Heap Roots: 0.1ms
[2026-01-26T06:43:06.588+0000][66][info ][gc,phases   ] GC(167)   Evacuate Collection Set: 7.7ms
[2026-01-26T06:43:06.588+0000][66][info ][gc,phases   ] GC(167)   Post Evacuate Collection Set: 1.3ms
[2026-01-26T06:43:06.589+0000][66][info ][gc,phases   ] GC(167)   Other: 0.7ms
[2026-01-26T06:43:06.589+0000][66][trace][gc,age      ] GC(167) Age table with threshold 15 (max threshold 15)
[2026-01-26T06:43:06.590+0000][66][trace][gc,age      ] GC(167) - age   1:   18799632 bytes,   18799632 total
[2026-01-26T06:43:06.590+0000][66][trace][gc,age      ] GC(167) - age   2:    7670512 bytes,   26470144 total
[2026-01-26T06:43:06.590+0000][66][trace][gc,age      ] GC(167) - age   3:    1031384 bytes,   27501528 total
[2026-01-26T06:43:06.590+0000][66][trace][gc,age      ] GC(167) - age   4:     138776 bytes,   27640304 total
[2026-01-26T06:43:06.591+0000][66][trace][gc,age      ] GC(167) - age   5:       1096 bytes,   27641400 total
[2026-01-26T06:43:06.592+0000][66][trace][gc,age      ] GC(167) - age   6:     327088 bytes,   27968488 total
[2026-01-26T06:43:06.593+0000][66][trace][gc,age      ] GC(167) - age   7:       3816 bytes,   27972304 total
[2026-01-26T06:43:06.593+0000][66][trace][gc,age      ] GC(167) - age   8:     258928 bytes,   28231232 total
[2026-01-26T06:43:06.593+0000][66][trace][gc,age      ] GC(167) - age   9:     162752 bytes,   28393984 total
[2026-01-26T06:43:06.594+0000][66][trace][gc,age      ] GC(167) - age  10:        824 bytes,   28394808 total
[2026-01-26T06:43:06.594+0000][66][trace][gc,age      ] GC(167) - age  11:     363424 bytes,   28758232 total
[2026-01-26T06:43:06.595+0000][66][trace][gc,age      ] GC(167) - age  12:        368 bytes,   28758600 total
[2026-01-26T06:43:06.595+0000][66][trace][gc,age      ] GC(167) - age  13:       1144 bytes,   28759744 total
[2026-01-26T06:43:06.595+0000][66][trace][gc,age      ] GC(167) - age  14:     212360 bytes,   28972104 total
[2026-01-26T06:43:06.596+0000][66][trace][gc,age      ] GC(167) - age  15:        112 bytes,   28972216 total
[2026-01-26T06:43:06.596+0000][66][info ][gc,heap     ] GC(167) Eden regions: 148->0(144)
[2026-01-26T06:43:06.596+0000][66][info ][gc,heap     ] GC(167) Survivor regions: 5->8(20)
[2026-01-26T06:43:06.597+0000][66][info ][gc,heap     ] GC(167) Old regions: 69->69
[2026-01-26T06:43:06.597+0000][66][info ][gc,heap     ] GC(167) Humongous regions: 0->0
[2026-01-26T06:43:06.597+0000][66][info ][gc,metaspace] GC(167) Metaspace: 132967K(136448K)->132967K(136448K) NonClass: 115197K(117056K)->115197K(117056K) Class: 17769K(19392K)->17769K(19392K)
[2026-01-26T06:43:06.598+0000][66][info ][gc          ] GC(167) Pause Young (Normal) (G1 Evacuation Pause) 884M->302M(1024M) 20.915ms
[2026-01-26T06:43:06.598+0000][66][info ][gc,cpu      ] GC(167) User=0.03s Sys=0.02s Real=0.02s
[2026-01-26T06:43:06.599+0000][66][info ][safepoint   ] Safepoint "G1CollectForAllocation", Time since last: 4055661789 ns, Reaching safepoint: 15801 ns, Cleanup: 3900 ns, At safepoint: 21882208 ns, Total: 21901909 ns
[2026-01-26T06:43:07.816+0000][66][info ][safepoint   ] Safepoint "Cleanup", Time since last: 1216173818 ns, Reaching safepoint: 576945 ns, Cleanup: 13001 ns, At safepoint: 43704 ns, Total: 633650 ns
[2026-01-26T06:43:12.630+0000][66][info ][safepoint   ] Safepoint "Cleanup", Time since last: 4814018043 ns, Reaching safepoint: 192315 ns, Cleanup: 10601 ns, At safepoint: 25202 ns, Total: 228118 ns
[2026-01-26T06:43:13.066+0000][66][info ][gc,start    ] GC(168) Pause Young (Normal) (G1 Evacuation Pause)
[2026-01-26T06:43:13.067+0000][66][info ][gc,task     ] GC(168) Using 6 workers of 6 for evacuation
[2026-01-26T06:43:13.067+0000][66][debug][gc,age      ] GC(168) Desired survivor size 39845888 bytes, new threshold 15 (max threshold 15)
[2026-01-26T06:43:13.078+0000][66][info ][gc,phases   ] GC(168)   Pre Evacuate Collection Set: 0.5ms
[2026-01-26T06:43:13.078+0000][66][info ][gc,phases   ] GC(168)   Merge Heap Roots: 0.2ms
[2026-01-26T06:43:13.079+0000][66][info ][gc,phases   ] GC(168)   Evacuate Collection Set: 7.5ms
[2026-01-26T06:43:13.079+0000][66][info ][gc,phases   ] GC(168)   Post Evacuate Collection Set: 1.3ms
[2026-01-26T06:43:13.080+0000][66][info ][gc,phases   ] GC(168)   Other: 1.2ms
[2026-01-26T06:43:13.080+0000][66][trace][gc,age      ] GC(168) Age table with threshold 15 (max threshold 15)
[2026-01-26T06:43:13.081+0000][66][trace][gc,age      ] GC(168) - age   1:   18100448 bytes,   18100448 total
[2026-01-26T06:43:13.081+0000][66][trace][gc,age      ] GC(168) - age   2:    2523384 bytes,   20623832 total
[2026-01-26T06:43:13.081+0000][66][trace][gc,age      ] GC(168) - age   3:     105968 bytes,   20729800 total
[2026-01-26T06:43:13.082+0000][66][trace][gc,age      ] GC(168) - age   4:       1800 bytes,   20731600 total
[2026-01-26T06:43:13.082+0000][66][trace][gc,age      ] GC(168) - age   5:     135824 bytes,   20867424 total
[2026-01-26T06:43:13.083+0000][66][trace][gc,age      ] GC(168) - age   6:       1072 bytes,   20868496 total
[2026-01-26T06:43:13.083+0000][66][trace][gc,age      ] GC(168) - age   7:     327088 bytes,   21195584 total
[2026-01-26T06:43:13.084+0000][66][trace][gc,age      ] GC(168) - age   8:       3816 bytes,   21199400 total
[2026-01-26T06:43:13.084+0000][66][trace][gc,age      ] GC(168) - age   9:     258648 bytes,   21458048 total
[2026-01-26T06:43:13.084+0000][66][trace][gc,age      ] GC(168) - age  10:     162752 bytes,   21620800 total
[2026-01-26T06:43:13.085+0000][66][trace][gc,age      ] GC(168) - age  11:        648 bytes,   21621448 total
[2026-01-26T06:43:13.085+0000][66][trace][gc,age      ] GC(168) - age  12:     363424 bytes,   21984872 total
[2026-01-26T06:43:13.085+0000][66][trace][gc,age      ] GC(168) - age  13:        368 bytes,   21985240 total
[2026-01-26T06:43:13.086+0000][66][trace][gc,age      ] GC(168) - age  14:       1144 bytes,   21986384 total
[2026-01-26T06:43:13.086+0000][66][trace][gc,age      ] GC(168) - age  15:     212360 bytes,   22198744 total
[2026-01-26T06:43:13.087+0000][66][info ][gc,heap     ] GC(168) Eden regions: 144->0(147)
[2026-01-26T06:43:13.087+0000][66][info ][gc,heap     ] GC(168) Survivor regions: 8->6(19)
[2026-01-26T06:43:13.087+0000][66][info ][gc,heap     ] GC(168) Old regions: 69->69
[2026-01-26T06:43:13.088+0000][66][info ][gc,heap     ] GC(168) Humongous regions: 0->0
[2026-01-26T06:43:13.088+0000][66][info ][gc,metaspace] GC(168) Metaspace: 132977K(136448K)->132977K(136448K) NonClass: 115207K(117056K)->115207K(117056K) Class: 17769K(19392K)->17769K(19392K)
[2026-01-26T06:43:13.089+0000][66][info ][gc          ] GC(168) Pause Young (Normal) (G1 Evacuation Pause) 878M->296M(1024M) 22.416ms
[2026-01-26T06:43:13.089+0000][66][info ][gc,cpu      ] GC(168) User=0.05s Sys=0.00s Real=0.03s
[2026-01-26T06:43:13.090+0000][66][info ][safepoint   ] Safepoint "G1CollectForAllocation", Time since last: 436223548 ns, Reaching safepoint: 152612 ns, Cleanup: 6200 ns, At safepoint: 23445530 ns, Total: 23604342 ns
[2026-01-26T06:43:15.010+0000][66][info ][gc,start    ] GC(169) Pause Young (Normal) (G1 Evacuation Pause)
[2026-01-26T06:43:15.010+0000][66][info ][gc,task     ] GC(169) Using 6 workers of 6 for evacuation
[2026-01-26T06:43:15.011+0000][66][debug][gc,age      ] GC(169) Desired survivor size 41943040 bytes, new threshold 15 (max threshold 15)
[2026-01-26T06:43:15.022+0000][66][info ][gc,phases   ] GC(169)   Pre Evacuate Collection Set: 0.5ms
[2026-01-26T06:43:15.022+0000][66][info ][gc,phases   ] GC(169)   Merge Heap Roots: 0.2ms
[2026-01-26T06:43:15.022+0000][66][info ][gc,phases   ] GC(169)   Evacuate Collection Set: 8.3ms
[2026-01-26T06:43:15.023+0000][66][info ][gc,phases   ] GC(169)   Post Evacuate Collection Set: 1.4ms
[2026-01-26T06:43:15.023+0000][66][info ][gc,phases   ] GC(169)   Other: 1.0ms
[2026-01-26T06:43:15.024+0000][66][trace][gc,age      ] GC(169) Age table with threshold 15 (max threshold 15)
[2026-01-26T06:43:15.024+0000][66][trace][gc,age      ] GC(169) - age   1:    8533088 bytes,    8533088 total
[2026-01-26T06:43:15.025+0000][66][trace][gc,age      ] GC(169) - age   2:   12665576 bytes,   21198664 total
[2026-01-26T06:43:15.025+0000][66][trace][gc,age      ] GC(169) - age   3:    2523384 bytes,   23722048 total
[2026-01-26T06:43:15.026+0000][66][trace][gc,age      ] GC(169) - age   4:     105968 bytes,   23828016 total
[2026-01-26T06:43:15.026+0000][66][trace][gc,age      ] GC(169) - age   5:       1800 bytes,   23829816 total
[2026-01-26T06:43:15.026+0000][66][trace][gc,age      ] GC(169) - age   6:     135824 bytes,   23965640 total
[2026-01-26T06:43:15.027+0000][66][trace][gc,age      ] GC(169) - age   7:       1072 bytes,   23966712 total
[2026-01-26T06:43:15.027+0000][66][trace][gc,age      ] GC(169) - age   8:     327088 bytes,   24293800 total
[2026-01-26T06:43:15.028+0000][66][trace][gc,age      ] GC(169) - age   9:       3816 bytes,   24297616 total
[2026-01-26T06:43:15.028+0000][66][trace][gc,age      ] GC(169) - age  10:     258648 bytes,   24556264 total
[2026-01-26T06:43:15.028+0000][66][trace][gc,age      ] GC(169) - age  11:     162752 bytes,   24719016 total
[2026-01-26T06:43:15.029+0000][66][trace][gc,age      ] GC(169) - age  12:        648 bytes,   24719664 total
[2026-01-26T06:43:15.029+0000][66][trace][gc,age      ] GC(169) - age  13:     363424 bytes,   25083088 total
[2026-01-26T06:43:15.030+0000][66][trace][gc,age      ] GC(169) - age  14:        368 bytes,   25083456 total
[2026-01-26T06:43:15.030+0000][66][trace][gc,age      ] GC(169) - age  15:       1144 bytes,   25084600 total
[2026-01-26T06:43:15.030+0000][66][info ][gc,heap     ] GC(169) Eden regions: 147->0(146)
[2026-01-26T06:43:15.031+0000][66][info ][gc,heap     ] GC(169) Survivor regions: 6->7(20)
[2026-01-26T06:43:15.031+0000][66][info ][gc,heap     ] GC(169) Old regions: 69->69
[2026-01-26T06:43:15.032+0000][66][info ][gc,heap     ] GC(169) Humongous regions: 0->0
[2026-01-26T06:43:15.032+0000][66][info ][gc,metaspace] GC(169) Metaspace: 132977K(136448K)->132977K(136448K) NonClass: 115207K(117056K)->115207K(117056K) Class: 17769K(19392K)->17769K(19392K)
[2026-01-26T06:43:15.033+0000][66][info ][gc          ] GC(169) Pause Young (Normal) (G1 Evacuation Pause) 884M->301M(1024M) 22.959ms
[2026-01-26T06:43:15.033+0000][66][info ][gc,cpu      ] GC(169) User=0.04s Sys=0.00s Real=0.02s
[2026-01-26T06:43:15.034+0000][66][info ][safepoint   ] Safepoint "G1CollectForAllocation", Time since last: 1919703137 ns, Reaching safepoint: 190015 ns, Cleanup: 5800 ns, At safepoint: 24009276 ns, Total: 24205091 ns
[2026-01-26T06:43:17.298+0000][66][info ][gc,start    ] GC(170) Pause Young (Normal) (G1 Evacuation Pause)
[2026-01-26T06:43:17.298+0000][66][info ][gc,task     ] GC(170) Using 6 workers of 6 for evacuation
[2026-01-26T06:43:17.299+0000][66][debug][gc,age      ] GC(170) Desired survivor size 41943040 bytes, new threshold 15 (max threshold 15)
[2026-01-26T06:43:17.310+0000][66][info ][gc,phases   ] GC(170)   Pre Evacuate Collection Set: 0.4ms
[2026-01-26T06:43:17.311+0000][66][info ][gc,phases   ] GC(170)   Merge Heap Roots: 0.2ms
[2026-01-26T06:43:17.312+0000][66][info ][gc,phases   ] GC(170)   Evacuate Collection Set: 9.0ms
[2026-01-26T06:43:17.312+0000][66][info ][gc,phases   ] GC(170)   Post Evacuate Collection Set: 1.5ms
[2026-01-26T06:43:17.313+0000][66][info ][gc,phases   ] GC(170)   Other: 1.1ms
[2026-01-26T06:43:17.313+0000][66][trace][gc,age      ] GC(170) Age table with threshold 15 (max threshold 15)
[2026-01-26T06:43:17.314+0000][66][trace][gc,age      ] GC(170) - age   1:    7949592 bytes,    7949592 total
[2026-01-26T06:43:17.314+0000][66][trace][gc,age      ] GC(170) - age   2:    4126872 bytes,   12076464 total
[2026-01-26T06:43:17.315+0000][66][trace][gc,age      ] GC(170) - age   3:   12406616 bytes,   24483080 total
[2026-01-26T06:43:17.315+0000][66][trace][gc,age      ] GC(170) - age   4:    2468128 bytes,   26951208 total
[2026-01-26T06:43:17.316+0000][66][trace][gc,age      ] GC(170) - age   5:     105720 bytes,   27056928 total
[2026-01-26T06:43:17.316+0000][66][trace][gc,age      ] GC(170) - age   6:       1488 bytes,   27058416 total
[2026-01-26T06:43:17.317+0000][66][trace][gc,age      ] GC(170) - age   7:     135824 bytes,   27194240 total
[2026-01-26T06:43:17.317+0000][66][trace][gc,age      ] GC(170) - age   8:       1072 bytes,   27195312 total
[2026-01-26T06:43:17.318+0000][66][trace][gc,age      ] GC(170) - age   9:     327088 bytes,   27522400 total
[2026-01-26T06:43:17.318+0000][66][trace][gc,age      ] GC(170) - age  10:       2920 bytes,   27525320 total
[2026-01-26T06:43:17.318+0000][66][trace][gc,age      ] GC(170) - age  11:     258088 bytes,   27783408 total
[2026-01-26T06:43:17.319+0000][66][trace][gc,age      ] GC(170) - age  12:     162752 bytes,   27946160 total
[2026-01-26T06:43:17.319+0000][66][trace][gc,age      ] GC(170) - age  13:        648 bytes,   27946808 total
[2026-01-26T06:43:17.320+0000][66][trace][gc,age      ] GC(170) - age  14:     363424 bytes,   28310232 total
[2026-01-26T06:43:17.320+0000][66][trace][gc,age      ] GC(170) - age  15:        368 bytes,   28310600 total
[2026-01-26T06:43:17.321+0000][66][info ][gc,heap     ] GC(170) Eden regions: 146->0(144)
[2026-01-26T06:43:17.321+0000][66][info ][gc,heap     ] GC(170) Survivor regions: 7->8(20)
[2026-01-26T06:43:17.321+0000][66][info ][gc,heap     ] GC(170) Old regions: 69->69
[2026-01-26T06:43:17.322+0000][66][info ][gc,heap     ] GC(170) Humongous regions: 0->0
[2026-01-26T06:43:17.322+0000][66][info ][gc,metaspace] GC(170) Metaspace: 132977K(136448K)->132977K(136448K) NonClass: 115207K(117056K)->115207K(117056K) Class: 17769K(19392K)->17769K(19392K)
[2026-01-26T06:43:17.323+0000][66][info ][gc          ] GC(170) Pause Young (Normal) (G1 Evacuation Pause) 885M->304M(1024M) 25.236ms
[2026-01-26T06:43:17.323+0000][66][info ][gc,cpu      ] GC(170) User=0.04s Sys=0.01s Real=0.03s
[2026-01-26T06:43:17.324+0000][66][info ][safepoint   ] Safepoint "G1CollectForAllocation", Time since last: 2263697598 ns, Reaching safepoint: 150812 ns, Cleanup: 6801 ns, At safepoint: 26242651 ns, Total: 26400264 ns
[2026-01-26T06:43:19.035+0000][66][info ][gc,start    ] GC(171) Pause Young (Normal) (G1 Evacuation Pause)
[2026-01-26T06:43:19.035+0000][66][info ][gc,task     ] GC(171) Using 6 workers of 6 for evacuation
[2026-01-26T06:43:19.036+0000][66][debug][gc,age      ] GC(171) Desired survivor size 39845888 bytes, new threshold 15 (max threshold 15)
[2026-01-26T06:43:19.053+0000][66][info ][gc,phases   ] GC(171)   Pre Evacuate Collection Set: 0.4ms
[2026-01-26T06:43:19.054+0000][66][info ][gc,phases   ] GC(171)   Merge Heap Roots: 0.2ms
[2026-01-26T06:43:19.054+0000][66][info ][gc,phases   ] GC(171)   Evacuate Collection Set: 14.7ms
[2026-01-26T06:43:19.054+0000][66][info ][gc,phases   ] GC(171)   Post Evacuate Collection Set: 1.7ms
[2026-01-26T06:43:19.055+0000][66][info ][gc,phases   ] GC(171)   Other: 0.8ms
[2026-01-26T06:43:19.055+0000][66][trace][gc,age      ] GC(171) Age table with threshold 15 (max threshold 15)
[2026-01-26T06:43:19.055+0000][66][trace][gc,age      ] GC(171) - age   1:    3646320 bytes,    3646320 total
[2026-01-26T06:43:19.056+0000][66][trace][gc,age      ] GC(171) - age   2:    5009248 bytes,    8655568 total
[2026-01-26T06:43:19.056+0000][66][trace][gc,age      ] GC(171) - age   3:    3752152 bytes,   12407720 total
[2026-01-26T06:43:19.056+0000][66][trace][gc,age      ] GC(171) - age   4:   11528800 bytes,   23936520 total
[2026-01-26T06:43:19.057+0000][66][trace][gc,age      ] GC(171) - age   5:    2207632 bytes,   26144152 total
[2026-01-26T06:43:19.057+0000][66][trace][gc,age      ] GC(171) - age   6:     105720 bytes,   26249872 total
[2026-01-26T06:43:19.057+0000][66][trace][gc,age      ] GC(171) - age   7:        920 bytes,   26250792 total
[2026-01-26T06:43:19.058+0000][66][trace][gc,age      ] GC(171) - age   8:     135824 bytes,   26386616 total
[2026-01-26T06:43:19.058+0000][66][trace][gc,age      ] GC(171) - age   9:       1072 bytes,   26387688 total
[2026-01-26T06:43:19.059+0000][66][trace][gc,age      ] GC(171) - age  10:     327088 bytes,   26714776 total
[2026-01-26T06:43:19.059+0000][66][trace][gc,age      ] GC(171) - age  11:       2920 bytes,   26717696 total
[2026-01-26T06:43:19.059+0000][66][trace][gc,age      ] GC(171) - age  12:     258088 bytes,   26975784 total
[2026-01-26T06:43:19.060+0000][66][trace][gc,age      ] GC(171) - age  13:     162752 bytes,   27138536 total
[2026-01-26T06:43:19.060+0000][66][trace][gc,age      ] GC(171) - age  14:        648 bytes,   27139184 total
[2026-01-26T06:43:19.060+0000][66][trace][gc,age      ] GC(171) - age  15:     363424 bytes,   27502608 total
[2026-01-26T06:43:19.061+0000][66][info ][gc,heap     ] GC(171) Eden regions: 144->0(144)
[2026-01-26T06:43:19.061+0000][66][info ][gc,heap     ] GC(171) Survivor regions: 8->8(19)
[2026-01-26T06:43:19.061+0000][66][info ][gc,heap     ] GC(171) Old regions: 69->69
[2026-01-26T06:43:19.062+0000][66][info ][gc,heap     ] GC(171) Humongous regions: 0->0
[2026-01-26T06:43:19.062+0000][66][info ][gc,metaspace] GC(171) Metaspace: 132982K(136448K)->132982K(136448K) NonClass: 115212K(117056K)->115212K(117056K) Class: 17769K(19392K)->17769K(19392K)
[2026-01-26T06:43:19.062+0000][66][info ][gc          ] GC(171) Pause Young (Normal) (G1 Evacuation Pause) 880M->304M(1024M) 27.567ms
[2026-01-26T06:43:19.063+0000][66][info ][gc,cpu      ] GC(171) User=0.05s Sys=0.00s Real=0.03s
[2026-01-26T06:43:19.063+0000][66][info ][safepoint   ] Safepoint "G1CollectForAllocation", Time since last: 1710980182 ns, Reaching safepoint: 25102 ns, Cleanup: 6001 ns, At safepoint: 28445524 ns, Total: 28476627 ns
[2026-01-26T06:43:20.137+0000][66][info ][safepoint   ] Safepoint "Cleanup", Time since last: 1073327723 ns, Reaching safepoint: 170214 ns, Cleanup: 19801 ns, At safepoint: 92607 ns, Total: 282622 ns
[2026-01-26T06:43:21.183+0000][66][info ][safepoint   ] Safepoint "Cleanup", Time since last: 1046042890 ns, Reaching safepoint: 19902 ns, Cleanup: 22402 ns, At safepoint: 44603 ns, Total: 86907 ns
[2026-01-26T06:43:22.135+0000][66][info ][gc,start    ] GC(172) Pause Young (Normal) (G1 Evacuation Pause)
[2026-01-26T06:43:22.135+0000][66][info ][gc,task     ] GC(172) Using 6 workers of 6 for evacuation
[2026-01-26T06:43:22.136+0000][66][debug][gc,age      ] GC(172) Desired survivor size 39845888 bytes, new threshold 15 (max threshold 15)
[2026-01-26T06:43:22.145+0000][66][info ][gc,phases   ] GC(172)   Pre Evacuate Collection Set: 0.5ms
[2026-01-26T06:43:22.146+0000][66][info ][gc,phases   ] GC(172)   Merge Heap Roots: 0.2ms
[2026-01-26T06:43:22.146+0000][66][info ][gc,phases   ] GC(172)   Evacuate Collection Set: 6.8ms
[2026-01-26T06:43:22.147+0000][66][info ][gc,phases   ] GC(172)   Post Evacuate Collection Set: 1.4ms
[2026-01-26T06:43:22.147+0000][66][info ][gc,phases   ] GC(172)   Other: 1.1ms
[2026-01-26T06:43:22.148+0000][66][trace][gc,age      ] GC(172) Age table with threshold 15 (max threshold 15)
[2026-01-26T06:43:22.148+0000][66][trace][gc,age      ] GC(172) - age   1:    8932464 bytes,    8932464 total
[2026-01-26T06:43:22.149+0000][66][trace][gc,age      ] GC(172) - age   2:    2186440 bytes,   11118904 total
[2026-01-26T06:43:22.149+0000][66][trace][gc,age      ] GC(172) - age   3:     893672 bytes,   12012576 total
[2026-01-26T06:43:22.149+0000][66][trace][gc,age      ] GC(172) - age   4:      18680 bytes,   12031256 total
[2026-01-26T06:43:22.150+0000][66][trace][gc,age      ] GC(172) - age   5:    1408352 bytes,   13439608 total
[2026-01-26T06:43:22.150+0000][66][trace][gc,age      ] GC(172) - age   6:       6760 bytes,   13446368 total
[2026-01-26T06:43:22.150+0000][66][trace][gc,age      ] GC(172) - age   7:     103800 bytes,   13550168 total
[2026-01-26T06:43:22.151+0000][66][trace][gc,age      ] GC(172) - age   8:        896 bytes,   13551064 total
[2026-01-26T06:43:22.151+0000][66][trace][gc,age      ] GC(172) - age   9:     135120 bytes,   13686184 total
[2026-01-26T06:43:22.151+0000][66][trace][gc,age      ] GC(172) - age  10:       1072 bytes,   13687256 total
[2026-01-26T06:43:22.152+0000][66][trace][gc,age      ] GC(172) - age  11:     326576 bytes,   14013832 total
[2026-01-26T06:43:22.152+0000][66][trace][gc,age      ] GC(172) - age  12:       2464 bytes,   14016296 total
[2026-01-26T06:43:22.152+0000][66][trace][gc,age      ] GC(172) - age  13:       3232 bytes,   14019528 total
[2026-01-26T06:43:22.153+0000][66][trace][gc,age      ] GC(172) - age  14:     162752 bytes,   14182280 total
[2026-01-26T06:43:22.153+0000][66][trace][gc,age      ] GC(172) - age  15:        648 bytes,   14182928 total
[2026-01-26T06:43:22.153+0000][66][info ][gc,heap     ] GC(172) Eden regions: 144->0(149)
[2026-01-26T06:43:22.153+0000][66][info ][gc,heap     ] GC(172) Survivor regions: 8->4(19)
[2026-01-26T06:43:22.154+0000][66][info ][gc,heap     ] GC(172) Old regions: 69->69
[2026-01-26T06:43:22.154+0000][66][info ][gc,heap     ] GC(172) Humongous regions: 0->0
[2026-01-26T06:43:22.154+0000][66][info ][gc,metaspace] GC(172) Metaspace: 132986K(136448K)->132986K(136448K) NonClass: 115216K(117056K)->115216K(117056K) Class: 17769K(19392K)->17769K(19392K)
[2026-01-26T06:43:22.155+0000][66][info ][gc          ] GC(172) Pause Young (Normal) (G1 Evacuation Pause) 880M->290M(1024M) 19.727ms
[2026-01-26T06:43:22.155+0000][66][info ][gc,cpu      ] GC(172) User=0.04s Sys=0.00s Real=0.02s
[2026-01-26T06:43:22.155+0000][66][info ][safepoint   ] Safepoint "G1CollectForAllocation", Time since last: 951851026 ns, Reaching safepoint: 140010 ns, Cleanup: 6301 ns, At safepoint: 20452599 ns, Total: 20598910 ns
[2026-01-26T06:43:24.295+0000][66][info ][safepoint   ] Safepoint "Cleanup", Time since last: 2139447314 ns, Reaching safepoint: 18801 ns, Cleanup: 18701 ns, At safepoint: 3501 ns, Total: 41003 ns
[2026-01-26T06:43:26.296+0000][66][info ][safepoint   ] Safepoint "Cleanup", Time since last: 2000632960 ns, Reaching safepoint: 280522 ns, Cleanup: 16401 ns, At safepoint: 51504 ns, Total: 348427 ns
[2026-01-26T06:43:27.343+0000][66][info ][safepoint   ] Safepoint "Cleanup", Time since last: 1046920718 ns, Reaching safepoint: 149611 ns, Cleanup: 16402 ns, At safepoint: 96707 ns, Total: 262720 ns
[2026-01-26T06:43:28.535+0000][66][info ][gc,start    ] GC(173) Pause Young (Normal) (G1 Evacuation Pause)
[2026-01-26T06:43:28.536+0000][66][info ][gc,task     ] GC(173) Using 6 workers of 6 for evacuation
[2026-01-26T06:43:28.536+0000][66][debug][gc,age      ] GC(173) Desired survivor size 41943040 bytes, new threshold 15 (max threshold 15)
[2026-01-26T06:43:28.547+0000][66][info ][gc,phases   ] GC(173)   Pre Evacuate Collection Set: 0.5ms
[2026-01-26T06:43:28.548+0000][66][info ][gc,phases   ] GC(173)   Merge Heap Roots: 0.3ms
[2026-01-26T06:43:28.549+0000][66][info ][gc,phases   ] GC(173)   Evacuate Collection Set: 8.3ms
[2026-01-26T06:43:28.549+0000][66][info ][gc,phases   ] GC(173)   Post Evacuate Collection Set: 1.8ms
[2026-01-26T06:43:28.550+0000][66][info ][gc,phases   ] GC(173)   Other: 1.1ms
[2026-01-26T06:43:28.551+0000][66][trace][gc,age      ] GC(173) Age table with threshold 15 (max threshold 15)
[2026-01-26T06:43:28.551+0000][66][trace][gc,age      ] GC(173) - age   1:   15035800 bytes,   15035800 total
[2026-01-26T06:43:28.552+0000][66][trace][gc,age      ] GC(173) - age   2:    4295040 bytes,   19330840 total
[2026-01-26T06:43:28.552+0000][66][trace][gc,age      ] GC(173) - age   3:    2073440 bytes,   21404280 total
[2026-01-26T06:43:28.553+0000][66][trace][gc,age      ] GC(173) - age   4:     823560 bytes,   22227840 total
[2026-01-26T06:43:28.553+0000][66][trace][gc,age      ] GC(173) - age   6:    1211320 bytes,   23439160 total
[2026-01-26T06:43:28.554+0000][66][trace][gc,age      ] GC(173) - age   7:       6760 bytes,   23445920 total
[2026-01-26T06:43:28.554+0000][66][trace][gc,age      ] GC(173) - age   8:     103624 bytes,   23549544 total
[2026-01-26T06:43:28.555+0000][66][trace][gc,age      ] GC(173) - age   9:        896 bytes,   23550440 total
[2026-01-26T06:43:28.555+0000][66][trace][gc,age      ] GC(173) - age  10:     135120 bytes,   23685560 total
[2026-01-26T06:43:28.556+0000][66][trace][gc,age      ] GC(173) - age  11:       1072 bytes,   23686632 total
[2026-01-26T06:43:28.556+0000][66][trace][gc,age      ] GC(173) - age  12:     326576 bytes,   24013208 total
[2026-01-26T06:43:28.557+0000][66][trace][gc,age      ] GC(173) - age  13:       2080 bytes,   24015288 total
[2026-01-26T06:43:28.557+0000][66][trace][gc,age      ] GC(173) - age  14:       3056 bytes,   24018344 total
[2026-01-26T06:43:28.557+0000][66][trace][gc,age      ] GC(173) - age  15:     162752 bytes,   24181096 total
[2026-01-26T06:43:28.558+0000][66][info ][gc,heap     ] GC(173) Eden regions: 149->0(146)
[2026-01-26T06:43:28.558+0000][66][info ][gc,heap     ] GC(173) Survivor regions: 4->7(20)
[2026-01-26T06:43:28.559+0000][66][info ][gc,heap     ] GC(173) Old regions: 69->69
[2026-01-26T06:43:28.559+0000][66][info ][gc,heap     ] GC(173) Humongous regions: 0->0
[2026-01-26T06:43:28.560+0000][66][info ][gc,metaspace] GC(173) Metaspace: 132988K(136448K)->132988K(136448K) NonClass: 115218K(117056K)->115218K(117056K) Class: 17769K(19392K)->17769K(19392K)
[2026-01-26T06:43:28.560+0000][66][info ][gc          ] GC(173) Pause Young (Normal) (G1 Evacuation Pause) 886M->299M(1024M) 25.135ms
[2026-01-26T06:43:28.561+0000][66][info ][gc,cpu      ] GC(173) User=0.03s Sys=0.01s Real=0.03s
[2026-01-26T06:43:28.561+0000][66][info ][safepoint   ] Safepoint "G1CollectForAllocation", Time since last: 1191911935 ns, Reaching safepoint: 19802 ns, Cleanup: 4800 ns, At safepoint: 26243249 ns, Total: 26267851 ns
[2026-01-26T06:43:33.583+0000][66][info ][safepoint   ] Safepoint "Cleanup", Time since last: 5024096724 ns, Reaching safepoint: 15801 ns, Cleanup: 9901 ns, At safepoint: 2800 ns, Total: 28502 ns
[2026-01-26T06:43:36.669+0000][66][info ][safepoint   ] Safepoint "Cleanup", Time since last: 3085622730 ns, Reaching safepoint: 238419 ns, Cleanup: 19101 ns, At safepoint: 58705 ns, Total: 316225 ns
[2026-01-26T06:43:37.278+0000][66][info ][gc,start    ] GC(174) Pause Young (Normal) (G1 Evacuation Pause)
[2026-01-26T06:43:37.278+0000][66][info ][gc,task     ] GC(174) Using 6 workers of 6 for evacuation
[2026-01-26T06:43:37.278+0000][66][debug][gc,age      ] GC(174) Desired survivor size 41943040 bytes, new threshold 15 (max threshold 15)
[2026-01-26T06:43:37.285+0000][66][info ][gc,phases   ] GC(174)   Pre Evacuate Collection Set: 0.5ms
[2026-01-26T06:43:37.285+0000][66][info ][gc,phases   ] GC(174)   Merge Heap Roots: 0.2ms
[2026-01-26T06:43:37.286+0000][66][info ][gc,phases   ] GC(174)   Evacuate Collection Set: 4.1ms
[2026-01-26T06:43:37.286+0000][66][info ][gc,phases   ] GC(174)   Post Evacuate Collection Set: 1.2ms
[2026-01-26T06:43:37.287+0000][66][info ][gc,phases   ] GC(174)   Other: 0.9ms
[2026-01-26T06:43:37.287+0000][66][trace][gc,age      ] GC(174) Age table with threshold 15 (max threshold 15)
[2026-01-26T06:43:37.287+0000][66][trace][gc,age      ] GC(174) - age   1:    7695816 bytes,    7695816 total
[2026-01-26T06:43:37.288+0000][66][trace][gc,age      ] GC(174) - age   2:       2320 bytes,    7698136 total
[2026-01-26T06:43:37.288+0000][66][trace][gc,age      ] GC(174) - age   3:     157656 bytes,    7855792 total
[2026-01-26T06:43:37.289+0000][66][trace][gc,age      ] GC(174) - age   4:       4536 bytes,    7860328 total
[2026-01-26T06:43:37.289+0000][66][trace][gc,age      ] GC(174) - age   5:        680 bytes,    7861008 total
[2026-01-26T06:43:37.289+0000][66][trace][gc,age      ] GC(174) - age   7:      65808 bytes,    7926816 total
[2026-01-26T06:43:37.290+0000][66][trace][gc,age      ] GC(174) - age   8:       1232 bytes,    7928048 total
[2026-01-26T06:43:37.290+0000][66][trace][gc,age      ] GC(174) - age   9:     103320 bytes,    8031368 total
[2026-01-26T06:43:37.290+0000][66][trace][gc,age      ] GC(174) - age  10:        616 bytes,    8031984 total
[2026-01-26T06:43:37.291+0000][66][trace][gc,age      ] GC(174) - age  11:     135120 bytes,    8167104 total
[2026-01-26T06:43:37.291+0000][66][trace][gc,age      ] GC(174) - age  12:       1040 bytes,    8168144 total
[2026-01-26T06:43:37.291+0000][66][trace][gc,age      ] GC(174) - age  13:     270712 bytes,    8438856 total
[2026-01-26T06:43:37.292+0000][66][trace][gc,age      ] GC(174) - age  14:        976 bytes,    8439832 total
[2026-01-26T06:43:37.292+0000][66][trace][gc,age      ] GC(174) - age  15:       2640 bytes,    8442472 total
[2026-01-26T06:43:37.292+0000][66][info ][gc,heap     ] GC(174) Eden regions: 146->0(150)
[2026-01-26T06:43:37.292+0000][66][info ][gc,heap     ] GC(174) Survivor regions: 7->3(20)
[2026-01-26T06:43:37.293+0000][66][info ][gc,heap     ] GC(174) Old regions: 69->69
[2026-01-26T06:43:37.293+0000][66][info ][gc,heap     ] GC(174) Humongous regions: 0->0
[2026-01-26T06:43:37.293+0000][66][info ][gc,metaspace] GC(174) Metaspace: 132997K(136448K)->132997K(136448K) NonClass: 115227K(117056K)->115227K(117056K) Class: 17769K(19392K)->17769K(19392K)
[2026-01-26T06:43:37.294+0000][66][info ][gc          ] GC(174) Pause Young (Normal) (G1 Evacuation Pause) 883M->285M(1024M) 16.004ms
[2026-01-26T06:43:37.294+0000][66][info ][gc,cpu      ] GC(174) User=0.02s Sys=0.00s Real=0.01s
[2026-01-26T06:43:37.294+0000][66][info ][safepoint   ] Safepoint "G1CollectForAllocation", Time since last: 608347265 ns, Reaching safepoint: 17201 ns, Cleanup: 4501 ns, At safepoint: 16685994 ns, Total: 16707696 ns
[2026-01-26T06:43:43.416+0000][66][info ][gc,start    ] GC(175) Pause Young (Normal) (G1 Evacuation Pause)
[2026-01-26T06:43:43.417+0000][66][info ][gc,task     ] GC(175) Using 6 workers of 6 for evacuation
[2026-01-26T06:43:43.417+0000][66][debug][gc,age      ] GC(175) Desired survivor size 41943040 bytes, new threshold 15 (max threshold 15)
[2026-01-26T06:43:43.429+0000][66][info ][gc,phases   ] GC(175)   Pre Evacuate Collection Set: 0.4ms
[2026-01-26T06:43:43.430+0000][66][info ][gc,phases   ] GC(175)   Merge Heap Roots: 0.2ms
[2026-01-26T06:43:43.430+0000][66][info ][gc,phases   ] GC(175)   Evacuate Collection Set: 9.6ms
[2026-01-26T06:43:43.431+0000][66][info ][gc,phases   ] GC(175)   Post Evacuate Collection Set: 1.3ms
[2026-01-26T06:43:43.431+0000][66][info ][gc,phases   ] GC(175)   Other: 0.9ms
[2026-01-26T06:43:43.431+0000][66][trace][gc,age      ] GC(175) Age table with threshold 15 (max threshold 15)
[2026-01-26T06:43:43.432+0000][66][trace][gc,age      ] GC(175) - age   1:   18557616 bytes,   18557616 total
[2026-01-26T06:43:43.432+0000][66][trace][gc,age      ] GC(175) - age   2:    4185920 bytes,   22743536 total
[2026-01-26T06:43:43.432+0000][66][trace][gc,age      ] GC(175) - age   3:       2320 bytes,   22745856 total
[2026-01-26T06:43:43.433+0000][66][trace][gc,age      ] GC(175) - age   4:     157408 bytes,   22903264 total
[2026-01-26T06:43:43.433+0000][66][trace][gc,age      ] GC(175) - age   5:       3976 bytes,   22907240 total
[2026-01-26T06:43:43.433+0000][66][trace][gc,age      ] GC(175) - age   6:        680 bytes,   22907920 total
[2026-01-26T06:43:43.434+0000][66][trace][gc,age      ] GC(175) - age   8:      64696 bytes,   22972616 total
[2026-01-26T06:43:43.434+0000][66][trace][gc,age      ] GC(175) - age   9:       1232 bytes,   22973848 total
[2026-01-26T06:43:43.434+0000][66][trace][gc,age      ] GC(175) - age  10:     103320 bytes,   23077168 total
[2026-01-26T06:43:43.435+0000][66][trace][gc,age      ] GC(175) - age  11:        616 bytes,   23077784 total
[2026-01-26T06:43:43.435+0000][66][trace][gc,age      ] GC(175) - age  12:     135120 bytes,   23212904 total
[2026-01-26T06:43:43.436+0000][66][trace][gc,age      ] GC(175) - age  13:       1040 bytes,   23213944 total
[2026-01-26T06:43:43.436+0000][66][trace][gc,age      ] GC(175) - age  14:     270712 bytes,   23484656 total
[2026-01-26T06:43:43.436+0000][66][trace][gc,age      ] GC(175) - age  15:        976 bytes,   23485632 total
[2026-01-26T06:43:43.437+0000][66][info ][gc,heap     ] GC(175) Eden regions: 150->0(146)
[2026-01-26T06:43:43.437+0000][66][info ][gc,heap     ] GC(175) Survivor regions: 3->7(20)
[2026-01-26T06:43:43.438+0000][66][info ][gc,heap     ] GC(175) Old regions: 69->69
[2026-01-26T06:43:43.438+0000][66][info ][gc,heap     ] GC(175) Humongous regions: 0->0
[2026-01-26T06:43:43.439+0000][66][info ][gc,metaspace] GC(175) Metaspace: 132997K(136448K)->132997K(136448K) NonClass: 115227K(117056K)->115227K(117056K) Class: 17769K(19392K)->17769K(19392K)
[2026-01-26T06:43:43.439+0000][66][info ][gc          ] GC(175) Pause Young (Normal) (G1 Evacuation Pause) 885M->298M(1024M) 22.701ms
[2026-01-26T06:43:43.440+0000][66][info ][gc,cpu      ] GC(175) User=0.04s Sys=0.00s Real=0.03s
[2026-01-26T06:43:43.440+0000][66][info ][safepoint   ] Safepoint "G1CollectForAllocation", Time since last: 6122199150 ns, Reaching safepoint: 21801 ns, Cleanup: 6301 ns, At safepoint: 23584841 ns, Total: 23612943 ns
[2026-01-26T06:43:44.493+0000][66][info ][safepoint   ] Safepoint "Cleanup", Time since last: 1053452629 ns, Reaching safepoint: 9100 ns, Cleanup: 10701 ns, At safepoint: 3401 ns, Total: 23202 ns
[2026-01-26T06:43:48.995+0000][66][info ][gc,start    ] GC(176) Pause Young (Normal) (G1 Evacuation Pause)
[2026-01-26T06:43:48.996+0000][66][info ][gc,task     ] GC(176) Using 6 workers of 6 for evacuation
[2026-01-26T06:43:48.996+0000][66][debug][gc,age      ] GC(176) Desired survivor size 41943040 bytes, new threshold 15 (max threshold 15)
[2026-01-26T06:43:49.005+0000][66][info ][gc,phases   ] GC(176)   Pre Evacuate Collection Set: 0.4ms
[2026-01-26T06:43:49.005+0000][66][info ][gc,phases   ] GC(176)   Merge Heap Roots: 0.2ms
[2026-01-26T06:43:49.005+0000][66][info ][gc,phases   ] GC(176)   Evacuate Collection Set: 6.3ms
[2026-01-26T06:43:49.006+0000][66][info ][gc,phases   ] GC(176)   Post Evacuate Collection Set: 1.2ms
[2026-01-26T06:43:49.006+0000][66][info ][gc,phases   ] GC(176)   Other: 0.9ms
[2026-01-26T06:43:49.007+0000][66][trace][gc,age      ] GC(176) Age table with threshold 15 (max threshold 15)
[2026-01-26T06:43:49.007+0000][66][trace][gc,age      ] GC(176) - age   1:   15705232 bytes,   15705232 total
[2026-01-26T06:43:49.008+0000][66][trace][gc,age      ] GC(176) - age   2:    1707512 bytes,   17412744 total
[2026-01-26T06:43:49.008+0000][66][trace][gc,age      ] GC(176) - age   3:     469216 bytes,   17881960 total
[2026-01-26T06:43:49.009+0000][66][trace][gc,age      ] GC(176) - age   4:       2304 bytes,   17884264 total
[2026-01-26T06:43:49.009+0000][66][trace][gc,age      ] GC(176) - age   5:     155328 bytes,   18039592 total
[2026-01-26T06:43:49.009+0000][66][trace][gc,age      ] GC(176) - age   6:       3408 bytes,   18043000 total
[2026-01-26T06:43:49.010+0000][66][trace][gc,age      ] GC(176) - age   7:        680 bytes,   18043680 total
[2026-01-26T06:43:49.010+0000][66][trace][gc,age      ] GC(176) - age   9:       4272 bytes,   18047952 total
[2026-01-26T06:43:49.011+0000][66][trace][gc,age      ] GC(176) - age  10:        984 bytes,   18048936 total
[2026-01-26T06:43:49.011+0000][66][trace][gc,age      ] GC(176) - age  11:       1112 bytes,   18050048 total
[2026-01-26T06:43:49.012+0000][66][trace][gc,age      ] GC(176) - age  12:        616 bytes,   18050664 total
[2026-01-26T06:43:49.012+0000][66][trace][gc,age      ] GC(176) - age  13:       9384 bytes,   18060048 total
[2026-01-26T06:43:49.012+0000][66][trace][gc,age      ] GC(176) - age  14:       1040 bytes,   18061088 total
[2026-01-26T06:43:49.013+0000][66][trace][gc,age      ] GC(176) - age  15:     169088 bytes,   18230176 total
[2026-01-26T06:43:49.013+0000][66][info ][gc,heap     ] GC(176) Eden regions: 146->0(148)
[2026-01-26T06:43:49.013+0000][66][info ][gc,heap     ] GC(176) Survivor regions: 7->5(20)
[2026-01-26T06:43:49.014+0000][66][info ][gc,heap     ] GC(176) Old regions: 69->69
[2026-01-26T06:43:49.014+0000][66][info ][gc,heap     ] GC(176) Humongous regions: 0->0
[2026-01-26T06:43:49.014+0000][66][info ][gc,metaspace] GC(176) Metaspace: 132998K(136448K)->132998K(136448K) NonClass: 115228K(117056K)->115228K(117056K) Class: 17769K(19392K)->17769K(19392K)
[2026-01-26T06:43:49.015+0000][66][info ][gc          ] GC(176) Pause Young (Normal) (G1 Evacuation Pause) 882M->293M(1024M) 19.659ms
[2026-01-26T06:43:49.015+0000][66][info ][gc,cpu      ] GC(176) User=0.03s Sys=0.00s Real=0.02s
[2026-01-26T06:43:49.015+0000][66][info ][safepoint   ] Safepoint "G1CollectForAllocation", Time since last: 4501563533 ns, Reaching safepoint: 15701 ns, Cleanup: 4000 ns, At safepoint: 20415194 ns, Total: 20434895 ns
[2026-01-26T06:43:53.017+0000][66][info ][safepoint   ] Safepoint "Cleanup", Time since last: 4000918615 ns, Reaching safepoint: 149712 ns, Cleanup: 11201 ns, At safepoint: 50704 ns, Total: 211617 ns
[2026-01-26T06:43:55.023+0000][66][info ][gc,start    ] GC(177) Pause Young (Normal) (G1 Evacuation Pause)
[2026-01-26T06:43:55.023+0000][66][info ][gc,task     ] GC(177) Using 6 workers of 6 for evacuation
[2026-01-26T06:43:55.024+0000][66][debug][gc,age      ] GC(177) Desired survivor size 41943040 bytes, new threshold 15 (max threshold 15)
[2026-01-26T06:43:55.037+0000][66][info ][gc,phases   ] GC(177)   Pre Evacuate Collection Set: 0.5ms
[2026-01-26T06:43:55.037+0000][66][info ][gc,phases   ] GC(177)   Merge Heap Roots: 0.2ms
[2026-01-26T06:43:55.037+0000][66][info ][gc,phases   ] GC(177)   Evacuate Collection Set: 10.5ms
[2026-01-26T06:43:55.038+0000][66][info ][gc,phases   ] GC(177)   Post Evacuate Collection Set: 1.3ms
[2026-01-26T06:43:55.038+0000][66][info ][gc,phases   ] GC(177)   Other: 0.9ms
[2026-01-26T06:43:55.038+0000][66][trace][gc,age      ] GC(177) Age table with threshold 15 (max threshold 15)
[2026-01-26T06:43:55.039+0000][66][trace][gc,age      ] GC(177) - age   1:   23034432 bytes,   23034432 total
[2026-01-26T06:43:55.039+0000][66][trace][gc,age      ] GC(177) - age   2:    9494288 bytes,   32528720 total
[2026-01-26T06:43:55.039+0000][66][trace][gc,age      ] GC(177) - age   3:    1562616 bytes,   34091336 total
[2026-01-26T06:43:55.040+0000][66][trace][gc,age      ] GC(177) - age   4:     469216 bytes,   34560552 total
[2026-01-26T06:43:55.040+0000][66][trace][gc,age      ] GC(177) - age   5:       2304 bytes,   34562856 total
[2026-01-26T06:43:55.041+0000][66][trace][gc,age      ] GC(177) - age   6:     154920 bytes,   34717776 total
[2026-01-26T06:43:55.041+0000][66][trace][gc,age      ] GC(177) - age   7:       3408 bytes,   34721184 total
[2026-01-26T06:43:55.041+0000][66][trace][gc,age      ] GC(177) - age   8:        680 bytes,   34721864 total
[2026-01-26T06:43:55.042+0000][66][trace][gc,age      ] GC(177) - age  10:       4272 bytes,   34726136 total
[2026-01-26T06:43:55.042+0000][66][trace][gc,age      ] GC(177) - age  11:        984 bytes,   34727120 total
[2026-01-26T06:43:55.042+0000][66][trace][gc,age      ] GC(177) - age  12:       1112 bytes,   34728232 total
[2026-01-26T06:43:55.043+0000][66][trace][gc,age      ] GC(177) - age  13:        616 bytes,   34728848 total
[2026-01-26T06:43:55.043+0000][66][trace][gc,age      ] GC(177) - age  14:       9384 bytes,   34738232 total
[2026-01-26T06:43:55.043+0000][66][trace][gc,age      ] GC(177) - age  15:       1040 bytes,   34739272 total
[2026-01-26T06:43:55.044+0000][66][info ][gc,heap     ] GC(177) Eden regions: 148->0(142)
[2026-01-26T06:43:55.044+0000][66][info ][gc,heap     ] GC(177) Survivor regions: 5->9(20)
[2026-01-26T06:43:55.044+0000][66][info ][gc,heap     ] GC(177) Old regions: 69->69
[2026-01-26T06:43:55.045+0000][66][info ][gc,heap     ] GC(177) Humongous regions: 0->0
[2026-01-26T06:43:55.045+0000][66][info ][gc,metaspace] GC(177) Metaspace: 132998K(136448K)->132998K(136448K) NonClass: 115228K(117056K)->115228K(117056K) Class: 17769K(19392K)->17769K(19392K)
[2026-01-26T06:43:55.046+0000][66][info ][gc          ] GC(177) Pause Young (Normal) (G1 Evacuation Pause) 885M->310M(1024M) 22.833ms
[2026-01-26T06:43:55.046+0000][66][info ][gc,cpu      ] GC(177) User=0.06s Sys=0.01s Real=0.03s
[2026-01-26T06:43:55.046+0000][66][info ][safepoint   ] Safepoint "G1CollectForAllocation", Time since last: 2006009041 ns, Reaching safepoint: 18101 ns, Cleanup: 4601 ns, At safepoint: 23690150 ns, Total: 23712852 ns
[2026-01-26T06:43:59.542+0000][66][info ][gc,start    ] GC(178) Pause Young (Normal) (G1 Evacuation Pause)
[2026-01-26T06:43:59.543+0000][66][info ][gc,task     ] GC(178) Using 6 workers of 6 for evacuation
[2026-01-26T06:43:59.543+0000][66][debug][gc,age      ] GC(178) Desired survivor size 39845888 bytes, new threshold 15 (max threshold 15)
[2026-01-26T06:43:59.550+0000][66][info ][gc,phases   ] GC(178)   Pre Evacuate Collection Set: 0.4ms
[2026-01-26T06:43:59.551+0000][66][info ][gc,phases   ] GC(178)   Merge Heap Roots: 0.1ms
[2026-01-26T06:43:59.551+0000][66][info ][gc,phases   ] GC(178)   Evacuate Collection Set: 5.0ms
[2026-01-26T06:43:59.551+0000][66][info ][gc,phases   ] GC(178)   Post Evacuate Collection Set: 1.1ms
[2026-01-26T06:43:59.552+0000][66][info ][gc,phases   ] GC(178)   Other: 0.8ms
[2026-01-26T06:43:59.552+0000][66][trace][gc,age      ] GC(178) Age table with threshold 15 (max threshold 15)
[2026-01-26T06:43:59.552+0000][66][trace][gc,age      ] GC(178) - age   1:   13009344 bytes,   13009344 total
[2026-01-26T06:43:59.553+0000][66][trace][gc,age      ] GC(178) - age   2:     257056 bytes,   13266400 total
[2026-01-26T06:43:59.553+0000][66][trace][gc,age      ] GC(178) - age   3:      82600 bytes,   13349000 total
[2026-01-26T06:43:59.553+0000][66][trace][gc,age      ] GC(178) - age   4:       1568 bytes,   13350568 total
[2026-01-26T06:43:59.553+0000][66][trace][gc,age      ] GC(178) - age   5:     465640 bytes,   13816208 total
[2026-01-26T06:43:59.554+0000][66][trace][gc,age      ] GC(178) - age   6:       2128 bytes,   13818336 total
[2026-01-26T06:43:59.554+0000][66][trace][gc,age      ] GC(178) - age   7:     154920 bytes,   13973256 total
[2026-01-26T06:43:59.555+0000][66][trace][gc,age      ] GC(178) - age   8:       3408 bytes,   13976664 total
[2026-01-26T06:43:59.555+0000][66][trace][gc,age      ] GC(178) - age   9:        680 bytes,   13977344 total
[2026-01-26T06:43:59.555+0000][66][trace][gc,age      ] GC(178) - age  11:       4272 bytes,   13981616 total
[2026-01-26T06:43:59.556+0000][66][trace][gc,age      ] GC(178) - age  12:        984 bytes,   13982600 total
[2026-01-26T06:43:59.556+0000][66][trace][gc,age      ] GC(178) - age  13:       1080 bytes,   13983680 total
[2026-01-26T06:43:59.556+0000][66][trace][gc,age      ] GC(178) - age  14:        616 bytes,   13984296 total
[2026-01-26T06:43:59.556+0000][66][trace][gc,age      ] GC(178) - age  15:       9384 bytes,   13993680 total
[2026-01-26T06:43:59.557+0000][66][info ][gc,heap     ] GC(178) Eden regions: 142->0(148)
[2026-01-26T06:43:59.557+0000][66][info ][gc,heap     ] GC(178) Survivor regions: 9->5(19)
[2026-01-26T06:43:59.557+0000][66][info ][gc,heap     ] GC(178) Old regions: 69->69
[2026-01-26T06:43:59.558+0000][66][info ][gc,heap     ] GC(178) Humongous regions: 0->0
[2026-01-26T06:43:59.558+0000][66][info ][gc,metaspace] GC(178) Metaspace: 132998K(136448K)->132998K(136448K) NonClass: 115228K(117056K)->115228K(117056K) Class: 17769K(19392K)->17769K(19392K)
[2026-01-26T06:43:59.558+0000][66][info ][gc          ] GC(178) Pause Young (Normal) (G1 Evacuation Pause) 878M->291M(1024M) 15.948ms
[2026-01-26T06:43:59.559+0000][66][info ][gc,cpu      ] GC(178) User=0.02s Sys=0.01s Real=0.02s
[2026-01-26T06:43:59.559+0000][66][info ][safepoint   ] Safepoint "G1CollectForAllocation", Time since last: 4496021386 ns, Reaching safepoint: 16601 ns, Cleanup: 4501 ns, At safepoint: 16618773 ns, Total: 16639875 ns
[2026-01-26T06:44:02.558+0000][66][info ][safepoint   ] Safepoint "Cleanup", Time since last: 3000820289 ns, Reaching safepoint: 15501 ns, Cleanup: 11101 ns, At safepoint: 3000 ns, Total: 29602 ns
[2026-01-26T06:44:05.705+0000][66][info ][gc,start    ] GC(179) Pause Young (Normal) (G1 Evacuation Pause)
[2026-01-26T06:44:05.706+0000][66][info ][gc,task     ] GC(179) Using 6 workers of 6 for evacuation
[2026-01-26T06:44:05.706+0000][66][debug][gc,age      ] GC(179) Desired survivor size 41943040 bytes, new threshold 15 (max threshold 15)
[2026-01-26T06:44:05.717+0000][66][info ][gc,phases   ] GC(179)   Pre Evacuate Collection Set: 0.4ms
[2026-01-26T06:44:05.717+0000][66][info ][gc,phases   ] GC(179)   Merge Heap Roots: 0.1ms
[2026-01-26T06:44:05.718+0000][66][info ][gc,phases   ] GC(179)   Evacuate Collection Set: 8.4ms
[2026-01-26T06:44:05.718+0000][66][info ][gc,phases   ] GC(179)   Post Evacuate Collection Set: 1.2ms
[2026-01-26T06:44:05.719+0000][66][info ][gc,phases   ] GC(179)   Other: 0.9ms
[2026-01-26T06:44:05.719+0000][66][trace][gc,age      ] GC(179) Age table with threshold 15 (max threshold 15)
[2026-01-26T06:44:05.719+0000][66][trace][gc,age      ] GC(179) - age   1:   21240696 bytes,   21240696 total
[2026-01-26T06:44:05.720+0000][66][trace][gc,age      ] GC(179) - age   2:    8264888 bytes,   29505584 total
[2026-01-26T06:44:05.720+0000][66][trace][gc,age      ] GC(179) - age   3:     256320 bytes,   29761904 total
[2026-01-26T06:44:05.720+0000][66][trace][gc,age      ] GC(179) - age   4:      82536 bytes,   29844440 total
[2026-01-26T06:44:05.721+0000][66][trace][gc,age      ] GC(179) - age   5:       1472 bytes,   29845912 total
[2026-01-26T06:44:05.721+0000][66][trace][gc,age      ] GC(179) - age   6:     460168 bytes,   30306080 total
[2026-01-26T06:44:05.721+0000][66][trace][gc,age      ] GC(179) - age   7:       2128 bytes,   30308208 total
[2026-01-26T06:44:05.722+0000][66][trace][gc,age      ] GC(179) - age   8:     154920 bytes,   30463128 total
[2026-01-26T06:44:05.722+0000][66][trace][gc,age      ] GC(179) - age   9:       3408 bytes,   30466536 total
[2026-01-26T06:44:05.722+0000][66][trace][gc,age      ] GC(179) - age  10:        680 bytes,   30467216 total
[2026-01-26T06:44:05.722+0000][66][trace][gc,age      ] GC(179) - age  12:       4272 bytes,   30471488 total
[2026-01-26T06:44:05.723+0000][66][trace][gc,age      ] GC(179) - age  13:        984 bytes,   30472472 total
[2026-01-26T06:44:05.723+0000][66][trace][gc,age      ] GC(179) - age  14:       1080 bytes,   30473552 total
[2026-01-26T06:44:05.723+0000][66][trace][gc,age      ] GC(179) - age  15:        616 bytes,   30474168 total
[2026-01-26T06:44:05.723+0000][66][info ][gc,heap     ] GC(179) Eden regions: 148->0(144)
[2026-01-26T06:44:05.724+0000][66][info ][gc,heap     ] GC(179) Survivor regions: 5->8(20)
[2026-01-26T06:44:05.724+0000][66][info ][gc,heap     ] GC(179) Old regions: 69->69
[2026-01-26T06:44:05.724+0000][66][info ][gc,heap     ] GC(179) Humongous regions: 0->0
[2026-01-26T06:44:05.725+0000][66][info ][gc,metaspace] GC(179) Metaspace: 132998K(136448K)->132998K(136448K) NonClass: 115228K(117056K)->115228K(117056K) Class: 17769K(19392K)->17769K(19392K)
[2026-01-26T06:44:05.725+0000][66][info ][gc          ] GC(179) Pause Young (Normal) (G1 Evacuation Pause) 883M->305M(1024M) 19.666ms
[2026-01-26T06:44:05.725+0000][66][info ][gc,cpu      ] GC(179) User=0.05s Sys=0.01s Real=0.02s
[2026-01-26T06:44:05.726+0000][66][info ][safepoint   ] Safepoint "G1CollectForAllocation", Time since last: 3147420564 ns, Reaching safepoint: 16901 ns, Cleanup: 4700 ns, At safepoint: 20344263 ns, Total: 20365864 ns
[2026-01-26T06:44:10.124+0000][66][info ][gc,start    ] GC(180) Pause Young (Normal) (G1 Evacuation Pause)
[2026-01-26T06:44:10.124+0000][66][info ][gc,task     ] GC(180) Using 6 workers of 6 for evacuation
[2026-01-26T06:44:10.124+0000][66][debug][gc,age      ] GC(180) Desired survivor size 39845888 bytes, new threshold 15 (max threshold 15)
[2026-01-26T06:44:10.137+0000][66][info ][gc,phases   ] GC(180)   Pre Evacuate Collection Set: 0.4ms
[2026-01-26T06:44:10.138+0000][66][info ][gc,phases   ] GC(180)   Merge Heap Roots: 0.3ms
[2026-01-26T06:44:10.138+0000][66][info ][gc,phases   ] GC(180)   Evacuate Collection Set: 10.2ms
[2026-01-26T06:44:10.138+0000][66][info ][gc,phases   ] GC(180)   Post Evacuate Collection Set: 1.3ms
[2026-01-26T06:44:10.139+0000][66][info ][gc,phases   ] GC(180)   Other: 1.0ms
[2026-01-26T06:44:10.139+0000][66][trace][gc,age      ] GC(180) Age table with threshold 15 (max threshold 15)
[2026-01-26T06:44:10.140+0000][66][trace][gc,age      ] GC(180) - age   1:   16442312 bytes,   16442312 total
[2026-01-26T06:44:10.140+0000][66][trace][gc,age      ] GC(180) - age   2:   12165280 bytes,   28607592 total
[2026-01-26T06:44:10.140+0000][66][trace][gc,age      ] GC(180) - age   3:    7358920 bytes,   35966512 total
[2026-01-26T06:44:10.141+0000][66][trace][gc,age      ] GC(180) - age   4:     256160 bytes,   36222672 total
[2026-01-26T06:44:10.141+0000][66][trace][gc,age      ] GC(180) - age   5:      82288 bytes,   36304960 total
[2026-01-26T06:44:10.142+0000][66][trace][gc,age      ] GC(180) - age   6:       1472 bytes,   36306432 total
[2026-01-26T06:44:10.142+0000][66][trace][gc,age      ] GC(180) - age   7:     460168 bytes,   36766600 total
[2026-01-26T06:44:10.142+0000][66][trace][gc,age      ] GC(180) - age   8:       2128 bytes,   36768728 total
[2026-01-26T06:44:10.143+0000][66][trace][gc,age      ] GC(180) - age   9:     154920 bytes,   36923648 total
[2026-01-26T06:44:10.143+0000][66][trace][gc,age      ] GC(180) - age  10:       3408 bytes,   36927056 total
[2026-01-26T06:44:10.143+0000][66][trace][gc,age      ] GC(180) - age  11:        680 bytes,   36927736 total
[2026-01-26T06:44:10.144+0000][66][trace][gc,age      ] GC(180) - age  13:       4272 bytes,   36932008 total
[2026-01-26T06:44:10.144+0000][66][trace][gc,age      ] GC(180) - age  14:        984 bytes,   36932992 total
[2026-01-26T06:44:10.144+0000][66][trace][gc,age      ] GC(180) - age  15:       1080 bytes,   36934072 total
[2026-01-26T06:44:10.145+0000][66][info ][gc,heap     ] GC(180) Eden regions: 144->0(140)
[2026-01-26T06:44:10.145+0000][66][info ][gc,heap     ] GC(180) Survivor regions: 8->10(19)
[2026-01-26T06:44:10.145+0000][66][info ][gc,heap     ] GC(180) Old regions: 69->69
[2026-01-26T06:44:10.146+0000][66][info ][gc,heap     ] GC(180) Humongous regions: 0->0
[2026-01-26T06:44:10.146+0000][66][info ][gc,metaspace] GC(180) Metaspace: 133005K(136448K)->133005K(136448K) NonClass: 115235K(117056K)->115235K(117056K) Class: 17769K(19392K)->17769K(19392K)
[2026-01-26T06:44:10.146+0000][66][info ][gc          ] GC(180) Pause Young (Normal) (G1 Evacuation Pause) 881M->314M(1024M) 22.679ms
[2026-01-26T06:44:10.147+0000][66][info ][gc,cpu      ] GC(180) User=0.05s Sys=0.01s Real=0.02s
[2026-01-26T06:44:10.147+0000][66][info ][safepoint   ] Safepoint "G1CollectForAllocation", Time since last: 4397922248 ns, Reaching safepoint: 17901 ns, Cleanup: 4800 ns, At safepoint: 23459957 ns, Total: 23482658 ns
[2026-01-26T06:44:13.983+0000][66][info ][safepoint   ] Safepoint "Cleanup", Time since last: 3835601082 ns, Reaching safepoint: 17801 ns, Cleanup: 12801 ns, At safepoint: 3800 ns, Total: 34402 ns
[2026-01-26T06:44:14.983+0000][66][info ][safepoint   ] Safepoint "Cleanup", Time since last: 1000564977 ns, Reaching safepoint: 16502 ns, Cleanup: 15801 ns, At safepoint: 2900 ns, Total: 35203 ns
[2026-01-26T06:44:16.153+0000][66][info ][gc,start    ] GC(181) Pause Young (Normal) (G1 Evacuation Pause)
[2026-01-26T06:44:16.153+0000][66][info ][gc,task     ] GC(181) Using 6 workers of 6 for evacuation
[2026-01-26T06:44:16.153+0000][66][debug][gc,age      ] GC(181) Desired survivor size 39845888 bytes, new threshold 15 (max threshold 15)
[2026-01-26T06:44:16.162+0000][66][info ][gc,phases   ] GC(181)   Pre Evacuate Collection Set: 0.4ms
[2026-01-26T06:44:16.163+0000][66][info ][gc,phases   ] GC(181)   Merge Heap Roots: 0.1ms
[2026-01-26T06:44:16.163+0000][66][info ][gc,phases   ] GC(181)   Evacuate Collection Set: 6.7ms
[2026-01-26T06:44:16.163+0000][66][info ][gc,phases   ] GC(181)   Post Evacuate Collection Set: 1.0ms
[2026-01-26T06:44:16.164+0000][66][info ][gc,phases   ] GC(181)   Other: 0.8ms
[2026-01-26T06:44:16.164+0000][66][trace][gc,age      ] GC(181) Age table with threshold 15 (max threshold 15)
[2026-01-26T06:44:16.164+0000][66][trace][gc,age      ] GC(181) - age   1:   19098528 bytes,   19098528 total
[2026-01-26T06:44:16.164+0000][66][trace][gc,age      ] GC(181) - age   2:    3628896 bytes,   22727424 total
[2026-01-26T06:44:16.165+0000][66][trace][gc,age      ] GC(181) - age   3:       5536 bytes,   22732960 total
[2026-01-26T06:44:16.165+0000][66][trace][gc,age      ] GC(181) - age   4:      64320 bytes,   22797280 total
[2026-01-26T06:44:16.165+0000][66][trace][gc,age      ] GC(181) - age   5:     255584 bytes,   23052864 total
[2026-01-26T06:44:16.165+0000][66][trace][gc,age      ] GC(181) - age   6:      80048 bytes,   23132912 total
[2026-01-26T06:44:16.166+0000][66][trace][gc,age      ] GC(181) - age   7:        336 bytes,   23133248 total
[2026-01-26T06:44:16.166+0000][66][trace][gc,age      ] GC(181) - age   8:     458728 bytes,   23591976 total
[2026-01-26T06:44:16.166+0000][66][trace][gc,age      ] GC(181) - age   9:       2128 bytes,   23594104 total
[2026-01-26T06:44:16.166+0000][66][trace][gc,age      ] GC(181) - age  10:     146264 bytes,   23740368 total
[2026-01-26T06:44:16.167+0000][66][trace][gc,age      ] GC(181) - age  11:       1136 bytes,   23741504 total
[2026-01-26T06:44:16.167+0000][66][trace][gc,age      ] GC(181) - age  12:        648 bytes,   23742152 total
[2026-01-26T06:44:16.167+0000][66][trace][gc,age      ] GC(181) - age  14:       4096 bytes,   23746248 total
[2026-01-26T06:44:16.168+0000][66][trace][gc,age      ] GC(181) - age  15:        984 bytes,   23747232 total
[2026-01-26T06:44:16.168+0000][66][info ][gc,heap     ] GC(181) Eden regions: 140->0(147)
[2026-01-26T06:44:16.168+0000][66][info ][gc,heap     ] GC(181) Survivor regions: 10->6(19)
[2026-01-26T06:44:16.169+0000][66][info ][gc,heap     ] GC(181) Old regions: 69->69
[2026-01-26T06:44:16.169+0000][66][info ][gc,heap     ] GC(181) Humongous regions: 0->0
[2026-01-26T06:44:16.169+0000][66][info ][gc,metaspace] GC(181) Metaspace: 133007K(136448K)->133007K(136448K) NonClass: 115237K(117056K)->115237K(117056K) Class: 17769K(19392K)->17769K(19392K)
[2026-01-26T06:44:16.170+0000][66][info ][gc          ] GC(181) Pause Young (Normal) (G1 Evacuation Pause) 874M->298M(1024M) 17.006ms
[2026-01-26T06:44:16.170+0000][66][info ][gc,cpu      ] GC(181) User=0.04s Sys=0.00s Real=0.02s
[2026-01-26T06:44:16.170+0000][66][info ][safepoint   ] Safepoint "G1CollectForAllocation", Time since last: 1169496826 ns, Reaching safepoint: 17301 ns, Cleanup: 4500 ns, At safepoint: 17740981 ns, Total: 17762782 ns
[2026-01-26T06:44:18.171+0000][66][info ][safepoint   ] Safepoint "Cleanup", Time since last: 2000701021 ns, Reaching safepoint: 136810 ns, Cleanup: 13601 ns, At safepoint: 49904 ns, Total: 200315 ns
[2026-01-26T06:44:22.065+0000][66][info ][gc,start    ] GC(182) Pause Young (Normal) (G1 Evacuation Pause)
[2026-01-26T06:44:22.065+0000][66][info ][gc,task     ] GC(182) Using 6 workers of 6 for evacuation
[2026-01-26T06:44:22.066+0000][66][debug][gc,age      ] GC(182) Desired survivor size 41943040 bytes, new threshold 15 (max threshold 15)
[2026-01-26T06:44:22.078+0000][66][info ][gc,phases   ] GC(182)   Pre Evacuate Collection Set: 0.4ms
[2026-01-26T06:44:22.079+0000][66][info ][gc,phases   ] GC(182)   Merge Heap Roots: 0.2ms
[2026-01-26T06:44:22.079+0000][66][info ][gc,phases   ] GC(182)   Evacuate Collection Set: 10.5ms
[2026-01-26T06:44:22.080+0000][66][info ][gc,phases   ] GC(182)   Post Evacuate Collection Set: 1.2ms
[2026-01-26T06:44:22.080+0000][66][info ][gc,phases   ] GC(182)   Other: 0.9ms
[2026-01-26T06:44:22.080+0000][66][trace][gc,age      ] GC(182) Age table with threshold 15 (max threshold 15)
[2026-01-26T06:44:22.081+0000][66][trace][gc,age      ] GC(182) - age   1:   20558144 bytes,   20558144 total
[2026-01-26T06:44:22.081+0000][66][trace][gc,age      ] GC(182) - age   2:   11299432 bytes,   31857576 total
[2026-01-26T06:44:22.081+0000][66][trace][gc,age      ] GC(182) - age   3:    3362808 bytes,   35220384 total
[2026-01-26T06:44:22.082+0000][66][trace][gc,age      ] GC(182) - age   4:       5504 bytes,   35225888 total
[2026-01-26T06:44:22.082+0000][66][trace][gc,age      ] GC(182) - age   5:      64072 bytes,   35289960 total
[2026-01-26T06:44:22.082+0000][66][trace][gc,age      ] GC(182) - age   6:     255584 bytes,   35545544 total
[2026-01-26T06:44:22.083+0000][66][trace][gc,age      ] GC(182) - age   7:      79480 bytes,   35625024 total
[2026-01-26T06:44:22.083+0000][66][trace][gc,age      ] GC(182) - age   8:        336 bytes,   35625360 total
[2026-01-26T06:44:22.083+0000][66][trace][gc,age      ] GC(182) - age   9:     458728 bytes,   36084088 total
[2026-01-26T06:44:22.084+0000][66][trace][gc,age      ] GC(182) - age  10:       2128 bytes,   36086216 total
[2026-01-26T06:44:22.084+0000][66][trace][gc,age      ] GC(182) - age  11:     146080 bytes,   36232296 total
[2026-01-26T06:44:22.084+0000][66][trace][gc,age      ] GC(182) - age  12:       1136 bytes,   36233432 total
[2026-01-26T06:44:22.085+0000][66][trace][gc,age      ] GC(182) - age  13:        336 bytes,   36233768 total
[2026-01-26T06:44:22.085+0000][66][trace][gc,age      ] GC(182) - age  15:       4096 bytes,   36237864 total
[2026-01-26T06:44:22.085+0000][66][info ][gc,heap     ] GC(182) Eden regions: 147->0(140)
[2026-01-26T06:44:22.085+0000][66][info ][gc,heap     ] GC(182) Survivor regions: 6->10(20)
[2026-01-26T06:44:22.086+0000][66][info ][gc,heap     ] GC(182) Old regions: 69->69
[2026-01-26T06:44:22.086+0000][66][info ][gc,heap     ] GC(182) Humongous regions: 0->0
[2026-01-26T06:44:22.086+0000][66][info ][gc,metaspace] GC(182) Metaspace: 133007K(136448K)->133007K(136448K) NonClass: 115237K(117056K)->115237K(117056K) Class: 17769K(19392K)->17769K(19392K)
[2026-01-26T06:44:22.087+0000][66][info ][gc          ] GC(182) Pause Young (Normal) (G1 Evacuation Pause) 886M->311M(1024M) 21.848ms
[2026-01-26T06:44:22.087+0000][66][info ][gc,cpu      ] GC(182) User=0.06s Sys=0.00s Real=0.02s
[2026-01-26T06:44:22.087+0000][66][info ][safepoint   ] Safepoint "G1CollectForAllocation", Time since last: 3893299494 ns, Reaching safepoint: 161113 ns, Cleanup: 5200 ns, At safepoint: 22606443 ns, Total: 22772756 ns
[2026-01-26T06:44:26.588+0000][66][info ][gc,start    ] GC(183) Pause Young (Normal) (G1 Evacuation Pause)
[2026-01-26T06:44:26.588+0000][66][info ][gc,task     ] GC(183) Using 6 workers of 6 for evacuation
[2026-01-26T06:44:26.588+0000][66][debug][gc,age      ] GC(183) Desired survivor size 39845888 bytes, new threshold 15 (max threshold 15)
[2026-01-26T06:44:26.597+0000][66][info ][gc,phases   ] GC(183)   Pre Evacuate Collection Set: 0.4ms
[2026-01-26T06:44:26.597+0000][66][info ][gc,phases   ] GC(183)   Merge Heap Roots: 0.2ms
[2026-01-26T06:44:26.597+0000][66][info ][gc,phases   ] GC(183)   Evacuate Collection Set: 6.1ms
[2026-01-26T06:44:26.598+0000][66][info ][gc,phases   ] GC(183)   Post Evacuate Collection Set: 1.2ms
[2026-01-26T06:44:26.598+0000][66][info ][gc,phases   ] GC(183)   Other: 0.7ms
[2026-01-26T06:44:26.599+0000][66][trace][gc,age      ] GC(183) Age table with threshold 15 (max threshold 15)
[2026-01-26T06:44:26.599+0000][66][trace][gc,age      ] GC(183) - age   1:   13739520 bytes,   13739520 total
[2026-01-26T06:44:26.600+0000][66][trace][gc,age      ] GC(183) - age   2:    2111928 bytes,   15851448 total
[2026-01-26T06:44:26.600+0000][66][trace][gc,age      ] GC(183) - age   3:      72152 bytes,   15923600 total
[2026-01-26T06:44:26.600+0000][66][trace][gc,age      ] GC(183) - age   4:        672 bytes,   15924272 total
[2026-01-26T06:44:26.601+0000][66][trace][gc,age      ] GC(183) - age   5:       5504 bytes,   15929776 total
[2026-01-26T06:44:26.601+0000][66][trace][gc,age      ] GC(183) - age   6:      62288 bytes,   15992064 total
[2026-01-26T06:44:26.602+0000][66][trace][gc,age      ] GC(183) - age   7:     255584 bytes,   16247648 total
[2026-01-26T06:44:26.602+0000][66][trace][gc,age      ] GC(183) - age   8:      79480 bytes,   16327128 total
[2026-01-26T06:44:26.602+0000][66][trace][gc,age      ] GC(183) - age   9:        336 bytes,   16327464 total
[2026-01-26T06:44:26.603+0000][66][trace][gc,age      ] GC(183) - age  10:     458728 bytes,   16786192 total
[2026-01-26T06:44:26.603+0000][66][trace][gc,age      ] GC(183) - age  11:       1600 bytes,   16787792 total
[2026-01-26T06:44:26.603+0000][66][trace][gc,age      ] GC(183) - age  12:     146080 bytes,   16933872 total
[2026-01-26T06:44:26.604+0000][66][trace][gc,age      ] GC(183) - age  13:       1136 bytes,   16935008 total
[2026-01-26T06:44:26.604+0000][66][trace][gc,age      ] GC(183) - age  14:        336 bytes,   16935344 total
[2026-01-26T06:44:26.604+0000][66][info ][gc,heap     ] GC(183) Eden regions: 140->0(148)
[2026-01-26T06:44:26.605+0000][66][info ][gc,heap     ] GC(183) Survivor regions: 10->5(19)
[2026-01-26T06:44:26.605+0000][66][info ][gc,heap     ] GC(183) Old regions: 69->69
[2026-01-26T06:44:26.605+0000][66][info ][gc,heap     ] GC(183) Humongous regions: 0->0
[2026-01-26T06:44:26.605+0000][66][info ][gc,metaspace] GC(183) Metaspace: 133010K(136448K)->133010K(136448K) NonClass: 115240K(117056K)->115240K(117056K) Class: 17769K(19392K)->17769K(19392K)
[2026-01-26T06:44:26.606+0000][66][info ][gc          ] GC(183) Pause Young (Normal) (G1 Evacuation Pause) 871M->294M(1024M) 18.163ms
[2026-01-26T06:44:26.606+0000][66][info ][gc,cpu      ] GC(183) User=0.02s Sys=0.01s Real=0.02s
[2026-01-26T06:44:26.606+0000][66][info ][safepoint   ] Safepoint "G1CollectForAllocation", Time since last: 4500122651 ns, Reaching safepoint: 19402 ns, Cleanup: 5400 ns, At safepoint: 18770247 ns, Total: 18795049 ns
[2026-01-26T06:44:29.606+0000][66][info ][safepoint   ] Safepoint "Cleanup", Time since last: 2999527664 ns, Reaching safepoint: 5900 ns, Cleanup: 6601 ns, At safepoint: 26501 ns, Total: 39002 ns
[2026-01-26T06:44:31.867+0000][66][info ][gc,start    ] GC(184) Pause Young (Normal) (G1 Evacuation Pause)
[2026-01-26T06:44:31.868+0000][66][info ][gc,task     ] GC(184) Using 6 workers of 6 for evacuation
[2026-01-26T06:44:31.868+0000][66][debug][gc,age      ] GC(184) Desired survivor size 41943040 bytes, new threshold 15 (max threshold 15)
[2026-01-26T06:44:31.876+0000][66][info ][gc,phases   ] GC(184)   Pre Evacuate Collection Set: 0.4ms
[2026-01-26T06:44:31.876+0000][66][info ][gc,phases   ] GC(184)   Merge Heap Roots: 0.1ms
[2026-01-26T06:44:31.877+0000][66][info ][gc,phases   ] GC(184)   Evacuate Collection Set: 5.7ms
[2026-01-26T06:44:31.877+0000][66][info ][gc,phases   ] GC(184)   Post Evacuate Collection Set: 1.2ms
[2026-01-26T06:44:31.878+0000][66][info ][gc,phases   ] GC(184)   Other: 1.0ms
[2026-01-26T06:44:31.878+0000][66][trace][gc,age      ] GC(184) Age table with threshold 15 (max threshold 15)
[2026-01-26T06:44:31.879+0000][66][trace][gc,age      ] GC(184) - age   1:   10211440 bytes,   10211440 total
[2026-01-26T06:44:31.879+0000][66][trace][gc,age      ] GC(184) - age   2:    1738480 bytes,   11949920 total
[2026-01-26T06:44:31.879+0000][66][trace][gc,age      ] GC(184) - age   3:     520136 bytes,   12470056 total
[2026-01-26T06:44:31.880+0000][66][trace][gc,age      ] GC(184) - age   4:      70976 bytes,   12541032 total
[2026-01-26T06:44:31.880+0000][66][trace][gc,age      ] GC(184) - age   5:        648 bytes,   12541680 total
[2026-01-26T06:44:31.881+0000][66][trace][gc,age      ] GC(184) - age   6:       4400 bytes,   12546080 total
[2026-01-26T06:44:31.881+0000][66][trace][gc,age      ] GC(184) - age   7:      61800 bytes,   12607880 total
[2026-01-26T06:44:31.881+0000][66][trace][gc,age      ] GC(184) - age   8:     255584 bytes,   12863464 total
[2026-01-26T06:44:31.882+0000][66][trace][gc,age      ] GC(184) - age   9:      79416 bytes,   12942880 total
[2026-01-26T06:44:31.882+0000][66][trace][gc,age      ] GC(184) - age  10:        336 bytes,   12943216 total
[2026-01-26T06:44:31.882+0000][66][trace][gc,age      ] GC(184) - age  11:     457728 bytes,   13400944 total
[2026-01-26T06:44:31.883+0000][66][trace][gc,age      ] GC(184) - age  12:       1008 bytes,   13401952 total
[2026-01-26T06:44:31.883+0000][66][trace][gc,age      ] GC(184) - age  13:     146008 bytes,   13547960 total
[2026-01-26T06:44:31.883+0000][66][trace][gc,age      ] GC(184) - age  14:        720 bytes,   13548680 total
[2026-01-26T06:44:31.884+0000][66][trace][gc,age      ] GC(184) - age  15:        336 bytes,   13549016 total
[2026-01-26T06:44:31.884+0000][66][info ][gc,heap     ] GC(184) Eden regions: 148->0(149)
[2026-01-26T06:44:31.884+0000][66][info ][gc,heap     ] GC(184) Survivor regions: 5->4(20)
[2026-01-26T06:44:31.885+0000][66][info ][gc,heap     ] GC(184) Old regions: 69->69
[2026-01-26T06:44:31.885+0000][66][info ][gc,heap     ] GC(184) Humongous regions: 0->0
[2026-01-26T06:44:31.885+0000][66][info ][gc,metaspace] GC(184) Metaspace: 133010K(136448K)->133010K(136448K) NonClass: 115240K(117056K)->115240K(117056K) Class: 17769K(19392K)->17769K(19392K)
[2026-01-26T06:44:31.886+0000][66][info ][gc          ] GC(184) Pause Young (Normal) (G1 Evacuation Pause) 886M->289M(1024M) 18.287ms
[2026-01-26T06:44:31.886+0000][66][info ][gc,cpu      ] GC(184) User=0.03s Sys=0.00s Real=0.02s
[2026-01-26T06:44:31.886+0000][66][info ][safepoint   ] Safepoint "G1CollectForAllocation", Time since last: 2263515308 ns, Reaching safepoint: 15401 ns, Cleanup: 3700 ns, At safepoint: 19001002 ns, Total: 19020103 ns
[2026-01-26T06:44:33.191+0000][66][info ][safepoint   ] Safepoint "Cleanup", Time since last: 1305207954 ns, Reaching safepoint: 13401 ns, Cleanup: 14301 ns, At safepoint: 4500 ns, Total: 32202 ns
[2026-01-26T06:44:34.664+0000][66][info ][gc,start    ] GC(185) Pause Young (Normal) (G1 Evacuation Pause)
[2026-01-26T06:44:34.664+0000][66][info ][gc,task     ] GC(185) Using 6 workers of 6 for evacuation
[2026-01-26T06:44:34.665+0000][66][debug][gc,age      ] GC(185) Desired survivor size 41943040 bytes, new threshold 15 (max threshold 15)
[2026-01-26T06:44:34.677+0000][66][info ][gc,phases   ] GC(185)   Pre Evacuate Collection Set: 0.5ms
[2026-01-26T06:44:34.677+0000][66][info ][gc,phases   ] GC(185)   Merge Heap Roots: 0.3ms
[2026-01-26T06:44:34.677+0000][66][info ][gc,phases   ] GC(185)   Evacuate Collection Set: 8.4ms
[2026-01-26T06:44:34.678+0000][66][info ][gc,phases   ] GC(185)   Post Evacuate Collection Set: 1.4ms
[2026-01-26T06:44:34.678+0000][66][info ][gc,phases   ] GC(185)   Other: 1.7ms
[2026-01-26T06:44:34.678+0000][66][trace][gc,age      ] GC(185) Age table with threshold 15 (max threshold 15)
[2026-01-26T06:44:34.679+0000][66][trace][gc,age      ] GC(185) - age   1:    6910048 bytes,    6910048 total
[2026-01-26T06:44:34.679+0000][66][trace][gc,age      ] GC(185) - age   2:     227520 bytes,    7137568 total
[2026-01-26T06:44:34.679+0000][66][trace][gc,age      ] GC(185) - age   3:     307344 bytes,    7444912 total
[2026-01-26T06:44:34.679+0000][66][trace][gc,age      ] GC(185) - age   4:       2024 bytes,    7446936 total
[2026-01-26T06:44:34.680+0000][66][trace][gc,age      ] GC(185) - age   5:      68360 bytes,    7515296 total
[2026-01-26T06:44:34.680+0000][66][trace][gc,age      ] GC(185) - age   6:        648 bytes,    7515944 total
[2026-01-26T06:44:34.680+0000][66][trace][gc,age      ] GC(185) - age   7:         88 bytes,    7516032 total
[2026-01-26T06:44:34.680+0000][66][trace][gc,age      ] GC(185) - age   8:      61800 bytes,    7577832 total
[2026-01-26T06:44:34.681+0000][66][trace][gc,age      ] GC(185) - age   9:     255584 bytes,    7833416 total
[2026-01-26T06:44:34.681+0000][66][trace][gc,age      ] GC(185) - age  10:      79416 bytes,    7912832 total
[2026-01-26T06:44:34.681+0000][66][trace][gc,age      ] GC(185) - age  11:        336 bytes,    7913168 total
[2026-01-26T06:44:34.682+0000][66][trace][gc,age      ] GC(185) - age  12:     387664 bytes,    8300832 total
[2026-01-26T06:44:34.682+0000][66][trace][gc,age      ] GC(185) - age  13:       1008 bytes,    8301840 total
[2026-01-26T06:44:34.682+0000][66][trace][gc,age      ] GC(185) - age  14:     146008 bytes,    8447848 total
[2026-01-26T06:44:34.682+0000][66][trace][gc,age      ] GC(185) - age  15:        720 bytes,    8448568 total
[2026-01-26T06:44:34.683+0000][66][info ][gc,heap     ] GC(185) Eden regions: 149->0(150)
[2026-01-26T06:44:34.683+0000][66][info ][gc,heap     ] GC(185) Survivor regions: 4->3(20)
[2026-01-26T06:44:34.683+0000][66][info ][gc,heap     ] GC(185) Old regions: 69->69
[2026-01-26T06:44:34.684+0000][66][info ][gc,heap     ] GC(185) Humongous regions: 0->0
[2026-01-26T06:44:34.684+0000][66][info ][gc,metaspace] GC(185) Metaspace: 133013K(136512K)->133013K(136512K) NonClass: 115243K(117120K)->115243K(117120K) Class: 17769K(19392K)->17769K(19392K)
[2026-01-26T06:44:34.684+0000][66][info ][gc          ] GC(185) Pause Young (Normal) (G1 Evacuation Pause) 885M->284M(1024M) 20.253ms
[2026-01-26T06:44:34.684+0000][66][info ][gc,cpu      ] GC(185) User=0.02s Sys=0.00s Real=0.02s
[2026-01-26T06:44:34.685+0000][66][info ][safepoint   ] Safepoint "G1CollectForAllocation", Time since last: 1472373073 ns, Reaching safepoint: 23401 ns, Cleanup: 5800 ns, At safepoint: 21059311 ns, Total: 21088512 ns
[2026-01-26T06:44:35.708+0000][66][info ][safepoint   ] Safepoint "Cleanup", Time since last: 1022579204 ns, Reaching safepoint: 128510 ns, Cleanup: 11501 ns, At safepoint: 78106 ns, Total: 218117 ns
[2026-01-26T06:44:37.052+0000][66][info ][safepoint   ] Safepoint "Cleanup", Time since last: 1344016494 ns, Reaching safepoint: 27802 ns, Cleanup: 23202 ns, At safepoint: 57804 ns, Total: 108808 ns
[2026-01-26T06:44:39.391+0000][66][info ][gc,start    ] GC(186) Pause Young (Normal) (G1 Evacuation Pause)
[2026-01-26T06:44:39.392+0000][66][info ][gc,task     ] GC(186) Using 6 workers of 6 for evacuation
[2026-01-26T06:44:39.392+0000][66][debug][gc,age      ] GC(186) Desired survivor size 41943040 bytes, new threshold 15 (max threshold 15)
[2026-01-26T06:44:39.401+0000][66][info ][gc,phases   ] GC(186)   Pre Evacuate Collection Set: 0.6ms
[2026-01-26T06:44:39.402+0000][66][info ][gc,phases   ] GC(186)   Merge Heap Roots: 0.2ms
[2026-01-26T06:44:39.402+0000][66][info ][gc,phases   ] GC(186)   Evacuate Collection Set: 6.0ms
[2026-01-26T06:44:39.403+0000][66][info ][gc,phases   ] GC(186)   Post Evacuate Collection Set: 1.5ms
[2026-01-26T06:44:39.403+0000][66][info ][gc,phases   ] GC(186)   Other: 1.4ms
[2026-01-26T06:44:39.404+0000][66][trace][gc,age      ] GC(186) Age table with threshold 15 (max threshold 15)
[2026-01-26T06:44:39.404+0000][66][trace][gc,age      ] GC(186) - age   1:   12108472 bytes,   12108472 total
[2026-01-26T06:44:39.405+0000][66][trace][gc,age      ] GC(186) - age   2:     197360 bytes,   12305832 total
[2026-01-26T06:44:39.405+0000][66][trace][gc,age      ] GC(186) - age   3:       6984 bytes,   12312816 total
[2026-01-26T06:44:39.405+0000][66][trace][gc,age      ] GC(186) - age   4:      64568 bytes,   12377384 total
[2026-01-26T06:44:39.406+0000][66][trace][gc,age      ] GC(186) - age   5:       1960 bytes,   12379344 total
[2026-01-26T06:44:39.406+0000][66][trace][gc,age      ] GC(186) - age   6:      68112 bytes,   12447456 total
[2026-01-26T06:44:39.407+0000][66][trace][gc,age      ] GC(186) - age   7:        648 bytes,   12448104 total
[2026-01-26T06:44:39.407+0000][66][trace][gc,age      ] GC(186) - age   8:         88 bytes,   12448192 total
[2026-01-26T06:44:39.408+0000][66][trace][gc,age      ] GC(186) - age   9:      61800 bytes,   12509992 total
[2026-01-26T06:44:39.408+0000][66][trace][gc,age      ] GC(186) - age  10:     255584 bytes,   12765576 total
[2026-01-26T06:44:39.409+0000][66][trace][gc,age      ] GC(186) - age  11:      79400 bytes,   12844976 total
[2026-01-26T06:44:39.409+0000][66][trace][gc,age      ] GC(186) - age  12:        336 bytes,   12845312 total
[2026-01-26T06:44:39.410+0000][66][trace][gc,age      ] GC(186) - age  13:     386736 bytes,   13232048 total
[2026-01-26T06:44:39.410+0000][66][trace][gc,age      ] GC(186) - age  14:       1008 bytes,   13233056 total
[2026-01-26T06:44:39.410+0000][66][trace][gc,age      ] GC(186) - age  15:     146008 bytes,   13379064 total
[2026-01-26T06:44:39.411+0000][66][info ][gc,heap     ] GC(186) Eden regions: 150->0(149)
[2026-01-26T06:44:39.411+0000][66][info ][gc,heap     ] GC(186) Survivor regions: 3->4(20)
[2026-01-26T06:44:39.412+0000][66][info ][gc,heap     ] GC(186) Old regions: 69->69
[2026-01-26T06:44:39.412+0000][66][info ][gc,heap     ] GC(186) Humongous regions: 0->0
[2026-01-26T06:44:39.412+0000][66][info ][gc,metaspace] GC(186) Metaspace: 133020K(136512K)->133020K(136512K) NonClass: 115250K(117120K)->115250K(117120K) Class: 17769K(19392K)->17769K(19392K)
[2026-01-26T06:44:39.413+0000][66][info ][gc          ] GC(186) Pause Young (Normal) (G1 Evacuation Pause) 884M->289M(1024M) 21.918ms
[2026-01-26T06:44:39.413+0000][66][info ][gc,cpu      ] GC(186) User=0.03s Sys=0.00s Real=0.03s
[2026-01-26T06:44:39.414+0000][66][info ][safepoint   ] Safepoint "G1CollectForAllocation", Time since last: 2339005393 ns, Reaching safepoint: 21802 ns, Cleanup: 5700 ns, At safepoint: 22879450 ns, Total: 22906952 ns
[2026-01-26T06:44:40.927+0000][66][info ][safepoint   ] Safepoint "Cleanup", Time since last: 1513463154 ns, Reaching safepoint: 143111 ns, Cleanup: 14901 ns, At safepoint: 87906 ns, Total: 245918 ns
[2026-01-26T06:44:42.069+0000][66][info ][safepoint   ] Safepoint "Cleanup", Time since last: 1141603313 ns, Reaching safepoint: 114509 ns, Cleanup: 14701 ns, At safepoint: 37603 ns, Total: 166813 ns
[2026-01-26T06:44:46.078+0000][66][info ][gc,start    ] GC(187) Pause Young (Normal) (G1 Evacuation Pause)
[2026-01-26T06:44:46.079+0000][66][info ][gc,task     ] GC(187) Using 6 workers of 6 for evacuation
[2026-01-26T06:44:46.080+0000][66][debug][gc,age      ] GC(187) Desired survivor size 41943040 bytes, new threshold 15 (max threshold 15)
[2026-01-26T06:44:46.093+0000][66][info ][gc,phases   ] GC(187)   Pre Evacuate Collection Set: 0.5ms
[2026-01-26T06:44:46.094+0000][66][info ][gc,phases   ] GC(187)   Merge Heap Roots: 0.4ms
[2026-01-26T06:44:46.094+0000][66][info ][gc,phases   ] GC(187)   Evacuate Collection Set: 10.4ms
[2026-01-26T06:44:46.095+0000][66][info ][gc,phases   ] GC(187)   Post Evacuate Collection Set: 1.5ms
[2026-01-26T06:44:46.095+0000][66][info ][gc,phases   ] GC(187)   Other: 1.3ms
[2026-01-26T06:44:46.096+0000][66][trace][gc,age      ] GC(187) Age table with threshold 15 (max threshold 15)
[2026-01-26T06:44:46.096+0000][66][trace][gc,age      ] GC(187) - age   1:   21800360 bytes,   21800360 total
[2026-01-26T06:44:46.097+0000][66][trace][gc,age      ] GC(187) - age   2:    7517632 bytes,   29317992 total
[2026-01-26T06:44:46.098+0000][66][trace][gc,age      ] GC(187) - age   3:     197048 bytes,   29515040 total
[2026-01-26T06:44:46.098+0000][66][trace][gc,age      ] GC(187) - age   4:       6432 bytes,   29521472 total
[2026-01-26T06:44:46.099+0000][66][trace][gc,age      ] GC(187) - age   5:      64136 bytes,   29585608 total
[2026-01-26T06:44:46.099+0000][66][trace][gc,age      ] GC(187) - age   6:       1400 bytes,   29587008 total
[2026-01-26T06:44:46.100+0000][66][trace][gc,age      ] GC(187) - age   7:      65800 bytes,   29652808 total
[2026-01-26T06:44:46.100+0000][66][trace][gc,age      ] GC(187) - age   8:        648 bytes,   29653456 total
[2026-01-26T06:44:46.101+0000][66][trace][gc,age      ] GC(187) - age   9:         88 bytes,   29653544 total
[2026-01-26T06:44:46.101+0000][66][trace][gc,age      ] GC(187) - age  10:      61800 bytes,   29715344 total
[2026-01-26T06:44:46.102+0000][66][trace][gc,age      ] GC(187) - age  11:        496 bytes,   29715840 total
[2026-01-26T06:44:46.102+0000][66][trace][gc,age      ] GC(187) - age  12:      79400 bytes,   29795240 total
[2026-01-26T06:44:46.103+0000][66][trace][gc,age      ] GC(187) - age  13:        336 bytes,   29795576 total
[2026-01-26T06:44:46.103+0000][66][trace][gc,age      ] GC(187) - age  14:     386672 bytes,   30182248 total
[2026-01-26T06:44:46.104+0000][66][trace][gc,age      ] GC(187) - age  15:       1008 bytes,   30183256 total
[2026-01-26T06:44:46.104+0000][66][info ][gc,heap     ] GC(187) Eden regions: 149->0(144)
[2026-01-26T06:44:46.105+0000][66][info ][gc,heap     ] GC(187) Survivor regions: 4->8(20)
[2026-01-26T06:44:46.105+0000][66][info ][gc,heap     ] GC(187) Old regions: 69->69
[2026-01-26T06:44:46.106+0000][66][info ][gc,heap     ] GC(187) Humongous regions: 0->0
[2026-01-26T06:44:46.106+0000][66][info ][gc,metaspace] GC(187) Metaspace: 133032K(136512K)->133032K(136512K) NonClass: 115262K(117120K)->115262K(117120K) Class: 17769K(19392K)->17769K(19392K)
[2026-01-26T06:44:46.107+0000][66][info ][gc          ] GC(187) Pause Young (Normal) (G1 Evacuation Pause) 885M->306M(1024M) 28.561ms
[2026-01-26T06:44:46.107+0000][66][info ][gc,cpu      ] GC(187) User=0.05s Sys=0.00s Real=0.03s
[2026-01-26T06:44:46.108+0000][66][info ][safepoint   ] Safepoint "G1CollectForAllocation", Time since last: 4008938471 ns, Reaching safepoint: 21102 ns, Cleanup: 5300 ns, At safepoint: 29789701 ns, Total: 29816103 ns
[2026-01-26T06:44:51.219+0000][66][info ][gc,start    ] GC(188) Pause Young (Normal) (G1 Evacuation Pause)
[2026-01-26T06:44:51.219+0000][66][info ][gc,task     ] GC(188) Using 6 workers of 6 for evacuation
[2026-01-26T06:44:51.220+0000][66][debug][gc,age      ] GC(188) Desired survivor size 39845888 bytes, new threshold 15 (max threshold 15)
[2026-01-26T06:44:51.229+0000][66][info ][gc,phases   ] GC(188)   Pre Evacuate Collection Set: 0.4ms
[2026-01-26T06:44:51.229+0000][66][info ][gc,phases   ] GC(188)   Merge Heap Roots: 0.2ms
[2026-01-26T06:44:51.230+0000][66][info ][gc,phases   ] GC(188)   Evacuate Collection Set: 6.3ms
[2026-01-26T06:44:51.230+0000][66][info ][gc,phases   ] GC(188)   Post Evacuate Collection Set: 1.3ms
[2026-01-26T06:44:51.231+0000][66][info ][gc,phases   ] GC(188)   Other: 1.1ms
[2026-01-26T06:44:51.231+0000][66][trace][gc,age      ] GC(188) Age table with threshold 15 (max threshold 15)
[2026-01-26T06:44:51.231+0000][66][trace][gc,age      ] GC(188) - age   1:   14753136 bytes,   14753136 total
[2026-01-26T06:44:51.232+0000][66][trace][gc,age      ] GC(188) - age   2:     889760 bytes,   15642896 total
[2026-01-26T06:44:51.232+0000][66][trace][gc,age      ] GC(188) - age   3:      65720 bytes,   15708616 total
[2026-01-26T06:44:51.233+0000][66][trace][gc,age      ] GC(188) - age   4:     194688 bytes,   15903304 total
[2026-01-26T06:44:51.233+0000][66][trace][gc,age      ] GC(188) - age   5:       6432 bytes,   15909736 total
[2026-01-26T06:44:51.234+0000][66][trace][gc,age      ] GC(188) - age   6:      62216 bytes,   15971952 total
[2026-01-26T06:44:51.234+0000][66][trace][gc,age      ] GC(188) - age   7:        832 bytes,   15972784 total
[2026-01-26T06:44:51.235+0000][66][trace][gc,age      ] GC(188) - age   8:      65800 bytes,   16038584 total
[2026-01-26T06:44:51.235+0000][66][trace][gc,age      ] GC(188) - age   9:        648 bytes,   16039232 total
[2026-01-26T06:44:51.235+0000][66][trace][gc,age      ] GC(188) - age  10:         88 bytes,   16039320 total
[2026-01-26T06:44:51.236+0000][66][trace][gc,age      ] GC(188) - age  11:      61800 bytes,   16101120 total
[2026-01-26T06:44:51.236+0000][66][trace][gc,age      ] GC(188) - age  12:        496 bytes,   16101616 total
[2026-01-26T06:44:51.237+0000][66][trace][gc,age      ] GC(188) - age  13:      79400 bytes,   16181016 total
[2026-01-26T06:44:51.237+0000][66][trace][gc,age      ] GC(188) - age  14:        336 bytes,   16181352 total
[2026-01-26T06:44:51.237+0000][66][trace][gc,age      ] GC(188) - age  15:     263696 bytes,   16445048 total
[2026-01-26T06:44:51.238+0000][66][info ][gc,heap     ] GC(188) Eden regions: 144->0(148)
[2026-01-26T06:44:51.238+0000][66][info ][gc,heap     ] GC(188) Survivor regions: 8->5(19)
[2026-01-26T06:44:51.238+0000][66][info ][gc,heap     ] GC(188) Old regions: 69->69
[2026-01-26T06:44:51.239+0000][66][info ][gc,heap     ] GC(188) Humongous regions: 0->0
[2026-01-26T06:44:51.239+0000][66][info ][gc,metaspace] GC(188) Metaspace: 133033K(136512K)->133033K(136512K) NonClass: 115263K(117120K)->115263K(117120K) Class: 17769K(19392K)->17769K(19392K)
[2026-01-26T06:44:51.240+0000][66][info ][gc          ] GC(188) Pause Young (Normal) (G1 Evacuation Pause) 882M->293M(1024M) 20.696ms
[2026-01-26T06:44:51.240+0000][66][info ][gc,cpu      ] GC(188) User=0.03s Sys=0.00s Real=0.02s
[2026-01-26T06:44:51.240+0000][66][info ][safepoint   ] Safepoint "G1CollectForAllocation", Time since last: 5110827262 ns, Reaching safepoint: 18001 ns, Cleanup: 5401 ns, At safepoint: 21485462 ns, Total: 21508864 ns
[2026-01-26T06:44:57.284+0000][66][info ][gc,start    ] GC(189) Pause Young (Normal) (G1 Evacuation Pause)
[2026-01-26T06:44:57.284+0000][66][info ][gc,task     ] GC(189) Using 6 workers of 6 for evacuation
[2026-01-26T06:44:57.284+0000][66][debug][gc,age      ] GC(189) Desired survivor size 41943040 bytes, new threshold 15 (max threshold 15)
[2026-01-26T06:44:57.296+0000][66][info ][gc,phases   ] GC(189)   Pre Evacuate Collection Set: 0.4ms
[2026-01-26T06:44:57.296+0000][66][info ][gc,phases   ] GC(189)   Merge Heap Roots: 0.1ms
[2026-01-26T06:44:57.297+0000][66][info ][gc,phases   ] GC(189)   Evacuate Collection Set: 9.1ms
[2026-01-26T06:44:57.297+0000][66][info ][gc,phases   ] GC(189)   Post Evacuate Collection Set: 1.3ms
[2026-01-26T06:44:57.298+0000][66][info ][gc,phases   ] GC(189)   Other: 0.8ms
[2026-01-26T06:44:57.298+0000][66][trace][gc,age      ] GC(189) Age table with threshold 15 (max threshold 15)
[2026-01-26T06:44:57.298+0000][66][trace][gc,age      ] GC(189) - age   1:   22408360 bytes,   22408360 total
[2026-01-26T06:44:57.299+0000][66][trace][gc,age      ] GC(189) - age   2:    8931352 bytes,   31339712 total
[2026-01-26T06:44:57.299+0000][66][trace][gc,age      ] GC(189) - age   3:     754152 bytes,   32093864 total
[2026-01-26T06:44:57.300+0000][66][trace][gc,age      ] GC(189) - age   4:      65592 bytes,   32159456 total
[2026-01-26T06:44:57.300+0000][66][trace][gc,age      ] GC(189) - age   5:     194688 bytes,   32354144 total
[2026-01-26T06:44:57.300+0000][66][trace][gc,age      ] GC(189) - age   6:       6256 bytes,   32360400 total
[2026-01-26T06:44:57.301+0000][66][trace][gc,age      ] GC(189) - age   7:      62216 bytes,   32422616 total
[2026-01-26T06:44:57.301+0000][66][trace][gc,age      ] GC(189) - age   8:        832 bytes,   32423448 total
[2026-01-26T06:44:57.301+0000][66][trace][gc,age      ] GC(189) - age   9:      65800 bytes,   32489248 total
[2026-01-26T06:44:57.301+0000][66][trace][gc,age      ] GC(189) - age  10:        648 bytes,   32489896 total
[2026-01-26T06:44:57.302+0000][66][trace][gc,age      ] GC(189) - age  11:         88 bytes,   32489984 total
[2026-01-26T06:44:57.302+0000][66][trace][gc,age      ] GC(189) - age  12:      61768 bytes,   32551752 total
[2026-01-26T06:44:57.302+0000][66][trace][gc,age      ] GC(189) - age  13:        496 bytes,   32552248 total
[2026-01-26T06:44:57.303+0000][66][trace][gc,age      ] GC(189) - age  14:      79400 bytes,   32631648 total
[2026-01-26T06:44:57.303+0000][66][trace][gc,age      ] GC(189) - age  15:        336 bytes,   32631984 total
[2026-01-26T06:44:57.303+0000][66][info ][gc,heap     ] GC(189) Eden regions: 148->0(142)
[2026-01-26T06:44:57.303+0000][66][info ][gc,heap     ] GC(189) Survivor regions: 5->9(20)
[2026-01-26T06:44:57.304+0000][66][info ][gc,heap     ] GC(189) Old regions: 69->69
[2026-01-26T06:44:57.304+0000][66][info ][gc,heap     ] GC(189) Humongous regions: 0->0
[2026-01-26T06:44:57.304+0000][66][info ][gc,metaspace] GC(189) Metaspace: 133033K(136512K)->133033K(136512K) NonClass: 115263K(117120K)->115263K(117120K) Class: 17769K(19392K)->17769K(19392K)
[2026-01-26T06:44:57.305+0000][66][info ][gc          ] GC(189) Pause Young (Normal) (G1 Evacuation Pause) 885M->308M(1024M) 21.054ms
[2026-01-26T06:44:57.305+0000][66][info ][gc,cpu      ] GC(189) User=0.05s Sys=0.00s Real=0.02s
[2026-01-26T06:44:57.305+0000][66][info ][safepoint   ] Safepoint "G1CollectForAllocation", Time since last: 6043166342 ns, Reaching safepoint: 39303 ns, Cleanup: 4501 ns, At safepoint: 21816088 ns, Total: 21859892 ns
[2026-01-26T06:45:00.296+0000][66][info ][safepoint   ] Safepoint "Cleanup", Time since last: 2991108882 ns, Reaching safepoint: 19002 ns, Cleanup: 12401 ns, At safepoint: 3800 ns, Total: 35203 ns
[2026-01-26T06:45:01.566+0000][66][info ][gc,start    ] GC(190) Pause Young (Normal) (G1 Evacuation Pause)
[2026-01-26T06:45:01.566+0000][66][info ][gc,task     ] GC(190) Using 6 workers of 6 for evacuation
[2026-01-26T06:45:01.567+0000][66][debug][gc,age      ] GC(190) Desired survivor size 39845888 bytes, new threshold 15 (max threshold 15)
[2026-01-26T06:45:01.580+0000][66][info ][gc,phases   ] GC(190)   Pre Evacuate Collection Set: 0.4ms
[2026-01-26T06:45:01.580+0000][66][info ][gc,phases   ] GC(190)   Merge Heap Roots: 0.1ms
[2026-01-26T06:45:01.581+0000][66][info ][gc,phases   ] GC(190)   Evacuate Collection Set: 10.4ms
[2026-01-26T06:45:01.581+0000][66][info ][gc,phases   ] GC(190)   Post Evacuate Collection Set: 1.5ms
[2026-01-26T06:45:01.582+0000][66][info ][gc,phases   ] GC(190)   Other: 0.9ms
[2026-01-26T06:45:01.583+0000][66][trace][gc,age      ] GC(190) Age table with threshold 15 (max threshold 15)
[2026-01-26T06:45:01.583+0000][66][trace][gc,age      ] GC(190) - age   1:   17024344 bytes,   17024344 total
[2026-01-26T06:45:01.583+0000][66][trace][gc,age      ] GC(190) - age   2:   13022624 bytes,   30046968 total
[2026-01-26T06:45:01.584+0000][66][trace][gc,age      ] GC(190) - age   3:    8085760 bytes,   38132728 total
[2026-01-26T06:45:01.584+0000][66][trace][gc,age      ] GC(190) - age   4:     544064 bytes,   38676792 total
[2026-01-26T06:45:01.585+0000][66][trace][gc,age      ] GC(190) - age   5:      65344 bytes,   38742136 total
[2026-01-26T06:45:01.585+0000][66][trace][gc,age      ] GC(190) - age   6:     194352 bytes,   38936488 total
[2026-01-26T06:45:01.586+0000][66][trace][gc,age      ] GC(190) - age   7:       5520 bytes,   38942008 total
[2026-01-26T06:45:01.586+0000][66][trace][gc,age      ] GC(190) - age   8:      62216 bytes,   39004224 total
[2026-01-26T06:45:01.587+0000][66][trace][gc,age      ] GC(190) - age   9:        832 bytes,   39005056 total
[2026-01-26T06:45:01.587+0000][66][trace][gc,age      ] GC(190) - age  10:      65800 bytes,   39070856 total
[2026-01-26T06:45:01.588+0000][66][trace][gc,age      ] GC(190) - age  11:        648 bytes,   39071504 total
[2026-01-26T06:45:01.588+0000][66][trace][gc,age      ] GC(190) - age  12:         88 bytes,   39071592 total
[2026-01-26T06:45:01.588+0000][66][trace][gc,age      ] GC(190) - age  13:      61768 bytes,   39133360 total
[2026-01-26T06:45:01.589+0000][66][trace][gc,age      ] GC(190) - age  14:        496 bytes,   39133856 total
[2026-01-26T06:45:01.589+0000][66][trace][gc,age      ] GC(190) - age  15:      79400 bytes,   39213256 total
[2026-01-26T06:45:01.590+0000][66][info ][gc,heap     ] GC(190) Eden regions: 142->0(138)
[2026-01-26T06:45:01.590+0000][66][info ][gc,heap     ] GC(190) Survivor regions: 9->11(19)
[2026-01-26T06:45:01.590+0000][66][info ][gc,heap     ] GC(190) Old regions: 69->69
[2026-01-26T06:45:01.591+0000][66][info ][gc,heap     ] GC(190) Humongous regions: 0->0
[2026-01-26T06:45:01.591+0000][66][info ][gc,metaspace] GC(190) Metaspace: 133033K(136512K)->133033K(136512K) NonClass: 115263K(117120K)->115263K(117120K) Class: 17769K(19392K)->17769K(19392K)
[2026-01-26T06:45:01.591+0000][66][info ][gc          ] GC(190) Pause Young (Normal) (G1 Evacuation Pause) 876M->316M(1024M) 25.305ms
[2026-01-26T06:45:01.592+0000][66][info ][gc,cpu      ] GC(190) User=0.06s Sys=0.00s Real=0.02s
[2026-01-26T06:45:01.592+0000][66][info ][safepoint   ] Safepoint "G1CollectForAllocation", Time since last: 1269426598 ns, Reaching safepoint: 18602 ns, Cleanup: 14301 ns, At safepoint: 26181261 ns, Total: 26214164 ns
[2026-01-26T06:45:03.616+0000][66][info ][safepoint   ] Safepoint "Cleanup", Time since last: 2025698154 ns, Reaching safepoint: 20401 ns, Cleanup: 14601 ns, At safepoint: 5001 ns, Total: 40003 ns
[2026-01-26T06:45:04.616+0000][66][info ][safepoint   ] Safepoint "Cleanup", Time since last: 1000705667 ns, Reaching safepoint: 22801 ns, Cleanup: 15502 ns, At safepoint: 3700 ns, Total: 42003 ns
[2026-01-26T06:45:06.618+0000][66][info ][safepoint   ] Safepoint "Cleanup", Time since last: 2001031305 ns, Reaching safepoint: 135711 ns, Cleanup: 10900 ns, At safepoint: 41504 ns, Total: 188115 ns
[2026-01-26T06:45:07.416+0000][66][info ][gc,start    ] GC(191) Pause Young (Normal) (G1 Evacuation Pause)
[2026-01-26T06:45:07.416+0000][66][info ][gc,task     ] GC(191) Using 6 workers of 6 for evacuation
[2026-01-26T06:45:07.417+0000][66][debug][gc,age      ] GC(191) Desired survivor size 39845888 bytes, new threshold 15 (max threshold 15)
[2026-01-26T06:45:07.426+0000][66][info ][gc,phases   ] GC(191)   Pre Evacuate Collection Set: 0.3ms
[2026-01-26T06:45:07.427+0000][66][info ][gc,phases   ] GC(191)   Merge Heap Roots: 0.1ms
[2026-01-26T06:45:07.427+0000][66][info ][gc,phases   ] GC(191)   Evacuate Collection Set: 7.6ms
[2026-01-26T06:45:07.428+0000][66][info ][gc,phases   ] GC(191)   Post Evacuate Collection Set: 1.1ms
[2026-01-26T06:45:07.428+0000][66][info ][gc,phases   ] GC(191)   Other: 1.0ms
[2026-01-26T06:45:07.429+0000][66][trace][gc,age      ] GC(191) Age table with threshold 15 (max threshold 15)
[2026-01-26T06:45:07.429+0000][66][trace][gc,age      ] GC(191) - age   1:   19889920 bytes,   19889920 total
[2026-01-26T06:45:07.429+0000][66][trace][gc,age      ] GC(191) - age   2:    5496200 bytes,   25386120 total
[2026-01-26T06:45:07.430+0000][66][trace][gc,age      ] GC(191) - age   3:        400 bytes,   25386520 total
[2026-01-26T06:45:07.430+0000][66][trace][gc,age      ] GC(191) - age   4:     222560 bytes,   25609080 total
[2026-01-26T06:45:07.430+0000][66][trace][gc,age      ] GC(191) - age   5:      71272 bytes,   25680352 total
[2026-01-26T06:45:07.431+0000][66][trace][gc,age      ] GC(191) - age   6:      63960 bytes,   25744312 total
[2026-01-26T06:45:07.431+0000][66][trace][gc,age      ] GC(191) - age   7:     189920 bytes,   25934232 total
[2026-01-26T06:45:07.431+0000][66][trace][gc,age      ] GC(191) - age   8:       5152 bytes,   25939384 total
[2026-01-26T06:45:07.431+0000][66][trace][gc,age      ] GC(191) - age   9:      62216 bytes,   26001600 total
[2026-01-26T06:45:07.432+0000][66][trace][gc,age      ] GC(191) - age  10:        832 bytes,   26002432 total
[2026-01-26T06:45:07.432+0000][66][trace][gc,age      ] GC(191) - age  11:      65800 bytes,   26068232 total
[2026-01-26T06:45:07.432+0000][66][trace][gc,age      ] GC(191) - age  12:        648 bytes,   26068880 total
[2026-01-26T06:45:07.433+0000][66][trace][gc,age      ] GC(191) - age  13:         88 bytes,   26068968 total
[2026-01-26T06:45:07.433+0000][66][trace][gc,age      ] GC(191) - age  14:      61768 bytes,   26130736 total
[2026-01-26T06:45:07.433+0000][66][trace][gc,age      ] GC(191) - age  15:        496 bytes,   26131232 total
[2026-01-26T06:45:07.434+0000][66][info ][gc,heap     ] GC(191) Eden regions: 138->0(144)
[2026-01-26T06:45:07.434+0000][66][info ][gc,heap     ] GC(191) Survivor regions: 11->8(19)
[2026-01-26T06:45:07.434+0000][66][info ][gc,heap     ] GC(191) Old regions: 69->69
[2026-01-26T06:45:07.435+0000][66][info ][gc,heap     ] GC(191) Humongous regions: 0->0
[2026-01-26T06:45:07.435+0000][66][info ][gc,metaspace] GC(191) Metaspace: 133041K(136512K)->133041K(136512K) NonClass: 115271K(117120K)->115271K(117120K) Class: 17769K(19392K)->17769K(19392K)
[2026-01-26T06:45:07.435+0000][66][info ][gc          ] GC(191) Pause Young (Normal) (G1 Evacuation Pause) 868M->303M(1024M) 19.532ms
[2026-01-26T06:45:07.436+0000][66][info ][gc,cpu      ] GC(191) User=0.04s Sys=0.01s Real=0.02s
[2026-01-26T06:45:07.436+0000][66][info ][safepoint   ] Safepoint "G1CollectForAllocation", Time since last: 798224505 ns, Reaching safepoint: 16701 ns, Cleanup: 4301 ns, At safepoint: 20239934 ns, Total: 20260936 ns
[2026-01-26T06:45:12.437+0000][66][info ][safepoint   ] Safepoint "Cleanup", Time since last: 5001048775 ns, Reaching safepoint: 137310 ns, Cleanup: 16602 ns, At safepoint: 45703 ns, Total: 199615 ns
[2026-01-26T06:45:12.928+0000][66][info ][gc,start    ] GC(192) Pause Young (Normal) (G1 Evacuation Pause)
[2026-01-26T06:45:12.928+0000][66][info ][gc,task     ] GC(192) Using 6 workers of 6 for evacuation
[2026-01-26T06:45:12.929+0000][66][debug][gc,age      ] GC(192) Desired survivor size 39845888 bytes, new threshold 15 (max threshold 15)
[2026-01-26T06:45:12.941+0000][66][info ][gc,phases   ] GC(192)   Pre Evacuate Collection Set: 0.3ms
[2026-01-26T06:45:12.942+0000][66][info ][gc,phases   ] GC(192)   Merge Heap Roots: 0.2ms
[2026-01-26T06:45:12.942+0000][66][info ][gc,phases   ] GC(192)   Evacuate Collection Set: 10.7ms
[2026-01-26T06:45:12.943+0000][66][info ][gc,phases   ] GC(192)   Post Evacuate Collection Set: 1.2ms
[2026-01-26T06:45:12.943+0000][66][info ][gc,phases   ] GC(192)   Other: 0.9ms
[2026-01-26T06:45:12.944+0000][66][trace][gc,age      ] GC(192) Age table with threshold 15 (max threshold 15)
[2026-01-26T06:45:12.944+0000][66][trace][gc,age      ] GC(192) - age   1:   19513512 bytes,   19513512 total
[2026-01-26T06:45:12.944+0000][66][trace][gc,age      ] GC(192) - age   2:   11228456 bytes,   30741968 total
[2026-01-26T06:45:12.945+0000][66][trace][gc,age      ] GC(192) - age   3:    4893536 bytes,   35635504 total
[2026-01-26T06:45:12.945+0000][66][trace][gc,age      ] GC(192) - age   4:        400 bytes,   35635904 total
[2026-01-26T06:45:12.946+0000][66][trace][gc,age      ] GC(192) - age   5:     222248 bytes,   35858152 total
[2026-01-26T06:45:12.946+0000][66][trace][gc,age      ] GC(192) - age   6:      70160 bytes,   35928312 total
[2026-01-26T06:45:12.946+0000][66][trace][gc,age      ] GC(192) - age   7:      63960 bytes,   35992272 total
[2026-01-26T06:45:12.947+0000][66][trace][gc,age      ] GC(192) - age   8:     189408 bytes,   36181680 total
[2026-01-26T06:45:12.947+0000][66][trace][gc,age      ] GC(192) - age   9:       3408 bytes,   36185088 total
[2026-01-26T06:45:12.948+0000][66][trace][gc,age      ] GC(192) - age  10:      62216 bytes,   36247304 total
[2026-01-26T06:45:12.948+0000][66][trace][gc,age      ] GC(192) - age  11:        832 bytes,   36248136 total
[2026-01-26T06:45:12.948+0000][66][trace][gc,age      ] GC(192) - age  12:      65592 bytes,   36313728 total
[2026-01-26T06:45:12.949+0000][66][trace][gc,age      ] GC(192) - age  13:        648 bytes,   36314376 total
[2026-01-26T06:45:12.949+0000][66][trace][gc,age      ] GC(192) - age  14:         88 bytes,   36314464 total
[2026-01-26T06:45:12.950+0000][66][trace][gc,age      ] GC(192) - age  15:      61768 bytes,   36376232 total
[2026-01-26T06:45:12.950+0000][66][info ][gc,heap     ] GC(192) Eden regions: 144->0(140)
[2026-01-26T06:45:12.950+0000][66][info ][gc,heap     ] GC(192) Survivor regions: 8->10(19)
[2026-01-26T06:45:12.951+0000][66][info ][gc,heap     ] GC(192) Old regions: 69->69
[2026-01-26T06:45:12.951+0000][66][info ][gc,heap     ] GC(192) Humongous regions: 0->0
[2026-01-26T06:45:12.952+0000][66][info ][gc,metaspace] GC(192) Metaspace: 133041K(136512K)->133041K(136512K) NonClass: 115271K(117120K)->115271K(117120K) Class: 17769K(19392K)->17769K(19392K)
[2026-01-26T06:45:12.952+0000][66][info ][gc          ] GC(192) Pause Young (Normal) (G1 Evacuation Pause) 879M->313M(1024M) 24.408ms
[2026-01-26T06:45:12.952+0000][66][info ][gc,cpu      ] GC(192) User=0.05s Sys=0.01s Real=0.03s
[2026-01-26T06:45:12.953+0000][66][info ][safepoint   ] Safepoint "G1CollectForAllocation", Time since last: 490262761 ns, Reaching safepoint: 16702 ns, Cleanup: 4600 ns, At safepoint: 25307818 ns, Total: 25329120 ns
[2026-01-26T06:45:17.696+0000][66][info ][gc,start    ] GC(193) Pause Young (Normal) (G1 Evacuation Pause)
[2026-01-26T06:45:17.696+0000][66][info ][gc,task     ] GC(193) Using 6 workers of 6 for evacuation
[2026-01-26T06:45:17.697+0000][66][debug][gc,age      ] GC(193) Desired survivor size 39845888 bytes, new threshold 15 (max threshold 15)
[2026-01-26T06:45:17.705+0000][66][info ][gc,phases   ] GC(193)   Pre Evacuate Collection Set: 0.3ms
[2026-01-26T06:45:17.706+0000][66][info ][gc,phases   ] GC(193)   Merge Heap Roots: 0.1ms
[2026-01-26T06:45:17.706+0000][66][info ][gc,phases   ] GC(193)   Evacuate Collection Set: 6.4ms
[2026-01-26T06:45:17.706+0000][66][info ][gc,phases   ] GC(193)   Post Evacuate Collection Set: 1.1ms
[2026-01-26T06:45:17.707+0000][66][info ][gc,phases   ] GC(193)   Other: 0.9ms
[2026-01-26T06:45:17.707+0000][66][trace][gc,age      ] GC(193) Age table with threshold 15 (max threshold 15)
[2026-01-26T06:45:17.708+0000][66][trace][gc,age      ] GC(193) - age   1:   14853032 bytes,   14853032 total
[2026-01-26T06:45:17.708+0000][66][trace][gc,age      ] GC(193) - age   2:    2568104 bytes,   17421136 total
[2026-01-26T06:45:17.708+0000][66][trace][gc,age      ] GC(193) - age   3:     323616 bytes,   17744752 total
[2026-01-26T06:45:17.709+0000][66][trace][gc,age      ] GC(193) - age   4:       1680 bytes,   17746432 total
[2026-01-26T06:45:17.709+0000][66][trace][gc,age      ] GC(193) - age   5:        400 bytes,   17746832 total
[2026-01-26T06:45:17.709+0000][66][trace][gc,age      ] GC(193) - age   6:     220728 bytes,   17967560 total
[2026-01-26T06:45:17.710+0000][66][trace][gc,age      ] GC(193) - age   7:      70136 bytes,   18037696 total
[2026-01-26T06:45:17.710+0000][66][trace][gc,age      ] GC(193) - age   8:      63960 bytes,   18101656 total
[2026-01-26T06:45:17.710+0000][66][trace][gc,age      ] GC(193) - age   9:     189408 bytes,   18291064 total
[2026-01-26T06:45:17.711+0000][66][trace][gc,age      ] GC(193) - age  10:       3408 bytes,   18294472 total
[2026-01-26T06:45:17.711+0000][66][trace][gc,age      ] GC(193) - age  11:      62216 bytes,   18356688 total
[2026-01-26T06:45:17.711+0000][66][trace][gc,age      ] GC(193) - age  12:        832 bytes,   18357520 total
[2026-01-26T06:45:17.712+0000][66][trace][gc,age      ] GC(193) - age  13:      65592 bytes,   18423112 total
[2026-01-26T06:45:17.712+0000][66][trace][gc,age      ] GC(193) - age  14:        648 bytes,   18423760 total
[2026-01-26T06:45:17.712+0000][66][trace][gc,age      ] GC(193) - age  15:         88 bytes,   18423848 total
[2026-01-26T06:45:17.713+0000][66][info ][gc,heap     ] GC(193) Eden regions: 140->0(147)
[2026-01-26T06:45:17.713+0000][66][info ][gc,heap     ] GC(193) Survivor regions: 10->6(19)
[2026-01-26T06:45:17.713+0000][66][info ][gc,heap     ] GC(193) Old regions: 69->69
[2026-01-26T06:45:17.713+0000][66][info ][gc,heap     ] GC(193) Humongous regions: 0->0
[2026-01-26T06:45:17.714+0000][66][info ][gc,metaspace] GC(193) Metaspace: 133047K(136512K)->133047K(136512K) NonClass: 115277K(117120K)->115277K(117120K) Class: 17769K(19392K)->17769K(19392K)
[2026-01-26T06:45:17.714+0000][66][info ][gc          ] GC(193) Pause Young (Normal) (G1 Evacuation Pause) 873M->297M(1024M) 18.165ms
[2026-01-26T06:45:17.714+0000][66][info ][gc,cpu      ] GC(193) User=0.03s Sys=0.01s Real=0.02s
[2026-01-26T06:45:17.715+0000][66][info ][safepoint   ] Safepoint "G1CollectForAllocation", Time since last: 4742828807 ns, Reaching safepoint: 16101 ns, Cleanup: 4000 ns, At safepoint: 18832141 ns, Total: 18852242 ns
[2026-01-26T06:45:23.623+0000][66][info ][gc,start    ] GC(194) Pause Young (Normal) (G1 Evacuation Pause)
[2026-01-26T06:45:23.623+0000][66][info ][gc,task     ] GC(194) Using 6 workers of 6 for evacuation
[2026-01-26T06:45:23.624+0000][66][debug][gc,age      ] GC(194) Desired survivor size 41943040 bytes, new threshold 15 (max threshold 15)
[2026-01-26T06:45:23.635+0000][66][info ][gc,phases   ] GC(194)   Pre Evacuate Collection Set: 0.5ms
[2026-01-26T06:45:23.635+0000][66][info ][gc,phases   ] GC(194)   Merge Heap Roots: 0.1ms
[2026-01-26T06:45:23.635+0000][66][info ][gc,phases   ] GC(194)   Evacuate Collection Set: 9.0ms
[2026-01-26T06:45:23.636+0000][66][info ][gc,phases   ] GC(194)   Post Evacuate Collection Set: 1.1ms
[2026-01-26T06:45:23.636+0000][66][info ][gc,phases   ] GC(194)   Other: 0.7ms
[2026-01-26T06:45:23.636+0000][66][trace][gc,age      ] GC(194) Age table with threshold 15 (max threshold 15)
[2026-01-26T06:45:23.637+0000][66][trace][gc,age      ] GC(194) - age   1:   22304216 bytes,   22304216 total
[2026-01-26T06:45:23.637+0000][66][trace][gc,age      ] GC(194) - age   2:    8620680 bytes,   30924896 total
[2026-01-26T06:45:23.637+0000][66][trace][gc,age      ] GC(194) - age   3:    2566632 bytes,   33491528 total
[2026-01-26T06:45:23.638+0000][66][trace][gc,age      ] GC(194) - age   4:     323584 bytes,   33815112 total
[2026-01-26T06:45:23.638+0000][66][trace][gc,age      ] GC(194) - age   5:       1680 bytes,   33816792 total
[2026-01-26T06:45:23.638+0000][66][trace][gc,age      ] GC(194) - age   6:        400 bytes,   33817192 total
[2026-01-26T06:45:23.639+0000][66][trace][gc,age      ] GC(194) - age   7:     220160 bytes,   34037352 total
[2026-01-26T06:45:23.639+0000][66][trace][gc,age      ] GC(194) - age   8:      70136 bytes,   34107488 total
[2026-01-26T06:45:23.639+0000][66][trace][gc,age      ] GC(194) - age   9:      63960 bytes,   34171448 total
[2026-01-26T06:45:23.639+0000][66][trace][gc,age      ] GC(194) - age  10:     189408 bytes,   34360856 total
[2026-01-26T06:45:23.640+0000][66][trace][gc,age      ] GC(194) - age  11:       3408 bytes,   34364264 total
[2026-01-26T06:45:23.640+0000][66][trace][gc,age      ] GC(194) - age  12:      62040 bytes,   34426304 total
[2026-01-26T06:45:23.640+0000][66][trace][gc,age      ] GC(194) - age  13:        648 bytes,   34426952 total
[2026-01-26T06:45:23.641+0000][66][trace][gc,age      ] GC(194) - age  14:      65592 bytes,   34492544 total
[2026-01-26T06:45:23.641+0000][66][trace][gc,age      ] GC(194) - age  15:        648 bytes,   34493192 total
[2026-01-26T06:45:23.641+0000][66][info ][gc,heap     ] GC(194) Eden regions: 147->0(140)
[2026-01-26T06:45:23.641+0000][66][info ][gc,heap     ] GC(194) Survivor regions: 6->10(20)
[2026-01-26T06:45:23.642+0000][66][info ][gc,heap     ] GC(194) Old regions: 69->69
[2026-01-26T06:45:23.642+0000][66][info ][gc,heap     ] GC(194) Humongous regions: 0->0
[2026-01-26T06:45:23.642+0000][66][info ][gc,metaspace] GC(194) Metaspace: 133047K(136512K)->133047K(136512K) NonClass: 115277K(117120K)->115277K(117120K) Class: 17769K(19392K)->17769K(19392K)
[2026-01-26T06:45:23.642+0000][66][info ][gc          ] GC(194) Pause Young (Normal) (G1 Evacuation Pause) 885M->311M(1024M) 19.339ms
[2026-01-26T06:45:23.642+0000][66][info ][gc,cpu      ] GC(194) User=0.05s Sys=0.01s Real=0.02s
[2026-01-26T06:45:23.643+0000][66][info ][safepoint   ] Safepoint "G1CollectForAllocation", Time since last: 5908218470 ns, Reaching safepoint: 42404 ns, Cleanup: 3600 ns, At safepoint: 19958422 ns, Total: 20004426 ns
[2026-01-26T06:45:25.647+0000][66][info ][safepoint   ] Safepoint "Cleanup", Time since last: 2003983835 ns, Reaching safepoint: 141810 ns, Cleanup: 11001 ns, At safepoint: 35103 ns, Total: 187914 ns
[2026-01-26T06:45:27.972+0000][66][info ][gc,start    ] GC(195) Pause Young (Normal) (G1 Evacuation Pause)
[2026-01-26T06:45:27.972+0000][66][info ][gc,task     ] GC(195) Using 6 workers of 6 for evacuation
[2026-01-26T06:45:27.972+0000][66][debug][gc,age      ] GC(195) Desired survivor size 39845888 bytes, new threshold 15 (max threshold 15)
[2026-01-26T06:45:27.985+0000][66][info ][gc,phases   ] GC(195)   Pre Evacuate Collection Set: 0.3ms
[2026-01-26T06:45:27.985+0000][66][info ][gc,phases   ] GC(195)   Merge Heap Roots: 0.1ms
[2026-01-26T06:45:27.986+0000][66][info ][gc,phases   ] GC(195)   Evacuate Collection Set: 10.5ms
[2026-01-26T06:45:27.986+0000][66][info ][gc,phases   ] GC(195)   Post Evacuate Collection Set: 1.4ms
[2026-01-26T06:45:27.986+0000][66][info ][gc,phases   ] GC(195)   Other: 0.6ms
[2026-01-26T06:45:27.987+0000][66][trace][gc,age      ] GC(195) Age table with threshold 15 (max threshold 15)
[2026-01-26T06:45:27.987+0000][66][trace][gc,age      ] GC(195) - age   1:   16987400 bytes,   16987400 total
[2026-01-26T06:45:27.988+0000][66][trace][gc,age      ] GC(195) - age   2:   12443608 bytes,   29431008 total
[2026-01-26T06:45:27.988+0000][66][trace][gc,age      ] GC(195) - age   3:    7848160 bytes,   37279168 total
[2026-01-26T06:45:27.988+0000][66][trace][gc,age      ] GC(195) - age   4:    2212464 bytes,   39491632 total
[2026-01-26T06:45:27.989+0000][66][trace][gc,age      ] GC(195) - age   5:     322760 bytes,   39814392 total
[2026-01-26T06:45:27.989+0000][66][trace][gc,age      ] GC(195) - age   6:       1680 bytes,   39816072 total
[2026-01-26T06:45:27.989+0000][66][trace][gc,age      ] GC(195) - age   7:        224 bytes,   39816296 total
[2026-01-26T06:45:27.990+0000][66][trace][gc,age      ] GC(195) - age   8:     220160 bytes,   40036456 total
[2026-01-26T06:45:27.990+0000][66][trace][gc,age      ] GC(195) - age   9:      70136 bytes,   40106592 total
[2026-01-26T06:45:27.990+0000][66][trace][gc,age      ] GC(195) - age  10:      63960 bytes,   40170552 total
[2026-01-26T06:45:27.991+0000][66][trace][gc,age      ] GC(195) - age  11:     189408 bytes,   40359960 total
[2026-01-26T06:45:27.991+0000][66][trace][gc,age      ] GC(195) - age  12:       3376 bytes,   40363336 total
[2026-01-26T06:45:27.991+0000][66][trace][gc,age      ] GC(195) - age  13:      61688 bytes,   40425024 total
[2026-01-26T06:45:27.991+0000][66][trace][gc,age      ] GC(195) - age  14:        648 bytes,   40425672 total
[2026-01-26T06:45:27.992+0000][66][trace][gc,age      ] GC(195) - age  15:      65592 bytes,   40491264 total
[2026-01-26T06:45:27.992+0000][66][info ][gc,heap     ] GC(195) Eden regions: 140->0(136)
[2026-01-26T06:45:27.992+0000][66][info ][gc,heap     ] GC(195) Survivor regions: 10->12(19)
[2026-01-26T06:45:27.992+0000][66][info ][gc,heap     ] GC(195) Old regions: 69->69
[2026-01-26T06:45:27.993+0000][66][info ][gc,heap     ] GC(195) Humongous regions: 0->0
[2026-01-26T06:45:27.993+0000][66][info ][gc,metaspace] GC(195) Metaspace: 133049K(136512K)->133049K(136512K) NonClass: 115279K(117120K)->115279K(117120K) Class: 17770K(19392K)->17770K(19392K)
[2026-01-26T06:45:27.993+0000][66][info ][gc          ] GC(195) Pause Young (Normal) (G1 Evacuation Pause) 871M->319M(1024M) 21.506ms
[2026-01-26T06:45:27.993+0000][66][info ][gc,cpu      ] GC(195) User=0.06s Sys=0.00s Real=0.02s
[2026-01-26T06:45:27.994+0000][66][info ][safepoint   ] Safepoint "G1CollectForAllocation", Time since last: 2324482677 ns, Reaching safepoint: 17802 ns, Cleanup: 4300 ns, At safepoint: 22109386 ns, Total: 22131488 ns
[2026-01-26T06:45:29.000+0000][66][info ][safepoint   ] Safepoint "Cleanup", Time since last: 1006521863 ns, Reaching safepoint: 168713 ns, Cleanup: 12601 ns, At safepoint: 42503 ns, Total: 223817 ns
[2026-01-26T06:45:33.448+0000][66][info ][gc,start    ] GC(196) Pause Young (Normal) (G1 Evacuation Pause)
[2026-01-26T06:45:33.449+0000][66][info ][gc,task     ] GC(196) Using 6 workers of 6 for evacuation
[2026-01-26T06:45:33.449+0000][66][debug][gc,age      ] GC(196) Desired survivor size 39845888 bytes, new threshold 8 (max threshold 15)
[2026-01-26T06:45:33.460+0000][66][info ][gc,phases   ] GC(196)   Pre Evacuate Collection Set: 0.6ms
[2026-01-26T06:45:33.461+0000][66][info ][gc,phases   ] GC(196)   Merge Heap Roots: 0.2ms
[2026-01-26T06:45:33.461+0000][66][info ][gc,phases   ] GC(196)   Evacuate Collection Set: 8.0ms
[2026-01-26T06:45:33.462+0000][66][info ][gc,phases   ] GC(196)   Post Evacuate Collection Set: 1.4ms
[2026-01-26T06:45:33.463+0000][66][info ][gc,phases   ] GC(196)   Other: 1.3ms
[2026-01-26T06:45:33.463+0000][66][trace][gc,age      ] GC(196) Age table with threshold 8 (max threshold 15)
[2026-01-26T06:45:33.464+0000][66][trace][gc,age      ] GC(196) - age   1:   10700800 bytes,   10700800 total
[2026-01-26T06:45:33.464+0000][66][trace][gc,age      ] GC(196) - age   2:    1142936 bytes,   11843736 total
[2026-01-26T06:45:33.465+0000][66][trace][gc,age      ] GC(196) - age   3:       1680 bytes,   11845416 total
[2026-01-26T06:45:33.466+0000][66][trace][gc,age      ] GC(196) - age   4:      63384 bytes,   11908800 total
[2026-01-26T06:45:33.466+0000][66][trace][gc,age      ] GC(196) - age   5:       3128 bytes,   11911928 total
[2026-01-26T06:45:33.467+0000][66][trace][gc,age      ] GC(196) - age   6:     316512 bytes,   12228440 total
[2026-01-26T06:45:33.467+0000][66][trace][gc,age      ] GC(196) - age   7:        920 bytes,   12229360 total
[2026-01-26T06:45:33.468+0000][66][trace][gc,age      ] GC(196) - age   8:        224 bytes,   12229584 total
[2026-01-26T06:45:33.468+0000][66][info ][gc,heap     ] GC(196) Eden regions: 136->0(149)
[2026-01-26T06:45:33.469+0000][66][info ][gc,heap     ] GC(196) Survivor regions: 12->4(19)
[2026-01-26T06:45:33.469+0000][66][info ][gc,heap     ] GC(196) Old regions: 69->69
[2026-01-26T06:45:33.470+0000][66][info ][gc,heap     ] GC(196) Humongous regions: 0->0
[2026-01-26T06:45:33.470+0000][66][info ][gc,metaspace] GC(196) Metaspace: 133051K(136512K)->133051K(136512K) NonClass: 115280K(117120K)->115280K(117120K) Class: 17770K(19392K)->17770K(19392K)
[2026-01-26T06:45:33.471+0000][66][info ][gc          ] GC(196) Pause Young (Normal) (G1 Evacuation Pause) 863M->290M(1024M) 23.226ms
[2026-01-26T06:45:33.472+0000][66][info ][gc,cpu      ] GC(196) User=0.04s Sys=0.01s Real=0.03s
[2026-01-26T06:45:33.472+0000][66][info ][safepoint   ] Safepoint "G1CollectForAllocation", Time since last: 4449770158 ns, Reaching safepoint: 19901 ns, Cleanup: 5501 ns, At safepoint: 24487512 ns, Total: 24512914 ns
[2026-01-26T06:45:39.496+0000][66][info ][gc,start    ] GC(197) Pause Young (Normal) (G1 Evacuation Pause)
[2026-01-26T06:45:39.496+0000][66][info ][gc,task     ] GC(197) Using 6 workers of 6 for evacuation
[2026-01-26T06:45:39.496+0000][66][debug][gc,age      ] GC(197) Desired survivor size 41943040 bytes, new threshold 15 (max threshold 15)
[2026-01-26T06:45:39.507+0000][66][info ][gc,phases   ] GC(197)   Pre Evacuate Collection Set: 0.5ms
[2026-01-26T06:45:39.507+0000][66][info ][gc,phases   ] GC(197)   Merge Heap Roots: 0.1ms
[2026-01-26T06:45:39.508+0000][66][info ][gc,phases   ] GC(197)   Evacuate Collection Set: 7.9ms
[2026-01-26T06:45:39.508+0000][66][info ][gc,phases   ] GC(197)   Post Evacuate Collection Set: 1.5ms
[2026-01-26T06:45:39.508+0000][66][info ][gc,phases   ] GC(197)   Other: 0.7ms
[2026-01-26T06:45:39.509+0000][66][trace][gc,age      ] GC(197) Age table with threshold 15 (max threshold 15)
[2026-01-26T06:45:39.509+0000][66][trace][gc,age      ] GC(197) - age   1:   16793048 bytes,   16793048 total
[2026-01-26T06:45:39.510+0000][66][trace][gc,age      ] GC(197) - age   2:    2210936 bytes,   19003984 total
[2026-01-26T06:45:39.510+0000][66][trace][gc,age      ] GC(197) - age   3:       3080 bytes,   19007064 total
[2026-01-26T06:45:39.510+0000][66][trace][gc,age      ] GC(197) - age   4:       1680 bytes,   19008744 total
[2026-01-26T06:45:39.511+0000][66][trace][gc,age      ] GC(197) - age   5:      61456 bytes,   19070200 total
[2026-01-26T06:45:39.511+0000][66][trace][gc,age      ] GC(197) - age   6:       3128 bytes,   19073328 total
[2026-01-26T06:45:39.512+0000][66][trace][gc,age      ] GC(197) - age   7:     316512 bytes,   19389840 total
[2026-01-26T06:45:39.512+0000][66][trace][gc,age      ] GC(197) - age   8:        920 bytes,   19390760 total
[2026-01-26T06:45:39.512+0000][66][trace][gc,age      ] GC(197) - age   9:        224 bytes,   19390984 total
[2026-01-26T06:45:39.513+0000][66][info ][gc,heap     ] GC(197) Eden regions: 149->0(147)
[2026-01-26T06:45:39.513+0000][66][info ][gc,heap     ] GC(197) Survivor regions: 4->6(20)
[2026-01-26T06:45:39.514+0000][66][info ][gc,heap     ] GC(197) Old regions: 69->69
[2026-01-26T06:45:39.514+0000][66][info ][gc,heap     ] GC(197) Humongous regions: 0->0
[2026-01-26T06:45:39.514+0000][66][info ][gc,metaspace] GC(197) Metaspace: 133052K(136512K)->133052K(136512K) NonClass: 115282K(117120K)->115282K(117120K) Class: 17770K(19392K)->17770K(19392K)
[2026-01-26T06:45:39.515+0000][66][info ][gc          ] GC(197) Pause Young (Normal) (G1 Evacuation Pause) 886M->296M(1024M) 19.103ms
[2026-01-26T06:45:39.515+0000][66][info ][gc,cpu      ] GC(197) User=0.04s Sys=0.00s Real=0.02s
[2026-01-26T06:45:39.516+0000][66][info ][safepoint   ] Safepoint "G1CollectForAllocation", Time since last: 6023328835 ns, Reaching safepoint: 24302 ns, Cleanup: 4700 ns, At safepoint: 20098937 ns, Total: 20127939 ns
[2026-01-26T06:45:42.630+0000][66][info ][safepoint   ] Safepoint "Cleanup", Time since last: 3113968913 ns, Reaching safepoint: 124009 ns, Cleanup: 16401 ns, At safepoint: 37703 ns, Total: 178113 ns
[2026-01-26T06:45:43.631+0000][66][info ][safepoint   ] Safepoint "Cleanup", Time since last: 1000643348 ns, Reaching safepoint: 17101 ns, Cleanup: 15501 ns, At safepoint: 5200 ns, Total: 37802 ns
[2026-01-26T06:45:45.036+0000][66][info ][gc,start    ] GC(198) Pause Young (Normal) (G1 Evacuation Pause)
[2026-01-26T06:45:45.037+0000][66][info ][gc,task     ] GC(198) Using 6 workers of 6 for evacuation
[2026-01-26T06:45:45.037+0000][66][debug][gc,age      ] GC(198) Desired survivor size 41943040 bytes, new threshold 15 (max threshold 15)
[2026-01-26T06:45:45.046+0000][66][info ][gc,phases   ] GC(198)   Pre Evacuate Collection Set: 0.5ms
[2026-01-26T06:45:45.046+0000][66][info ][gc,phases   ] GC(198)   Merge Heap Roots: 0.3ms
[2026-01-26T06:45:45.047+0000][66][info ][gc,phases   ] GC(198)   Evacuate Collection Set: 6.1ms
[2026-01-26T06:45:45.048+0000][66][info ][gc,phases   ] GC(198)   Post Evacuate Collection Set: 1.3ms
[2026-01-26T06:45:45.048+0000][66][info ][gc,phases   ] GC(198)   Other: 1.2ms
[2026-01-26T06:45:45.049+0000][66][trace][gc,age      ] GC(198) Age table with threshold 15 (max threshold 15)
[2026-01-26T06:45:45.049+0000][66][trace][gc,age      ] GC(198) - age   1:   14199776 bytes,   14199776 total
[2026-01-26T06:45:45.050+0000][66][trace][gc,age      ] GC(198) - age   2:    1748664 bytes,   15948440 total
[2026-01-26T06:45:45.050+0000][66][trace][gc,age      ] GC(198) - age   3:      83576 bytes,   16032016 total
[2026-01-26T06:45:45.051+0000][66][trace][gc,age      ] GC(198) - age   4:       3048 bytes,   16035064 total
[2026-01-26T06:45:45.051+0000][66][trace][gc,age      ] GC(198) - age   5:       1680 bytes,   16036744 total
[2026-01-26T06:45:45.052+0000][66][trace][gc,age      ] GC(198) - age   6:      61456 bytes,   16098200 total
[2026-01-26T06:45:45.052+0000][66][trace][gc,age      ] GC(198) - age   7:       2016 bytes,   16100216 total
[2026-01-26T06:45:45.053+0000][66][trace][gc,age      ] GC(198) - age   8:     316448 bytes,   16416664 total
[2026-01-26T06:45:45.053+0000][66][trace][gc,age      ] GC(198) - age   9:        920 bytes,   16417584 total
[2026-01-26T06:45:45.054+0000][66][trace][gc,age      ] GC(198) - age  10:        224 bytes,   16417808 total
[2026-01-26T06:45:45.054+0000][66][info ][gc,heap     ] GC(198) Eden regions: 147->0(148)
[2026-01-26T06:45:45.055+0000][66][info ][gc,heap     ] GC(198) Survivor regions: 6->5(20)
[2026-01-26T06:45:45.055+0000][66][info ][gc,heap     ] GC(198) Old regions: 69->69
[2026-01-26T06:45:45.056+0000][66][info ][gc,heap     ] GC(198) Humongous regions: 0->0
[2026-01-26T06:45:45.056+0000][66][info ][gc,metaspace] GC(198) Metaspace: 133062K(136512K)->133062K(136512K) NonClass: 115291K(117120K)->115291K(117120K) Class: 17770K(19392K)->17770K(19392K)
[2026-01-26T06:45:45.057+0000][66][info ][gc          ] GC(198) Pause Young (Normal) (G1 Evacuation Pause) 884M->293M(1024M) 20.924ms
[2026-01-26T06:45:45.057+0000][66][info ][gc,cpu      ] GC(198) User=0.03s Sys=0.01s Real=0.03s
[2026-01-26T06:45:45.058+0000][66][info ][safepoint   ] Safepoint "G1CollectForAllocation", Time since last: 1405340006 ns, Reaching safepoint: 17501 ns, Cleanup: 12601 ns, At safepoint: 22071989 ns, Total: 22102091 ns
[2026-01-26T06:45:48.633+0000][66][info ][gc,start    ] GC(199) Pause Young (Normal) (G1 Evacuation Pause)
[2026-01-26T06:45:48.634+0000][66][info ][gc,task     ] GC(199) Using 6 workers of 6 for evacuation
[2026-01-26T06:45:48.634+0000][66][debug][gc,age      ] GC(199) Desired survivor size 41943040 bytes, new threshold 15 (max threshold 15)
[2026-01-26T06:45:48.646+0000][66][info ][gc,phases   ] GC(199)   Pre Evacuate Collection Set: 0.5ms
[2026-01-26T06:45:48.646+0000][66][info ][gc,phases   ] GC(199)   Merge Heap Roots: 0.2ms
[2026-01-26T06:45:48.647+0000][66][info ][gc,phases   ] GC(199)   Evacuate Collection Set: 9.0ms
[2026-01-26T06:45:48.647+0000][66][info ][gc,phases   ] GC(199)   Post Evacuate Collection Set: 1.3ms
[2026-01-26T06:45:48.648+0000][66][info ][gc,phases   ] GC(199)   Other: 1.1ms
[2026-01-26T06:45:48.648+0000][66][trace][gc,age      ] GC(199) Age table with threshold 15 (max threshold 15)
[2026-01-26T06:45:48.649+0000][66][trace][gc,age      ] GC(199) - age   1:   13172848 bytes,   13172848 total
[2026-01-26T06:45:48.649+0000][66][trace][gc,age      ] GC(199) - age   2:   11164232 bytes,   24337080 total
[2026-01-26T06:45:48.649+0000][66][trace][gc,age      ] GC(199) - age   3:    1746048 bytes,   26083128 total
[2026-01-26T06:45:48.650+0000][66][trace][gc,age      ] GC(199) - age   4:      83544 bytes,   26166672 total
[2026-01-26T06:45:48.650+0000][66][trace][gc,age      ] GC(199) - age   5:       3048 bytes,   26169720 total
[2026-01-26T06:45:48.651+0000][66][trace][gc,age      ] GC(199) - age   6:       1112 bytes,   26170832 total
[2026-01-26T06:45:48.651+0000][66][trace][gc,age      ] GC(199) - age   7:      61456 bytes,   26232288 total
[2026-01-26T06:45:48.652+0000][66][trace][gc,age      ] GC(199) - age   8:       2016 bytes,   26234304 total
[2026-01-26T06:45:48.652+0000][66][trace][gc,age      ] GC(199) - age   9:     316448 bytes,   26550752 total
[2026-01-26T06:45:48.652+0000][66][trace][gc,age      ] GC(199) - age  10:        920 bytes,   26551672 total
[2026-01-26T06:45:48.653+0000][66][trace][gc,age      ] GC(199) - age  11:        224 bytes,   26551896 total
[2026-01-26T06:45:48.653+0000][66][info ][gc,heap     ] GC(199) Eden regions: 148->0(144)
[2026-01-26T06:45:48.653+0000][66][info ][gc,heap     ] GC(199) Survivor regions: 5->8(20)
[2026-01-26T06:45:48.654+0000][66][info ][gc,heap     ] GC(199) Old regions: 69->69
[2026-01-26T06:45:48.654+0000][66][info ][gc,heap     ] GC(199) Humongous regions: 0->0
[2026-01-26T06:45:48.654+0000][66][info ][gc,metaspace] GC(199) Metaspace: 133062K(136512K)->133062K(136512K) NonClass: 115291K(117120K)->115291K(117120K) Class: 17770K(19392K)->17770K(19392K)
[2026-01-26T06:45:48.655+0000][66][info ][gc          ] GC(199) Pause Young (Normal) (G1 Evacuation Pause) 885M->304M(1024M) 21.704ms
[2026-01-26T06:45:48.655+0000][66][info ][gc,cpu      ] GC(199) User=0.03s Sys=0.01s Real=0.02s
[2026-01-26T06:45:48.656+0000][66][info ][safepoint   ] Safepoint "G1CollectForAllocation", Time since last: 3575086712 ns, Reaching safepoint: 18501 ns, Cleanup: 4500 ns, At safepoint: 22655137 ns, Total: 22678138 ns
[2026-01-26T06:45:50.958+0000][66][info ][gc,start    ] GC(200) Pause Young (Normal) (G1 Evacuation Pause)
[2026-01-26T06:45:50.959+0000][66][info ][gc,task     ] GC(200) Using 6 workers of 6 for evacuation
[2026-01-26T06:45:50.959+0000][66][debug][gc,age      ] GC(200) Desired survivor size 39845888 bytes, new threshold 15 (max threshold 15)
[2026-01-26T06:45:50.970+0000][66][info ][gc,phases   ] GC(200)   Pre Evacuate Collection Set: 0.3ms
[2026-01-26T06:45:50.970+0000][66][info ][gc,phases   ] GC(200)   Merge Heap Roots: 0.2ms
[2026-01-26T06:45:50.971+0000][66][info ][gc,phases   ] GC(200)   Evacuate Collection Set: 8.1ms
[2026-01-26T06:45:50.971+0000][66][info ][gc,phases   ] GC(200)   Post Evacuate Collection Set: 1.1ms
[2026-01-26T06:45:50.972+0000][66][info ][gc,phases   ] GC(200)   Other: 1.0ms
[2026-01-26T06:45:50.972+0000][66][trace][gc,age      ] GC(200) Age table with threshold 15 (max threshold 15)
[2026-01-26T06:45:50.972+0000][66][trace][gc,age      ] GC(200) - age   1:    8852128 bytes,    8852128 total
[2026-01-26T06:45:50.973+0000][66][trace][gc,age      ] GC(200) - age   2:    8058816 bytes,   16910944 total
[2026-01-26T06:45:50.973+0000][66][trace][gc,age      ] GC(200) - age   3:   10835528 bytes,   27746472 total
[2026-01-26T06:45:50.974+0000][66][trace][gc,age      ] GC(200) - age   4:    1745824 bytes,   29492296 total
[2026-01-26T06:45:50.974+0000][66][trace][gc,age      ] GC(200) - age   5:      83544 bytes,   29575840 total
[2026-01-26T06:45:50.974+0000][66][trace][gc,age      ] GC(200) - age   6:       3048 bytes,   29578888 total
[2026-01-26T06:45:50.975+0000][66][trace][gc,age      ] GC(200) - age   7:       1112 bytes,   29580000 total
[2026-01-26T06:45:50.975+0000][66][trace][gc,age      ] GC(200) - age   8:      61456 bytes,   29641456 total
[2026-01-26T06:45:50.976+0000][66][trace][gc,age      ] GC(200) - age   9:       2016 bytes,   29643472 total
[2026-01-26T06:45:50.976+0000][66][trace][gc,age      ] GC(200) - age  10:     316448 bytes,   29959920 total
[2026-01-26T06:45:50.976+0000][66][trace][gc,age      ] GC(200) - age  11:        920 bytes,   29960840 total
[2026-01-26T06:45:50.977+0000][66][trace][gc,age      ] GC(200) - age  12:        224 bytes,   29961064 total
[2026-01-26T06:45:50.977+0000][66][info ][gc,heap     ] GC(200) Eden regions: 144->0(144)
[2026-01-26T06:45:50.977+0000][66][info ][gc,heap     ] GC(200) Survivor regions: 8->8(19)
[2026-01-26T06:45:50.977+0000][66][info ][gc,heap     ] GC(200) Old regions: 69->69
[2026-01-26T06:45:50.978+0000][66][info ][gc,heap     ] GC(200) Humongous regions: 0->0
[2026-01-26T06:45:50.978+0000][66][info ][gc,metaspace] GC(200) Metaspace: 133062K(136512K)->133062K(136512K) NonClass: 115291K(117120K)->115291K(117120K) Class: 17770K(19392K)->17770K(19392K)
[2026-01-26T06:45:50.978+0000][66][info ][gc          ] GC(200) Pause Young (Normal) (G1 Evacuation Pause) 880M->307M(1024M) 19.908ms
[2026-01-26T06:45:50.979+0000][66][info ][gc,cpu      ] GC(200) User=0.05s Sys=0.00s Real=0.02s
[2026-01-26T06:45:50.979+0000][66][info ][safepoint   ] Safepoint "G1CollectForAllocation", Time since last: 2302652320 ns, Reaching safepoint: 18601 ns, Cleanup: 4701 ns, At safepoint: 20729689 ns, Total: 20752991 ns
[2026-01-26T06:45:53.750+0000][66][info ][safepoint   ] Safepoint "Cleanup", Time since last: 2770912016 ns, Reaching safepoint: 10401 ns, Cleanup: 11000 ns, At safepoint: 4401 ns, Total: 25802 ns
[2026-01-26T06:45:53.883+0000][66][info ][gc,start    ] GC(201) Pause Young (Normal) (G1 Evacuation Pause)
[2026-01-26T06:45:53.884+0000][66][info ][gc,task     ] GC(201) Using 6 workers of 6 for evacuation
[2026-01-26T06:45:53.884+0000][66][debug][gc,age      ] GC(201) Desired survivor size 39845888 bytes, new threshold 15 (max threshold 15)
[2026-01-26T06:45:53.896+0000][66][info ][gc,phases   ] GC(201)   Pre Evacuate Collection Set: 0.5ms
[2026-01-26T06:45:53.896+0000][66][info ][gc,phases   ] GC(201)   Merge Heap Roots: 0.2ms
[2026-01-26T06:45:53.897+0000][66][info ][gc,phases   ] GC(201)   Evacuate Collection Set: 9.1ms
[2026-01-26T06:45:53.897+0000][66][info ][gc,phases   ] GC(201)   Post Evacuate Collection Set: 1.5ms
[2026-01-26T06:45:53.897+0000][66][info ][gc,phases   ] GC(201)   Other: 0.9ms
[2026-01-26T06:45:53.898+0000][66][trace][gc,age      ] GC(201) Age table with threshold 15 (max threshold 15)
[2026-01-26T06:45:53.898+0000][66][trace][gc,age      ] GC(201) - age   1:    2848208 bytes,    2848208 total
[2026-01-26T06:45:53.898+0000][66][trace][gc,age      ] GC(201) - age   2:    5851136 bytes,    8699344 total
[2026-01-26T06:45:53.899+0000][66][trace][gc,age      ] GC(201) - age   3:    6943040 bytes,   15642384 total
[2026-01-26T06:45:53.899+0000][66][trace][gc,age      ] GC(201) - age   4:    9513456 bytes,   25155840 total
[2026-01-26T06:45:53.899+0000][66][trace][gc,age      ] GC(201) - age   5:    1468136 bytes,   26623976 total
[2026-01-26T06:45:53.900+0000][66][trace][gc,age      ] GC(201) - age   6:      83272 bytes,   26707248 total
[2026-01-26T06:45:53.900+0000][66][trace][gc,age      ] GC(201) - age   7:       2448 bytes,   26709696 total
[2026-01-26T06:45:53.901+0000][66][trace][gc,age      ] GC(201) - age   8:       1112 bytes,   26710808 total
[2026-01-26T06:45:53.901+0000][66][trace][gc,age      ] GC(201) - age   9:      61456 bytes,   26772264 total
[2026-01-26T06:45:53.901+0000][66][trace][gc,age      ] GC(201) - age  10:       1440 bytes,   26773704 total
[2026-01-26T06:45:53.902+0000][66][trace][gc,age      ] GC(201) - age  11:     316448 bytes,   27090152 total
[2026-01-26T06:45:53.902+0000][66][trace][gc,age      ] GC(201) - age  12:        920 bytes,   27091072 total
[2026-01-26T06:45:53.902+0000][66][trace][gc,age      ] GC(201) - age  13:        224 bytes,   27091296 total
[2026-01-26T06:45:53.903+0000][66][info ][gc,heap     ] GC(201) Eden regions: 144->0(144)
[2026-01-26T06:45:53.903+0000][66][info ][gc,heap     ] GC(201) Survivor regions: 8->8(19)
[2026-01-26T06:45:53.903+0000][66][info ][gc,heap     ] GC(201) Old regions: 69->69
[2026-01-26T06:45:53.903+0000][66][info ][gc,heap     ] GC(201) Humongous regions: 0->0
[2026-01-26T06:45:53.904+0000][66][info ][gc,metaspace] GC(201) Metaspace: 133063K(136512K)->133063K(136512K) NonClass: 115292K(117120K)->115292K(117120K) Class: 17770K(19392K)->17770K(19392K)
[2026-01-26T06:45:53.904+0000][66][info ][gc          ] GC(201) Pause Young (Normal) (G1 Evacuation Pause) 883M->305M(1024M) 20.653ms
[2026-01-26T06:45:53.904+0000][66][info ][gc,cpu      ] GC(201) User=0.04s Sys=0.00s Real=0.02s
[2026-01-26T06:45:53.905+0000][66][info ][safepoint   ] Safepoint "G1CollectForAllocation", Time since last: 133014997 ns, Reaching safepoint: 21501 ns, Cleanup: 6101 ns, At safepoint: 21432943 ns, Total: 21460545 ns
[2026-01-26T06:45:55.043+0000][66][info ][safepoint   ] Safepoint "Cleanup", Time since last: 1137729917 ns, Reaching safepoint: 187415 ns, Cleanup: 17101 ns, At safepoint: 160412 ns, Total: 364928 ns
[2026-01-26T06:45:56.784+0000][66][info ][safepoint   ] Safepoint "Cleanup", Time since last: 1741221784 ns, Reaching safepoint: 20301 ns, Cleanup: 16402 ns, At safepoint: 4000 ns, Total: 40703 ns
[2026-01-26T06:45:57.268+0000][66][info ][gc,start    ] GC(202) Pause Young (Normal) (G1 Evacuation Pause)
[2026-01-26T06:45:57.268+0000][66][info ][gc,task     ] GC(202) Using 6 workers of 6 for evacuation
[2026-01-26T06:45:57.269+0000][66][debug][gc,age      ] GC(202) Desired survivor size 39845888 bytes, new threshold 15 (max threshold 15)
[2026-01-26T06:45:57.275+0000][66][info ][gc,phases   ] GC(202)   Pre Evacuate Collection Set: 0.3ms
[2026-01-26T06:45:57.276+0000][66][info ][gc,phases   ] GC(202)   Merge Heap Roots: 0.1ms
[2026-01-26T06:45:57.276+0000][66][info ][gc,phases   ] GC(202)   Evacuate Collection Set: 4.7ms
[2026-01-26T06:45:57.277+0000][66][info ][gc,phases   ] GC(202)   Post Evacuate Collection Set: 1.1ms
[2026-01-26T06:45:57.277+0000][66][info ][gc,phases   ] GC(202)   Other: 0.8ms
[2026-01-26T06:45:57.277+0000][66][trace][gc,age      ] GC(202) Age table with threshold 15 (max threshold 15)
[2026-01-26T06:45:57.278+0000][66][trace][gc,age      ] GC(202) - age   1:    7824648 bytes,    7824648 total
[2026-01-26T06:45:57.278+0000][66][trace][gc,age      ] GC(202) - age   2:    1884480 bytes,    9709128 total
[2026-01-26T06:45:57.278+0000][66][trace][gc,age      ] GC(202) - age   3:      11640 bytes,    9720768 total
[2026-01-26T06:45:57.278+0000][66][trace][gc,age      ] GC(202) - age   4:     481304 bytes,   10202072 total
[2026-01-26T06:45:57.279+0000][66][trace][gc,age      ] GC(202) - age   5:     807904 bytes,   11009976 total
[2026-01-26T06:45:57.279+0000][66][trace][gc,age      ] GC(202) - age   6:     172416 bytes,   11182392 total
[2026-01-26T06:45:57.279+0000][66][trace][gc,age      ] GC(202) - age   7:      81488 bytes,   11263880 total
[2026-01-26T06:45:57.280+0000][66][trace][gc,age      ] GC(202) - age   8:       2232 bytes,   11266112 total
[2026-01-26T06:45:57.280+0000][66][trace][gc,age      ] GC(202) - age   9:       1112 bytes,   11267224 total
[2026-01-26T06:45:57.280+0000][66][trace][gc,age      ] GC(202) - age  10:      61456 bytes,   11328680 total
[2026-01-26T06:45:57.280+0000][66][trace][gc,age      ] GC(202) - age  11:       1024 bytes,   11329704 total
[2026-01-26T06:45:57.281+0000][66][trace][gc,age      ] GC(202) - age  12:      62072 bytes,   11391776 total
[2026-01-26T06:45:57.281+0000][66][trace][gc,age      ] GC(202) - age  13:        920 bytes,   11392696 total
[2026-01-26T06:45:57.281+0000][66][trace][gc,age      ] GC(202) - age  14:        192 bytes,   11392888 total
[2026-01-26T06:45:57.281+0000][66][info ][gc,heap     ] GC(202) Eden regions: 144->0(149)
[2026-01-26T06:45:57.282+0000][66][info ][gc,heap     ] GC(202) Survivor regions: 8->4(19)
[2026-01-26T06:45:57.282+0000][66][info ][gc,heap     ] GC(202) Old regions: 69->69
[2026-01-26T06:45:57.282+0000][66][info ][gc,heap     ] GC(202) Humongous regions: 0->0
[2026-01-26T06:45:57.282+0000][66][info ][gc,metaspace] GC(202) Metaspace: 133071K(136512K)->133071K(136512K) NonClass: 115301K(117120K)->115301K(117120K) Class: 17770K(19392K)->17770K(19392K)
[2026-01-26T06:45:57.283+0000][66][info ][gc          ] GC(202) Pause Young (Normal) (G1 Evacuation Pause) 881M->289M(1024M) 14.613ms
[2026-01-26T06:45:57.283+0000][66][info ][gc,cpu      ] GC(202) User=0.02s Sys=0.01s Real=0.02s
[2026-01-26T06:45:57.283+0000][66][info ][safepoint   ] Safepoint "G1CollectForAllocation", Time since last: 483915881 ns, Reaching safepoint: 18002 ns, Cleanup: 4100 ns, At safepoint: 15303344 ns, Total: 15325446 ns
[2026-01-26T06:45:58.284+0000][66][info ][safepoint   ] Safepoint "Cleanup", Time since last: 1000462802 ns, Reaching safepoint: 278821 ns, Cleanup: 15201 ns, At safepoint: 42603 ns, Total: 336625 ns
[2026-01-26T06:45:59.439+0000][66][info ][safepoint   ] Safepoint "Cleanup", Time since last: 1155154669 ns, Reaching safepoint: 211215 ns, Cleanup: 16002 ns, At safepoint: 75105 ns, Total: 302322 ns
[2026-01-26T06:46:02.438+0000][66][info ][safepoint   ] Safepoint "Cleanup", Time since last: 3000761760 ns, Reaching safepoint: 17801 ns, Cleanup: 11801 ns, At safepoint: 3500 ns, Total: 33102 ns
[2026-01-26T06:46:04.335+0000][66][info ][safepoint   ] Safepoint "Cleanup", Time since last: 1896431996 ns, Reaching safepoint: 113009 ns, Cleanup: 13301 ns, At safepoint: 52804 ns, Total: 179114 ns
[2026-01-26T06:46:05.156+0000][66][info ][gc,start    ] GC(203) Pause Young (Normal) (G1 Evacuation Pause)
[2026-01-26T06:46:05.157+0000][66][info ][gc,task     ] GC(203) Using 6 workers of 6 for evacuation
[2026-01-26T06:46:05.157+0000][66][debug][gc,age      ] GC(203) Desired survivor size 41943040 bytes, new threshold 15 (max threshold 15)
[2026-01-26T06:46:05.166+0000][66][info ][gc,phases   ] GC(203)   Pre Evacuate Collection Set: 0.4ms
[2026-01-26T06:46:05.167+0000][66][info ][gc,phases   ] GC(203)   Merge Heap Roots: 0.3ms
[2026-01-26T06:46:05.167+0000][66][info ][gc,phases   ] GC(203)   Evacuate Collection Set: 6.3ms
[2026-01-26T06:46:05.167+0000][66][info ][gc,phases   ] GC(203)   Post Evacuate Collection Set: 1.6ms
[2026-01-26T06:46:05.168+0000][66][info ][gc,phases   ] GC(203)   Other: 0.7ms
[2026-01-26T06:46:05.168+0000][66][trace][gc,age      ] GC(203) Age table with threshold 15 (max threshold 15)
[2026-01-26T06:46:05.168+0000][66][trace][gc,age      ] GC(203) - age   1:   10321368 bytes,   10321368 total
[2026-01-26T06:46:05.169+0000][66][trace][gc,age      ] GC(203) - age   2:    3706936 bytes,   14028304 total
[2026-01-26T06:46:05.169+0000][66][trace][gc,age      ] GC(203) - age   3:    1541728 bytes,   15570032 total
[2026-01-26T06:46:05.170+0000][66][trace][gc,age      ] GC(203) - age   4:        560 bytes,   15570592 total
[2026-01-26T06:46:05.170+0000][66][trace][gc,age      ] GC(203) - age   5:     386448 bytes,   15957040 total
[2026-01-26T06:46:05.170+0000][66][trace][gc,age      ] GC(203) - age   6:     807424 bytes,   16764464 total
[2026-01-26T06:46:05.171+0000][66][trace][gc,age      ] GC(203) - age   7:     172416 bytes,   16936880 total
[2026-01-26T06:46:05.171+0000][66][trace][gc,age      ] GC(203) - age   8:      76104 bytes,   17012984 total
[2026-01-26T06:46:05.172+0000][66][trace][gc,age      ] GC(203) - age   9:       2232 bytes,   17015216 total
[2026-01-26T06:46:05.172+0000][66][trace][gc,age      ] GC(203) - age  10:        832 bytes,   17016048 total
[2026-01-26T06:46:05.173+0000][66][trace][gc,age      ] GC(203) - age  11:      61456 bytes,   17077504 total
[2026-01-26T06:46:05.173+0000][66][trace][gc,age      ] GC(203) - age  12:        712 bytes,   17078216 total
[2026-01-26T06:46:05.173+0000][66][trace][gc,age      ] GC(203) - age  13:      62072 bytes,   17140288 total
[2026-01-26T06:46:05.174+0000][66][trace][gc,age      ] GC(203) - age  14:        920 bytes,   17141208 total
[2026-01-26T06:46:05.174+0000][66][trace][gc,age      ] GC(203) - age  15:        192 bytes,   17141400 total
[2026-01-26T06:46:05.175+0000][66][info ][gc,heap     ] GC(203) Eden regions: 149->0(148)
[2026-01-26T06:46:05.175+0000][66][info ][gc,heap     ] GC(203) Survivor regions: 4->5(20)
[2026-01-26T06:46:05.175+0000][66][info ][gc,heap     ] GC(203) Old regions: 69->69
[2026-01-26T06:46:05.176+0000][66][info ][gc,heap     ] GC(203) Humongous regions: 0->0
[2026-01-26T06:46:05.176+0000][66][info ][gc,metaspace] GC(203) Metaspace: 133075K(136512K)->133075K(136512K) NonClass: 115305K(117120K)->115305K(117120K) Class: 17770K(19392K)->17770K(19392K)
[2026-01-26T06:46:05.177+0000][66][info ][gc          ] GC(203) Pause Young (Normal) (G1 Evacuation Pause) 885M->293M(1024M) 20.317ms
[2026-01-26T06:46:05.177+0000][66][info ][gc,cpu      ] GC(203) User=0.03s Sys=0.01s Real=0.02s
[2026-01-26T06:46:05.178+0000][66][info ][safepoint   ] Safepoint "G1CollectForAllocation", Time since last: 821788516 ns, Reaching safepoint: 21701 ns, Cleanup: 5601 ns, At safepoint: 21398894 ns, Total: 21426196 ns
[2026-01-26T06:46:07.070+0000][66][info ][safepoint   ] Safepoint "Cleanup", Time since last: 1892070942 ns, Reaching safepoint: 177714 ns, Cleanup: 11801 ns, At safepoint: 65104 ns, Total: 254619 ns
[2026-01-26T06:46:16.430+0000][66][info ][gc,start    ] GC(204) Pause Young (Normal) (G1 Evacuation Pause)
[2026-01-26T06:46:16.431+0000][66][info ][gc,task     ] GC(204) Using 6 workers of 6 for evacuation
[2026-01-26T06:46:16.431+0000][66][debug][gc,age      ] GC(204) Desired survivor size 41943040 bytes, new threshold 15 (max threshold 15)
[2026-01-26T06:46:16.441+0000][66][info ][gc,phases   ] GC(204)   Pre Evacuate Collection Set: 0.4ms
[2026-01-26T06:46:16.442+0000][66][info ][gc,phases   ] GC(204)   Merge Heap Roots: 0.1ms
[2026-01-26T06:46:16.442+0000][66][info ][gc,phases   ] GC(204)   Evacuate Collection Set: 7.8ms
[2026-01-26T06:46:16.442+0000][66][info ][gc,phases   ] GC(204)   Post Evacuate Collection Set: 1.2ms
[2026-01-26T06:46:16.443+0000][66][info ][gc,phases   ] GC(204)   Other: 0.9ms
[2026-01-26T06:46:16.443+0000][66][trace][gc,age      ] GC(204) Age table with threshold 15 (max threshold 15)
[2026-01-26T06:46:16.444+0000][66][trace][gc,age      ] GC(204) - age   1:   21283136 bytes,   21283136 total
[2026-01-26T06:46:16.444+0000][66][trace][gc,age      ] GC(204) - age   2:    1613976 bytes,   22897112 total
[2026-01-26T06:46:16.445+0000][66][trace][gc,age      ] GC(204) - age   3:     160360 bytes,   23057472 total
[2026-01-26T06:46:16.445+0000][66][trace][gc,age      ] GC(204) - age   4:      12040 bytes,   23069512 total
[2026-01-26T06:46:16.445+0000][66][trace][gc,age      ] GC(204) - age   5:        560 bytes,   23070072 total
[2026-01-26T06:46:16.446+0000][66][trace][gc,age      ] GC(204) - age   6:        728 bytes,   23070800 total
[2026-01-26T06:46:16.446+0000][66][trace][gc,age      ] GC(204) - age   7:      64728 bytes,   23135528 total
[2026-01-26T06:46:16.446+0000][66][trace][gc,age      ] GC(204) - age   8:     172392 bytes,   23307920 total
[2026-01-26T06:46:16.447+0000][66][trace][gc,age      ] GC(204) - age   9:      75768 bytes,   23383688 total
[2026-01-26T06:46:16.447+0000][66][trace][gc,age      ] GC(204) - age  10:       2232 bytes,   23385920 total
[2026-01-26T06:46:16.447+0000][66][trace][gc,age      ] GC(204) - age  11:        552 bytes,   23386472 total
[2026-01-26T06:46:16.448+0000][66][trace][gc,age      ] GC(204) - age  12:      61136 bytes,   23447608 total
[2026-01-26T06:46:16.448+0000][66][trace][gc,age      ] GC(204) - age  13:        536 bytes,   23448144 total
[2026-01-26T06:46:16.448+0000][66][trace][gc,age      ] GC(204) - age  14:      61704 bytes,   23509848 total
[2026-01-26T06:46:16.448+0000][66][trace][gc,age      ] GC(204) - age  15:        920 bytes,   23510768 total
[2026-01-26T06:46:16.449+0000][66][info ][gc,heap     ] GC(204) Eden regions: 148->0(146)
[2026-01-26T06:46:16.449+0000][66][info ][gc,heap     ] GC(204) Survivor regions: 5->7(20)
[2026-01-26T06:46:16.449+0000][66][info ][gc,heap     ] GC(204) Old regions: 69->69
[2026-01-26T06:46:16.450+0000][66][info ][gc,heap     ] GC(204) Humongous regions: 0->0
[2026-01-26T06:46:16.450+0000][66][info ][gc,metaspace] GC(204) Metaspace: 133077K(136512K)->133077K(136512K) NonClass: 115306K(117120K)->115306K(117120K) Class: 17770K(19392K)->17770K(19392K)
[2026-01-26T06:46:16.450+0000][66][info ][gc          ] GC(204) Pause Young (Normal) (G1 Evacuation Pause) 885M->300M(1024M) 20.032ms
[2026-01-26T06:46:16.451+0000][66][info ][gc,cpu      ] GC(204) User=0.04s Sys=0.00s Real=0.02s
[2026-01-26T06:46:16.451+0000][66][info ][safepoint   ] Safepoint "G1CollectForAllocation", Time since last: 9360018150 ns, Reaching safepoint: 16801 ns, Cleanup: 14101 ns, At safepoint: 20818794 ns, Total: 20849696 ns
[2026-01-26T06:46:17.782+0000][66][info ][safepoint   ] Safepoint "Cleanup", Time since last: 1331162600 ns, Reaching safepoint: 29002 ns, Cleanup: 9201 ns, At safepoint: 3400 ns, Total: 41603 ns
[2026-01-26T06:46:18.949+0000][66][info ][safepoint   ] Safepoint "Cleanup", Time since last: 1166350183 ns, Reaching safepoint: 9301 ns, Cleanup: 7400 ns, At safepoint: 3601 ns, Total: 20302 ns
[2026-01-26T06:46:19.996+0000][66][info ][safepoint   ] Safepoint "Cleanup", Time since last: 1047445209 ns, Reaching safepoint: 20302 ns, Cleanup: 13301 ns, At safepoint: 4100 ns, Total: 37703 ns
[2026-01-26T06:46:21.879+0000][66][info ][gc,start    ] GC(205) Pause Young (Normal) (G1 Evacuation Pause)
[2026-01-26T06:46:21.880+0000][66][info ][gc,task     ] GC(205) Using 6 workers of 6 for evacuation
[2026-01-26T06:46:21.880+0000][66][debug][gc,age      ] GC(205) Desired survivor size 41943040 bytes, new threshold 15 (max threshold 15)
[2026-01-26T06:46:21.888+0000][66][info ][gc,phases   ] GC(205)   Pre Evacuate Collection Set: 0.4ms
[2026-01-26T06:46:21.889+0000][66][info ][gc,phases   ] GC(205)   Merge Heap Roots: 0.1ms
[2026-01-26T06:46:21.889+0000][66][info ][gc,phases   ] GC(205)   Evacuate Collection Set: 5.6ms
[2026-01-26T06:46:21.889+0000][66][info ][gc,phases   ] GC(205)   Post Evacuate Collection Set: 1.2ms
[2026-01-26T06:46:21.890+0000][66][info ][gc,phases   ] GC(205)   Other: 0.9ms
[2026-01-26T06:46:21.890+0000][66][trace][gc,age      ] GC(205) Age table with threshold 15 (max threshold 15)
[2026-01-26T06:46:21.890+0000][66][trace][gc,age      ] GC(205) - age   1:   15092064 bytes,   15092064 total
[2026-01-26T06:46:21.891+0000][66][trace][gc,age      ] GC(205) - age   2:     673240 bytes,   15765304 total
[2026-01-26T06:46:21.891+0000][66][trace][gc,age      ] GC(205) - age   3:       6144 bytes,   15771448 total
[2026-01-26T06:46:21.892+0000][66][trace][gc,age      ] GC(205) - age   4:     158280 bytes,   15929728 total
[2026-01-26T06:46:21.892+0000][66][trace][gc,age      ] GC(205) - age   5:      12016 bytes,   15941744 total
[2026-01-26T06:46:21.892+0000][66][trace][gc,age      ] GC(205) - age   6:        560 bytes,   15942304 total
[2026-01-26T06:46:21.892+0000][66][trace][gc,age      ] GC(205) - age   7:        112 bytes,   15942416 total
[2026-01-26T06:46:21.893+0000][66][trace][gc,age      ] GC(205) - age   8:      64632 bytes,   16007048 total
[2026-01-26T06:46:21.893+0000][66][trace][gc,age      ] GC(205) - age   9:     172392 bytes,   16179440 total
[2026-01-26T06:46:21.893+0000][66][trace][gc,age      ] GC(205) - age  10:      16016 bytes,   16195456 total
[2026-01-26T06:46:21.894+0000][66][trace][gc,age      ] GC(205) - age  11:       1984 bytes,   16197440 total
[2026-01-26T06:46:21.894+0000][66][trace][gc,age      ] GC(205) - age  12:        368 bytes,   16197808 total
[2026-01-26T06:46:21.894+0000][66][trace][gc,age      ] GC(205) - age  13:       1064 bytes,   16198872 total
[2026-01-26T06:46:21.895+0000][66][trace][gc,age      ] GC(205) - age  14:        536 bytes,   16199408 total
[2026-01-26T06:46:21.895+0000][66][trace][gc,age      ] GC(205) - age  15:       1888 bytes,   16201296 total
[2026-01-26T06:46:21.895+0000][66][info ][gc,heap     ] GC(205) Eden regions: 146->0(148)
[2026-01-26T06:46:21.895+0000][66][info ][gc,heap     ] GC(205) Survivor regions: 7->5(20)
[2026-01-26T06:46:21.896+0000][66][info ][gc,heap     ] GC(205) Old regions: 69->69
[2026-01-26T06:46:21.896+0000][66][info ][gc,heap     ] GC(205) Humongous regions: 0->0
[2026-01-26T06:46:21.896+0000][66][info ][gc,metaspace] GC(205) Metaspace: 133081K(136512K)->133081K(136512K) NonClass: 115310K(117120K)->115310K(117120K) Class: 17770K(19392K)->17770K(19392K)
[2026-01-26T06:46:21.897+0000][66][info ][gc          ] GC(205) Pause Young (Normal) (G1 Evacuation Pause) 884M->293M(1024M) 17.209ms
[2026-01-26T06:46:21.897+0000][66][info ][gc,cpu      ] GC(205) User=0.02s Sys=0.00s Real=0.02s
[2026-01-26T06:46:21.897+0000][66][info ][safepoint   ] Safepoint "G1CollectForAllocation", Time since last: 1883376311 ns, Reaching safepoint: 18701 ns, Cleanup: 5001 ns, At safepoint: 17965178 ns, Total: 17988880 ns
[2026-01-26T06:46:27.538+0000][66][info ][gc,start    ] GC(206) Pause Young (Normal) (G1 Evacuation Pause)
[2026-01-26T06:46:27.539+0000][66][info ][gc,task     ] GC(206) Using 6 workers of 6 for evacuation
[2026-01-26T06:46:27.539+0000][66][debug][gc,age      ] GC(206) Desired survivor size 41943040 bytes, new threshold 15 (max threshold 15)
[2026-01-26T06:46:27.552+0000][66][info ][gc,phases   ] GC(206)   Pre Evacuate Collection Set: 0.5ms
[2026-01-26T06:46:27.553+0000][66][info ][gc,phases   ] GC(206)   Merge Heap Roots: 0.3ms
[2026-01-26T06:46:27.553+0000][66][info ][gc,phases   ] GC(206)   Evacuate Collection Set: 9.7ms
[2026-01-26T06:46:27.553+0000][66][info ][gc,phases   ] GC(206)   Post Evacuate Collection Set: 1.5ms
[2026-01-26T06:46:27.554+0000][66][info ][gc,phases   ] GC(206)   Other: 1.3ms
[2026-01-26T06:46:27.554+0000][66][trace][gc,age      ] GC(206) Age table with threshold 15 (max threshold 15)
[2026-01-26T06:46:27.555+0000][66][trace][gc,age      ] GC(206) - age   1:   23808096 bytes,   23808096 total
[2026-01-26T06:46:27.555+0000][66][trace][gc,age      ] GC(206) - age   2:    9564312 bytes,   33372408 total
[2026-01-26T06:46:27.555+0000][66][trace][gc,age      ] GC(206) - age   3:     671408 bytes,   34043816 total
[2026-01-26T06:46:27.556+0000][66][trace][gc,age      ] GC(206) - age   4:       6144 bytes,   34049960 total
[2026-01-26T06:46:27.556+0000][66][trace][gc,age      ] GC(206) - age   5:     158104 bytes,   34208064 total
[2026-01-26T06:46:27.557+0000][66][trace][gc,age      ] GC(206) - age   6:      11992 bytes,   34220056 total
[2026-01-26T06:46:27.557+0000][66][trace][gc,age      ] GC(206) - age   7:        560 bytes,   34220616 total
[2026-01-26T06:46:27.558+0000][66][trace][gc,age      ] GC(206) - age   8:        112 bytes,   34220728 total
[2026-01-26T06:46:27.558+0000][66][trace][gc,age      ] GC(206) - age   9:      64632 bytes,   34285360 total
[2026-01-26T06:46:27.558+0000][66][trace][gc,age      ] GC(206) - age  10:     172144 bytes,   34457504 total
[2026-01-26T06:46:27.559+0000][66][trace][gc,age      ] GC(206) - age  11:      14048 bytes,   34471552 total
[2026-01-26T06:46:27.559+0000][66][trace][gc,age      ] GC(206) - age  12:       1600 bytes,   34473152 total
[2026-01-26T06:46:27.559+0000][66][trace][gc,age      ] GC(206) - age  13:        192 bytes,   34473344 total
[2026-01-26T06:46:27.560+0000][66][trace][gc,age      ] GC(206) - age  14:       1064 bytes,   34474408 total
[2026-01-26T06:46:27.560+0000][66][trace][gc,age      ] GC(206) - age  15:        464 bytes,   34474872 total
[2026-01-26T06:46:27.560+0000][66][info ][gc,heap     ] GC(206) Eden regions: 148->0(142)
[2026-01-26T06:46:27.561+0000][66][info ][gc,heap     ] GC(206) Survivor regions: 5->9(20)
[2026-01-26T06:46:27.561+0000][66][info ][gc,heap     ] GC(206) Old regions: 69->69
[2026-01-26T06:46:27.562+0000][66][info ][gc,heap     ] GC(206) Humongous regions: 0->0
[2026-01-26T06:46:27.562+0000][66][info ][gc,metaspace] GC(206) Metaspace: 133081K(136512K)->133081K(136512K) NonClass: 115310K(117120K)->115310K(117120K) Class: 17770K(19392K)->17770K(19392K)
[2026-01-26T06:46:27.562+0000][66][info ][gc          ] GC(206) Pause Young (Normal) (G1 Evacuation Pause) 885M->310M(1024M) 24.230ms
[2026-01-26T06:46:27.563+0000][66][info ][gc,cpu      ] GC(206) User=0.05s Sys=0.00s Real=0.02s
[2026-01-26T06:46:27.563+0000][66][info ][safepoint   ] Safepoint "G1CollectForAllocation", Time since last: 5640721132 ns, Reaching safepoint: 20502 ns, Cleanup: 5000 ns, At safepoint: 25287821 ns, Total: 25313323 ns
[2026-01-26T06:46:29.691+0000][66][info ][safepoint   ] Safepoint "Cleanup", Time since last: 2127563264 ns, Reaching safepoint: 146611 ns, Cleanup: 11901 ns, At safepoint: 88107 ns, Total: 246619 ns
[2026-01-26T06:46:30.699+0000][66][info ][safepoint   ] Safepoint "Cleanup", Time since last: 1007794077 ns, Reaching safepoint: 162512 ns, Cleanup: 21202 ns, At safepoint: 65805 ns, Total: 249519 ns
[2026-01-26T06:46:31.840+0000][66][info ][safepoint   ] Safepoint "Cleanup", Time since last: 1143475986 ns, Reaching safepoint: 8001 ns, Cleanup: 20602 ns, At safepoint: 2700 ns, Total: 31303 ns
[2026-01-26T06:46:32.027+0000][66][info ][gc,start    ] GC(207) Pause Young (Normal) (G1 Evacuation Pause)
[2026-01-26T06:46:32.027+0000][66][info ][gc,task     ] GC(207) Using 6 workers of 6 for evacuation
[2026-01-26T06:46:32.027+0000][66][debug][gc,age      ] GC(207) Desired survivor size 39845888 bytes, new threshold 15 (max threshold 15)
[2026-01-26T06:46:32.041+0000][66][info ][gc,phases   ] GC(207)   Pre Evacuate Collection Set: 0.3ms
[2026-01-26T06:46:32.041+0000][66][info ][gc,phases   ] GC(207)   Merge Heap Roots: 0.1ms
[2026-01-26T06:46:32.041+0000][66][info ][gc,phases   ] GC(207)   Evacuate Collection Set: 11.3ms
[2026-01-26T06:46:32.042+0000][66][info ][gc,phases   ] GC(207)   Post Evacuate Collection Set: 1.2ms
[2026-01-26T06:46:32.042+0000][66][info ][gc,phases   ] GC(207)   Other: 0.6ms
[2026-01-26T06:46:32.043+0000][66][trace][gc,age      ] GC(207) Age table with threshold 15 (max threshold 15)
[2026-01-26T06:46:32.043+0000][66][trace][gc,age      ] GC(207) - age   1:   21300408 bytes,   21300408 total
[2026-01-26T06:46:32.043+0000][66][trace][gc,age      ] GC(207) - age   2:   14611752 bytes,   35912160 total
[2026-01-26T06:46:32.044+0000][66][trace][gc,age      ] GC(207) - age   3:    8608624 bytes,   44520784 total
[2026-01-26T06:46:32.044+0000][66][trace][gc,age      ] GC(207) - age   4:     467904 bytes,   44988688 total
[2026-01-26T06:46:32.044+0000][66][trace][gc,age      ] GC(207) - age   5:       4672 bytes,   44993360 total
[2026-01-26T06:46:32.045+0000][66][trace][gc,age      ] GC(207) - age   6:     157184 bytes,   45150544 total
[2026-01-26T06:46:32.045+0000][66][trace][gc,age      ] GC(207) - age   7:       3144 bytes,   45153688 total
[2026-01-26T06:46:32.045+0000][66][trace][gc,age      ] GC(207) - age   8:        560 bytes,   45154248 total
[2026-01-26T06:46:32.045+0000][66][trace][gc,age      ] GC(207) - age   9:        112 bytes,   45154360 total
[2026-01-26T06:46:32.046+0000][66][trace][gc,age      ] GC(207) - age  10:      64632 bytes,   45218992 total
[2026-01-26T06:46:32.046+0000][66][trace][gc,age      ] GC(207) - age  11:     171672 bytes,   45390664 total
[2026-01-26T06:46:32.046+0000][66][trace][gc,age      ] GC(207) - age  12:      13992 bytes,   45404656 total
[2026-01-26T06:46:32.046+0000][66][trace][gc,age      ] GC(207) - age  13:       1600 bytes,   45406256 total
[2026-01-26T06:46:32.047+0000][66][trace][gc,age      ] GC(207) - age  14:        192 bytes,   45406448 total
[2026-01-26T06:46:32.047+0000][66][trace][gc,age      ] GC(207) - age  15:       1064 bytes,   45407512 total
[2026-01-26T06:46:32.048+0000][66][info ][gc,heap     ] GC(207) Eden regions: 142->0(136)
[2026-01-26T06:46:32.048+0000][66][info ][gc,heap     ] GC(207) Survivor regions: 9->12(19)
[2026-01-26T06:46:32.048+0000][66][info ][gc,heap     ] GC(207) Old regions: 69->69
[2026-01-26T06:46:32.049+0000][66][info ][gc,heap     ] GC(207) Humongous regions: 0->0
[2026-01-26T06:46:32.049+0000][66][info ][gc,metaspace] GC(207) Metaspace: 133081K(136512K)->133081K(136512K) NonClass: 115310K(117120K)->115310K(117120K) Class: 17770K(19392K)->17770K(19392K)
[2026-01-26T06:46:32.049+0000][66][info ][gc          ] GC(207) Pause Young (Normal) (G1 Evacuation Pause) 878M->323M(1024M) 22.489ms
[2026-01-26T06:46:32.050+0000][66][info ][gc,cpu      ] GC(207) User=0.07s Sys=0.00s Real=0.02s
[2026-01-26T06:46:32.050+0000][66][info ][safepoint   ] Safepoint "G1CollectForAllocation", Time since last: 186858198 ns, Reaching safepoint: 17201 ns, Cleanup: 3601 ns, At safepoint: 23390277 ns, Total: 23411079 ns
[2026-01-26T06:46:33.520+0000][66][info ][safepoint   ] Safepoint "Cleanup", Time since last: 1469791982 ns, Reaching safepoint: 9201 ns, Cleanup: 15601 ns, At safepoint: 4501 ns, Total: 29303 ns
[2026-01-26T06:46:34.822+0000][66][info ][safepoint   ] Safepoint "Cleanup", Time since last: 1301966030 ns, Reaching safepoint: 193015 ns, Cleanup: 23101 ns, At safepoint: 53404 ns, Total: 269520 ns
[2026-01-26T06:46:36.755+0000][66][info ][gc,start    ] GC(208) Pause Young (Normal) (G1 Evacuation Pause)
[2026-01-26T06:46:36.756+0000][66][info ][gc,task     ] GC(208) Using 6 workers of 6 for evacuation
[2026-01-26T06:46:36.756+0000][66][debug][gc,age      ] GC(208) Desired survivor size 39845888 bytes, new threshold 3 (max threshold 15)
[2026-01-26T06:46:36.766+0000][66][info ][gc,phases   ] GC(208)   Pre Evacuate Collection Set: 0.4ms
[2026-01-26T06:46:36.767+0000][66][info ][gc,phases   ] GC(208)   Merge Heap Roots: 0.2ms
[2026-01-26T06:46:36.767+0000][66][info ][gc,phases   ] GC(208)   Evacuate Collection Set: 8.0ms
[2026-01-26T06:46:36.768+0000][66][info ][gc,phases   ] GC(208)   Post Evacuate Collection Set: 1.2ms
[2026-01-26T06:46:36.768+0000][66][info ][gc,phases   ] GC(208)   Other: 0.9ms
[2026-01-26T06:46:36.769+0000][66][trace][gc,age      ] GC(208) Age table with threshold 3 (max threshold 15)
[2026-01-26T06:46:36.769+0000][66][trace][gc,age      ] GC(208) - age   1:    9291544 bytes,    9291544 total
[2026-01-26T06:46:36.770+0000][66][trace][gc,age      ] GC(208) - age   2:    1142160 bytes,   10433704 total
[2026-01-26T06:46:36.770+0000][66][trace][gc,age      ] GC(208) - age   3:       4232 bytes,   10437936 total
[2026-01-26T06:46:36.770+0000][66][info ][gc,heap     ] GC(208) Eden regions: 136->0(149)
[2026-01-26T06:46:36.771+0000][66][info ][gc,heap     ] GC(208) Survivor regions: 12->4(19)
[2026-01-26T06:46:36.771+0000][66][info ][gc,heap     ] GC(208) Old regions: 69->70
[2026-01-26T06:46:36.772+0000][66][info ][gc,heap     ] GC(208) Humongous regions: 0->0
[2026-01-26T06:46:36.772+0000][66][info ][gc,metaspace] GC(208) Metaspace: 133088K(136512K)->133088K(136512K) NonClass: 115317K(117120K)->115317K(117120K) Class: 17770K(19392K)->17770K(19392K)
[2026-01-26T06:46:36.773+0000][66][info ][gc          ] GC(208) Pause Young (Normal) (G1 Evacuation Pause) 867M->289M(1024M) 18.151ms
[2026-01-26T06:46:36.773+0000][66][info ][gc,cpu      ] GC(208) User=0.03s Sys=0.00s Real=0.02s
[2026-01-26T06:46:36.774+0000][66][info ][safepoint   ] Safepoint "G1CollectForAllocation", Time since last: 1932189354 ns, Reaching safepoint: 18602 ns, Cleanup: 5000 ns, At safepoint: 19195811 ns, Total: 19219413 ns
[2026-01-26T06:46:37.775+0000][66][info ][safepoint   ] Safepoint "Cleanup", Time since last: 1000614964 ns, Reaching safepoint: 147711 ns, Cleanup: 16901 ns, At safepoint: 78906 ns, Total: 243518 ns
[2026-01-26T06:46:41.776+0000][66][info ][safepoint   ] Safepoint "Cleanup", Time since last: 4001274869 ns, Reaching safepoint: 18402 ns, Cleanup: 11300 ns, At safepoint: 38403 ns, Total: 68105 ns
[2026-01-26T06:46:42.777+0000][66][info ][safepoint   ] Safepoint "Cleanup", Time since last: 1000708571 ns, Reaching safepoint: 136310 ns, Cleanup: 13001 ns, At safepoint: 92907 ns, Total: 242218 ns
[2026-01-26T06:46:43.442+0000][66][info ][gc,start    ] GC(209) Pause Young (Normal) (G1 Evacuation Pause)
[2026-01-26T06:46:43.442+0000][66][info ][gc,task     ] GC(209) Using 6 workers of 6 for evacuation
[2026-01-26T06:46:43.443+0000][66][debug][gc,age      ] GC(209) Desired survivor size 41943040 bytes, new threshold 15 (max threshold 15)
[2026-01-26T06:46:43.452+0000][66][info ][gc,phases   ] GC(209)   Pre Evacuate Collection Set: 0.5ms
[2026-01-26T06:46:43.452+0000][66][info ][gc,phases   ] GC(209)   Merge Heap Roots: 0.2ms
[2026-01-26T06:46:43.453+0000][66][info ][gc,phases   ] GC(209)   Evacuate Collection Set: 6.9ms
[2026-01-26T06:46:43.453+0000][66][info ][gc,phases   ] GC(209)   Post Evacuate Collection Set: 1.0ms
[2026-01-26T06:46:43.453+0000][66][info ][gc,phases   ] GC(209)   Other: 0.8ms
[2026-01-26T06:46:43.454+0000][66][trace][gc,age      ] GC(209) Age table with threshold 15 (max threshold 15)
[2026-01-26T06:46:43.454+0000][66][trace][gc,age      ] GC(209) - age   1:   17214384 bytes,   17214384 total
[2026-01-26T06:46:43.455+0000][66][trace][gc,age      ] GC(209) - age   2:    4448976 bytes,   21663360 total
[2026-01-26T06:46:43.455+0000][66][trace][gc,age      ] GC(209) - age   3:     261712 bytes,   21925072 total
[2026-01-26T06:46:43.455+0000][66][trace][gc,age      ] GC(209) - age   4:       4048 bytes,   21929120 total
[2026-01-26T06:46:43.456+0000][66][info ][gc,heap     ] GC(209) Eden regions: 149->0(147)
[2026-01-26T06:46:43.456+0000][66][info ][gc,heap     ] GC(209) Survivor regions: 4->6(20)
[2026-01-26T06:46:43.456+0000][66][info ][gc,heap     ] GC(209) Old regions: 70->70
[2026-01-26T06:46:43.457+0000][66][info ][gc,heap     ] GC(209) Humongous regions: 0->0
[2026-01-26T06:46:43.457+0000][66][info ][gc,metaspace] GC(209) Metaspace: 133089K(136512K)->133089K(136512K) NonClass: 115318K(117120K)->115318K(117120K) Class: 17770K(19392K)->17770K(19392K)
[2026-01-26T06:46:43.457+0000][66][info ][gc          ] GC(209) Pause Young (Normal) (G1 Evacuation Pause) 885M->299M(1024M) 15.270ms
[2026-01-26T06:46:43.457+0000][66][info ][gc,cpu      ] GC(209) User=0.04s Sys=0.00s Real=0.02s
[2026-01-26T06:46:43.458+0000][66][info ][safepoint   ] Safepoint "G1CollectForAllocation", Time since last: 664820588 ns, Reaching safepoint: 135411 ns, Cleanup: 5400 ns, At safepoint: 15978429 ns, Total: 16119240 ns
[2026-01-26T06:46:45.362+0000][66][info ][safepoint   ] Safepoint "Cleanup", Time since last: 1904364719 ns, Reaching safepoint: 19201 ns, Cleanup: 13301 ns, At safepoint: 3901 ns, Total: 36403 ns
[2026-01-26T06:46:51.288+0000][66][info ][gc,start    ] GC(210) Pause Young (Normal) (G1 Evacuation Pause)
[2026-01-26T06:46:51.288+0000][66][info ][gc,task     ] GC(210) Using 6 workers of 6 for evacuation
[2026-01-26T06:46:51.289+0000][66][debug][gc,age      ] GC(210) Desired survivor size 41943040 bytes, new threshold 15 (max threshold 15)
[2026-01-26T06:46:51.298+0000][66][info ][gc,phases   ] GC(210)   Pre Evacuate Collection Set: 0.3ms
[2026-01-26T06:46:51.299+0000][66][info ][gc,phases   ] GC(210)   Merge Heap Roots: 0.1ms
[2026-01-26T06:46:51.299+0000][66][info ][gc,phases   ] GC(210)   Evacuate Collection Set: 7.8ms
[2026-01-26T06:46:51.299+0000][66][info ][gc,phases   ] GC(210)   Post Evacuate Collection Set: 1.1ms
[2026-01-26T06:46:51.300+0000][66][info ][gc,phases   ] GC(210)   Other: 0.7ms
[2026-01-26T06:46:51.300+0000][66][trace][gc,age      ] GC(210) Age table with threshold 15 (max threshold 15)
[2026-01-26T06:46:51.300+0000][66][trace][gc,age      ] GC(210) - age   1:   19055336 bytes,   19055336 total
[2026-01-26T06:46:51.301+0000][66][trace][gc,age      ] GC(210) - age   2:    1877024 bytes,   20932360 total
[2026-01-26T06:46:51.301+0000][66][trace][gc,age      ] GC(210) - age   3:     145280 bytes,   21077640 total
[2026-01-26T06:46:51.302+0000][66][trace][gc,age      ] GC(210) - age   4:     261680 bytes,   21339320 total
[2026-01-26T06:46:51.302+0000][66][trace][gc,age      ] GC(210) - age   5:       4048 bytes,   21343368 total
[2026-01-26T06:46:51.303+0000][66][info ][gc,heap     ] GC(210) Eden regions: 147->0(147)
[2026-01-26T06:46:51.303+0000][66][info ][gc,heap     ] GC(210) Survivor regions: 6->6(20)
[2026-01-26T06:46:51.304+0000][66][info ][gc,heap     ] GC(210) Old regions: 70->70
[2026-01-26T06:46:51.304+0000][66][info ][gc,heap     ] GC(210) Humongous regions: 0->0
[2026-01-26T06:46:51.304+0000][66][info ][gc,metaspace] GC(210) Metaspace: 133089K(136512K)->133089K(136512K) NonClass: 115319K(117120K)->115319K(117120K) Class: 17770K(19392K)->17770K(19392K)
[2026-01-26T06:46:51.305+0000][66][info ][gc          ] GC(210) Pause Young (Normal) (G1 Evacuation Pause) 887M->300M(1024M) 16.985ms
[2026-01-26T06:46:51.305+0000][66][info ][gc,cpu      ] GC(210) User=0.04s Sys=0.00s Real=0.02s
[2026-01-26T06:46:51.306+0000][66][info ][safepoint   ] Safepoint "G1CollectForAllocation", Time since last: 5925619107 ns, Reaching safepoint: 17001 ns, Cleanup: 4700 ns, At safepoint: 17916279 ns, Total: 17937980 ns
[2026-01-26T06:46:55.220+0000][66][info ][safepoint   ] Safepoint "Cleanup", Time since last: 3914559408 ns, Reaching safepoint: 30602 ns, Cleanup: 5901 ns, At safepoint: 2600 ns, Total: 39103 ns
[2026-01-26T06:46:55.824+0000][66][info ][gc,start    ] GC(211) Pause Young (Normal) (G1 Evacuation Pause)
[2026-01-26T06:46:55.825+0000][66][info ][gc,task     ] GC(211) Using 6 workers of 6 for evacuation
[2026-01-26T06:46:55.825+0000][66][debug][gc,age      ] GC(211) Desired survivor size 41943040 bytes, new threshold 15 (max threshold 15)
[2026-01-26T06:46:55.836+0000][66][info ][gc,phases   ] GC(211)   Pre Evacuate Collection Set: 0.4ms
[2026-01-26T06:46:55.837+0000][66][info ][gc,phases   ] GC(211)   Merge Heap Roots: 0.1ms
[2026-01-26T06:46:55.837+0000][66][info ][gc,phases   ] GC(211)   Evacuate Collection Set: 8.8ms
[2026-01-26T06:46:55.837+0000][66][info ][gc,phases   ] GC(211)   Post Evacuate Collection Set: 1.2ms
[2026-01-26T06:46:55.838+0000][66][info ][gc,phases   ] GC(211)   Other: 0.8ms
[2026-01-26T06:46:55.838+0000][66][trace][gc,age      ] GC(211) Age table with threshold 15 (max threshold 15)
[2026-01-26T06:46:55.839+0000][66][trace][gc,age      ] GC(211) - age   1:   18155424 bytes,   18155424 total
[2026-01-26T06:46:55.839+0000][66][trace][gc,age      ] GC(211) - age   2:   10677416 bytes,   28832840 total
[2026-01-26T06:46:55.839+0000][66][trace][gc,age      ] GC(211) - age   3:    1603136 bytes,   30435976 total
[2026-01-26T06:46:55.840+0000][66][trace][gc,age      ] GC(211) - age   4:     144720 bytes,   30580696 total
[2026-01-26T06:46:55.840+0000][66][trace][gc,age      ] GC(211) - age   5:     261680 bytes,   30842376 total
[2026-01-26T06:46:55.840+0000][66][trace][gc,age      ] GC(211) - age   6:       4048 bytes,   30846424 total
[2026-01-26T06:46:55.841+0000][66][info ][gc,heap     ] GC(211) Eden regions: 147->0(143)
[2026-01-26T06:46:55.841+0000][66][info ][gc,heap     ] GC(211) Survivor regions: 6->8(20)
[2026-01-26T06:46:55.841+0000][66][info ][gc,heap     ] GC(211) Old regions: 70->70
[2026-01-26T06:46:55.842+0000][66][info ][gc,heap     ] GC(211) Humongous regions: 0->0
[2026-01-26T06:46:55.842+0000][66][info ][gc,metaspace] GC(211) Metaspace: 133090K(136512K)->133090K(136512K) NonClass: 115319K(117120K)->115319K(117120K) Class: 17770K(19392K)->17770K(19392K)
[2026-01-26T06:46:55.843+0000][66][info ][gc          ] GC(211) Pause Young (Normal) (G1 Evacuation Pause) 888M->308M(1024M) 18.183ms
[2026-01-26T06:46:55.843+0000][66][info ][gc,cpu      ] GC(211) User=0.04s Sys=0.01s Real=0.02s
[2026-01-26T06:46:55.843+0000][66][info ][safepoint   ] Safepoint "G1CollectForAllocation", Time since last: 603975184 ns, Reaching safepoint: 16401 ns, Cleanup: 13902 ns, At safepoint: 19082478 ns, Total: 19112781 ns
[2026-01-26T06:46:59.149+0000][66][info ][safepoint   ] Safepoint "Cleanup", Time since last: 3305310930 ns, Reaching safepoint: 6301 ns, Cleanup: 14601 ns, At safepoint: 3000 ns, Total: 23902 ns
[2026-01-26T06:47:00.375+0000][66][info ][safepoint   ] Safepoint "Cleanup", Time since last: 1225681466 ns, Reaching safepoint: 270017 ns, Cleanup: 13101 ns, At safepoint: 72905 ns, Total: 356023 ns
[2026-01-26T06:47:01.325+0000][66][info ][gc,start    ] GC(212) Pause Young (Normal) (G1 Evacuation Pause)
[2026-01-26T06:47:01.326+0000][66][info ][gc,task     ] GC(212) Using 6 workers of 6 for evacuation
[2026-01-26T06:47:01.326+0000][66][debug][gc,age      ] GC(212) Desired survivor size 39845888 bytes, new threshold 15 (max threshold 15)
[2026-01-26T06:47:01.335+0000][66][info ][gc,phases   ] GC(212)   Pre Evacuate Collection Set: 0.4ms
[2026-01-26T06:47:01.336+0000][66][info ][gc,phases   ] GC(212)   Merge Heap Roots: 0.2ms
[2026-01-26T06:47:01.336+0000][66][info ][gc,phases   ] GC(212)   Evacuate Collection Set: 6.5ms
[2026-01-26T06:47:01.336+0000][66][info ][gc,phases   ] GC(212)   Post Evacuate Collection Set: 1.2ms
[2026-01-26T06:47:01.337+0000][66][info ][gc,phases   ] GC(212)   Other: 1.1ms
[2026-01-26T06:47:01.337+0000][66][trace][gc,age      ] GC(212) Age table with threshold 15 (max threshold 15)
[2026-01-26T06:47:01.338+0000][66][trace][gc,age      ] GC(212) - age   1:   16183280 bytes,   16183280 total
[2026-01-26T06:47:01.338+0000][66][trace][gc,age      ] GC(212) - age   2:    2572952 bytes,   18756232 total
[2026-01-26T06:47:01.339+0000][66][trace][gc,age      ] GC(212) - age   3:      92984 bytes,   18849216 total
[2026-01-26T06:47:01.339+0000][66][trace][gc,age      ] GC(212) - age   4:     167616 bytes,   19016832 total
[2026-01-26T06:47:01.340+0000][66][trace][gc,age      ] GC(212) - age   5:     142968 bytes,   19159800 total
[2026-01-26T06:47:01.340+0000][66][trace][gc,age      ] GC(212) - age   6:       6360 bytes,   19166160 total
[2026-01-26T06:47:01.340+0000][66][trace][gc,age      ] GC(212) - age   7:       3272 bytes,   19169432 total
[2026-01-26T06:47:01.341+0000][66][info ][gc,heap     ] GC(212) Eden regions: 143->0(148)
[2026-01-26T06:47:01.341+0000][66][info ][gc,heap     ] GC(212) Survivor regions: 8->5(19)
[2026-01-26T06:47:01.341+0000][66][info ][gc,heap     ] GC(212) Old regions: 70->70
[2026-01-26T06:47:01.342+0000][66][info ][gc,heap     ] GC(212) Humongous regions: 0->0
[2026-01-26T06:47:01.342+0000][66][info ][gc,metaspace] GC(212) Metaspace: 133093K(136512K)->133093K(136512K) NonClass: 115323K(117120K)->115323K(117120K) Class: 17770K(19392K)->17770K(19392K)
[2026-01-26T06:47:01.343+0000][66][info ][gc          ] GC(212) Pause Young (Normal) (G1 Evacuation Pause) 880M->296M(1024M) 17.374ms
[2026-01-26T06:47:01.343+0000][66][info ][gc,cpu      ] GC(212) User=0.02s Sys=0.00s Real=0.01s
[2026-01-26T06:47:01.343+0000][66][info ][safepoint   ] Safepoint "G1CollectForAllocation", Time since last: 950272635 ns, Reaching safepoint: 18901 ns, Cleanup: 12201 ns, At safepoint: 18254282 ns, Total: 18285384 ns
[2026-01-26T06:47:02.342+0000][66][info ][safepoint   ] Safepoint "Cleanup", Time since last: 1000490186 ns, Reaching safepoint: 16901 ns, Cleanup: 11501 ns, At safepoint: 3100 ns, Total: 31502 ns
[2026-01-26T06:47:03.685+0000][66][info ][safepoint   ] Safepoint "Cleanup", Time since last: 1342683345 ns, Reaching safepoint: 118008 ns, Cleanup: 10501 ns, At safepoint: 34202 ns, Total: 162711 ns
[2026-01-26T06:47:06.799+0000][66][info ][gc,start    ] GC(213) Pause Young (Normal) (G1 Evacuation Pause)
[2026-01-26T06:47:06.800+0000][66][info ][gc,task     ] GC(213) Using 6 workers of 6 for evacuation
[2026-01-26T06:47:06.800+0000][66][debug][gc,age      ] GC(213) Desired survivor size 41943040 bytes, new threshold 15 (max threshold 15)
[2026-01-26T06:47:06.814+0000][66][info ][gc,phases   ] GC(213)   Pre Evacuate Collection Set: 0.4ms
[2026-01-26T06:47:06.814+0000][66][info ][gc,phases   ] GC(213)   Merge Heap Roots: 0.1ms
[2026-01-26T06:47:06.815+0000][66][info ][gc,phases   ] GC(213)   Evacuate Collection Set: 11.6ms
[2026-01-26T06:47:06.815+0000][66][info ][gc,phases   ] GC(213)   Post Evacuate Collection Set: 1.2ms
[2026-01-26T06:47:06.815+0000][66][info ][gc,phases   ] GC(213)   Other: 0.9ms
[2026-01-26T06:47:06.816+0000][66][trace][gc,age      ] GC(213) Age table with threshold 15 (max threshold 15)
[2026-01-26T06:47:06.816+0000][66][trace][gc,age      ] GC(213) - age   1:   21847824 bytes,   21847824 total
[2026-01-26T06:47:06.816+0000][66][trace][gc,age      ] GC(213) - age   2:   11179824 bytes,   33027648 total
[2026-01-26T06:47:06.817+0000][66][trace][gc,age      ] GC(213) - age   3:    2411496 bytes,   35439144 total
[2026-01-26T06:47:06.817+0000][66][trace][gc,age      ] GC(213) - age   4:      92920 bytes,   35532064 total
[2026-01-26T06:47:06.817+0000][66][trace][gc,age      ] GC(213) - age   5:     167584 bytes,   35699648 total
[2026-01-26T06:47:06.818+0000][66][trace][gc,age      ] GC(213) - age   6:     139056 bytes,   35838704 total
[2026-01-26T06:47:06.818+0000][66][trace][gc,age      ] GC(213) - age   7:       5256 bytes,   35843960 total
[2026-01-26T06:47:06.818+0000][66][trace][gc,age      ] GC(213) - age   8:       3272 bytes,   35847232 total
[2026-01-26T06:47:06.819+0000][66][info ][gc,heap     ] GC(213) Eden regions: 148->0(139)
[2026-01-26T06:47:06.819+0000][66][info ][gc,heap     ] GC(213) Survivor regions: 5->10(20)
[2026-01-26T06:47:06.819+0000][66][info ][gc,heap     ] GC(213) Old regions: 70->70
[2026-01-26T06:47:06.820+0000][66][info ][gc,heap     ] GC(213) Humongous regions: 0->0
[2026-01-26T06:47:06.820+0000][66][info ][gc,metaspace] GC(213) Metaspace: 133094K(136512K)->133094K(136512K) NonClass: 115323K(117120K)->115323K(117120K) Class: 17770K(19392K)->17770K(19392K)
[2026-01-26T06:47:06.820+0000][66][info ][gc          ] GC(213) Pause Young (Normal) (G1 Evacuation Pause) 888M->313M(1024M) 21.137ms
[2026-01-26T06:47:06.821+0000][66][info ][gc,cpu      ] GC(213) User=0.04s Sys=0.00s Real=0.02s
[2026-01-26T06:47:06.821+0000][66][info ][safepoint   ] Safepoint "G1CollectForAllocation", Time since last: 3113940743 ns, Reaching safepoint: 17001 ns, Cleanup: 4401 ns, At safepoint: 21867616 ns, Total: 21889018 ns
[2026-01-26T06:47:11.330+0000][66][info ][gc,start    ] GC(214) Pause Young (Normal) (G1 Evacuation Pause)
[2026-01-26T06:47:11.331+0000][66][info ][gc,task     ] GC(214) Using 6 workers of 6 for evacuation
[2026-01-26T06:47:11.331+0000][66][debug][gc,age      ] GC(214) Desired survivor size 39845888 bytes, new threshold 15 (max threshold 15)
[2026-01-26T06:47:11.339+0000][66][info ][gc,phases   ] GC(214)   Pre Evacuate Collection Set: 0.4ms
[2026-01-26T06:47:11.339+0000][66][info ][gc,phases   ] GC(214)   Merge Heap Roots: 0.2ms
[2026-01-26T06:47:11.340+0000][66][info ][gc,phases   ] GC(214)   Evacuate Collection Set: 4.6ms
[2026-01-26T06:47:11.340+0000][66][info ][gc,phases   ] GC(214)   Post Evacuate Collection Set: 1.7ms
[2026-01-26T06:47:11.340+0000][66][info ][gc,phases   ] GC(214)   Other: 0.8ms
[2026-01-26T06:47:11.341+0000][66][trace][gc,age      ] GC(214) Age table with threshold 15 (max threshold 15)
[2026-01-26T06:47:11.341+0000][66][trace][gc,age      ] GC(214) - age   1:    9851640 bytes,    9851640 total
[2026-01-26T06:47:11.342+0000][66][trace][gc,age      ] GC(214) - age   2:       6232 bytes,    9857872 total
[2026-01-26T06:47:11.342+0000][66][trace][gc,age      ] GC(214) - age   3:     139632 bytes,    9997504 total
[2026-01-26T06:47:11.343+0000][66][trace][gc,age      ] GC(214) - age   4:        416 bytes,    9997920 total
[2026-01-26T06:47:11.343+0000][66][trace][gc,age      ] GC(214) - age   5:      90832 bytes,   10088752 total
[2026-01-26T06:47:11.344+0000][66][trace][gc,age      ] GC(214) - age   6:     167312 bytes,   10256064 total
[2026-01-26T06:47:11.344+0000][66][trace][gc,age      ] GC(214) - age   7:     138792 bytes,   10394856 total
[2026-01-26T06:47:11.345+0000][66][trace][gc,age      ] GC(214) - age   8:       3552 bytes,   10398408 total
[2026-01-26T06:47:11.345+0000][66][trace][gc,age      ] GC(214) - age   9:       3272 bytes,   10401680 total
[2026-01-26T06:47:11.346+0000][66][info ][gc,heap     ] GC(214) Eden regions: 139->0(150)
[2026-01-26T06:47:11.346+0000][66][info ][gc,heap     ] GC(214) Survivor regions: 10->3(19)
[2026-01-26T06:47:11.347+0000][66][info ][gc,heap     ] GC(214) Old regions: 70->70
[2026-01-26T06:47:11.347+0000][66][info ][gc,heap     ] GC(214) Humongous regions: 0->0
[2026-01-26T06:47:11.348+0000][66][info ][gc,metaspace] GC(214) Metaspace: 133097K(136512K)->133097K(136512K) NonClass: 115327K(117120K)->115327K(117120K) Class: 17770K(19392K)->17770K(19392K)
[2026-01-26T06:47:11.348+0000][66][info ][gc          ] GC(214) Pause Young (Normal) (G1 Evacuation Pause) 869M->288M(1024M) 18.319ms
[2026-01-26T06:47:11.349+0000][66][info ][gc,cpu      ] GC(214) User=0.02s Sys=0.01s Real=0.01s
[2026-01-26T06:47:11.350+0000][66][info ][safepoint   ] Safepoint "G1CollectForAllocation", Time since last: 4509055713 ns, Reaching safepoint: 21901 ns, Cleanup: 6401 ns, At safepoint: 19435642 ns, Total: 19463944 ns
[2026-01-26T06:47:18.112+0000][66][info ][gc,start    ] GC(215) Pause Young (Normal) (G1 Evacuation Pause)
[2026-01-26T06:47:18.112+0000][66][info ][gc,task     ] GC(215) Using 6 workers of 6 for evacuation
[2026-01-26T06:47:18.113+0000][66][debug][gc,age      ] GC(215) Desired survivor size 41943040 bytes, new threshold 15 (max threshold 15)
[2026-01-26T06:47:18.122+0000][66][info ][gc,phases   ] GC(215)   Pre Evacuate Collection Set: 0.4ms
[2026-01-26T06:47:18.123+0000][66][info ][gc,phases   ] GC(215)   Merge Heap Roots: 0.1ms
[2026-01-26T06:47:18.123+0000][66][info ][gc,phases   ] GC(215)   Evacuate Collection Set: 7.6ms
[2026-01-26T06:47:18.123+0000][66][info ][gc,phases   ] GC(215)   Post Evacuate Collection Set: 1.0ms
[2026-01-26T06:47:18.124+0000][66][info ][gc,phases   ] GC(215)   Other: 0.9ms
[2026-01-26T06:47:18.124+0000][66][trace][gc,age      ] GC(215) Age table with threshold 15 (max threshold 15)
[2026-01-26T06:47:18.125+0000][66][trace][gc,age      ] GC(215) - age   1:   19976336 bytes,   19976336 total
[2026-01-26T06:47:18.125+0000][66][trace][gc,age      ] GC(215) - age   2:    6503792 bytes,   26480128 total
[2026-01-26T06:47:18.126+0000][66][trace][gc,age      ] GC(215) - age   3:       4952 bytes,   26485080 total
[2026-01-26T06:47:18.126+0000][66][trace][gc,age      ] GC(215) - age   4:     139632 bytes,   26624712 total
[2026-01-26T06:47:18.126+0000][66][trace][gc,age      ] GC(215) - age   5:        416 bytes,   26625128 total
[2026-01-26T06:47:18.127+0000][66][trace][gc,age      ] GC(215) - age   6:      90832 bytes,   26715960 total
[2026-01-26T06:47:18.127+0000][66][trace][gc,age      ] GC(215) - age   7:     166200 bytes,   26882160 total
[2026-01-26T06:47:18.128+0000][66][trace][gc,age      ] GC(215) - age   8:     138792 bytes,   27020952 total
[2026-01-26T06:47:18.128+0000][66][trace][gc,age      ] GC(215) - age   9:       3552 bytes,   27024504 total
[2026-01-26T06:47:18.128+0000][66][trace][gc,age      ] GC(215) - age  10:       3272 bytes,   27027776 total
[2026-01-26T06:47:18.129+0000][66][info ][gc,heap     ] GC(215) Eden regions: 150->0(145)
[2026-01-26T06:47:18.129+0000][66][info ][gc,heap     ] GC(215) Survivor regions: 3->7(20)
[2026-01-26T06:47:18.129+0000][66][info ][gc,heap     ] GC(215) Old regions: 70->70
[2026-01-26T06:47:18.130+0000][66][info ][gc,heap     ] GC(215) Humongous regions: 0->0
[2026-01-26T06:47:18.130+0000][66][info ][gc,metaspace] GC(215) Metaspace: 133097K(136512K)->133097K(136512K) NonClass: 115327K(117120K)->115327K(117120K) Class: 17770K(19392K)->17770K(19392K)
[2026-01-26T06:47:18.130+0000][66][info ][gc          ] GC(215) Pause Young (Normal) (G1 Evacuation Pause) 888M->304M(1024M) 18.596ms
[2026-01-26T06:47:18.131+0000][66][info ][gc,cpu      ] GC(215) User=0.03s Sys=0.01s Real=0.02s
[2026-01-26T06:47:18.131+0000][66][info ][safepoint   ] Safepoint "G1CollectForAllocation", Time since last: 6762237946 ns, Reaching safepoint: 14801 ns, Cleanup: 3701 ns, At safepoint: 19284249 ns, Total: 19302751 ns
[2026-01-26T06:47:22.205+0000][66][info ][safepoint   ] Safepoint "Cleanup", Time since last: 4073553600 ns, Reaching safepoint: 118409 ns, Cleanup: 11701 ns, At safepoint: 54604 ns, Total: 184714 ns
[2026-01-26T06:47:22.603+0000][66][info ][gc,start    ] GC(216) Pause Young (Normal) (G1 Evacuation Pause)
[2026-01-26T06:47:22.604+0000][66][info ][gc,task     ] GC(216) Using 6 workers of 6 for evacuation
[2026-01-26T06:47:22.604+0000][66][debug][gc,age      ] GC(216) Desired survivor size 39845888 bytes, new threshold 15 (max threshold 15)
[2026-01-26T06:47:22.618+0000][66][info ][gc,phases   ] GC(216)   Pre Evacuate Collection Set: 0.4ms
[2026-01-26T06:47:22.619+0000][66][info ][gc,phases   ] GC(216)   Merge Heap Roots: 0.2ms
[2026-01-26T06:47:22.620+0000][66][info ][gc,phases   ] GC(216)   Evacuate Collection Set: 10.9ms
[2026-01-26T06:47:22.620+0000][66][info ][gc,phases   ] GC(216)   Post Evacuate Collection Set: 2.1ms
[2026-01-26T06:47:22.621+0000][66][info ][gc,phases   ] GC(216)   Other: 1.1ms
[2026-01-26T06:47:22.621+0000][66][trace][gc,age      ] GC(216) Age table with threshold 15 (max threshold 15)
[2026-01-26T06:47:22.622+0000][66][trace][gc,age      ] GC(216) - age   1:   16616120 bytes,   16616120 total
[2026-01-26T06:47:22.622+0000][66][trace][gc,age      ] GC(216) - age   2:   11793040 bytes,   28409160 total
[2026-01-26T06:47:22.623+0000][66][trace][gc,age      ] GC(216) - age   3:    5778160 bytes,   34187320 total
[2026-01-26T06:47:22.623+0000][66][trace][gc,age      ] GC(216) - age   4:       4920 bytes,   34192240 total
[2026-01-26T06:47:22.624+0000][66][trace][gc,age      ] GC(216) - age   5:     138976 bytes,   34331216 total
[2026-01-26T06:47:22.624+0000][66][trace][gc,age      ] GC(216) - age   6:        416 bytes,   34331632 total
[2026-01-26T06:47:22.624+0000][66][trace][gc,age      ] GC(216) - age   7:      90264 bytes,   34421896 total
[2026-01-26T06:47:22.625+0000][66][trace][gc,age      ] GC(216) - age   8:     166176 bytes,   34588072 total
[2026-01-26T06:47:22.625+0000][66][trace][gc,age      ] GC(216) - age   9:     138792 bytes,   34726864 total
[2026-01-26T06:47:22.626+0000][66][trace][gc,age      ] GC(216) - age  10:       3552 bytes,   34730416 total
[2026-01-26T06:47:22.626+0000][66][trace][gc,age      ] GC(216) - age  11:       3272 bytes,   34733688 total
[2026-01-26T06:47:22.627+0000][66][info ][gc,heap     ] GC(216) Eden regions: 145->0(139)
[2026-01-26T06:47:22.627+0000][66][info ][gc,heap     ] GC(216) Survivor regions: 7->10(19)
[2026-01-26T06:47:22.628+0000][66][info ][gc,heap     ] GC(216) Old regions: 70->70
[2026-01-26T06:47:22.628+0000][66][info ][gc,heap     ] GC(216) Humongous regions: 0->0
[2026-01-26T06:47:22.629+0000][66][info ][gc,metaspace] GC(216) Metaspace: 133098K(136512K)->133098K(136512K) NonClass: 115327K(117120K)->115327K(117120K) Class: 17770K(19392K)->17770K(19392K)
[2026-01-26T06:47:22.629+0000][66][info ][gc          ] GC(216) Pause Young (Normal) (G1 Evacuation Pause) 884M->313M(1024M) 25.988ms
[2026-01-26T06:47:22.630+0000][66][info ][gc,cpu      ] GC(216) User=0.06s Sys=0.00s Real=0.03s
[2026-01-26T06:47:22.630+0000][66][info ][safepoint   ] Safepoint "G1CollectForAllocation", Time since last: 398268428 ns, Reaching safepoint: 19301 ns, Cleanup: 4600 ns, At safepoint: 27101237 ns, Total: 27125138 ns
[2026-01-26T06:47:24.304+0000][66][info ][safepoint   ] Safepoint "Cleanup", Time since last: 1673643447 ns, Reaching safepoint: 156011 ns, Cleanup: 14201 ns, At safepoint: 77706 ns, Total: 247918 ns
[2026-01-26T06:47:25.305+0000][66][info ][safepoint   ] Safepoint "Cleanup", Time since last: 1000594612 ns, Reaching safepoint: 164812 ns, Cleanup: 15701 ns, At safepoint: 52704 ns, Total: 233217 ns
[2026-01-26T06:47:28.692+0000][66][info ][gc,start    ] GC(217) Pause Young (Normal) (G1 Evacuation Pause)
[2026-01-26T06:47:28.692+0000][66][info ][gc,task     ] GC(217) Using 6 workers of 6 for evacuation
[2026-01-26T06:47:28.693+0000][66][debug][gc,age      ] GC(217) Desired survivor size 39845888 bytes, new threshold 15 (max threshold 15)
[2026-01-26T06:47:28.702+0000][66][info ][gc,phases   ] GC(217)   Pre Evacuate Collection Set: 0.5ms
[2026-01-26T06:47:28.703+0000][66][info ][gc,phases   ] GC(217)   Merge Heap Roots: 0.2ms
[2026-01-26T06:47:28.703+0000][66][info ][gc,phases   ] GC(217)   Evacuate Collection Set: 7.0ms
[2026-01-26T06:47:28.704+0000][66][info ][gc,phases   ] GC(217)   Post Evacuate Collection Set: 1.1ms
[2026-01-26T06:47:28.704+0000][66][info ][gc,phases   ] GC(217)   Other: 0.9ms
[2026-01-26T06:47:28.704+0000][66][trace][gc,age      ] GC(217) Age table with threshold 15 (max threshold 15)
[2026-01-26T06:47:28.705+0000][66][trace][gc,age      ] GC(217) - age   1:   16822056 bytes,   16822056 total
[2026-01-26T06:47:28.705+0000][66][trace][gc,age      ] GC(217) - age   2:    3929072 bytes,   20751128 total
[2026-01-26T06:47:28.706+0000][66][trace][gc,age      ] GC(217) - age   3:       1408 bytes,   20752536 total
[2026-01-26T06:47:28.706+0000][66][trace][gc,age      ] GC(217) - age   4:     138632 bytes,   20891168 total
[2026-01-26T06:47:28.706+0000][66][trace][gc,age      ] GC(217) - age   5:       4920 bytes,   20896088 total
[2026-01-26T06:47:28.707+0000][66][trace][gc,age      ] GC(217) - age   6:     136880 bytes,   21032968 total
[2026-01-26T06:47:28.707+0000][66][trace][gc,age      ] GC(217) - age   7:        392 bytes,   21033360 total
[2026-01-26T06:47:28.707+0000][66][trace][gc,age      ] GC(217) - age   8:      90264 bytes,   21123624 total
[2026-01-26T06:47:28.708+0000][66][trace][gc,age      ] GC(217) - age   9:     166176 bytes,   21289800 total
[2026-01-26T06:47:28.708+0000][66][trace][gc,age      ] GC(217) - age  10:     138792 bytes,   21428592 total
[2026-01-26T06:47:28.708+0000][66][trace][gc,age      ] GC(217) - age  11:       3552 bytes,   21432144 total
[2026-01-26T06:47:28.709+0000][66][trace][gc,age      ] GC(217) - age  12:       2712 bytes,   21434856 total
[2026-01-26T06:47:28.709+0000][66][info ][gc,heap     ] GC(217) Eden regions: 139->0(147)
[2026-01-26T06:47:28.709+0000][66][info ][gc,heap     ] GC(217) Survivor regions: 10->6(19)
[2026-01-26T06:47:28.710+0000][66][info ][gc,heap     ] GC(217) Old regions: 70->70
[2026-01-26T06:47:28.710+0000][66][info ][gc,heap     ] GC(217) Humongous regions: 0->0
[2026-01-26T06:47:28.710+0000][66][info ][gc,metaspace] GC(217) Metaspace: 133101K(136512K)->133101K(136512K) NonClass: 115331K(117120K)->115331K(117120K) Class: 17770K(19392K)->17770K(19392K)
[2026-01-26T06:47:28.711+0000][66][info ][gc          ] GC(217) Pause Young (Normal) (G1 Evacuation Pause) 869M->300M(1024M) 18.760ms
[2026-01-26T06:47:28.711+0000][66][info ][gc,cpu      ] GC(217) User=0.04s Sys=0.00s Real=0.02s
[2026-01-26T06:47:28.712+0000][66][info ][safepoint   ] Safepoint "G1CollectForAllocation", Time since last: 3386887674 ns, Reaching safepoint: 178514 ns, Cleanup: 5700 ns, At safepoint: 19600058 ns, Total: 19784272 ns
[2026-01-26T06:47:31.739+0000][66][info ][gc,start    ] GC(218) Pause Young (Normal) (G1 Evacuation Pause)
[2026-01-26T06:47:31.739+0000][66][info ][gc,task     ] GC(218) Using 6 workers of 6 for evacuation
[2026-01-26T06:47:31.740+0000][66][debug][gc,age      ] GC(218) Desired survivor size 41943040 bytes, new threshold 15 (max threshold 15)
[2026-01-26T06:47:31.750+0000][66][info ][gc,phases   ] GC(218)   Pre Evacuate Collection Set: 0.3ms
[2026-01-26T06:47:31.751+0000][66][info ][gc,phases   ] GC(218)   Merge Heap Roots: 0.2ms
[2026-01-26T06:47:31.751+0000][66][info ][gc,phases   ] GC(218)   Evacuate Collection Set: 8.3ms
[2026-01-26T06:47:31.751+0000][66][info ][gc,phases   ] GC(218)   Post Evacuate Collection Set: 1.0ms
[2026-01-26T06:47:31.752+0000][66][info ][gc,phases   ] GC(218)   Other: 0.9ms
[2026-01-26T06:47:31.752+0000][66][trace][gc,age      ] GC(218) Age table with threshold 15 (max threshold 15)
[2026-01-26T06:47:31.752+0000][66][trace][gc,age      ] GC(218) - age   1:   10169328 bytes,   10169328 total
[2026-01-26T06:47:31.753+0000][66][trace][gc,age      ] GC(218) - age   2:    9939616 bytes,   20108944 total
[2026-01-26T06:47:31.753+0000][66][trace][gc,age      ] GC(218) - age   3:    3492720 bytes,   23601664 total
[2026-01-26T06:47:31.754+0000][66][trace][gc,age      ] GC(218) - age   4:       1312 bytes,   23602976 total
[2026-01-26T06:47:31.754+0000][66][trace][gc,age      ] GC(218) - age   5:     137296 bytes,   23740272 total
[2026-01-26T06:47:31.754+0000][66][trace][gc,age      ] GC(218) - age   6:       4184 bytes,   23744456 total
[2026-01-26T06:47:31.755+0000][66][trace][gc,age      ] GC(218) - age   7:     136000 bytes,   23880456 total
[2026-01-26T06:47:31.755+0000][66][trace][gc,age      ] GC(218) - age   8:        392 bytes,   23880848 total
[2026-01-26T06:47:31.755+0000][66][trace][gc,age      ] GC(218) - age   9:      90264 bytes,   23971112 total
[2026-01-26T06:47:31.756+0000][66][trace][gc,age      ] GC(218) - age  10:     166080 bytes,   24137192 total
[2026-01-26T06:47:31.756+0000][66][trace][gc,age      ] GC(218) - age  11:     138768 bytes,   24275960 total
[2026-01-26T06:47:31.756+0000][66][trace][gc,age      ] GC(218) - age  12:       3520 bytes,   24279480 total
[2026-01-26T06:47:31.757+0000][66][trace][gc,age      ] GC(218) - age  13:       2712 bytes,   24282192 total
[2026-01-26T06:47:31.757+0000][66][info ][gc,heap     ] GC(218) Eden regions: 147->0(145)
[2026-01-26T06:47:31.757+0000][66][info ][gc,heap     ] GC(218) Survivor regions: 6->7(20)
[2026-01-26T06:47:31.757+0000][66][info ][gc,heap     ] GC(218) Old regions: 70->70
[2026-01-26T06:47:31.758+0000][66][info ][gc,heap     ] GC(218) Humongous regions: 0->0
[2026-01-26T06:47:31.758+0000][66][info ][gc,metaspace] GC(218) Metaspace: 133101K(136512K)->133101K(136512K) NonClass: 115331K(117120K)->115331K(117120K) Class: 17770K(19392K)->17770K(19392K)
[2026-01-26T06:47:31.758+0000][66][info ][gc          ] GC(218) Pause Young (Normal) (G1 Evacuation Pause) 888M->302M(1024M) 19.085ms
[2026-01-26T06:47:31.758+0000][66][info ][gc,cpu      ] GC(218) User=0.03s Sys=0.00s Real=0.01s
[2026-01-26T06:47:31.759+0000][66][info ][safepoint   ] Safepoint "G1CollectForAllocation", Time since last: 3029705207 ns, Reaching safepoint: 141609 ns, Cleanup: 5801 ns, At safepoint: 19741709 ns, Total: 19889119 ns
[2026-01-26T06:47:33.666+0000][66][info ][gc,start    ] GC(219) Pause Young (Normal) (G1 Evacuation Pause)
[2026-01-26T06:47:33.667+0000][66][info ][gc,task     ] GC(219) Using 6 workers of 6 for evacuation
[2026-01-26T06:47:33.667+0000][66][debug][gc,age      ] GC(219) Desired survivor size 39845888 bytes, new threshold 15 (max threshold 15)
[2026-01-26T06:47:33.676+0000][66][info ][gc,phases   ] GC(219)   Pre Evacuate Collection Set: 0.4ms
[2026-01-26T06:47:33.677+0000][66][info ][gc,phases   ] GC(219)   Merge Heap Roots: 0.2ms
[2026-01-26T06:47:33.677+0000][66][info ][gc,phases   ] GC(219)   Evacuate Collection Set: 6.4ms
[2026-01-26T06:47:33.678+0000][66][info ][gc,phases   ] GC(219)   Post Evacuate Collection Set: 1.4ms
[2026-01-26T06:47:33.678+0000][66][info ][gc,phases   ] GC(219)   Other: 1.0ms
[2026-01-26T06:47:33.679+0000][66][trace][gc,age      ] GC(219) Age table with threshold 15 (max threshold 15)
[2026-01-26T06:47:33.679+0000][66][trace][gc,age      ] GC(219) - age   1:    6230048 bytes,    6230048 total
[2026-01-26T06:47:33.680+0000][66][trace][gc,age      ] GC(219) - age   2:    2270920 bytes,    8500968 total
[2026-01-26T06:47:33.680+0000][66][trace][gc,age      ] GC(219) - age   3:    2733088 bytes,   11234056 total
[2026-01-26T06:47:33.680+0000][66][trace][gc,age      ] GC(219) - age   4:    1055968 bytes,   12290024 total
[2026-01-26T06:47:33.681+0000][66][trace][gc,age      ] GC(219) - age   5:       1312 bytes,   12291336 total
[2026-01-26T06:47:33.681+0000][66][trace][gc,age      ] GC(219) - age   6:     137272 bytes,   12428608 total
[2026-01-26T06:47:33.681+0000][66][trace][gc,age      ] GC(219) - age   7:        152 bytes,   12428760 total
[2026-01-26T06:47:33.682+0000][66][trace][gc,age      ] GC(219) - age   8:     136000 bytes,   12564760 total
[2026-01-26T06:47:33.682+0000][66][trace][gc,age      ] GC(219) - age   9:        392 bytes,   12565152 total
[2026-01-26T06:47:33.683+0000][66][trace][gc,age      ] GC(219) - age  10:      89984 bytes,   12655136 total
[2026-01-26T06:47:33.683+0000][66][trace][gc,age      ] GC(219) - age  11:     166080 bytes,   12821216 total
[2026-01-26T06:47:33.683+0000][66][trace][gc,age      ] GC(219) - age  12:     138368 bytes,   12959584 total
[2026-01-26T06:47:33.683+0000][66][trace][gc,age      ] GC(219) - age  13:       3520 bytes,   12963104 total
[2026-01-26T06:47:33.684+0000][66][trace][gc,age      ] GC(219) - age  14:       1696 bytes,   12964800 total
[2026-01-26T06:47:33.684+0000][66][info ][gc,heap     ] GC(219) Eden regions: 145->0(149)
[2026-01-26T06:47:33.684+0000][66][info ][gc,heap     ] GC(219) Survivor regions: 7->4(19)
[2026-01-26T06:47:33.685+0000][66][info ][gc,heap     ] GC(219) Old regions: 70->70
[2026-01-26T06:47:33.685+0000][66][info ][gc,heap     ] GC(219) Humongous regions: 0->0
[2026-01-26T06:47:33.685+0000][66][info ][gc,metaspace] GC(219) Metaspace: 133104K(136576K)->133104K(136576K) NonClass: 115334K(117184K)->115334K(117184K) Class: 17770K(19392K)->17770K(19392K)
[2026-01-26T06:47:33.686+0000][66][info ][gc          ] GC(219) Pause Young (Normal) (G1 Evacuation Pause) 882M->291M(1024M) 19.247ms
[2026-01-26T06:47:33.686+0000][66][info ][gc,cpu      ] GC(219) User=0.02s Sys=0.01s Real=0.02s
[2026-01-26T06:47:33.686+0000][66][info ][safepoint   ] Safepoint "G1CollectForAllocation", Time since last: 1907438829 ns, Reaching safepoint: 191113 ns, Cleanup: 6300 ns, At safepoint: 20087733 ns, Total: 20285146 ns
[2026-01-26T06:47:36.437+0000][66][info ][gc,start    ] GC(220) Pause Young (Normal) (G1 Evacuation Pause)
[2026-01-26T06:47:36.438+0000][66][info ][gc,task     ] GC(220) Using 6 workers of 6 for evacuation
[2026-01-26T06:47:36.438+0000][66][debug][gc,age      ] GC(220) Desired survivor size 41943040 bytes, new threshold 15 (max threshold 15)
[2026-01-26T06:47:36.446+0000][66][info ][gc,phases   ] GC(220)   Pre Evacuate Collection Set: 0.4ms
[2026-01-26T06:47:36.446+0000][66][info ][gc,phases   ] GC(220)   Merge Heap Roots: 0.2ms
[2026-01-26T06:47:36.446+0000][66][info ][gc,phases   ] GC(220)   Evacuate Collection Set: 5.0ms
[2026-01-26T06:47:36.447+0000][66][info ][gc,phases   ] GC(220)   Post Evacuate Collection Set: 1.4ms
[2026-01-26T06:47:36.447+0000][66][info ][gc,phases   ] GC(220)   Other: 1.0ms
[2026-01-26T06:47:36.448+0000][66][trace][gc,age      ] GC(220) Age table with threshold 15 (max threshold 15)
[2026-01-26T06:47:36.448+0000][66][trace][gc,age      ] GC(220) - age   1:    5922304 bytes,    5922304 total
[2026-01-26T06:47:36.448+0000][66][trace][gc,age      ] GC(220) - age   2:      91208 bytes,    6013512 total
[2026-01-26T06:47:36.449+0000][66][trace][gc,age      ] GC(220) - age   3:     298424 bytes,    6311936 total
[2026-01-26T06:47:36.449+0000][66][trace][gc,age      ] GC(220) - age   4:     851344 bytes,    7163280 total
[2026-01-26T06:47:36.449+0000][66][trace][gc,age      ] GC(220) - age   5:     258696 bytes,    7421976 total
[2026-01-26T06:47:36.449+0000][66][trace][gc,age      ] GC(220) - age   6:       1312 bytes,    7423288 total
[2026-01-26T06:47:36.450+0000][66][trace][gc,age      ] GC(220) - age   7:     134248 bytes,    7557536 total
[2026-01-26T06:47:36.450+0000][66][trace][gc,age      ] GC(220) - age   8:        120 bytes,    7557656 total
[2026-01-26T06:47:36.451+0000][66][trace][gc,age      ] GC(220) - age   9:     136000 bytes,    7693656 total
[2026-01-26T06:47:36.451+0000][66][trace][gc,age      ] GC(220) - age  10:        392 bytes,    7694048 total
[2026-01-26T06:47:36.451+0000][66][trace][gc,age      ] GC(220) - age  11:      89920 bytes,    7783968 total
[2026-01-26T06:47:36.451+0000][66][trace][gc,age      ] GC(220) - age  12:     119376 bytes,    7903344 total
[2026-01-26T06:47:36.452+0000][66][trace][gc,age      ] GC(220) - age  13:     129472 bytes,    8032816 total
[2026-01-26T06:47:36.452+0000][66][trace][gc,age      ] GC(220) - age  14:       2488 bytes,    8035304 total
[2026-01-26T06:47:36.452+0000][66][trace][gc,age      ] GC(220) - age  15:       1696 bytes,    8037000 total
[2026-01-26T06:47:36.453+0000][66][info ][gc,heap     ] GC(220) Eden regions: 149->0(150)
[2026-01-26T06:47:36.453+0000][66][info ][gc,heap     ] GC(220) Survivor regions: 4->3(20)
[2026-01-26T06:47:36.453+0000][66][info ][gc,heap     ] GC(220) Old regions: 70->70
[2026-01-26T06:47:36.454+0000][66][info ][gc,heap     ] GC(220) Humongous regions: 0->0
[2026-01-26T06:47:36.454+0000][66][info ][gc,metaspace] GC(220) Metaspace: 133104K(136576K)->133104K(136576K) NonClass: 115334K(117184K)->115334K(117184K) Class: 17770K(19392K)->17770K(19392K)
[2026-01-26T06:47:36.454+0000][66][info ][gc          ] GC(220) Pause Young (Normal) (G1 Evacuation Pause) 887M->285M(1024M) 17.027ms
[2026-01-26T06:47:36.454+0000][66][info ][gc,cpu      ] GC(220) User=0.02s Sys=0.01s Real=0.02s
[2026-01-26T06:47:36.455+0000][66][info ][safepoint   ] Safepoint "G1CollectForAllocation", Time since last: 2750531655 ns, Reaching safepoint: 19801 ns, Cleanup: 4901 ns, At safepoint: 17788780 ns, Total: 17813482 ns
[2026-01-26T06:47:37.456+0000][66][info ][safepoint   ] Safepoint "Cleanup", Time since last: 1000548771 ns, Reaching safepoint: 135909 ns, Cleanup: 14901 ns, At safepoint: 41902 ns, Total: 192712 ns
[2026-01-26T06:47:39.807+0000][66][info ][safepoint   ] Safepoint "Cleanup", Time since last: 2351224524 ns, Reaching safepoint: 16002 ns, Cleanup: 12801 ns, At safepoint: 3200 ns, Total: 32003 ns
[2026-01-26T06:47:41.209+0000][66][info ][gc,start    ] GC(221) Pause Young (Normal) (G1 Evacuation Pause)
[2026-01-26T06:47:41.209+0000][66][info ][gc,task     ] GC(221) Using 6 workers of 6 for evacuation
[2026-01-26T06:47:41.210+0000][66][debug][gc,age      ] GC(221) Desired survivor size 41943040 bytes, new threshold 15 (max threshold 15)
[2026-01-26T06:47:41.218+0000][66][info ][gc,phases   ] GC(221)   Pre Evacuate Collection Set: 0.4ms
[2026-01-26T06:47:41.219+0000][66][info ][gc,phases   ] GC(221)   Merge Heap Roots: 0.2ms
[2026-01-26T06:47:41.219+0000][66][info ][gc,phases   ] GC(221)   Evacuate Collection Set: 6.1ms
[2026-01-26T06:47:41.220+0000][66][info ][gc,phases   ] GC(221)   Post Evacuate Collection Set: 1.2ms
[2026-01-26T06:47:41.220+0000][66][info ][gc,phases   ] GC(221)   Other: 0.9ms
[2026-01-26T06:47:41.220+0000][66][trace][gc,age      ] GC(221) Age table with threshold 15 (max threshold 15)
[2026-01-26T06:47:41.221+0000][66][trace][gc,age      ] GC(221) - age   1:   13244712 bytes,   13244712 total
[2026-01-26T06:47:41.221+0000][66][trace][gc,age      ] GC(221) - age   2:    2819704 bytes,   16064416 total
[2026-01-26T06:47:41.222+0000][66][trace][gc,age      ] GC(221) - age   3:       7016 bytes,   16071432 total
[2026-01-26T06:47:41.222+0000][66][trace][gc,age      ] GC(221) - age   4:     109680 bytes,   16181112 total
[2026-01-26T06:47:41.223+0000][66][trace][gc,age      ] GC(221) - age   5:     851264 bytes,   17032376 total
[2026-01-26T06:47:41.223+0000][66][trace][gc,age      ] GC(221) - age   6:     258696 bytes,   17291072 total
[2026-01-26T06:47:41.223+0000][66][trace][gc,age      ] GC(221) - age   7:       1312 bytes,   17292384 total
[2026-01-26T06:47:41.224+0000][66][trace][gc,age      ] GC(221) - age   8:     134248 bytes,   17426632 total
[2026-01-26T06:47:41.224+0000][66][trace][gc,age      ] GC(221) - age   9:        120 bytes,   17426752 total
[2026-01-26T06:47:41.225+0000][66][trace][gc,age      ] GC(221) - age  10:     136000 bytes,   17562752 total
[2026-01-26T06:47:41.225+0000][66][trace][gc,age      ] GC(221) - age  11:        392 bytes,   17563144 total
[2026-01-26T06:47:41.225+0000][66][trace][gc,age      ] GC(221) - age  12:      89920 bytes,   17653064 total
[2026-01-26T06:47:41.225+0000][66][trace][gc,age      ] GC(221) - age  13:     119376 bytes,   17772440 total
[2026-01-26T06:47:41.226+0000][66][trace][gc,age      ] GC(221) - age  14:     129472 bytes,   17901912 total
[2026-01-26T06:47:41.226+0000][66][trace][gc,age      ] GC(221) - age  15:       2488 bytes,   17904400 total
[2026-01-26T06:47:41.227+0000][66][info ][gc,heap     ] GC(221) Eden regions: 150->0(148)
[2026-01-26T06:47:41.227+0000][66][info ][gc,heap     ] GC(221) Survivor regions: 3->5(20)
[2026-01-26T06:47:41.227+0000][66][info ][gc,heap     ] GC(221) Old regions: 70->70
[2026-01-26T06:47:41.228+0000][66][info ][gc,heap     ] GC(221) Humongous regions: 0->0
[2026-01-26T06:47:41.228+0000][66][info ][gc,metaspace] GC(221) Metaspace: 133112K(136576K)->133112K(136576K) NonClass: 115342K(117184K)->115342K(117184K) Class: 17770K(19392K)->17770K(19392K)
[2026-01-26T06:47:41.228+0000][66][info ][gc          ] GC(221) Pause Young (Normal) (G1 Evacuation Pause) 885M->294M(1024M) 19.417ms
[2026-01-26T06:47:41.229+0000][66][info ][gc,cpu      ] GC(221) User=0.03s Sys=0.01s Real=0.02s
[2026-01-26T06:47:41.229+0000][66][info ][safepoint   ] Safepoint "G1CollectForAllocation", Time since last: 1402001218 ns, Reaching safepoint: 18502 ns, Cleanup: 4900 ns, At safepoint: 20132228 ns, Total: 20155630 ns
[2026-01-26T06:47:43.230+0000][66][info ][safepoint   ] Safepoint "Cleanup", Time since last: 2000615557 ns, Reaching safepoint: 129710 ns, Cleanup: 14801 ns, At safepoint: 64705 ns, Total: 209216 ns
[2026-01-26T06:47:48.008+0000][66][info ][gc,start    ] GC(222) Pause Young (Normal) (G1 Evacuation Pause)
[2026-01-26T06:47:48.008+0000][66][info ][gc,task     ] GC(222) Using 6 workers of 6 for evacuation
[2026-01-26T06:47:48.009+0000][66][debug][gc,age      ] GC(222) Desired survivor size 41943040 bytes, new threshold 15 (max threshold 15)
[2026-01-26T06:47:48.018+0000][66][info ][gc,phases   ] GC(222)   Pre Evacuate Collection Set: 0.8ms
[2026-01-26T06:47:48.019+0000][66][info ][gc,phases   ] GC(222)   Merge Heap Roots: 0.2ms
[2026-01-26T06:47:48.020+0000][66][info ][gc,phases   ] GC(222)   Evacuate Collection Set: 6.0ms
[2026-01-26T06:47:48.020+0000][66][info ][gc,phases   ] GC(222)   Post Evacuate Collection Set: 1.7ms
[2026-01-26T06:47:48.021+0000][66][info ][gc,phases   ] GC(222)   Other: 1.2ms
[2026-01-26T06:47:48.021+0000][66][trace][gc,age      ] GC(222) Age table with threshold 15 (max threshold 15)
[2026-01-26T06:47:48.022+0000][66][trace][gc,age      ] GC(222) - age   1:    8352712 bytes,    8352712 total
[2026-01-26T06:47:48.022+0000][66][trace][gc,age      ] GC(222) - age   2:       4944 bytes,    8357656 total
[2026-01-26T06:47:48.023+0000][66][trace][gc,age      ] GC(222) - age   3:     264320 bytes,    8621976 total
[2026-01-26T06:47:48.023+0000][66][trace][gc,age      ] GC(222) - age   4:       6392 bytes,    8628368 total
[2026-01-26T06:47:48.023+0000][66][trace][gc,age      ] GC(222) - age   5:     109224 bytes,    8737592 total
[2026-01-26T06:47:48.024+0000][66][trace][gc,age      ] GC(222) - age   6:     848800 bytes,    9586392 total
[2026-01-26T06:47:48.025+0000][66][trace][gc,age      ] GC(222) - age   7:     258696 bytes,    9845088 total
[2026-01-26T06:47:48.025+0000][66][trace][gc,age      ] GC(222) - age   8:        200 bytes,    9845288 total
[2026-01-26T06:47:48.026+0000][66][trace][gc,age      ] GC(222) - age   9:     134248 bytes,    9979536 total
[2026-01-26T06:47:48.026+0000][66][trace][gc,age      ] GC(222) - age  10:        120 bytes,    9979656 total
[2026-01-26T06:47:48.026+0000][66][trace][gc,age      ] GC(222) - age  11:     136000 bytes,   10115656 total
[2026-01-26T06:47:48.027+0000][66][trace][gc,age      ] GC(222) - age  12:        392 bytes,   10116048 total
[2026-01-26T06:47:48.027+0000][66][trace][gc,age      ] GC(222) - age  13:      89920 bytes,   10205968 total
[2026-01-26T06:47:48.028+0000][66][trace][gc,age      ] GC(222) - age  14:     119376 bytes,   10325344 total
[2026-01-26T06:47:48.028+0000][66][trace][gc,age      ] GC(222) - age  15:     129472 bytes,   10454816 total
[2026-01-26T06:47:48.029+0000][66][info ][gc,heap     ] GC(222) Eden regions: 148->0(150)
[2026-01-26T06:47:48.029+0000][66][info ][gc,heap     ] GC(222) Survivor regions: 5->3(20)
[2026-01-26T06:47:48.029+0000][66][info ][gc,heap     ] GC(222) Old regions: 70->70
[2026-01-26T06:47:48.030+0000][66][info ][gc,heap     ] GC(222) Humongous regions: 0->0
[2026-01-26T06:47:48.030+0000][66][info ][gc,metaspace] GC(222) Metaspace: 133122K(136576K)->133122K(136576K) NonClass: 115351K(117184K)->115351K(117184K) Class: 17770K(19392K)->17770K(19392K)
[2026-01-26T06:47:48.031+0000][66][info ][gc          ] GC(222) Pause Young (Normal) (G1 Evacuation Pause) 886M->287M(1024M) 22.840ms
[2026-01-26T06:47:48.031+0000][66][info ][gc,cpu      ] GC(222) User=0.03s Sys=0.01s Real=0.02s
[2026-01-26T06:47:48.032+0000][66][info ][safepoint   ] Safepoint "G1CollectForAllocation", Time since last: 4777999920 ns, Reaching safepoint: 25602 ns, Cleanup: 6501 ns, At safepoint: 23901232 ns, Total: 23933335 ns
[2026-01-26T06:47:49.491+0000][66][info ][safepoint   ] Safepoint "Cleanup", Time since last: 1459239765 ns, Reaching safepoint: 22502 ns, Cleanup: 22001 ns, At safepoint: 4601 ns, Total: 49104 ns
[2026-01-26T06:47:52.227+0000][66][info ][safepoint   ] Safepoint "Cleanup", Time since last: 2735497402 ns, Reaching safepoint: 18701 ns, Cleanup: 14801 ns, At safepoint: 4300 ns, Total: 37802 ns
[2026-01-26T06:47:53.228+0000][66][info ][safepoint   ] Safepoint "Cleanup", Time since last: 1000776319 ns, Reaching safepoint: 138711 ns, Cleanup: 11501 ns, At safepoint: 48504 ns, Total: 198716 ns
[2026-01-26T06:47:55.123+0000][66][info ][gc,start    ] GC(223) Pause Young (Normal) (G1 Evacuation Pause)
[2026-01-26T06:47:55.124+0000][66][info ][gc,task     ] GC(223) Using 6 workers of 6 for evacuation
[2026-01-26T06:47:55.124+0000][66][debug][gc,age      ] GC(223) Desired survivor size 41943040 bytes, new threshold 15 (max threshold 15)
[2026-01-26T06:47:55.134+0000][66][info ][gc,phases   ] GC(223)   Pre Evacuate Collection Set: 0.5ms
[2026-01-26T06:47:55.135+0000][66][info ][gc,phases   ] GC(223)   Merge Heap Roots: 0.2ms
[2026-01-26T06:47:55.135+0000][66][info ][gc,phases   ] GC(223)   Evacuate Collection Set: 8.0ms
[2026-01-26T06:47:55.136+0000][66][info ][gc,phases   ] GC(223)   Post Evacuate Collection Set: 1.1ms
[2026-01-26T06:47:55.136+0000][66][info ][gc,phases   ] GC(223)   Other: 1.0ms
[2026-01-26T06:47:55.136+0000][66][trace][gc,age      ] GC(223) Age table with threshold 15 (max threshold 15)
[2026-01-26T06:47:55.137+0000][66][trace][gc,age      ] GC(223) - age   1:   19731552 bytes,   19731552 total
[2026-01-26T06:47:55.137+0000][66][trace][gc,age      ] GC(223) - age   2:    4786240 bytes,   24517792 total
[2026-01-26T06:47:55.138+0000][66][trace][gc,age      ] GC(223) - age   3:        160 bytes,   24517952 total
[2026-01-26T06:47:55.138+0000][66][trace][gc,age      ] GC(223) - age   4:     264296 bytes,   24782248 total
[2026-01-26T06:47:55.138+0000][66][trace][gc,age      ] GC(223) - age   5:       6360 bytes,   24788608 total
[2026-01-26T06:47:55.139+0000][66][trace][gc,age      ] GC(223) - age   6:       3992 bytes,   24792600 total
[2026-01-26T06:47:55.139+0000][66][trace][gc,age      ] GC(223) - age   7:     100376 bytes,   24892976 total
[2026-01-26T06:47:55.139+0000][66][trace][gc,age      ] GC(223) - age   8:     257552 bytes,   25150528 total
[2026-01-26T06:47:55.140+0000][66][trace][gc,age      ] GC(223) - age   9:        200 bytes,   25150728 total
[2026-01-26T06:47:55.140+0000][66][trace][gc,age      ] GC(223) - age  10:     133928 bytes,   25284656 total
[2026-01-26T06:47:55.141+0000][66][trace][gc,age      ] GC(223) - age  11:        120 bytes,   25284776 total
[2026-01-26T06:47:55.141+0000][66][trace][gc,age      ] GC(223) - age  12:     135680 bytes,   25420456 total
[2026-01-26T06:47:55.141+0000][66][trace][gc,age      ] GC(223) - age  13:        392 bytes,   25420848 total
[2026-01-26T06:47:55.141+0000][66][trace][gc,age      ] GC(223) - age  14:      89616 bytes,   25510464 total
[2026-01-26T06:47:55.142+0000][66][trace][gc,age      ] GC(223) - age  15:     119376 bytes,   25629840 total
[2026-01-26T06:47:55.142+0000][66][info ][gc,heap     ] GC(223) Eden regions: 150->0(145)
[2026-01-26T06:47:55.142+0000][66][info ][gc,heap     ] GC(223) Survivor regions: 3->7(20)
[2026-01-26T06:47:55.143+0000][66][info ][gc,heap     ] GC(223) Old regions: 70->70
[2026-01-26T06:47:55.143+0000][66][info ][gc,heap     ] GC(223) Humongous regions: 0->0
[2026-01-26T06:47:55.143+0000][66][info ][gc,metaspace] GC(223) Metaspace: 133122K(136576K)->133122K(136576K) NonClass: 115351K(117184K)->115351K(117184K) Class: 17770K(19392K)->17770K(19392K)
[2026-01-26T06:47:55.144+0000][66][info ][gc          ] GC(223) Pause Young (Normal) (G1 Evacuation Pause) 887M->302M(1024M) 20.427ms
[2026-01-26T06:47:55.144+0000][66][info ][gc,cpu      ] GC(223) User=0.04s Sys=0.00s Real=0.02s
[2026-01-26T06:47:55.144+0000][66][info ][safepoint   ] Safepoint "G1CollectForAllocation", Time since last: 1895552212 ns, Reaching safepoint: 17301 ns, Cleanup: 5201 ns, At safepoint: 21189324 ns, Total: 21211826 ns
[2026-01-26T06:47:58.225+0000][66][info ][safepoint   ] Safepoint "Cleanup", Time since last: 3080457323 ns, Reaching safepoint: 6901 ns, Cleanup: 8000 ns, At safepoint: 20102 ns, Total: 35003 ns
[2026-01-26T06:47:59.226+0000][66][info ][safepoint   ] Safepoint "Cleanup", Time since last: 1000591123 ns, Reaching safepoint: 196115 ns, Cleanup: 19601 ns, At safepoint: 64305 ns, Total: 280021 ns
[2026-01-26T06:47:59.706+0000][66][info ][gc,start    ] GC(224) Pause Young (Normal) (G1 Evacuation Pause)
[2026-01-26T06:47:59.707+0000][66][info ][gc,task     ] GC(224) Using 6 workers of 6 for evacuation
[2026-01-26T06:47:59.707+0000][66][debug][gc,age      ] GC(224) Desired survivor size 39845888 bytes, new threshold 15 (max threshold 15)
[2026-01-26T06:47:59.719+0000][66][info ][gc,phases   ] GC(224)   Pre Evacuate Collection Set: 0.4ms
[2026-01-26T06:47:59.720+0000][66][info ][gc,phases   ] GC(224)   Merge Heap Roots: 0.1ms
[2026-01-26T06:47:59.720+0000][66][info ][gc,phases   ] GC(224)   Evacuate Collection Set: 10.0ms
[2026-01-26T06:47:59.721+0000][66][info ][gc,phases   ] GC(224)   Post Evacuate Collection Set: 1.4ms
[2026-01-26T06:47:59.721+0000][66][info ][gc,phases   ] GC(224)   Other: 0.6ms
[2026-01-26T06:47:59.722+0000][66][trace][gc,age      ] GC(224) Age table with threshold 15 (max threshold 15)
[2026-01-26T06:47:59.722+0000][66][trace][gc,age      ] GC(224) - age   1:   16732056 bytes,   16732056 total
[2026-01-26T06:47:59.722+0000][66][trace][gc,age      ] GC(224) - age   2:   11370248 bytes,   28102304 total
[2026-01-26T06:47:59.723+0000][66][trace][gc,age      ] GC(224) - age   3:    4248632 bytes,   32350936 total
[2026-01-26T06:47:59.723+0000][66][trace][gc,age      ] GC(224) - age   4:        160 bytes,   32351096 total
[2026-01-26T06:47:59.724+0000][66][trace][gc,age      ] GC(224) - age   5:     263736 bytes,   32614832 total
[2026-01-26T06:47:59.724+0000][66][trace][gc,age      ] GC(224) - age   6:       6360 bytes,   32621192 total
[2026-01-26T06:47:59.724+0000][66][trace][gc,age      ] GC(224) - age   7:       3992 bytes,   32625184 total
[2026-01-26T06:47:59.725+0000][66][trace][gc,age      ] GC(224) - age   8:     100200 bytes,   32725384 total
[2026-01-26T06:47:59.725+0000][66][trace][gc,age      ] GC(224) - age   9:     257552 bytes,   32982936 total
[2026-01-26T06:47:59.726+0000][66][trace][gc,age      ] GC(224) - age  10:        200 bytes,   32983136 total
[2026-01-26T06:47:59.726+0000][66][trace][gc,age      ] GC(224) - age  11:     133928 bytes,   33117064 total
[2026-01-26T06:47:59.726+0000][66][trace][gc,age      ] GC(224) - age  12:        120 bytes,   33117184 total
[2026-01-26T06:47:59.727+0000][66][trace][gc,age      ] GC(224) - age  13:     135648 bytes,   33252832 total
[2026-01-26T06:47:59.727+0000][66][trace][gc,age      ] GC(224) - age  14:        392 bytes,   33253224 total
[2026-01-26T06:47:59.727+0000][66][trace][gc,age      ] GC(224) - age  15:      89616 bytes,   33342840 total
[2026-01-26T06:47:59.728+0000][66][info ][gc,heap     ] GC(224) Eden regions: 145->0(141)
[2026-01-26T06:47:59.728+0000][66][info ][gc,heap     ] GC(224) Survivor regions: 7->9(19)
[2026-01-26T06:47:59.728+0000][66][info ][gc,heap     ] GC(224) Old regions: 70->70
[2026-01-26T06:47:59.729+0000][66][info ][gc,heap     ] GC(224) Humongous regions: 0->0
[2026-01-26T06:47:59.729+0000][66][info ][gc,metaspace] GC(224) Metaspace: 133122K(136576K)->133122K(136576K) NonClass: 115351K(117184K)->115351K(117184K) Class: 17770K(19392K)->17770K(19392K)
[2026-01-26T06:47:59.729+0000][66][info ][gc          ] GC(224) Pause Young (Normal) (G1 Evacuation Pause) 882M->310M(1024M) 23.166ms
[2026-01-26T06:47:59.730+0000][66][info ][gc,cpu      ] GC(224) User=0.05s Sys=0.00s Real=0.03s
[2026-01-26T06:47:59.730+0000][66][info ][safepoint   ] Safepoint "G1CollectForAllocation", Time since last: 480533778 ns, Reaching safepoint: 16901 ns, Cleanup: 4701 ns, At safepoint: 24076107 ns, Total: 24097709 ns
[2026-01-26T06:48:03.717+0000][66][info ][safepoint   ] Safepoint "Cleanup", Time since last: 3989842853 ns, Reaching safepoint: 18502 ns, Cleanup: 11801 ns, At safepoint: 3700 ns, Total: 34003 ns
[2026-01-26T06:48:06.748+0000][66][info ][gc,start    ] GC(225) Pause Young (Normal) (G1 Evacuation Pause)
[2026-01-26T06:48:06.748+0000][66][info ][gc,task     ] GC(225) Using 6 workers of 6 for evacuation
[2026-01-26T06:48:06.748+0000][66][debug][gc,age      ] GC(225) Desired survivor size 39845888 bytes, new threshold 15 (max threshold 15)
[2026-01-26T06:48:06.758+0000][66][info ][gc,phases   ] GC(225)   Pre Evacuate Collection Set: 0.3ms
[2026-01-26T06:48:06.758+0000][66][info ][gc,phases   ] GC(225)   Merge Heap Roots: 0.1ms
[2026-01-26T06:48:06.759+0000][66][info ][gc,phases   ] GC(225)   Evacuate Collection Set: 7.5ms
[2026-01-26T06:48:06.759+0000][66][info ][gc,phases   ] GC(225)   Post Evacuate Collection Set: 1.1ms
[2026-01-26T06:48:06.759+0000][66][info ][gc,phases   ] GC(225)   Other: 0.8ms
[2026-01-26T06:48:06.760+0000][66][trace][gc,age      ] GC(225) Age table with threshold 15 (max threshold 15)
[2026-01-26T06:48:06.760+0000][66][trace][gc,age      ] GC(225) - age   1:   18957792 bytes,   18957792 total
[2026-01-26T06:48:06.760+0000][66][trace][gc,age      ] GC(225) - age   2:    4029928 bytes,   22987720 total
[2026-01-26T06:48:06.761+0000][66][trace][gc,age      ] GC(225) - age   3:       2880 bytes,   22990600 total
[2026-01-26T06:48:06.761+0000][66][trace][gc,age      ] GC(225) - age   4:      67424 bytes,   23058024 total
[2026-01-26T06:48:06.761+0000][66][trace][gc,age      ] GC(225) - age   5:        160 bytes,   23058184 total
[2026-01-26T06:48:06.762+0000][66][trace][gc,age      ] GC(225) - age   6:     259024 bytes,   23317208 total
[2026-01-26T06:48:06.762+0000][66][trace][gc,age      ] GC(225) - age   7:       2328 bytes,   23319536 total
[2026-01-26T06:48:06.762+0000][66][trace][gc,age      ] GC(225) - age   8:       2824 bytes,   23322360 total
[2026-01-26T06:48:06.762+0000][66][trace][gc,age      ] GC(225) - age   9:       3280 bytes,   23325640 total
[2026-01-26T06:48:06.762+0000][66][trace][gc,age      ] GC(225) - age  10:     257024 bytes,   23582664 total
[2026-01-26T06:48:06.763+0000][66][trace][gc,age      ] GC(225) - age  11:        200 bytes,   23582864 total
[2026-01-26T06:48:06.763+0000][66][trace][gc,age      ] GC(225) - age  12:       4472 bytes,   23587336 total
[2026-01-26T06:48:06.763+0000][66][trace][gc,age      ] GC(225) - age  13:         32 bytes,   23587368 total
[2026-01-26T06:48:06.763+0000][66][trace][gc,age      ] GC(225) - age  14:      68576 bytes,   23655944 total
[2026-01-26T06:48:06.763+0000][66][trace][gc,age      ] GC(225) - age  15:        392 bytes,   23656336 total
[2026-01-26T06:48:06.763+0000][66][info ][gc,heap     ] GC(225) Eden regions: 141->0(145)
[2026-01-26T06:48:06.764+0000][66][info ][gc,heap     ] GC(225) Survivor regions: 9->7(19)
[2026-01-26T06:48:06.764+0000][66][info ][gc,heap     ] GC(225) Old regions: 70->70
[2026-01-26T06:48:06.764+0000][66][info ][gc,heap     ] GC(225) Humongous regions: 0->0
[2026-01-26T06:48:06.764+0000][66][info ][gc,metaspace] GC(225) Metaspace: 133123K(136576K)->133123K(136576K) NonClass: 115353K(117184K)->115353K(117184K) Class: 17770K(19392K)->17770K(19392K)
[2026-01-26T06:48:06.765+0000][66][info ][gc          ] GC(225) Pause Young (Normal) (G1 Evacuation Pause) 874M->301M(1024M) 16.980ms
[2026-01-26T06:48:06.765+0000][66][info ][gc,cpu      ] GC(225) User=0.04s Sys=0.00s Real=0.02s
[2026-01-26T06:48:06.765+0000][66][info ][safepoint   ] Safepoint "G1CollectForAllocation", Time since last: 3030035796 ns, Reaching safepoint: 14901 ns, Cleanup: 3400 ns, At safepoint: 17536117 ns, Total: 17554418 ns
[2026-01-26T06:48:12.016+0000][66][info ][gc,start    ] GC(226) Pause Young (Normal) (G1 Evacuation Pause)
[2026-01-26T06:48:12.016+0000][66][info ][gc,task     ] GC(226) Using 6 workers of 6 for evacuation
[2026-01-26T06:48:12.017+0000][66][debug][gc,age      ] GC(226) Desired survivor size 39845888 bytes, new threshold 15 (max threshold 15)
[2026-01-26T06:48:12.030+0000][66][info ][gc,phases   ] GC(226)   Pre Evacuate Collection Set: 0.4ms
[2026-01-26T06:48:12.030+0000][66][info ][gc,phases   ] GC(226)   Merge Heap Roots: 0.2ms
[2026-01-26T06:48:12.031+0000][66][info ][gc,phases   ] GC(226)   Evacuate Collection Set: 10.7ms
[2026-01-26T06:48:12.031+0000][66][info ][gc,phases   ] GC(226)   Post Evacuate Collection Set: 1.4ms
[2026-01-26T06:48:12.032+0000][66][info ][gc,phases   ] GC(226)   Other: 0.8ms
[2026-01-26T06:48:12.032+0000][66][trace][gc,age      ] GC(226) Age table with threshold 15 (max threshold 15)
[2026-01-26T06:48:12.033+0000][66][trace][gc,age      ] GC(226) - age   1:   18650640 bytes,   18650640 total
[2026-01-26T06:48:12.033+0000][66][trace][gc,age      ] GC(226) - age   2:   10910880 bytes,   29561520 total
[2026-01-26T06:48:12.034+0000][66][trace][gc,age      ] GC(226) - age   3:    3391464 bytes,   32952984 total
[2026-01-26T06:48:12.034+0000][66][trace][gc,age      ] GC(226) - age   4:       2880 bytes,   32955864 total
[2026-01-26T06:48:12.035+0000][66][trace][gc,age      ] GC(226) - age   5:      66064 bytes,   33021928 total
[2026-01-26T06:48:12.035+0000][66][trace][gc,age      ] GC(226) - age   6:        160 bytes,   33022088 total
[2026-01-26T06:48:12.036+0000][66][trace][gc,age      ] GC(226) - age   7:     259024 bytes,   33281112 total
[2026-01-26T06:48:12.036+0000][66][trace][gc,age      ] GC(226) - age   8:       2328 bytes,   33283440 total
[2026-01-26T06:48:12.036+0000][66][trace][gc,age      ] GC(226) - age   9:       2824 bytes,   33286264 total
[2026-01-26T06:48:12.037+0000][66][trace][gc,age      ] GC(226) - age  10:       3280 bytes,   33289544 total
[2026-01-26T06:48:12.037+0000][66][trace][gc,age      ] GC(226) - age  11:     257024 bytes,   33546568 total
[2026-01-26T06:48:12.038+0000][66][trace][gc,age      ] GC(226) - age  12:         24 bytes,   33546592 total
[2026-01-26T06:48:12.038+0000][66][trace][gc,age      ] GC(226) - age  13:       4472 bytes,   33551064 total
[2026-01-26T06:48:12.038+0000][66][trace][gc,age      ] GC(226) - age  14:         32 bytes,   33551096 total
[2026-01-26T06:48:12.039+0000][66][trace][gc,age      ] GC(226) - age  15:      68576 bytes,   33619672 total
[2026-01-26T06:48:12.039+0000][66][info ][gc,heap     ] GC(226) Eden regions: 145->0(141)
[2026-01-26T06:48:12.039+0000][66][info ][gc,heap     ] GC(226) Survivor regions: 7->9(19)
[2026-01-26T06:48:12.040+0000][66][info ][gc,heap     ] GC(226) Old regions: 70->70
[2026-01-26T06:48:12.040+0000][66][info ][gc,heap     ] GC(226) Humongous regions: 0->0
[2026-01-26T06:48:12.040+0000][66][info ][gc,metaspace] GC(226) Metaspace: 133127K(136576K)->133127K(136576K) NonClass: 115357K(117184K)->115357K(117184K) Class: 17770K(19392K)->17770K(19392K)
[2026-01-26T06:48:12.041+0000][66][info ][gc          ] GC(226) Pause Young (Normal) (G1 Evacuation Pause) 881M->312M(1024M) 24.803ms
[2026-01-26T06:48:12.041+0000][66][info ][gc,cpu      ] GC(226) User=0.04s Sys=0.01s Real=0.03s
[2026-01-26T06:48:12.042+0000][66][info ][safepoint   ] Safepoint "G1CollectForAllocation", Time since last: 5250838186 ns, Reaching safepoint: 124909 ns, Cleanup: 11301 ns, At safepoint: 25708446 ns, Total: 25844656 ns
[2026-01-26T06:48:14.472+0000][66][info ][safepoint   ] Safepoint "Cleanup", Time since last: 2430132166 ns, Reaching safepoint: 18301 ns, Cleanup: 18202 ns, At safepoint: 3400 ns, Total: 39903 ns
[2026-01-26T06:48:15.473+0000][66][info ][safepoint   ] Safepoint "Cleanup", Time since last: 1000655052 ns, Reaching safepoint: 18101 ns, Cleanup: 11201 ns, At safepoint: 3200 ns, Total: 32502 ns
[2026-01-26T06:48:17.474+0000][66][info ][safepoint   ] Safepoint "Cleanup", Time since last: 2000796665 ns, Reaching safepoint: 108608 ns, Cleanup: 10401 ns, At safepoint: 28302 ns, Total: 147311 ns
[2026-01-26T06:48:17.537+0000][66][info ][gc,start    ] GC(227) Pause Young (Normal) (G1 Evacuation Pause)
[2026-01-26T06:48:17.538+0000][66][info ][gc,task     ] GC(227) Using 6 workers of 6 for evacuation
[2026-01-26T06:48:17.538+0000][66][debug][gc,age      ] GC(227) Desired survivor size 39845888 bytes, new threshold 15 (max threshold 15)
[2026-01-26T06:48:17.546+0000][66][info ][gc,phases   ] GC(227)   Pre Evacuate Collection Set: 0.3ms
[2026-01-26T06:48:17.547+0000][66][info ][gc,phases   ] GC(227)   Merge Heap Roots: 0.1ms
[2026-01-26T06:48:17.547+0000][66][info ][gc,phases   ] GC(227)   Evacuate Collection Set: 6.6ms
[2026-01-26T06:48:17.548+0000][66][info ][gc,phases   ] GC(227)   Post Evacuate Collection Set: 1.0ms
[2026-01-26T06:48:17.548+0000][66][info ][gc,phases   ] GC(227)   Other: 0.8ms
[2026-01-26T06:48:17.548+0000][66][trace][gc,age      ] GC(227) Age table with threshold 15 (max threshold 15)
[2026-01-26T06:48:17.549+0000][66][trace][gc,age      ] GC(227) - age   1:   15390408 bytes,   15390408 total
[2026-01-26T06:48:17.549+0000][66][trace][gc,age      ] GC(227) - age   2:    2824304 bytes,   18214712 total
[2026-01-26T06:48:17.549+0000][66][trace][gc,age      ] GC(227) - age   3:     241520 bytes,   18456232 total
[2026-01-26T06:48:17.550+0000][66][trace][gc,age      ] GC(227) - age   4:       1152 bytes,   18457384 total
[2026-01-26T06:48:17.550+0000][66][trace][gc,age      ] GC(227) - age   5:       2280 bytes,   18459664 total
[2026-01-26T06:48:17.550+0000][66][trace][gc,age      ] GC(227) - age   6:      64440 bytes,   18524104 total
[2026-01-26T06:48:17.551+0000][66][trace][gc,age      ] GC(227) - age   7:         96 bytes,   18524200 total
[2026-01-26T06:48:17.551+0000][66][trace][gc,age      ] GC(227) - age   8:     258512 bytes,   18782712 total
[2026-01-26T06:48:17.551+0000][66][trace][gc,age      ] GC(227) - age   9:       2328 bytes,   18785040 total
[2026-01-26T06:48:17.551+0000][66][trace][gc,age      ] GC(227) - age  10:       1952 bytes,   18786992 total
[2026-01-26T06:48:17.552+0000][66][trace][gc,age      ] GC(227) - age  11:       3280 bytes,   18790272 total
[2026-01-26T06:48:17.552+0000][66][trace][gc,age      ] GC(227) - age  12:     257024 bytes,   19047296 total
[2026-01-26T06:48:17.552+0000][66][trace][gc,age      ] GC(227) - age  13:         24 bytes,   19047320 total
[2026-01-26T06:48:17.552+0000][66][trace][gc,age      ] GC(227) - age  14:       3752 bytes,   19051072 total
[2026-01-26T06:48:17.553+0000][66][trace][gc,age      ] GC(227) - age  15:         32 bytes,   19051104 total
[2026-01-26T06:48:17.553+0000][66][info ][gc,heap     ] GC(227) Eden regions: 141->0(147)
[2026-01-26T06:48:17.553+0000][66][info ][gc,heap     ] GC(227) Survivor regions: 9->6(19)
[2026-01-26T06:48:17.553+0000][66][info ][gc,heap     ] GC(227) Old regions: 70->70
[2026-01-26T06:48:17.554+0000][66][info ][gc,heap     ] GC(227) Humongous regions: 0->0
[2026-01-26T06:48:17.554+0000][66][info ][gc,metaspace] GC(227) Metaspace: 133128K(136576K)->133128K(136576K) NonClass: 115358K(117184K)->115358K(117184K) Class: 17770K(19392K)->17770K(19392K)
[2026-01-26T06:48:17.554+0000][66][info ][gc          ] GC(227) Pause Young (Normal) (G1 Evacuation Pause) 876M->297M(1024M) 17.103ms
[2026-01-26T06:48:17.554+0000][66][info ][gc,cpu      ] GC(227) User=0.03s Sys=0.00s Real=0.01s
[2026-01-26T06:48:17.555+0000][66][info ][safepoint   ] Safepoint "G1CollectForAllocation", Time since last: 63478705 ns, Reaching safepoint: 14101 ns, Cleanup: 4301 ns, At safepoint: 17657636 ns, Total: 17676038 ns
[2026-01-26T06:48:18.827+0000][66][info ][safepoint   ] Safepoint "Cleanup", Time since last: 1272022795 ns, Reaching safepoint: 7001 ns, Cleanup: 18901 ns, At safepoint: 3200 ns, Total: 29102 ns
[2026-01-26T06:48:20.190+0000][66][info ][safepoint   ] Safepoint "Cleanup", Time since last: 1362835371 ns, Reaching safepoint: 17301 ns, Cleanup: 12401 ns, At safepoint: 3700 ns, Total: 33402 ns
[2026-01-26T06:48:24.109+0000][66][info ][gc,start    ] GC(228) Pause Young (Normal) (G1 Evacuation Pause)
[2026-01-26T06:48:24.110+0000][66][info ][gc,task     ] GC(228) Using 6 workers of 6 for evacuation
[2026-01-26T06:48:24.110+0000][66][debug][gc,age      ] GC(228) Desired survivor size 41943040 bytes, new threshold 15 (max threshold 15)
[2026-01-26T06:48:24.122+0000][66][info ][gc,phases   ] GC(228)   Pre Evacuate Collection Set: 0.3ms
[2026-01-26T06:48:24.122+0000][66][info ][gc,phases   ] GC(228)   Merge Heap Roots: 0.1ms
[2026-01-26T06:48:24.122+0000][66][info ][gc,phases   ] GC(228)   Evacuate Collection Set: 9.2ms
[2026-01-26T06:48:24.123+0000][66][info ][gc,phases   ] GC(228)   Post Evacuate Collection Set: 1.4ms
[2026-01-26T06:48:24.123+0000][66][info ][gc,phases   ] GC(228)   Other: 1.0ms
[2026-01-26T06:48:24.124+0000][66][trace][gc,age      ] GC(228) Age table with threshold 15 (max threshold 15)
[2026-01-26T06:48:24.124+0000][66][trace][gc,age      ] GC(228) - age   1:   21993520 bytes,   21993520 total
[2026-01-26T06:48:24.124+0000][66][trace][gc,age      ] GC(228) - age   2:    9002224 bytes,   30995744 total
[2026-01-26T06:48:24.125+0000][66][trace][gc,age      ] GC(228) - age   3:    2752088 bytes,   33747832 total
[2026-01-26T06:48:24.125+0000][66][trace][gc,age      ] GC(228) - age   4:     241240 bytes,   33989072 total
[2026-01-26T06:48:24.125+0000][66][trace][gc,age      ] GC(228) - age   5:       1152 bytes,   33990224 total
[2026-01-26T06:48:24.126+0000][66][trace][gc,age      ] GC(228) - age   6:       1672 bytes,   33991896 total
[2026-01-26T06:48:24.126+0000][66][trace][gc,age      ] GC(228) - age   7:      64440 bytes,   34056336 total
[2026-01-26T06:48:24.126+0000][66][trace][gc,age      ] GC(228) - age   8:         96 bytes,   34056432 total
[2026-01-26T06:48:24.127+0000][66][trace][gc,age      ] GC(228) - age   9:     258512 bytes,   34314944 total
[2026-01-26T06:48:24.127+0000][66][trace][gc,age      ] GC(228) - age  10:       2328 bytes,   34317272 total
[2026-01-26T06:48:24.127+0000][66][trace][gc,age      ] GC(228) - age  11:       1536 bytes,   34318808 total
[2026-01-26T06:48:24.128+0000][66][trace][gc,age      ] GC(228) - age  12:       3104 bytes,   34321912 total
[2026-01-26T06:48:24.128+0000][66][trace][gc,age      ] GC(228) - age  13:       2616 bytes,   34324528 total
[2026-01-26T06:48:24.128+0000][66][trace][gc,age      ] GC(228) - age  14:         24 bytes,   34324552 total
[2026-01-26T06:48:24.129+0000][66][trace][gc,age      ] GC(228) - age  15:       3752 bytes,   34328304 total
[2026-01-26T06:48:24.129+0000][66][info ][gc,heap     ] GC(228) Eden regions: 147->0(141)
[2026-01-26T06:48:24.129+0000][66][info ][gc,heap     ] GC(228) Survivor regions: 6->9(20)
[2026-01-26T06:48:24.129+0000][66][info ][gc,heap     ] GC(228) Old regions: 70->70
[2026-01-26T06:48:24.130+0000][66][info ][gc,heap     ] GC(228) Humongous regions: 0->0
[2026-01-26T06:48:24.130+0000][66][info ][gc,metaspace] GC(228) Metaspace: 133131K(136576K)->133131K(136576K) NonClass: 115361K(117184K)->115361K(117184K) Class: 17770K(19392K)->17770K(19392K)
[2026-01-26T06:48:24.130+0000][66][info ][gc          ] GC(228) Pause Young (Normal) (G1 Evacuation Pause) 885M->313M(1024M) 21.279ms
[2026-01-26T06:48:24.131+0000][66][info ][gc,cpu      ] GC(228) User=0.04s Sys=0.00s Real=0.02s
[2026-01-26T06:48:24.131+0000][66][info ][safepoint   ] Safepoint "G1CollectForAllocation", Time since last: 3919195137 ns, Reaching safepoint: 151411 ns, Cleanup: 13401 ns, At safepoint: 21892160 ns, Total: 22056972 ns
[2026-01-26T06:48:27.611+0000][66][info ][safepoint   ] Safepoint "Cleanup", Time since last: 3479612590 ns, Reaching safepoint: 171413 ns, Cleanup: 12301 ns, At safepoint: 39903 ns, Total: 223617 ns
[2026-01-26T06:48:28.573+0000][66][info ][gc,start    ] GC(229) Pause Young (Normal) (G1 Evacuation Pause)
[2026-01-26T06:48:28.574+0000][66][info ][gc,task     ] GC(229) Using 6 workers of 6 for evacuation
[2026-01-26T06:48:28.574+0000][66][debug][gc,age      ] GC(229) Desired survivor size 39845888 bytes, new threshold 15 (max threshold 15)
[2026-01-26T06:48:28.583+0000][66][info ][gc,phases   ] GC(229)   Pre Evacuate Collection Set: 0.5ms
[2026-01-26T06:48:28.583+0000][66][info ][gc,phases   ] GC(229)   Merge Heap Roots: 0.2ms
[2026-01-26T06:48:28.584+0000][66][info ][gc,phases   ] GC(229)   Evacuate Collection Set: 6.1ms
[2026-01-26T06:48:28.584+0000][66][info ][gc,phases   ] GC(229)   Post Evacuate Collection Set: 1.4ms
[2026-01-26T06:48:28.585+0000][66][info ][gc,phases   ] GC(229)   Other: 1.0ms
[2026-01-26T06:48:28.585+0000][66][trace][gc,age      ] GC(229) Age table with threshold 15 (max threshold 15)
[2026-01-26T06:48:28.585+0000][66][trace][gc,age      ] GC(229) - age   1:   12453624 bytes,   12453624 total
[2026-01-26T06:48:28.586+0000][66][trace][gc,age      ] GC(229) - age   2:     988248 bytes,   13441872 total
[2026-01-26T06:48:28.586+0000][66][trace][gc,age      ] GC(229) - age   3:      78968 bytes,   13520840 total
[2026-01-26T06:48:28.587+0000][66][trace][gc,age      ] GC(229) - age   4:       2088 bytes,   13522928 total
[2026-01-26T06:48:28.587+0000][66][trace][gc,age      ] GC(229) - age   5:     239480 bytes,   13762408 total
[2026-01-26T06:48:28.588+0000][66][trace][gc,age      ] GC(229) - age   6:        952 bytes,   13763360 total
[2026-01-26T06:48:28.588+0000][66][trace][gc,age      ] GC(229) - age   7:       1672 bytes,   13765032 total
[2026-01-26T06:48:28.589+0000][66][trace][gc,age      ] GC(229) - age   8:      64440 bytes,   13829472 total
[2026-01-26T06:48:28.589+0000][66][trace][gc,age      ] GC(229) - age   9:         96 bytes,   13829568 total
[2026-01-26T06:48:28.589+0000][66][trace][gc,age      ] GC(229) - age  10:     258512 bytes,   14088080 total
[2026-01-26T06:48:28.590+0000][66][trace][gc,age      ] GC(229) - age  11:       2328 bytes,   14090408 total
[2026-01-26T06:48:28.590+0000][66][trace][gc,age      ] GC(229) - age  12:       1536 bytes,   14091944 total
[2026-01-26T06:48:28.590+0000][66][trace][gc,age      ] GC(229) - age  13:       2720 bytes,   14094664 total
[2026-01-26T06:48:28.591+0000][66][trace][gc,age      ] GC(229) - age  14:       2616 bytes,   14097280 total
[2026-01-26T06:48:28.592+0000][66][trace][gc,age      ] GC(229) - age  15:         24 bytes,   14097304 total
[2026-01-26T06:48:28.592+0000][66][info ][gc,heap     ] GC(229) Eden regions: 141->0(149)
[2026-01-26T06:48:28.592+0000][66][info ][gc,heap     ] GC(229) Survivor regions: 9->4(19)
[2026-01-26T06:48:28.593+0000][66][info ][gc,heap     ] GC(229) Old regions: 70->70
[2026-01-26T06:48:28.593+0000][66][info ][gc,heap     ] GC(229) Humongous regions: 0->0
[2026-01-26T06:48:28.594+0000][66][info ][gc,metaspace] GC(229) Metaspace: 133131K(136576K)->133131K(136576K) NonClass: 115361K(117184K)->115361K(117184K) Class: 17770K(19392K)->17770K(19392K)
[2026-01-26T06:48:28.594+0000][66][info ][gc          ] GC(229) Pause Young (Normal) (G1 Evacuation Pause) 877M->292M(1024M) 21.099ms
[2026-01-26T06:48:28.595+0000][66][info ][gc,cpu      ] GC(229) User=0.03s Sys=0.01s Real=0.02s
[2026-01-26T06:48:28.595+0000][66][info ][safepoint   ] Safepoint "G1CollectForAllocation", Time since last: 962199820 ns, Reaching safepoint: 20401 ns, Cleanup: 5601 ns, At safepoint: 22078373 ns, Total: 22104375 ns
[2026-01-26T06:48:34.131+0000][66][info ][gc,start    ] GC(230) Pause Young (Normal) (G1 Evacuation Pause)
[2026-01-26T06:48:34.131+0000][66][info ][gc,task     ] GC(230) Using 6 workers of 6 for evacuation
[2026-01-26T06:48:34.132+0000][66][debug][gc,age      ] GC(230) Desired survivor size 41943040 bytes, new threshold 15 (max threshold 15)
[2026-01-26T06:48:34.139+0000][66][info ][gc,phases   ] GC(230)   Pre Evacuate Collection Set: 0.4ms
[2026-01-26T06:48:34.140+0000][66][info ][gc,phases   ] GC(230)   Merge Heap Roots: 0.2ms
[2026-01-26T06:48:34.140+0000][66][info ][gc,phases   ] GC(230)   Evacuate Collection Set: 5.2ms
[2026-01-26T06:48:34.140+0000][66][info ][gc,phases   ] GC(230)   Post Evacuate Collection Set: 1.2ms
[2026-01-26T06:48:34.141+0000][66][info ][gc,phases   ] GC(230)   Other: 0.8ms
[2026-01-26T06:48:34.141+0000][66][trace][gc,age      ] GC(230) Age table with threshold 15 (max threshold 15)
[2026-01-26T06:48:34.141+0000][66][trace][gc,age      ] GC(230) - age   1:    8737416 bytes,    8737416 total
[2026-01-26T06:48:34.142+0000][66][trace][gc,age      ] GC(230) - age   2:    1529064 bytes,   10266480 total
[2026-01-26T06:48:34.142+0000][66][trace][gc,age      ] GC(230) - age   3:     378048 bytes,   10644528 total
[2026-01-26T06:48:34.142+0000][66][trace][gc,age      ] GC(230) - age   4:      77328 bytes,   10721856 total
[2026-01-26T06:48:34.143+0000][66][trace][gc,age      ] GC(230) - age   5:       1968 bytes,   10723824 total
[2026-01-26T06:48:34.143+0000][66][trace][gc,age      ] GC(230) - age   6:     234344 bytes,   10958168 total
[2026-01-26T06:48:34.143+0000][66][trace][gc,age      ] GC(230) - age   7:        952 bytes,   10959120 total
[2026-01-26T06:48:34.143+0000][66][trace][gc,age      ] GC(230) - age   8:       1392 bytes,   10960512 total
[2026-01-26T06:48:34.144+0000][66][trace][gc,age      ] GC(230) - age   9:      64440 bytes,   11024952 total
[2026-01-26T06:48:34.144+0000][66][trace][gc,age      ] GC(230) - age  10:         96 bytes,   11025048 total
[2026-01-26T06:48:34.144+0000][66][trace][gc,age      ] GC(230) - age  11:     258456 bytes,   11283504 total
[2026-01-26T06:48:34.144+0000][66][trace][gc,age      ] GC(230) - age  12:       1928 bytes,   11285432 total
[2026-01-26T06:48:34.145+0000][66][trace][gc,age      ] GC(230) - age  13:       1504 bytes,   11286936 total
[2026-01-26T06:48:34.145+0000][66][trace][gc,age      ] GC(230) - age  14:       2720 bytes,   11289656 total
[2026-01-26T06:48:34.145+0000][66][trace][gc,age      ] GC(230) - age  15:       2616 bytes,   11292272 total
[2026-01-26T06:48:34.145+0000][66][info ][gc,heap     ] GC(230) Eden regions: 149->0(149)
[2026-01-26T06:48:34.146+0000][66][info ][gc,heap     ] GC(230) Survivor regions: 4->4(20)
[2026-01-26T06:48:34.146+0000][66][info ][gc,heap     ] GC(230) Old regions: 70->70
[2026-01-26T06:48:34.146+0000][66][info ][gc,heap     ] GC(230) Humongous regions: 0->0
[2026-01-26T06:48:34.146+0000][66][info ][gc,metaspace] GC(230) Metaspace: 133132K(136576K)->133132K(136576K) NonClass: 115362K(117184K)->115362K(117184K) Class: 17770K(19392K)->17770K(19392K)
[2026-01-26T06:48:34.147+0000][66][info ][gc          ] GC(230) Pause Young (Normal) (G1 Evacuation Pause) 888M->289M(1024M) 15.422ms
[2026-01-26T06:48:34.147+0000][66][info ][gc,cpu      ] GC(230) User=0.02s Sys=0.00s Real=0.02s
[2026-01-26T06:48:34.147+0000][66][info ][safepoint   ] Safepoint "G1CollectForAllocation", Time since last: 5537650467 ns, Reaching safepoint: 17201 ns, Cleanup: 4600 ns, At safepoint: 15958610 ns, Total: 15980411 ns
[2026-01-26T06:48:35.600+0000][66][info ][safepoint   ] Safepoint "Cleanup", Time since last: 1453068022 ns, Reaching safepoint: 8200 ns, Cleanup: 9001 ns, At safepoint: 3700 ns, Total: 20901 ns
[2026-01-26T06:48:36.930+0000][66][info ][safepoint   ] Safepoint "Cleanup", Time since last: 1329347569 ns, Reaching safepoint: 126910 ns, Cleanup: 18301 ns, At safepoint: 37603 ns, Total: 182814 ns
[2026-01-26T06:48:38.136+0000][66][info ][safepoint   ] Safepoint "Cleanup", Time since last: 1205791003 ns, Reaching safepoint: 120509 ns, Cleanup: 11101 ns, At safepoint: 65905 ns, Total: 197515 ns
[2026-01-26T06:48:39.176+0000][66][info ][gc,start    ] GC(231) Pause Young (Normal) (G1 Evacuation Pause)
[2026-01-26T06:48:39.176+0000][66][info ][gc,task     ] GC(231) Using 6 workers of 6 for evacuation
[2026-01-26T06:48:39.177+0000][66][debug][gc,age      ] GC(231) Desired survivor size 41943040 bytes, new threshold 15 (max threshold 15)
[2026-01-26T06:48:39.183+0000][66][info ][gc,phases   ] GC(231)   Pre Evacuate Collection Set: 0.4ms
[2026-01-26T06:48:39.184+0000][66][info ][gc,phases   ] GC(231)   Merge Heap Roots: 0.2ms
[2026-01-26T06:48:39.184+0000][66][info ][gc,phases   ] GC(231)   Evacuate Collection Set: 4.3ms
[2026-01-26T06:48:39.185+0000][66][info ][gc,phases   ] GC(231)   Post Evacuate Collection Set: 1.2ms
[2026-01-26T06:48:39.185+0000][66][info ][gc,phases   ] GC(231)   Other: 1.1ms
[2026-01-26T06:48:39.186+0000][66][trace][gc,age      ] GC(231) Age table with threshold 15 (max threshold 15)
[2026-01-26T06:48:39.186+0000][66][trace][gc,age      ] GC(231) - age   1:    7528936 bytes,    7528936 total
[2026-01-26T06:48:39.187+0000][66][trace][gc,age      ] GC(231) - age   2:      12200 bytes,    7541136 total
[2026-01-26T06:48:39.187+0000][66][trace][gc,age      ] GC(231) - age   3:      68008 bytes,    7609144 total
[2026-01-26T06:48:39.187+0000][66][trace][gc,age      ] GC(231) - age   4:      71176 bytes,    7680320 total
[2026-01-26T06:48:39.188+0000][66][trace][gc,age      ] GC(231) - age   5:      74400 bytes,    7754720 total
[2026-01-26T06:48:39.188+0000][66][trace][gc,age      ] GC(231) - age   6:       1968 bytes,    7756688 total
[2026-01-26T06:48:39.189+0000][66][trace][gc,age      ] GC(231) - age   7:     234312 bytes,    7991000 total
[2026-01-26T06:48:39.189+0000][66][trace][gc,age      ] GC(231) - age   8:        952 bytes,    7991952 total
[2026-01-26T06:48:39.189+0000][66][trace][gc,age      ] GC(231) - age   9:       1392 bytes,    7993344 total
[2026-01-26T06:48:39.190+0000][66][trace][gc,age      ] GC(231) - age  10:      64128 bytes,    8057472 total
[2026-01-26T06:48:39.190+0000][66][trace][gc,age      ] GC(231) - age  11:         96 bytes,    8057568 total
[2026-01-26T06:48:39.190+0000][66][trace][gc,age      ] GC(231) - age  12:     189040 bytes,    8246608 total
[2026-01-26T06:48:39.191+0000][66][trace][gc,age      ] GC(231) - age  13:       1320 bytes,    8247928 total
[2026-01-26T06:48:39.191+0000][66][trace][gc,age      ] GC(231) - age  14:        848 bytes,    8248776 total
[2026-01-26T06:48:39.192+0000][66][trace][gc,age      ] GC(231) - age  15:       2552 bytes,    8251328 total
[2026-01-26T06:48:39.192+0000][66][info ][gc,heap     ] GC(231) Eden regions: 149->0(150)
[2026-01-26T06:48:39.192+0000][66][info ][gc,heap     ] GC(231) Survivor regions: 4->3(20)
[2026-01-26T06:48:39.193+0000][66][info ][gc,heap     ] GC(231) Old regions: 70->70
[2026-01-26T06:48:39.193+0000][66][info ][gc,heap     ] GC(231) Humongous regions: 0->0
[2026-01-26T06:48:39.193+0000][66][info ][gc,metaspace] GC(231) Metaspace: 133134K(136576K)->133134K(136576K) NonClass: 115364K(117184K)->115364K(117184K) Class: 17770K(19392K)->17770K(19392K)
[2026-01-26T06:48:39.194+0000][66][info ][gc          ] GC(231) Pause Young (Normal) (G1 Evacuation Pause) 885M->285M(1024M) 17.965ms
[2026-01-26T06:48:39.194+0000][66][info ][gc,cpu      ] GC(231) User=0.03s Sys=0.00s Real=0.01s
[2026-01-26T06:48:39.194+0000][66][info ][safepoint   ] Safepoint "G1CollectForAllocation", Time since last: 1039967333 ns, Reaching safepoint: 17102 ns, Cleanup: 4200 ns, At safepoint: 18859930 ns, Total: 18881232 ns
[2026-01-26T06:48:41.259+0000][66][info ][safepoint   ] Safepoint "Cleanup", Time since last: 2064066963 ns, Reaching safepoint: 162912 ns, Cleanup: 22602 ns, At safepoint: 41803 ns, Total: 227317 ns
[2026-01-26T06:48:42.698+0000][66][info ][gc,start    ] GC(232) Pause Young (Normal) (G1 Evacuation Pause)
[2026-01-26T06:48:42.699+0000][66][info ][gc,task     ] GC(232) Using 6 workers of 6 for evacuation
[2026-01-26T06:48:42.699+0000][66][debug][gc,age      ] GC(232) Desired survivor size 41943040 bytes, new threshold 15 (max threshold 15)
[2026-01-26T06:48:42.708+0000][66][info ][gc,phases   ] GC(232)   Pre Evacuate Collection Set: 0.5ms
[2026-01-26T06:48:42.709+0000][66][info ][gc,phases   ] GC(232)   Merge Heap Roots: 0.2ms
[2026-01-26T06:48:42.709+0000][66][info ][gc,phases   ] GC(232)   Evacuate Collection Set: 6.1ms
[2026-01-26T06:48:42.710+0000][66][info ][gc,phases   ] GC(232)   Post Evacuate Collection Set: 1.7ms
[2026-01-26T06:48:42.710+0000][66][info ][gc,phases   ] GC(232)   Other: 1.0ms
[2026-01-26T06:48:42.710+0000][66][trace][gc,age      ] GC(232) Age table with threshold 15 (max threshold 15)
[2026-01-26T06:48:42.711+0000][66][trace][gc,age      ] GC(232) - age   1:   11992128 bytes,   11992128 total
[2026-01-26T06:48:42.711+0000][66][trace][gc,age      ] GC(232) - age   2:    4381992 bytes,   16374120 total
[2026-01-26T06:48:42.712+0000][66][trace][gc,age      ] GC(232) - age   3:      11088 bytes,   16385208 total
[2026-01-26T06:48:42.712+0000][66][trace][gc,age      ] GC(232) - age   4:      67824 bytes,   16453032 total
[2026-01-26T06:48:42.713+0000][66][trace][gc,age      ] GC(232) - age   5:      71176 bytes,   16524208 total
[2026-01-26T06:48:42.713+0000][66][trace][gc,age      ] GC(232) - age   6:      74400 bytes,   16598608 total
[2026-01-26T06:48:42.713+0000][66][trace][gc,age      ] GC(232) - age   7:        856 bytes,   16599464 total
[2026-01-26T06:48:42.714+0000][66][trace][gc,age      ] GC(232) - age   8:     234312 bytes,   16833776 total
[2026-01-26T06:48:42.714+0000][66][trace][gc,age      ] GC(232) - age   9:        952 bytes,   16834728 total
[2026-01-26T06:48:42.715+0000][66][trace][gc,age      ] GC(232) - age  10:       1112 bytes,   16835840 total
[2026-01-26T06:48:42.715+0000][66][trace][gc,age      ] GC(232) - age  11:      64128 bytes,   16899968 total
[2026-01-26T06:48:42.716+0000][66][trace][gc,age      ] GC(232) - age  12:         96 bytes,   16900064 total
[2026-01-26T06:48:42.716+0000][66][trace][gc,age      ] GC(232) - age  13:     189040 bytes,   17089104 total
[2026-01-26T06:48:42.717+0000][66][trace][gc,age      ] GC(232) - age  14:       1320 bytes,   17090424 total
[2026-01-26T06:48:42.717+0000][66][trace][gc,age      ] GC(232) - age  15:        848 bytes,   17091272 total
[2026-01-26T06:48:42.718+0000][66][info ][gc,heap     ] GC(232) Eden regions: 150->0(148)
[2026-01-26T06:48:42.718+0000][66][info ][gc,heap     ] GC(232) Survivor regions: 3->5(20)
[2026-01-26T06:48:42.718+0000][66][info ][gc,heap     ] GC(232) Old regions: 70->70
[2026-01-26T06:48:42.719+0000][66][info ][gc,heap     ] GC(232) Humongous regions: 0->0
[2026-01-26T06:48:42.719+0000][66][info ][gc,metaspace] GC(232) Metaspace: 133137K(136576K)->133137K(136576K) NonClass: 115366K(117184K)->115366K(117184K) Class: 17770K(19392K)->17770K(19392K)
[2026-01-26T06:48:42.719+0000][66][info ][gc          ] GC(232) Pause Young (Normal) (G1 Evacuation Pause) 885M->294M(1024M) 21.184ms
[2026-01-26T06:48:42.720+0000][66][info ][gc,cpu      ] GC(232) User=0.03s Sys=0.01s Real=0.02s
[2026-01-26T06:48:42.720+0000][66][info ][safepoint   ] Safepoint "G1CollectForAllocation", Time since last: 1439341107 ns, Reaching safepoint: 144211 ns, Cleanup: 6200 ns, At safepoint: 22054572 ns, Total: 22204983 ns
[2026-01-26T06:48:43.721+0000][66][info ][safepoint   ] Safepoint "Cleanup", Time since last: 1000638007 ns, Reaching safepoint: 179314 ns, Cleanup: 14701 ns, At safepoint: 42603 ns, Total: 236618 ns
[2026-01-26T06:48:45.679+0000][66][info ][gc,start    ] GC(233) Pause Young (Normal) (G1 Evacuation Pause)
[2026-01-26T06:48:45.680+0000][66][info ][gc,task     ] GC(233) Using 6 workers of 6 for evacuation
[2026-01-26T06:48:45.680+0000][66][debug][gc,age      ] GC(233) Desired survivor size 41943040 bytes, new threshold 15 (max threshold 15)
[2026-01-26T06:48:45.693+0000][66][info ][gc,phases   ] GC(233)   Pre Evacuate Collection Set: 0.5ms
[2026-01-26T06:48:45.693+0000][66][info ][gc,phases   ] GC(233)   Merge Heap Roots: 0.2ms
[2026-01-26T06:48:45.694+0000][66][info ][gc,phases   ] GC(233)   Evacuate Collection Set: 9.1ms
[2026-01-26T06:48:45.694+0000][66][info ][gc,phases   ] GC(233)   Post Evacuate Collection Set: 2.1ms
[2026-01-26T06:48:45.695+0000][66][info ][gc,phases   ] GC(233)   Other: 1.0ms
[2026-01-26T06:48:45.695+0000][66][trace][gc,age      ] GC(233) Age table with threshold 15 (max threshold 15)
[2026-01-26T06:48:45.696+0000][66][trace][gc,age      ] GC(233) - age   1:   14192352 bytes,   14192352 total
[2026-01-26T06:48:45.696+0000][66][trace][gc,age      ] GC(233) - age   2:    7064288 bytes,   21256640 total
[2026-01-26T06:48:45.697+0000][66][trace][gc,age      ] GC(233) - age   3:    4251264 bytes,   25507904 total
[2026-01-26T06:48:45.697+0000][66][trace][gc,age      ] GC(233) - age   4:      11024 bytes,   25518928 total
[2026-01-26T06:48:45.698+0000][66][trace][gc,age      ] GC(233) - age   5:      67824 bytes,   25586752 total
[2026-01-26T06:48:45.698+0000][66][trace][gc,age      ] GC(233) - age   6:      70768 bytes,   25657520 total
[2026-01-26T06:48:45.699+0000][66][trace][gc,age      ] GC(233) - age   7:      74376 bytes,   25731896 total
[2026-01-26T06:48:45.699+0000][66][trace][gc,age      ] GC(233) - age   8:        856 bytes,   25732752 total
[2026-01-26T06:48:45.700+0000][66][trace][gc,age      ] GC(233) - age   9:     234312 bytes,   25967064 total
[2026-01-26T06:48:45.700+0000][66][trace][gc,age      ] GC(233) - age  10:        952 bytes,   25968016 total
[2026-01-26T06:48:45.701+0000][66][trace][gc,age      ] GC(233) - age  11:       1112 bytes,   25969128 total
[2026-01-26T06:48:45.701+0000][66][trace][gc,age      ] GC(233) - age  12:      64128 bytes,   26033256 total
[2026-01-26T06:48:45.701+0000][66][trace][gc,age      ] GC(233) - age  13:         96 bytes,   26033352 total
[2026-01-26T06:48:45.702+0000][66][trace][gc,age      ] GC(233) - age  14:     189040 bytes,   26222392 total
[2026-01-26T06:48:45.702+0000][66][trace][gc,age      ] GC(233) - age  15:       1320 bytes,   26223712 total
[2026-01-26T06:48:45.703+0000][66][info ][gc,heap     ] GC(233) Eden regions: 148->0(145)
[2026-01-26T06:48:45.703+0000][66][info ][gc,heap     ] GC(233) Survivor regions: 5->7(20)
[2026-01-26T06:48:45.704+0000][66][info ][gc,heap     ] GC(233) Old regions: 70->70
[2026-01-26T06:48:45.704+0000][66][info ][gc,heap     ] GC(233) Humongous regions: 0->0
[2026-01-26T06:48:45.705+0000][66][info ][gc,metaspace] GC(233) Metaspace: 133137K(136576K)->133137K(136576K) NonClass: 115366K(117184K)->115366K(117184K) Class: 17770K(19392K)->17770K(19392K)
[2026-01-26T06:48:45.705+0000][66][info ][gc          ] GC(233) Pause Young (Normal) (G1 Evacuation Pause) 886M->303M(1024M) 25.853ms
[2026-01-26T06:48:45.706+0000][66][info ][gc,cpu      ] GC(233) User=0.04s Sys=0.01s Real=0.03s
[2026-01-26T06:48:45.706+0000][66][info ][safepoint   ] Safepoint "G1CollectForAllocation", Time since last: 1957946002 ns, Reaching safepoint: 23202 ns, Cleanup: 6300 ns, At safepoint: 26962851 ns, Total: 26992353 ns
[2026-01-26T06:48:46.707+0000][66][info ][safepoint   ] Safepoint "Cleanup", Time since last: 1000622697 ns, Reaching safepoint: 24402 ns, Cleanup: 17401 ns, At safepoint: 5400 ns, Total: 47203 ns
[2026-01-26T06:48:48.712+0000][66][info ][safepoint   ] Safepoint "Cleanup", Time since last: 2004518344 ns, Reaching safepoint: 138810 ns, Cleanup: 14401 ns, At safepoint: 47604 ns, Total: 200815 ns
[2026-01-26T06:48:49.645+0000][66][info ][gc,start    ] GC(234) Pause Young (Normal) (G1 Evacuation Pause)
[2026-01-26T06:48:49.645+0000][66][info ][gc,task     ] GC(234) Using 6 workers of 6 for evacuation
[2026-01-26T06:48:49.646+0000][66][debug][gc,age      ] GC(234) Desired survivor size 39845888 bytes, new threshold 15 (max threshold 15)
[2026-01-26T06:48:49.658+0000][66][info ][gc,phases   ] GC(234)   Pre Evacuate Collection Set: 0.5ms
[2026-01-26T06:48:49.659+0000][66][info ][gc,phases   ] GC(234)   Merge Heap Roots: 0.3ms
[2026-01-26T06:48:49.659+0000][66][info ][gc,phases   ] GC(234)   Evacuate Collection Set: 9.8ms
[2026-01-26T06:48:49.659+0000][66][info ][gc,phases   ] GC(234)   Post Evacuate Collection Set: 1.4ms
[2026-01-26T06:48:49.660+0000][66][info ][gc,phases   ] GC(234)   Other: 0.9ms
[2026-01-26T06:48:49.660+0000][66][trace][gc,age      ] GC(234) Age table with threshold 15 (max threshold 15)
[2026-01-26T06:48:49.660+0000][66][trace][gc,age      ] GC(234) - age   1:   13468448 bytes,   13468448 total
[2026-01-26T06:48:49.661+0000][66][trace][gc,age      ] GC(234) - age   2:    6641120 bytes,   20109568 total
[2026-01-26T06:48:49.661+0000][66][trace][gc,age      ] GC(234) - age   3:    5629648 bytes,   25739216 total
[2026-01-26T06:48:49.661+0000][66][trace][gc,age      ] GC(234) - age   4:    3825896 bytes,   29565112 total
[2026-01-26T06:48:49.662+0000][66][trace][gc,age      ] GC(234) - age   5:      10992 bytes,   29576104 total
[2026-01-26T06:48:49.662+0000][66][trace][gc,age      ] GC(234) - age   6:      67576 bytes,   29643680 total
[2026-01-26T06:48:49.662+0000][66][trace][gc,age      ] GC(234) - age   7:      70200 bytes,   29713880 total
[2026-01-26T06:48:49.663+0000][66][trace][gc,age      ] GC(234) - age   8:      74376 bytes,   29788256 total
[2026-01-26T06:48:49.663+0000][66][trace][gc,age      ] GC(234) - age   9:        856 bytes,   29789112 total
[2026-01-26T06:48:49.663+0000][66][trace][gc,age      ] GC(234) - age  10:     234312 bytes,   30023424 total
[2026-01-26T06:48:49.664+0000][66][trace][gc,age      ] GC(234) - age  11:        952 bytes,   30024376 total
[2026-01-26T06:48:49.664+0000][66][trace][gc,age      ] GC(234) - age  12:       1112 bytes,   30025488 total
[2026-01-26T06:48:49.664+0000][66][trace][gc,age      ] GC(234) - age  13:      64128 bytes,   30089616 total
[2026-01-26T06:48:49.665+0000][66][trace][gc,age      ] GC(234) - age  14:         96 bytes,   30089712 total
[2026-01-26T06:48:49.665+0000][66][trace][gc,age      ] GC(234) - age  15:     189040 bytes,   30278752 total
[2026-01-26T06:48:49.665+0000][66][info ][gc,heap     ] GC(234) Eden regions: 145->0(143)
[2026-01-26T06:48:49.666+0000][66][info ][gc,heap     ] GC(234) Survivor regions: 7->8(19)
[2026-01-26T06:48:49.666+0000][66][info ][gc,heap     ] GC(234) Old regions: 70->70
[2026-01-26T06:48:49.666+0000][66][info ][gc,heap     ] GC(234) Humongous regions: 0->0
[2026-01-26T06:48:49.667+0000][66][info ][gc,metaspace] GC(234) Metaspace: 133137K(136576K)->133137K(136576K) NonClass: 115367K(117184K)->115367K(117184K) Class: 17770K(19392K)->17770K(19392K)
[2026-01-26T06:48:49.667+0000][66][info ][gc          ] GC(234) Pause Young (Normal) (G1 Evacuation Pause) 883M->308M(1024M) 22.219ms
[2026-01-26T06:48:49.667+0000][66][info ][gc,cpu      ] GC(234) User=0.04s Sys=0.01s Real=0.02s
[2026-01-26T06:48:49.668+0000][66][info ][safepoint   ] Safepoint "G1CollectForAllocation", Time since last: 932963552 ns, Reaching safepoint: 156712 ns, Cleanup: 6900 ns, At safepoint: 23117358 ns, Total: 23280970 ns
[2026-01-26T06:48:50.740+0000][66][info ][safepoint   ] Safepoint "Cleanup", Time since last: 1071679801 ns, Reaching safepoint: 130810 ns, Cleanup: 13201 ns, At safepoint: 100508 ns, Total: 244519 ns
[2026-01-26T06:48:54.515+0000][66][info ][gc,start    ] GC(235) Pause Young (Normal) (G1 Evacuation Pause)
[2026-01-26T06:48:54.515+0000][66][info ][gc,task     ] GC(235) Using 6 workers of 6 for evacuation
[2026-01-26T06:48:54.516+0000][66][debug][gc,age      ] GC(235) Desired survivor size 39845888 bytes, new threshold 15 (max threshold 15)
[2026-01-26T06:48:54.527+0000][66][info ][gc,phases   ] GC(235)   Pre Evacuate Collection Set: 0.6ms
[2026-01-26T06:48:54.528+0000][66][info ][gc,phases   ] GC(235)   Merge Heap Roots: 0.2ms
[2026-01-26T06:48:54.529+0000][66][info ][gc,phases   ] GC(235)   Evacuate Collection Set: 7.6ms
[2026-01-26T06:48:54.529+0000][66][info ][gc,phases   ] GC(235)   Post Evacuate Collection Set: 1.9ms
[2026-01-26T06:48:54.530+0000][66][info ][gc,phases   ] GC(235)   Other: 1.7ms
[2026-01-26T06:48:54.531+0000][66][trace][gc,age      ] GC(235) Age table with threshold 15 (max threshold 15)
[2026-01-26T06:48:54.531+0000][66][trace][gc,age      ] GC(235) - age   1:   12717784 bytes,   12717784 total
[2026-01-26T06:48:54.532+0000][66][trace][gc,age      ] GC(235) - age   2:    1954280 bytes,   14672064 total
[2026-01-26T06:48:54.533+0000][66][trace][gc,age      ] GC(235) - age   3:     256488 bytes,   14928552 total
[2026-01-26T06:48:54.533+0000][66][trace][gc,age      ] GC(235) - age   4:     489496 bytes,   15418048 total
[2026-01-26T06:48:54.534+0000][66][trace][gc,age      ] GC(235) - age   5:     863480 bytes,   16281528 total
[2026-01-26T06:48:54.534+0000][66][trace][gc,age      ] GC(235) - age   6:      10992 bytes,   16292520 total
[2026-01-26T06:48:54.535+0000][66][trace][gc,age      ] GC(235) - age   7:      65656 bytes,   16358176 total
[2026-01-26T06:48:54.536+0000][66][trace][gc,age      ] GC(235) - age   8:      70200 bytes,   16428376 total
[2026-01-26T06:48:54.536+0000][66][trace][gc,age      ] GC(235) - age   9:      74376 bytes,   16502752 total
[2026-01-26T06:48:54.537+0000][66][trace][gc,age      ] GC(235) - age  10:        856 bytes,   16503608 total
[2026-01-26T06:48:54.537+0000][66][trace][gc,age      ] GC(235) - age  11:     234312 bytes,   16737920 total
[2026-01-26T06:48:54.538+0000][66][trace][gc,age      ] GC(235) - age  12:        952 bytes,   16738872 total
[2026-01-26T06:48:54.539+0000][66][trace][gc,age      ] GC(235) - age  13:       1112 bytes,   16739984 total
[2026-01-26T06:48:54.539+0000][66][trace][gc,age      ] GC(235) - age  14:      64128 bytes,   16804112 total
[2026-01-26T06:48:54.540+0000][66][trace][gc,age      ] GC(235) - age  15:         96 bytes,   16804208 total
[2026-01-26T06:48:54.540+0000][66][info ][gc,heap     ] GC(235) Eden regions: 143->0(148)
[2026-01-26T06:48:54.541+0000][66][info ][gc,heap     ] GC(235) Survivor regions: 8->5(19)
[2026-01-26T06:48:54.541+0000][66][info ][gc,heap     ] GC(235) Old regions: 70->70
[2026-01-26T06:48:54.542+0000][66][info ][gc,heap     ] GC(235) Humongous regions: 0->0
[2026-01-26T06:48:54.542+0000][66][info ][gc,metaspace] GC(235) Metaspace: 133140K(136576K)->133140K(136576K) NonClass: 115370K(117184K)->115370K(117184K) Class: 17770K(19392K)->17770K(19392K)
[2026-01-26T06:48:54.543+0000][66][info ][gc          ] GC(235) Pause Young (Normal) (G1 Evacuation Pause) 880M->296M(1024M) 28.025ms
[2026-01-26T06:48:54.543+0000][66][info ][gc,cpu      ] GC(235) User=0.03s Sys=0.01s Real=0.03s
[2026-01-26T06:48:54.544+0000][66][info ][safepoint   ] Safepoint "G1CollectForAllocation", Time since last: 3774455557 ns, Reaching safepoint: 533941 ns, Cleanup: 7900 ns, At safepoint: 29324622 ns, Total: 29866463 ns
[2026-01-26T06:48:56.569+0000][66][info ][safepoint   ] Safepoint "Cleanup", Time since last: 2025053106 ns, Reaching safepoint: 7600 ns, Cleanup: 8701 ns, At safepoint: 35702 ns, Total: 52003 ns
[2026-01-26T06:49:00.834+0000][66][info ][gc,start    ] GC(236) Pause Young (Normal) (G1 Evacuation Pause)
[2026-01-26T06:49:00.834+0000][66][info ][gc,task     ] GC(236) Using 6 workers of 6 for evacuation
[2026-01-26T06:49:00.835+0000][66][debug][gc,age      ] GC(236) Desired survivor size 41943040 bytes, new threshold 15 (max threshold 15)
[2026-01-26T06:49:00.847+0000][66][info ][gc,phases   ] GC(236)   Pre Evacuate Collection Set: 0.3ms
[2026-01-26T06:49:00.848+0000][66][info ][gc,phases   ] GC(236)   Merge Heap Roots: 0.1ms
[2026-01-26T06:49:00.848+0000][66][info ][gc,phases   ] GC(236)   Evacuate Collection Set: 10.0ms
[2026-01-26T06:49:00.848+0000][66][info ][gc,phases   ] GC(236)   Post Evacuate Collection Set: 1.2ms
[2026-01-26T06:49:00.849+0000][66][info ][gc,phases   ] GC(236)   Other: 1.0ms
[2026-01-26T06:49:00.849+0000][66][trace][gc,age      ] GC(236) Age table with threshold 15 (max threshold 15)
[2026-01-26T06:49:00.850+0000][66][trace][gc,age      ] GC(236) - age   1:   17371800 bytes,   17371800 total
[2026-01-26T06:49:00.850+0000][66][trace][gc,age      ] GC(236) - age   2:    7983768 bytes,   25355568 total
[2026-01-26T06:49:00.850+0000][66][trace][gc,age      ] GC(236) - age   3:    1801872 bytes,   27157440 total
[2026-01-26T06:49:00.851+0000][66][trace][gc,age      ] GC(236) - age   4:     256312 bytes,   27413752 total
[2026-01-26T06:49:00.851+0000][66][trace][gc,age      ] GC(236) - age   5:       1736 bytes,   27415488 total
[2026-01-26T06:49:00.851+0000][66][trace][gc,age      ] GC(236) - age   6:     259048 bytes,   27674536 total
[2026-01-26T06:49:00.852+0000][66][trace][gc,age      ] GC(236) - age   7:      10976 bytes,   27685512 total
[2026-01-26T06:49:00.852+0000][66][trace][gc,age      ] GC(236) - age   8:      65160 bytes,   27750672 total
[2026-01-26T06:49:00.852+0000][66][trace][gc,age      ] GC(236) - age   9:      70200 bytes,   27820872 total
[2026-01-26T06:49:00.853+0000][66][trace][gc,age      ] GC(236) - age  10:      74056 bytes,   27894928 total
[2026-01-26T06:49:00.853+0000][66][trace][gc,age      ] GC(236) - age  11:        856 bytes,   27895784 total
[2026-01-26T06:49:00.853+0000][66][trace][gc,age      ] GC(236) - age  12:     233992 bytes,   28129776 total
[2026-01-26T06:49:00.854+0000][66][trace][gc,age      ] GC(236) - age  13:        920 bytes,   28130696 total
[2026-01-26T06:49:00.854+0000][66][trace][gc,age      ] GC(236) - age  14:       1112 bytes,   28131808 total
[2026-01-26T06:49:00.855+0000][66][trace][gc,age      ] GC(236) - age  15:      63824 bytes,   28195632 total
[2026-01-26T06:49:00.855+0000][66][info ][gc,heap     ] GC(236) Eden regions: 148->0(143)
[2026-01-26T06:49:00.855+0000][66][info ][gc,heap     ] GC(236) Survivor regions: 5->8(20)
[2026-01-26T06:49:00.855+0000][66][info ][gc,heap     ] GC(236) Old regions: 70->70
[2026-01-26T06:49:00.856+0000][66][info ][gc,heap     ] GC(236) Humongous regions: 0->0
[2026-01-26T06:49:00.856+0000][66][info ][gc,metaspace] GC(236) Metaspace: 133141K(136576K)->133141K(136576K) NonClass: 115371K(117184K)->115371K(117184K) Class: 17770K(19392K)->17770K(19392K)
[2026-01-26T06:49:00.856+0000][66][info ][gc          ] GC(236) Pause Young (Normal) (G1 Evacuation Pause) 888M->307M(1024M) 22.611ms
[2026-01-26T06:49:00.857+0000][66][info ][gc,cpu      ] GC(236) User=0.05s Sys=0.00s Real=0.03s
[2026-01-26T06:49:00.857+0000][66][info ][safepoint   ] Safepoint "G1CollectForAllocation", Time since last: 4264693996 ns, Reaching safepoint: 17301 ns, Cleanup: 4400 ns, At safepoint: 23379775 ns, Total: 23401476 ns
[2026-01-26T06:49:03.710+0000][66][info ][safepoint   ] Safepoint "Cleanup", Time since last: 2854648686 ns, Reaching safepoint: 9301 ns, Cleanup: 9600 ns, At safepoint: 3901 ns, Total: 22802 ns
[2026-01-26T06:49:04.765+0000][66][info ][safepoint   ] Safepoint "Cleanup", Time since last: 1055622482 ns, Reaching safepoint: 150309 ns, Cleanup: 13401 ns, At safepoint: 78304 ns, Total: 242014 ns
[2026-01-26T06:49:05.715+0000][66][info ][gc,start    ] GC(237) Pause Young (Normal) (G1 Evacuation Pause)
[2026-01-26T06:49:05.715+0000][66][info ][gc,task     ] GC(237) Using 6 workers of 6 for evacuation
[2026-01-26T06:49:05.716+0000][66][debug][gc,age      ] GC(237) Desired survivor size 39845888 bytes, new threshold 15 (max threshold 15)
[2026-01-26T06:49:05.723+0000][66][info ][gc,phases   ] GC(237)   Pre Evacuate Collection Set: 0.4ms
[2026-01-26T06:49:05.724+0000][66][info ][gc,phases   ] GC(237)   Merge Heap Roots: 0.3ms
[2026-01-26T06:49:05.724+0000][66][info ][gc,phases   ] GC(237)   Evacuate Collection Set: 4.9ms
[2026-01-26T06:49:05.725+0000][66][info ][gc,phases   ] GC(237)   Post Evacuate Collection Set: 1.2ms
[2026-01-26T06:49:05.725+0000][66][info ][gc,phases   ] GC(237)   Other: 0.9ms
[2026-01-26T06:49:05.725+0000][66][trace][gc,age      ] GC(237) Age table with threshold 15 (max threshold 15)
[2026-01-26T06:49:05.726+0000][66][trace][gc,age      ] GC(237) - age   1:   10429584 bytes,   10429584 total
[2026-01-26T06:49:05.726+0000][66][trace][gc,age      ] GC(237) - age   2:       2040 bytes,   10431624 total
[2026-01-26T06:49:05.726+0000][66][trace][gc,age      ] GC(237) - age   3:      97360 bytes,   10528984 total
[2026-01-26T06:49:05.727+0000][66][trace][gc,age      ] GC(237) - age   4:       1912 bytes,   10530896 total
[2026-01-26T06:49:05.727+0000][66][trace][gc,age      ] GC(237) - age   5:     256312 bytes,   10787208 total
[2026-01-26T06:49:05.727+0000][66][trace][gc,age      ] GC(237) - age   6:       1560 bytes,   10788768 total
[2026-01-26T06:49:05.728+0000][66][trace][gc,age      ] GC(237) - age   7:     193808 bytes,   10982576 total
[2026-01-26T06:49:05.728+0000][66][trace][gc,age      ] GC(237) - age   8:       5544 bytes,   10988120 total
[2026-01-26T06:49:05.729+0000][66][trace][gc,age      ] GC(237) - age   9:       3112 bytes,   10991232 total
[2026-01-26T06:49:05.729+0000][66][trace][gc,age      ] GC(237) - age  10:      69920 bytes,   11061152 total
[2026-01-26T06:49:05.729+0000][66][trace][gc,age      ] GC(237) - age  11:      11984 bytes,   11073136 total
[2026-01-26T06:49:05.730+0000][66][trace][gc,age      ] GC(237) - age  12:        856 bytes,   11073992 total
[2026-01-26T06:49:05.730+0000][66][trace][gc,age      ] GC(237) - age  13:     172048 bytes,   11246040 total
[2026-01-26T06:49:05.730+0000][66][trace][gc,age      ] GC(237) - age  14:        672 bytes,   11246712 total
[2026-01-26T06:49:05.731+0000][66][trace][gc,age      ] GC(237) - age  15:       1112 bytes,   11247824 total
[2026-01-26T06:49:05.731+0000][66][info ][gc,heap     ] GC(237) Eden regions: 143->0(149)
[2026-01-26T06:49:05.732+0000][66][info ][gc,heap     ] GC(237) Survivor regions: 8->4(19)
[2026-01-26T06:49:05.732+0000][66][info ][gc,heap     ] GC(237) Old regions: 70->70
[2026-01-26T06:49:05.732+0000][66][info ][gc,heap     ] GC(237) Humongous regions: 0->0
[2026-01-26T06:49:05.733+0000][66][info ][gc,metaspace] GC(237) Metaspace: 133141K(136576K)->133141K(136576K) NonClass: 115371K(117184K)->115371K(117184K) Class: 17770K(19392K)->17770K(19392K)
[2026-01-26T06:49:05.733+0000][66][info ][gc          ] GC(237) Pause Young (Normal) (G1 Evacuation Pause) 879M->290M(1024M) 18.080ms
[2026-01-26T06:49:05.733+0000][66][info ][gc,cpu      ] GC(237) User=0.02s Sys=0.00s Real=0.02s
[2026-01-26T06:49:05.734+0000][66][info ][safepoint   ] Safepoint "G1CollectForAllocation", Time since last: 949447039 ns, Reaching safepoint: 17601 ns, Cleanup: 4500 ns, At safepoint: 18938914 ns, Total: 18961015 ns
[2026-01-26T06:49:06.734+0000][66][info ][safepoint   ] Safepoint "Cleanup", Time since last: 1000553144 ns, Reaching safepoint: 16201 ns, Cleanup: 10700 ns, At safepoint: 2801 ns, Total: 29702 ns
[2026-01-26T06:49:11.237+0000][66][info ][gc,start    ] GC(238) Pause Young (Normal) (G1 Evacuation Pause)
[2026-01-26T06:49:11.238+0000][66][info ][gc,task     ] GC(238) Using 6 workers of 6 for evacuation
[2026-01-26T06:49:11.238+0000][66][debug][gc,age      ] GC(238) Desired survivor size 41943040 bytes, new threshold 15 (max threshold 15)
[2026-01-26T06:49:11.248+0000][66][info ][gc,phases   ] GC(238)   Pre Evacuate Collection Set: 0.4ms
[2026-01-26T06:49:11.248+0000][66][info ][gc,phases   ] GC(238)   Merge Heap Roots: 0.1ms
[2026-01-26T06:49:11.248+0000][66][info ][gc,phases   ] GC(238)   Evacuate Collection Set: 7.5ms
[2026-01-26T06:49:11.249+0000][66][info ][gc,phases   ] GC(238)   Post Evacuate Collection Set: 1.2ms
[2026-01-26T06:49:11.249+0000][66][info ][gc,phases   ] GC(238)   Other: 0.8ms
[2026-01-26T06:49:11.250+0000][66][trace][gc,age      ] GC(238) Age table with threshold 15 (max threshold 15)
[2026-01-26T06:49:11.250+0000][66][trace][gc,age      ] GC(238) - age   1:   18094232 bytes,   18094232 total
[2026-01-26T06:49:11.250+0000][66][trace][gc,age      ] GC(238) - age   2:    6287824 bytes,   24382056 total
[2026-01-26T06:49:11.251+0000][66][trace][gc,age      ] GC(238) - age   3:       2040 bytes,   24384096 total
[2026-01-26T06:49:11.251+0000][66][trace][gc,age      ] GC(238) - age   4:      97360 bytes,   24481456 total
[2026-01-26T06:49:11.251+0000][66][trace][gc,age      ] GC(238) - age   5:       1912 bytes,   24483368 total
[2026-01-26T06:49:11.251+0000][66][trace][gc,age      ] GC(238) - age   6:     255736 bytes,   24739104 total
[2026-01-26T06:49:11.252+0000][66][trace][gc,age      ] GC(238) - age   7:       1560 bytes,   24740664 total
[2026-01-26T06:49:11.252+0000][66][trace][gc,age      ] GC(238) - age   8:     193808 bytes,   24934472 total
[2026-01-26T06:49:11.252+0000][66][trace][gc,age      ] GC(238) - age   9:       5544 bytes,   24940016 total
[2026-01-26T06:49:11.253+0000][66][trace][gc,age      ] GC(238) - age  10:       3112 bytes,   24943128 total
[2026-01-26T06:49:11.253+0000][66][trace][gc,age      ] GC(238) - age  11:      69920 bytes,   25013048 total
[2026-01-26T06:49:11.253+0000][66][trace][gc,age      ] GC(238) - age  12:      11984 bytes,   25025032 total
[2026-01-26T06:49:11.254+0000][66][trace][gc,age      ] GC(238) - age  13:        856 bytes,   25025888 total
[2026-01-26T06:49:11.254+0000][66][trace][gc,age      ] GC(238) - age  14:     172048 bytes,   25197936 total
[2026-01-26T06:49:11.254+0000][66][trace][gc,age      ] GC(238) - age  15:        672 bytes,   25198608 total
[2026-01-26T06:49:11.255+0000][66][info ][gc,heap     ] GC(238) Eden regions: 149->0(145)
[2026-01-26T06:49:11.255+0000][66][info ][gc,heap     ] GC(238) Survivor regions: 4->7(20)
[2026-01-26T06:49:11.255+0000][66][info ][gc,heap     ] GC(238) Old regions: 70->70
[2026-01-26T06:49:11.255+0000][66][info ][gc,heap     ] GC(238) Humongous regions: 0->0
[2026-01-26T06:49:11.256+0000][66][info ][gc,metaspace] GC(238) Metaspace: 133141K(136576K)->133141K(136576K) NonClass: 115371K(117184K)->115371K(117184K) Class: 17770K(19392K)->17770K(19392K)
[2026-01-26T06:49:11.256+0000][66][info ][gc          ] GC(238) Pause Young (Normal) (G1 Evacuation Pause) 886M->304M(1024M) 18.475ms
[2026-01-26T06:49:11.256+0000][66][info ][gc,cpu      ] GC(238) User=0.05s Sys=0.00s Real=0.02s
[2026-01-26T06:49:11.256+0000][66][info ][safepoint   ] Safepoint "G1CollectForAllocation", Time since last: 4502792822 ns, Reaching safepoint: 14301 ns, Cleanup: 4000 ns, At safepoint: 19104715 ns, Total: 19123016 ns
[2026-01-26T06:49:12.257+0000][66][info ][safepoint   ] Safepoint "Cleanup", Time since last: 1000455392 ns, Reaching safepoint: 15602 ns, Cleanup: 10900 ns, At safepoint: 3501 ns, Total: 30003 ns
[2026-01-26T06:49:15.932+0000][66][info ][gc,start    ] GC(239) Pause Young (Normal) (G1 Evacuation Pause)
[2026-01-26T06:49:15.932+0000][66][info ][gc,task     ] GC(239) Using 6 workers of 6 for evacuation
[2026-01-26T06:49:15.933+0000][66][debug][gc,age      ] GC(239) Desired survivor size 39845888 bytes, new threshold 15 (max threshold 15)
[2026-01-26T06:49:15.948+0000][66][info ][gc,phases   ] GC(239)   Pre Evacuate Collection Set: 0.5ms
[2026-01-26T06:49:15.948+0000][66][info ][gc,phases   ] GC(239)   Merge Heap Roots: 0.3ms
[2026-01-26T06:49:15.949+0000][66][info ][gc,phases   ] GC(239)   Evacuate Collection Set: 11.9ms
[2026-01-26T06:49:15.949+0000][66][info ][gc,phases   ] GC(239)   Post Evacuate Collection Set: 1.6ms
[2026-01-26T06:49:15.949+0000][66][info ][gc,phases   ] GC(239)   Other: 1.3ms
[2026-01-26T06:49:15.950+0000][66][trace][gc,age      ] GC(239) Age table with threshold 15 (max threshold 15)
[2026-01-26T06:49:15.950+0000][66][trace][gc,age      ] GC(239) - age   1:   16087552 bytes,   16087552 total
[2026-01-26T06:49:15.950+0000][66][trace][gc,age      ] GC(239) - age   2:    9234672 bytes,   25322224 total
[2026-01-26T06:49:15.950+0000][66][trace][gc,age      ] GC(239) - age   3:    5451136 bytes,   30773360 total
[2026-01-26T06:49:15.951+0000][66][trace][gc,age      ] GC(239) - age   4:       2040 bytes,   30775400 total
[2026-01-26T06:49:15.951+0000][66][trace][gc,age      ] GC(239) - age   5:      97048 bytes,   30872448 total
[2026-01-26T06:49:15.952+0000][66][trace][gc,age      ] GC(239) - age   6:       1912 bytes,   30874360 total
[2026-01-26T06:49:15.952+0000][66][trace][gc,age      ] GC(239) - age   7:     255736 bytes,   31130096 total
[2026-01-26T06:49:15.952+0000][66][trace][gc,age      ] GC(239) - age   8:        448 bytes,   31130544 total
[2026-01-26T06:49:15.953+0000][66][trace][gc,age      ] GC(239) - age   9:     193744 bytes,   31324288 total
[2026-01-26T06:49:15.953+0000][66][trace][gc,age      ] GC(239) - age  10:       4256 bytes,   31328544 total
[2026-01-26T06:49:15.953+0000][66][trace][gc,age      ] GC(239) - age  11:       3112 bytes,   31331656 total
[2026-01-26T06:49:15.954+0000][66][trace][gc,age      ] GC(239) - age  12:      69096 bytes,   31400752 total
[2026-01-26T06:49:15.954+0000][66][trace][gc,age      ] GC(239) - age  13:      11952 bytes,   31412704 total
[2026-01-26T06:49:15.954+0000][66][trace][gc,age      ] GC(239) - age  14:        680 bytes,   31413384 total
[2026-01-26T06:49:15.955+0000][66][trace][gc,age      ] GC(239) - age  15:     172048 bytes,   31585432 total
[2026-01-26T06:49:15.955+0000][66][info ][gc,heap     ] GC(239) Eden regions: 145->0(141)
[2026-01-26T06:49:15.955+0000][66][info ][gc,heap     ] GC(239) Survivor regions: 7->9(19)
[2026-01-26T06:49:15.956+0000][66][info ][gc,heap     ] GC(239) Old regions: 70->70
[2026-01-26T06:49:15.956+0000][66][info ][gc,heap     ] GC(239) Humongous regions: 0->0
[2026-01-26T06:49:15.956+0000][66][info ][gc,metaspace] GC(239) Metaspace: 133141K(136576K)->133141K(136576K) NonClass: 115371K(117184K)->115371K(117184K) Class: 17770K(19392K)->17770K(19392K)
[2026-01-26T06:49:15.957+0000][66][info ][gc          ] GC(239) Pause Young (Normal) (G1 Evacuation Pause) 884M->310M(1024M) 24.790ms
[2026-01-26T06:49:15.957+0000][66][info ][gc,cpu      ] GC(239) User=0.05s Sys=0.01s Real=0.03s
[2026-01-26T06:49:15.957+0000][66][info ][safepoint   ] Safepoint "G1CollectForAllocation", Time since last: 3674865549 ns, Reaching safepoint: 23102 ns, Cleanup: 6500 ns, At safepoint: 25555312 ns, Total: 25584914 ns
[2026-01-26T06:49:18.288+0000][66][info ][safepoint   ] Safepoint "Cleanup", Time since last: 2330275037 ns, Reaching safepoint: 22002 ns, Cleanup: 16401 ns, At safepoint: 3300 ns, Total: 41703 ns
[2026-01-26T06:49:21.042+0000][66][info ][gc,start    ] GC(240) Pause Young (Normal) (G1 Evacuation Pause)
[2026-01-26T06:49:21.043+0000][66][info ][gc,task     ] GC(240) Using 6 workers of 6 for evacuation
[2026-01-26T06:49:21.043+0000][66][debug][gc,age      ] GC(240) Desired survivor size 39845888 bytes, new threshold 15 (max threshold 15)
[2026-01-26T06:49:21.053+0000][66][info ][gc,phases   ] GC(240)   Pre Evacuate Collection Set: 0.3ms
[2026-01-26T06:49:21.053+0000][66][info ][gc,phases   ] GC(240)   Merge Heap Roots: 0.2ms
[2026-01-26T06:49:21.054+0000][66][info ][gc,phases   ] GC(240)   Evacuate Collection Set: 7.2ms
[2026-01-26T06:49:21.054+0000][66][info ][gc,phases   ] GC(240)   Post Evacuate Collection Set: 1.2ms
[2026-01-26T06:49:21.054+0000][66][info ][gc,phases   ] GC(240)   Other: 0.9ms
[2026-01-26T06:49:21.055+0000][66][trace][gc,age      ] GC(240) Age table with threshold 15 (max threshold 15)
[2026-01-26T06:49:21.055+0000][66][trace][gc,age      ] GC(240) - age   1:   17517720 bytes,   17517720 total
[2026-01-26T06:49:21.055+0000][66][trace][gc,age      ] GC(240) - age   2:    1657520 bytes,   19175240 total
[2026-01-26T06:49:21.056+0000][66][trace][gc,age      ] GC(240) - age   3:        672 bytes,   19175912 total
[2026-01-26T06:49:21.056+0000][66][trace][gc,age      ] GC(240) - age   4:     206288 bytes,   19382200 total
[2026-01-26T06:49:21.056+0000][66][trace][gc,age      ] GC(240) - age   5:       2040 bytes,   19384240 total
[2026-01-26T06:49:21.057+0000][66][trace][gc,age      ] GC(240) - age   6:      95608 bytes,   19479848 total
[2026-01-26T06:49:21.057+0000][66][trace][gc,age      ] GC(240) - age   7:       1320 bytes,   19481168 total
[2026-01-26T06:49:21.058+0000][66][trace][gc,age      ] GC(240) - age   8:     255736 bytes,   19736904 total
[2026-01-26T06:49:21.058+0000][66][trace][gc,age      ] GC(240) - age   9:        448 bytes,   19737352 total
[2026-01-26T06:49:21.058+0000][66][trace][gc,age      ] GC(240) - age  10:     193720 bytes,   19931072 total
[2026-01-26T06:49:21.059+0000][66][trace][gc,age      ] GC(240) - age  11:       4256 bytes,   19935328 total
[2026-01-26T06:49:21.059+0000][66][trace][gc,age      ] GC(240) - age  12:       3112 bytes,   19938440 total
[2026-01-26T06:49:21.059+0000][66][trace][gc,age      ] GC(240) - age  13:      69096 bytes,   20007536 total
[2026-01-26T06:49:21.060+0000][66][trace][gc,age      ] GC(240) - age  14:      11952 bytes,   20019488 total
[2026-01-26T06:49:21.060+0000][66][trace][gc,age      ] GC(240) - age  15:        680 bytes,   20020168 total
[2026-01-26T06:49:21.060+0000][66][info ][gc,heap     ] GC(240) Eden regions: 141->0(147)
[2026-01-26T06:49:21.061+0000][66][info ][gc,heap     ] GC(240) Survivor regions: 9->6(19)
[2026-01-26T06:49:21.061+0000][66][info ][gc,heap     ] GC(240) Old regions: 70->70
[2026-01-26T06:49:21.061+0000][66][info ][gc,heap     ] GC(240) Humongous regions: 0->0
[2026-01-26T06:49:21.062+0000][66][info ][gc,metaspace] GC(240) Metaspace: 133141K(136576K)->133141K(136576K) NonClass: 115371K(117184K)->115371K(117184K) Class: 17770K(19392K)->17770K(19392K)
[2026-01-26T06:49:21.062+0000][66][info ][gc          ] GC(240) Pause Young (Normal) (G1 Evacuation Pause) 874M->298M(1024M) 19.677ms
[2026-01-26T06:49:21.062+0000][66][info ][gc,cpu      ] GC(240) User=0.04s Sys=0.01s Real=0.02s
[2026-01-26T06:49:21.063+0000][66][info ][safepoint   ] Safepoint "G1CollectForAllocation", Time since last: 2754636185 ns, Reaching safepoint: 15802 ns, Cleanup: 4200 ns, At safepoint: 20360623 ns, Total: 20380625 ns
[2026-01-26T06:49:27.115+0000][66][info ][gc,start    ] GC(241) Pause Young (Normal) (G1 Evacuation Pause)
[2026-01-26T06:49:27.116+0000][66][info ][gc,task     ] GC(241) Using 6 workers of 6 for evacuation
[2026-01-26T06:49:27.116+0000][66][debug][gc,age      ] GC(241) Desired survivor size 41943040 bytes, new threshold 15 (max threshold 15)
[2026-01-26T06:49:27.132+0000][66][info ][gc,phases   ] GC(241)   Pre Evacuate Collection Set: 1.5ms
[2026-01-26T06:49:27.133+0000][66][info ][gc,phases   ] GC(241)   Merge Heap Roots: 0.9ms
[2026-01-26T06:49:27.134+0000][66][info ][gc,phases   ] GC(241)   Evacuate Collection Set: 11.6ms
[2026-01-26T06:49:27.134+0000][66][info ][gc,phases   ] GC(241)   Post Evacuate Collection Set: 1.6ms
[2026-01-26T06:49:27.135+0000][66][info ][gc,phases   ] GC(241)   Other: 0.9ms
[2026-01-26T06:49:27.135+0000][66][trace][gc,age      ] GC(241) Age table with threshold 15 (max threshold 15)
[2026-01-26T06:49:27.136+0000][66][trace][gc,age      ] GC(241) - age   1:   23126496 bytes,   23126496 total
[2026-01-26T06:49:27.136+0000][66][trace][gc,age      ] GC(241) - age   2:   11160624 bytes,   34287120 total
[2026-01-26T06:49:27.137+0000][66][trace][gc,age      ] GC(241) - age   3:    1621712 bytes,   35908832 total
[2026-01-26T06:49:27.137+0000][66][trace][gc,age      ] GC(241) - age   4:        672 bytes,   35909504 total
[2026-01-26T06:49:27.138+0000][66][trace][gc,age      ] GC(241) - age   5:     206288 bytes,   36115792 total
[2026-01-26T06:49:27.138+0000][66][trace][gc,age      ] GC(241) - age   6:       2040 bytes,   36117832 total
[2026-01-26T06:49:27.139+0000][66][trace][gc,age      ] GC(241) - age   7:      95608 bytes,   36213440 total
[2026-01-26T06:49:27.139+0000][66][trace][gc,age      ] GC(241) - age   8:       1320 bytes,   36214760 total
[2026-01-26T06:49:27.140+0000][66][trace][gc,age      ] GC(241) - age   9:     255736 bytes,   36470496 total
[2026-01-26T06:49:27.141+0000][66][trace][gc,age      ] GC(241) - age  10:        448 bytes,   36470944 total
[2026-01-26T06:49:27.141+0000][66][trace][gc,age      ] GC(241) - age  11:     193720 bytes,   36664664 total
[2026-01-26T06:49:27.142+0000][66][trace][gc,age      ] GC(241) - age  12:       4256 bytes,   36668920 total
[2026-01-26T06:49:27.142+0000][66][trace][gc,age      ] GC(241) - age  13:       2760 bytes,   36671680 total
[2026-01-26T06:49:27.143+0000][66][trace][gc,age      ] GC(241) - age  14:      68736 bytes,   36740416 total
[2026-01-26T06:49:27.143+0000][66][trace][gc,age      ] GC(241) - age  15:      11952 bytes,   36752368 total
[2026-01-26T06:49:27.144+0000][66][info ][gc,heap     ] GC(241) Eden regions: 147->0(139)
[2026-01-26T06:49:27.144+0000][66][info ][gc,heap     ] GC(241) Survivor regions: 6->10(20)
[2026-01-26T06:49:27.145+0000][66][info ][gc,heap     ] GC(241) Old regions: 70->70
[2026-01-26T06:49:27.145+0000][66][info ][gc,heap     ] GC(241) Humongous regions: 0->0
[2026-01-26T06:49:27.146+0000][66][info ][gc,metaspace] GC(241) Metaspace: 133141K(136576K)->133141K(136576K) NonClass: 115371K(117184K)->115371K(117184K) Class: 17770K(19392K)->17770K(19392K)
[2026-01-26T06:49:27.146+0000][66][info ][gc          ] GC(241) Pause Young (Normal) (G1 Evacuation Pause) 886M->316M(1024M) 30.686ms
[2026-01-26T06:49:27.147+0000][66][info ][gc,cpu      ] GC(241) User=0.06s Sys=0.01s Real=0.03s
[2026-01-26T06:49:27.147+0000][66][info ][safepoint   ] Safepoint "G1CollectForAllocation", Time since last: 6052662367 ns, Reaching safepoint: 56704 ns, Cleanup: 5500 ns, At safepoint: 31665058 ns, Total: 31727262 ns
[2026-01-26T06:49:28.309+0000][66][info ][safepoint   ] Safepoint "Cleanup", Time since last: 1162356350 ns, Reaching safepoint: 9001 ns, Cleanup: 10100 ns, At safepoint: 9001 ns, Total: 28102 ns
[2026-01-26T06:49:29.460+0000][66][info ][safepoint   ] Safepoint "Cleanup", Time since last: 1149985929 ns, Reaching safepoint: 132410 ns, Cleanup: 36703 ns, At safepoint: 136110 ns, Total: 305223 ns
[2026-01-26T06:49:30.504+0000][66][info ][safepoint   ] Safepoint "Cleanup", Time since last: 1044054041 ns, Reaching safepoint: 11501 ns, Cleanup: 11601 ns, At safepoint: 44003 ns, Total: 67105 ns
[2026-01-26T06:49:31.075+0000][66][info ][gc,start    ] GC(242) Pause Young (Normal) (G1 Evacuation Pause)
[2026-01-26T06:49:31.075+0000][66][info ][gc,task     ] GC(242) Using 6 workers of 6 for evacuation
[2026-01-26T06:49:31.076+0000][66][debug][gc,age      ] GC(242) Desired survivor size 39845888 bytes, new threshold 15 (max threshold 15)
[2026-01-26T06:49:31.097+0000][66][info ][gc,phases   ] GC(242)   Pre Evacuate Collection Set: 0.5ms
[2026-01-26T06:49:31.097+0000][66][info ][gc,phases   ] GC(242)   Merge Heap Roots: 0.2ms
[2026-01-26T06:49:31.098+0000][66][info ][gc,phases   ] GC(242)   Evacuate Collection Set: 17.3ms
[2026-01-26T06:49:31.098+0000][66][info ][gc,phases   ] GC(242)   Post Evacuate Collection Set: 2.7ms
[2026-01-26T06:49:31.099+0000][66][info ][gc,phases   ] GC(242)   Other: 0.9ms
[2026-01-26T06:49:31.099+0000][66][trace][gc,age      ] GC(242) Age table with threshold 15 (max threshold 15)
[2026-01-26T06:49:31.099+0000][66][trace][gc,age      ] GC(242) - age   1:   14472192 bytes,   14472192 total
[2026-01-26T06:49:31.100+0000][66][trace][gc,age      ] GC(242) - age   2:   14666832 bytes,   29139024 total
[2026-01-26T06:49:31.100+0000][66][trace][gc,age      ] GC(242) - age   3:   10305440 bytes,   39444464 total
[2026-01-26T06:49:31.101+0000][66][trace][gc,age      ] GC(242) - age   4:    1374976 bytes,   40819440 total
[2026-01-26T06:49:31.101+0000][66][trace][gc,age      ] GC(242) - age   5:         32 bytes,   40819472 total
[2026-01-26T06:49:31.102+0000][66][trace][gc,age      ] GC(242) - age   6:     205608 bytes,   41025080 total
[2026-01-26T06:49:31.102+0000][66][trace][gc,age      ] GC(242) - age   7:       1864 bytes,   41026944 total
[2026-01-26T06:49:31.103+0000][66][trace][gc,age      ] GC(242) - age   8:      95608 bytes,   41122552 total
[2026-01-26T06:49:31.103+0000][66][trace][gc,age      ] GC(242) - age   9:       1320 bytes,   41123872 total
[2026-01-26T06:49:31.103+0000][66][trace][gc,age      ] GC(242) - age  10:        624 bytes,   41124496 total
[2026-01-26T06:49:31.104+0000][66][trace][gc,age      ] GC(242) - age  11:        448 bytes,   41124944 total
[2026-01-26T06:49:31.104+0000][66][trace][gc,age      ] GC(242) - age  12:     193208 bytes,   41318152 total
[2026-01-26T06:49:31.105+0000][66][trace][gc,age      ] GC(242) - age  13:       4224 bytes,   41322376 total
[2026-01-26T06:49:31.105+0000][66][trace][gc,age      ] GC(242) - age  14:       2168 bytes,   41324544 total
[2026-01-26T06:49:31.105+0000][66][trace][gc,age      ] GC(242) - age  15:       4344 bytes,   41328888 total
[2026-01-26T06:49:31.106+0000][66][info ][gc,heap     ] GC(242) Eden regions: 139->0(137)
[2026-01-26T06:49:31.106+0000][66][info ][gc,heap     ] GC(242) Survivor regions: 10->11(19)
[2026-01-26T06:49:31.106+0000][66][info ][gc,heap     ] GC(242) Old regions: 70->70
[2026-01-26T06:49:31.107+0000][66][info ][gc,heap     ] GC(242) Humongous regions: 0->0
[2026-01-26T06:49:31.107+0000][66][info ][gc,metaspace] GC(242) Metaspace: 133145K(136576K)->133145K(136576K) NonClass: 115374K(117184K)->115374K(117184K) Class: 17770K(19392K)->17770K(19392K)
[2026-01-26T06:49:31.108+0000][66][info ][gc          ] GC(242) Pause Young (Normal) (G1 Evacuation Pause) 872M->321M(1024M) 32.877ms
[2026-01-26T06:49:31.108+0000][66][info ][gc,cpu      ] GC(242) User=0.08s Sys=0.01s Real=0.03s
[2026-01-26T06:49:31.109+0000][66][info ][safepoint   ] Safepoint "G1CollectForAllocation", Time since last: 570811503 ns, Reaching safepoint: 22102 ns, Cleanup: 6900 ns, At safepoint: 33925126 ns, Total: 33954128 ns
[2026-01-26T06:49:35.975+0000][66][info ][gc,start    ] GC(243) Pause Young (Normal) (G1 Evacuation Pause)
[2026-01-26T06:49:35.975+0000][66][info ][gc,task     ] GC(243) Using 6 workers of 6 for evacuation
[2026-01-26T06:49:35.976+0000][66][debug][gc,age      ] GC(243) Desired survivor size 39845888 bytes, new threshold 4 (max threshold 15)
[2026-01-26T06:49:35.982+0000][66][info ][gc,phases   ] GC(243)   Pre Evacuate Collection Set: 0.4ms
[2026-01-26T06:49:35.983+0000][66][info ][gc,phases   ] GC(243)   Merge Heap Roots: 0.2ms
[2026-01-26T06:49:35.983+0000][66][info ][gc,phases   ] GC(243)   Evacuate Collection Set: 4.6ms
[2026-01-26T06:49:35.984+0000][66][info ][gc,phases   ] GC(243)   Post Evacuate Collection Set: 1.1ms
[2026-01-26T06:49:35.984+0000][66][info ][gc,phases   ] GC(243)   Other: 0.9ms
[2026-01-26T06:49:35.984+0000][66][trace][gc,age      ] GC(243) Age table with threshold 4 (max threshold 15)
[2026-01-26T06:49:35.985+0000][66][trace][gc,age      ] GC(243) - age   1:    5319912 bytes,    5319912 total
[2026-01-26T06:49:35.985+0000][66][trace][gc,age      ] GC(243) - age   2:      76520 bytes,    5396432 total
[2026-01-26T06:49:35.986+0000][66][trace][gc,age      ] GC(243) - age   3:        904 bytes,    5397336 total
[2026-01-26T06:49:35.986+0000][66][trace][gc,age      ] GC(243) - age   4:     109744 bytes,    5507080 total
[2026-01-26T06:49:35.987+0000][66][info ][gc,heap     ] GC(243) Eden regions: 137->0(150)
[2026-01-26T06:49:35.987+0000][66][info ][gc,heap     ] GC(243) Survivor regions: 11->3(19)
[2026-01-26T06:49:35.987+0000][66][info ][gc,heap     ] GC(243) Old regions: 70->70
[2026-01-26T06:49:35.988+0000][66][info ][gc,heap     ] GC(243) Humongous regions: 0->0
[2026-01-26T06:49:35.988+0000][66][info ][gc,metaspace] GC(243) Metaspace: 133151K(136576K)->133151K(136576K) NonClass: 115380K(117184K)->115380K(117184K) Class: 17770K(19392K)->17770K(19392K)
[2026-01-26T06:49:35.989+0000][66][info ][gc          ] GC(243) Pause Young (Normal) (G1 Evacuation Pause) 869M->287M(1024M) 13.984ms
[2026-01-26T06:49:35.989+0000][66][info ][gc,cpu      ] GC(243) User=0.02s Sys=0.01s Real=0.01s
[2026-01-26T06:49:35.989+0000][66][info ][safepoint   ] Safepoint "G1CollectForAllocation", Time since last: 4868151606 ns, Reaching safepoint: 17501 ns, Cleanup: 4600 ns, At safepoint: 14788355 ns, Total: 14810456 ns
[2026-01-26T06:49:40.857+0000][66][info ][gc,start    ] GC(244) Pause Young (Normal) (G1 Evacuation Pause)
[2026-01-26T06:49:40.857+0000][66][info ][gc,task     ] GC(244) Using 6 workers of 6 for evacuation
[2026-01-26T06:49:40.857+0000][66][debug][gc,age      ] GC(244) Desired survivor size 41943040 bytes, new threshold 15 (max threshold 15)
[2026-01-26T06:49:40.867+0000][66][info ][gc,phases   ] GC(244)   Pre Evacuate Collection Set: 0.3ms
[2026-01-26T06:49:40.867+0000][66][info ][gc,phases   ] GC(244)   Merge Heap Roots: 0.1ms
[2026-01-26T06:49:40.867+0000][66][info ][gc,phases   ] GC(244)   Evacuate Collection Set: 7.0ms
[2026-01-26T06:49:40.868+0000][66][info ][gc,phases   ] GC(244)   Post Evacuate Collection Set: 1.0ms
[2026-01-26T06:49:40.868+0000][66][info ][gc,phases   ] GC(244)   Other: 1.0ms
[2026-01-26T06:49:40.869+0000][66][trace][gc,age      ] GC(244) Age table with threshold 15 (max threshold 15)
[2026-01-26T06:49:40.869+0000][66][trace][gc,age      ] GC(244) - age   1:   19116472 bytes,   19116472 total
[2026-01-26T06:49:40.870+0000][66][trace][gc,age      ] GC(244) - age   2:    3079400 bytes,   22195872 total
[2026-01-26T06:49:40.870+0000][66][trace][gc,age      ] GC(244) - age   3:      76520 bytes,   22272392 total
[2026-01-26T06:49:40.870+0000][66][trace][gc,age      ] GC(244) - age   4:        904 bytes,   22273296 total
[2026-01-26T06:49:40.871+0000][66][trace][gc,age      ] GC(244) - age   5:     109744 bytes,   22383040 total
[2026-01-26T06:49:40.871+0000][66][info ][gc,heap     ] GC(244) Eden regions: 150->0(147)
[2026-01-26T06:49:40.872+0000][66][info ][gc,heap     ] GC(244) Survivor regions: 3->6(20)
[2026-01-26T06:49:40.872+0000][66][info ][gc,heap     ] GC(244) Old regions: 70->70
[2026-01-26T06:49:40.872+0000][66][info ][gc,heap     ] GC(244) Humongous regions: 0->0
[2026-01-26T06:49:40.873+0000][66][info ][gc,metaspace] GC(244) Metaspace: 133151K(136576K)->133151K(136576K) NonClass: 115380K(117184K)->115380K(117184K) Class: 17770K(19392K)->17770K(19392K)
[2026-01-26T06:49:40.873+0000][66][info ][gc          ] GC(244) Pause Young (Normal) (G1 Evacuation Pause) 887M->301M(1024M) 16.361ms
[2026-01-26T06:49:40.873+0000][66][info ][gc,cpu      ] GC(244) User=0.03s Sys=0.01s Real=0.02s
[2026-01-26T06:49:40.874+0000][66][info ][safepoint   ] Safepoint "G1CollectForAllocation", Time since last: 4867158267 ns, Reaching safepoint: 16001 ns, Cleanup: 4201 ns, At safepoint: 17121786 ns, Total: 17141988 ns
[2026-01-26T06:49:41.874+0000][66][info ][safepoint   ] Safepoint "Cleanup", Time since last: 1000520692 ns, Reaching safepoint: 118709 ns, Cleanup: 10601 ns, At safepoint: 33603 ns, Total: 162913 ns
[2026-01-26T06:49:44.938+0000][66][info ][gc,start    ] GC(245) Pause Young (Normal) (G1 Evacuation Pause)
[2026-01-26T06:49:44.938+0000][66][info ][gc,task     ] GC(245) Using 6 workers of 6 for evacuation
[2026-01-26T06:49:44.938+0000][66][debug][gc,age      ] GC(245) Desired survivor size 41943040 bytes, new threshold 15 (max threshold 15)
[2026-01-26T06:49:44.945+0000][66][info ][gc,phases   ] GC(245)   Pre Evacuate Collection Set: 0.3ms
[2026-01-26T06:49:44.945+0000][66][info ][gc,phases   ] GC(245)   Merge Heap Roots: 0.2ms
[2026-01-26T06:49:44.946+0000][66][info ][gc,phases   ] GC(245)   Evacuate Collection Set: 4.7ms
[2026-01-26T06:49:44.946+0000][66][info ][gc,phases   ] GC(245)   Post Evacuate Collection Set: 1.1ms
[2026-01-26T06:49:44.946+0000][66][info ][gc,phases   ] GC(245)   Other: 0.7ms
[2026-01-26T06:49:44.946+0000][66][trace][gc,age      ] GC(245) Age table with threshold 15 (max threshold 15)
[2026-01-26T06:49:44.947+0000][66][trace][gc,age      ] GC(245) - age   1:   10743160 bytes,   10743160 total
[2026-01-26T06:49:44.947+0000][66][trace][gc,age      ] GC(245) - age   3:     307592 bytes,   11050752 total
[2026-01-26T06:49:44.947+0000][66][trace][gc,age      ] GC(245) - age   4:      76272 bytes,   11127024 total
[2026-01-26T06:49:44.947+0000][66][trace][gc,age      ] GC(245) - age   5:        904 bytes,   11127928 total
[2026-01-26T06:49:44.948+0000][66][trace][gc,age      ] GC(245) - age   6:     107816 bytes,   11235744 total
[2026-01-26T06:49:44.948+0000][66][info ][gc,heap     ] GC(245) Eden regions: 147->0(149)
[2026-01-26T06:49:44.948+0000][66][info ][gc,heap     ] GC(245) Survivor regions: 6->4(20)
[2026-01-26T06:49:44.948+0000][66][info ][gc,heap     ] GC(245) Old regions: 70->70
[2026-01-26T06:49:44.948+0000][66][info ][gc,heap     ] GC(245) Humongous regions: 0->0
[2026-01-26T06:49:44.949+0000][66][info ][gc,metaspace] GC(245) Metaspace: 133151K(136576K)->133151K(136576K) NonClass: 115381K(117184K)->115381K(117184K) Class: 17770K(19392K)->17770K(19392K)
[2026-01-26T06:49:44.949+0000][66][info ][gc          ] GC(245) Pause Young (Normal) (G1 Evacuation Pause) 889M->291M(1024M) 11.279ms
[2026-01-26T06:49:44.949+0000][66][info ][gc,cpu      ] GC(245) User=0.03s Sys=0.00s Real=0.01s
[2026-01-26T06:49:44.950+0000][66][info ][safepoint   ] Safepoint "G1CollectForAllocation", Time since last: 3063306616 ns, Reaching safepoint: 17901 ns, Cleanup: 5300 ns, At safepoint: 11895194 ns, Total: 11918395 ns
[2026-01-26T06:49:47.950+0000][66][info ][safepoint   ] Safepoint "Cleanup", Time since last: 3000757375 ns, Reaching safepoint: 18601 ns, Cleanup: 42103 ns, At safepoint: 4501 ns, Total: 65205 ns
[2026-01-26T06:49:49.951+0000][66][info ][safepoint   ] Safepoint "Cleanup", Time since last: 2000682283 ns, Reaching safepoint: 19602 ns, Cleanup: 13901 ns, At safepoint: 4300 ns, Total: 37803 ns
[2026-01-26T06:49:50.579+0000][66][info ][gc,start    ] GC(246) Pause Young (Normal) (G1 Evacuation Pause)
[2026-01-26T06:49:50.579+0000][66][info ][gc,task     ] GC(246) Using 6 workers of 6 for evacuation
[2026-01-26T06:49:50.580+0000][66][debug][gc,age      ] GC(246) Desired survivor size 41943040 bytes, new threshold 15 (max threshold 15)
[2026-01-26T06:49:50.590+0000][66][info ][gc,phases   ] GC(246)   Pre Evacuate Collection Set: 0.4ms
[2026-01-26T06:49:50.591+0000][66][info ][gc,phases   ] GC(246)   Merge Heap Roots: 0.2ms
[2026-01-26T06:49:50.591+0000][66][info ][gc,phases   ] GC(246)   Evacuate Collection Set: 8.4ms
[2026-01-26T06:49:50.592+0000][66][info ][gc,phases   ] GC(246)   Post Evacuate Collection Set: 1.0ms
[2026-01-26T06:49:50.592+0000][66][info ][gc,phases   ] GC(246)   Other: 0.8ms
[2026-01-26T06:49:50.592+0000][66][trace][gc,age      ] GC(246) Age table with threshold 15 (max threshold 15)
[2026-01-26T06:49:50.593+0000][66][trace][gc,age      ] GC(246) - age   1:   22479960 bytes,   22479960 total
[2026-01-26T06:49:50.593+0000][66][trace][gc,age      ] GC(246) - age   2:    6750264 bytes,   29230224 total
[2026-01-26T06:49:50.593+0000][66][trace][gc,age      ] GC(246) - age   4:     307056 bytes,   29537280 total
[2026-01-26T06:49:50.594+0000][66][trace][gc,age      ] GC(246) - age   5:      75864 bytes,   29613144 total
[2026-01-26T06:49:50.594+0000][66][trace][gc,age      ] GC(246) - age   6:        904 bytes,   29614048 total
[2026-01-26T06:49:50.594+0000][66][trace][gc,age      ] GC(246) - age   7:     107248 bytes,   29721296 total
[2026-01-26T06:49:50.594+0000][66][info ][gc,heap     ] GC(246) Eden regions: 149->0(143)
[2026-01-26T06:49:50.595+0000][66][info ][gc,heap     ] GC(246) Survivor regions: 4->8(20)
[2026-01-26T06:49:50.595+0000][66][info ][gc,heap     ] GC(246) Old regions: 70->70
[2026-01-26T06:49:50.595+0000][66][info ][gc,heap     ] GC(246) Humongous regions: 0->0
[2026-01-26T06:49:50.596+0000][66][info ][gc,metaspace] GC(246) Metaspace: 133152K(136576K)->133152K(136576K) NonClass: 115382K(117184K)->115382K(117184K) Class: 17770K(19392K)->17770K(19392K)
[2026-01-26T06:49:50.596+0000][66][info ][gc          ] GC(246) Pause Young (Normal) (G1 Evacuation Pause) 887M->309M(1024M) 17.010ms
[2026-01-26T06:49:50.596+0000][66][info ][gc,cpu      ] GC(246) User=0.04s Sys=0.00s Real=0.01s
[2026-01-26T06:49:50.597+0000][66][info ][safepoint   ] Safepoint "G1CollectForAllocation", Time since last: 627875890 ns, Reaching safepoint: 15901 ns, Cleanup: 4200 ns, At safepoint: 17684132 ns, Total: 17704233 ns
[2026-01-26T06:49:55.827+0000][66][info ][gc,start    ] GC(247) Pause Young (Normal) (G1 Evacuation Pause)
[2026-01-26T06:49:55.828+0000][66][info ][gc,task     ] GC(247) Using 6 workers of 6 for evacuation
[2026-01-26T06:49:55.828+0000][66][debug][gc,age      ] GC(247) Desired survivor size 39845888 bytes, new threshold 15 (max threshold 15)
[2026-01-26T06:49:55.841+0000][66][info ][gc,phases   ] GC(247)   Pre Evacuate Collection Set: 0.4ms
[2026-01-26T06:49:55.842+0000][66][info ][gc,phases   ] GC(247)   Merge Heap Roots: 0.2ms
[2026-01-26T06:49:55.842+0000][66][info ][gc,phases   ] GC(247)   Evacuate Collection Set: 10.5ms
[2026-01-26T06:49:55.843+0000][66][info ][gc,phases   ] GC(247)   Post Evacuate Collection Set: 1.3ms
[2026-01-26T06:49:55.843+0000][66][info ][gc,phases   ] GC(247)   Other: 1.0ms
[2026-01-26T06:49:55.844+0000][66][trace][gc,age      ] GC(247) Age table with threshold 15 (max threshold 15)
[2026-01-26T06:49:55.844+0000][66][trace][gc,age      ] GC(247) - age   1:   17069344 bytes,   17069344 total
[2026-01-26T06:49:55.845+0000][66][trace][gc,age      ] GC(247) - age   2:   13018352 bytes,   30087696 total
[2026-01-26T06:49:55.846+0000][66][trace][gc,age      ] GC(247) - age   3:    5676720 bytes,   35764416 total
[2026-01-26T06:49:55.846+0000][66][trace][gc,age      ] GC(247) - age   5:     306808 bytes,   36071224 total
[2026-01-26T06:49:55.847+0000][66][trace][gc,age      ] GC(247) - age   6:      75864 bytes,   36147088 total
[2026-01-26T06:49:55.847+0000][66][trace][gc,age      ] GC(247) - age   7:        904 bytes,   36147992 total
[2026-01-26T06:49:55.847+0000][66][trace][gc,age      ] GC(247) - age   8:     107248 bytes,   36255240 total
[2026-01-26T06:49:55.848+0000][66][info ][gc,heap     ] GC(247) Eden regions: 143->0(139)
[2026-01-26T06:49:55.848+0000][66][info ][gc,heap     ] GC(247) Survivor regions: 8->10(19)
[2026-01-26T06:49:55.849+0000][66][info ][gc,heap     ] GC(247) Old regions: 70->70
[2026-01-26T06:49:55.849+0000][66][info ][gc,heap     ] GC(247) Humongous regions: 0->0
[2026-01-26T06:49:55.850+0000][66][info ][gc,metaspace] GC(247) Metaspace: 133152K(136576K)->133152K(136576K) NonClass: 115382K(117184K)->115382K(117184K) Class: 17770K(19392K)->17770K(19392K)
[2026-01-26T06:49:55.850+0000][66][info ][gc          ] GC(247) Pause Young (Normal) (G1 Evacuation Pause) 881M->317M(1024M) 22.629ms
[2026-01-26T06:49:55.850+0000][66][info ][gc,cpu      ] GC(247) User=0.05s Sys=0.00s Real=0.03s
[2026-01-26T06:49:55.851+0000][66][info ][safepoint   ] Safepoint "G1CollectForAllocation", Time since last: 5230525536 ns, Reaching safepoint: 52104 ns, Cleanup: 4800 ns, At safepoint: 23568333 ns, Total: 23625237 ns
[2026-01-26T06:50:02.252+0000][66][info ][gc,start    ] GC(248) Pause Young (Normal) (G1 Evacuation Pause)
[2026-01-26T06:50:02.252+0000][66][info ][gc,task     ] GC(248) Using 6 workers of 6 for evacuation
[2026-01-26T06:50:02.252+0000][66][debug][gc,age      ] GC(248) Desired survivor size 39845888 bytes, new threshold 15 (max threshold 15)
[2026-01-26T06:50:02.262+0000][66][info ][gc,phases   ] GC(248)   Pre Evacuate Collection Set: 0.4ms
[2026-01-26T06:50:02.263+0000][66][info ][gc,phases   ] GC(248)   Merge Heap Roots: 0.1ms
[2026-01-26T06:50:02.263+0000][66][info ][gc,phases   ] GC(248)   Evacuate Collection Set: 7.6ms
[2026-01-26T06:50:02.264+0000][66][info ][gc,phases   ] GC(248)   Post Evacuate Collection Set: 1.2ms
[2026-01-26T06:50:02.264+0000][66][info ][gc,phases   ] GC(248)   Other: 0.9ms
[2026-01-26T06:50:02.265+0000][66][trace][gc,age      ] GC(248) Age table with threshold 15 (max threshold 15)
[2026-01-26T06:50:02.265+0000][66][trace][gc,age      ] GC(248) - age   1:   22368776 bytes,   22368776 total
[2026-01-26T06:50:02.265+0000][66][trace][gc,age      ] GC(248) - age   2:    2398800 bytes,   24767576 total
[2026-01-26T06:50:02.266+0000][66][trace][gc,age      ] GC(248) - age   3:     257592 bytes,   25025168 total
[2026-01-26T06:50:02.266+0000][66][trace][gc,age      ] GC(248) - age   4:      66448 bytes,   25091616 total
[2026-01-26T06:50:02.266+0000][66][trace][gc,age      ] GC(248) - age   6:     302000 bytes,   25393616 total
[2026-01-26T06:50:02.267+0000][66][trace][gc,age      ] GC(248) - age   7:      75320 bytes,   25468936 total
[2026-01-26T06:50:02.267+0000][66][trace][gc,age      ] GC(248) - age   8:        904 bytes,   25469840 total
[2026-01-26T06:50:02.268+0000][66][trace][gc,age      ] GC(248) - age   9:     107248 bytes,   25577088 total
[2026-01-26T06:50:02.268+0000][66][info ][gc,heap     ] GC(248) Eden regions: 139->0(145)
[2026-01-26T06:50:02.269+0000][66][info ][gc,heap     ] GC(248) Survivor regions: 10->7(19)
[2026-01-26T06:50:02.269+0000][66][info ][gc,heap     ] GC(248) Old regions: 70->70
[2026-01-26T06:50:02.269+0000][66][info ][gc,heap     ] GC(248) Humongous regions: 0->0
[2026-01-26T06:50:02.270+0000][66][info ][gc,metaspace] GC(248) Metaspace: 133152K(136576K)->133152K(136576K) NonClass: 115382K(117184K)->115382K(117184K) Class: 17770K(19392K)->17770K(19392K)
[2026-01-26T06:50:02.270+0000][66][info ][gc          ] GC(248) Pause Young (Normal) (G1 Evacuation Pause) 873M->305M(1024M) 18.243ms
[2026-01-26T06:50:02.270+0000][66][info ][gc,cpu      ] GC(248) User=0.04s Sys=0.00s Real=0.02s
[2026-01-26T06:50:02.270+0000][66][info ][safepoint   ] Safepoint "G1CollectForAllocation", Time since last: 6402919926 ns, Reaching safepoint: 17701 ns, Cleanup: 4301 ns, At safepoint: 18913190 ns, Total: 18935192 ns
[2026-01-26T06:50:03.790+0000][66][info ][safepoint   ] Safepoint "Cleanup", Time since last: 1519143944 ns, Reaching safepoint: 167112 ns, Cleanup: 10301 ns, At safepoint: 39503 ns, Total: 216916 ns
[2026-01-26T06:50:07.982+0000][66][info ][gc,start    ] GC(249) Pause Young (Normal) (G1 Evacuation Pause)
[2026-01-26T06:50:07.983+0000][66][info ][gc,task     ] GC(249) Using 6 workers of 6 for evacuation
[2026-01-26T06:50:07.983+0000][66][debug][gc,age      ] GC(249) Desired survivor size 39845888 bytes, new threshold 15 (max threshold 15)
[2026-01-26T06:50:07.995+0000][66][info ][gc,phases   ] GC(249)   Pre Evacuate Collection Set: 0.4ms
[2026-01-26T06:50:07.995+0000][66][info ][gc,phases   ] GC(249)   Merge Heap Roots: 0.1ms
[2026-01-26T06:50:07.996+0000][66][info ][gc,phases   ] GC(249)   Evacuate Collection Set: 9.8ms
[2026-01-26T06:50:07.996+0000][66][info ][gc,phases   ] GC(249)   Post Evacuate Collection Set: 1.2ms
[2026-01-26T06:50:07.996+0000][66][info ][gc,phases   ] GC(249)   Other: 0.9ms
[2026-01-26T06:50:07.997+0000][66][trace][gc,age      ] GC(249) Age table with threshold 15 (max threshold 15)
[2026-01-26T06:50:07.997+0000][66][trace][gc,age      ] GC(249) - age   1:   17807696 bytes,   17807696 total
[2026-01-26T06:50:07.997+0000][66][trace][gc,age      ] GC(249) - age   2:   15159336 bytes,   32967032 total
[2026-01-26T06:50:07.998+0000][66][trace][gc,age      ] GC(249) - age   3:    2127032 bytes,   35094064 total
[2026-01-26T06:50:07.998+0000][66][trace][gc,age      ] GC(249) - age   4:     257592 bytes,   35351656 total
[2026-01-26T06:50:07.998+0000][66][trace][gc,age      ] GC(249) - age   5:      66200 bytes,   35417856 total
[2026-01-26T06:50:07.999+0000][66][trace][gc,age      ] GC(249) - age   7:     298336 bytes,   35716192 total
[2026-01-26T06:50:07.999+0000][66][trace][gc,age      ] GC(249) - age   8:      75320 bytes,   35791512 total
[2026-01-26T06:50:07.999+0000][66][trace][gc,age      ] GC(249) - age   9:        904 bytes,   35792416 total
[2026-01-26T06:50:07.999+0000][66][trace][gc,age      ] GC(249) - age  10:     107248 bytes,   35899664 total
[2026-01-26T06:50:08.000+0000][66][info ][gc,heap     ] GC(249) Eden regions: 145->0(139)
[2026-01-26T06:50:08.000+0000][66][info ][gc,heap     ] GC(249) Survivor regions: 7->10(19)
[2026-01-26T06:50:08.000+0000][66][info ][gc,heap     ] GC(249) Old regions: 70->70
[2026-01-26T06:50:08.000+0000][66][info ][gc,heap     ] GC(249) Humongous regions: 0->0
[2026-01-26T06:50:08.001+0000][66][info ][gc,metaspace] GC(249) Metaspace: 133152K(136576K)->133152K(136576K) NonClass: 115382K(117184K)->115382K(117184K) Class: 17770K(19392K)->17770K(19392K)
[2026-01-26T06:50:08.001+0000][66][info ][gc          ] GC(249) Pause Young (Normal) (G1 Evacuation Pause) 885M->316M(1024M) 18.646ms
[2026-01-26T06:50:08.001+0000][66][info ][gc,cpu      ] GC(249) User=0.06s Sys=0.00s Real=0.02s
[2026-01-26T06:50:08.002+0000][66][info ][safepoint   ] Safepoint "G1CollectForAllocation", Time since last: 4192252424 ns, Reaching safepoint: 165813 ns, Cleanup: 5100 ns, At safepoint: 19415234 ns, Total: 19586147 ns
[2026-01-26T06:50:09.002+0000][66][info ][safepoint   ] Safepoint "Cleanup", Time since last: 1000440789 ns, Reaching safepoint: 164412 ns, Cleanup: 15701 ns, At safepoint: 57604 ns, Total: 237717 ns
[2026-01-26T06:50:10.851+0000][66][info ][safepoint   ] Safepoint "Cleanup", Time since last: 1848111595 ns, Reaching safepoint: 135810 ns, Cleanup: 15001 ns, At safepoint: 43203 ns, Total: 194014 ns
[2026-01-26T06:50:15.216+0000][66][info ][gc,start    ] GC(250) Pause Young (Normal) (G1 Evacuation Pause)
[2026-01-26T06:50:15.216+0000][66][info ][gc,task     ] GC(250) Using 6 workers of 6 for evacuation
[2026-01-26T06:50:15.217+0000][66][debug][gc,age      ] GC(250) Desired survivor size 39845888 bytes, new threshold 15 (max threshold 15)
[2026-01-26T06:50:15.226+0000][66][info ][gc,phases   ] GC(250)   Pre Evacuate Collection Set: 0.3ms
[2026-01-26T06:50:15.226+0000][66][info ][gc,phases   ] GC(250)   Merge Heap Roots: 0.2ms
[2026-01-26T06:50:15.227+0000][66][info ][gc,phases   ] GC(250)   Evacuate Collection Set: 6.9ms
[2026-01-26T06:50:15.227+0000][66][info ][gc,phases   ] GC(250)   Post Evacuate Collection Set: 1.2ms
[2026-01-26T06:50:15.227+0000][66][info ][gc,phases   ] GC(250)   Other: 0.8ms
[2026-01-26T06:50:15.228+0000][66][trace][gc,age      ] GC(250) Age table with threshold 15 (max threshold 15)
[2026-01-26T06:50:15.228+0000][66][trace][gc,age      ] GC(250) - age   1:   17839504 bytes,   17839504 total
[2026-01-26T06:50:15.228+0000][66][trace][gc,age      ] GC(250) - age   2:    2479688 bytes,   20319192 total
[2026-01-26T06:50:15.229+0000][66][trace][gc,age      ] GC(250) - age   3:     100800 bytes,   20419992 total
[2026-01-26T06:50:15.229+0000][66][trace][gc,age      ] GC(250) - age   4:        360 bytes,   20420352 total
[2026-01-26T06:50:15.229+0000][66][trace][gc,age      ] GC(250) - age   5:     257592 bytes,   20677944 total
[2026-01-26T06:50:15.229+0000][66][trace][gc,age      ] GC(250) - age   6:      63064 bytes,   20741008 total
[2026-01-26T06:50:15.230+0000][66][trace][gc,age      ] GC(250) - age   8:     297440 bytes,   21038448 total
[2026-01-26T06:50:15.230+0000][66][trace][gc,age      ] GC(250) - age   9:      74808 bytes,   21113256 total
[2026-01-26T06:50:15.230+0000][66][trace][gc,age      ] GC(250) - age  10:        904 bytes,   21114160 total
[2026-01-26T06:50:15.230+0000][66][trace][gc,age      ] GC(250) - age  11:     107248 bytes,   21221408 total
[2026-01-26T06:50:15.231+0000][66][info ][gc,heap     ] GC(250) Eden regions: 139->0(147)
[2026-01-26T06:50:15.231+0000][66][info ][gc,heap     ] GC(250) Survivor regions: 10->6(19)
[2026-01-26T06:50:15.231+0000][66][info ][gc,heap     ] GC(250) Old regions: 70->70
[2026-01-26T06:50:15.231+0000][66][info ][gc,heap     ] GC(250) Humongous regions: 0->0
[2026-01-26T06:50:15.231+0000][66][info ][gc,metaspace] GC(250) Metaspace: 133153K(136576K)->133153K(136576K) NonClass: 115383K(117184K)->115383K(117184K) Class: 17770K(19392K)->17770K(19392K)
[2026-01-26T06:50:15.232+0000][66][info ][gc          ] GC(250) Pause Young (Normal) (G1 Evacuation Pause) 872M->301M(1024M) 15.571ms
[2026-01-26T06:50:15.232+0000][66][info ][gc,cpu      ] GC(250) User=0.04s Sys=0.00s Real=0.01s
[2026-01-26T06:50:15.232+0000][66][info ][safepoint   ] Safepoint "G1CollectForAllocation", Time since last: 4365222129 ns, Reaching safepoint: 251319 ns, Cleanup: 5800 ns, At safepoint: 16367825 ns, Total: 16624944 ns
[2026-01-26T06:50:21.879+0000][66][info ][gc,start    ] GC(251) Pause Young (Normal) (G1 Evacuation Pause)
[2026-01-26T06:50:21.879+0000][66][info ][gc,task     ] GC(251) Using 6 workers of 6 for evacuation
[2026-01-26T06:50:21.879+0000][66][debug][gc,age      ] GC(251) Desired survivor size 41943040 bytes, new threshold 15 (max threshold 15)
[2026-01-26T06:50:21.891+0000][66][info ][gc,phases   ] GC(251)   Pre Evacuate Collection Set: 0.3ms
[2026-01-26T06:50:21.892+0000][66][info ][gc,phases   ] GC(251)   Merge Heap Roots: 0.2ms
[2026-01-26T06:50:21.892+0000][66][info ][gc,phases   ] GC(251)   Evacuate Collection Set: 9.6ms
[2026-01-26T06:50:21.892+0000][66][info ][gc,phases   ] GC(251)   Post Evacuate Collection Set: 1.2ms
[2026-01-26T06:50:21.893+0000][66][info ][gc,phases   ] GC(251)   Other: 0.8ms
[2026-01-26T06:50:21.893+0000][66][trace][gc,age      ] GC(251) Age table with threshold 15 (max threshold 15)
[2026-01-26T06:50:21.893+0000][66][trace][gc,age      ] GC(251) - age   1:   17614504 bytes,   17614504 total
[2026-01-26T06:50:21.894+0000][66][trace][gc,age      ] GC(251) - age   2:   10176904 bytes,   27791408 total
[2026-01-26T06:50:21.894+0000][66][trace][gc,age      ] GC(251) - age   3:    2023008 bytes,   29814416 total
[2026-01-26T06:50:21.894+0000][66][trace][gc,age      ] GC(251) - age   4:     100552 bytes,   29914968 total
[2026-01-26T06:50:21.895+0000][66][trace][gc,age      ] GC(251) - age   5:        360 bytes,   29915328 total
[2026-01-26T06:50:21.895+0000][66][trace][gc,age      ] GC(251) - age   6:     256448 bytes,   30171776 total
[2026-01-26T06:50:21.895+0000][66][trace][gc,age      ] GC(251) - age   7:      63064 bytes,   30234840 total
[2026-01-26T06:50:21.895+0000][66][trace][gc,age      ] GC(251) - age   9:     297440 bytes,   30532280 total
[2026-01-26T06:50:21.896+0000][66][trace][gc,age      ] GC(251) - age  10:      74808 bytes,   30607088 total
[2026-01-26T06:50:21.896+0000][66][trace][gc,age      ] GC(251) - age  11:        720 bytes,   30607808 total
[2026-01-26T06:50:21.896+0000][66][trace][gc,age      ] GC(251) - age  12:     107248 bytes,   30715056 total
[2026-01-26T06:50:21.896+0000][66][info ][gc,heap     ] GC(251) Eden regions: 147->0(143)
[2026-01-26T06:50:21.897+0000][66][info ][gc,heap     ] GC(251) Survivor regions: 6->8(20)
[2026-01-26T06:50:21.897+0000][66][info ][gc,heap     ] GC(251) Old regions: 70->70
[2026-01-26T06:50:21.897+0000][66][info ][gc,heap     ] GC(251) Humongous regions: 0->0
[2026-01-26T06:50:21.897+0000][66][info ][gc,metaspace] GC(251) Metaspace: 133154K(136576K)->133154K(136576K) NonClass: 115383K(117184K)->115383K(117184K) Class: 17770K(19392K)->17770K(19392K)
[2026-01-26T06:50:21.898+0000][66][info ][gc          ] GC(251) Pause Young (Normal) (G1 Evacuation Pause) 889M->309M(1024M) 19.010ms
[2026-01-26T06:50:21.898+0000][66][info ][gc,cpu      ] GC(251) User=0.04s Sys=0.00s Real=0.02s
[2026-01-26T06:50:21.898+0000][66][info ][safepoint   ] Safepoint "G1CollectForAllocation", Time since last: 6646086866 ns, Reaching safepoint: 20802 ns, Cleanup: 13201 ns, At safepoint: 19643871 ns, Total: 19677874 ns
[2026-01-26T06:50:27.072+0000][66][info ][gc,start    ] GC(252) Pause Young (Normal) (G1 Evacuation Pause)
[2026-01-26T06:50:27.073+0000][66][info ][gc,task     ] GC(252) Using 6 workers of 6 for evacuation
[2026-01-26T06:50:27.073+0000][66][debug][gc,age      ] GC(252) Desired survivor size 39845888 bytes, new threshold 15 (max threshold 15)
[2026-01-26T06:50:27.081+0000][66][info ][gc,phases   ] GC(252)   Pre Evacuate Collection Set: 0.5ms
[2026-01-26T06:50:27.082+0000][66][info ][gc,phases   ] GC(252)   Merge Heap Roots: 0.2ms
[2026-01-26T06:50:27.082+0000][66][info ][gc,phases   ] GC(252)   Evacuate Collection Set: 6.0ms
[2026-01-26T06:50:27.083+0000][66][info ][gc,phases   ] GC(252)   Post Evacuate Collection Set: 1.2ms
[2026-01-26T06:50:27.083+0000][66][info ][gc,phases   ] GC(252)   Other: 0.7ms
[2026-01-26T06:50:27.083+0000][66][trace][gc,age      ] GC(252) Age table with threshold 15 (max threshold 15)
[2026-01-26T06:50:27.084+0000][66][trace][gc,age      ] GC(252) - age   1:   13951824 bytes,   13951824 total
[2026-01-26T06:50:27.084+0000][66][trace][gc,age      ] GC(252) - age   2:    2505840 bytes,   16457664 total
[2026-01-26T06:50:27.084+0000][66][trace][gc,age      ] GC(252) - age   3:     299760 bytes,   16757424 total
[2026-01-26T06:50:27.084+0000][66][trace][gc,age      ] GC(252) - age   4:       4368 bytes,   16761792 total
[2026-01-26T06:50:27.085+0000][66][trace][gc,age      ] GC(252) - age   5:      98472 bytes,   16860264 total
[2026-01-26T06:50:27.085+0000][66][trace][gc,age      ] GC(252) - age   6:        336 bytes,   16860600 total
[2026-01-26T06:50:27.085+0000][66][trace][gc,age      ] GC(252) - age   7:     256448 bytes,   17117048 total
[2026-01-26T06:50:27.085+0000][66][trace][gc,age      ] GC(252) - age   8:      63064 bytes,   17180112 total
[2026-01-26T06:50:27.086+0000][66][trace][gc,age      ] GC(252) - age  10:     297440 bytes,   17477552 total
[2026-01-26T06:50:27.086+0000][66][trace][gc,age      ] GC(252) - age  11:      74808 bytes,   17552360 total
[2026-01-26T06:50:27.086+0000][66][trace][gc,age      ] GC(252) - age  12:        192 bytes,   17552552 total
[2026-01-26T06:50:27.087+0000][66][trace][gc,age      ] GC(252) - age  13:     107248 bytes,   17659800 total
[2026-01-26T06:50:27.087+0000][66][info ][gc,heap     ] GC(252) Eden regions: 143->0(148)
[2026-01-26T06:50:27.087+0000][66][info ][gc,heap     ] GC(252) Survivor regions: 8->5(19)
[2026-01-26T06:50:27.087+0000][66][info ][gc,heap     ] GC(252) Old regions: 70->70
[2026-01-26T06:50:27.088+0000][66][info ][gc,heap     ] GC(252) Humongous regions: 0->0
[2026-01-26T06:50:27.088+0000][66][info ][gc,metaspace] GC(252) Metaspace: 133154K(136576K)->133154K(136576K) NonClass: 115383K(117184K)->115383K(117184K) Class: 17770K(19392K)->17770K(19392K)
[2026-01-26T06:50:27.088+0000][66][info ][gc          ] GC(252) Pause Young (Normal) (G1 Evacuation Pause) 881M->297M(1024M) 15.818ms
[2026-01-26T06:50:27.089+0000][66][info ][gc,cpu      ] GC(252) User=0.03s Sys=0.00s Real=0.02s
[2026-01-26T06:50:27.089+0000][66][info ][safepoint   ] Safepoint "G1CollectForAllocation", Time since last: 5173999881 ns, Reaching safepoint: 211316 ns, Cleanup: 6600 ns, At safepoint: 16570041 ns, Total: 16787957 ns
[2026-01-26T06:50:33.414+0000][66][info ][gc,start    ] GC(253) Pause Young (Normal) (G1 Evacuation Pause)
[2026-01-26T06:50:33.415+0000][66][info ][gc,task     ] GC(253) Using 6 workers of 6 for evacuation
[2026-01-26T06:50:33.415+0000][66][debug][gc,age      ] GC(253) Desired survivor size 41943040 bytes, new threshold 15 (max threshold 15)
[2026-01-26T06:50:33.427+0000][66][info ][gc,phases   ] GC(253)   Pre Evacuate Collection Set: 0.5ms
[2026-01-26T06:50:33.427+0000][66][info ][gc,phases   ] GC(253)   Merge Heap Roots: 0.3ms
[2026-01-26T06:50:33.428+0000][66][info ][gc,phases   ] GC(253)   Evacuate Collection Set: 8.8ms
[2026-01-26T06:50:33.429+0000][66][info ][gc,phases   ] GC(253)   Post Evacuate Collection Set: 1.6ms
[2026-01-26T06:50:33.429+0000][66][info ][gc,phases   ] GC(253)   Other: 1.0ms
[2026-01-26T06:50:33.429+0000][66][trace][gc,age      ] GC(253) Age table with threshold 15 (max threshold 15)
[2026-01-26T06:50:33.430+0000][66][trace][gc,age      ] GC(253) - age   1:   17173568 bytes,   17173568 total
[2026-01-26T06:50:33.430+0000][66][trace][gc,age      ] GC(253) - age   2:    7039008 bytes,   24212576 total
[2026-01-26T06:50:33.431+0000][66][trace][gc,age      ] GC(253) - age   3:    2212152 bytes,   26424728 total
[2026-01-26T06:50:33.431+0000][66][trace][gc,age      ] GC(253) - age   4:     299024 bytes,   26723752 total
[2026-01-26T06:50:33.432+0000][66][trace][gc,age      ] GC(253) - age   5:       3872 bytes,   26727624 total
[2026-01-26T06:50:33.432+0000][66][trace][gc,age      ] GC(253) - age   6:      96824 bytes,   26824448 total
[2026-01-26T06:50:33.433+0000][66][trace][gc,age      ] GC(253) - age   7:        336 bytes,   26824784 total
[2026-01-26T06:50:33.433+0000][66][trace][gc,age      ] GC(253) - age   8:     256448 bytes,   27081232 total
[2026-01-26T06:50:33.434+0000][66][trace][gc,age      ] GC(253) - age   9:      63064 bytes,   27144296 total
[2026-01-26T06:50:33.434+0000][66][trace][gc,age      ] GC(253) - age  11:     296800 bytes,   27441096 total
[2026-01-26T06:50:33.435+0000][66][trace][gc,age      ] GC(253) - age  12:      74744 bytes,   27515840 total
[2026-01-26T06:50:33.435+0000][66][trace][gc,age      ] GC(253) - age  13:        192 bytes,   27516032 total
[2026-01-26T06:50:33.435+0000][66][trace][gc,age      ] GC(253) - age  14:     107248 bytes,   27623280 total
[2026-01-26T06:50:33.436+0000][66][info ][gc,heap     ] GC(253) Eden regions: 148->0(143)
[2026-01-26T06:50:33.436+0000][66][info ][gc,heap     ] GC(253) Survivor regions: 5->8(20)
[2026-01-26T06:50:33.437+0000][66][info ][gc,heap     ] GC(253) Old regions: 70->70
[2026-01-26T06:50:33.437+0000][66][info ][gc,heap     ] GC(253) Humongous regions: 0->0
[2026-01-26T06:50:33.438+0000][66][info ][gc,metaspace] GC(253) Metaspace: 133154K(136576K)->133154K(136576K) NonClass: 115384K(117184K)->115384K(117184K) Class: 17770K(19392K)->17770K(19392K)
[2026-01-26T06:50:33.438+0000][66][info ][gc          ] GC(253) Pause Young (Normal) (G1 Evacuation Pause) 889M->307M(1024M) 23.901ms
[2026-01-26T06:50:33.438+0000][66][info ][gc,cpu      ] GC(253) User=0.03s Sys=0.00s Real=0.02s
[2026-01-26T06:50:33.439+0000][66][info ][safepoint   ] Safepoint "G1CollectForAllocation", Time since last: 6327412964 ns, Reaching safepoint: 19301 ns, Cleanup: 5001 ns, At safepoint: 24889135 ns, Total: 24913437 ns
[2026-01-26T06:50:34.557+0000][66][info ][safepoint   ] Safepoint "Cleanup", Time since last: 1117711525 ns, Reaching safepoint: 10401 ns, Cleanup: 10501 ns, At safepoint: 4400 ns, Total: 25302 ns
[2026-01-26T06:50:36.092+0000][66][info ][safepoint   ] Safepoint "Cleanup", Time since last: 1535495922 ns, Reaching safepoint: 8201 ns, Cleanup: 11301 ns, At safepoint: 32902 ns, Total: 52404 ns
[2026-01-26T06:50:37.323+0000][66][info ][safepoint   ] Safepoint "Cleanup", Time since last: 1230295865 ns, Reaching safepoint: 166512 ns, Cleanup: 12301 ns, At safepoint: 54804 ns, Total: 233617 ns
[2026-01-26T06:50:39.262+0000][66][info ][safepoint   ] Safepoint "Cleanup", Time since last: 1938947733 ns, Reaching safepoint: 18402 ns, Cleanup: 9700 ns, At safepoint: 34403 ns, Total: 62505 ns
[2026-01-26T06:50:39.396+0000][66][info ][gc,start    ] GC(254) Pause Young (Normal) (G1 Evacuation Pause)
[2026-01-26T06:50:39.397+0000][66][info ][gc,task     ] GC(254) Using 6 workers of 6 for evacuation
[2026-01-26T06:50:39.397+0000][66][debug][gc,age      ] GC(254) Desired survivor size 39845888 bytes, new threshold 15 (max threshold 15)
[2026-01-26T06:50:39.405+0000][66][info ][gc,phases   ] GC(254)   Pre Evacuate Collection Set: 0.4ms
[2026-01-26T06:50:39.405+0000][66][info ][gc,phases   ] GC(254)   Merge Heap Roots: 0.1ms
[2026-01-26T06:50:39.405+0000][66][info ][gc,phases   ] GC(254)   Evacuate Collection Set: 5.2ms
[2026-01-26T06:50:39.406+0000][66][info ][gc,phases   ] GC(254)   Post Evacuate Collection Set: 1.3ms
[2026-01-26T06:50:39.406+0000][66][info ][gc,phases   ] GC(254)   Other: 0.7ms
[2026-01-26T06:50:39.406+0000][66][trace][gc,age      ] GC(254) Age table with threshold 15 (max threshold 15)
[2026-01-26T06:50:39.407+0000][66][trace][gc,age      ] GC(254) - age   1:    9153168 bytes,    9153168 total
[2026-01-26T06:50:39.407+0000][66][trace][gc,age      ] GC(254) - age   2:     198640 bytes,    9351808 total
[2026-01-26T06:50:39.407+0000][66][trace][gc,age      ] GC(254) - age   3:     241352 bytes,    9593160 total
[2026-01-26T06:50:39.408+0000][66][trace][gc,age      ] GC(254) - age   4:     429304 bytes,   10022464 total
[2026-01-26T06:50:39.408+0000][66][trace][gc,age      ] GC(254) - age   5:     295392 bytes,   10317856 total
[2026-01-26T06:50:39.409+0000][66][trace][gc,age      ] GC(254) - age   6:        648 bytes,   10318504 total
[2026-01-26T06:50:39.409+0000][66][trace][gc,age      ] GC(254) - age   7:      96824 bytes,   10415328 total
[2026-01-26T06:50:39.409+0000][66][trace][gc,age      ] GC(254) - age   8:        336 bytes,   10415664 total
[2026-01-26T06:50:39.410+0000][66][trace][gc,age      ] GC(254) - age   9:     256168 bytes,   10671832 total
[2026-01-26T06:50:39.410+0000][66][trace][gc,age      ] GC(254) - age  10:      63000 bytes,   10734832 total
[2026-01-26T06:50:39.411+0000][66][trace][gc,age      ] GC(254) - age  12:     234776 bytes,   10969608 total
[2026-01-26T06:50:39.411+0000][66][trace][gc,age      ] GC(254) - age  13:      74744 bytes,   11044352 total
[2026-01-26T06:50:39.411+0000][66][trace][gc,age      ] GC(254) - age  14:        192 bytes,   11044544 total
[2026-01-26T06:50:39.412+0000][66][trace][gc,age      ] GC(254) - age  15:     107248 bytes,   11151792 total
[2026-01-26T06:50:39.412+0000][66][info ][gc,heap     ] GC(254) Eden regions: 143->0(150)
[2026-01-26T06:50:39.412+0000][66][info ][gc,heap     ] GC(254) Survivor regions: 8->3(19)
[2026-01-26T06:50:39.413+0000][66][info ][gc,heap     ] GC(254) Old regions: 70->70
[2026-01-26T06:50:39.413+0000][66][info ][gc,heap     ] GC(254) Humongous regions: 0->0
[2026-01-26T06:50:39.414+0000][66][info ][gc,metaspace] GC(254) Metaspace: 133155K(136576K)->133155K(136576K) NonClass: 115385K(117184K)->115385K(117184K) Class: 17770K(19392K)->17770K(19392K)
[2026-01-26T06:50:39.414+0000][66][info ][gc          ] GC(254) Pause Young (Normal) (G1 Evacuation Pause) 879M->289M(1024M) 17.597ms
[2026-01-26T06:50:39.414+0000][66][info ][gc,cpu      ] GC(254) User=0.03s Sys=0.00s Real=0.02s
[2026-01-26T06:50:39.415+0000][66][info ][safepoint   ] Safepoint "G1CollectForAllocation", Time since last: 134530980 ns, Reaching safepoint: 20501 ns, Cleanup: 5800 ns, At safepoint: 18590480 ns, Total: 18616781 ns
[2026-01-26T06:50:46.294+0000][66][info ][gc,start    ] GC(255) Pause Young (Normal) (G1 Evacuation Pause)
[2026-01-26T06:50:46.294+0000][66][info ][gc,task     ] GC(255) Using 6 workers of 6 for evacuation
[2026-01-26T06:50:46.295+0000][66][debug][gc,age      ] GC(255) Desired survivor size 41943040 bytes, new threshold 15 (max threshold 15)
[2026-01-26T06:50:46.305+0000][66][info ][gc,phases   ] GC(255)   Pre Evacuate Collection Set: 0.4ms
[2026-01-26T06:50:46.306+0000][66][info ][gc,phases   ] GC(255)   Merge Heap Roots: 0.2ms
[2026-01-26T06:50:46.306+0000][66][info ][gc,phases   ] GC(255)   Evacuate Collection Set: 8.2ms
[2026-01-26T06:50:46.306+0000][66][info ][gc,phases   ] GC(255)   Post Evacuate Collection Set: 1.3ms
[2026-01-26T06:50:46.307+0000][66][info ][gc,phases   ] GC(255)   Other: 0.9ms
[2026-01-26T06:50:46.307+0000][66][trace][gc,age      ] GC(255) Age table with threshold 15 (max threshold 15)
[2026-01-26T06:50:46.307+0000][66][trace][gc,age      ] GC(255) - age   1:   17080912 bytes,   17080912 total
[2026-01-26T06:50:46.308+0000][66][trace][gc,age      ] GC(255) - age   2:    5090224 bytes,   22171136 total
[2026-01-26T06:50:46.308+0000][66][trace][gc,age      ] GC(255) - age   3:     197904 bytes,   22369040 total
[2026-01-26T06:50:46.308+0000][66][trace][gc,age      ] GC(255) - age   4:     241168 bytes,   22610208 total
[2026-01-26T06:50:46.309+0000][66][trace][gc,age      ] GC(255) - age   5:     429304 bytes,   23039512 total
[2026-01-26T06:50:46.309+0000][66][trace][gc,age      ] GC(255) - age   6:     294248 bytes,   23333760 total
[2026-01-26T06:50:46.310+0000][66][trace][gc,age      ] GC(255) - age   7:        648 bytes,   23334408 total
[2026-01-26T06:50:46.310+0000][66][trace][gc,age      ] GC(255) - age   8:      96824 bytes,   23431232 total
[2026-01-26T06:50:46.310+0000][66][trace][gc,age      ] GC(255) - age   9:        336 bytes,   23431568 total
[2026-01-26T06:50:46.311+0000][66][trace][gc,age      ] GC(255) - age  10:     255888 bytes,   23687456 total
[2026-01-26T06:50:46.311+0000][66][trace][gc,age      ] GC(255) - age  11:      63000 bytes,   23750456 total
[2026-01-26T06:50:46.311+0000][66][trace][gc,age      ] GC(255) - age  13:     234776 bytes,   23985232 total
[2026-01-26T06:50:46.312+0000][66][trace][gc,age      ] GC(255) - age  14:      74744 bytes,   24059976 total
[2026-01-26T06:50:46.312+0000][66][trace][gc,age      ] GC(255) - age  15:        192 bytes,   24060168 total
[2026-01-26T06:50:46.312+0000][66][info ][gc,heap     ] GC(255) Eden regions: 150->0(145)
[2026-01-26T06:50:46.313+0000][66][info ][gc,heap     ] GC(255) Survivor regions: 3->7(20)
[2026-01-26T06:50:46.313+0000][66][info ][gc,heap     ] GC(255) Old regions: 70->70
[2026-01-26T06:50:46.314+0000][66][info ][gc,heap     ] GC(255) Humongous regions: 0->0
[2026-01-26T06:50:46.314+0000][66][info ][gc,metaspace] GC(255) Metaspace: 133155K(136576K)->133155K(136576K) NonClass: 115385K(117184K)->115385K(117184K) Class: 17770K(19392K)->17770K(19392K)
[2026-01-26T06:50:46.315+0000][66][info ][gc          ] GC(255) Pause Young (Normal) (G1 Evacuation Pause) 889M->304M(1024M) 20.714ms
[2026-01-26T06:50:46.315+0000][66][info ][gc,cpu      ] GC(255) User=0.04s Sys=0.00s Real=0.02s
[2026-01-26T06:50:46.316+0000][66][info ][safepoint   ] Safepoint "G1CollectForAllocation", Time since last: 6878850453 ns, Reaching safepoint: 18301 ns, Cleanup: 4400 ns, At safepoint: 21750631 ns, Total: 21773332 ns
[2026-01-26T06:50:50.315+0000][66][info ][gc,start    ] GC(256) Pause Young (Normal) (G1 Evacuation Pause)
[2026-01-26T06:50:50.316+0000][66][info ][gc,task     ] GC(256) Using 6 workers of 6 for evacuation
[2026-01-26T06:50:50.316+0000][66][debug][gc,age      ] GC(256) Desired survivor size 39845888 bytes, new threshold 15 (max threshold 15)
[2026-01-26T06:50:50.326+0000][66][info ][gc,phases   ] GC(256)   Pre Evacuate Collection Set: 0.5ms
[2026-01-26T06:50:50.326+0000][66][info ][gc,phases   ] GC(256)   Merge Heap Roots: 0.2ms
[2026-01-26T06:50:50.327+0000][66][info ][gc,phases   ] GC(256)   Evacuate Collection Set: 7.1ms
[2026-01-26T06:50:50.327+0000][66][info ][gc,phases   ] GC(256)   Post Evacuate Collection Set: 1.3ms
[2026-01-26T06:50:50.327+0000][66][info ][gc,phases   ] GC(256)   Other: 1.0ms
[2026-01-26T06:50:50.328+0000][66][trace][gc,age      ] GC(256) Age table with threshold 15 (max threshold 15)
[2026-01-26T06:50:50.328+0000][66][trace][gc,age      ] GC(256) - age   1:    9805320 bytes,    9805320 total
[2026-01-26T06:50:50.329+0000][66][trace][gc,age      ] GC(256) - age   2:     115888 bytes,    9921208 total
[2026-01-26T06:50:50.329+0000][66][trace][gc,age      ] GC(256) - age   3:     461800 bytes,   10383008 total
[2026-01-26T06:50:50.329+0000][66][trace][gc,age      ] GC(256) - age   4:     197880 bytes,   10580888 total
[2026-01-26T06:50:50.330+0000][66][trace][gc,age      ] GC(256) - age   5:     238680 bytes,   10819568 total
[2026-01-26T06:50:50.330+0000][66][trace][gc,age      ] GC(256) - age   6:     428176 bytes,   11247744 total
[2026-01-26T06:50:50.331+0000][66][trace][gc,age      ] GC(256) - age   7:     294216 bytes,   11541960 total
[2026-01-26T06:50:50.331+0000][66][trace][gc,age      ] GC(256) - age   8:        336 bytes,   11542296 total
[2026-01-26T06:50:50.331+0000][66][trace][gc,age      ] GC(256) - age   9:      96824 bytes,   11639120 total
[2026-01-26T06:50:50.332+0000][66][trace][gc,age      ] GC(256) - age  10:        336 bytes,   11639456 total
[2026-01-26T06:50:50.332+0000][66][trace][gc,age      ] GC(256) - age  11:     255888 bytes,   11895344 total
[2026-01-26T06:50:50.332+0000][66][trace][gc,age      ] GC(256) - age  12:      63000 bytes,   11958344 total
[2026-01-26T06:50:50.333+0000][66][trace][gc,age      ] GC(256) - age  14:     234776 bytes,   12193120 total
[2026-01-26T06:50:50.333+0000][66][trace][gc,age      ] GC(256) - age  15:      74744 bytes,   12267864 total
[2026-01-26T06:50:50.333+0000][66][info ][gc,heap     ] GC(256) Eden regions: 145->0(149)
[2026-01-26T06:50:50.334+0000][66][info ][gc,heap     ] GC(256) Survivor regions: 7->4(19)
[2026-01-26T06:50:50.334+0000][66][info ][gc,heap     ] GC(256) Old regions: 70->70
[2026-01-26T06:50:50.335+0000][66][info ][gc,heap     ] GC(256) Humongous regions: 0->0
[2026-01-26T06:50:50.335+0000][66][info ][gc,metaspace] GC(256) Metaspace: 133155K(136576K)->133155K(136576K) NonClass: 115385K(117184K)->115385K(117184K) Class: 17770K(19392K)->17770K(19392K)
[2026-01-26T06:50:50.335+0000][66][info ][gc          ] GC(256) Pause Young (Normal) (G1 Evacuation Pause) 884M->291M(1024M) 19.963ms
[2026-01-26T06:50:50.336+0000][66][info ][gc,cpu      ] GC(256) User=0.03s Sys=0.01s Real=0.02s
[2026-01-26T06:50:50.336+0000][66][info ][safepoint   ] Safepoint "G1CollectForAllocation", Time since last: 3999550054 ns, Reaching safepoint: 26102 ns, Cleanup: 16201 ns, At safepoint: 20954671 ns, Total: 20996974 ns
[2026-01-26T06:50:57.740+0000][66][info ][gc,start    ] GC(257) Pause Young (Normal) (G1 Evacuation Pause)
[2026-01-26T06:50:57.740+0000][66][info ][gc,task     ] GC(257) Using 6 workers of 6 for evacuation
[2026-01-26T06:50:57.741+0000][66][debug][gc,age      ] GC(257) Desired survivor size 41943040 bytes, new threshold 15 (max threshold 15)
[2026-01-26T06:50:57.754+0000][66][info ][gc,phases   ] GC(257)   Pre Evacuate Collection Set: 0.4ms
[2026-01-26T06:50:57.755+0000][66][info ][gc,phases   ] GC(257)   Merge Heap Roots: 0.2ms
[2026-01-26T06:50:57.755+0000][66][info ][gc,phases   ] GC(257)   Evacuate Collection Set: 10.4ms
[2026-01-26T06:50:57.756+0000][66][info ][gc,phases   ] GC(257)   Post Evacuate Collection Set: 1.7ms
[2026-01-26T06:50:57.756+0000][66][info ][gc,phases   ] GC(257)   Other: 1.1ms
[2026-01-26T06:50:57.757+0000][66][trace][gc,age      ] GC(257) Age table with threshold 15 (max threshold 15)
[2026-01-26T06:50:57.757+0000][66][trace][gc,age      ] GC(257) - age   1:   14418336 bytes,   14418336 total
[2026-01-26T06:50:57.758+0000][66][trace][gc,age      ] GC(257) - age   2:    6235824 bytes,   20654160 total
[2026-01-26T06:50:57.758+0000][66][trace][gc,age      ] GC(257) - age   3:     114800 bytes,   20768960 total
[2026-01-26T06:50:57.759+0000][66][trace][gc,age      ] GC(257) - age   4:     461800 bytes,   21230760 total
[2026-01-26T06:50:57.759+0000][66][trace][gc,age      ] GC(257) - age   5:     197704 bytes,   21428464 total
[2026-01-26T06:50:57.759+0000][66][trace][gc,age      ] GC(257) - age   6:     238680 bytes,   21667144 total
[2026-01-26T06:50:57.760+0000][66][trace][gc,age      ] GC(257) - age   7:     428176 bytes,   22095320 total
[2026-01-26T06:50:57.760+0000][66][trace][gc,age      ] GC(257) - age   8:     294152 bytes,   22389472 total
[2026-01-26T06:50:57.761+0000][66][trace][gc,age      ] GC(257) - age   9:        336 bytes,   22389808 total
[2026-01-26T06:50:57.761+0000][66][trace][gc,age      ] GC(257) - age  10:      96792 bytes,   22486600 total
[2026-01-26T06:50:57.762+0000][66][trace][gc,age      ] GC(257) - age  11:        336 bytes,   22486936 total
[2026-01-26T06:50:57.762+0000][66][trace][gc,age      ] GC(257) - age  12:     255888 bytes,   22742824 total
[2026-01-26T06:50:57.762+0000][66][trace][gc,age      ] GC(257) - age  13:      63000 bytes,   22805824 total
[2026-01-26T06:50:57.763+0000][66][trace][gc,age      ] GC(257) - age  15:     234776 bytes,   23040600 total
[2026-01-26T06:50:57.763+0000][66][info ][gc,heap     ] GC(257) Eden regions: 149->0(147)
[2026-01-26T06:50:57.764+0000][66][info ][gc,heap     ] GC(257) Survivor regions: 4->6(20)
[2026-01-26T06:50:57.764+0000][66][info ][gc,heap     ] GC(257) Old regions: 70->70
[2026-01-26T06:50:57.765+0000][66][info ][gc,heap     ] GC(257) Humongous regions: 0->0
[2026-01-26T06:50:57.765+0000][66][info ][gc,metaspace] GC(257) Metaspace: 133155K(136576K)->133155K(136576K) NonClass: 115385K(117184K)->115385K(117184K) Class: 17770K(19392K)->17770K(19392K)
[2026-01-26T06:50:57.765+0000][66][info ][gc          ] GC(257) Pause Young (Normal) (G1 Evacuation Pause) 887M->301M(1024M) 25.734ms
[2026-01-26T06:50:57.766+0000][66][info ][gc,cpu      ] GC(257) User=0.04s Sys=0.00s Real=0.03s
[2026-01-26T06:50:57.767+0000][66][info ][safepoint   ] Safepoint "G1CollectForAllocation", Time since last: 7403468546 ns, Reaching safepoint: 20502 ns, Cleanup: 5500 ns, At safepoint: 26852613 ns, Total: 26878615 ns
[2026-01-26T06:50:59.800+0000][66][info ][safepoint   ] Safepoint "Cleanup", Time since last: 2033482024 ns, Reaching safepoint: 141110 ns, Cleanup: 24902 ns, At safepoint: 45304 ns, Total: 211316 ns
[2026-01-26T06:51:00.802+0000][66][info ][safepoint   ] Safepoint "Cleanup", Time since last: 1000569041 ns, Reaching safepoint: 870064 ns, Cleanup: 17801 ns, At safepoint: 65805 ns, Total: 953670 ns
[2026-01-26T06:51:03.172+0000][66][info ][safepoint   ] Safepoint "Cleanup", Time since last: 2372510441 ns, Reaching safepoint: 830961 ns, Cleanup: 17302 ns, At safepoint: 112908 ns, Total: 961171 ns
[2026-01-26T06:51:04.525+0000][66][info ][safepoint   ] Safepoint "Cleanup", Time since last: 1352597080 ns, Reaching safepoint: 16002 ns, Cleanup: 23401 ns, At safepoint: 89207 ns, Total: 128610 ns
[2026-01-26T06:51:05.798+0000][66][info ][safepoint   ] Safepoint "Cleanup", Time since last: 1271659639 ns, Reaching safepoint: 847163 ns, Cleanup: 22701 ns, At safepoint: 69605 ns, Total: 939469 ns
[2026-01-26T06:51:07.114+0000][66][info ][safepoint   ] Safepoint "Cleanup", Time since last: 1316289716 ns, Reaching safepoint: 368127 ns, Cleanup: 18701 ns, At safepoint: 74906 ns, Total: 461734 ns
[2026-01-26T06:51:10.306+0000][66][info ][gc,start    ] GC(258) Pause Young (Normal) (G1 Evacuation Pause)
[2026-01-26T06:51:10.307+0000][66][info ][gc,task     ] GC(258) Using 6 workers of 6 for evacuation
[2026-01-26T06:51:10.307+0000][66][debug][gc,age      ] GC(258) Desired survivor size 41943040 bytes, new threshold 15 (max threshold 15)
[2026-01-26T06:51:10.317+0000][66][info ][gc,phases   ] GC(258)   Pre Evacuate Collection Set: 0.5ms
[2026-01-26T06:51:10.317+0000][66][info ][gc,phases   ] GC(258)   Merge Heap Roots: 0.3ms
[2026-01-26T06:51:10.318+0000][66][info ][gc,phases   ] GC(258)   Evacuate Collection Set: 6.7ms
[2026-01-26T06:51:10.318+0000][66][info ][gc,phases   ] GC(258)   Post Evacuate Collection Set: 1.6ms
[2026-01-26T06:51:10.318+0000][66][info ][gc,phases   ] GC(258)   Other: 0.9ms
[2026-01-26T06:51:10.319+0000][66][trace][gc,age      ] GC(258) Age table with threshold 15 (max threshold 15)
[2026-01-26T06:51:10.319+0000][66][trace][gc,age      ] GC(258) - age   1:   11014400 bytes,   11014400 total
[2026-01-26T06:51:10.320+0000][66][trace][gc,age      ] GC(258) - age   2:     281368 bytes,   11295768 total
[2026-01-26T06:51:10.320+0000][66][trace][gc,age      ] GC(258) - age   3:     203200 bytes,   11498968 total
[2026-01-26T06:51:10.320+0000][66][trace][gc,age      ] GC(258) - age   4:     114424 bytes,   11613392 total
[2026-01-26T06:51:10.321+0000][66][trace][gc,age      ] GC(258) - age   5:     436640 bytes,   12050032 total
[2026-01-26T06:51:10.321+0000][66][trace][gc,age      ] GC(258) - age   6:     185136 bytes,   12235168 total
[2026-01-26T06:51:10.322+0000][66][trace][gc,age      ] GC(258) - age   7:     236896 bytes,   12472064 total
[2026-01-26T06:51:10.322+0000][66][trace][gc,age      ] GC(258) - age   8:     197928 bytes,   12669992 total
[2026-01-26T06:51:10.323+0000][66][trace][gc,age      ] GC(258) - age   9:     255280 bytes,   12925272 total
[2026-01-26T06:51:10.323+0000][66][trace][gc,age      ] GC(258) - age  10:        336 bytes,   12925608 total
[2026-01-26T06:51:10.324+0000][66][trace][gc,age      ] GC(258) - age  11:      96792 bytes,   13022400 total
[2026-01-26T06:51:10.324+0000][66][trace][gc,age      ] GC(258) - age  12:        336 bytes,   13022736 total
[2026-01-26T06:51:10.325+0000][66][trace][gc,age      ] GC(258) - age  13:       1664 bytes,   13024400 total
[2026-01-26T06:51:10.325+0000][66][trace][gc,age      ] GC(258) - age  14:      63000 bytes,   13087400 total
[2026-01-26T06:51:10.325+0000][66][info ][gc,heap     ] GC(258) Eden regions: 147->0(149)
[2026-01-26T06:51:10.326+0000][66][info ][gc,heap     ] GC(258) Survivor regions: 6->4(20)
[2026-01-26T06:51:10.326+0000][66][info ][gc,heap     ] GC(258) Old regions: 70->70
[2026-01-26T06:51:10.327+0000][66][info ][gc,heap     ] GC(258) Humongous regions: 0->0
[2026-01-26T06:51:10.327+0000][66][info ][gc,metaspace] GC(258) Metaspace: 133159K(136576K)->133159K(136576K) NonClass: 115389K(117184K)->115389K(117184K) Class: 17770K(19392K)->17770K(19392K)
[2026-01-26T06:51:10.327+0000][66][info ][gc          ] GC(258) Pause Young (Normal) (G1 Evacuation Pause) 889M->293M(1024M) 21.115ms
[2026-01-26T06:51:10.328+0000][66][info ][gc,cpu      ] GC(258) User=0.03s Sys=0.00s Real=0.02s
[2026-01-26T06:51:10.328+0000][66][info ][safepoint   ] Safepoint "G1CollectForAllocation", Time since last: 3191820119 ns, Reaching safepoint: 21602 ns, Cleanup: 5700 ns, At safepoint: 22119743 ns, Total: 22147045 ns
[2026-01-26T06:51:12.527+0000][66][info ][gc,start    ] GC(259) Pause Young (Normal) (G1 Evacuation Pause)
[2026-01-26T06:51:12.527+0000][66][info ][gc,task     ] GC(259) Using 6 workers of 6 for evacuation
[2026-01-26T06:51:12.528+0000][66][debug][gc,age      ] GC(259) Desired survivor size 41943040 bytes, new threshold 15 (max threshold 15)
[2026-01-26T06:51:12.536+0000][66][info ][gc,phases   ] GC(259)   Pre Evacuate Collection Set: 0.4ms
[2026-01-26T06:51:12.537+0000][66][info ][gc,phases   ] GC(259)   Merge Heap Roots: 0.2ms
[2026-01-26T06:51:12.537+0000][66][info ][gc,phases   ] GC(259)   Evacuate Collection Set: 6.5ms
[2026-01-26T06:51:12.538+0000][66][info ][gc,phases   ] GC(259)   Post Evacuate Collection Set: 1.3ms
[2026-01-26T06:51:12.538+0000][66][info ][gc,phases   ] GC(259)   Other: 0.8ms
[2026-01-26T06:51:12.538+0000][66][trace][gc,age      ] GC(259) Age table with threshold 15 (max threshold 15)
[2026-01-26T06:51:12.539+0000][66][trace][gc,age      ] GC(259) - age   1:    5241840 bytes,    5241840 total
[2026-01-26T06:51:12.539+0000][66][trace][gc,age      ] GC(259) - age   2:    8045736 bytes,   13287576 total
[2026-01-26T06:51:12.539+0000][66][trace][gc,age      ] GC(259) - age   3:     281368 bytes,   13568944 total
[2026-01-26T06:51:12.540+0000][66][trace][gc,age      ] GC(259) - age   4:     203200 bytes,   13772144 total
[2026-01-26T06:51:12.540+0000][66][trace][gc,age      ] GC(259) - age   5:     113016 bytes,   13885160 total
[2026-01-26T06:51:12.541+0000][66][trace][gc,age      ] GC(259) - age   6:     436640 bytes,   14321800 total
[2026-01-26T06:51:12.541+0000][66][trace][gc,age      ] GC(259) - age   7:     185136 bytes,   14506936 total
[2026-01-26T06:51:12.541+0000][66][trace][gc,age      ] GC(259) - age   8:     236896 bytes,   14743832 total
[2026-01-26T06:51:12.542+0000][66][trace][gc,age      ] GC(259) - age   9:     197928 bytes,   14941760 total
[2026-01-26T06:51:12.542+0000][66][trace][gc,age      ] GC(259) - age  10:     255104 bytes,   15196864 total
[2026-01-26T06:51:12.542+0000][66][trace][gc,age      ] GC(259) - age  11:        336 bytes,   15197200 total
[2026-01-26T06:51:12.543+0000][66][trace][gc,age      ] GC(259) - age  12:      96792 bytes,   15293992 total
[2026-01-26T06:51:12.543+0000][66][trace][gc,age      ] GC(259) - age  13:        336 bytes,   15294328 total
[2026-01-26T06:51:12.543+0000][66][trace][gc,age      ] GC(259) - age  14:       1664 bytes,   15295992 total
[2026-01-26T06:51:12.544+0000][66][trace][gc,age      ] GC(259) - age  15:      63000 bytes,   15358992 total
[2026-01-26T06:51:12.544+0000][66][info ][gc,heap     ] GC(259) Eden regions: 149->0(148)
[2026-01-26T06:51:12.544+0000][66][info ][gc,heap     ] GC(259) Survivor regions: 4->5(20)
[2026-01-26T06:51:12.545+0000][66][info ][gc,heap     ] GC(259) Old regions: 70->70
[2026-01-26T06:51:12.545+0000][66][info ][gc,heap     ] GC(259) Humongous regions: 0->0
[2026-01-26T06:51:12.545+0000][66][info ][gc,metaspace] GC(259) Metaspace: 133159K(136576K)->133159K(136576K) NonClass: 115389K(117184K)->115389K(117184K) Class: 17770K(19392K)->17770K(19392K)
[2026-01-26T06:51:12.546+0000][66][info ][gc          ] GC(259) Pause Young (Normal) (G1 Evacuation Pause) 889M->294M(1024M) 18.759ms
[2026-01-26T06:51:12.546+0000][66][info ][gc,cpu      ] GC(259) User=0.03s Sys=0.00s Real=0.02s
[2026-01-26T06:51:12.546+0000][66][info ][safepoint   ] Safepoint "G1CollectForAllocation", Time since last: 2198453762 ns, Reaching safepoint: 20301 ns, Cleanup: 4800 ns, At safepoint: 19586255 ns, Total: 19611356 ns
[2026-01-26T06:51:15.014+0000][66][info ][safepoint   ] Safepoint "Cleanup", Time since last: 2467093711 ns, Reaching safepoint: 394729 ns, Cleanup: 16802 ns, At safepoint: 80606 ns, Total: 492137 ns
[2026-01-26T06:51:15.342+0000][66][info ][gc,start    ] GC(260) Pause Young (Normal) (G1 Evacuation Pause)
[2026-01-26T06:51:15.342+0000][66][info ][gc,task     ] GC(260) Using 6 workers of 6 for evacuation
[2026-01-26T06:51:15.343+0000][66][debug][gc,age      ] GC(260) Desired survivor size 41943040 bytes, new threshold 15 (max threshold 15)
[2026-01-26T06:51:15.352+0000][66][info ][gc,phases   ] GC(260)   Pre Evacuate Collection Set: 0.4ms
[2026-01-26T06:51:15.353+0000][66][info ][gc,phases   ] GC(260)   Merge Heap Roots: 0.2ms
[2026-01-26T06:51:15.353+0000][66][info ][gc,phases   ] GC(260)   Evacuate Collection Set: 7.1ms
[2026-01-26T06:51:15.353+0000][66][info ][gc,phases   ] GC(260)   Post Evacuate Collection Set: 1.4ms
[2026-01-26T06:51:15.353+0000][66][info ][gc,phases   ] GC(260)   Other: 1.0ms
[2026-01-26T06:51:15.354+0000][66][trace][gc,age      ] GC(260) Age table with threshold 15 (max threshold 15)
[2026-01-26T06:51:15.354+0000][66][trace][gc,age      ] GC(260) - age   1:    4675312 bytes,    4675312 total
[2026-01-26T06:51:15.354+0000][66][trace][gc,age      ] GC(260) - age   2:    2031000 bytes,    6706312 total
[2026-01-26T06:51:15.354+0000][66][trace][gc,age      ] GC(260) - age   3:    6542216 bytes,   13248528 total
[2026-01-26T06:51:15.355+0000][66][trace][gc,age      ] GC(260) - age   4:     281368 bytes,   13529896 total
[2026-01-26T06:51:15.355+0000][66][trace][gc,age      ] GC(260) - age   5:     202640 bytes,   13732536 total
[2026-01-26T06:51:15.355+0000][66][trace][gc,age      ] GC(260) - age   6:     113016 bytes,   13845552 total
[2026-01-26T06:51:15.355+0000][66][trace][gc,age      ] GC(260) - age   7:     436640 bytes,   14282192 total
[2026-01-26T06:51:15.356+0000][66][trace][gc,age      ] GC(260) - age   8:     185136 bytes,   14467328 total
[2026-01-26T06:51:15.356+0000][66][trace][gc,age      ] GC(260) - age   9:     236896 bytes,   14704224 total
[2026-01-26T06:51:15.356+0000][66][trace][gc,age      ] GC(260) - age  10:     197928 bytes,   14902152 total
[2026-01-26T06:51:15.357+0000][66][trace][gc,age      ] GC(260) - age  11:     255104 bytes,   15157256 total
[2026-01-26T06:51:15.357+0000][66][trace][gc,age      ] GC(260) - age  12:        336 bytes,   15157592 total
[2026-01-26T06:51:15.357+0000][66][trace][gc,age      ] GC(260) - age  13:      96792 bytes,   15254384 total
[2026-01-26T06:51:15.357+0000][66][trace][gc,age      ] GC(260) - age  14:        336 bytes,   15254720 total
[2026-01-26T06:51:15.358+0000][66][trace][gc,age      ] GC(260) - age  15:       1664 bytes,   15256384 total
[2026-01-26T06:51:15.358+0000][66][info ][gc,heap     ] GC(260) Eden regions: 148->0(148)
[2026-01-26T06:51:15.358+0000][66][info ][gc,heap     ] GC(260) Survivor regions: 5->5(20)
[2026-01-26T06:51:15.358+0000][66][info ][gc,heap     ] GC(260) Old regions: 70->70
[2026-01-26T06:51:15.359+0000][66][info ][gc,heap     ] GC(260) Humongous regions: 0->0
[2026-01-26T06:51:15.359+0000][66][info ][gc,metaspace] GC(260) Metaspace: 133159K(136576K)->133159K(136576K) NonClass: 115389K(117184K)->115389K(117184K) Class: 17770K(19392K)->17770K(19392K)
[2026-01-26T06:51:15.359+0000][66][info ][gc          ] GC(260) Pause Young (Normal) (G1 Evacuation Pause) 886M->295M(1024M) 17.555ms
[2026-01-26T06:51:15.359+0000][66][info ][gc,cpu      ] GC(260) User=0.03s Sys=0.00s Real=0.02s
[2026-01-26T06:51:15.360+0000][66][info ][safepoint   ] Safepoint "G1CollectForAllocation", Time since last: 327349409 ns, Reaching safepoint: 148511 ns, Cleanup: 7301 ns, At safepoint: 18339262 ns, Total: 18495074 ns
[2026-01-26T06:51:18.233+0000][66][info ][gc,start    ] GC(261) Pause Young (Normal) (G1 Evacuation Pause)
[2026-01-26T06:51:18.234+0000][66][info ][gc,task     ] GC(261) Using 6 workers of 6 for evacuation
[2026-01-26T06:51:18.234+0000][66][debug][gc,age      ] GC(261) Desired survivor size 41943040 bytes, new threshold 15 (max threshold 15)
[2026-01-26T06:51:18.242+0000][66][info ][gc,phases   ] GC(261)   Pre Evacuate Collection Set: 0.4ms
[2026-01-26T06:51:18.242+0000][66][info ][gc,phases   ] GC(261)   Merge Heap Roots: 0.2ms
[2026-01-26T06:51:18.243+0000][66][info ][gc,phases   ] GC(261)   Evacuate Collection Set: 5.1ms
[2026-01-26T06:51:18.243+0000][66][info ][gc,phases   ] GC(261)   Post Evacuate Collection Set: 1.3ms
[2026-01-26T06:51:18.243+0000][66][info ][gc,phases   ] GC(261)   Other: 0.8ms
[2026-01-26T06:51:18.244+0000][66][trace][gc,age      ] GC(261) Age table with threshold 15 (max threshold 15)
[2026-01-26T06:51:18.244+0000][66][trace][gc,age      ] GC(261) - age   1:    3079328 bytes,    3079328 total
[2026-01-26T06:51:18.245+0000][66][trace][gc,age      ] GC(261) - age   2:    1754720 bytes,    4834048 total
[2026-01-26T06:51:18.245+0000][66][trace][gc,age      ] GC(261) - age   3:      23888 bytes,    4857936 total
[2026-01-26T06:51:18.245+0000][66][trace][gc,age      ] GC(261) - age   4:     972448 bytes,    5830384 total
[2026-01-26T06:51:18.246+0000][66][trace][gc,age      ] GC(261) - age   5:     281304 bytes,    6111688 total
[2026-01-26T06:51:18.246+0000][66][trace][gc,age      ] GC(261) - age   6:     200056 bytes,    6311744 total
[2026-01-26T06:51:18.246+0000][66][trace][gc,age      ] GC(261) - age   7:     113016 bytes,    6424760 total
[2026-01-26T06:51:18.247+0000][66][trace][gc,age      ] GC(261) - age   8:     436576 bytes,    6861336 total
[2026-01-26T06:51:18.247+0000][66][trace][gc,age      ] GC(261) - age   9:     185136 bytes,    7046472 total
[2026-01-26T06:51:18.247+0000][66][trace][gc,age      ] GC(261) - age  10:     236896 bytes,    7283368 total
[2026-01-26T06:51:18.248+0000][66][trace][gc,age      ] GC(261) - age  11:     197928 bytes,    7481296 total
[2026-01-26T06:51:18.248+0000][66][trace][gc,age      ] GC(261) - age  12:     255104 bytes,    7736400 total
[2026-01-26T06:51:18.248+0000][66][trace][gc,age      ] GC(261) - age  13:        336 bytes,    7736736 total
[2026-01-26T06:51:18.249+0000][66][trace][gc,age      ] GC(261) - age  14:      96792 bytes,    7833528 total
[2026-01-26T06:51:18.249+0000][66][trace][gc,age      ] GC(261) - age  15:        336 bytes,    7833864 total
[2026-01-26T06:51:18.249+0000][66][info ][gc,heap     ] GC(261) Eden regions: 148->0(150)
[2026-01-26T06:51:18.250+0000][66][info ][gc,heap     ] GC(261) Survivor regions: 5->3(20)
[2026-01-26T06:51:18.250+0000][66][info ][gc,heap     ] GC(261) Old regions: 70->70
[2026-01-26T06:51:18.250+0000][66][info ][gc,heap     ] GC(261) Humongous regions: 0->0
[2026-01-26T06:51:18.251+0000][66][info ][gc,metaspace] GC(261) Metaspace: 133168K(136576K)->133168K(136576K) NonClass: 115398K(117184K)->115398K(117184K) Class: 17770K(19392K)->17770K(19392K)
[2026-01-26T06:51:18.251+0000][66][info ][gc          ] GC(261) Pause Young (Normal) (G1 Evacuation Pause) 887M->287M(1024M) 17.501ms
[2026-01-26T06:51:18.251+0000][66][info ][gc,cpu      ] GC(261) User=0.03s Sys=0.00s Real=0.02s
[2026-01-26T06:51:18.252+0000][66][info ][safepoint   ] Safepoint "G1CollectForAllocation", Time since last: 2873522304 ns, Reaching safepoint: 20501 ns, Cleanup: 5700 ns, At safepoint: 18282171 ns, Total: 18308372 ns
[2026-01-26T06:51:20.865+0000][66][info ][gc,start    ] GC(262) Pause Young (Normal) (G1 Evacuation Pause)
[2026-01-26T06:51:20.865+0000][66][info ][gc,task     ] GC(262) Using 6 workers of 6 for evacuation
[2026-01-26T06:51:20.866+0000][66][debug][gc,age      ] GC(262) Desired survivor size 41943040 bytes, new threshold 15 (max threshold 15)
[2026-01-26T06:51:20.874+0000][66][info ][gc,phases   ] GC(262)   Pre Evacuate Collection Set: 0.5ms
[2026-01-26T06:51:20.875+0000][66][info ][gc,phases   ] GC(262)   Merge Heap Roots: 0.4ms
[2026-01-26T06:51:20.875+0000][66][info ][gc,phases   ] GC(262)   Evacuate Collection Set: 5.5ms
[2026-01-26T06:51:20.875+0000][66][info ][gc,phases   ] GC(262)   Post Evacuate Collection Set: 1.4ms
[2026-01-26T06:51:20.876+0000][66][info ][gc,phases   ] GC(262)   Other: 1.0ms
[2026-01-26T06:51:20.876+0000][66][trace][gc,age      ] GC(262) Age table with threshold 15 (max threshold 15)
[2026-01-26T06:51:20.877+0000][66][trace][gc,age      ] GC(262) - age   1:    4857320 bytes,    4857320 total
[2026-01-26T06:51:20.877+0000][66][trace][gc,age      ] GC(262) - age   2:    1893336 bytes,    6750656 total
[2026-01-26T06:51:20.878+0000][66][trace][gc,age      ] GC(262) - age   3:    1650488 bytes,    8401144 total
[2026-01-26T06:51:20.878+0000][66][trace][gc,age      ] GC(262) - age   4:      23280 bytes,    8424424 total
[2026-01-26T06:51:20.878+0000][66][trace][gc,age      ] GC(262) - age   5:     972416 bytes,    9396840 total
[2026-01-26T06:51:20.879+0000][66][trace][gc,age      ] GC(262) - age   6:     281304 bytes,    9678144 total
[2026-01-26T06:51:20.879+0000][66][trace][gc,age      ] GC(262) - age   7:     199488 bytes,    9877632 total
[2026-01-26T06:51:20.880+0000][66][trace][gc,age      ] GC(262) - age   8:     113016 bytes,    9990648 total
[2026-01-26T06:51:20.880+0000][66][trace][gc,age      ] GC(262) - age   9:     436576 bytes,   10427224 total
[2026-01-26T06:51:20.880+0000][66][trace][gc,age      ] GC(262) - age  10:     185136 bytes,   10612360 total
[2026-01-26T06:51:20.881+0000][66][trace][gc,age      ] GC(262) - age  11:     236896 bytes,   10849256 total
[2026-01-26T06:51:20.881+0000][66][trace][gc,age      ] GC(262) - age  12:     197928 bytes,   11047184 total
[2026-01-26T06:51:20.881+0000][66][trace][gc,age      ] GC(262) - age  13:     255104 bytes,   11302288 total
[2026-01-26T06:51:20.882+0000][66][trace][gc,age      ] GC(262) - age  14:        336 bytes,   11302624 total
[2026-01-26T06:51:20.883+0000][66][trace][gc,age      ] GC(262) - age  15:      96792 bytes,   11399416 total
[2026-01-26T06:51:20.883+0000][66][info ][gc,heap     ] GC(262) Eden regions: 150->0(150)
[2026-01-26T06:51:20.884+0000][66][info ][gc,heap     ] GC(262) Survivor regions: 3->3(20)
[2026-01-26T06:51:20.884+0000][66][info ][gc,heap     ] GC(262) Old regions: 70->70
[2026-01-26T06:51:20.884+0000][66][info ][gc,heap     ] GC(262) Humongous regions: 0->0
[2026-01-26T06:51:20.884+0000][66][info ][gc,metaspace] GC(262) Metaspace: 133168K(136576K)->133168K(136576K) NonClass: 115398K(117184K)->115398K(117184K) Class: 17770K(19392K)->17770K(19392K)
[2026-01-26T06:51:20.885+0000][66][info ][gc          ] GC(262) Pause Young (Normal) (G1 Evacuation Pause) 887M->290M(1024M) 20.098ms
[2026-01-26T06:51:20.885+0000][66][info ][gc,cpu      ] GC(262) User=0.03s Sys=0.00s Real=0.02s
[2026-01-26T06:51:20.886+0000][66][info ][safepoint   ] Safepoint "G1CollectForAllocation", Time since last: 2613003425 ns, Reaching safepoint: 21201 ns, Cleanup: 5201 ns, At safepoint: 20963671 ns, Total: 20990073 ns
[2026-01-26T06:51:22.080+0000][66][info ][gc,start    ] GC(263) Pause Young (Normal) (G1 Evacuation Pause)
[2026-01-26T06:51:22.080+0000][66][info ][gc,task     ] GC(263) Using 6 workers of 6 for evacuation
[2026-01-26T06:51:22.081+0000][66][debug][gc,age      ] GC(263) Desired survivor size 41943040 bytes, new threshold 15 (max threshold 15)
[2026-01-26T06:51:22.090+0000][66][info ][gc,phases   ] GC(263)   Pre Evacuate Collection Set: 0.4ms
[2026-01-26T06:51:22.090+0000][66][info ][gc,phases   ] GC(263)   Merge Heap Roots: 0.3ms
[2026-01-26T06:51:22.091+0000][66][info ][gc,phases   ] GC(263)   Evacuate Collection Set: 6.5ms
[2026-01-26T06:51:22.091+0000][66][info ][gc,phases   ] GC(263)   Post Evacuate Collection Set: 1.3ms
[2026-01-26T06:51:22.091+0000][66][info ][gc,phases   ] GC(263)   Other: 1.1ms
[2026-01-26T06:51:22.092+0000][66][trace][gc,age      ] GC(263) Age table with threshold 15 (max threshold 15)
[2026-01-26T06:51:22.092+0000][66][trace][gc,age      ] GC(263) - age   1:    4520080 bytes,    4520080 total
[2026-01-26T06:51:22.093+0000][66][trace][gc,age      ] GC(263) - age   2:    2962896 bytes,    7482976 total
[2026-01-26T06:51:22.093+0000][66][trace][gc,age      ] GC(263) - age   3:    1339600 bytes,    8822576 total
[2026-01-26T06:51:22.093+0000][66][trace][gc,age      ] GC(263) - age   4:    1646528 bytes,   10469104 total
[2026-01-26T06:51:22.094+0000][66][trace][gc,age      ] GC(263) - age   5:      22544 bytes,   10491648 total
[2026-01-26T06:51:22.094+0000][66][trace][gc,age      ] GC(263) - age   6:     972416 bytes,   11464064 total
[2026-01-26T06:51:22.094+0000][66][trace][gc,age      ] GC(263) - age   7:     281304 bytes,   11745368 total
[2026-01-26T06:51:22.095+0000][66][trace][gc,age      ] GC(263) - age   8:     199488 bytes,   11944856 total
[2026-01-26T06:51:22.095+0000][66][trace][gc,age      ] GC(263) - age   9:     113016 bytes,   12057872 total
[2026-01-26T06:51:22.095+0000][66][trace][gc,age      ] GC(263) - age  10:     436576 bytes,   12494448 total
[2026-01-26T06:51:22.096+0000][66][trace][gc,age      ] GC(263) - age  11:     185136 bytes,   12679584 total
[2026-01-26T06:51:22.096+0000][66][trace][gc,age      ] GC(263) - age  12:     236896 bytes,   12916480 total
[2026-01-26T06:51:22.096+0000][66][trace][gc,age      ] GC(263) - age  13:     197744 bytes,   13114224 total
[2026-01-26T06:51:22.097+0000][66][trace][gc,age      ] GC(263) - age  14:     255104 bytes,   13369328 total
[2026-01-26T06:51:22.097+0000][66][trace][gc,age      ] GC(263) - age  15:        336 bytes,   13369664 total
[2026-01-26T06:51:22.097+0000][66][info ][gc,heap     ] GC(263) Eden regions: 150->0(149)
[2026-01-26T06:51:22.098+0000][66][info ][gc,heap     ] GC(263) Survivor regions: 3->4(20)
[2026-01-26T06:51:22.098+0000][66][info ][gc,heap     ] GC(263) Old regions: 70->70
[2026-01-26T06:51:22.098+0000][66][info ][gc,heap     ] GC(263) Humongous regions: 0->0
[2026-01-26T06:51:22.099+0000][66][info ][gc,metaspace] GC(263) Metaspace: 133168K(136576K)->133168K(136576K) NonClass: 115398K(117184K)->115398K(117184K) Class: 17770K(19392K)->17770K(19392K)
[2026-01-26T06:51:22.099+0000][66][info ][gc          ] GC(263) Pause Young (Normal) (G1 Evacuation Pause) 890M->292M(1024M) 19.491ms
[2026-01-26T06:51:22.099+0000][66][info ][gc,cpu      ] GC(263) User=0.02s Sys=0.01s Real=0.02s
[2026-01-26T06:51:22.100+0000][66][info ][safepoint   ] Safepoint "G1CollectForAllocation", Time since last: 1193681057 ns, Reaching safepoint: 150211 ns, Cleanup: 6901 ns, At safepoint: 20335624 ns, Total: 20492736 ns
[2026-01-26T06:51:24.148+0000][66][info ][gc,start    ] GC(264) Pause Young (Normal) (G1 Evacuation Pause)
[2026-01-26T06:51:24.149+0000][66][info ][gc,task     ] GC(264) Using 6 workers of 6 for evacuation
[2026-01-26T06:51:24.149+0000][66][debug][gc,age      ] GC(264) Desired survivor size 41943040 bytes, new threshold 15 (max threshold 15)
[2026-01-26T06:51:24.159+0000][66][info ][gc,phases   ] GC(264)   Pre Evacuate Collection Set: 0.5ms
[2026-01-26T06:51:24.160+0000][66][info ][gc,phases   ] GC(264)   Merge Heap Roots: 0.3ms
[2026-01-26T06:51:24.160+0000][66][info ][gc,phases   ] GC(264)   Evacuate Collection Set: 6.5ms
[2026-01-26T06:51:24.160+0000][66][info ][gc,phases   ] GC(264)   Post Evacuate Collection Set: 1.7ms
[2026-01-26T06:51:24.161+0000][66][info ][gc,phases   ] GC(264)   Other: 1.1ms
[2026-01-26T06:51:24.161+0000][66][trace][gc,age      ] GC(264) Age table with threshold 15 (max threshold 15)
[2026-01-26T06:51:24.162+0000][66][trace][gc,age      ] GC(264) - age   1:    4939000 bytes,    4939000 total
[2026-01-26T06:51:24.162+0000][66][trace][gc,age      ] GC(264) - age   2:     907368 bytes,    5846368 total
[2026-01-26T06:51:24.163+0000][66][trace][gc,age      ] GC(264) - age   3:    2513248 bytes,    8359616 total
[2026-01-26T06:51:24.163+0000][66][trace][gc,age      ] GC(264) - age   4:    1339600 bytes,    9699216 total
[2026-01-26T06:51:24.163+0000][66][trace][gc,age      ] GC(264) - age   5:    1645344 bytes,   11344560 total
[2026-01-26T06:51:24.164+0000][66][trace][gc,age      ] GC(264) - age   6:      22544 bytes,   11367104 total
[2026-01-26T06:51:24.164+0000][66][trace][gc,age      ] GC(264) - age   7:     972280 bytes,   12339384 total
[2026-01-26T06:51:24.165+0000][66][trace][gc,age      ] GC(264) - age   8:     281304 bytes,   12620688 total
[2026-01-26T06:51:24.165+0000][66][trace][gc,age      ] GC(264) - age   9:     199488 bytes,   12820176 total
[2026-01-26T06:51:24.165+0000][66][trace][gc,age      ] GC(264) - age  10:     113016 bytes,   12933192 total
[2026-01-26T06:51:24.166+0000][66][trace][gc,age      ] GC(264) - age  11:     436576 bytes,   13369768 total
[2026-01-26T06:51:24.166+0000][66][trace][gc,age      ] GC(264) - age  12:     185136 bytes,   13554904 total
[2026-01-26T06:51:24.167+0000][66][trace][gc,age      ] GC(264) - age  13:     236720 bytes,   13791624 total
[2026-01-26T06:51:24.167+0000][66][trace][gc,age      ] GC(264) - age  14:     197744 bytes,   13989368 total
[2026-01-26T06:51:24.167+0000][66][trace][gc,age      ] GC(264) - age  15:     255104 bytes,   14244472 total
[2026-01-26T06:51:24.168+0000][66][info ][gc,heap     ] GC(264) Eden regions: 149->0(149)
[2026-01-26T06:51:24.168+0000][66][info ][gc,heap     ] GC(264) Survivor regions: 4->4(20)
[2026-01-26T06:51:24.168+0000][66][info ][gc,heap     ] GC(264) Old regions: 70->70
[2026-01-26T06:51:24.169+0000][66][info ][gc,heap     ] GC(264) Humongous regions: 0->0
[2026-01-26T06:51:24.169+0000][66][info ][gc,metaspace] GC(264) Metaspace: 133168K(136576K)->133168K(136576K) NonClass: 115398K(117184K)->115398K(117184K) Class: 17770K(19392K)->17770K(19392K)
[2026-01-26T06:51:24.170+0000][66][info ][gc          ] GC(264) Pause Young (Normal) (G1 Evacuation Pause) 888M->293M(1024M) 21.312ms
[2026-01-26T06:51:24.170+0000][66][info ][gc,cpu      ] GC(264) User=0.03s Sys=0.01s Real=0.02s
[2026-01-26T06:51:24.171+0000][66][info ][safepoint   ] Safepoint "G1CollectForAllocation", Time since last: 2048535643 ns, Reaching safepoint: 22702 ns, Cleanup: 6300 ns, At safepoint: 22337181 ns, Total: 22366183 ns
[2026-01-26T06:51:26.172+0000][66][info ][safepoint   ] Safepoint "Cleanup", Time since last: 2000756822 ns, Reaching safepoint: 54704 ns, Cleanup: 16901 ns, At safepoint: 8801 ns, Total: 80406 ns
[2026-01-26T06:51:26.546+0000][66][info ][gc,start    ] GC(265) Pause Young (Normal) (G1 Evacuation Pause)
[2026-01-26T06:51:26.547+0000][66][info ][gc,task     ] GC(265) Using 6 workers of 6 for evacuation
[2026-01-26T06:51:26.547+0000][66][debug][gc,age      ] GC(265) Desired survivor size 41943040 bytes, new threshold 15 (max threshold 15)
[2026-01-26T06:51:26.558+0000][66][info ][gc,phases   ] GC(265)   Pre Evacuate Collection Set: 0.4ms
[2026-01-26T06:51:26.558+0000][66][info ][gc,phases   ] GC(265)   Merge Heap Roots: 0.2ms
[2026-01-26T06:51:26.559+0000][66][info ][gc,phases   ] GC(265)   Evacuate Collection Set: 8.5ms
[2026-01-26T06:51:26.559+0000][66][info ][gc,phases   ] GC(265)   Post Evacuate Collection Set: 1.2ms
[2026-01-26T06:51:26.560+0000][66][info ][gc,phases   ] GC(265)   Other: 0.9ms
[2026-01-26T06:51:26.560+0000][66][trace][gc,age      ] GC(265) Age table with threshold 15 (max threshold 15)
[2026-01-26T06:51:26.560+0000][66][trace][gc,age      ] GC(265) - age   1:    7405576 bytes,    7405576 total
[2026-01-26T06:51:26.561+0000][66][trace][gc,age      ] GC(265) - age   2:    1649280 bytes,    9054856 total
[2026-01-26T06:51:26.561+0000][66][trace][gc,age      ] GC(265) - age   3:     867232 bytes,    9922088 total
[2026-01-26T06:51:26.561+0000][66][trace][gc,age      ] GC(265) - age   4:    2332992 bytes,   12255080 total
[2026-01-26T06:51:26.562+0000][66][trace][gc,age      ] GC(265) - age   5:    1311936 bytes,   13567016 total
[2026-01-26T06:51:26.562+0000][66][trace][gc,age      ] GC(265) - age   6:    1539784 bytes,   15106800 total
[2026-01-26T06:51:26.562+0000][66][trace][gc,age      ] GC(265) - age   7:      22544 bytes,   15129344 total
[2026-01-26T06:51:26.563+0000][66][trace][gc,age      ] GC(265) - age   8:     971720 bytes,   16101064 total
[2026-01-26T06:51:26.563+0000][66][trace][gc,age      ] GC(265) - age   9:     281304 bytes,   16382368 total
[2026-01-26T06:51:26.563+0000][66][trace][gc,age      ] GC(265) - age  10:     199488 bytes,   16581856 total
[2026-01-26T06:51:26.564+0000][66][trace][gc,age      ] GC(265) - age  11:     113016 bytes,   16694872 total
[2026-01-26T06:51:26.564+0000][66][trace][gc,age      ] GC(265) - age  12:     436576 bytes,   17131448 total
[2026-01-26T06:51:26.564+0000][66][trace][gc,age      ] GC(265) - age  13:     185136 bytes,   17316584 total
[2026-01-26T06:51:26.565+0000][66][trace][gc,age      ] GC(265) - age  14:     236368 bytes,   17552952 total
[2026-01-26T06:51:26.565+0000][66][trace][gc,age      ] GC(265) - age  15:     197744 bytes,   17750696 total
[2026-01-26T06:51:26.566+0000][66][info ][gc,heap     ] GC(265) Eden regions: 149->0(148)
[2026-01-26T06:51:26.566+0000][66][info ][gc,heap     ] GC(265) Survivor regions: 4->5(20)
[2026-01-26T06:51:26.566+0000][66][info ][gc,heap     ] GC(265) Old regions: 70->70
[2026-01-26T06:51:26.567+0000][66][info ][gc,heap     ] GC(265) Humongous regions: 0->0
[2026-01-26T06:51:26.567+0000][66][info ][gc,metaspace] GC(265) Metaspace: 133168K(136576K)->133168K(136576K) NonClass: 115398K(117184K)->115398K(117184K) Class: 17770K(19392K)->17770K(19392K)
[2026-01-26T06:51:26.567+0000][66][info ][gc          ] GC(265) Pause Young (Normal) (G1 Evacuation Pause) 889M->297M(1024M) 20.902ms
[2026-01-26T06:51:26.568+0000][66][info ][gc,cpu      ] GC(265) User=0.04s Sys=0.00s Real=0.02s
[2026-01-26T06:51:26.568+0000][66][info ][safepoint   ] Safepoint "G1CollectForAllocation", Time since last: 374506375 ns, Reaching safepoint: 144711 ns, Cleanup: 6800 ns, At safepoint: 21791640 ns, Total: 21943151 ns
[2026-01-26T06:51:30.527+0000][66][info ][gc,start    ] GC(266) Pause Young (Normal) (G1 Evacuation Pause)
[2026-01-26T06:51:30.528+0000][66][info ][gc,task     ] GC(266) Using 6 workers of 6 for evacuation
[2026-01-26T06:51:30.528+0000][66][debug][gc,age      ] GC(266) Desired survivor size 41943040 bytes, new threshold 15 (max threshold 15)
[2026-01-26T06:51:30.536+0000][66][info ][gc,phases   ] GC(266)   Pre Evacuate Collection Set: 0.5ms
[2026-01-26T06:51:30.537+0000][66][info ][gc,phases   ] GC(266)   Merge Heap Roots: 0.2ms
[2026-01-26T06:51:30.537+0000][66][info ][gc,phases   ] GC(266)   Evacuate Collection Set: 5.1ms
[2026-01-26T06:51:30.537+0000][66][info ][gc,phases   ] GC(266)   Post Evacuate Collection Set: 1.4ms
[2026-01-26T06:51:30.538+0000][66][info ][gc,phases   ] GC(266)   Other: 1.1ms
[2026-01-26T06:51:30.538+0000][66][trace][gc,age      ] GC(266) Age table with threshold 15 (max threshold 15)
[2026-01-26T06:51:30.539+0000][66][trace][gc,age      ] GC(266) - age   1:    6232328 bytes,    6232328 total
[2026-01-26T06:51:30.539+0000][66][trace][gc,age      ] GC(266) - age   2:     826072 bytes,    7058400 total
[2026-01-26T06:51:30.540+0000][66][trace][gc,age      ] GC(266) - age   3:       3280 bytes,    7061680 total
[2026-01-26T06:51:30.540+0000][66][trace][gc,age      ] GC(266) - age   4:       3768 bytes,    7065448 total
[2026-01-26T06:51:30.540+0000][66][trace][gc,age      ] GC(266) - age   5:       1256 bytes,    7066704 total
[2026-01-26T06:51:30.541+0000][66][trace][gc,age      ] GC(266) - age   6:      73488 bytes,    7140192 total
[2026-01-26T06:51:30.541+0000][66][trace][gc,age      ] GC(266) - age   7:      16144 bytes,    7156336 total
[2026-01-26T06:51:30.542+0000][66][trace][gc,age      ] GC(266) - age   8:      22544 bytes,    7178880 total
[2026-01-26T06:51:30.542+0000][66][trace][gc,age      ] GC(266) - age   9:     969056 bytes,    8147936 total
[2026-01-26T06:51:30.542+0000][66][trace][gc,age      ] GC(266) - age  10:     281128 bytes,    8429064 total
[2026-01-26T06:51:30.542+0000][66][trace][gc,age      ] GC(266) - age  11:     199488 bytes,    8628552 total
[2026-01-26T06:51:30.543+0000][66][trace][gc,age      ] GC(266) - age  12:     113016 bytes,    8741568 total
[2026-01-26T06:51:30.543+0000][66][trace][gc,age      ] GC(266) - age  13:     436512 bytes,    9178080 total
[2026-01-26T06:51:30.543+0000][66][trace][gc,age      ] GC(266) - age  14:     185104 bytes,    9363184 total
[2026-01-26T06:51:30.544+0000][66][trace][gc,age      ] GC(266) - age  15:     236368 bytes,    9599552 total
[2026-01-26T06:51:30.544+0000][66][info ][gc,heap     ] GC(266) Eden regions: 148->0(150)
[2026-01-26T06:51:30.544+0000][66][info ][gc,heap     ] GC(266) Survivor regions: 5->3(20)
[2026-01-26T06:51:30.544+0000][66][info ][gc,heap     ] GC(266) Old regions: 70->70
[2026-01-26T06:51:30.545+0000][66][info ][gc,heap     ] GC(266) Humongous regions: 0->0
[2026-01-26T06:51:30.545+0000][66][info ][gc,metaspace] GC(266) Metaspace: 133168K(136576K)->133168K(136576K) NonClass: 115398K(117184K)->115398K(117184K) Class: 17770K(19392K)->17770K(19392K)
[2026-01-26T06:51:30.545+0000][66][info ][gc          ] GC(266) Pause Young (Normal) (G1 Evacuation Pause) 889M->289M(1024M) 18.097ms
[2026-01-26T06:51:30.545+0000][66][info ][gc,cpu      ] GC(266) User=0.01s Sys=0.01s Real=0.02s
[2026-01-26T06:51:30.546+0000][66][info ][safepoint   ] Safepoint "G1CollectForAllocation", Time since last: 3958857635 ns, Reaching safepoint: 149711 ns, Cleanup: 6701 ns, At safepoint: 18897221 ns, Total: 19053633 ns
[2026-01-26T06:51:33.263+0000][66][info ][safepoint   ] Safepoint "Cleanup", Time since last: 2717577871 ns, Reaching safepoint: 151412 ns, Cleanup: 13901 ns, At safepoint: 85006 ns, Total: 250319 ns
[2026-01-26T06:51:33.671+0000][66][info ][gc,start    ] GC(267) Pause Young (Normal) (G1 Evacuation Pause)
[2026-01-26T06:51:33.672+0000][66][info ][gc,task     ] GC(267) Using 6 workers of 6 for evacuation
[2026-01-26T06:51:33.672+0000][66][debug][gc,age      ] GC(267) Desired survivor size 41943040 bytes, new threshold 15 (max threshold 15)
[2026-01-26T06:51:33.682+0000][66][info ][gc,phases   ] GC(267)   Pre Evacuate Collection Set: 0.5ms
[2026-01-26T06:51:33.683+0000][66][info ][gc,phases   ] GC(267)   Merge Heap Roots: 0.3ms
[2026-01-26T06:51:33.683+0000][66][info ][gc,phases   ] GC(267)   Evacuate Collection Set: 6.8ms
[2026-01-26T06:51:33.684+0000][66][info ][gc,phases   ] GC(267)   Post Evacuate Collection Set: 2.0ms
[2026-01-26T06:51:33.684+0000][66][info ][gc,phases   ] GC(267)   Other: 0.9ms
[2026-01-26T06:51:33.684+0000][66][trace][gc,age      ] GC(267) Age table with threshold 15 (max threshold 15)
[2026-01-26T06:51:33.685+0000][66][trace][gc,age      ] GC(267) - age   1:    2920312 bytes,    2920312 total
[2026-01-26T06:51:33.685+0000][66][trace][gc,age      ] GC(267) - age   2:    3263720 bytes,    6184032 total
[2026-01-26T06:51:33.686+0000][66][trace][gc,age      ] GC(267) - age   3:     610008 bytes,    6794040 total
[2026-01-26T06:51:33.686+0000][66][trace][gc,age      ] GC(267) - age   4:       3280 bytes,    6797320 total
[2026-01-26T06:51:33.686+0000][66][trace][gc,age      ] GC(267) - age   5:       3032 bytes,    6800352 total
[2026-01-26T06:51:33.687+0000][66][trace][gc,age      ] GC(267) - age   6:       1192 bytes,    6801544 total
[2026-01-26T06:51:33.687+0000][66][trace][gc,age      ] GC(267) - age   7:      73488 bytes,    6875032 total
[2026-01-26T06:51:33.687+0000][66][trace][gc,age      ] GC(267) - age   8:      16144 bytes,    6891176 total
[2026-01-26T06:51:33.688+0000][66][trace][gc,age      ] GC(267) - age   9:      22448 bytes,    6913624 total
[2026-01-26T06:51:33.688+0000][66][trace][gc,age      ] GC(267) - age  10:     967024 bytes,    7880648 total
[2026-01-26T06:51:33.689+0000][66][trace][gc,age      ] GC(267) - age  11:     281128 bytes,    8161776 total
[2026-01-26T06:51:33.689+0000][66][trace][gc,age      ] GC(267) - age  12:     199184 bytes,    8360960 total
[2026-01-26T06:51:33.689+0000][66][trace][gc,age      ] GC(267) - age  13:     113016 bytes,    8473976 total
[2026-01-26T06:51:33.690+0000][66][trace][gc,age      ] GC(267) - age  14:     436000 bytes,    8909976 total
[2026-01-26T06:51:33.690+0000][66][trace][gc,age      ] GC(267) - age  15:     184168 bytes,    9094144 total
[2026-01-26T06:51:33.691+0000][66][info ][gc,heap     ] GC(267) Eden regions: 150->0(150)
[2026-01-26T06:51:33.692+0000][66][info ][gc,heap     ] GC(267) Survivor regions: 3->3(20)
[2026-01-26T06:51:33.692+0000][66][info ][gc,heap     ] GC(267) Old regions: 70->70
[2026-01-26T06:51:33.692+0000][66][info ][gc,heap     ] GC(267) Humongous regions: 0->0
[2026-01-26T06:51:33.693+0000][66][info ][gc,metaspace] GC(267) Metaspace: 133168K(136576K)->133168K(136576K) NonClass: 115398K(117184K)->115398K(117184K) Class: 17770K(19392K)->17770K(19392K)
[2026-01-26T06:51:33.693+0000][66][info ][gc          ] GC(267) Pause Young (Normal) (G1 Evacuation Pause) 889M->289M(1024M) 21.872ms
[2026-01-26T06:51:33.694+0000][66][info ][gc,cpu      ] GC(267) User=0.02s Sys=0.01s Real=0.02s
[2026-01-26T06:51:33.694+0000][66][info ][safepoint   ] Safepoint "G1CollectForAllocation", Time since last: 408558862 ns, Reaching safepoint: 24302 ns, Cleanup: 6300 ns, At safepoint: 22913620 ns, Total: 22944222 ns
[2026-01-26T06:51:35.869+0000][66][info ][safepoint   ] Safepoint "Cleanup", Time since last: 2174902924 ns, Reaching safepoint: 129209 ns, Cleanup: 14601 ns, At safepoint: 75706 ns, Total: 219516 ns
[2026-01-26T06:51:37.424+0000][66][info ][safepoint   ] Safepoint "Cleanup", Time since last: 1554012227 ns, Reaching safepoint: 166612 ns, Cleanup: 18002 ns, At safepoint: 67605 ns, Total: 252219 ns
[2026-01-26T06:51:37.439+0000][66][info ][gc,start    ] GC(268) Pause Young (Normal) (G1 Evacuation Pause)
[2026-01-26T06:51:37.439+0000][66][info ][gc,task     ] GC(268) Using 6 workers of 6 for evacuation
[2026-01-26T06:51:37.440+0000][66][debug][gc,age      ] GC(268) Desired survivor size 41943040 bytes, new threshold 15 (max threshold 15)
[2026-01-26T06:51:37.449+0000][66][info ][gc,phases   ] GC(268)   Pre Evacuate Collection Set: 0.5ms
[2026-01-26T06:51:37.449+0000][66][info ][gc,phases   ] GC(268)   Merge Heap Roots: 0.3ms
[2026-01-26T06:51:37.450+0000][66][info ][gc,phases   ] GC(268)   Evacuate Collection Set: 6.1ms
[2026-01-26T06:51:37.450+0000][66][info ][gc,phases   ] GC(268)   Post Evacuate Collection Set: 1.6ms
[2026-01-26T06:51:37.450+0000][66][info ][gc,phases   ] GC(268)   Other: 0.9ms
[2026-01-26T06:51:37.451+0000][66][trace][gc,age      ] GC(268) Age table with threshold 15 (max threshold 15)
[2026-01-26T06:51:37.451+0000][66][trace][gc,age      ] GC(268) - age   1:    4177560 bytes,    4177560 total
[2026-01-26T06:51:37.452+0000][66][trace][gc,age      ] GC(268) - age   2:       4928 bytes,    4182488 total
[2026-01-26T06:51:37.452+0000][66][trace][gc,age      ] GC(268) - age   3:     236576 bytes,    4419064 total
[2026-01-26T06:51:37.452+0000][66][trace][gc,age      ] GC(268) - age   4:       2488 bytes,    4421552 total
[2026-01-26T06:51:37.453+0000][66][trace][gc,age      ] GC(268) - age   5:       3200 bytes,    4424752 total
[2026-01-26T06:51:37.453+0000][66][trace][gc,age      ] GC(268) - age   6:       3032 bytes,    4427784 total
[2026-01-26T06:51:37.454+0000][66][trace][gc,age      ] GC(268) - age   7:        912 bytes,    4428696 total
[2026-01-26T06:51:37.454+0000][66][trace][gc,age      ] GC(268) - age   8:      70768 bytes,    4499464 total
[2026-01-26T06:51:37.455+0000][66][trace][gc,age      ] GC(268) - age   9:      16120 bytes,    4515584 total
[2026-01-26T06:51:37.455+0000][66][trace][gc,age      ] GC(268) - age  10:      22448 bytes,    4538032 total
[2026-01-26T06:51:37.455+0000][66][trace][gc,age      ] GC(268) - age  11:     963736 bytes,    5501768 total
[2026-01-26T06:51:37.456+0000][66][trace][gc,age      ] GC(268) - age  12:     281128 bytes,    5782896 total
[2026-01-26T06:51:37.456+0000][66][trace][gc,age      ] GC(268) - age  13:     199184 bytes,    5982080 total
[2026-01-26T06:51:37.456+0000][66][trace][gc,age      ] GC(268) - age  14:     113016 bytes,    6095096 total
[2026-01-26T06:51:37.457+0000][66][trace][gc,age      ] GC(268) - age  15:     360536 bytes,    6455632 total
[2026-01-26T06:51:37.457+0000][66][info ][gc,heap     ] GC(268) Eden regions: 150->0(151)
[2026-01-26T06:51:37.458+0000][66][info ][gc,heap     ] GC(268) Survivor regions: 3->2(20)
[2026-01-26T06:51:37.458+0000][66][info ][gc,heap     ] GC(268) Old regions: 70->70
[2026-01-26T06:51:37.458+0000][66][info ][gc,heap     ] GC(268) Humongous regions: 0->0
[2026-01-26T06:51:37.459+0000][66][info ][gc,metaspace] GC(268) Metaspace: 133171K(136576K)->133171K(136576K) NonClass: 115401K(117184K)->115401K(117184K) Class: 17770K(19392K)->17770K(19392K)
[2026-01-26T06:51:37.459+0000][66][info ][gc          ] GC(268) Pause Young (Normal) (G1 Evacuation Pause) 889M->286M(1024M) 20.332ms
[2026-01-26T06:51:37.460+0000][66][info ][gc,cpu      ] GC(268) User=0.02s Sys=0.01s Real=0.02s
[2026-01-26T06:51:37.460+0000][66][info ][safepoint   ] Safepoint "G1CollectForAllocation", Time since last: 15120435 ns, Reaching safepoint: 240918 ns, Cleanup: 8400 ns, At safepoint: 21400306 ns, Total: 21649624 ns
[2026-01-26T06:51:39.275+0000][66][info ][gc,start    ] GC(269) Pause Young (Normal) (G1 Evacuation Pause)
[2026-01-26T06:51:39.275+0000][66][info ][gc,task     ] GC(269) Using 6 workers of 6 for evacuation
[2026-01-26T06:51:39.276+0000][66][debug][gc,age      ] GC(269) Desired survivor size 41943040 bytes, new threshold 15 (max threshold 15)
[2026-01-26T06:51:39.286+0000][66][info ][gc,phases   ] GC(269)   Pre Evacuate Collection Set: 0.5ms
[2026-01-26T06:51:39.287+0000][66][info ][gc,phases   ] GC(269)   Merge Heap Roots: 0.2ms
[2026-01-26T06:51:39.287+0000][66][info ][gc,phases   ] GC(269)   Evacuate Collection Set: 8.0ms
[2026-01-26T06:51:39.287+0000][66][info ][gc,phases   ] GC(269)   Post Evacuate Collection Set: 1.6ms
[2026-01-26T06:51:39.288+0000][66][info ][gc,phases   ] GC(269)   Other: 0.7ms
[2026-01-26T06:51:39.288+0000][66][trace][gc,age      ] GC(269) Age table with threshold 15 (max threshold 15)
[2026-01-26T06:51:39.288+0000][66][trace][gc,age      ] GC(269) - age   1:    4548960 bytes,    4548960 total
[2026-01-26T06:51:39.288+0000][66][trace][gc,age      ] GC(269) - age   2:    3528192 bytes,    8077152 total
[2026-01-26T06:51:39.289+0000][66][trace][gc,age      ] GC(269) - age   3:       4896 bytes,    8082048 total
[2026-01-26T06:51:39.289+0000][66][trace][gc,age      ] GC(269) - age   4:     236440 bytes,    8318488 total
[2026-01-26T06:51:39.289+0000][66][trace][gc,age      ] GC(269) - age   5:       2456 bytes,    8320944 total
[2026-01-26T06:51:39.290+0000][66][trace][gc,age      ] GC(269) - age   6:       3200 bytes,    8324144 total
[2026-01-26T06:51:39.290+0000][66][trace][gc,age      ] GC(269) - age   7:       3032 bytes,    8327176 total
[2026-01-26T06:51:39.290+0000][66][trace][gc,age      ] GC(269) - age   8:        912 bytes,    8328088 total
[2026-01-26T06:51:39.290+0000][66][trace][gc,age      ] GC(269) - age   9:      70520 bytes,    8398608 total
[2026-01-26T06:51:39.291+0000][66][trace][gc,age      ] GC(269) - age  10:      16120 bytes,    8414728 total
[2026-01-26T06:51:39.291+0000][66][trace][gc,age      ] GC(269) - age  11:      22448 bytes,    8437176 total
[2026-01-26T06:51:39.291+0000][66][trace][gc,age      ] GC(269) - age  12:     963736 bytes,    9400912 total
[2026-01-26T06:51:39.292+0000][66][trace][gc,age      ] GC(269) - age  13:     281128 bytes,    9682040 total
[2026-01-26T06:51:39.292+0000][66][trace][gc,age      ] GC(269) - age  14:     199184 bytes,    9881224 total
[2026-01-26T06:51:39.292+0000][66][trace][gc,age      ] GC(269) - age  15:     113016 bytes,    9994240 total
[2026-01-26T06:51:39.292+0000][66][info ][gc,heap     ] GC(269) Eden regions: 151->0(150)
[2026-01-26T06:51:39.293+0000][66][info ][gc,heap     ] GC(269) Survivor regions: 2->3(20)
[2026-01-26T06:51:39.293+0000][66][info ][gc,heap     ] GC(269) Old regions: 70->70
[2026-01-26T06:51:39.293+0000][66][info ][gc,heap     ] GC(269) Humongous regions: 0->0
[2026-01-26T06:51:39.294+0000][66][info ][gc,metaspace] GC(269) Metaspace: 133171K(136576K)->133171K(136576K) NonClass: 115401K(117184K)->115401K(117184K) Class: 17770K(19392K)->17770K(19392K)
[2026-01-26T06:51:39.294+0000][66][info ][gc          ] GC(269) Pause Young (Normal) (G1 Evacuation Pause) 890M->289M(1024M) 18.918ms
[2026-01-26T06:51:39.294+0000][66][info ][gc,cpu      ] GC(269) User=0.03s Sys=0.01s Real=0.02s
[2026-01-26T06:51:39.295+0000][66][info ][safepoint   ] Safepoint "G1CollectForAllocation", Time since last: 1814494176 ns, Reaching safepoint: 139511 ns, Cleanup: 6500 ns, At safepoint: 19800586 ns, Total: 19946597 ns
[2026-01-26T06:51:40.313+0000][66][info ][safepoint   ] Safepoint "Cleanup", Time since last: 1017590389 ns, Reaching safepoint: 172513 ns, Cleanup: 19702 ns, At safepoint: 62404 ns, Total: 254619 ns
[2026-01-26T06:51:42.999+0000][66][info ][gc,start    ] GC(270) Pause Young (Normal) (G1 Evacuation Pause)
[2026-01-26T06:51:43.000+0000][66][info ][gc,task     ] GC(270) Using 6 workers of 6 for evacuation
[2026-01-26T06:51:43.000+0000][66][debug][gc,age      ] GC(270) Desired survivor size 41943040 bytes, new threshold 15 (max threshold 15)
[2026-01-26T06:51:43.010+0000][66][info ][gc,phases   ] GC(270)   Pre Evacuate Collection Set: 0.6ms
[2026-01-26T06:51:43.011+0000][66][info ][gc,phases   ] GC(270)   Merge Heap Roots: 0.2ms
[2026-01-26T06:51:43.011+0000][66][info ][gc,phases   ] GC(270)   Evacuate Collection Set: 7.1ms
[2026-01-26T06:51:43.011+0000][66][info ][gc,phases   ] GC(270)   Post Evacuate Collection Set: 1.7ms
[2026-01-26T06:51:43.012+0000][66][info ][gc,phases   ] GC(270)   Other: 0.8ms
[2026-01-26T06:51:43.012+0000][66][trace][gc,age      ] GC(270) Age table with threshold 15 (max threshold 15)
[2026-01-26T06:51:43.012+0000][66][trace][gc,age      ] GC(270) - age   1:    3422440 bytes,    3422440 total
[2026-01-26T06:51:43.013+0000][66][trace][gc,age      ] GC(270) - age   2:    1912312 bytes,    5334752 total
[2026-01-26T06:51:43.013+0000][66][trace][gc,age      ] GC(270) - age   3:     756248 bytes,    6091000 total
[2026-01-26T06:51:43.013+0000][66][trace][gc,age      ] GC(270) - age   4:       4136 bytes,    6095136 total
[2026-01-26T06:51:43.014+0000][66][trace][gc,age      ] GC(270) - age   5:      76304 bytes,    6171440 total
[2026-01-26T06:51:43.014+0000][66][trace][gc,age      ] GC(270) - age   6:       2424 bytes,    6173864 total
[2026-01-26T06:51:43.015+0000][66][trace][gc,age      ] GC(270) - age   7:       3056 bytes,    6176920 total
[2026-01-26T06:51:43.015+0000][66][trace][gc,age      ] GC(270) - age   8:       2968 bytes,    6179888 total
[2026-01-26T06:51:43.015+0000][66][trace][gc,age      ] GC(270) - age   9:        912 bytes,    6180800 total
[2026-01-26T06:51:43.016+0000][66][trace][gc,age      ] GC(270) - age  10:      70488 bytes,    6251288 total
[2026-01-26T06:51:43.016+0000][66][trace][gc,age      ] GC(270) - age  11:      16024 bytes,    6267312 total
[2026-01-26T06:51:43.016+0000][66][trace][gc,age      ] GC(270) - age  12:      21536 bytes,    6288848 total
[2026-01-26T06:51:43.017+0000][66][trace][gc,age      ] GC(270) - age  13:     963432 bytes,    7252280 total
[2026-01-26T06:51:43.017+0000][66][trace][gc,age      ] GC(270) - age  14:     281128 bytes,    7533408 total
[2026-01-26T06:51:43.017+0000][66][trace][gc,age      ] GC(270) - age  15:     199184 bytes,    7732592 total
[2026-01-26T06:51:43.018+0000][66][info ][gc,heap     ] GC(270) Eden regions: 150->0(151)
[2026-01-26T06:51:43.018+0000][66][info ][gc,heap     ] GC(270) Survivor regions: 3->2(20)
[2026-01-26T06:51:43.018+0000][66][info ][gc,heap     ] GC(270) Old regions: 70->70
[2026-01-26T06:51:43.019+0000][66][info ][gc,heap     ] GC(270) Humongous regions: 0->0
[2026-01-26T06:51:43.019+0000][66][info ][gc,metaspace] GC(270) Metaspace: 133172K(136576K)->133172K(136576K) NonClass: 115401K(117184K)->115401K(117184K) Class: 17770K(19392K)->17770K(19392K)
[2026-01-26T06:51:43.019+0000][66][info ][gc          ] GC(270) Pause Young (Normal) (G1 Evacuation Pause) 889M->287M(1024M) 19.880ms
[2026-01-26T06:51:43.020+0000][66][info ][gc,cpu      ] GC(270) User=0.03s Sys=0.00s Real=0.02s
[2026-01-26T06:51:43.020+0000][66][info ][safepoint   ] Safepoint "G1CollectForAllocation", Time since last: 2686715695 ns, Reaching safepoint: 22902 ns, Cleanup: 5801 ns, At safepoint: 20787268 ns, Total: 20815971 ns
[2026-01-26T06:51:45.399+0000][66][info ][gc,start    ] GC(271) Pause Young (Normal) (G1 Evacuation Pause)
[2026-01-26T06:51:45.400+0000][66][info ][gc,task     ] GC(271) Using 6 workers of 6 for evacuation
[2026-01-26T06:51:45.400+0000][66][debug][gc,age      ] GC(271) Desired survivor size 41943040 bytes, new threshold 15 (max threshold 15)
[2026-01-26T06:51:45.409+0000][66][info ][gc,phases   ] GC(271)   Pre Evacuate Collection Set: 0.4ms
[2026-01-26T06:51:45.410+0000][66][info ][gc,phases   ] GC(271)   Merge Heap Roots: 0.2ms
[2026-01-26T06:51:45.410+0000][66][info ][gc,phases   ] GC(271)   Evacuate Collection Set: 6.4ms
[2026-01-26T06:51:45.410+0000][66][info ][gc,phases   ] GC(271)   Post Evacuate Collection Set: 1.2ms
[2026-01-26T06:51:45.411+0000][66][info ][gc,phases   ] GC(271)   Other: 0.9ms
[2026-01-26T06:51:45.411+0000][66][trace][gc,age      ] GC(271) Age table with threshold 15 (max threshold 15)
[2026-01-26T06:51:45.411+0000][66][trace][gc,age      ] GC(271) - age   1:    6790376 bytes,    6790376 total
[2026-01-26T06:51:45.412+0000][66][trace][gc,age      ] GC(271) - age   2:    1687000 bytes,    8477376 total
[2026-01-26T06:51:45.412+0000][66][trace][gc,age      ] GC(271) - age   3:    1326352 bytes,    9803728 total
[2026-01-26T06:51:45.412+0000][66][trace][gc,age      ] GC(271) - age   4:     250232 bytes,   10053960 total
[2026-01-26T06:51:45.413+0000][66][trace][gc,age      ] GC(271) - age   5:       4136 bytes,   10058096 total
[2026-01-26T06:51:45.413+0000][66][trace][gc,age      ] GC(271) - age   6:      76304 bytes,   10134400 total
[2026-01-26T06:51:45.413+0000][66][trace][gc,age      ] GC(271) - age   7:       2424 bytes,   10136824 total
[2026-01-26T06:51:45.414+0000][66][trace][gc,age      ] GC(271) - age   8:       3056 bytes,   10139880 total
[2026-01-26T06:51:45.414+0000][66][trace][gc,age      ] GC(271) - age   9:       2968 bytes,   10142848 total
[2026-01-26T06:51:45.414+0000][66][trace][gc,age      ] GC(271) - age  10:        912 bytes,   10143760 total
[2026-01-26T06:51:45.415+0000][66][trace][gc,age      ] GC(271) - age  11:      70488 bytes,   10214248 total
[2026-01-26T06:51:45.415+0000][66][trace][gc,age      ] GC(271) - age  12:      16024 bytes,   10230272 total
[2026-01-26T06:51:45.415+0000][66][trace][gc,age      ] GC(271) - age  13:      21536 bytes,   10251808 total
[2026-01-26T06:51:45.415+0000][66][trace][gc,age      ] GC(271) - age  14:     963432 bytes,   11215240 total
[2026-01-26T06:51:45.416+0000][66][trace][gc,age      ] GC(271) - age  15:     281128 bytes,   11496368 total
[2026-01-26T06:51:45.416+0000][66][info ][gc,heap     ] GC(271) Eden regions: 151->0(150)
[2026-01-26T06:51:45.416+0000][66][info ][gc,heap     ] GC(271) Survivor regions: 2->3(20)
[2026-01-26T06:51:45.417+0000][66][info ][gc,heap     ] GC(271) Old regions: 70->71
[2026-01-26T06:51:45.417+0000][66][info ][gc,heap     ] GC(271) Humongous regions: 0->0
[2026-01-26T06:51:45.418+0000][66][info ][gc,metaspace] GC(271) Metaspace: 133172K(136576K)->133172K(136576K) NonClass: 115401K(117184K)->115401K(117184K) Class: 17770K(19392K)->17770K(19392K)
[2026-01-26T06:51:45.418+0000][66][info ][gc          ] GC(271) Pause Young (Normal) (G1 Evacuation Pause) 891M->291M(1024M) 18.519ms
[2026-01-26T06:51:45.418+0000][66][info ][gc,cpu      ] GC(271) User=0.03s Sys=0.00s Real=0.02s
[2026-01-26T06:51:45.419+0000][66][info ][safepoint   ] Safepoint "G1CollectForAllocation", Time since last: 2379164492 ns, Reaching safepoint: 137911 ns, Cleanup: 6400 ns, At safepoint: 19473769 ns, Total: 19618080 ns
[2026-01-26T06:51:48.007+0000][66][info ][gc,start    ] GC(272) Pause Young (Normal) (G1 Evacuation Pause)
[2026-01-26T06:51:48.007+0000][66][info ][gc,task     ] GC(272) Using 6 workers of 6 for evacuation
[2026-01-26T06:51:48.008+0000][66][debug][gc,age      ] GC(272) Desired survivor size 41943040 bytes, new threshold 15 (max threshold 15)
[2026-01-26T06:51:48.019+0000][66][info ][gc,phases   ] GC(272)   Pre Evacuate Collection Set: 0.4ms
[2026-01-26T06:51:48.019+0000][66][info ][gc,phases   ] GC(272)   Merge Heap Roots: 0.3ms
[2026-01-26T06:51:48.019+0000][66][info ][gc,phases   ] GC(272)   Evacuate Collection Set: 8.2ms
[2026-01-26T06:51:48.020+0000][66][info ][gc,phases   ] GC(272)   Post Evacuate Collection Set: 1.4ms
[2026-01-26T06:51:48.020+0000][66][info ][gc,phases   ] GC(272)   Other: 0.9ms
[2026-01-26T06:51:48.020+0000][66][trace][gc,age      ] GC(272) Age table with threshold 15 (max threshold 15)
[2026-01-26T06:51:48.021+0000][66][trace][gc,age      ] GC(272) - age   1:    9816264 bytes,    9816264 total
[2026-01-26T06:51:48.021+0000][66][trace][gc,age      ] GC(272) - age   2:    3409232 bytes,   13225496 total
[2026-01-26T06:51:48.021+0000][66][trace][gc,age      ] GC(272) - age   3:    1415184 bytes,   14640680 total
[2026-01-26T06:51:48.022+0000][66][trace][gc,age      ] GC(272) - age   4:    1314792 bytes,   15955472 total
[2026-01-26T06:51:48.022+0000][66][trace][gc,age      ] GC(272) - age   5:     250232 bytes,   16205704 total
[2026-01-26T06:51:48.022+0000][66][trace][gc,age      ] GC(272) - age   6:       4136 bytes,   16209840 total
[2026-01-26T06:51:48.023+0000][66][trace][gc,age      ] GC(272) - age   7:      76304 bytes,   16286144 total
[2026-01-26T06:51:48.023+0000][66][trace][gc,age      ] GC(272) - age   8:       2424 bytes,   16288568 total
[2026-01-26T06:51:48.023+0000][66][trace][gc,age      ] GC(272) - age   9:       3056 bytes,   16291624 total
[2026-01-26T06:51:48.024+0000][66][trace][gc,age      ] GC(272) - age  10:       2968 bytes,   16294592 total
[2026-01-26T06:51:48.024+0000][66][trace][gc,age      ] GC(272) - age  11:        912 bytes,   16295504 total
[2026-01-26T06:51:48.025+0000][66][trace][gc,age      ] GC(272) - age  12:      70488 bytes,   16365992 total
[2026-01-26T06:51:48.025+0000][66][trace][gc,age      ] GC(272) - age  13:      16024 bytes,   16382016 total
[2026-01-26T06:51:48.026+0000][66][trace][gc,age      ] GC(272) - age  14:      21536 bytes,   16403552 total
[2026-01-26T06:51:48.026+0000][66][trace][gc,age      ] GC(272) - age  15:     963432 bytes,   17366984 total
[2026-01-26T06:51:48.027+0000][66][info ][gc,heap     ] GC(272) Eden regions: 150->0(148)
[2026-01-26T06:51:48.027+0000][66][info ][gc,heap     ] GC(272) Survivor regions: 3->5(20)
[2026-01-26T06:51:48.028+0000][66][info ][gc,heap     ] GC(272) Old regions: 71->71
[2026-01-26T06:51:48.028+0000][66][info ][gc,heap     ] GC(272) Humongous regions: 0->0
[2026-01-26T06:51:48.029+0000][66][info ][gc,metaspace] GC(272) Metaspace: 133172K(136576K)->133172K(136576K) NonClass: 115401K(117184K)->115401K(117184K) Class: 17770K(19392K)->17770K(19392K)
[2026-01-26T06:51:48.029+0000][66][info ][gc          ] GC(272) Pause Young (Normal) (G1 Evacuation Pause) 891M->297M(1024M) 22.292ms
[2026-01-26T06:51:48.030+0000][66][info ][gc,cpu      ] GC(272) User=0.03s Sys=0.00s Real=0.03s
[2026-01-26T06:51:48.030+0000][66][info ][safepoint   ] Safepoint "G1CollectForAllocation", Time since last: 2588095900 ns, Reaching safepoint: 25402 ns, Cleanup: 6600 ns, At safepoint: 23399660 ns, Total: 23431662 ns
[2026-01-26T06:51:50.149+0000][66][info ][gc,start    ] GC(273) Pause Young (Normal) (G1 Evacuation Pause)
[2026-01-26T06:51:50.150+0000][66][info ][gc,task     ] GC(273) Using 6 workers of 6 for evacuation
[2026-01-26T06:51:50.150+0000][66][debug][gc,age      ] GC(273) Desired survivor size 41943040 bytes, new threshold 15 (max threshold 15)
[2026-01-26T06:51:50.164+0000][66][info ][gc,phases   ] GC(273)   Pre Evacuate Collection Set: 0.4ms
[2026-01-26T06:51:50.165+0000][66][info ][gc,phases   ] GC(273)   Merge Heap Roots: 0.3ms
[2026-01-26T06:51:50.166+0000][66][info ][gc,phases   ] GC(273)   Evacuate Collection Set: 11.5ms
[2026-01-26T06:51:50.166+0000][66][info ][gc,phases   ] GC(273)   Post Evacuate Collection Set: 1.4ms
[2026-01-26T06:51:50.167+0000][66][info ][gc,phases   ] GC(273)   Other: 0.9ms
[2026-01-26T06:51:50.167+0000][66][trace][gc,age      ] GC(273) Age table with threshold 15 (max threshold 15)
[2026-01-26T06:51:50.167+0000][66][trace][gc,age      ] GC(273) - age   1:    8118104 bytes,    8118104 total
[2026-01-26T06:51:50.168+0000][66][trace][gc,age      ] GC(273) - age   2:    5837792 bytes,   13955896 total
[2026-01-26T06:51:50.168+0000][66][trace][gc,age      ] GC(273) - age   3:    3068016 bytes,   17023912 total
[2026-01-26T06:51:50.169+0000][66][trace][gc,age      ] GC(273) - age   4:    1329600 bytes,   18353512 total
[2026-01-26T06:51:50.169+0000][66][trace][gc,age      ] GC(273) - age   5:    1143184 bytes,   19496696 total
[2026-01-26T06:51:50.169+0000][66][trace][gc,age      ] GC(273) - age   6:     249928 bytes,   19746624 total
[2026-01-26T06:51:50.170+0000][66][trace][gc,age      ] GC(273) - age   7:       4136 bytes,   19750760 total
[2026-01-26T06:51:50.170+0000][66][trace][gc,age      ] GC(273) - age   8:      76056 bytes,   19826816 total
[2026-01-26T06:51:50.171+0000][66][trace][gc,age      ] GC(273) - age   9:       2424 bytes,   19829240 total
[2026-01-26T06:51:50.171+0000][66][trace][gc,age      ] GC(273) - age  10:       3056 bytes,   19832296 total
[2026-01-26T06:51:50.171+0000][66][trace][gc,age      ] GC(273) - age  11:       2968 bytes,   19835264 total
[2026-01-26T06:51:50.172+0000][66][trace][gc,age      ] GC(273) - age  12:         64 bytes,   19835328 total
[2026-01-26T06:51:50.172+0000][66][trace][gc,age      ] GC(273) - age  13:      70488 bytes,   19905816 total
[2026-01-26T06:51:50.172+0000][66][trace][gc,age      ] GC(273) - age  14:      16024 bytes,   19921840 total
[2026-01-26T06:51:50.173+0000][66][trace][gc,age      ] GC(273) - age  15:      21536 bytes,   19943376 total
[2026-01-26T06:51:50.173+0000][66][info ][gc,heap     ] GC(273) Eden regions: 148->0(148)
[2026-01-26T06:51:50.173+0000][66][info ][gc,heap     ] GC(273) Survivor regions: 5->5(20)
[2026-01-26T06:51:50.174+0000][66][info ][gc,heap     ] GC(273) Old regions: 71->71
[2026-01-26T06:51:50.174+0000][66][info ][gc,heap     ] GC(273) Humongous regions: 0->0
[2026-01-26T06:51:50.174+0000][66][info ][gc,metaspace] GC(273) Metaspace: 133172K(136576K)->133172K(136576K) NonClass: 115401K(117184K)->115401K(117184K) Class: 17770K(19392K)->17770K(19392K)
[2026-01-26T06:51:50.175+0000][66][info ][gc          ] GC(273) Pause Young (Normal) (G1 Evacuation Pause) 889M->301M(1024M) 25.407ms
[2026-01-26T06:51:50.175+0000][66][info ][gc,cpu      ] GC(273) User=0.06s Sys=0.00s Real=0.03s
[2026-01-26T06:51:50.176+0000][66][info ][safepoint   ] Safepoint "G1CollectForAllocation", Time since last: 2118822653 ns, Reaching safepoint: 22501 ns, Cleanup: 6001 ns, At safepoint: 26306978 ns, Total: 26335480 ns
[2026-01-26T06:51:52.075+0000][66][info ][safepoint   ] Safepoint "Cleanup", Time since last: 1899346747 ns, Reaching safepoint: 248718 ns, Cleanup: 16202 ns, At safepoint: 97107 ns, Total: 362027 ns
[2026-01-26T06:51:53.702+0000][66][info ][gc,start    ] GC(274) Pause Young (Normal) (G1 Evacuation Pause)
[2026-01-26T06:51:53.703+0000][66][info ][gc,task     ] GC(274) Using 6 workers of 6 for evacuation
[2026-01-26T06:51:53.703+0000][66][debug][gc,age      ] GC(274) Desired survivor size 41943040 bytes, new threshold 15 (max threshold 15)
[2026-01-26T06:51:53.712+0000][66][info ][gc,phases   ] GC(274)   Pre Evacuate Collection Set: 0.4ms
[2026-01-26T06:51:53.712+0000][66][info ][gc,phases   ] GC(274)   Merge Heap Roots: 0.2ms
[2026-01-26T06:51:53.713+0000][66][info ][gc,phases   ] GC(274)   Evacuate Collection Set: 6.1ms
[2026-01-26T06:51:53.713+0000][66][info ][gc,phases   ] GC(274)   Post Evacuate Collection Set: 1.3ms
[2026-01-26T06:51:53.713+0000][66][info ][gc,phases   ] GC(274)   Other: 1.0ms
[2026-01-26T06:51:53.713+0000][66][trace][gc,age      ] GC(274) Age table with threshold 15 (max threshold 15)
[2026-01-26T06:51:53.714+0000][66][trace][gc,age      ] GC(274) - age   1:    8256952 bytes,    8256952 total
[2026-01-26T06:51:53.714+0000][66][trace][gc,age      ] GC(274) - age   2:    1219288 bytes,    9476240 total
[2026-01-26T06:51:53.715+0000][66][trace][gc,age      ] GC(274) - age   3:       4016 bytes,    9480256 total
[2026-01-26T06:51:53.715+0000][66][trace][gc,age      ] GC(274) - age   4:      45120 bytes,    9525376 total
[2026-01-26T06:51:53.715+0000][66][trace][gc,age      ] GC(274) - age   5:     158968 bytes,    9684344 total
[2026-01-26T06:51:53.715+0000][66][trace][gc,age      ] GC(274) - age   6:       1136 bytes,    9685480 total
[2026-01-26T06:51:53.716+0000][66][trace][gc,age      ] GC(274) - age   7:     110944 bytes,    9796424 total
[2026-01-26T06:51:53.716+0000][66][trace][gc,age      ] GC(274) - age   8:       4136 bytes,    9800560 total
[2026-01-26T06:51:53.716+0000][66][trace][gc,age      ] GC(274) - age   9:      73256 bytes,    9873816 total
[2026-01-26T06:51:53.717+0000][66][trace][gc,age      ] GC(274) - age  10:       2392 bytes,    9876208 total
[2026-01-26T06:51:53.717+0000][66][trace][gc,age      ] GC(274) - age  11:       3024 bytes,    9879232 total
[2026-01-26T06:51:53.717+0000][66][trace][gc,age      ] GC(274) - age  12:       2968 bytes,    9882200 total
[2026-01-26T06:51:53.718+0000][66][trace][gc,age      ] GC(274) - age  13:         64 bytes,    9882264 total
[2026-01-26T06:51:53.718+0000][66][trace][gc,age      ] GC(274) - age  14:      70488 bytes,    9952752 total
[2026-01-26T06:51:53.718+0000][66][trace][gc,age      ] GC(274) - age  15:      15992 bytes,    9968744 total
[2026-01-26T06:51:53.719+0000][66][info ][gc,heap     ] GC(274) Eden regions: 148->0(150)
[2026-01-26T06:51:53.719+0000][66][info ][gc,heap     ] GC(274) Survivor regions: 5->3(20)
[2026-01-26T06:51:53.720+0000][66][info ][gc,heap     ] GC(274) Old regions: 71->71
[2026-01-26T06:51:53.720+0000][66][info ][gc,heap     ] GC(274) Humongous regions: 0->0
[2026-01-26T06:51:53.720+0000][66][info ][gc,metaspace] GC(274) Metaspace: 133173K(136640K)->133173K(136640K) NonClass: 115402K(117248K)->115402K(117248K) Class: 17770K(19392K)->17770K(19392K)
[2026-01-26T06:51:53.721+0000][66][info ][gc          ] GC(274) Pause Young (Normal) (G1 Evacuation Pause) 893M->292M(1024M) 18.579ms
[2026-01-26T06:51:53.721+0000][66][info ][gc,cpu      ] GC(274) User=0.03s Sys=0.01s Real=0.01s
[2026-01-26T06:51:53.722+0000][66][info ][safepoint   ] Safepoint "G1CollectForAllocation", Time since last: 1626586532 ns, Reaching safepoint: 149512 ns, Cleanup: 27002 ns, At safepoint: 19441862 ns, Total: 19618376 ns
[2026-01-26T06:51:56.723+0000][66][info ][safepoint   ] Safepoint "Cleanup", Time since last: 3001082138 ns, Reaching safepoint: 216916 ns, Cleanup: 15201 ns, At safepoint: 56804 ns, Total: 288921 ns
[2026-01-26T06:51:57.132+0000][66][info ][gc,start    ] GC(275) Pause Young (Normal) (G1 Evacuation Pause)
[2026-01-26T06:51:57.133+0000][66][info ][gc,task     ] GC(275) Using 6 workers of 6 for evacuation
[2026-01-26T06:51:57.133+0000][66][debug][gc,age      ] GC(275) Desired survivor size 41943040 bytes, new threshold 15 (max threshold 15)
[2026-01-26T06:51:57.143+0000][66][info ][gc,phases   ] GC(275)   Pre Evacuate Collection Set: 0.3ms
[2026-01-26T06:51:57.143+0000][66][info ][gc,phases   ] GC(275)   Merge Heap Roots: 0.1ms
[2026-01-26T06:51:57.143+0000][66][info ][gc,phases   ] GC(275)   Evacuate Collection Set: 6.8ms
[2026-01-26T06:51:57.144+0000][66][info ][gc,phases   ] GC(275)   Post Evacuate Collection Set: 1.4ms
[2026-01-26T06:51:57.144+0000][66][info ][gc,phases   ] GC(275)   Other: 0.8ms
[2026-01-26T06:51:57.144+0000][66][trace][gc,age      ] GC(275) Age table with threshold 15 (max threshold 15)
[2026-01-26T06:51:57.145+0000][66][trace][gc,age      ] GC(275) - age   1:    9240336 bytes,    9240336 total
[2026-01-26T06:51:57.145+0000][66][trace][gc,age      ] GC(275) - age   2:    4545992 bytes,   13786328 total
[2026-01-26T06:51:57.146+0000][66][trace][gc,age      ] GC(275) - age   3:    1212984 bytes,   14999312 total
[2026-01-26T06:51:57.146+0000][66][trace][gc,age      ] GC(275) - age   4:       4016 bytes,   15003328 total
[2026-01-26T06:51:57.146+0000][66][trace][gc,age      ] GC(275) - age   5:      43944 bytes,   15047272 total
[2026-01-26T06:51:57.147+0000][66][trace][gc,age      ] GC(275) - age   6:     158968 bytes,   15206240 total
[2026-01-26T06:51:57.147+0000][66][trace][gc,age      ] GC(275) - age   7:       1136 bytes,   15207376 total
[2026-01-26T06:51:57.148+0000][66][trace][gc,age      ] GC(275) - age   8:     110944 bytes,   15318320 total
[2026-01-26T06:51:57.148+0000][66][trace][gc,age      ] GC(275) - age   9:       4136 bytes,   15322456 total
[2026-01-26T06:51:57.148+0000][66][trace][gc,age      ] GC(275) - age  10:      73256 bytes,   15395712 total
[2026-01-26T06:51:57.149+0000][66][trace][gc,age      ] GC(275) - age  11:       2392 bytes,   15398104 total
[2026-01-26T06:51:57.149+0000][66][trace][gc,age      ] GC(275) - age  12:       3024 bytes,   15401128 total
[2026-01-26T06:51:57.150+0000][66][trace][gc,age      ] GC(275) - age  13:       2968 bytes,   15404096 total
[2026-01-26T06:51:57.150+0000][66][trace][gc,age      ] GC(275) - age  14:         64 bytes,   15404160 total
[2026-01-26T06:51:57.151+0000][66][trace][gc,age      ] GC(275) - age  15:      70488 bytes,   15474648 total
[2026-01-26T06:51:57.151+0000][66][info ][gc,heap     ] GC(275) Eden regions: 150->0(149)
[2026-01-26T06:51:57.151+0000][66][info ][gc,heap     ] GC(275) Survivor regions: 3->4(20)
[2026-01-26T06:51:57.152+0000][66][info ][gc,heap     ] GC(275) Old regions: 71->71
[2026-01-26T06:51:57.152+0000][66][info ][gc,heap     ] GC(275) Humongous regions: 0->0
[2026-01-26T06:51:57.152+0000][66][info ][gc,metaspace] GC(275) Metaspace: 133173K(136640K)->133173K(136640K) NonClass: 115402K(117248K)->115402K(117248K) Class: 17770K(19392K)->17770K(19392K)
[2026-01-26T06:51:57.153+0000][66][info ][gc          ] GC(275) Pause Young (Normal) (G1 Evacuation Pause) 892M->297M(1024M) 20.385ms
[2026-01-26T06:51:57.153+0000][66][info ][gc,cpu      ] GC(275) User=0.03s Sys=0.00s Real=0.02s
[2026-01-26T06:51:57.154+0000][66][info ][safepoint   ] Safepoint "G1CollectForAllocation", Time since last: 409558313 ns, Reaching safepoint: 21102 ns, Cleanup: 5300 ns, At safepoint: 21375056 ns, Total: 21401458 ns
[2026-01-26T06:51:59.193+0000][66][info ][gc,start    ] GC(276) Pause Young (Normal) (G1 Evacuation Pause)
[2026-01-26T06:51:59.194+0000][66][info ][gc,task     ] GC(276) Using 6 workers of 6 for evacuation
[2026-01-26T06:51:59.194+0000][66][debug][gc,age      ] GC(276) Desired survivor size 41943040 bytes, new threshold 15 (max threshold 15)
[2026-01-26T06:51:59.208+0000][66][info ][gc,phases   ] GC(276)   Pre Evacuate Collection Set: 0.4ms
[2026-01-26T06:51:59.209+0000][66][info ][gc,phases   ] GC(276)   Merge Heap Roots: 0.3ms
[2026-01-26T06:51:59.209+0000][66][info ][gc,phases   ] GC(276)   Evacuate Collection Set: 11.1ms
[2026-01-26T06:51:59.210+0000][66][info ][gc,phases   ] GC(276)   Post Evacuate Collection Set: 1.7ms
[2026-01-26T06:51:59.210+0000][66][info ][gc,phases   ] GC(276)   Other: 0.9ms
[2026-01-26T06:51:59.210+0000][66][trace][gc,age      ] GC(276) Age table with threshold 15 (max threshold 15)
[2026-01-26T06:51:59.211+0000][66][trace][gc,age      ] GC(276) - age   1:    8020608 bytes,    8020608 total
[2026-01-26T06:51:59.211+0000][66][trace][gc,age      ] GC(276) - age   2:    5287432 bytes,   13308040 total
[2026-01-26T06:51:59.211+0000][66][trace][gc,age      ] GC(276) - age   3:    4508400 bytes,   17816440 total
[2026-01-26T06:51:59.212+0000][66][trace][gc,age      ] GC(276) - age   4:    1137176 bytes,   18953616 total
[2026-01-26T06:51:59.212+0000][66][trace][gc,age      ] GC(276) - age   5:       4016 bytes,   18957632 total
[2026-01-26T06:51:59.212+0000][66][trace][gc,age      ] GC(276) - age   6:      43672 bytes,   19001304 total
[2026-01-26T06:51:59.213+0000][66][trace][gc,age      ] GC(276) - age   7:     158968 bytes,   19160272 total
[2026-01-26T06:51:59.213+0000][66][trace][gc,age      ] GC(276) - age   8:       1136 bytes,   19161408 total
[2026-01-26T06:51:59.213+0000][66][trace][gc,age      ] GC(276) - age   9:     110944 bytes,   19272352 total
[2026-01-26T06:51:59.214+0000][66][trace][gc,age      ] GC(276) - age  10:       4136 bytes,   19276488 total
[2026-01-26T06:51:59.214+0000][66][trace][gc,age      ] GC(276) - age  11:      73080 bytes,   19349568 total
[2026-01-26T06:51:59.214+0000][66][trace][gc,age      ] GC(276) - age  12:       2392 bytes,   19351960 total
[2026-01-26T06:51:59.215+0000][66][trace][gc,age      ] GC(276) - age  13:       3024 bytes,   19354984 total
[2026-01-26T06:51:59.215+0000][66][trace][gc,age      ] GC(276) - age  14:       2968 bytes,   19357952 total
[2026-01-26T06:51:59.215+0000][66][trace][gc,age      ] GC(276) - age  15:         64 bytes,   19358016 total
[2026-01-26T06:51:59.216+0000][66][info ][gc,heap     ] GC(276) Eden regions: 149->0(148)
[2026-01-26T06:51:59.216+0000][66][info ][gc,heap     ] GC(276) Survivor regions: 4->5(20)
[2026-01-26T06:51:59.216+0000][66][info ][gc,heap     ] GC(276) Old regions: 71->71
[2026-01-26T06:51:59.217+0000][66][info ][gc,heap     ] GC(276) Humongous regions: 0->0
[2026-01-26T06:51:59.217+0000][66][info ][gc,metaspace] GC(276) Metaspace: 133173K(136640K)->133173K(136640K) NonClass: 115402K(117248K)->115402K(117248K) Class: 17770K(19392K)->17770K(19392K)
[2026-01-26T06:51:59.217+0000][66][info ][gc          ] GC(276) Pause Young (Normal) (G1 Evacuation Pause) 893M->301M(1024M) 23.860ms
[2026-01-26T06:51:59.218+0000][66][info ][gc,cpu      ] GC(276) User=0.04s Sys=0.00s Real=0.02s
[2026-01-26T06:51:59.218+0000][66][info ][safepoint   ] Safepoint "G1CollectForAllocation", Time since last: 2039577669 ns, Reaching safepoint: 21401 ns, Cleanup: 4900 ns, At safepoint: 24679397 ns, Total: 24705698 ns
[2026-01-26T06:52:01.105+0000][66][info ][gc,start    ] GC(277) Pause Young (Normal) (G1 Evacuation Pause)
[2026-01-26T06:52:01.105+0000][66][info ][gc,task     ] GC(277) Using 6 workers of 6 for evacuation
[2026-01-26T06:52:01.106+0000][66][debug][gc,age      ] GC(277) Desired survivor size 41943040 bytes, new threshold 15 (max threshold 15)
[2026-01-26T06:52:01.116+0000][66][info ][gc,phases   ] GC(277)   Pre Evacuate Collection Set: 0.5ms
[2026-01-26T06:52:01.116+0000][66][info ][gc,phases   ] GC(277)   Merge Heap Roots: 0.2ms
[2026-01-26T06:52:01.117+0000][66][info ][gc,phases   ] GC(277)   Evacuate Collection Set: 7.7ms
[2026-01-26T06:52:01.117+0000][66][info ][gc,phases   ] GC(277)   Post Evacuate Collection Set: 1.2ms
[2026-01-26T06:52:01.118+0000][66][info ][gc,phases   ] GC(277)   Other: 0.9ms
[2026-01-26T06:52:01.118+0000][66][trace][gc,age      ] GC(277) Age table with threshold 15 (max threshold 15)
[2026-01-26T06:52:01.119+0000][66][trace][gc,age      ] GC(277) - age   1:    5768208 bytes,    5768208 total
[2026-01-26T06:52:01.119+0000][66][trace][gc,age      ] GC(277) - age   2:    5156288 bytes,   10924496 total
[2026-01-26T06:52:01.120+0000][66][trace][gc,age      ] GC(277) - age   3:    5161896 bytes,   16086392 total
[2026-01-26T06:52:01.120+0000][66][trace][gc,age      ] GC(277) - age   4:    4442648 bytes,   20529040 total
[2026-01-26T06:52:01.120+0000][66][trace][gc,age      ] GC(277) - age   5:    1137096 bytes,   21666136 total
[2026-01-26T06:52:01.121+0000][66][trace][gc,age      ] GC(277) - age   6:       4016 bytes,   21670152 total
[2026-01-26T06:52:01.121+0000][66][trace][gc,age      ] GC(277) - age   7:      43672 bytes,   21713824 total
[2026-01-26T06:52:01.122+0000][66][trace][gc,age      ] GC(277) - age   8:     158904 bytes,   21872728 total
[2026-01-26T06:52:01.122+0000][66][trace][gc,age      ] GC(277) - age   9:       1136 bytes,   21873864 total
[2026-01-26T06:52:01.123+0000][66][trace][gc,age      ] GC(277) - age  10:     110944 bytes,   21984808 total
[2026-01-26T06:52:01.123+0000][66][trace][gc,age      ] GC(277) - age  11:       3768 bytes,   21988576 total
[2026-01-26T06:52:01.123+0000][66][trace][gc,age      ] GC(277) - age  12:      73080 bytes,   22061656 total
[2026-01-26T06:52:01.124+0000][66][trace][gc,age      ] GC(277) - age  13:       2392 bytes,   22064048 total
[2026-01-26T06:52:01.124+0000][66][trace][gc,age      ] GC(277) - age  14:       3024 bytes,   22067072 total
[2026-01-26T06:52:01.125+0000][66][trace][gc,age      ] GC(277) - age  15:       2968 bytes,   22070040 total
[2026-01-26T06:52:01.125+0000][66][info ][gc,heap     ] GC(277) Eden regions: 148->0(146)
[2026-01-26T06:52:01.126+0000][66][info ][gc,heap     ] GC(277) Survivor regions: 5->6(20)
[2026-01-26T06:52:01.126+0000][66][info ][gc,heap     ] GC(277) Old regions: 71->71
[2026-01-26T06:52:01.127+0000][66][info ][gc,heap     ] GC(277) Humongous regions: 0->0
[2026-01-26T06:52:01.127+0000][66][info ][gc,metaspace] GC(277) Metaspace: 133173K(136640K)->133173K(136640K) NonClass: 115402K(117248K)->115402K(117248K) Class: 17770K(19392K)->17770K(19392K)
[2026-01-26T06:52:01.127+0000][66][info ][gc          ] GC(277) Pause Young (Normal) (G1 Evacuation Pause) 893M->303M(1024M) 22.541ms
[2026-01-26T06:52:01.128+0000][66][info ][gc,cpu      ] GC(277) User=0.04s Sys=0.00s Real=0.02s
[2026-01-26T06:52:01.128+0000][66][info ][safepoint   ] Safepoint "G1CollectForAllocation", Time since last: 1886589932 ns, Reaching safepoint: 144110 ns, Cleanup: 13601 ns, At safepoint: 23508411 ns, Total: 23666122 ns
[2026-01-26T06:52:02.127+0000][66][info ][safepoint   ] Safepoint "Cleanup", Time since last: 1000565635 ns, Reaching safepoint: 21501 ns, Cleanup: 15901 ns, At safepoint: 4401 ns, Total: 41803 ns
[2026-01-26T06:52:03.562+0000][66][info ][gc,start    ] GC(278) Pause Young (Normal) (G1 Evacuation Pause)
[2026-01-26T06:52:03.562+0000][66][info ][gc,task     ] GC(278) Using 6 workers of 6 for evacuation
[2026-01-26T06:52:03.563+0000][66][debug][gc,age      ] GC(278) Desired survivor size 39845888 bytes, new threshold 15 (max threshold 15)
[2026-01-26T06:52:03.575+0000][66][info ][gc,phases   ] GC(278)   Pre Evacuate Collection Set: 0.6ms
[2026-01-26T06:52:03.575+0000][66][info ][gc,phases   ] GC(278)   Merge Heap Roots: 0.3ms
[2026-01-26T06:52:03.576+0000][66][info ][gc,phases   ] GC(278)   Evacuate Collection Set: 8.8ms
[2026-01-26T06:52:03.576+0000][66][info ][gc,phases   ] GC(278)   Post Evacuate Collection Set: 1.7ms
[2026-01-26T06:52:03.577+0000][66][info ][gc,phases   ] GC(278)   Other: 1.1ms
[2026-01-26T06:52:03.577+0000][66][trace][gc,age      ] GC(278) Age table with threshold 15 (max threshold 15)
[2026-01-26T06:52:03.578+0000][66][trace][gc,age      ] GC(278) - age   1:    7340064 bytes,    7340064 total
[2026-01-26T06:52:03.578+0000][66][trace][gc,age      ] GC(278) - age   2:    2064968 bytes,    9405032 total
[2026-01-26T06:52:03.579+0000][66][trace][gc,age      ] GC(278) - age   3:    3780400 bytes,   13185432 total
[2026-01-26T06:52:03.579+0000][66][trace][gc,age      ] GC(278) - age   4:    4458904 bytes,   17644336 total
[2026-01-26T06:52:03.580+0000][66][trace][gc,age      ] GC(278) - age   5:    3985984 bytes,   21630320 total
[2026-01-26T06:52:03.580+0000][66][trace][gc,age      ] GC(278) - age   6:     899976 bytes,   22530296 total
[2026-01-26T06:52:03.581+0000][66][trace][gc,age      ] GC(278) - age   7:       4016 bytes,   22534312 total
[2026-01-26T06:52:03.581+0000][66][trace][gc,age      ] GC(278) - age   8:      43608 bytes,   22577920 total
[2026-01-26T06:52:03.582+0000][66][trace][gc,age      ] GC(278) - age   9:     158624 bytes,   22736544 total
[2026-01-26T06:52:03.582+0000][66][trace][gc,age      ] GC(278) - age  10:       1136 bytes,   22737680 total
[2026-01-26T06:52:03.583+0000][66][trace][gc,age      ] GC(278) - age  11:     110232 bytes,   22847912 total
[2026-01-26T06:52:03.583+0000][66][trace][gc,age      ] GC(278) - age  12:       2480 bytes,   22850392 total
[2026-01-26T06:52:03.583+0000][66][trace][gc,age      ] GC(278) - age  13:      73080 bytes,   22923472 total
[2026-01-26T06:52:03.584+0000][66][trace][gc,age      ] GC(278) - age  14:       2392 bytes,   22925864 total
[2026-01-26T06:52:03.584+0000][66][trace][gc,age      ] GC(278) - age  15:       3024 bytes,   22928888 total
[2026-01-26T06:52:03.585+0000][66][info ][gc,heap     ] GC(278) Eden regions: 146->0(146)
[2026-01-26T06:52:03.585+0000][66][info ][gc,heap     ] GC(278) Survivor regions: 6->6(19)
[2026-01-26T06:52:03.585+0000][66][info ][gc,heap     ] GC(278) Old regions: 71->71
[2026-01-26T06:52:03.586+0000][66][info ][gc,heap     ] GC(278) Humongous regions: 0->0
[2026-01-26T06:52:03.586+0000][66][info ][gc,metaspace] GC(278) Metaspace: 133173K(136640K)->133173K(136640K) NonClass: 115402K(117248K)->115402K(117248K) Class: 17770K(19392K)->17770K(19392K)
[2026-01-26T06:52:03.587+0000][66][info ][gc          ] GC(278) Pause Young (Normal) (G1 Evacuation Pause) 887M->305M(1024M) 25.090ms
[2026-01-26T06:52:03.587+0000][66][info ][gc,cpu      ] GC(278) User=0.04s Sys=0.00s Real=0.03s
[2026-01-26T06:52:03.588+0000][66][info ][safepoint   ] Safepoint "G1CollectForAllocation", Time since last: 1434853848 ns, Reaching safepoint: 151311 ns, Cleanup: 6800 ns, At safepoint: 26191007 ns, Total: 26349118 ns
[2026-01-26T06:52:07.423+0000][66][info ][gc,start    ] GC(279) Pause Young (Normal) (G1 Evacuation Pause)
[2026-01-26T06:52:07.424+0000][66][info ][gc,task     ] GC(279) Using 6 workers of 6 for evacuation
[2026-01-26T06:52:07.425+0000][66][debug][gc,age      ] GC(279) Desired survivor size 39845888 bytes, new threshold 15 (max threshold 15)
[2026-01-26T06:52:07.433+0000][66][info ][gc,phases   ] GC(279)   Pre Evacuate Collection Set: 0.5ms
[2026-01-26T06:52:07.434+0000][66][info ][gc,phases   ] GC(279)   Merge Heap Roots: 0.2ms
[2026-01-26T06:52:07.434+0000][66][info ][gc,phases   ] GC(279)   Evacuate Collection Set: 5.4ms
[2026-01-26T06:52:07.435+0000][66][info ][gc,phases   ] GC(279)   Post Evacuate Collection Set: 1.5ms
[2026-01-26T06:52:07.435+0000][66][info ][gc,phases   ] GC(279)   Other: 1.4ms
[2026-01-26T06:52:07.436+0000][66][trace][gc,age      ] GC(279) Age table with threshold 15 (max threshold 15)
[2026-01-26T06:52:07.437+0000][66][trace][gc,age      ] GC(279) - age   1:    8592760 bytes,    8592760 total
[2026-01-26T06:52:07.437+0000][66][trace][gc,age      ] GC(279) - age   2:    1484976 bytes,   10077736 total
[2026-01-26T06:52:07.438+0000][66][trace][gc,age      ] GC(279) - age   3:       1960 bytes,   10079696 total
[2026-01-26T06:52:07.438+0000][66][trace][gc,age      ] GC(279) - age   4:      44768 bytes,   10124464 total
[2026-01-26T06:52:07.439+0000][66][trace][gc,age      ] GC(279) - age   5:      87640 bytes,   10212104 total
[2026-01-26T06:52:07.440+0000][66][trace][gc,age      ] GC(279) - age   6:     263008 bytes,   10475112 total
[2026-01-26T06:52:07.440+0000][66][trace][gc,age      ] GC(279) - age   7:       1232 bytes,   10476344 total
[2026-01-26T06:52:07.441+0000][66][trace][gc,age      ] GC(279) - age   8:       4016 bytes,   10480360 total
[2026-01-26T06:52:07.441+0000][66][trace][gc,age      ] GC(279) - age   9:      43608 bytes,   10523968 total
[2026-01-26T06:52:07.442+0000][66][trace][gc,age      ] GC(279) - age  10:     156384 bytes,   10680352 total
[2026-01-26T06:52:07.443+0000][66][trace][gc,age      ] GC(279) - age  11:       1112 bytes,   10681464 total
[2026-01-26T06:52:07.443+0000][66][trace][gc,age      ] GC(279) - age  12:     107000 bytes,   10788464 total
[2026-01-26T06:52:07.444+0000][66][trace][gc,age      ] GC(279) - age  13:       2392 bytes,   10790856 total
[2026-01-26T06:52:07.444+0000][66][trace][gc,age      ] GC(279) - age  14:      73080 bytes,   10863936 total
[2026-01-26T06:52:07.445+0000][66][trace][gc,age      ] GC(279) - age  15:       2392 bytes,   10866328 total
[2026-01-26T06:52:07.445+0000][66][info ][gc,heap     ] GC(279) Eden regions: 146->0(150)
[2026-01-26T06:52:07.446+0000][66][info ][gc,heap     ] GC(279) Survivor regions: 6->3(19)
[2026-01-26T06:52:07.446+0000][66][info ][gc,heap     ] GC(279) Old regions: 71->71
[2026-01-26T06:52:07.447+0000][66][info ][gc,heap     ] GC(279) Humongous regions: 0->0
[2026-01-26T06:52:07.447+0000][66][info ][gc,metaspace] GC(279) Metaspace: 133174K(136640K)->133174K(136640K) NonClass: 115403K(117248K)->115403K(117248K) Class: 17770K(19392K)->17770K(19392K)
[2026-01-26T06:52:07.448+0000][66][info ][gc          ] GC(279) Pause Young (Normal) (G1 Evacuation Pause) 889M->293M(1024M) 24.304ms
[2026-01-26T06:52:07.448+0000][66][info ][gc,cpu      ] GC(279) User=0.02s Sys=0.01s Real=0.03s
[2026-01-26T06:52:07.449+0000][66][info ][safepoint   ] Safepoint "G1CollectForAllocation", Time since last: 3835487480 ns, Reaching safepoint: 22002 ns, Cleanup: 5900 ns, At safepoint: 25423588 ns, Total: 25451490 ns
[2026-01-26T06:52:11.616+0000][66][info ][gc,start    ] GC(280) Pause Young (Normal) (G1 Evacuation Pause)
[2026-01-26T06:52:11.617+0000][66][info ][gc,task     ] GC(280) Using 6 workers of 6 for evacuation
[2026-01-26T06:52:11.617+0000][66][debug][gc,age      ] GC(280) Desired survivor size 41943040 bytes, new threshold 15 (max threshold 15)
[2026-01-26T06:52:11.627+0000][66][info ][gc,phases   ] GC(280)   Pre Evacuate Collection Set: 0.4ms
[2026-01-26T06:52:11.627+0000][66][info ][gc,phases   ] GC(280)   Merge Heap Roots: 0.1ms
[2026-01-26T06:52:11.628+0000][66][info ][gc,phases   ] GC(280)   Evacuate Collection Set: 7.5ms
[2026-01-26T06:52:11.628+0000][66][info ][gc,phases   ] GC(280)   Post Evacuate Collection Set: 1.1ms
[2026-01-26T06:52:11.629+0000][66][info ][gc,phases   ] GC(280)   Other: 0.9ms
[2026-01-26T06:52:11.629+0000][66][trace][gc,age      ] GC(280) Age table with threshold 15 (max threshold 15)
[2026-01-26T06:52:11.629+0000][66][trace][gc,age      ] GC(280) - age   1:   13354272 bytes,   13354272 total
[2026-01-26T06:52:11.630+0000][66][trace][gc,age      ] GC(280) - age   2:    6284616 bytes,   19638888 total
[2026-01-26T06:52:11.630+0000][66][trace][gc,age      ] GC(280) - age   3:    1471792 bytes,   21110680 total
[2026-01-26T06:52:11.631+0000][66][trace][gc,age      ] GC(280) - age   4:       1776 bytes,   21112456 total
[2026-01-26T06:52:11.631+0000][66][trace][gc,age      ] GC(280) - age   5:      44768 bytes,   21157224 total
[2026-01-26T06:52:11.631+0000][66][trace][gc,age      ] GC(280) - age   6:      87640 bytes,   21244864 total
[2026-01-26T06:52:11.632+0000][66][trace][gc,age      ] GC(280) - age   7:     263008 bytes,   21507872 total
[2026-01-26T06:52:11.632+0000][66][trace][gc,age      ] GC(280) - age   8:        952 bytes,   21508824 total
[2026-01-26T06:52:11.632+0000][66][trace][gc,age      ] GC(280) - age   9:       4016 bytes,   21512840 total
[2026-01-26T06:52:11.633+0000][66][trace][gc,age      ] GC(280) - age  10:      43608 bytes,   21556448 total
[2026-01-26T06:52:11.633+0000][66][trace][gc,age      ] GC(280) - age  11:     155840 bytes,   21712288 total
[2026-01-26T06:52:11.633+0000][66][trace][gc,age      ] GC(280) - age  12:       1112 bytes,   21713400 total
[2026-01-26T06:52:11.634+0000][66][trace][gc,age      ] GC(280) - age  13:     107000 bytes,   21820400 total
[2026-01-26T06:52:11.634+0000][66][trace][gc,age      ] GC(280) - age  14:       2392 bytes,   21822792 total
[2026-01-26T06:52:11.634+0000][66][trace][gc,age      ] GC(280) - age  15:      73080 bytes,   21895872 total
[2026-01-26T06:52:11.635+0000][66][info ][gc,heap     ] GC(280) Eden regions: 150->0(146)
[2026-01-26T06:52:11.635+0000][66][info ][gc,heap     ] GC(280) Survivor regions: 3->6(20)
[2026-01-26T06:52:11.635+0000][66][info ][gc,heap     ] GC(280) Old regions: 71->71
[2026-01-26T06:52:11.636+0000][66][info ][gc,heap     ] GC(280) Humongous regions: 0->0
[2026-01-26T06:52:11.636+0000][66][info ][gc,metaspace] GC(280) Metaspace: 133174K(136640K)->133174K(136640K) NonClass: 115403K(117248K)->115403K(117248K) Class: 17770K(19392K)->17770K(19392K)
[2026-01-26T06:52:11.636+0000][66][info ][gc          ] GC(280) Pause Young (Normal) (G1 Evacuation Pause) 893M->304M(1024M) 19.945ms
[2026-01-26T06:52:11.637+0000][66][info ][gc,cpu      ] GC(280) User=0.04s Sys=0.00s Real=0.02s
[2026-01-26T06:52:11.637+0000][66][info ][safepoint   ] Safepoint "G1CollectForAllocation", Time since last: 4167571338 ns, Reaching safepoint: 125509 ns, Cleanup: 5901 ns, At safepoint: 20871349 ns, Total: 21002759 ns
[2026-01-26T06:52:15.346+0000][66][info ][safepoint   ] Safepoint "Cleanup", Time since last: 3708757758 ns, Reaching safepoint: 183214 ns, Cleanup: 15401 ns, At safepoint: 76806 ns, Total: 275421 ns
[2026-01-26T06:52:15.771+0000][66][info ][gc,start    ] GC(281) Pause Young (Normal) (G1 Evacuation Pause)
[2026-01-26T06:52:15.772+0000][66][info ][gc,task     ] GC(281) Using 6 workers of 6 for evacuation
[2026-01-26T06:52:15.772+0000][66][debug][gc,age      ] GC(281) Desired survivor size 39845888 bytes, new threshold 15 (max threshold 15)
[2026-01-26T06:52:15.786+0000][66][info ][gc,phases   ] GC(281)   Pre Evacuate Collection Set: 0.5ms
[2026-01-26T06:52:15.786+0000][66][info ][gc,phases   ] GC(281)   Merge Heap Roots: 0.2ms
[2026-01-26T06:52:15.787+0000][66][info ][gc,phases   ] GC(281)   Evacuate Collection Set: 10.5ms
[2026-01-26T06:52:15.787+0000][66][info ][gc,phases   ] GC(281)   Post Evacuate Collection Set: 1.5ms
[2026-01-26T06:52:15.788+0000][66][info ][gc,phases   ] GC(281)   Other: 1.3ms
[2026-01-26T06:52:15.788+0000][66][trace][gc,age      ] GC(281) Age table with threshold 15 (max threshold 15)
[2026-01-26T06:52:15.789+0000][66][trace][gc,age      ] GC(281) - age   1:   14792120 bytes,   14792120 total
[2026-01-26T06:52:15.789+0000][66][trace][gc,age      ] GC(281) - age   2:    6766720 bytes,   21558840 total
[2026-01-26T06:52:15.790+0000][66][trace][gc,age      ] GC(281) - age   3:    5196296 bytes,   26755136 total
[2026-01-26T06:52:15.790+0000][66][trace][gc,age      ] GC(281) - age   4:    1199696 bytes,   27954832 total
[2026-01-26T06:52:15.791+0000][66][trace][gc,age      ] GC(281) - age   5:       1776 bytes,   27956608 total
[2026-01-26T06:52:15.791+0000][66][trace][gc,age      ] GC(281) - age   6:      44768 bytes,   28001376 total
[2026-01-26T06:52:15.792+0000][66][trace][gc,age      ] GC(281) - age   7:      87640 bytes,   28089016 total
[2026-01-26T06:52:15.792+0000][66][trace][gc,age      ] GC(281) - age   8:     262760 bytes,   28351776 total
[2026-01-26T06:52:15.792+0000][66][trace][gc,age      ] GC(281) - age   9:        952 bytes,   28352728 total
[2026-01-26T06:52:15.793+0000][66][trace][gc,age      ] GC(281) - age  10:       4016 bytes,   28356744 total
[2026-01-26T06:52:15.793+0000][66][trace][gc,age      ] GC(281) - age  11:      43608 bytes,   28400352 total
[2026-01-26T06:52:15.794+0000][66][trace][gc,age      ] GC(281) - age  12:     155472 bytes,   28555824 total
[2026-01-26T06:52:15.794+0000][66][trace][gc,age      ] GC(281) - age  13:       1112 bytes,   28556936 total
[2026-01-26T06:52:15.795+0000][66][trace][gc,age      ] GC(281) - age  14:     107000 bytes,   28663936 total
[2026-01-26T06:52:15.795+0000][66][trace][gc,age      ] GC(281) - age  15:       2392 bytes,   28666328 total
[2026-01-26T06:52:15.795+0000][66][info ][gc,heap     ] GC(281) Eden regions: 146->0(142)
[2026-01-26T06:52:15.796+0000][66][info ][gc,heap     ] GC(281) Survivor regions: 6->8(19)
[2026-01-26T06:52:15.796+0000][66][info ][gc,heap     ] GC(281) Old regions: 71->71
[2026-01-26T06:52:15.797+0000][66][info ][gc,heap     ] GC(281) Humongous regions: 0->0
[2026-01-26T06:52:15.797+0000][66][info ][gc,metaspace] GC(281) Metaspace: 133174K(136640K)->133174K(136640K) NonClass: 115403K(117248K)->115403K(117248K) Class: 17770K(19392K)->17770K(19392K)
[2026-01-26T06:52:15.797+0000][66][info ][gc          ] GC(281) Pause Young (Normal) (G1 Evacuation Pause) 888M->313M(1024M) 26.467ms
[2026-01-26T06:52:15.798+0000][66][info ][gc,cpu      ] GC(281) User=0.05s Sys=0.01s Real=0.02s
[2026-01-26T06:52:15.798+0000][66][info ][safepoint   ] Safepoint "G1CollectForAllocation", Time since last: 424472655 ns, Reaching safepoint: 163712 ns, Cleanup: 6900 ns, At safepoint: 27499758 ns, Total: 27670370 ns
[2026-01-26T06:52:19.579+0000][66][info ][gc,start    ] GC(282) Pause Young (Normal) (G1 Evacuation Pause)
[2026-01-26T06:52:19.580+0000][66][info ][gc,task     ] GC(282) Using 6 workers of 6 for evacuation
[2026-01-26T06:52:19.580+0000][66][debug][gc,age      ] GC(282) Desired survivor size 39845888 bytes, new threshold 15 (max threshold 15)
[2026-01-26T06:52:19.587+0000][66][info ][gc,phases   ] GC(282)   Pre Evacuate Collection Set: 0.5ms
[2026-01-26T06:52:19.588+0000][66][info ][gc,phases   ] GC(282)   Merge Heap Roots: 0.2ms
[2026-01-26T06:52:19.588+0000][66][info ][gc,phases   ] GC(282)   Evacuate Collection Set: 4.8ms
[2026-01-26T06:52:19.589+0000][66][info ][gc,phases   ] GC(282)   Post Evacuate Collection Set: 1.5ms
[2026-01-26T06:52:19.589+0000][66][info ][gc,phases   ] GC(282)   Other: 0.9ms
[2026-01-26T06:52:19.589+0000][66][trace][gc,age      ] GC(282) Age table with threshold 15 (max threshold 15)
[2026-01-26T06:52:19.589+0000][66][trace][gc,age      ] GC(282) - age   1:    7032744 bytes,    7032744 total
[2026-01-26T06:52:19.590+0000][66][trace][gc,age      ] GC(282) - age   2:    2304552 bytes,    9337296 total
[2026-01-26T06:52:19.590+0000][66][trace][gc,age      ] GC(282) - age   3:     122136 bytes,    9459432 total
[2026-01-26T06:52:19.590+0000][66][trace][gc,age      ] GC(282) - age   4:     793120 bytes,   10252552 total
[2026-01-26T06:52:19.591+0000][66][trace][gc,age      ] GC(282) - age   5:     286800 bytes,   10539352 total
[2026-01-26T06:52:19.591+0000][66][trace][gc,age      ] GC(282) - age   6:       1776 bytes,   10541128 total
[2026-01-26T06:52:19.591+0000][66][trace][gc,age      ] GC(282) - age   7:      44768 bytes,   10585896 total
[2026-01-26T06:52:19.592+0000][66][trace][gc,age      ] GC(282) - age   8:      87640 bytes,   10673536 total
[2026-01-26T06:52:19.592+0000][66][trace][gc,age      ] GC(282) - age   9:     260360 bytes,   10933896 total
[2026-01-26T06:52:19.592+0000][66][trace][gc,age      ] GC(282) - age  10:        360 bytes,   10934256 total
[2026-01-26T06:52:19.592+0000][66][trace][gc,age      ] GC(282) - age  11:       4016 bytes,   10938272 total
[2026-01-26T06:52:19.593+0000][66][trace][gc,age      ] GC(282) - age  12:      43608 bytes,   10981880 total
[2026-01-26T06:52:19.593+0000][66][trace][gc,age      ] GC(282) - age  13:     155408 bytes,   11137288 total
[2026-01-26T06:52:19.593+0000][66][trace][gc,age      ] GC(282) - age  14:       1112 bytes,   11138400 total
[2026-01-26T06:52:19.593+0000][66][trace][gc,age      ] GC(282) - age  15:     107000 bytes,   11245400 total
[2026-01-26T06:52:19.594+0000][66][info ][gc,heap     ] GC(282) Eden regions: 142->0(149)
[2026-01-26T06:52:19.594+0000][66][info ][gc,heap     ] GC(282) Survivor regions: 8->4(19)
[2026-01-26T06:52:19.594+0000][66][info ][gc,heap     ] GC(282) Old regions: 71->71
[2026-01-26T06:52:19.595+0000][66][info ][gc,heap     ] GC(282) Humongous regions: 0->0
[2026-01-26T06:52:19.595+0000][66][info ][gc,metaspace] GC(282) Metaspace: 133174K(136640K)->133174K(136640K) NonClass: 115404K(117248K)->115404K(117248K) Class: 17770K(19392K)->17770K(19392K)
[2026-01-26T06:52:19.595+0000][66][info ][gc          ] GC(282) Pause Young (Normal) (G1 Evacuation Pause) 881M->295M(1024M) 16.140ms
[2026-01-26T06:52:19.596+0000][66][info ][gc,cpu      ] GC(282) User=0.01s Sys=0.01s Real=0.02s
[2026-01-26T06:52:19.596+0000][66][info ][safepoint   ] Safepoint "G1CollectForAllocation", Time since last: 3780616228 ns, Reaching safepoint: 21202 ns, Cleanup: 5800 ns, At safepoint: 16871263 ns, Total: 16898265 ns
[2026-01-26T06:52:22.548+0000][66][info ][gc,start    ] GC(283) Pause Young (Normal) (G1 Evacuation Pause)
[2026-01-26T06:52:22.549+0000][66][info ][gc,task     ] GC(283) Using 6 workers of 6 for evacuation
[2026-01-26T06:52:22.549+0000][66][debug][gc,age      ] GC(283) Desired survivor size 41943040 bytes, new threshold 15 (max threshold 15)
[2026-01-26T06:52:22.559+0000][66][info ][gc,phases   ] GC(283)   Pre Evacuate Collection Set: 0.4ms
[2026-01-26T06:52:22.559+0000][66][info ][gc,phases   ] GC(283)   Merge Heap Roots: 0.2ms
[2026-01-26T06:52:22.560+0000][66][info ][gc,phases   ] GC(283)   Evacuate Collection Set: 7.2ms
[2026-01-26T06:52:22.560+0000][66][info ][gc,phases   ] GC(283)   Post Evacuate Collection Set: 1.3ms
[2026-01-26T06:52:22.561+0000][66][info ][gc,phases   ] GC(283)   Other: 0.9ms
[2026-01-26T06:52:22.561+0000][66][trace][gc,age      ] GC(283) Age table with threshold 15 (max threshold 15)
[2026-01-26T06:52:22.562+0000][66][trace][gc,age      ] GC(283) - age   1:    9031280 bytes,    9031280 total
[2026-01-26T06:52:22.562+0000][66][trace][gc,age      ] GC(283) - age   2:    4446184 bytes,   13477464 total
[2026-01-26T06:52:22.562+0000][66][trace][gc,age      ] GC(283) - age   3:    2300480 bytes,   15777944 total
[2026-01-26T06:52:22.563+0000][66][trace][gc,age      ] GC(283) - age   4:     120520 bytes,   15898464 total
[2026-01-26T06:52:22.563+0000][66][trace][gc,age      ] GC(283) - age   5:     792296 bytes,   16690760 total
[2026-01-26T06:52:22.563+0000][66][trace][gc,age      ] GC(283) - age   6:     286800 bytes,   16977560 total
[2026-01-26T06:52:22.564+0000][66][trace][gc,age      ] GC(283) - age   7:       1776 bytes,   16979336 total
[2026-01-26T06:52:22.564+0000][66][trace][gc,age      ] GC(283) - age   8:      44768 bytes,   17024104 total
[2026-01-26T06:52:22.565+0000][66][trace][gc,age      ] GC(283) - age   9:      87640 bytes,   17111744 total
[2026-01-26T06:52:22.565+0000][66][trace][gc,age      ] GC(283) - age  10:     260360 bytes,   17372104 total
[2026-01-26T06:52:22.565+0000][66][trace][gc,age      ] GC(283) - age  11:        360 bytes,   17372464 total
[2026-01-26T06:52:22.566+0000][66][trace][gc,age      ] GC(283) - age  12:       4016 bytes,   17376480 total
[2026-01-26T06:52:22.566+0000][66][trace][gc,age      ] GC(283) - age  13:      43608 bytes,   17420088 total
[2026-01-26T06:52:22.567+0000][66][trace][gc,age      ] GC(283) - age  14:     155408 bytes,   17575496 total
[2026-01-26T06:52:22.567+0000][66][trace][gc,age      ] GC(283) - age  15:       1112 bytes,   17576608 total
[2026-01-26T06:52:22.567+0000][66][info ][gc,heap     ] GC(283) Eden regions: 149->0(148)
[2026-01-26T06:52:22.568+0000][66][info ][gc,heap     ] GC(283) Survivor regions: 4->5(20)
[2026-01-26T06:52:22.568+0000][66][info ][gc,heap     ] GC(283) Old regions: 71->71
[2026-01-26T06:52:22.568+0000][66][info ][gc,heap     ] GC(283) Humongous regions: 0->0
[2026-01-26T06:52:22.569+0000][66][info ][gc,metaspace] GC(283) Metaspace: 133174K(136640K)->133174K(136640K) NonClass: 115404K(117248K)->115404K(117248K) Class: 17770K(19392K)->17770K(19392K)
[2026-01-26T06:52:22.569+0000][66][info ][gc          ] GC(283) Pause Young (Normal) (G1 Evacuation Pause) 891M->301M(1024M) 20.824ms
[2026-01-26T06:52:22.570+0000][66][info ][gc,cpu      ] GC(283) User=0.03s Sys=0.00s Real=0.02s
[2026-01-26T06:52:22.570+0000][66][info ][safepoint   ] Safepoint "G1CollectForAllocation", Time since last: 2952386426 ns, Reaching safepoint: 15701 ns, Cleanup: 3900 ns, At safepoint: 21697528 ns, Total: 21717129 ns
[2026-01-26T06:52:24.571+0000][66][info ][safepoint   ] Safepoint "Cleanup", Time since last: 2000769186 ns, Reaching safepoint: 255819 ns, Cleanup: 37703 ns, At safepoint: 62005 ns, Total: 355527 ns
[2026-01-26T06:52:26.375+0000][66][info ][gc,start    ] GC(284) Pause Young (Normal) (G1 Evacuation Pause)
[2026-01-26T06:52:26.375+0000][66][info ][gc,task     ] GC(284) Using 6 workers of 6 for evacuation
[2026-01-26T06:52:26.376+0000][66][debug][gc,age      ] GC(284) Desired survivor size 41943040 bytes, new threshold 15 (max threshold 15)
[2026-01-26T06:52:26.387+0000][66][info ][gc,phases   ] GC(284)   Pre Evacuate Collection Set: 0.4ms
[2026-01-26T06:52:26.387+0000][66][info ][gc,phases   ] GC(284)   Merge Heap Roots: 0.2ms
[2026-01-26T06:52:26.387+0000][66][info ][gc,phases   ] GC(284)   Evacuate Collection Set: 8.3ms
[2026-01-26T06:52:26.388+0000][66][info ][gc,phases   ] GC(284)   Post Evacuate Collection Set: 1.3ms
[2026-01-26T06:52:26.388+0000][66][info ][gc,phases   ] GC(284)   Other: 1.1ms
[2026-01-26T06:52:26.389+0000][66][trace][gc,age      ] GC(284) Age table with threshold 15 (max threshold 15)
[2026-01-26T06:52:26.389+0000][66][trace][gc,age      ] GC(284) - age   1:    8621000 bytes,    8621000 total
[2026-01-26T06:52:26.389+0000][66][trace][gc,age      ] GC(284) - age   2:    6191928 bytes,   14812928 total
[2026-01-26T06:52:26.390+0000][66][trace][gc,age      ] GC(284) - age   3:    4334088 bytes,   19147016 total
[2026-01-26T06:52:26.390+0000][66][trace][gc,age      ] GC(284) - age   4:    2296408 bytes,   21443424 total
[2026-01-26T06:52:26.391+0000][66][trace][gc,age      ] GC(284) - age   5:     117584 bytes,   21561008 total
[2026-01-26T06:52:26.391+0000][66][trace][gc,age      ] GC(284) - age   6:     782904 bytes,   22343912 total
[2026-01-26T06:52:26.391+0000][66][trace][gc,age      ] GC(284) - age   7:     286800 bytes,   22630712 total
[2026-01-26T06:52:26.392+0000][66][trace][gc,age      ] GC(284) - age   8:       1776 bytes,   22632488 total
[2026-01-26T06:52:26.392+0000][66][trace][gc,age      ] GC(284) - age   9:      44768 bytes,   22677256 total
[2026-01-26T06:52:26.393+0000][66][trace][gc,age      ] GC(284) - age  10:      87640 bytes,   22764896 total
[2026-01-26T06:52:26.393+0000][66][trace][gc,age      ] GC(284) - age  11:     260360 bytes,   23025256 total
[2026-01-26T06:52:26.393+0000][66][trace][gc,age      ] GC(284) - age  12:        360 bytes,   23025616 total
[2026-01-26T06:52:26.394+0000][66][trace][gc,age      ] GC(284) - age  13:       4016 bytes,   23029632 total
[2026-01-26T06:52:26.394+0000][66][trace][gc,age      ] GC(284) - age  14:      43608 bytes,   23073240 total
[2026-01-26T06:52:26.395+0000][66][trace][gc,age      ] GC(284) - age  15:     155408 bytes,   23228648 total
[2026-01-26T06:52:26.395+0000][66][info ][gc,heap     ] GC(284) Eden regions: 148->0(144)
[2026-01-26T06:52:26.395+0000][66][info ][gc,heap     ] GC(284) Survivor regions: 5->7(20)
[2026-01-26T06:52:26.396+0000][66][info ][gc,heap     ] GC(284) Old regions: 71->71
[2026-01-26T06:52:26.396+0000][66][info ][gc,heap     ] GC(284) Humongous regions: 0->0
[2026-01-26T06:52:26.396+0000][66][info ][gc,metaspace] GC(284) Metaspace: 133174K(136640K)->133174K(136640K) NonClass: 115404K(117248K)->115404K(117248K) Class: 17770K(19392K)->17770K(19392K)
[2026-01-26T06:52:26.397+0000][66][info ][gc          ] GC(284) Pause Young (Normal) (G1 Evacuation Pause) 893M->307M(1024M) 22.122ms
[2026-01-26T06:52:26.397+0000][66][info ][gc,cpu      ] GC(284) User=0.03s Sys=0.00s Real=0.02s
[2026-01-26T06:52:26.398+0000][66][info ][safepoint   ] Safepoint "G1CollectForAllocation", Time since last: 1803388680 ns, Reaching safepoint: 46703 ns, Cleanup: 4401 ns, At safepoint: 22962122 ns, Total: 23013226 ns
[2026-01-26T06:52:29.293+0000][66][info ][gc,start    ] GC(285) Pause Young (Normal) (G1 Evacuation Pause)
[2026-01-26T06:52:29.294+0000][66][info ][gc,task     ] GC(285) Using 6 workers of 6 for evacuation
[2026-01-26T06:52:29.294+0000][66][debug][gc,age      ] GC(285) Desired survivor size 39845888 bytes, new threshold 15 (max threshold 15)
[2026-01-26T06:52:29.306+0000][66][info ][gc,phases   ] GC(285)   Pre Evacuate Collection Set: 0.5ms
[2026-01-26T06:52:29.306+0000][66][info ][gc,phases   ] GC(285)   Merge Heap Roots: 0.2ms
[2026-01-26T06:52:29.307+0000][66][info ][gc,phases   ] GC(285)   Evacuate Collection Set: 8.9ms
[2026-01-26T06:52:29.307+0000][66][info ][gc,phases   ] GC(285)   Post Evacuate Collection Set: 1.4ms
[2026-01-26T06:52:29.308+0000][66][info ][gc,phases   ] GC(285)   Other: 1.2ms
[2026-01-26T06:52:29.308+0000][66][trace][gc,age      ] GC(285) Age table with threshold 15 (max threshold 15)
[2026-01-26T06:52:29.308+0000][66][trace][gc,age      ] GC(285) - age   1:   10835984 bytes,   10835984 total
[2026-01-26T06:52:29.309+0000][66][trace][gc,age      ] GC(285) - age   2:    4252256 bytes,   15088240 total
[2026-01-26T06:52:29.309+0000][66][trace][gc,age      ] GC(285) - age   3:    4513560 bytes,   19601800 total
[2026-01-26T06:52:29.309+0000][66][trace][gc,age      ] GC(285) - age   4:    3986704 bytes,   23588504 total
[2026-01-26T06:52:29.310+0000][66][trace][gc,age      ] GC(285) - age   5:    1889336 bytes,   25477840 total
[2026-01-26T06:52:29.310+0000][66][trace][gc,age      ] GC(285) - age   6:       1296 bytes,   25479136 total
[2026-01-26T06:52:29.311+0000][66][trace][gc,age      ] GC(285) - age   7:     114536 bytes,   25593672 total
[2026-01-26T06:52:29.311+0000][66][trace][gc,age      ] GC(285) - age   8:     259368 bytes,   25853040 total
[2026-01-26T06:52:29.311+0000][66][trace][gc,age      ] GC(285) - age   9:       1776 bytes,   25854816 total
[2026-01-26T06:52:29.312+0000][66][trace][gc,age      ] GC(285) - age  10:      44592 bytes,   25899408 total
[2026-01-26T06:52:29.312+0000][66][trace][gc,age      ] GC(285) - age  11:      86968 bytes,   25986376 total
[2026-01-26T06:52:29.312+0000][66][trace][gc,age      ] GC(285) - age  12:     260360 bytes,   26246736 total
[2026-01-26T06:52:29.313+0000][66][trace][gc,age      ] GC(285) - age  13:        360 bytes,   26247096 total
[2026-01-26T06:52:29.313+0000][66][trace][gc,age      ] GC(285) - age  14:       4016 bytes,   26251112 total
[2026-01-26T06:52:29.313+0000][66][trace][gc,age      ] GC(285) - age  15:      43608 bytes,   26294720 total
[2026-01-26T06:52:29.314+0000][66][info ][gc,heap     ] GC(285) Eden regions: 144->0(144)
[2026-01-26T06:52:29.314+0000][66][info ][gc,heap     ] GC(285) Survivor regions: 7->7(19)
[2026-01-26T06:52:29.314+0000][66][info ][gc,heap     ] GC(285) Old regions: 71->71
[2026-01-26T06:52:29.315+0000][66][info ][gc,heap     ] GC(285) Humongous regions: 0->0
[2026-01-26T06:52:29.315+0000][66][info ][gc,metaspace] GC(285) Metaspace: 133174K(136640K)->133174K(136640K) NonClass: 115404K(117248K)->115404K(117248K) Class: 17770K(19392K)->17770K(19392K)
[2026-01-26T06:52:29.315+0000][66][info ][gc          ] GC(285) Pause Young (Normal) (G1 Evacuation Pause) 883M->309M(1024M) 22.243ms
[2026-01-26T06:52:29.316+0000][66][info ][gc,cpu      ] GC(285) User=0.04s Sys=0.01s Real=0.02s
[2026-01-26T06:52:29.316+0000][66][info ][safepoint   ] Safepoint "G1CollectForAllocation", Time since last: 2895134695 ns, Reaching safepoint: 197914 ns, Cleanup: 6501 ns, At safepoint: 23019478 ns, Total: 23223893 ns
[2026-01-26T06:52:30.906+0000][66][info ][gc,start    ] GC(286) Pause Young (Normal) (G1 Evacuation Pause)
[2026-01-26T06:52:30.907+0000][66][info ][gc,task     ] GC(286) Using 6 workers of 6 for evacuation
[2026-01-26T06:52:30.907+0000][66][debug][gc,age      ] GC(286) Desired survivor size 39845888 bytes, new threshold 15 (max threshold 15)
[2026-01-26T06:52:30.919+0000][66][info ][gc,phases   ] GC(286)   Pre Evacuate Collection Set: 0.4ms
[2026-01-26T06:52:30.919+0000][66][info ][gc,phases   ] GC(286)   Merge Heap Roots: 0.2ms
[2026-01-26T06:52:30.920+0000][66][info ][gc,phases   ] GC(286)   Evacuate Collection Set: 9.4ms
[2026-01-26T06:52:30.920+0000][66][info ][gc,phases   ] GC(286)   Post Evacuate Collection Set: 1.6ms
[2026-01-26T06:52:30.921+0000][66][info ][gc,phases   ] GC(286)   Other: 0.8ms
[2026-01-26T06:52:30.921+0000][66][trace][gc,age      ] GC(286) Age table with threshold 15 (max threshold 15)
[2026-01-26T06:52:30.921+0000][66][trace][gc,age      ] GC(286) - age   1:    4592568 bytes,    4592568 total
[2026-01-26T06:52:30.921+0000][66][trace][gc,age      ] GC(286) - age   2:    9786752 bytes,   14379320 total
[2026-01-26T06:52:30.922+0000][66][trace][gc,age      ] GC(286) - age   3:    4252256 bytes,   18631576 total
[2026-01-26T06:52:30.922+0000][66][trace][gc,age      ] GC(286) - age   4:    4513560 bytes,   23145136 total
[2026-01-26T06:52:30.922+0000][66][trace][gc,age      ] GC(286) - age   5:    3986704 bytes,   27131840 total
[2026-01-26T06:52:30.923+0000][66][trace][gc,age      ] GC(286) - age   6:    1889336 bytes,   29021176 total
[2026-01-26T06:52:30.923+0000][66][trace][gc,age      ] GC(286) - age   7:       1296 bytes,   29022472 total
[2026-01-26T06:52:30.923+0000][66][trace][gc,age      ] GC(286) - age   8:     114536 bytes,   29137008 total
[2026-01-26T06:52:30.924+0000][66][trace][gc,age      ] GC(286) - age   9:     259368 bytes,   29396376 total
[2026-01-26T06:52:30.924+0000][66][trace][gc,age      ] GC(286) - age  10:       1776 bytes,   29398152 total
[2026-01-26T06:52:30.924+0000][66][trace][gc,age      ] GC(286) - age  11:      44592 bytes,   29442744 total
[2026-01-26T06:52:30.925+0000][66][trace][gc,age      ] GC(286) - age  12:      86968 bytes,   29529712 total
[2026-01-26T06:52:30.925+0000][66][trace][gc,age      ] GC(286) - age  13:     260360 bytes,   29790072 total
[2026-01-26T06:52:30.925+0000][66][trace][gc,age      ] GC(286) - age  14:        360 bytes,   29790432 total
[2026-01-26T06:52:30.926+0000][66][trace][gc,age      ] GC(286) - age  15:       4016 bytes,   29794448 total
[2026-01-26T06:52:30.926+0000][66][info ][gc,heap     ] GC(286) Eden regions: 144->0(142)
[2026-01-26T06:52:30.926+0000][66][info ][gc,heap     ] GC(286) Survivor regions: 7->8(19)
[2026-01-26T06:52:30.926+0000][66][info ][gc,heap     ] GC(286) Old regions: 71->71
[2026-01-26T06:52:30.927+0000][66][info ][gc,heap     ] GC(286) Humongous regions: 0->0
[2026-01-26T06:52:30.927+0000][66][info ][gc,metaspace] GC(286) Metaspace: 133174K(136640K)->133174K(136640K) NonClass: 115404K(117248K)->115404K(117248K) Class: 17770K(19392K)->17770K(19392K)
[2026-01-26T06:52:30.927+0000][66][info ][gc          ] GC(286) Pause Young (Normal) (G1 Evacuation Pause) 885M->314M(1024M) 21.042ms
[2026-01-26T06:52:30.928+0000][66][info ][gc,cpu      ] GC(286) User=0.05s Sys=0.00s Real=0.03s
[2026-01-26T06:52:30.928+0000][66][info ][safepoint   ] Safepoint "G1CollectForAllocation", Time since last: 1590063828 ns, Reaching safepoint: 138410 ns, Cleanup: 6901 ns, At safepoint: 21873895 ns, Total: 22019206 ns
[2026-01-26T06:52:31.926+0000][66][info ][safepoint   ] Safepoint "Cleanup", Time since last: 1000555547 ns, Reaching safepoint: 150011 ns, Cleanup: 17701 ns, At safepoint: 51504 ns, Total: 219216 ns
[2026-01-26T06:52:33.228+0000][66][info ][gc,start    ] GC(287) Pause Young (Normal) (G1 Evacuation Pause)
[2026-01-26T06:52:33.229+0000][66][info ][gc,task     ] GC(287) Using 6 workers of 6 for evacuation
[2026-01-26T06:52:33.229+0000][66][debug][gc,age      ] GC(287) Desired survivor size 39845888 bytes, new threshold 15 (max threshold 15)
[2026-01-26T06:52:33.237+0000][66][info ][gc,phases   ] GC(287)   Pre Evacuate Collection Set: 0.5ms
[2026-01-26T06:52:33.238+0000][66][info ][gc,phases   ] GC(287)   Merge Heap Roots: 0.2ms
[2026-01-26T06:52:33.238+0000][66][info ][gc,phases   ] GC(287)   Evacuate Collection Set: 5.6ms
[2026-01-26T06:52:33.238+0000][66][info ][gc,phases   ] GC(287)   Post Evacuate Collection Set: 1.4ms
[2026-01-26T06:52:33.239+0000][66][info ][gc,phases   ] GC(287)   Other: 0.8ms
[2026-01-26T06:52:33.239+0000][66][trace][gc,age      ] GC(287) Age table with threshold 15 (max threshold 15)
[2026-01-26T06:52:33.239+0000][66][trace][gc,age      ] GC(287) - age   1:    9262152 bytes,    9262152 total
[2026-01-26T06:52:33.240+0000][66][trace][gc,age      ] GC(287) - age   2:    1678320 bytes,   10940472 total
[2026-01-26T06:52:33.240+0000][66][trace][gc,age      ] GC(287) - age   3:    2033320 bytes,   12973792 total
[2026-01-26T06:52:33.241+0000][66][trace][gc,age      ] GC(287) - age   4:        912 bytes,   12974704 total
[2026-01-26T06:52:33.241+0000][66][trace][gc,age      ] GC(287) - age   5:        184 bytes,   12974888 total
[2026-01-26T06:52:33.241+0000][66][trace][gc,age      ] GC(287) - age   6:     160416 bytes,   13135304 total
[2026-01-26T06:52:33.242+0000][66][trace][gc,age      ] GC(287) - age   7:       1040 bytes,   13136344 total
[2026-01-26T06:52:33.242+0000][66][trace][gc,age      ] GC(287) - age   8:       1264 bytes,   13137608 total
[2026-01-26T06:52:33.242+0000][66][trace][gc,age      ] GC(287) - age   9:     111592 bytes,   13249200 total
[2026-01-26T06:52:33.243+0000][66][trace][gc,age      ] GC(287) - age  10:     258056 bytes,   13507256 total
[2026-01-26T06:52:33.243+0000][66][trace][gc,age      ] GC(287) - age  11:       1408 bytes,   13508664 total
[2026-01-26T06:52:33.243+0000][66][trace][gc,age      ] GC(287) - age  12:      44592 bytes,   13553256 total
[2026-01-26T06:52:33.243+0000][66][trace][gc,age      ] GC(287) - age  13:      86968 bytes,   13640224 total
[2026-01-26T06:52:33.244+0000][66][trace][gc,age      ] GC(287) - age  14:     260296 bytes,   13900520 total
[2026-01-26T06:52:33.244+0000][66][trace][gc,age      ] GC(287) - age  15:        336 bytes,   13900856 total
[2026-01-26T06:52:33.244+0000][66][info ][gc,heap     ] GC(287) Eden regions: 142->0(149)
[2026-01-26T06:52:33.245+0000][66][info ][gc,heap     ] GC(287) Survivor regions: 8->4(19)
[2026-01-26T06:52:33.245+0000][66][info ][gc,heap     ] GC(287) Old regions: 71->71
[2026-01-26T06:52:33.245+0000][66][info ][gc,heap     ] GC(287) Humongous regions: 0->0
[2026-01-26T06:52:33.245+0000][66][info ][gc,metaspace] GC(287) Metaspace: 133175K(136640K)->133175K(136640K) NonClass: 115404K(117248K)->115404K(117248K) Class: 17770K(19392K)->17770K(19392K)
[2026-01-26T06:52:33.246+0000][66][info ][gc          ] GC(287) Pause Young (Normal) (G1 Evacuation Pause) 882M->298M(1024M) 17.292ms
[2026-01-26T06:52:33.246+0000][66][info ][gc,cpu      ] GC(287) User=0.03s Sys=0.00s Real=0.02s
[2026-01-26T06:52:33.246+0000][66][info ][safepoint   ] Safepoint "G1CollectForAllocation", Time since last: 1302051630 ns, Reaching safepoint: 18101 ns, Cleanup: 4700 ns, At safepoint: 17954009 ns, Total: 17976810 ns
[2026-01-26T06:52:34.752+0000][66][info ][safepoint   ] Safepoint "Cleanup", Time since last: 1505123236 ns, Reaching safepoint: 921567 ns, Cleanup: 12401 ns, At safepoint: 109008 ns, Total: 1042976 ns
[2026-01-26T06:52:37.523+0000][66][info ][safepoint   ] Safepoint "Cleanup", Time since last: 2769952171 ns, Reaching safepoint: 785159 ns, Cleanup: 11301 ns, At safepoint: 72906 ns, Total: 869366 ns
[2026-01-26T06:52:39.131+0000][66][info ][safepoint   ] Safepoint "Cleanup", Time since last: 1606779725 ns, Reaching safepoint: 1086981 ns, Cleanup: 15401 ns, At safepoint: 126109 ns, Total: 1228491 ns
[2026-01-26T06:52:40.144+0000][66][info ][safepoint   ] Safepoint "Cleanup", Time since last: 1012367249 ns, Reaching safepoint: 169913 ns, Cleanup: 23202 ns, At safepoint: 142111 ns, Total: 335226 ns
[2026-01-26T06:52:41.229+0000][66][info ][gc,start    ] GC(288) Pause Young (Normal) (G1 Evacuation Pause)
[2026-01-26T06:52:41.230+0000][66][info ][gc,task     ] GC(288) Using 6 workers of 6 for evacuation
[2026-01-26T06:52:41.230+0000][66][debug][gc,age      ] GC(288) Desired survivor size 41943040 bytes, new threshold 15 (max threshold 15)
[2026-01-26T06:52:41.238+0000][66][info ][gc,phases   ] GC(288)   Pre Evacuate Collection Set: 0.4ms
[2026-01-26T06:52:41.238+0000][66][info ][gc,phases   ] GC(288)   Merge Heap Roots: 0.1ms
[2026-01-26T06:52:41.239+0000][66][info ][gc,phases   ] GC(288)   Evacuate Collection Set: 5.2ms
[2026-01-26T06:52:41.239+0000][66][info ][gc,phases   ] GC(288)   Post Evacuate Collection Set: 1.3ms
[2026-01-26T06:52:41.239+0000][66][info ][gc,phases   ] GC(288)   Other: 1.0ms
[2026-01-26T06:52:41.240+0000][66][trace][gc,age      ] GC(288) Age table with threshold 15 (max threshold 15)
[2026-01-26T06:52:41.240+0000][66][trace][gc,age      ] GC(288) - age   1:    8376936 bytes,    8376936 total
[2026-01-26T06:52:41.241+0000][66][trace][gc,age      ] GC(288) - age   2:    2020632 bytes,   10397568 total
[2026-01-26T06:52:41.241+0000][66][trace][gc,age      ] GC(288) - age   3:      33200 bytes,   10430768 total
[2026-01-26T06:52:41.241+0000][66][trace][gc,age      ] GC(288) - age   4:     353384 bytes,   10784152 total
[2026-01-26T06:52:41.242+0000][66][trace][gc,age      ] GC(288) - age   5:        736 bytes,   10784888 total
[2026-01-26T06:52:41.242+0000][66][trace][gc,age      ] GC(288) - age   6:        184 bytes,   10785072 total
[2026-01-26T06:52:41.243+0000][66][trace][gc,age      ] GC(288) - age   7:     157576 bytes,   10942648 total
[2026-01-26T06:52:41.243+0000][66][trace][gc,age      ] GC(288) - age   8:       1016 bytes,   10943664 total
[2026-01-26T06:52:41.243+0000][66][trace][gc,age      ] GC(288) - age   9:       1264 bytes,   10944928 total
[2026-01-26T06:52:41.244+0000][66][trace][gc,age      ] GC(288) - age  10:     108424 bytes,   11053352 total
[2026-01-26T06:52:41.244+0000][66][trace][gc,age      ] GC(288) - age  11:       3104 bytes,   11056456 total
[2026-01-26T06:52:41.244+0000][66][trace][gc,age      ] GC(288) - age  12:       1408 bytes,   11057864 total
[2026-01-26T06:52:41.245+0000][66][trace][gc,age      ] GC(288) - age  13:      44592 bytes,   11102456 total
[2026-01-26T06:52:41.245+0000][66][trace][gc,age      ] GC(288) - age  14:      86968 bytes,   11189424 total
[2026-01-26T06:52:41.245+0000][66][trace][gc,age      ] GC(288) - age  15:     260296 bytes,   11449720 total
[2026-01-26T06:52:41.246+0000][66][info ][gc,heap     ] GC(288) Eden regions: 149->0(149)
[2026-01-26T06:52:41.246+0000][66][info ][gc,heap     ] GC(288) Survivor regions: 4->4(20)
[2026-01-26T06:52:41.247+0000][66][info ][gc,heap     ] GC(288) Old regions: 71->71
[2026-01-26T06:52:41.247+0000][66][info ][gc,heap     ] GC(288) Humongous regions: 0->0
[2026-01-26T06:52:41.247+0000][66][info ][gc,metaspace] GC(288) Metaspace: 133177K(136640K)->133177K(136640K) NonClass: 115407K(117248K)->115407K(117248K) Class: 17770K(19392K)->17770K(19392K)
[2026-01-26T06:52:41.247+0000][66][info ][gc          ] GC(288) Pause Young (Normal) (G1 Evacuation Pause) 894M->294M(1024M) 18.364ms
[2026-01-26T06:52:41.248+0000][66][info ][gc,cpu      ] GC(288) User=0.02s Sys=0.01s Real=0.02s
[2026-01-26T06:52:41.248+0000][66][info ][safepoint   ] Safepoint "G1CollectForAllocation", Time since last: 1085135393 ns, Reaching safepoint: 17502 ns, Cleanup: 19301 ns, At safepoint: 19027024 ns, Total: 19063827 ns
[2026-01-26T06:52:42.345+0000][66][info ][safepoint   ] Safepoint "Cleanup", Time since last: 1096968779 ns, Reaching safepoint: 139010 ns, Cleanup: 15201 ns, At safepoint: 80306 ns, Total: 234517 ns
[2026-01-26T06:52:48.183+0000][66][info ][gc,start    ] GC(289) Pause Young (Normal) (G1 Evacuation Pause)
[2026-01-26T06:52:48.183+0000][66][info ][gc,task     ] GC(289) Using 6 workers of 6 for evacuation
[2026-01-26T06:52:48.184+0000][66][debug][gc,age      ] GC(289) Desired survivor size 41943040 bytes, new threshold 15 (max threshold 15)
[2026-01-26T06:52:48.194+0000][66][info ][gc,phases   ] GC(289)   Pre Evacuate Collection Set: 0.5ms
[2026-01-26T06:52:48.195+0000][66][info ][gc,phases   ] GC(289)   Merge Heap Roots: 0.2ms
[2026-01-26T06:52:48.196+0000][66][info ][gc,phases   ] GC(289)   Evacuate Collection Set: 8.3ms
[2026-01-26T06:52:48.196+0000][66][info ][gc,phases   ] GC(289)   Post Evacuate Collection Set: 1.3ms
[2026-01-26T06:52:48.196+0000][66][info ][gc,phases   ] GC(289)   Other: 1.0ms
[2026-01-26T06:52:48.197+0000][66][trace][gc,age      ] GC(289) Age table with threshold 15 (max threshold 15)
[2026-01-26T06:52:48.198+0000][66][trace][gc,age      ] GC(289) - age   1:   22238048 bytes,   22238048 total
[2026-01-26T06:52:48.198+0000][66][trace][gc,age      ] GC(289) - age   2:     501248 bytes,   22739296 total
[2026-01-26T06:52:48.198+0000][66][trace][gc,age      ] GC(289) - age   3:    1696128 bytes,   24435424 total
[2026-01-26T06:52:48.199+0000][66][trace][gc,age      ] GC(289) - age   4:      33200 bytes,   24468624 total
[2026-01-26T06:52:48.199+0000][66][trace][gc,age      ] GC(289) - age   5:     353136 bytes,   24821760 total
[2026-01-26T06:52:48.200+0000][66][trace][gc,age      ] GC(289) - age   6:        736 bytes,   24822496 total
[2026-01-26T06:52:48.200+0000][66][trace][gc,age      ] GC(289) - age   7:        184 bytes,   24822680 total
[2026-01-26T06:52:48.201+0000][66][trace][gc,age      ] GC(289) - age   8:     157048 bytes,   24979728 total
[2026-01-26T06:52:48.201+0000][66][trace][gc,age      ] GC(289) - age   9:        648 bytes,   24980376 total
[2026-01-26T06:52:48.202+0000][66][trace][gc,age      ] GC(289) - age  10:        520 bytes,   24980896 total
[2026-01-26T06:52:48.202+0000][66][trace][gc,age      ] GC(289) - age  11:     108424 bytes,   25089320 total
[2026-01-26T06:52:48.203+0000][66][trace][gc,age      ] GC(289) - age  12:       3104 bytes,   25092424 total
[2026-01-26T06:52:48.203+0000][66][trace][gc,age      ] GC(289) - age  13:       1408 bytes,   25093832 total
[2026-01-26T06:52:48.204+0000][66][trace][gc,age      ] GC(289) - age  14:      44592 bytes,   25138424 total
[2026-01-26T06:52:48.204+0000][66][trace][gc,age      ] GC(289) - age  15:      86968 bytes,   25225392 total
[2026-01-26T06:52:48.205+0000][66][info ][gc,heap     ] GC(289) Eden regions: 149->0(144)
[2026-01-26T06:52:48.205+0000][66][info ][gc,heap     ] GC(289) Survivor regions: 4->7(20)
[2026-01-26T06:52:48.206+0000][66][info ][gc,heap     ] GC(289) Old regions: 71->71
[2026-01-26T06:52:48.206+0000][66][info ][gc,heap     ] GC(289) Humongous regions: 0->0
[2026-01-26T06:52:48.206+0000][66][info ][gc,metaspace] GC(289) Metaspace: 133180K(136640K)->133180K(136640K) NonClass: 115409K(117248K)->115409K(117248K) Class: 17770K(19392K)->17770K(19392K)
[2026-01-26T06:52:48.207+0000][66][info ][gc          ] GC(289) Pause Young (Normal) (G1 Evacuation Pause) 890M->308M(1024M) 24.210ms
[2026-01-26T06:52:48.207+0000][66][info ][gc,cpu      ] GC(289) User=0.05s Sys=0.01s Real=0.03s
[2026-01-26T06:52:48.208+0000][66][info ][safepoint   ] Safepoint "G1CollectForAllocation", Time since last: 5837239168 ns, Reaching safepoint: 141510 ns, Cleanup: 6201 ns, At safepoint: 25337104 ns, Total: 25484815 ns
[2026-01-26T06:52:51.213+0000][66][info ][safepoint   ] Safepoint "Cleanup", Time since last: 3004982518 ns, Reaching safepoint: 127710 ns, Cleanup: 14301 ns, At safepoint: 38403 ns, Total: 180414 ns
[2026-01-26T06:52:53.966+0000][66][info ][gc,start    ] GC(290) Pause Young (Normal) (G1 Evacuation Pause)
[2026-01-26T06:52:53.966+0000][66][info ][gc,task     ] GC(290) Using 6 workers of 6 for evacuation
[2026-01-26T06:52:53.967+0000][66][debug][gc,age      ] GC(290) Desired survivor size 39845888 bytes, new threshold 15 (max threshold 15)
[2026-01-26T06:52:53.981+0000][66][info ][gc,phases   ] GC(290)   Pre Evacuate Collection Set: 0.5ms
[2026-01-26T06:52:53.982+0000][66][info ][gc,phases   ] GC(290)   Merge Heap Roots: 0.2ms
[2026-01-26T06:52:53.982+0000][66][info ][gc,phases   ] GC(290)   Evacuate Collection Set: 11.8ms
[2026-01-26T06:52:53.983+0000][66][info ][gc,phases   ] GC(290)   Post Evacuate Collection Set: 1.5ms
[2026-01-26T06:52:53.983+0000][66][info ][gc,phases   ] GC(290)   Other: 1.2ms
[2026-01-26T06:52:53.984+0000][66][trace][gc,age      ] GC(290) Age table with threshold 15 (max threshold 15)
[2026-01-26T06:52:53.984+0000][66][trace][gc,age      ] GC(290) - age   1:   22046680 bytes,   22046680 total
[2026-01-26T06:52:53.985+0000][66][trace][gc,age      ] GC(290) - age   2:   10814704 bytes,   32861384 total
[2026-01-26T06:52:53.985+0000][66][trace][gc,age      ] GC(290) - age   3:     501032 bytes,   33362416 total
[2026-01-26T06:52:53.986+0000][66][trace][gc,age      ] GC(290) - age   4:    1695880 bytes,   35058296 total
[2026-01-26T06:52:53.986+0000][66][trace][gc,age      ] GC(290) - age   5:      33200 bytes,   35091496 total
[2026-01-26T06:52:53.987+0000][66][trace][gc,age      ] GC(290) - age   6:     353136 bytes,   35444632 total
[2026-01-26T06:52:53.987+0000][66][trace][gc,age      ] GC(290) - age   7:        736 bytes,   35445368 total
[2026-01-26T06:52:53.987+0000][66][trace][gc,age      ] GC(290) - age   8:        184 bytes,   35445552 total
[2026-01-26T06:52:53.988+0000][66][trace][gc,age      ] GC(290) - age   9:     156480 bytes,   35602032 total
[2026-01-26T06:52:53.988+0000][66][trace][gc,age      ] GC(290) - age  10:        648 bytes,   35602680 total
[2026-01-26T06:52:53.989+0000][66][trace][gc,age      ] GC(290) - age  11:        520 bytes,   35603200 total
[2026-01-26T06:52:53.989+0000][66][trace][gc,age      ] GC(290) - age  12:     108424 bytes,   35711624 total
[2026-01-26T06:52:53.990+0000][66][trace][gc,age      ] GC(290) - age  13:       3104 bytes,   35714728 total
[2026-01-26T06:52:53.990+0000][66][trace][gc,age      ] GC(290) - age  14:       1408 bytes,   35716136 total
[2026-01-26T06:52:53.990+0000][66][trace][gc,age      ] GC(290) - age  15:      44592 bytes,   35760728 total
[2026-01-26T06:52:53.991+0000][66][info ][gc,heap     ] GC(290) Eden regions: 144->0(140)
[2026-01-26T06:52:53.991+0000][66][info ][gc,heap     ] GC(290) Survivor regions: 7->9(19)
[2026-01-26T06:52:53.992+0000][66][info ][gc,heap     ] GC(290) Old regions: 71->71
[2026-01-26T06:52:53.992+0000][66][info ][gc,heap     ] GC(290) Humongous regions: 0->0
[2026-01-26T06:52:53.992+0000][66][info ][gc,metaspace] GC(290) Metaspace: 133180K(136640K)->133180K(136640K) NonClass: 115410K(117248K)->115410K(117248K) Class: 17770K(19392K)->17770K(19392K)
[2026-01-26T06:52:53.993+0000][66][info ][gc          ] GC(290) Pause Young (Normal) (G1 Evacuation Pause) 884M->318M(1024M) 27.065ms
[2026-01-26T06:52:53.993+0000][66][info ][gc,cpu      ] GC(290) User=0.05s Sys=0.00s Real=0.02s
[2026-01-26T06:52:53.994+0000][66][info ][safepoint   ] Safepoint "G1CollectForAllocation", Time since last: 2752152596 ns, Reaching safepoint: 151911 ns, Cleanup: 13802 ns, At safepoint: 27993842 ns, Total: 28159555 ns
[2026-01-26T06:52:59.540+0000][66][info ][gc,start    ] GC(291) Pause Young (Normal) (G1 Evacuation Pause)
[2026-01-26T06:52:59.542+0000][66][info ][gc,task     ] GC(291) Using 6 workers of 6 for evacuation
[2026-01-26T06:52:59.542+0000][66][debug][gc,age      ] GC(291) Desired survivor size 39845888 bytes, new threshold 15 (max threshold 15)
[2026-01-26T06:52:59.561+0000][66][info ][gc,phases   ] GC(291)   Pre Evacuate Collection Set: 1.9ms
[2026-01-26T06:52:59.561+0000][66][info ][gc,phases   ] GC(291)   Merge Heap Roots: 0.2ms
[2026-01-26T06:52:59.562+0000][66][info ][gc,phases   ] GC(291)   Evacuate Collection Set: 14.0ms
[2026-01-26T06:52:59.562+0000][66][info ][gc,phases   ] GC(291)   Post Evacuate Collection Set: 2.1ms
[2026-01-26T06:52:59.563+0000][66][info ][gc,phases   ] GC(291)   Other: 1.0ms
[2026-01-26T06:52:59.563+0000][66][trace][gc,age      ] GC(291) Age table with threshold 15 (max threshold 15)
[2026-01-26T06:52:59.564+0000][66][trace][gc,age      ] GC(291) - age   1:   11652896 bytes,   11652896 total
[2026-01-26T06:52:59.564+0000][66][trace][gc,age      ] GC(291) - age   2:    2193264 bytes,   13846160 total
[2026-01-26T06:52:59.565+0000][66][trace][gc,age      ] GC(291) - age   3:      65696 bytes,   13911856 total
[2026-01-26T06:52:59.566+0000][66][trace][gc,age      ] GC(291) - age   4:     498080 bytes,   14409936 total
[2026-01-26T06:52:59.566+0000][66][trace][gc,age      ] GC(291) - age   5:    1693240 bytes,   16103176 total
[2026-01-26T06:52:59.567+0000][66][trace][gc,age      ] GC(291) - age   6:      33200 bytes,   16136376 total
[2026-01-26T06:52:59.567+0000][66][trace][gc,age      ] GC(291) - age   7:     352960 bytes,   16489336 total
[2026-01-26T06:52:59.567+0000][66][trace][gc,age      ] GC(291) - age   8:        736 bytes,   16490072 total
[2026-01-26T06:52:59.568+0000][66][trace][gc,age      ] GC(291) - age   9:        184 bytes,   16490256 total
[2026-01-26T06:52:59.568+0000][66][trace][gc,age      ] GC(291) - age  10:     156480 bytes,   16646736 total
[2026-01-26T06:52:59.569+0000][66][trace][gc,age      ] GC(291) - age  11:        648 bytes,   16647384 total
[2026-01-26T06:52:59.570+0000][66][trace][gc,age      ] GC(291) - age  12:        520 bytes,   16647904 total
[2026-01-26T06:52:59.570+0000][66][trace][gc,age      ] GC(291) - age  13:     108424 bytes,   16756328 total
[2026-01-26T06:52:59.571+0000][66][trace][gc,age      ] GC(291) - age  14:       3104 bytes,   16759432 total
[2026-01-26T06:52:59.572+0000][66][trace][gc,age      ] GC(291) - age  15:       1408 bytes,   16760840 total
[2026-01-26T06:52:59.572+0000][66][info ][gc,heap     ] GC(291) Eden regions: 140->0(148)
[2026-01-26T06:52:59.573+0000][66][info ][gc,heap     ] GC(291) Survivor regions: 9->5(19)
[2026-01-26T06:52:59.573+0000][66][info ][gc,heap     ] GC(291) Old regions: 71->71
[2026-01-26T06:52:59.574+0000][66][info ][gc,heap     ] GC(291) Humongous regions: 0->0
[2026-01-26T06:52:59.574+0000][66][info ][gc,metaspace] GC(291) Metaspace: 133184K(136640K)->133184K(136640K) NonClass: 115414K(117248K)->115414K(117248K) Class: 17770K(19392K)->17770K(19392K)
[2026-01-26T06:52:59.575+0000][66][info ][gc          ] GC(291) Pause Young (Normal) (G1 Evacuation Pause) 878M->302M(1024M) 34.829ms
[2026-01-26T06:52:59.575+0000][66][info ][gc,cpu      ] GC(291) User=0.04s Sys=0.01s Real=0.03s
[2026-01-26T06:52:59.576+0000][66][info ][safepoint   ] Safepoint "G1CollectForAllocation", Time since last: 5546203688 ns, Reaching safepoint: 107709 ns, Cleanup: 7800 ns, At safepoint: 36180469 ns, Total: 36295978 ns
[2026-01-26T06:53:03.345+0000][66][info ][safepoint   ] Safepoint "Cleanup", Time since last: 3771950833 ns, Reaching safepoint: 128408 ns, Cleanup: 13201 ns, At safepoint: 75705 ns, Total: 217314 ns
[2026-01-26T06:53:05.355+0000][66][info ][safepoint   ] Safepoint "Cleanup", Time since last: 2008971979 ns, Reaching safepoint: 840852 ns, Cleanup: 21701 ns, At safepoint: 84805 ns, Total: 947358 ns
[2026-01-26T06:53:06.063+0000][66][info ][gc,start    ] GC(292) Pause Young (Normal) (G1 Evacuation Pause)
[2026-01-26T06:53:06.064+0000][66][info ][gc,task     ] GC(292) Using 6 workers of 6 for evacuation
[2026-01-26T06:53:06.064+0000][66][debug][gc,age      ] GC(292) Desired survivor size 41943040 bytes, new threshold 15 (max threshold 15)
[2026-01-26T06:53:06.082+0000][66][info ][gc,phases   ] GC(292)   Pre Evacuate Collection Set: 0.4ms
[2026-01-26T06:53:06.083+0000][66][info ][gc,phases   ] GC(292)   Merge Heap Roots: 0.2ms
[2026-01-26T06:53:06.083+0000][66][info ][gc,phases   ] GC(292)   Evacuate Collection Set: 15.2ms
[2026-01-26T06:53:06.084+0000][66][info ][gc,phases   ] GC(292)   Post Evacuate Collection Set: 1.9ms
[2026-01-26T06:53:06.084+0000][66][info ][gc,phases   ] GC(292)   Other: 1.0ms
[2026-01-26T06:53:06.085+0000][66][trace][gc,age      ] GC(292) Age table with threshold 15 (max threshold 15)
[2026-01-26T06:53:06.085+0000][66][trace][gc,age      ] GC(292) - age   1:   10020848 bytes,   10020848 total
[2026-01-26T06:53:06.085+0000][66][trace][gc,age      ] GC(292) - age   2:    6277408 bytes,   16298256 total
[2026-01-26T06:53:06.086+0000][66][trace][gc,age      ] GC(292) - age   3:    2188672 bytes,   18486928 total
[2026-01-26T06:53:06.086+0000][66][trace][gc,age      ] GC(292) - age   4:      65600 bytes,   18552528 total
[2026-01-26T06:53:06.087+0000][66][trace][gc,age      ] GC(292) - age   5:     494512 bytes,   19047040 total
[2026-01-26T06:53:06.087+0000][66][trace][gc,age      ] GC(292) - age   6:    1691496 bytes,   20738536 total
[2026-01-26T06:53:06.088+0000][66][trace][gc,age      ] GC(292) - age   7:      33200 bytes,   20771736 total
[2026-01-26T06:53:06.088+0000][66][trace][gc,age      ] GC(292) - age   8:     352960 bytes,   21124696 total
[2026-01-26T06:53:06.089+0000][66][trace][gc,age      ] GC(292) - age   9:        736 bytes,   21125432 total
[2026-01-26T06:53:06.089+0000][66][trace][gc,age      ] GC(292) - age  10:        184 bytes,   21125616 total
[2026-01-26T06:53:06.090+0000][66][trace][gc,age      ] GC(292) - age  11:     156480 bytes,   21282096 total
[2026-01-26T06:53:06.090+0000][66][trace][gc,age      ] GC(292) - age  12:        648 bytes,   21282744 total
[2026-01-26T06:53:06.090+0000][66][trace][gc,age      ] GC(292) - age  13:        520 bytes,   21283264 total
[2026-01-26T06:53:06.091+0000][66][trace][gc,age      ] GC(292) - age  14:     108424 bytes,   21391688 total
[2026-01-26T06:53:06.091+0000][66][trace][gc,age      ] GC(292) - age  15:       3104 bytes,   21394792 total
[2026-01-26T06:53:06.091+0000][66][info ][gc,heap     ] GC(292) Eden regions: 148->0(146)
[2026-01-26T06:53:06.092+0000][66][info ][gc,heap     ] GC(292) Survivor regions: 5->6(20)
[2026-01-26T06:53:06.092+0000][66][info ][gc,heap     ] GC(292) Old regions: 71->71
[2026-01-26T06:53:06.093+0000][66][info ][gc,heap     ] GC(292) Humongous regions: 0->0
[2026-01-26T06:53:06.093+0000][66][info ][gc,metaspace] GC(292) Metaspace: 133184K(136640K)->133184K(136640K) NonClass: 115414K(117248K)->115414K(117248K) Class: 17770K(19392K)->17770K(19392K)
[2026-01-26T06:53:06.094+0000][66][info ][gc          ] GC(292) Pause Young (Normal) (G1 Evacuation Pause) 894M->305M(1024M) 30.637ms
[2026-01-26T06:53:06.094+0000][66][info ][gc,cpu      ] GC(292) User=0.05s Sys=0.01s Real=0.03s
[2026-01-26T06:53:06.095+0000][66][info ][safepoint   ] Safepoint "G1CollectForAllocation", Time since last: 707554660 ns, Reaching safepoint: 28301 ns, Cleanup: 6601 ns, At safepoint: 31797957 ns, Total: 31832859 ns
[2026-01-26T06:53:07.898+0000][66][info ][safepoint   ] Safepoint "Cleanup", Time since last: 1802901560 ns, Reaching safepoint: 137610 ns, Cleanup: 11901 ns, At safepoint: 110308 ns, Total: 259819 ns
[2026-01-26T06:53:08.755+0000][66][info ][gc,start    ] GC(293) Pause Young (Normal) (G1 Evacuation Pause)
[2026-01-26T06:53:08.755+0000][66][info ][gc,task     ] GC(293) Using 6 workers of 6 for evacuation
[2026-01-26T06:53:08.756+0000][66][debug][gc,age      ] GC(293) Desired survivor size 39845888 bytes, new threshold 15 (max threshold 15)
[2026-01-26T06:53:08.772+0000][66][info ][gc,phases   ] GC(293)   Pre Evacuate Collection Set: 0.4ms
[2026-01-26T06:53:08.772+0000][66][info ][gc,phases   ] GC(293)   Merge Heap Roots: 0.2ms
[2026-01-26T06:53:08.773+0000][66][info ][gc,phases   ] GC(293)   Evacuate Collection Set: 13.3ms
[2026-01-26T06:53:08.773+0000][66][info ][gc,phases   ] GC(293)   Post Evacuate Collection Set: 1.4ms
[2026-01-26T06:53:08.773+0000][66][info ][gc,phases   ] GC(293)   Other: 0.9ms
[2026-01-26T06:53:08.774+0000][66][trace][gc,age      ] GC(293) Age table with threshold 15 (max threshold 15)
[2026-01-26T06:53:08.774+0000][66][trace][gc,age      ] GC(293) - age   1:   15545376 bytes,   15545376 total
[2026-01-26T06:53:08.775+0000][66][trace][gc,age      ] GC(293) - age   2:    7610736 bytes,   23156112 total
[2026-01-26T06:53:08.776+0000][66][trace][gc,age      ] GC(293) - age   3:    5632008 bytes,   28788120 total
[2026-01-26T06:53:08.776+0000][66][trace][gc,age      ] GC(293) - age   4:    1819552 bytes,   30607672 total
[2026-01-26T06:53:08.776+0000][66][trace][gc,age      ] GC(293) - age   5:      65352 bytes,   30673024 total
[2026-01-26T06:53:08.777+0000][66][trace][gc,age      ] GC(293) - age   6:     494200 bytes,   31167224 total
[2026-01-26T06:53:08.777+0000][66][trace][gc,age      ] GC(293) - age   7:    1691496 bytes,   32858720 total
[2026-01-26T06:53:08.778+0000][66][trace][gc,age      ] GC(293) - age   8:      33200 bytes,   32891920 total
[2026-01-26T06:53:08.778+0000][66][trace][gc,age      ] GC(293) - age   9:     352960 bytes,   33244880 total
[2026-01-26T06:53:08.778+0000][66][trace][gc,age      ] GC(293) - age  10:        736 bytes,   33245616 total
[2026-01-26T06:53:08.779+0000][66][trace][gc,age      ] GC(293) - age  11:        184 bytes,   33245800 total
[2026-01-26T06:53:08.779+0000][66][trace][gc,age      ] GC(293) - age  12:     156480 bytes,   33402280 total
[2026-01-26T06:53:08.780+0000][66][trace][gc,age      ] GC(293) - age  13:        648 bytes,   33402928 total
[2026-01-26T06:53:08.780+0000][66][trace][gc,age      ] GC(293) - age  14:        520 bytes,   33403448 total
[2026-01-26T06:53:08.780+0000][66][trace][gc,age      ] GC(293) - age  15:     108424 bytes,   33511872 total
[2026-01-26T06:53:08.781+0000][66][info ][gc,heap     ] GC(293) Eden regions: 146->0(140)
[2026-01-26T06:53:08.781+0000][66][info ][gc,heap     ] GC(293) Survivor regions: 6->9(19)
[2026-01-26T06:53:08.781+0000][66][info ][gc,heap     ] GC(293) Old regions: 71->71
[2026-01-26T06:53:08.782+0000][66][info ][gc,heap     ] GC(293) Humongous regions: 0->0
[2026-01-26T06:53:08.782+0000][66][info ][gc,metaspace] GC(293) Metaspace: 133186K(136640K)->133186K(136640K) NonClass: 115416K(117248K)->115416K(117248K) Class: 17770K(19392K)->17770K(19392K)
[2026-01-26T06:53:08.783+0000][66][info ][gc          ] GC(293) Pause Young (Normal) (G1 Evacuation Pause) 889M->317M(1024M) 27.566ms
[2026-01-26T06:53:08.783+0000][66][info ][gc,cpu      ] GC(293) User=0.06s Sys=0.01s Real=0.03s
[2026-01-26T06:53:08.784+0000][66][info ][safepoint   ] Safepoint "G1CollectForAllocation", Time since last: 857001856 ns, Reaching safepoint: 148811 ns, Cleanup: 17001 ns, At safepoint: 28553204 ns, Total: 28719016 ns
[2026-01-26T06:53:10.785+0000][66][info ][safepoint   ] Safepoint "Cleanup", Time since last: 2000840250 ns, Reaching safepoint: 138811 ns, Cleanup: 13000 ns, At safepoint: 48804 ns, Total: 200615 ns
[2026-01-26T06:53:11.016+0000][66][info ][gc,start    ] GC(294) Pause Young (Normal) (G1 Evacuation Pause)
[2026-01-26T06:53:11.017+0000][66][info ][gc,task     ] GC(294) Using 6 workers of 6 for evacuation
[2026-01-26T06:53:11.017+0000][66][debug][gc,age      ] GC(294) Desired survivor size 39845888 bytes, new threshold 15 (max threshold 15)
[2026-01-26T06:53:11.028+0000][66][info ][gc,phases   ] GC(294)   Pre Evacuate Collection Set: 0.4ms
[2026-01-26T06:53:11.029+0000][66][info ][gc,phases   ] GC(294)   Merge Heap Roots: 0.2ms
[2026-01-26T06:53:11.029+0000][66][info ][gc,phases   ] GC(294)   Evacuate Collection Set: 8.2ms
[2026-01-26T06:53:11.030+0000][66][info ][gc,phases   ] GC(294)   Post Evacuate Collection Set: 1.4ms
[2026-01-26T06:53:11.030+0000][66][info ][gc,phases   ] GC(294)   Other: 1.0ms
[2026-01-26T06:53:11.030+0000][66][trace][gc,age      ] GC(294) Age table with threshold 15 (max threshold 15)
[2026-01-26T06:53:11.031+0000][66][trace][gc,age      ] GC(294) - age   1:   10670272 bytes,   10670272 total
[2026-01-26T06:53:11.031+0000][66][trace][gc,age      ] GC(294) - age   2:    9610448 bytes,   20280720 total
[2026-01-26T06:53:11.032+0000][66][trace][gc,age      ] GC(294) - age   3:     866000 bytes,   21146720 total
[2026-01-26T06:53:11.032+0000][66][trace][gc,age      ] GC(294) - age   4:     716648 bytes,   21863368 total
[2026-01-26T06:53:11.033+0000][66][trace][gc,age      ] GC(294) - age   5:       1520 bytes,   21864888 total
[2026-01-26T06:53:11.033+0000][66][trace][gc,age      ] GC(294) - age   6:      62448 bytes,   21927336 total
[2026-01-26T06:53:11.033+0000][66][trace][gc,age      ] GC(294) - age   7:     494200 bytes,   22421536 total
[2026-01-26T06:53:11.034+0000][66][trace][gc,age      ] GC(294) - age   8:    1691496 bytes,   24113032 total
[2026-01-26T06:53:11.034+0000][66][trace][gc,age      ] GC(294) - age   9:      33200 bytes,   24146232 total
[2026-01-26T06:53:11.035+0000][66][trace][gc,age      ] GC(294) - age  10:     352960 bytes,   24499192 total
[2026-01-26T06:53:11.035+0000][66][trace][gc,age      ] GC(294) - age  11:        736 bytes,   24499928 total
[2026-01-26T06:53:11.035+0000][66][trace][gc,age      ] GC(294) - age  12:        184 bytes,   24500112 total
[2026-01-26T06:53:11.036+0000][66][trace][gc,age      ] GC(294) - age  13:     156480 bytes,   24656592 total
[2026-01-26T06:53:11.036+0000][66][trace][gc,age      ] GC(294) - age  14:        648 bytes,   24657240 total
[2026-01-26T06:53:11.036+0000][66][trace][gc,age      ] GC(294) - age  15:        520 bytes,   24657760 total
[2026-01-26T06:53:11.037+0000][66][info ][gc,heap     ] GC(294) Eden regions: 140->0(144)
[2026-01-26T06:53:11.037+0000][66][info ][gc,heap     ] GC(294) Survivor regions: 9->7(19)
[2026-01-26T06:53:11.038+0000][66][info ][gc,heap     ] GC(294) Old regions: 71->71
[2026-01-26T06:53:11.038+0000][66][info ][gc,heap     ] GC(294) Humongous regions: 0->0
[2026-01-26T06:53:11.038+0000][66][info ][gc,metaspace] GC(294) Metaspace: 133186K(136640K)->133186K(136640K) NonClass: 115416K(117248K)->115416K(117248K) Class: 17770K(19392K)->17770K(19392K)
[2026-01-26T06:53:11.039+0000][66][info ][gc          ] GC(294) Pause Young (Normal) (G1 Evacuation Pause) 877M->309M(1024M) 22.170ms
[2026-01-26T06:53:11.039+0000][66][info ][gc,cpu      ] GC(294) User=0.05s Sys=0.00s Real=0.02s
[2026-01-26T06:53:11.039+0000][66][info ][safepoint   ] Safepoint "G1CollectForAllocation", Time since last: 231666773 ns, Reaching safepoint: 140810 ns, Cleanup: 6300 ns, At safepoint: 23087002 ns, Total: 23234112 ns
[2026-01-26T06:53:14.305+0000][66][info ][gc,start    ] GC(295) Pause Young (Normal) (G1 Evacuation Pause)
[2026-01-26T06:53:14.306+0000][66][info ][gc,task     ] GC(295) Using 6 workers of 6 for evacuation
[2026-01-26T06:53:14.306+0000][66][debug][gc,age      ] GC(295) Desired survivor size 39845888 bytes, new threshold 15 (max threshold 15)
[2026-01-26T06:53:14.317+0000][66][info ][gc,phases   ] GC(295)   Pre Evacuate Collection Set: 0.3ms
[2026-01-26T06:53:14.317+0000][66][info ][gc,phases   ] GC(295)   Merge Heap Roots: 0.2ms
[2026-01-26T06:53:14.318+0000][66][info ][gc,phases   ] GC(295)   Evacuate Collection Set: 8.7ms
[2026-01-26T06:53:14.318+0000][66][info ][gc,phases   ] GC(295)   Post Evacuate Collection Set: 1.2ms
[2026-01-26T06:53:14.318+0000][66][info ][gc,phases   ] GC(295)   Other: 0.8ms
[2026-01-26T06:53:14.319+0000][66][trace][gc,age      ] GC(295) Age table with threshold 15 (max threshold 15)
[2026-01-26T06:53:14.319+0000][66][trace][gc,age      ] GC(295) - age   1:    9691816 bytes,    9691816 total
[2026-01-26T06:53:14.319+0000][66][trace][gc,age      ] GC(295) - age   2:    7042552 bytes,   16734368 total
[2026-01-26T06:53:14.320+0000][66][trace][gc,age      ] GC(295) - age   3:    5070920 bytes,   21805288 total
[2026-01-26T06:53:14.320+0000][66][trace][gc,age      ] GC(295) - age   4:     762520 bytes,   22567808 total
[2026-01-26T06:53:14.320+0000][66][trace][gc,age      ] GC(295) - age   5:     716568 bytes,   23284376 total
[2026-01-26T06:53:14.321+0000][66][trace][gc,age      ] GC(295) - age   6:       1520 bytes,   23285896 total
[2026-01-26T06:53:14.321+0000][66][trace][gc,age      ] GC(295) - age   7:      61536 bytes,   23347432 total
[2026-01-26T06:53:14.321+0000][66][trace][gc,age      ] GC(295) - age   8:     494200 bytes,   23841632 total
[2026-01-26T06:53:14.322+0000][66][trace][gc,age      ] GC(295) - age   9:    1691496 bytes,   25533128 total
[2026-01-26T06:53:14.322+0000][66][trace][gc,age      ] GC(295) - age  10:      33200 bytes,   25566328 total
[2026-01-26T06:53:14.322+0000][66][trace][gc,age      ] GC(295) - age  11:     352960 bytes,   25919288 total
[2026-01-26T06:53:14.323+0000][66][trace][gc,age      ] GC(295) - age  12:        736 bytes,   25920024 total
[2026-01-26T06:53:14.323+0000][66][trace][gc,age      ] GC(295) - age  13:        184 bytes,   25920208 total
[2026-01-26T06:53:14.323+0000][66][trace][gc,age      ] GC(295) - age  14:     156480 bytes,   26076688 total
[2026-01-26T06:53:14.323+0000][66][trace][gc,age      ] GC(295) - age  15:        648 bytes,   26077336 total
[2026-01-26T06:53:14.324+0000][66][info ][gc,heap     ] GC(295) Eden regions: 144->0(144)
[2026-01-26T06:53:14.324+0000][66][info ][gc,heap     ] GC(295) Survivor regions: 7->7(19)
[2026-01-26T06:53:14.324+0000][66][info ][gc,heap     ] GC(295) Old regions: 71->71
[2026-01-26T06:53:14.325+0000][66][info ][gc,heap     ] GC(295) Humongous regions: 0->0
[2026-01-26T06:53:14.325+0000][66][info ][gc,metaspace] GC(295) Metaspace: 133186K(136640K)->133186K(136640K) NonClass: 115416K(117248K)->115416K(117248K) Class: 17770K(19392K)->17770K(19392K)
[2026-01-26T06:53:14.325+0000][66][info ][gc          ] GC(295) Pause Young (Normal) (G1 Evacuation Pause) 885M->310M(1024M) 20.020ms
[2026-01-26T06:53:14.326+0000][66][info ][gc,cpu      ] GC(295) User=0.04s Sys=0.01s Real=0.02s
[2026-01-26T06:53:14.326+0000][66][info ][safepoint   ] Safepoint "G1CollectForAllocation", Time since last: 3265626157 ns, Reaching safepoint: 137810 ns, Cleanup: 5500 ns, At safepoint: 20822535 ns, Total: 20965845 ns
[2026-01-26T06:53:20.013+0000][66][info ][gc,start    ] GC(296) Pause Young (Normal) (G1 Evacuation Pause)
[2026-01-26T06:53:20.013+0000][66][info ][gc,task     ] GC(296) Using 6 workers of 6 for evacuation
[2026-01-26T06:53:20.013+0000][66][debug][gc,age      ] GC(296) Desired survivor size 39845888 bytes, new threshold 15 (max threshold 15)
[2026-01-26T06:53:20.028+0000][66][info ][gc,phases   ] GC(296)   Pre Evacuate Collection Set: 0.6ms
[2026-01-26T06:53:20.028+0000][66][info ][gc,phases   ] GC(296)   Merge Heap Roots: 0.3ms
[2026-01-26T06:53:20.029+0000][66][info ][gc,phases   ] GC(296)   Evacuate Collection Set: 11.7ms
[2026-01-26T06:53:20.029+0000][66][info ][gc,phases   ] GC(296)   Post Evacuate Collection Set: 1.5ms
[2026-01-26T06:53:20.030+0000][66][info ][gc,phases   ] GC(296)   Other: 0.8ms
[2026-01-26T06:53:20.030+0000][66][trace][gc,age      ] GC(296) Age table with threshold 15 (max threshold 15)
[2026-01-26T06:53:20.031+0000][66][trace][gc,age      ] GC(296) - age   1:   12916536 bytes,   12916536 total
[2026-01-26T06:53:20.031+0000][66][trace][gc,age      ] GC(296) - age   2:    3228368 bytes,   16144904 total
[2026-01-26T06:53:20.031+0000][66][trace][gc,age      ] GC(296) - age   3:    6235288 bytes,   22380192 total
[2026-01-26T06:53:20.032+0000][66][trace][gc,age      ] GC(296) - age   4:    4665856 bytes,   27046048 total
[2026-01-26T06:53:20.032+0000][66][trace][gc,age      ] GC(296) - age   5:     671976 bytes,   27718024 total
[2026-01-26T06:53:20.032+0000][66][trace][gc,age      ] GC(296) - age   6:     716320 bytes,   28434344 total
[2026-01-26T06:53:20.033+0000][66][trace][gc,age      ] GC(296) - age   7:        360 bytes,   28434704 total
[2026-01-26T06:53:20.033+0000][66][trace][gc,age      ] GC(296) - age   8:      61536 bytes,   28496240 total
[2026-01-26T06:53:20.034+0000][66][trace][gc,age      ] GC(296) - age   9:     493792 bytes,   28990032 total
[2026-01-26T06:53:20.034+0000][66][trace][gc,age      ] GC(296) - age  10:    1691496 bytes,   30681528 total
[2026-01-26T06:53:20.035+0000][66][trace][gc,age      ] GC(296) - age  11:      33200 bytes,   30714728 total
[2026-01-26T06:53:20.035+0000][66][trace][gc,age      ] GC(296) - age  12:     352960 bytes,   31067688 total
[2026-01-26T06:53:20.035+0000][66][trace][gc,age      ] GC(296) - age  13:        736 bytes,   31068424 total
[2026-01-26T06:53:20.036+0000][66][trace][gc,age      ] GC(296) - age  14:        184 bytes,   31068608 total
[2026-01-26T06:53:20.036+0000][66][trace][gc,age      ] GC(296) - age  15:     156480 bytes,   31225088 total
[2026-01-26T06:53:20.036+0000][66][info ][gc,heap     ] GC(296) Eden regions: 144->0(142)
[2026-01-26T06:53:20.037+0000][66][info ][gc,heap     ] GC(296) Survivor regions: 7->8(19)
[2026-01-26T06:53:20.037+0000][66][info ][gc,heap     ] GC(296) Old regions: 71->71
[2026-01-26T06:53:20.038+0000][66][info ][gc,heap     ] GC(296) Humongous regions: 0->0
[2026-01-26T06:53:20.038+0000][66][info ][gc,metaspace] GC(296) Metaspace: 133187K(136640K)->133187K(136640K) NonClass: 115417K(117248K)->115417K(117248K) Class: 17770K(19392K)->17770K(19392K)
[2026-01-26T06:53:20.038+0000][66][info ][gc          ] GC(296) Pause Young (Normal) (G1 Evacuation Pause) 886M->314M(1024M) 25.905ms
[2026-01-26T06:53:20.039+0000][66][info ][gc,cpu      ] GC(296) User=0.05s Sys=0.00s Real=0.03s
[2026-01-26T06:53:20.039+0000][66][info ][safepoint   ] Safepoint "G1CollectForAllocation", Time since last: 5686283132 ns, Reaching safepoint: 155211 ns, Cleanup: 19502 ns, At safepoint: 26956221 ns, Total: 27130934 ns
[2026-01-26T06:53:21.046+0000][66][info ][safepoint   ] Safepoint "Cleanup", Time since last: 1006485067 ns, Reaching safepoint: 154612 ns, Cleanup: 17501 ns, At safepoint: 111308 ns, Total: 283421 ns
[2026-01-26T06:53:22.099+0000][66][info ][safepoint   ] Safepoint "Cleanup", Time since last: 1052256599 ns, Reaching safepoint: 154612 ns, Cleanup: 11001 ns, At safepoint: 113108 ns, Total: 278721 ns
[2026-01-26T06:53:26.148+0000][66][info ][gc,start    ] GC(297) Pause Young (Normal) (G1 Evacuation Pause)
[2026-01-26T06:53:26.149+0000][66][info ][gc,task     ] GC(297) Using 6 workers of 6 for evacuation
[2026-01-26T06:53:26.149+0000][66][debug][gc,age      ] GC(297) Desired survivor size 39845888 bytes, new threshold 15 (max threshold 15)
[2026-01-26T06:53:26.159+0000][66][info ][gc,phases   ] GC(297)   Pre Evacuate Collection Set: 0.3ms
[2026-01-26T06:53:26.159+0000][66][info ][gc,phases   ] GC(297)   Merge Heap Roots: 0.2ms
[2026-01-26T06:53:26.159+0000][66][info ][gc,phases   ] GC(297)   Evacuate Collection Set: 7.3ms
[2026-01-26T06:53:26.160+0000][66][info ][gc,phases   ] GC(297)   Post Evacuate Collection Set: 1.5ms
[2026-01-26T06:53:26.160+0000][66][info ][gc,phases   ] GC(297)   Other: 0.7ms
[2026-01-26T06:53:26.160+0000][66][trace][gc,age      ] GC(297) Age table with threshold 15 (max threshold 15)
[2026-01-26T06:53:26.161+0000][66][trace][gc,age      ] GC(297) - age   1:   10933872 bytes,   10933872 total
[2026-01-26T06:53:26.161+0000][66][trace][gc,age      ] GC(297) - age   2:    2426696 bytes,   13360568 total
[2026-01-26T06:53:26.161+0000][66][trace][gc,age      ] GC(297) - age   3:       1872 bytes,   13362440 total
[2026-01-26T06:53:26.161+0000][66][trace][gc,age      ] GC(297) - age   4:      94552 bytes,   13456992 total
[2026-01-26T06:53:26.162+0000][66][trace][gc,age      ] GC(297) - age   5:        944 bytes,   13457936 total
[2026-01-26T06:53:26.162+0000][66][trace][gc,age      ] GC(297) - age   6:     671832 bytes,   14129768 total
[2026-01-26T06:53:26.162+0000][66][trace][gc,age      ] GC(297) - age   7:     713224 bytes,   14842992 total
[2026-01-26T06:53:26.162+0000][66][trace][gc,age      ] GC(297) - age   8:        336 bytes,   14843328 total
[2026-01-26T06:53:26.163+0000][66][trace][gc,age      ] GC(297) - age   9:      61536 bytes,   14904864 total
[2026-01-26T06:53:26.163+0000][66][trace][gc,age      ] GC(297) - age  10:     320896 bytes,   15225760 total
[2026-01-26T06:53:26.163+0000][66][trace][gc,age      ] GC(297) - age  11:    1691496 bytes,   16917256 total
[2026-01-26T06:53:26.163+0000][66][trace][gc,age      ] GC(297) - age  12:      33200 bytes,   16950456 total
[2026-01-26T06:53:26.164+0000][66][trace][gc,age      ] GC(297) - age  13:     352960 bytes,   17303416 total
[2026-01-26T06:53:26.164+0000][66][trace][gc,age      ] GC(297) - age  14:        208 bytes,   17303624 total
[2026-01-26T06:53:26.164+0000][66][info ][gc,heap     ] GC(297) Eden regions: 142->0(148)
[2026-01-26T06:53:26.165+0000][66][info ][gc,heap     ] GC(297) Survivor regions: 8->5(19)
[2026-01-26T06:53:26.165+0000][66][info ][gc,heap     ] GC(297) Old regions: 71->71
[2026-01-26T06:53:26.165+0000][66][info ][gc,heap     ] GC(297) Humongous regions: 0->0
[2026-01-26T06:53:26.165+0000][66][info ][gc,metaspace] GC(297) Metaspace: 133187K(136640K)->133187K(136640K) NonClass: 115417K(117248K)->115417K(117248K) Class: 17770K(19392K)->17770K(19392K)
[2026-01-26T06:53:26.166+0000][66][info ][gc          ] GC(297) Pause Young (Normal) (G1 Evacuation Pause) 882M->302M(1024M) 17.233ms
[2026-01-26T06:53:26.166+0000][66][info ][gc,cpu      ] GC(297) User=0.04s Sys=0.01s Real=0.02s
[2026-01-26T06:53:26.166+0000][66][info ][safepoint   ] Safepoint "G1CollectForAllocation", Time since last: 4049493820 ns, Reaching safepoint: 53904 ns, Cleanup: 6000 ns, At safepoint: 18085366 ns, Total: 18145270 ns
[2026-01-26T06:53:33.945+0000][66][info ][gc,start    ] GC(298) Pause Young (Normal) (G1 Evacuation Pause)
[2026-01-26T06:53:33.945+0000][66][info ][gc,task     ] GC(298) Using 6 workers of 6 for evacuation
[2026-01-26T06:53:33.945+0000][66][debug][gc,age      ] GC(298) Desired survivor size 41943040 bytes, new threshold 15 (max threshold 15)
[2026-01-26T06:53:33.957+0000][66][info ][gc,phases   ] GC(298)   Pre Evacuate Collection Set: 0.4ms
[2026-01-26T06:53:33.957+0000][66][info ][gc,phases   ] GC(298)   Merge Heap Roots: 0.1ms
[2026-01-26T06:53:33.958+0000][66][info ][gc,phases   ] GC(298)   Evacuate Collection Set: 9.8ms
[2026-01-26T06:53:33.958+0000][66][info ][gc,phases   ] GC(298)   Post Evacuate Collection Set: 1.2ms
[2026-01-26T06:53:33.959+0000][66][info ][gc,phases   ] GC(298)   Other: 0.6ms
[2026-01-26T06:53:33.959+0000][66][trace][gc,age      ] GC(298) Age table with threshold 15 (max threshold 15)
[2026-01-26T06:53:33.959+0000][66][trace][gc,age      ] GC(298) - age   1:   12873768 bytes,   12873768 total
[2026-01-26T06:53:33.960+0000][66][trace][gc,age      ] GC(298) - age   2:    5344520 bytes,   18218288 total
[2026-01-26T06:53:33.960+0000][66][trace][gc,age      ] GC(298) - age   3:    2035240 bytes,   20253528 total
[2026-01-26T06:53:33.961+0000][66][trace][gc,age      ] GC(298) - age   4:       1088 bytes,   20254616 total
[2026-01-26T06:53:33.961+0000][66][trace][gc,age      ] GC(298) - age   5:      94304 bytes,   20348920 total
[2026-01-26T06:53:33.962+0000][66][trace][gc,age      ] GC(298) - age   6:        944 bytes,   20349864 total
[2026-01-26T06:53:33.962+0000][66][trace][gc,age      ] GC(298) - age   7:       3480 bytes,   20353344 total
[2026-01-26T06:53:33.963+0000][66][trace][gc,age      ] GC(298) - age   8:     107752 bytes,   20461096 total
[2026-01-26T06:53:33.963+0000][66][trace][gc,age      ] GC(298) - age   9:        336 bytes,   20461432 total
[2026-01-26T06:53:33.964+0000][66][trace][gc,age      ] GC(298) - age  10:      61512 bytes,   20522944 total
[2026-01-26T06:53:33.964+0000][66][trace][gc,age      ] GC(298) - age  11:     318920 bytes,   20841864 total
[2026-01-26T06:53:33.965+0000][66][trace][gc,age      ] GC(298) - age  12:    1690288 bytes,   22532152 total
[2026-01-26T06:53:33.965+0000][66][trace][gc,age      ] GC(298) - age  13:      33200 bytes,   22565352 total
[2026-01-26T06:53:33.966+0000][66][trace][gc,age      ] GC(298) - age  14:     352928 bytes,   22918280 total
[2026-01-26T06:53:33.966+0000][66][trace][gc,age      ] GC(298) - age  15:        208 bytes,   22918488 total
[2026-01-26T06:53:33.966+0000][66][info ][gc,heap     ] GC(298) Eden regions: 148->0(144)
[2026-01-26T06:53:33.967+0000][66][info ][gc,heap     ] GC(298) Survivor regions: 5->7(20)
[2026-01-26T06:53:33.967+0000][66][info ][gc,heap     ] GC(298) Old regions: 71->71
[2026-01-26T06:53:33.968+0000][66][info ][gc,heap     ] GC(298) Humongous regions: 0->0
[2026-01-26T06:53:33.968+0000][66][info ][gc,metaspace] GC(298) Metaspace: 133196K(136704K)->133196K(136704K) NonClass: 115426K(117312K)->115426K(117312K) Class: 17770K(19392K)->17770K(19392K)
[2026-01-26T06:53:33.969+0000][66][info ][gc          ] GC(298) Pause Young (Normal) (G1 Evacuation Pause) 894M->307M(1024M) 24.006ms
[2026-01-26T06:53:33.969+0000][66][info ][gc,cpu      ] GC(298) User=0.04s Sys=0.01s Real=0.02s
[2026-01-26T06:53:33.970+0000][66][info ][safepoint   ] Safepoint "G1CollectForAllocation", Time since last: 7778776964 ns, Reaching safepoint: 484036 ns, Cleanup: 6201 ns, At safepoint: 25045553 ns, Total: 25535790 ns
[2026-01-26T06:53:38.975+0000][66][info ][safepoint   ] Safepoint "Cleanup", Time since last: 5005490678 ns, Reaching safepoint: 11201 ns, Cleanup: 11201 ns, At safepoint: 4500 ns, Total: 26902 ns
[2026-01-26T06:53:39.752+0000][66][info ][gc,start    ] GC(299) Pause Young (Normal) (G1 Evacuation Pause)
[2026-01-26T06:53:39.752+0000][66][info ][gc,task     ] GC(299) Using 6 workers of 6 for evacuation
[2026-01-26T06:53:39.753+0000][66][debug][gc,age      ] GC(299) Desired survivor size 39845888 bytes, new threshold 15 (max threshold 15)
[2026-01-26T06:53:39.763+0000][66][info ][gc,phases   ] GC(299)   Pre Evacuate Collection Set: 0.5ms
[2026-01-26T06:53:39.764+0000][66][info ][gc,phases   ] GC(299)   Merge Heap Roots: 0.2ms
[2026-01-26T06:53:39.764+0000][66][info ][gc,phases   ] GC(299)   Evacuate Collection Set: 7.9ms
[2026-01-26T06:53:39.765+0000][66][info ][gc,phases   ] GC(299)   Post Evacuate Collection Set: 1.4ms
[2026-01-26T06:53:39.765+0000][66][info ][gc,phases   ] GC(299)   Other: 1.0ms
[2026-01-26T06:53:39.765+0000][66][trace][gc,age      ] GC(299) Age table with threshold 15 (max threshold 15)
[2026-01-26T06:53:39.766+0000][66][trace][gc,age      ] GC(299) - age   1:    7563912 bytes,    7563912 total
[2026-01-26T06:53:39.766+0000][66][trace][gc,age      ] GC(299) - age   2:     277648 bytes,    7841560 total
[2026-01-26T06:53:39.766+0000][66][trace][gc,age      ] GC(299) - age   3:     151560 bytes,    7993120 total
[2026-01-26T06:53:39.767+0000][66][trace][gc,age      ] GC(299) - age   4:     258184 bytes,    8251304 total
[2026-01-26T06:53:39.767+0000][66][trace][gc,age      ] GC(299) - age   5:       1088 bytes,    8252392 total
[2026-01-26T06:53:39.768+0000][66][trace][gc,age      ] GC(299) - age   6:      91264 bytes,    8343656 total
[2026-01-26T06:53:39.768+0000][66][trace][gc,age      ] GC(299) - age   7:        920 bytes,    8344576 total
[2026-01-26T06:53:39.768+0000][66][trace][gc,age      ] GC(299) - age   8:        192 bytes,    8344768 total
[2026-01-26T06:53:39.769+0000][66][trace][gc,age      ] GC(299) - age   9:       3304 bytes,    8348072 total
[2026-01-26T06:53:39.769+0000][66][trace][gc,age      ] GC(299) - age  10:        336 bytes,    8348408 total
[2026-01-26T06:53:39.770+0000][66][trace][gc,age      ] GC(299) - age  11:      61176 bytes,    8409584 total
[2026-01-26T06:53:39.770+0000][66][trace][gc,age      ] GC(299) - age  12:     304216 bytes,    8713800 total
[2026-01-26T06:53:39.770+0000][66][trace][gc,age      ] GC(299) - age  13:    1618664 bytes,   10332464 total
[2026-01-26T06:53:39.771+0000][66][trace][gc,age      ] GC(299) - age  14:      32952 bytes,   10365416 total
[2026-01-26T06:53:39.772+0000][66][trace][gc,age      ] GC(299) - age  15:     352928 bytes,   10718344 total
[2026-01-26T06:53:39.772+0000][66][info ][gc,heap     ] GC(299) Eden regions: 144->0(150)
[2026-01-26T06:53:39.772+0000][66][info ][gc,heap     ] GC(299) Survivor regions: 7->3(19)
[2026-01-26T06:53:39.773+0000][66][info ][gc,heap     ] GC(299) Old regions: 71->71
[2026-01-26T06:53:39.773+0000][66][info ][gc,heap     ] GC(299) Humongous regions: 0->0
[2026-01-26T06:53:39.774+0000][66][info ][gc,metaspace] GC(299) Metaspace: 133202K(136704K)->133202K(136704K) NonClass: 115431K(117312K)->115431K(117312K) Class: 17770K(19392K)->17770K(19392K)
[2026-01-26T06:53:39.774+0000][66][info ][gc          ] GC(299) Pause Young (Normal) (G1 Evacuation Pause) 883M->294M(1024M) 22.438ms
[2026-01-26T06:53:39.775+0000][66][info ][gc,cpu      ] GC(299) User=0.03s Sys=0.00s Real=0.03s
[2026-01-26T06:53:39.775+0000][66][info ][safepoint   ] Safepoint "G1CollectForAllocation", Time since last: 775719514 ns, Reaching safepoint: 641648 ns, Cleanup: 8500 ns, At safepoint: 23573945 ns, Total: 24224093 ns
[2026-01-26T06:53:46.682+0000][66][info ][gc,start    ] GC(300) Pause Young (Normal) (G1 Evacuation Pause)
[2026-01-26T06:53:46.682+0000][66][info ][gc,task     ] GC(300) Using 6 workers of 6 for evacuation
[2026-01-26T06:53:46.682+0000][66][debug][gc,age      ] GC(300) Desired survivor size 41943040 bytes, new threshold 15 (max threshold 15)
[2026-01-26T06:53:46.698+0000][66][info ][gc,phases   ] GC(300)   Pre Evacuate Collection Set: 0.4ms
[2026-01-26T06:53:46.698+0000][66][info ][gc,phases   ] GC(300)   Merge Heap Roots: 0.3ms
[2026-01-26T06:53:46.699+0000][66][info ][gc,phases   ] GC(300)   Evacuate Collection Set: 12.6ms
[2026-01-26T06:53:46.699+0000][66][info ][gc,phases   ] GC(300)   Post Evacuate Collection Set: 1.6ms
[2026-01-26T06:53:46.699+0000][66][info ][gc,phases   ] GC(300)   Other: 1.0ms
[2026-01-26T06:53:46.699+0000][66][trace][gc,age      ] GC(300) Age table with threshold 15 (max threshold 15)
[2026-01-26T06:53:46.700+0000][66][trace][gc,age      ] GC(300) - age   1:   11966680 bytes,   11966680 total
[2026-01-26T06:53:46.700+0000][66][trace][gc,age      ] GC(300) - age   2:    1325736 bytes,   13292416 total
[2026-01-26T06:53:46.700+0000][66][trace][gc,age      ] GC(300) - age   3:       8920 bytes,   13301336 total
[2026-01-26T06:53:46.701+0000][66][trace][gc,age      ] GC(300) - age   4:     148992 bytes,   13450328 total
[2026-01-26T06:53:46.701+0000][66][trace][gc,age      ] GC(300) - age   5:     257904 bytes,   13708232 total
[2026-01-26T06:53:46.701+0000][66][trace][gc,age      ] GC(300) - age   6:        176 bytes,   13708408 total
[2026-01-26T06:53:46.702+0000][66][trace][gc,age      ] GC(300) - age   7:      91264 bytes,   13799672 total
[2026-01-26T06:53:46.702+0000][66][trace][gc,age      ] GC(300) - age   8:        920 bytes,   13800592 total
[2026-01-26T06:53:46.702+0000][66][trace][gc,age      ] GC(300) - age   9:        160 bytes,   13800752 total
[2026-01-26T06:53:46.702+0000][66][trace][gc,age      ] GC(300) - age  10:       3304 bytes,   13804056 total
[2026-01-26T06:53:46.703+0000][66][trace][gc,age      ] GC(300) - age  11:        336 bytes,   13804392 total
[2026-01-26T06:53:46.703+0000][66][trace][gc,age      ] GC(300) - age  12:      60976 bytes,   13865368 total
[2026-01-26T06:53:46.703+0000][66][trace][gc,age      ] GC(300) - age  13:     230032 bytes,   14095400 total
[2026-01-26T06:53:46.704+0000][66][trace][gc,age      ] GC(300) - age  14:    1618632 bytes,   15714032 total
[2026-01-26T06:53:46.704+0000][66][trace][gc,age      ] GC(300) - age  15:      32952 bytes,   15746984 total
[2026-01-26T06:53:46.704+0000][66][info ][gc,heap     ] GC(300) Eden regions: 150->0(148)
[2026-01-26T06:53:46.704+0000][66][info ][gc,heap     ] GC(300) Survivor regions: 3->5(20)
[2026-01-26T06:53:46.705+0000][66][info ][gc,heap     ] GC(300) Old regions: 71->71
[2026-01-26T06:53:46.705+0000][66][info ][gc,heap     ] GC(300) Humongous regions: 0->0
[2026-01-26T06:53:46.705+0000][66][info ][gc,metaspace] GC(300) Metaspace: 133210K(136704K)->133210K(136704K) NonClass: 115440K(117312K)->115440K(117312K) Class: 17770K(19392K)->17770K(19392K)
[2026-01-26T06:53:46.706+0000][66][info ][gc          ] GC(300) Pause Young (Normal) (G1 Evacuation Pause) 894M->300M(1024M) 23.908ms
[2026-01-26T06:53:46.706+0000][66][info ][gc,cpu      ] GC(300) User=0.04s Sys=0.01s Real=0.02s
[2026-01-26T06:53:46.706+0000][66][info ][safepoint   ] Safepoint "G1CollectForAllocation", Time since last: 6906283095 ns, Reaching safepoint: 135710 ns, Cleanup: 6201 ns, At safepoint: 24772648 ns, Total: 24914559 ns
[2026-01-26T06:53:52.260+0000][66][info ][safepoint   ] Safepoint "Cleanup", Time since last: 5553544564 ns, Reaching safepoint: 8001 ns, Cleanup: 8300 ns, At safepoint: 3100 ns, Total: 19401 ns
[2026-01-26T06:53:53.460+0000][66][info ][safepoint   ] Safepoint "Cleanup", Time since last: 1199691523 ns, Reaching safepoint: 143111 ns, Cleanup: 11201 ns, At safepoint: 149511 ns, Total: 303823 ns
[2026-01-26T06:53:54.326+0000][66][info ][gc,start    ] GC(301) Pause Young (Normal) (G1 Evacuation Pause)
[2026-01-26T06:53:54.327+0000][66][info ][gc,task     ] GC(301) Using 6 workers of 6 for evacuation
[2026-01-26T06:53:54.327+0000][66][debug][gc,age      ] GC(301) Desired survivor size 41943040 bytes, new threshold 15 (max threshold 15)
[2026-01-26T06:53:54.337+0000][66][info ][gc,phases   ] GC(301)   Pre Evacuate Collection Set: 0.4ms
[2026-01-26T06:53:54.338+0000][66][info ][gc,phases   ] GC(301)   Merge Heap Roots: 0.3ms
[2026-01-26T06:53:54.338+0000][66][info ][gc,phases   ] GC(301)   Evacuate Collection Set: 7.8ms
[2026-01-26T06:53:54.338+0000][66][info ][gc,phases   ] GC(301)   Post Evacuate Collection Set: 1.2ms
[2026-01-26T06:53:54.339+0000][66][info ][gc,phases   ] GC(301)   Other: 0.7ms
[2026-01-26T06:53:54.339+0000][66][trace][gc,age      ] GC(301) Age table with threshold 15 (max threshold 15)
[2026-01-26T06:53:54.339+0000][66][trace][gc,age      ] GC(301) - age   1:   14262808 bytes,   14262808 total
[2026-01-26T06:53:54.340+0000][66][trace][gc,age      ] GC(301) - age   2:    1517824 bytes,   15780632 total
[2026-01-26T06:53:54.340+0000][66][trace][gc,age      ] GC(301) - age   3:     257720 bytes,   16038352 total
[2026-01-26T06:53:54.340+0000][66][trace][gc,age      ] GC(301) - age   4:       8328 bytes,   16046680 total
[2026-01-26T06:53:54.341+0000][66][trace][gc,age      ] GC(301) - age   5:     148968 bytes,   16195648 total
[2026-01-26T06:53:54.341+0000][66][trace][gc,age      ] GC(301) - age   6:       1824 bytes,   16197472 total
[2026-01-26T06:53:54.341+0000][66][trace][gc,age      ] GC(301) - age   7:        176 bytes,   16197648 total
[2026-01-26T06:53:54.342+0000][66][trace][gc,age      ] GC(301) - age   8:      91264 bytes,   16288912 total
[2026-01-26T06:53:54.342+0000][66][trace][gc,age      ] GC(301) - age   9:        920 bytes,   16289832 total
[2026-01-26T06:53:54.342+0000][66][trace][gc,age      ] GC(301) - age  10:        128 bytes,   16289960 total
[2026-01-26T06:53:54.343+0000][66][trace][gc,age      ] GC(301) - age  11:       3304 bytes,   16293264 total
[2026-01-26T06:53:54.343+0000][66][trace][gc,age      ] GC(301) - age  12:        336 bytes,   16293600 total
[2026-01-26T06:53:54.343+0000][66][trace][gc,age      ] GC(301) - age  13:      60976 bytes,   16354576 total
[2026-01-26T06:53:54.344+0000][66][trace][gc,age      ] GC(301) - age  14:     165840 bytes,   16520416 total
[2026-01-26T06:53:54.344+0000][66][trace][gc,age      ] GC(301) - age  15:    1618632 bytes,   18139048 total
[2026-01-26T06:53:54.344+0000][66][info ][gc,heap     ] GC(301) Eden regions: 148->0(148)
[2026-01-26T06:53:54.345+0000][66][info ][gc,heap     ] GC(301) Survivor regions: 5->5(20)
[2026-01-26T06:53:54.345+0000][66][info ][gc,heap     ] GC(301) Old regions: 71->71
[2026-01-26T06:53:54.345+0000][66][info ][gc,heap     ] GC(301) Humongous regions: 0->0
[2026-01-26T06:53:54.346+0000][66][info ][gc,metaspace] GC(301) Metaspace: 133214K(136704K)->133214K(136704K) NonClass: 115444K(117312K)->115444K(117312K) Class: 17770K(19392K)->17770K(19392K)
[2026-01-26T06:53:54.346+0000][66][info ][gc          ] GC(301) Pause Young (Normal) (G1 Evacuation Pause) 892M->302M(1024M) 19.827ms
[2026-01-26T06:53:54.347+0000][66][info ][gc,cpu      ] GC(301) User=0.03s Sys=0.01s Real=0.02s
[2026-01-26T06:53:54.347+0000][66][info ][safepoint   ] Safepoint "G1CollectForAllocation", Time since last: 866396107 ns, Reaching safepoint: 19401 ns, Cleanup: 12801 ns, At safepoint: 20727644 ns, Total: 20759846 ns
[2026-01-26T06:54:01.071+0000][66][info ][gc,start    ] GC(302) Pause Young (Normal) (G1 Evacuation Pause)
[2026-01-26T06:54:01.072+0000][66][info ][gc,task     ] GC(302) Using 6 workers of 6 for evacuation
[2026-01-26T06:54:01.072+0000][66][debug][gc,age      ] GC(302) Desired survivor size 41943040 bytes, new threshold 15 (max threshold 15)
[2026-01-26T06:54:01.082+0000][66][info ][gc,phases   ] GC(302)   Pre Evacuate Collection Set: 0.5ms
[2026-01-26T06:54:01.082+0000][66][info ][gc,phases   ] GC(302)   Merge Heap Roots: 0.2ms
[2026-01-26T06:54:01.083+0000][66][info ][gc,phases   ] GC(302)   Evacuate Collection Set: 6.7ms
[2026-01-26T06:54:01.083+0000][66][info ][gc,phases   ] GC(302)   Post Evacuate Collection Set: 1.5ms
[2026-01-26T06:54:01.084+0000][66][info ][gc,phases   ] GC(302)   Other: 1.0ms
[2026-01-26T06:54:01.084+0000][66][trace][gc,age      ] GC(302) Age table with threshold 15 (max threshold 15)
[2026-01-26T06:54:01.085+0000][66][trace][gc,age      ] GC(302) - age   1:    6181136 bytes,    6181136 total
[2026-01-26T06:54:01.085+0000][66][trace][gc,age      ] GC(302) - age   2:     108928 bytes,    6290064 total
[2026-01-26T06:54:01.086+0000][66][trace][gc,age      ] GC(302) - age   3:     185928 bytes,    6475992 total
[2026-01-26T06:54:01.086+0000][66][trace][gc,age      ] GC(302) - age   4:     254968 bytes,    6730960 total
[2026-01-26T06:54:01.087+0000][66][trace][gc,age      ] GC(302) - age   5:       7784 bytes,    6738744 total
[2026-01-26T06:54:01.088+0000][66][trace][gc,age      ] GC(302) - age   6:     148968 bytes,    6887712 total
[2026-01-26T06:54:01.088+0000][66][trace][gc,age      ] GC(302) - age   7:       1824 bytes,    6889536 total
[2026-01-26T06:54:01.089+0000][66][trace][gc,age      ] GC(302) - age   8:        176 bytes,    6889712 total
[2026-01-26T06:54:01.089+0000][66][trace][gc,age      ] GC(302) - age   9:      91264 bytes,    6980976 total
[2026-01-26T06:54:01.090+0000][66][trace][gc,age      ] GC(302) - age  10:        920 bytes,    6981896 total
[2026-01-26T06:54:01.090+0000][66][trace][gc,age      ] GC(302) - age  11:        128 bytes,    6982024 total
[2026-01-26T06:54:01.091+0000][66][trace][gc,age      ] GC(302) - age  12:       3272 bytes,    6985296 total
[2026-01-26T06:54:01.091+0000][66][trace][gc,age      ] GC(302) - age  13:        336 bytes,    6985632 total
[2026-01-26T06:54:01.092+0000][66][trace][gc,age      ] GC(302) - age  14:      60976 bytes,    7046608 total
[2026-01-26T06:54:01.092+0000][66][trace][gc,age      ] GC(302) - age  15:     165840 bytes,    7212448 total
[2026-01-26T06:54:01.093+0000][66][info ][gc,heap     ] GC(302) Eden regions: 148->0(150)
[2026-01-26T06:54:01.093+0000][66][info ][gc,heap     ] GC(302) Survivor regions: 5->3(20)
[2026-01-26T06:54:01.094+0000][66][info ][gc,heap     ] GC(302) Old regions: 71->72
[2026-01-26T06:54:01.094+0000][66][info ][gc,heap     ] GC(302) Humongous regions: 0->0
[2026-01-26T06:54:01.095+0000][66][info ][gc,metaspace] GC(302) Metaspace: 133215K(136704K)->133215K(136704K) NonClass: 115445K(117312K)->115445K(117312K) Class: 17770K(19392K)->17770K(19392K)
[2026-01-26T06:54:01.095+0000][66][info ][gc          ] GC(302) Pause Young (Normal) (G1 Evacuation Pause) 894M->293M(1024M) 24.070ms
[2026-01-26T06:54:01.096+0000][66][info ][gc,cpu      ] GC(302) User=0.03s Sys=0.00s Real=0.03s
[2026-01-26T06:54:01.096+0000][66][info ][safepoint   ] Safepoint "G1CollectForAllocation", Time since last: 6723112159 ns, Reaching safepoint: 823148 ns, Cleanup: 7600 ns, At safepoint: 25316170 ns, Total: 26146918 ns
[2026-01-26T06:54:09.235+0000][66][info ][gc,start    ] GC(303) Pause Young (Normal) (G1 Evacuation Pause)
[2026-01-26T06:54:09.235+0000][66][info ][gc,task     ] GC(303) Using 6 workers of 6 for evacuation
[2026-01-26T06:54:09.235+0000][66][debug][gc,age      ] GC(303) Desired survivor size 41943040 bytes, new threshold 15 (max threshold 15)
[2026-01-26T06:54:09.245+0000][66][info ][gc,phases   ] GC(303)   Pre Evacuate Collection Set: 0.3ms
[2026-01-26T06:54:09.245+0000][66][info ][gc,phases   ] GC(303)   Merge Heap Roots: 0.2ms
[2026-01-26T06:54:09.246+0000][66][info ][gc,phases   ] GC(303)   Evacuate Collection Set: 7.0ms
[2026-01-26T06:54:09.246+0000][66][info ][gc,phases   ] GC(303)   Post Evacuate Collection Set: 1.3ms
[2026-01-26T06:54:09.247+0000][66][info ][gc,phases   ] GC(303)   Other: 0.6ms
[2026-01-26T06:54:09.247+0000][66][trace][gc,age      ] GC(303) Age table with threshold 15 (max threshold 15)
[2026-01-26T06:54:09.247+0000][66][trace][gc,age      ] GC(303) - age   1:   13451784 bytes,   13451784 total
[2026-01-26T06:54:09.248+0000][66][trace][gc,age      ] GC(303) - age   2:    3280232 bytes,   16732016 total
[2026-01-26T06:54:09.248+0000][66][trace][gc,age      ] GC(303) - age   3:     105952 bytes,   16837968 total
[2026-01-26T06:54:09.248+0000][66][trace][gc,age      ] GC(303) - age   4:     185896 bytes,   17023864 total
[2026-01-26T06:54:09.249+0000][66][trace][gc,age      ] GC(303) - age   5:     251400 bytes,   17275264 total
[2026-01-26T06:54:09.249+0000][66][trace][gc,age      ] GC(303) - age   6:       6408 bytes,   17281672 total
[2026-01-26T06:54:09.249+0000][66][trace][gc,age      ] GC(303) - age   7:     148944 bytes,   17430616 total
[2026-01-26T06:54:09.250+0000][66][trace][gc,age      ] GC(303) - age   8:       1824 bytes,   17432440 total
[2026-01-26T06:54:09.250+0000][66][trace][gc,age      ] GC(303) - age   9:        176 bytes,   17432616 total
[2026-01-26T06:54:09.250+0000][66][trace][gc,age      ] GC(303) - age  10:      91264 bytes,   17523880 total
[2026-01-26T06:54:09.251+0000][66][trace][gc,age      ] GC(303) - age  11:        920 bytes,   17524800 total
[2026-01-26T06:54:09.251+0000][66][trace][gc,age      ] GC(303) - age  12:        128 bytes,   17524928 total
[2026-01-26T06:54:09.251+0000][66][trace][gc,age      ] GC(303) - age  13:       3272 bytes,   17528200 total
[2026-01-26T06:54:09.252+0000][66][trace][gc,age      ] GC(303) - age  14:        336 bytes,   17528536 total
[2026-01-26T06:54:09.252+0000][66][trace][gc,age      ] GC(303) - age  15:      60976 bytes,   17589512 total
[2026-01-26T06:54:09.252+0000][66][info ][gc,heap     ] GC(303) Eden regions: 150->0(147)
[2026-01-26T06:54:09.253+0000][66][info ][gc,heap     ] GC(303) Survivor regions: 3->5(20)
[2026-01-26T06:54:09.253+0000][66][info ][gc,heap     ] GC(303) Old regions: 72->72
[2026-01-26T06:54:09.253+0000][66][info ][gc,heap     ] GC(303) Humongous regions: 0->0
[2026-01-26T06:54:09.254+0000][66][info ][gc,metaspace] GC(303) Metaspace: 133216K(136704K)->133216K(136704K) NonClass: 115445K(117312K)->115445K(117312K) Class: 17770K(19392K)->17770K(19392K)
[2026-01-26T06:54:09.254+0000][66][info ][gc          ] GC(303) Pause Young (Normal) (G1 Evacuation Pause) 893M->302M(1024M) 19.118ms
[2026-01-26T06:54:09.254+0000][66][info ][gc,cpu      ] GC(303) User=0.03s Sys=0.00s Real=0.02s
[2026-01-26T06:54:09.255+0000][66][info ][safepoint   ] Safepoint "G1CollectForAllocation", Time since last: 8140789336 ns, Reaching safepoint: 20901 ns, Cleanup: 5101 ns, At safepoint: 19932340 ns, Total: 19958342 ns
[2026-01-26T06:54:14.103+0000][66][info ][safepoint   ] Safepoint "Cleanup", Time since last: 4847631816 ns, Reaching safepoint: 134710 ns, Cleanup: 11701 ns, At safepoint: 60104 ns, Total: 206515 ns
[2026-01-26T06:54:15.478+0000][66][info ][gc,start    ] GC(304) Pause Young (Normal) (G1 Evacuation Pause)
[2026-01-26T06:54:15.478+0000][66][info ][gc,task     ] GC(304) Using 6 workers of 6 for evacuation
[2026-01-26T06:54:15.479+0000][66][debug][gc,age      ] GC(304) Desired survivor size 39845888 bytes, new threshold 15 (max threshold 15)
[2026-01-26T06:54:15.487+0000][66][info ][gc,phases   ] GC(304)   Pre Evacuate Collection Set: 0.4ms
[2026-01-26T06:54:15.487+0000][66][info ][gc,phases   ] GC(304)   Merge Heap Roots: 0.2ms
[2026-01-26T06:54:15.487+0000][66][info ][gc,phases   ] GC(304)   Evacuate Collection Set: 5.7ms
[2026-01-26T06:54:15.488+0000][66][info ][gc,phases   ] GC(304)   Post Evacuate Collection Set: 1.5ms
[2026-01-26T06:54:15.488+0000][66][info ][gc,phases   ] GC(304)   Other: 0.6ms
[2026-01-26T06:54:15.488+0000][66][trace][gc,age      ] GC(304) Age table with threshold 15 (max threshold 15)
[2026-01-26T06:54:15.489+0000][66][trace][gc,age      ] GC(304) - age   1:   10050320 bytes,   10050320 total
[2026-01-26T06:54:15.489+0000][66][trace][gc,age      ] GC(304) - age   2:      13344 bytes,   10063664 total
[2026-01-26T06:54:15.489+0000][66][trace][gc,age      ] GC(304) - age   3:      88640 bytes,   10152304 total
[2026-01-26T06:54:15.490+0000][66][trace][gc,age      ] GC(304) - age   4:     102704 bytes,   10255008 total
[2026-01-26T06:54:15.490+0000][66][trace][gc,age      ] GC(304) - age   5:     184448 bytes,   10439456 total
[2026-01-26T06:54:15.491+0000][66][trace][gc,age      ] GC(304) - age   6:     251400 bytes,   10690856 total
[2026-01-26T06:54:15.491+0000][66][trace][gc,age      ] GC(304) - age   7:       6408 bytes,   10697264 total
[2026-01-26T06:54:15.491+0000][66][trace][gc,age      ] GC(304) - age   8:     148944 bytes,   10846208 total
[2026-01-26T06:54:15.492+0000][66][trace][gc,age      ] GC(304) - age   9:       1824 bytes,   10848032 total
[2026-01-26T06:54:15.492+0000][66][trace][gc,age      ] GC(304) - age  11:      91264 bytes,   10939296 total
[2026-01-26T06:54:15.492+0000][66][trace][gc,age      ] GC(304) - age  12:        920 bytes,   10940216 total
[2026-01-26T06:54:15.493+0000][66][trace][gc,age      ] GC(304) - age  13:        128 bytes,   10940344 total
[2026-01-26T06:54:15.493+0000][66][trace][gc,age      ] GC(304) - age  14:       3272 bytes,   10943616 total
[2026-01-26T06:54:15.494+0000][66][trace][gc,age      ] GC(304) - age  15:        336 bytes,   10943952 total
[2026-01-26T06:54:15.494+0000][66][info ][gc,heap     ] GC(304) Eden regions: 147->0(150)
[2026-01-26T06:54:15.494+0000][66][info ][gc,heap     ] GC(304) Survivor regions: 5->3(19)
[2026-01-26T06:54:15.495+0000][66][info ][gc,heap     ] GC(304) Old regions: 72->72
[2026-01-26T06:54:15.495+0000][66][info ][gc,heap     ] GC(304) Humongous regions: 0->0
[2026-01-26T06:54:15.495+0000][66][info ][gc,metaspace] GC(304) Metaspace: 133216K(136704K)->133216K(136704K) NonClass: 115445K(117312K)->115445K(117312K) Class: 17770K(19392K)->17770K(19392K)
[2026-01-26T06:54:15.495+0000][66][info ][gc          ] GC(304) Pause Young (Normal) (G1 Evacuation Pause) 890M->296M(1024M) 17.533ms
[2026-01-26T06:54:15.496+0000][66][info ][gc,cpu      ] GC(304) User=0.02s Sys=0.00s Real=0.02s
[2026-01-26T06:54:15.496+0000][66][info ][safepoint   ] Safepoint "G1CollectForAllocation", Time since last: 1375274473 ns, Reaching safepoint: 19102 ns, Cleanup: 4800 ns, At safepoint: 18311450 ns, Total: 18335352 ns
[2026-01-26T06:54:22.549+0000][66][info ][gc,start    ] GC(305) Pause Young (Normal) (G1 Evacuation Pause)
[2026-01-26T06:54:22.549+0000][66][info ][gc,task     ] GC(305) Using 6 workers of 6 for evacuation
[2026-01-26T06:54:22.550+0000][66][debug][gc,age      ] GC(305) Desired survivor size 41943040 bytes, new threshold 15 (max threshold 15)
[2026-01-26T06:54:22.563+0000][66][info ][gc,phases   ] GC(305)   Pre Evacuate Collection Set: 0.6ms
[2026-01-26T06:54:22.564+0000][66][info ][gc,phases   ] GC(305)   Merge Heap Roots: 0.2ms
[2026-01-26T06:54:22.564+0000][66][info ][gc,phases   ] GC(305)   Evacuate Collection Set: 9.1ms
[2026-01-26T06:54:22.565+0000][66][info ][gc,phases   ] GC(305)   Post Evacuate Collection Set: 2.1ms
[2026-01-26T06:54:22.566+0000][66][info ][gc,phases   ] GC(305)   Other: 1.4ms
[2026-01-26T06:54:22.566+0000][66][trace][gc,age      ] GC(305) Age table with threshold 15 (max threshold 15)
[2026-01-26T06:54:22.567+0000][66][trace][gc,age      ] GC(305) - age   1:   16876856 bytes,   16876856 total
[2026-01-26T06:54:22.568+0000][66][trace][gc,age      ] GC(305) - age   2:    6173064 bytes,   23049920 total
[2026-01-26T06:54:22.568+0000][66][trace][gc,age      ] GC(305) - age   3:      13312 bytes,   23063232 total
[2026-01-26T06:54:22.569+0000][66][trace][gc,age      ] GC(305) - age   4:      88640 bytes,   23151872 total
[2026-01-26T06:54:22.569+0000][66][trace][gc,age      ] GC(305) - age   5:     102136 bytes,   23254008 total
[2026-01-26T06:54:22.570+0000][66][trace][gc,age      ] GC(305) - age   6:     184448 bytes,   23438456 total
[2026-01-26T06:54:22.571+0000][66][trace][gc,age      ] GC(305) - age   7:     251400 bytes,   23689856 total
[2026-01-26T06:54:22.571+0000][66][trace][gc,age      ] GC(305) - age   8:       6408 bytes,   23696264 total
[2026-01-26T06:54:22.572+0000][66][trace][gc,age      ] GC(305) - age   9:     148760 bytes,   23845024 total
[2026-01-26T06:54:22.572+0000][66][trace][gc,age      ] GC(305) - age  10:       1824 bytes,   23846848 total
[2026-01-26T06:54:22.573+0000][66][trace][gc,age      ] GC(305) - age  12:      91264 bytes,   23938112 total
[2026-01-26T06:54:22.573+0000][66][trace][gc,age      ] GC(305) - age  13:        920 bytes,   23939032 total
[2026-01-26T06:54:22.574+0000][66][trace][gc,age      ] GC(305) - age  14:        128 bytes,   23939160 total
[2026-01-26T06:54:22.574+0000][66][trace][gc,age      ] GC(305) - age  15:       3272 bytes,   23942432 total
[2026-01-26T06:54:22.575+0000][66][info ][gc,heap     ] GC(305) Eden regions: 150->0(145)
[2026-01-26T06:54:22.575+0000][66][info ][gc,heap     ] GC(305) Survivor regions: 3->6(20)
[2026-01-26T06:54:22.576+0000][66][info ][gc,heap     ] GC(305) Old regions: 72->72
[2026-01-26T06:54:22.576+0000][66][info ][gc,heap     ] GC(305) Humongous regions: 0->0
[2026-01-26T06:54:22.577+0000][66][info ][gc,metaspace] GC(305) Metaspace: 133216K(136704K)->133216K(136704K) NonClass: 115445K(117312K)->115445K(117312K) Class: 17770K(19392K)->17770K(19392K)
[2026-01-26T06:54:22.577+0000][66][info ][gc          ] GC(305) Pause Young (Normal) (G1 Evacuation Pause) 896M->308M(1024M) 28.511ms
[2026-01-26T06:54:22.578+0000][66][info ][gc,cpu      ] GC(305) User=0.05s Sys=0.00s Real=0.03s
[2026-01-26T06:54:22.578+0000][66][info ][safepoint   ] Safepoint "G1CollectForAllocation", Time since last: 7052420376 ns, Reaching safepoint: 24202 ns, Cleanup: 6500 ns, At safepoint: 29593077 ns, Total: 29623779 ns
[2026-01-26T06:54:28.005+0000][66][info ][gc,start    ] GC(306) Pause Young (Normal) (G1 Evacuation Pause)
[2026-01-26T06:54:28.005+0000][66][info ][gc,task     ] GC(306) Using 6 workers of 6 for evacuation
[2026-01-26T06:54:28.006+0000][66][debug][gc,age      ] GC(306) Desired survivor size 39845888 bytes, new threshold 15 (max threshold 15)
[2026-01-26T06:54:28.013+0000][66][info ][gc,phases   ] GC(306)   Pre Evacuate Collection Set: 0.5ms
[2026-01-26T06:54:28.013+0000][66][info ][gc,phases   ] GC(306)   Merge Heap Roots: 0.2ms
[2026-01-26T06:54:28.014+0000][66][info ][gc,phases   ] GC(306)   Evacuate Collection Set: 5.0ms
[2026-01-26T06:54:28.014+0000][66][info ][gc,phases   ] GC(306)   Post Evacuate Collection Set: 1.2ms
[2026-01-26T06:54:28.015+0000][66][info ][gc,phases   ] GC(306)   Other: 0.9ms
[2026-01-26T06:54:28.015+0000][66][trace][gc,age      ] GC(306) Age table with threshold 15 (max threshold 15)
[2026-01-26T06:54:28.015+0000][66][trace][gc,age      ] GC(306) - age   1:    9561480 bytes,    9561480 total
[2026-01-26T06:54:28.016+0000][66][trace][gc,age      ] GC(306) - age   2:       4232 bytes,    9565712 total
[2026-01-26T06:54:28.016+0000][66][trace][gc,age      ] GC(306) - age   3:      62800 bytes,    9628512 total
[2026-01-26T06:54:28.016+0000][66][trace][gc,age      ] GC(306) - age   4:      10160 bytes,    9638672 total
[2026-01-26T06:54:28.017+0000][66][trace][gc,age      ] GC(306) - age   5:      85056 bytes,    9723728 total
[2026-01-26T06:54:28.017+0000][66][trace][gc,age      ] GC(306) - age   6:     101216 bytes,    9824944 total
[2026-01-26T06:54:28.017+0000][66][trace][gc,age      ] GC(306) - age   7:     184104 bytes,   10009048 total
[2026-01-26T06:54:28.018+0000][66][trace][gc,age      ] GC(306) - age   8:     251072 bytes,   10260120 total
[2026-01-26T06:54:28.018+0000][66][trace][gc,age      ] GC(306) - age   9:       3880 bytes,   10264000 total
[2026-01-26T06:54:28.018+0000][66][trace][gc,age      ] GC(306) - age  10:     109936 bytes,   10373936 total
[2026-01-26T06:54:28.019+0000][66][trace][gc,age      ] GC(306) - age  11:       1824 bytes,   10375760 total
[2026-01-26T06:54:28.019+0000][66][trace][gc,age      ] GC(306) - age  13:      91264 bytes,   10467024 total
[2026-01-26T06:54:28.019+0000][66][trace][gc,age      ] GC(306) - age  14:        920 bytes,   10467944 total
[2026-01-26T06:54:28.020+0000][66][trace][gc,age      ] GC(306) - age  15:        128 bytes,   10468072 total
[2026-01-26T06:54:28.020+0000][66][info ][gc,heap     ] GC(306) Eden regions: 145->0(150)
[2026-01-26T06:54:28.020+0000][66][info ][gc,heap     ] GC(306) Survivor regions: 6->3(19)
[2026-01-26T06:54:28.021+0000][66][info ][gc,heap     ] GC(306) Old regions: 72->72
[2026-01-26T06:54:28.021+0000][66][info ][gc,heap     ] GC(306) Humongous regions: 0->0
[2026-01-26T06:54:28.021+0000][66][info ][gc,metaspace] GC(306) Metaspace: 133220K(136704K)->133220K(136704K) NonClass: 115449K(117312K)->115449K(117312K) Class: 17770K(19392K)->17770K(19392K)
[2026-01-26T06:54:28.022+0000][66][info ][gc          ] GC(306) Pause Young (Normal) (G1 Evacuation Pause) 888M->295M(1024M) 16.898ms
[2026-01-26T06:54:28.022+0000][66][info ][gc,cpu      ] GC(306) User=0.03s Sys=0.00s Real=0.02s
[2026-01-26T06:54:28.022+0000][66][info ][safepoint   ] Safepoint "G1CollectForAllocation", Time since last: 5426359603 ns, Reaching safepoint: 19202 ns, Cleanup: 13801 ns, At safepoint: 17715569 ns, Total: 17748572 ns
[2026-01-26T06:54:29.901+0000][66][info ][safepoint   ] Safepoint "Cleanup", Time since last: 1878064395 ns, Reaching safepoint: 156111 ns, Cleanup: 15901 ns, At safepoint: 87707 ns, Total: 259719 ns
[2026-01-26T06:54:32.937+0000][66][info ][gc,start    ] GC(307) Pause Young (Normal) (G1 Evacuation Pause)
[2026-01-26T06:54:32.937+0000][66][info ][gc,task     ] GC(307) Using 6 workers of 6 for evacuation
[2026-01-26T06:54:32.938+0000][66][debug][gc,age      ] GC(307) Desired survivor size 41943040 bytes, new threshold 15 (max threshold 15)
[2026-01-26T06:54:32.945+0000][66][info ][gc,phases   ] GC(307)   Pre Evacuate Collection Set: 0.5ms
[2026-01-26T06:54:32.945+0000][66][info ][gc,phases   ] GC(307)   Merge Heap Roots: 0.2ms
[2026-01-26T06:54:32.946+0000][66][info ][gc,phases   ] GC(307)   Evacuate Collection Set: 4.4ms
[2026-01-26T06:54:32.946+0000][66][info ][gc,phases   ] GC(307)   Post Evacuate Collection Set: 1.4ms
[2026-01-26T06:54:32.947+0000][66][info ][gc,phases   ] GC(307)   Other: 1.1ms
[2026-01-26T06:54:32.947+0000][66][trace][gc,age      ] GC(307) Age table with threshold 15 (max threshold 15)
[2026-01-26T06:54:32.948+0000][66][trace][gc,age      ] GC(307) - age   1:    4946840 bytes,    4946840 total
[2026-01-26T06:54:32.948+0000][66][trace][gc,age      ] GC(307) - age   2:     803304 bytes,    5750144 total
[2026-01-26T06:54:32.949+0000][66][trace][gc,age      ] GC(307) - age   3:       3432 bytes,    5753576 total
[2026-01-26T06:54:32.949+0000][66][trace][gc,age      ] GC(307) - age   4:      60600 bytes,    5814176 total
[2026-01-26T06:54:32.950+0000][66][trace][gc,age      ] GC(307) - age   5:       8440 bytes,    5822616 total
[2026-01-26T06:54:32.950+0000][66][trace][gc,age      ] GC(307) - age   6:      84688 bytes,    5907304 total
[2026-01-26T06:54:32.950+0000][66][trace][gc,age      ] GC(307) - age   7:     101216 bytes,    6008520 total
[2026-01-26T06:54:32.951+0000][66][trace][gc,age      ] GC(307) - age   8:     113832 bytes,    6122352 total
[2026-01-26T06:54:32.951+0000][66][trace][gc,age      ] GC(307) - age   9:     237688 bytes,    6360040 total
[2026-01-26T06:54:32.952+0000][66][trace][gc,age      ] GC(307) - age  10:       2392 bytes,    6362432 total
[2026-01-26T06:54:32.952+0000][66][trace][gc,age      ] GC(307) - age  11:     109808 bytes,    6472240 total
[2026-01-26T06:54:32.952+0000][66][trace][gc,age      ] GC(307) - age  12:       1136 bytes,    6473376 total
[2026-01-26T06:54:32.953+0000][66][trace][gc,age      ] GC(307) - age  14:      91264 bytes,    6564640 total
[2026-01-26T06:54:32.953+0000][66][trace][gc,age      ] GC(307) - age  15:        920 bytes,    6565560 total
[2026-01-26T06:54:32.953+0000][66][info ][gc,heap     ] GC(307) Eden regions: 150->0(151)
[2026-01-26T06:54:32.954+0000][66][info ][gc,heap     ] GC(307) Survivor regions: 3->2(20)
[2026-01-26T06:54:32.954+0000][66][info ][gc,heap     ] GC(307) Old regions: 72->72
[2026-01-26T06:54:32.955+0000][66][info ][gc,heap     ] GC(307) Humongous regions: 0->0
[2026-01-26T06:54:32.955+0000][66][info ][gc,metaspace] GC(307) Metaspace: 133220K(136704K)->133220K(136704K) NonClass: 115450K(117312K)->115450K(117312K) Class: 17770K(19392K)->17770K(19392K)
[2026-01-26T06:54:32.955+0000][66][info ][gc          ] GC(307) Pause Young (Normal) (G1 Evacuation Pause) 895M->291M(1024M) 18.635ms
[2026-01-26T06:54:32.956+0000][66][info ][gc,cpu      ] GC(307) User=0.01s Sys=0.01s Real=0.01s
[2026-01-26T06:54:32.956+0000][66][info ][safepoint   ] Safepoint "G1CollectForAllocation", Time since last: 3038499696 ns, Reaching safepoint: 19002 ns, Cleanup: 4500 ns, At safepoint: 19423391 ns, Total: 19446893 ns
[2026-01-26T06:54:34.960+0000][66][info ][safepoint   ] Safepoint "Cleanup", Time since last: 2004032615 ns, Reaching safepoint: 161212 ns, Cleanup: 14601 ns, At safepoint: 61704 ns, Total: 237517 ns
[2026-01-26T06:54:35.129+0000][66][info ][gc,start    ] GC(308) Pause Young (Normal) (G1 Evacuation Pause)
[2026-01-26T06:54:35.129+0000][66][info ][gc,task     ] GC(308) Using 6 workers of 6 for evacuation
[2026-01-26T06:54:35.130+0000][66][debug][gc,age      ] GC(308) Desired survivor size 41943040 bytes, new threshold 15 (max threshold 15)
[2026-01-26T06:54:35.138+0000][66][info ][gc,phases   ] GC(308)   Pre Evacuate Collection Set: 0.4ms
[2026-01-26T06:54:35.138+0000][66][info ][gc,phases   ] GC(308)   Merge Heap Roots: 0.2ms
[2026-01-26T06:54:35.139+0000][66][info ][gc,phases   ] GC(308)   Evacuate Collection Set: 5.8ms
[2026-01-26T06:54:35.139+0000][66][info ][gc,phases   ] GC(308)   Post Evacuate Collection Set: 1.4ms
[2026-01-26T06:54:35.139+0000][66][info ][gc,phases   ] GC(308)   Other: 0.9ms
[2026-01-26T06:54:35.140+0000][66][trace][gc,age      ] GC(308) Age table with threshold 15 (max threshold 15)
[2026-01-26T06:54:35.140+0000][66][trace][gc,age      ] GC(308) - age   1:    6703072 bytes,    6703072 total
[2026-01-26T06:54:35.140+0000][66][trace][gc,age      ] GC(308) - age   2:    3552856 bytes,   10255928 total
[2026-01-26T06:54:35.140+0000][66][trace][gc,age      ] GC(308) - age   3:     803304 bytes,   11059232 total
[2026-01-26T06:54:35.141+0000][66][trace][gc,age      ] GC(308) - age   4:       3432 bytes,   11062664 total
[2026-01-26T06:54:35.141+0000][66][trace][gc,age      ] GC(308) - age   5:      60600 bytes,   11123264 total
[2026-01-26T06:54:35.141+0000][66][trace][gc,age      ] GC(308) - age   6:       8440 bytes,   11131704 total
[2026-01-26T06:54:35.141+0000][66][trace][gc,age      ] GC(308) - age   7:      84688 bytes,   11216392 total
[2026-01-26T06:54:35.142+0000][66][trace][gc,age      ] GC(308) - age   8:     101216 bytes,   11317608 total
[2026-01-26T06:54:35.142+0000][66][trace][gc,age      ] GC(308) - age   9:     113832 bytes,   11431440 total
[2026-01-26T06:54:35.142+0000][66][trace][gc,age      ] GC(308) - age  10:     237688 bytes,   11669128 total
[2026-01-26T06:54:35.142+0000][66][trace][gc,age      ] GC(308) - age  11:       2360 bytes,   11671488 total
[2026-01-26T06:54:35.143+0000][66][trace][gc,age      ] GC(308) - age  12:     109808 bytes,   11781296 total
[2026-01-26T06:54:35.143+0000][66][trace][gc,age      ] GC(308) - age  13:       1136 bytes,   11782432 total
[2026-01-26T06:54:35.143+0000][66][trace][gc,age      ] GC(308) - age  15:      91264 bytes,   11873696 total
[2026-01-26T06:54:35.143+0000][66][info ][gc,heap     ] GC(308) Eden regions: 151->0(150)
[2026-01-26T06:54:35.144+0000][66][info ][gc,heap     ] GC(308) Survivor regions: 2->3(20)
[2026-01-26T06:54:35.144+0000][66][info ][gc,heap     ] GC(308) Old regions: 72->72
[2026-01-26T06:54:35.144+0000][66][info ][gc,heap     ] GC(308) Humongous regions: 0->0
[2026-01-26T06:54:35.144+0000][66][info ][gc,metaspace] GC(308) Metaspace: 133220K(136704K)->133220K(136704K) NonClass: 115450K(117312K)->115450K(117312K) Class: 17770K(19392K)->17770K(19392K)
[2026-01-26T06:54:35.145+0000][66][info ][gc          ] GC(308) Pause Young (Normal) (G1 Evacuation Pause) 895M->296M(1024M) 15.730ms
[2026-01-26T06:54:35.145+0000][66][info ][gc,cpu      ] GC(308) User=0.03s Sys=0.00s Real=0.01s
[2026-01-26T06:54:35.145+0000][66][info ][safepoint   ] Safepoint "G1CollectForAllocation", Time since last: 168397960 ns, Reaching safepoint: 150511 ns, Cleanup: 5900 ns, At safepoint: 16441778 ns, Total: 16598189 ns
[2026-01-26T06:54:36.698+0000][66][info ][safepoint   ] Safepoint "Cleanup", Time since last: 1552441791 ns, Reaching safepoint: 7400 ns, Cleanup: 7501 ns, At safepoint: 3400 ns, Total: 18301 ns
[2026-01-26T06:54:37.821+0000][66][info ][safepoint   ] Safepoint "Cleanup", Time since last: 1122602237 ns, Reaching safepoint: 20001 ns, Cleanup: 12901 ns, At safepoint: 50204 ns, Total: 83106 ns
[2026-01-26T06:54:37.836+0000][66][info ][gc,start    ] GC(309) Pause Young (Normal) (G1 Evacuation Pause)
[2026-01-26T06:54:37.836+0000][66][info ][gc,task     ] GC(309) Using 6 workers of 6 for evacuation
[2026-01-26T06:54:37.837+0000][66][debug][gc,age      ] GC(309) Desired survivor size 41943040 bytes, new threshold 15 (max threshold 15)
[2026-01-26T06:54:37.844+0000][66][info ][gc,phases   ] GC(309)   Pre Evacuate Collection Set: 0.4ms
[2026-01-26T06:54:37.844+0000][66][info ][gc,phases   ] GC(309)   Merge Heap Roots: 0.2ms
[2026-01-26T06:54:37.845+0000][66][info ][gc,phases   ] GC(309)   Evacuate Collection Set: 5.0ms
[2026-01-26T06:54:37.845+0000][66][info ][gc,phases   ] GC(309)   Post Evacuate Collection Set: 1.1ms
[2026-01-26T06:54:37.846+0000][66][info ][gc,phases   ] GC(309)   Other: 0.9ms
[2026-01-26T06:54:37.846+0000][66][trace][gc,age      ] GC(309) Age table with threshold 15 (max threshold 15)
[2026-01-26T06:54:37.846+0000][66][trace][gc,age      ] GC(309) - age   1:    5666752 bytes,    5666752 total
[2026-01-26T06:54:37.847+0000][66][trace][gc,age      ] GC(309) - age   2:      69120 bytes,    5735872 total
[2026-01-26T06:54:37.847+0000][66][trace][gc,age      ] GC(309) - age   3:    1060672 bytes,    6796544 total
[2026-01-26T06:54:37.848+0000][66][trace][gc,age      ] GC(309) - age   4:     633712 bytes,    7430256 total
[2026-01-26T06:54:37.848+0000][66][trace][gc,age      ] GC(309) - age   5:       3152 bytes,    7433408 total
[2026-01-26T06:54:37.848+0000][66][trace][gc,age      ] GC(309) - age   6:      59552 bytes,    7492960 total
[2026-01-26T06:54:37.849+0000][66][trace][gc,age      ] GC(309) - age   7:       5184 bytes,    7498144 total
[2026-01-26T06:54:37.849+0000][66][trace][gc,age      ] GC(309) - age   8:      84688 bytes,    7582832 total
[2026-01-26T06:54:37.849+0000][66][trace][gc,age      ] GC(309) - age   9:     101216 bytes,    7684048 total
[2026-01-26T06:54:37.850+0000][66][trace][gc,age      ] GC(309) - age  10:     113832 bytes,    7797880 total
[2026-01-26T06:54:37.850+0000][66][trace][gc,age      ] GC(309) - age  11:     237448 bytes,    8035328 total
[2026-01-26T06:54:37.850+0000][66][trace][gc,age      ] GC(309) - age  12:       2360 bytes,    8037688 total
[2026-01-26T06:54:37.851+0000][66][trace][gc,age      ] GC(309) - age  13:     109808 bytes,    8147496 total
[2026-01-26T06:54:37.851+0000][66][trace][gc,age      ] GC(309) - age  14:       1136 bytes,    8148632 total
[2026-01-26T06:54:37.851+0000][66][info ][gc,heap     ] GC(309) Eden regions: 150->0(150)
[2026-01-26T06:54:37.852+0000][66][info ][gc,heap     ] GC(309) Survivor regions: 3->3(20)
[2026-01-26T06:54:37.852+0000][66][info ][gc,heap     ] GC(309) Old regions: 72->72
[2026-01-26T06:54:37.852+0000][66][info ][gc,heap     ] GC(309) Humongous regions: 0->0
[2026-01-26T06:54:37.853+0000][66][info ][gc,metaspace] GC(309) Metaspace: 133235K(136704K)->133235K(136704K) NonClass: 115464K(117312K)->115464K(117312K) Class: 17770K(19392K)->17770K(19392K)
[2026-01-26T06:54:37.853+0000][66][info ][gc          ] GC(309) Pause Young (Normal) (G1 Evacuation Pause) 896M->293M(1024M) 17.496ms
[2026-01-26T06:54:37.854+0000][66][info ][gc,cpu      ] GC(309) User=0.02s Sys=0.00s Real=0.02s
[2026-01-26T06:54:37.854+0000][66][info ][safepoint   ] Safepoint "G1CollectForAllocation", Time since last: 15015893 ns, Reaching safepoint: 17702 ns, Cleanup: 4300 ns, At safepoint: 18298432 ns, Total: 18320434 ns
[2026-01-26T06:54:39.157+0000][66][info ][safepoint   ] Safepoint "Cleanup", Time since last: 1303447304 ns, Reaching safepoint: 19902 ns, Cleanup: 13101 ns, At safepoint: 4100 ns, Total: 37103 ns
[2026-01-26T06:54:41.159+0000][66][info ][safepoint   ] Safepoint "Cleanup", Time since last: 2000873284 ns, Reaching safepoint: 140310 ns, Cleanup: 16602 ns, At safepoint: 45003 ns, Total: 201915 ns
[2026-01-26T06:54:43.017+0000][66][info ][safepoint   ] Safepoint "Cleanup", Time since last: 1858510118 ns, Reaching safepoint: 7401 ns, Cleanup: 8400 ns, At safepoint: 2701 ns, Total: 18502 ns
[2026-01-26T06:54:44.018+0000][66][info ][safepoint   ] Safepoint "Cleanup", Time since last: 1000522548 ns, Reaching safepoint: 162912 ns, Cleanup: 17201 ns, At safepoint: 97907 ns, Total: 278020 ns
[2026-01-26T06:54:45.605+0000][66][info ][gc,start    ] GC(310) Pause Young (Normal) (G1 Evacuation Pause)
[2026-01-26T06:54:45.606+0000][66][info ][gc,task     ] GC(310) Using 6 workers of 6 for evacuation
[2026-01-26T06:54:45.606+0000][66][debug][gc,age      ] GC(310) Desired survivor size 41943040 bytes, new threshold 15 (max threshold 15)
[2026-01-26T06:54:45.616+0000][66][info ][gc,phases   ] GC(310)   Pre Evacuate Collection Set: 0.3ms
[2026-01-26T06:54:45.616+0000][66][info ][gc,phases   ] GC(310)   Merge Heap Roots: 0.2ms
[2026-01-26T06:54:45.616+0000][66][info ][gc,phases   ] GC(310)   Evacuate Collection Set: 7.5ms
[2026-01-26T06:54:45.617+0000][66][info ][gc,phases   ] GC(310)   Post Evacuate Collection Set: 1.1ms
[2026-01-26T06:54:45.617+0000][66][info ][gc,phases   ] GC(310)   Other: 0.7ms
[2026-01-26T06:54:45.618+0000][66][trace][gc,age      ] GC(310) Age table with threshold 15 (max threshold 15)
[2026-01-26T06:54:45.618+0000][66][trace][gc,age      ] GC(310) - age   1:   14181768 bytes,   14181768 total
[2026-01-26T06:54:45.619+0000][66][trace][gc,age      ] GC(310) - age   2:    3418368 bytes,   17600136 total
[2026-01-26T06:54:45.619+0000][66][trace][gc,age      ] GC(310) - age   3:         96 bytes,   17600232 total
[2026-01-26T06:54:45.619+0000][66][trace][gc,age      ] GC(310) - age   4:     969880 bytes,   18570112 total
[2026-01-26T06:54:45.620+0000][66][trace][gc,age      ] GC(310) - age   5:     633576 bytes,   19203688 total
[2026-01-26T06:54:45.620+0000][66][trace][gc,age      ] GC(310) - age   6:       2872 bytes,   19206560 total
[2026-01-26T06:54:45.620+0000][66][trace][gc,age      ] GC(310) - age   7:      58440 bytes,   19265000 total
[2026-01-26T06:54:45.621+0000][66][trace][gc,age      ] GC(310) - age   8:       5184 bytes,   19270184 total
[2026-01-26T06:54:45.621+0000][66][trace][gc,age      ] GC(310) - age   9:      84688 bytes,   19354872 total
[2026-01-26T06:54:45.621+0000][66][trace][gc,age      ] GC(310) - age  10:     101216 bytes,   19456088 total
[2026-01-26T06:54:45.622+0000][66][trace][gc,age      ] GC(310) - age  11:     113832 bytes,   19569920 total
[2026-01-26T06:54:45.622+0000][66][trace][gc,age      ] GC(310) - age  12:     237448 bytes,   19807368 total
[2026-01-26T06:54:45.622+0000][66][trace][gc,age      ] GC(310) - age  13:       2360 bytes,   19809728 total
[2026-01-26T06:54:45.622+0000][66][trace][gc,age      ] GC(310) - age  14:     109808 bytes,   19919536 total
[2026-01-26T06:54:45.623+0000][66][trace][gc,age      ] GC(310) - age  15:       1136 bytes,   19920672 total
[2026-01-26T06:54:45.623+0000][66][info ][gc,heap     ] GC(310) Eden regions: 150->0(147)
[2026-01-26T06:54:45.623+0000][66][info ][gc,heap     ] GC(310) Survivor regions: 3->5(20)
[2026-01-26T06:54:45.624+0000][66][info ][gc,heap     ] GC(310) Old regions: 72->72
[2026-01-26T06:54:45.624+0000][66][info ][gc,heap     ] GC(310) Humongous regions: 0->0
[2026-01-26T06:54:45.624+0000][66][info ][gc,metaspace] GC(310) Metaspace: 133235K(136704K)->133235K(136704K) NonClass: 115464K(117312K)->115464K(117312K) Class: 17770K(19392K)->17770K(19392K)
[2026-01-26T06:54:45.624+0000][66][info ][gc          ] GC(310) Pause Young (Normal) (G1 Evacuation Pause) 893M->304M(1024M) 19.197ms
[2026-01-26T06:54:45.625+0000][66][info ][gc,cpu      ] GC(310) User=0.04s Sys=0.00s Real=0.02s
[2026-01-26T06:54:45.625+0000][66][info ][safepoint   ] Safepoint "G1CollectForAllocation", Time since last: 1587354449 ns, Reaching safepoint: 18102 ns, Cleanup: 4400 ns, At safepoint: 20003378 ns, Total: 20025880 ns
[2026-01-26T06:54:46.994+0000][66][info ][safepoint   ] Safepoint "Cleanup", Time since last: 1368316279 ns, Reaching safepoint: 176814 ns, Cleanup: 17901 ns, At safepoint: 91807 ns, Total: 286522 ns
[2026-01-26T06:54:50.985+0000][66][info ][gc,start    ] GC(311) Pause Young (Normal) (G1 Evacuation Pause)
[2026-01-26T06:54:50.986+0000][66][info ][gc,task     ] GC(311) Using 6 workers of 6 for evacuation
[2026-01-26T06:54:50.986+0000][66][debug][gc,age      ] GC(311) Desired survivor size 39845888 bytes, new threshold 15 (max threshold 15)
[2026-01-26T06:54:50.993+0000][66][info ][gc,phases   ] GC(311)   Pre Evacuate Collection Set: 0.4ms
[2026-01-26T06:54:50.994+0000][66][info ][gc,phases   ] GC(311)   Merge Heap Roots: 0.2ms
[2026-01-26T06:54:50.994+0000][66][info ][gc,phases   ] GC(311)   Evacuate Collection Set: 4.9ms
[2026-01-26T06:54:50.995+0000][66][info ][gc,phases   ] GC(311)   Post Evacuate Collection Set: 1.2ms
[2026-01-26T06:54:50.995+0000][66][info ][gc,phases   ] GC(311)   Other: 1.0ms
[2026-01-26T06:54:50.995+0000][66][trace][gc,age      ] GC(311) Age table with threshold 15 (max threshold 15)
[2026-01-26T06:54:50.996+0000][66][trace][gc,age      ] GC(311) - age   1:   10231224 bytes,   10231224 total
[2026-01-26T06:54:50.996+0000][66][trace][gc,age      ] GC(311) - age   2:       2232 bytes,   10233456 total
[2026-01-26T06:54:50.996+0000][66][trace][gc,age      ] GC(311) - age   3:      64848 bytes,   10298304 total
[2026-01-26T06:54:50.997+0000][66][trace][gc,age      ] GC(311) - age   4:         96 bytes,   10298400 total
[2026-01-26T06:54:50.997+0000][66][trace][gc,age      ] GC(311) - age   5:     463320 bytes,   10761720 total
[2026-01-26T06:54:50.998+0000][66][trace][gc,age      ] GC(311) - age   6:     268008 bytes,   11029728 total
[2026-01-26T06:54:50.998+0000][66][trace][gc,age      ] GC(311) - age   7:       2304 bytes,   11032032 total
[2026-01-26T06:54:50.998+0000][66][trace][gc,age      ] GC(311) - age   8:       1720 bytes,   11033752 total
[2026-01-26T06:54:50.999+0000][66][trace][gc,age      ] GC(311) - age   9:       5184 bytes,   11038936 total
[2026-01-26T06:54:50.999+0000][66][trace][gc,age      ] GC(311) - age  10:      23768 bytes,   11062704 total
[2026-01-26T06:54:50.999+0000][66][trace][gc,age      ] GC(311) - age  11:      44488 bytes,   11107192 total
[2026-01-26T06:54:51.000+0000][66][trace][gc,age      ] GC(311) - age  12:     113832 bytes,   11221024 total
[2026-01-26T06:54:51.000+0000][66][trace][gc,age      ] GC(311) - age  13:     174704 bytes,   11395728 total
[2026-01-26T06:54:51.000+0000][66][trace][gc,age      ] GC(311) - age  14:       2360 bytes,   11398088 total
[2026-01-26T06:54:51.001+0000][66][trace][gc,age      ] GC(311) - age  15:     109808 bytes,   11507896 total
[2026-01-26T06:54:51.001+0000][66][info ][gc,heap     ] GC(311) Eden regions: 147->0(150)
[2026-01-26T06:54:51.001+0000][66][info ][gc,heap     ] GC(311) Survivor regions: 5->3(19)
[2026-01-26T06:54:51.002+0000][66][info ][gc,heap     ] GC(311) Old regions: 72->72
[2026-01-26T06:54:51.002+0000][66][info ][gc,heap     ] GC(311) Humongous regions: 0->0
[2026-01-26T06:54:51.002+0000][66][info ][gc,metaspace] GC(311) Metaspace: 133238K(136704K)->133238K(136704K) NonClass: 115467K(117312K)->115467K(117312K) Class: 17770K(19392K)->17770K(19392K)
[2026-01-26T06:54:51.003+0000][66][info ][gc          ] GC(311) Pause Young (Normal) (G1 Evacuation Pause) 892M->296M(1024M) 17.351ms
[2026-01-26T06:54:51.003+0000][66][info ][gc,cpu      ] GC(311) User=0.01s Sys=0.01s Real=0.02s
[2026-01-26T06:54:51.003+0000][66][info ][safepoint   ] Safepoint "G1CollectForAllocation", Time since last: 3991335946 ns, Reaching safepoint: 18401 ns, Cleanup: 4101 ns, At safepoint: 18079935 ns, Total: 18102437 ns
[2026-01-26T06:54:57.201+0000][66][info ][gc,start    ] GC(312) Pause Young (Normal) (G1 Evacuation Pause)
[2026-01-26T06:54:57.201+0000][66][info ][gc,task     ] GC(312) Using 6 workers of 6 for evacuation
[2026-01-26T06:54:57.202+0000][66][debug][gc,age      ] GC(312) Desired survivor size 41943040 bytes, new threshold 15 (max threshold 15)
[2026-01-26T06:54:57.214+0000][66][info ][gc,phases   ] GC(312)   Pre Evacuate Collection Set: 0.5ms
[2026-01-26T06:54:57.214+0000][66][info ][gc,phases   ] GC(312)   Merge Heap Roots: 0.3ms
[2026-01-26T06:54:57.215+0000][66][info ][gc,phases   ] GC(312)   Evacuate Collection Set: 9.3ms
[2026-01-26T06:54:57.215+0000][66][info ][gc,phases   ] GC(312)   Post Evacuate Collection Set: 1.5ms
[2026-01-26T06:54:57.216+0000][66][info ][gc,phases   ] GC(312)   Other: 1.1ms
[2026-01-26T06:54:57.216+0000][66][trace][gc,age      ] GC(312) Age table with threshold 15 (max threshold 15)
[2026-01-26T06:54:57.216+0000][66][trace][gc,age      ] GC(312) - age   1:   16060848 bytes,   16060848 total
[2026-01-26T06:54:57.217+0000][66][trace][gc,age      ] GC(312) - age   2:    6397584 bytes,   22458432 total
[2026-01-26T06:54:57.217+0000][66][trace][gc,age      ] GC(312) - age   3:       1320 bytes,   22459752 total
[2026-01-26T06:54:57.218+0000][66][trace][gc,age      ] GC(312) - age   4:      64848 bytes,   22524600 total
[2026-01-26T06:54:57.218+0000][66][trace][gc,age      ] GC(312) - age   5:         96 bytes,   22524696 total
[2026-01-26T06:54:57.218+0000][66][trace][gc,age      ] GC(312) - age   6:     463320 bytes,   22988016 total
[2026-01-26T06:54:57.219+0000][66][trace][gc,age      ] GC(312) - age   7:     268008 bytes,   23256024 total
[2026-01-26T06:54:57.219+0000][66][trace][gc,age      ] GC(312) - age   8:       2304 bytes,   23258328 total
[2026-01-26T06:54:57.220+0000][66][trace][gc,age      ] GC(312) - age   9:       1720 bytes,   23260048 total
[2026-01-26T06:54:57.220+0000][66][trace][gc,age      ] GC(312) - age  10:       5184 bytes,   23265232 total
[2026-01-26T06:54:57.220+0000][66][trace][gc,age      ] GC(312) - age  11:      23768 bytes,   23289000 total
[2026-01-26T06:54:57.221+0000][66][trace][gc,age      ] GC(312) - age  12:      44488 bytes,   23333488 total
[2026-01-26T06:54:57.221+0000][66][trace][gc,age      ] GC(312) - age  13:     113832 bytes,   23447320 total
[2026-01-26T06:54:57.221+0000][66][trace][gc,age      ] GC(312) - age  14:     174704 bytes,   23622024 total
[2026-01-26T06:54:57.222+0000][66][trace][gc,age      ] GC(312) - age  15:       2360 bytes,   23624384 total
[2026-01-26T06:54:57.222+0000][66][info ][gc,heap     ] GC(312) Eden regions: 150->0(145)
[2026-01-26T06:54:57.222+0000][66][info ][gc,heap     ] GC(312) Survivor regions: 3->6(20)
[2026-01-26T06:54:57.223+0000][66][info ][gc,heap     ] GC(312) Old regions: 72->72
[2026-01-26T06:54:57.223+0000][66][info ][gc,heap     ] GC(312) Humongous regions: 0->0
[2026-01-26T06:54:57.223+0000][66][info ][gc,metaspace] GC(312) Metaspace: 133238K(136704K)->133238K(136704K) NonClass: 115467K(117312K)->115467K(117312K) Class: 17770K(19392K)->17770K(19392K)
[2026-01-26T06:54:57.224+0000][66][info ][gc          ] GC(312) Pause Young (Normal) (G1 Evacuation Pause) 896M->308M(1024M) 23.269ms
[2026-01-26T06:54:57.224+0000][66][info ][gc,cpu      ] GC(312) User=0.03s Sys=0.01s Real=0.02s
[2026-01-26T06:54:57.225+0000][66][info ][safepoint   ] Safepoint "G1CollectForAllocation", Time since last: 6197218607 ns, Reaching safepoint: 57704 ns, Cleanup: 5701 ns, At safepoint: 24287694 ns, Total: 24351099 ns
[2026-01-26T06:54:59.226+0000][66][info ][safepoint   ] Safepoint "Cleanup", Time since last: 2001058864 ns, Reaching safepoint: 7700 ns, Cleanup: 9301 ns, At safepoint: 3300 ns, Total: 20301 ns
[2026-01-26T06:55:00.259+0000][66][info ][safepoint   ] Safepoint "Cleanup", Time since last: 1032893133 ns, Reaching safepoint: 143910 ns, Cleanup: 15501 ns, At safepoint: 111608 ns, Total: 271019 ns
[2026-01-26T06:55:01.316+0000][66][info ][safepoint   ] Safepoint "Cleanup", Time since last: 1057163422 ns, Reaching safepoint: 120609 ns, Cleanup: 26502 ns, At safepoint: 67405 ns, Total: 214516 ns
[2026-01-26T06:55:03.173+0000][66][info ][gc,start    ] GC(313) Pause Young (Normal) (G1 Evacuation Pause)
[2026-01-26T06:55:03.174+0000][66][info ][gc,task     ] GC(313) Using 6 workers of 6 for evacuation
[2026-01-26T06:55:03.174+0000][66][debug][gc,age      ] GC(313) Desired survivor size 39845888 bytes, new threshold 15 (max threshold 15)
[2026-01-26T06:55:03.181+0000][66][info ][gc,phases   ] GC(313)   Pre Evacuate Collection Set: 0.4ms
[2026-01-26T06:55:03.181+0000][66][info ][gc,phases   ] GC(313)   Merge Heap Roots: 0.2ms
[2026-01-26T06:55:03.182+0000][66][info ][gc,phases   ] GC(313)   Evacuate Collection Set: 4.6ms
[2026-01-26T06:55:03.182+0000][66][info ][gc,phases   ] GC(313)   Post Evacuate Collection Set: 1.2ms
[2026-01-26T06:55:03.183+0000][66][info ][gc,phases   ] GC(313)   Other: 0.8ms
[2026-01-26T06:55:03.183+0000][66][trace][gc,age      ] GC(313) Age table with threshold 15 (max threshold 15)
[2026-01-26T06:55:03.183+0000][66][trace][gc,age      ] GC(313) - age   1:    9341168 bytes,    9341168 total
[2026-01-26T06:55:03.184+0000][66][trace][gc,age      ] GC(313) - age   2:        176 bytes,    9341344 total
[2026-01-26T06:55:03.184+0000][66][trace][gc,age      ] GC(313) - age   3:     211264 bytes,    9552608 total
[2026-01-26T06:55:03.184+0000][66][trace][gc,age      ] GC(313) - age   4:       1224 bytes,    9553832 total
[2026-01-26T06:55:03.184+0000][66][trace][gc,age      ] GC(313) - age   5:      62496 bytes,    9616328 total
[2026-01-26T06:55:03.185+0000][66][trace][gc,age      ] GC(313) - age   6:         96 bytes,    9616424 total
[2026-01-26T06:55:03.185+0000][66][trace][gc,age      ] GC(313) - age   7:     461664 bytes,   10078088 total
[2026-01-26T06:55:03.185+0000][66][trace][gc,age      ] GC(313) - age   8:      11704 bytes,   10089792 total
[2026-01-26T06:55:03.186+0000][66][trace][gc,age      ] GC(313) - age   9:       2304 bytes,   10092096 total
[2026-01-26T06:55:03.186+0000][66][trace][gc,age      ] GC(313) - age  10:       1720 bytes,   10093816 total
[2026-01-26T06:55:03.186+0000][66][trace][gc,age      ] GC(313) - age  11:       5152 bytes,   10098968 total
[2026-01-26T06:55:03.186+0000][66][trace][gc,age      ] GC(313) - age  12:       1400 bytes,   10100368 total
[2026-01-26T06:55:03.187+0000][66][trace][gc,age      ] GC(313) - age  13:       1896 bytes,   10102264 total
[2026-01-26T06:55:03.187+0000][66][trace][gc,age      ] GC(313) - age  14:     113832 bytes,   10216096 total
[2026-01-26T06:55:03.187+0000][66][trace][gc,age      ] GC(313) - age  15:     174704 bytes,   10390800 total
[2026-01-26T06:55:03.187+0000][66][info ][gc,heap     ] GC(313) Eden regions: 145->0(150)
[2026-01-26T06:55:03.188+0000][66][info ][gc,heap     ] GC(313) Survivor regions: 6->3(19)
[2026-01-26T06:55:03.188+0000][66][info ][gc,heap     ] GC(313) Old regions: 72->72
[2026-01-26T06:55:03.188+0000][66][info ][gc,heap     ] GC(313) Humongous regions: 0->0
[2026-01-26T06:55:03.188+0000][66][info ][gc,metaspace] GC(313) Metaspace: 133242K(136704K)->133242K(136704K) NonClass: 115472K(117312K)->115472K(117312K) Class: 17770K(19392K)->17770K(19392K)
[2026-01-26T06:55:03.188+0000][66][info ][gc          ] GC(313) Pause Young (Normal) (G1 Evacuation Pause) 888M->296M(1024M) 15.082ms
[2026-01-26T06:55:03.189+0000][66][info ][gc,cpu      ] GC(313) User=0.02s Sys=0.00s Real=0.02s
[2026-01-26T06:55:03.189+0000][66][info ][safepoint   ] Safepoint "G1CollectForAllocation", Time since last: 1859022560 ns, Reaching safepoint: 16001 ns, Cleanup: 4400 ns, At safepoint: 15637626 ns, Total: 15658027 ns
[2026-01-26T06:55:09.337+0000][66][info ][gc,start    ] GC(314) Pause Young (Normal) (G1 Evacuation Pause)
[2026-01-26T06:55:09.337+0000][66][info ][gc,task     ] GC(314) Using 6 workers of 6 for evacuation
[2026-01-26T06:55:09.338+0000][66][debug][gc,age      ] GC(314) Desired survivor size 41943040 bytes, new threshold 15 (max threshold 15)
[2026-01-26T06:55:09.349+0000][66][info ][gc,phases   ] GC(314)   Pre Evacuate Collection Set: 0.4ms
[2026-01-26T06:55:09.349+0000][66][info ][gc,phases   ] GC(314)   Merge Heap Roots: 0.3ms
[2026-01-26T06:55:09.350+0000][66][info ][gc,phases   ] GC(314)   Evacuate Collection Set: 8.3ms
[2026-01-26T06:55:09.350+0000][66][info ][gc,phases   ] GC(314)   Post Evacuate Collection Set: 1.4ms
[2026-01-26T06:55:09.351+0000][66][info ][gc,phases   ] GC(314)   Other: 1.2ms
[2026-01-26T06:55:09.351+0000][66][trace][gc,age      ] GC(314) Age table with threshold 15 (max threshold 15)
[2026-01-26T06:55:09.352+0000][66][trace][gc,age      ] GC(314) - age   1:   16904064 bytes,   16904064 total
[2026-01-26T06:55:09.352+0000][66][trace][gc,age      ] GC(314) - age   2:    5557192 bytes,   22461256 total
[2026-01-26T06:55:09.353+0000][66][trace][gc,age      ] GC(314) - age   4:     210984 bytes,   22672240 total
[2026-01-26T06:55:09.353+0000][66][trace][gc,age      ] GC(314) - age   5:       1224 bytes,   22673464 total
[2026-01-26T06:55:09.354+0000][66][trace][gc,age      ] GC(314) - age   6:      59328 bytes,   22732792 total
[2026-01-26T06:55:09.354+0000][66][trace][gc,age      ] GC(314) - age   7:         96 bytes,   22732888 total
[2026-01-26T06:55:09.354+0000][66][trace][gc,age      ] GC(314) - age   8:     461576 bytes,   23194464 total
[2026-01-26T06:55:09.355+0000][66][trace][gc,age      ] GC(314) - age   9:      11520 bytes,   23205984 total
[2026-01-26T06:55:09.355+0000][66][trace][gc,age      ] GC(314) - age  10:       2304 bytes,   23208288 total
[2026-01-26T06:55:09.355+0000][66][trace][gc,age      ] GC(314) - age  11:       1720 bytes,   23210008 total
[2026-01-26T06:55:09.356+0000][66][trace][gc,age      ] GC(314) - age  12:       5152 bytes,   23215160 total
[2026-01-26T06:55:09.356+0000][66][trace][gc,age      ] GC(314) - age  13:       1400 bytes,   23216560 total
[2026-01-26T06:55:09.356+0000][66][trace][gc,age      ] GC(314) - age  14:       1896 bytes,   23218456 total
[2026-01-26T06:55:09.357+0000][66][trace][gc,age      ] GC(314) - age  15:     113832 bytes,   23332288 total
[2026-01-26T06:55:09.357+0000][66][info ][gc,heap     ] GC(314) Eden regions: 150->0(145)
[2026-01-26T06:55:09.357+0000][66][info ][gc,heap     ] GC(314) Survivor regions: 3->6(20)
[2026-01-26T06:55:09.358+0000][66][info ][gc,heap     ] GC(314) Old regions: 72->72
[2026-01-26T06:55:09.358+0000][66][info ][gc,heap     ] GC(314) Humongous regions: 0->0
[2026-01-26T06:55:09.358+0000][66][info ][gc,metaspace] GC(314) Metaspace: 133242K(136704K)->133242K(136704K) NonClass: 115472K(117312K)->115472K(117312K) Class: 17770K(19392K)->17770K(19392K)
[2026-01-26T06:55:09.359+0000][66][info ][gc          ] GC(314) Pause Young (Normal) (G1 Evacuation Pause) 896M->309M(1024M) 22.169ms
[2026-01-26T06:55:09.359+0000][66][info ][gc,cpu      ] GC(314) User=0.04s Sys=0.01s Real=0.02s
[2026-01-26T06:55:09.359+0000][66][info ][safepoint   ] Safepoint "G1CollectForAllocation", Time since last: 6147328241 ns, Reaching safepoint: 144211 ns, Cleanup: 6201 ns, At safepoint: 22983363 ns, Total: 23133775 ns
[2026-01-26T06:55:14.386+0000][66][info ][gc,start    ] GC(315) Pause Young (Normal) (G1 Evacuation Pause)
[2026-01-26T06:55:14.386+0000][66][info ][gc,task     ] GC(315) Using 6 workers of 6 for evacuation
[2026-01-26T06:55:14.387+0000][66][debug][gc,age      ] GC(315) Desired survivor size 39845888 bytes, new threshold 15 (max threshold 15)
[2026-01-26T06:55:14.396+0000][66][info ][gc,phases   ] GC(315)   Pre Evacuate Collection Set: 0.4ms
[2026-01-26T06:55:14.396+0000][66][info ][gc,phases   ] GC(315)   Merge Heap Roots: 0.3ms
[2026-01-26T06:55:14.397+0000][66][info ][gc,phases   ] GC(315)   Evacuate Collection Set: 5.9ms
[2026-01-26T06:55:14.397+0000][66][info ][gc,phases   ] GC(315)   Post Evacuate Collection Set: 1.6ms
[2026-01-26T06:55:14.397+0000][66][info ][gc,phases   ] GC(315)   Other: 1.0ms
[2026-01-26T06:55:14.398+0000][66][trace][gc,age      ] GC(315) Age table with threshold 15 (max threshold 15)
[2026-01-26T06:55:14.398+0000][66][trace][gc,age      ] GC(315) - age   1:    8105960 bytes,    8105960 total
[2026-01-26T06:55:14.398+0000][66][trace][gc,age      ] GC(315) - age   2:       3808 bytes,    8109768 total
[2026-01-26T06:55:14.399+0000][66][trace][gc,age      ] GC(315) - age   3:     129424 bytes,    8239192 total
[2026-01-26T06:55:14.399+0000][66][trace][gc,age      ] GC(315) - age   5:     208592 bytes,    8447784 total
[2026-01-26T06:55:14.399+0000][66][trace][gc,age      ] GC(315) - age   6:        112 bytes,    8447896 total
[2026-01-26T06:55:14.400+0000][66][trace][gc,age      ] GC(315) - age   7:      59016 bytes,    8506912 total
[2026-01-26T06:55:14.400+0000][66][trace][gc,age      ] GC(315) - age   8:         96 bytes,    8507008 total
[2026-01-26T06:55:14.400+0000][66][trace][gc,age      ] GC(315) - age   9:     460976 bytes,    8967984 total
[2026-01-26T06:55:14.400+0000][66][trace][gc,age      ] GC(315) - age  10:       9784 bytes,    8977768 total
[2026-01-26T06:55:14.401+0000][66][trace][gc,age      ] GC(315) - age  11:       2304 bytes,    8980072 total
[2026-01-26T06:55:14.401+0000][66][trace][gc,age      ] GC(315) - age  12:       1544 bytes,    8981616 total
[2026-01-26T06:55:14.401+0000][66][trace][gc,age      ] GC(315) - age  13:       5152 bytes,    8986768 total
[2026-01-26T06:55:14.401+0000][66][trace][gc,age      ] GC(315) - age  14:       1400 bytes,    8988168 total
[2026-01-26T06:55:14.402+0000][66][trace][gc,age      ] GC(315) - age  15:       1896 bytes,    8990064 total
[2026-01-26T06:55:14.402+0000][66][info ][gc,heap     ] GC(315) Eden regions: 145->0(150)
[2026-01-26T06:55:14.402+0000][66][info ][gc,heap     ] GC(315) Survivor regions: 6->3(19)
[2026-01-26T06:55:14.402+0000][66][info ][gc,heap     ] GC(315) Old regions: 72->72
[2026-01-26T06:55:14.403+0000][66][info ][gc,heap     ] GC(315) Humongous regions: 0->0
[2026-01-26T06:55:14.403+0000][66][info ][gc,metaspace] GC(315) Metaspace: 133247K(136704K)->133247K(136704K) NonClass: 115476K(117312K)->115476K(117312K) Class: 17770K(19392K)->17770K(19392K)
[2026-01-26T06:55:14.403+0000][66][info ][gc          ] GC(315) Pause Young (Normal) (G1 Evacuation Pause) 889M->295M(1024M) 17.513ms
[2026-01-26T06:55:14.404+0000][66][info ][gc,cpu      ] GC(315) User=0.02s Sys=0.01s Real=0.01s
[2026-01-26T06:55:14.404+0000][66][info ][safepoint   ] Safepoint "G1CollectForAllocation", Time since last: 5026310702 ns, Reaching safepoint: 18602 ns, Cleanup: 55704 ns, At safepoint: 18270902 ns, Total: 18345208 ns
[2026-01-26T06:55:21.021+0000][66][info ][gc,start    ] GC(316) Pause Young (Normal) (G1 Evacuation Pause)
[2026-01-26T06:55:21.021+0000][66][info ][gc,task     ] GC(316) Using 6 workers of 6 for evacuation
[2026-01-26T06:55:21.022+0000][66][debug][gc,age      ] GC(316) Desired survivor size 41943040 bytes, new threshold 15 (max threshold 15)
[2026-01-26T06:55:21.030+0000][66][info ][gc,phases   ] GC(316)   Pre Evacuate Collection Set: 0.4ms
[2026-01-26T06:55:21.031+0000][66][info ][gc,phases   ] GC(316)   Merge Heap Roots: 0.2ms
[2026-01-26T06:55:21.031+0000][66][info ][gc,phases   ] GC(316)   Evacuate Collection Set: 6.3ms
[2026-01-26T06:55:21.032+0000][66][info ][gc,phases   ] GC(316)   Post Evacuate Collection Set: 1.0ms
[2026-01-26T06:55:21.032+0000][66][info ][gc,phases   ] GC(316)   Other: 1.0ms
[2026-01-26T06:55:21.032+0000][66][trace][gc,age      ] GC(316) Age table with threshold 15 (max threshold 15)
[2026-01-26T06:55:21.033+0000][66][trace][gc,age      ] GC(316) - age   1:   15280768 bytes,   15280768 total
[2026-01-26T06:55:21.033+0000][66][trace][gc,age      ] GC(316) - age   2:    4621456 bytes,   19902224 total
[2026-01-26T06:55:21.034+0000][66][trace][gc,age      ] GC(316) - age   3:       3600 bytes,   19905824 total
[2026-01-26T06:55:21.034+0000][66][trace][gc,age      ] GC(316) - age   4:     129424 bytes,   20035248 total
[2026-01-26T06:55:21.034+0000][66][trace][gc,age      ] GC(316) - age   6:     208024 bytes,   20243272 total
[2026-01-26T06:55:21.035+0000][66][trace][gc,age      ] GC(316) - age   7:        112 bytes,   20243384 total
[2026-01-26T06:55:21.035+0000][66][trace][gc,age      ] GC(316) - age   8:      59016 bytes,   20302400 total
[2026-01-26T06:55:21.035+0000][66][trace][gc,age      ] GC(316) - age   9:         96 bytes,   20302496 total
[2026-01-26T06:55:21.036+0000][66][trace][gc,age      ] GC(316) - age  10:     460976 bytes,   20763472 total
[2026-01-26T06:55:21.036+0000][66][trace][gc,age      ] GC(316) - age  11:       9784 bytes,   20773256 total
[2026-01-26T06:55:21.036+0000][66][trace][gc,age      ] GC(316) - age  12:       2304 bytes,   20775560 total
[2026-01-26T06:55:21.037+0000][66][trace][gc,age      ] GC(316) - age  13:       1544 bytes,   20777104 total
[2026-01-26T06:55:21.037+0000][66][trace][gc,age      ] GC(316) - age  14:       5152 bytes,   20782256 total
[2026-01-26T06:55:21.037+0000][66][trace][gc,age      ] GC(316) - age  15:       1400 bytes,   20783656 total
[2026-01-26T06:55:21.038+0000][66][info ][gc,heap     ] GC(316) Eden regions: 150->0(145)
[2026-01-26T06:55:21.038+0000][66][info ][gc,heap     ] GC(316) Survivor regions: 3->6(20)
[2026-01-26T06:55:21.038+0000][66][info ][gc,heap     ] GC(316) Old regions: 72->72
[2026-01-26T06:55:21.039+0000][66][info ][gc,heap     ] GC(316) Humongous regions: 0->0
[2026-01-26T06:55:21.039+0000][66][info ][gc,metaspace] GC(316) Metaspace: 133247K(136704K)->133247K(136704K) NonClass: 115476K(117312K)->115476K(117312K) Class: 17770K(19392K)->17770K(19392K)
[2026-01-26T06:55:21.039+0000][66][info ][gc          ] GC(316) Pause Young (Normal) (G1 Evacuation Pause) 895M->306M(1024M) 18.454ms
[2026-01-26T06:55:21.040+0000][66][info ][gc,cpu      ] GC(316) User=0.04s Sys=0.00s Real=0.02s
[2026-01-26T06:55:21.040+0000][66][info ][safepoint   ] Safepoint "G1CollectForAllocation", Time since last: 6616807369 ns, Reaching safepoint: 16801 ns, Cleanup: 4201 ns, At safepoint: 19289034 ns, Total: 19310036 ns
[2026-01-26T06:55:25.907+0000][66][info ][gc,start    ] GC(317) Pause Young (Normal) (G1 Evacuation Pause)
[2026-01-26T06:55:25.908+0000][66][info ][gc,task     ] GC(317) Using 6 workers of 6 for evacuation
[2026-01-26T06:55:25.908+0000][66][debug][gc,age      ] GC(317) Desired survivor size 39845888 bytes, new threshold 15 (max threshold 15)
[2026-01-26T06:55:25.914+0000][66][info ][gc,phases   ] GC(317)   Pre Evacuate Collection Set: 0.4ms
[2026-01-26T06:55:25.915+0000][66][info ][gc,phases   ] GC(317)   Merge Heap Roots: 0.1ms
[2026-01-26T06:55:25.915+0000][66][info ][gc,phases   ] GC(317)   Evacuate Collection Set: 4.0ms
[2026-01-26T06:55:25.916+0000][66][info ][gc,phases   ] GC(317)   Post Evacuate Collection Set: 1.1ms
[2026-01-26T06:55:25.916+0000][66][info ][gc,phases   ] GC(317)   Other: 0.9ms
[2026-01-26T06:55:25.916+0000][66][trace][gc,age      ] GC(317) Age table with threshold 15 (max threshold 15)
[2026-01-26T06:55:25.917+0000][66][trace][gc,age      ] GC(317) - age   1:    6631736 bytes,    6631736 total
[2026-01-26T06:55:25.917+0000][66][trace][gc,age      ] GC(317) - age   2:       1376 bytes,    6633112 total
[2026-01-26T06:55:25.917+0000][66][trace][gc,age      ] GC(317) - age   3:      65048 bytes,    6698160 total
[2026-01-26T06:55:25.918+0000][66][trace][gc,age      ] GC(317) - age   4:       3600 bytes,    6701760 total
[2026-01-26T06:55:25.918+0000][66][trace][gc,age      ] GC(317) - age   5:     127232 bytes,    6828992 total
[2026-01-26T06:55:25.918+0000][66][trace][gc,age      ] GC(317) - age   7:     208024 bytes,    7037016 total
[2026-01-26T06:55:25.919+0000][66][trace][gc,age      ] GC(317) - age   8:        112 bytes,    7037128 total
[2026-01-26T06:55:25.919+0000][66][trace][gc,age      ] GC(317) - age   9:      59016 bytes,    7096144 total
[2026-01-26T06:55:25.919+0000][66][trace][gc,age      ] GC(317) - age  10:         96 bytes,    7096240 total
[2026-01-26T06:55:25.919+0000][66][trace][gc,age      ] GC(317) - age  11:     460976 bytes,    7557216 total
[2026-01-26T06:55:25.920+0000][66][trace][gc,age      ] GC(317) - age  12:       8944 bytes,    7566160 total
[2026-01-26T06:55:25.920+0000][66][trace][gc,age      ] GC(317) - age  13:       2120 bytes,    7568280 total
[2026-01-26T06:55:25.920+0000][66][trace][gc,age      ] GC(317) - age  14:       1544 bytes,    7569824 total
[2026-01-26T06:55:25.921+0000][66][trace][gc,age      ] GC(317) - age  15:       5152 bytes,    7574976 total
[2026-01-26T06:55:25.921+0000][66][info ][gc,heap     ] GC(317) Eden regions: 145->0(150)
[2026-01-26T06:55:25.921+0000][66][info ][gc,heap     ] GC(317) Survivor regions: 6->3(19)
[2026-01-26T06:55:25.921+0000][66][info ][gc,heap     ] GC(317) Old regions: 72->72
[2026-01-26T06:55:25.922+0000][66][info ][gc,heap     ] GC(317) Humongous regions: 0->0
[2026-01-26T06:55:25.922+0000][66][info ][gc,metaspace] GC(317) Metaspace: 133247K(136704K)->133247K(136704K) NonClass: 115476K(117312K)->115476K(117312K) Class: 17770K(19392K)->17770K(19392K)
[2026-01-26T06:55:25.922+0000][66][info ][gc          ] GC(317) Pause Young (Normal) (G1 Evacuation Pause) 886M->294M(1024M) 14.915ms
[2026-01-26T06:55:25.922+0000][66][info ][gc,cpu      ] GC(317) User=0.01s Sys=0.02s Real=0.01s
[2026-01-26T06:55:25.923+0000][66][info ][safepoint   ] Safepoint "G1CollectForAllocation", Time since last: 4866932243 ns, Reaching safepoint: 16501 ns, Cleanup: 4500 ns, At safepoint: 15532550 ns, Total: 15553551 ns
[2026-01-26T06:55:30.951+0000][66][info ][safepoint   ] Safepoint "Cleanup", Time since last: 5027173864 ns, Reaching safepoint: 677351 ns, Cleanup: 9800 ns, At safepoint: 68505 ns, Total: 755656 ns
[2026-01-26T06:55:31.694+0000][66][info ][gc,start    ] GC(318) Pause Young (Normal) (G1 Evacuation Pause)
[2026-01-26T06:55:31.694+0000][66][info ][gc,task     ] GC(318) Using 6 workers of 6 for evacuation
[2026-01-26T06:55:31.695+0000][66][debug][gc,age      ] GC(318) Desired survivor size 41943040 bytes, new threshold 15 (max threshold 15)
[2026-01-26T06:55:31.704+0000][66][info ][gc,phases   ] GC(318)   Pre Evacuate Collection Set: 0.5ms
[2026-01-26T06:55:31.704+0000][66][info ][gc,phases   ] GC(318)   Merge Heap Roots: 0.2ms
[2026-01-26T06:55:31.705+0000][66][info ][gc,phases   ] GC(318)   Evacuate Collection Set: 6.5ms
[2026-01-26T06:55:31.705+0000][66][info ][gc,phases   ] GC(318)   Post Evacuate Collection Set: 1.2ms
[2026-01-26T06:55:31.705+0000][66][info ][gc,phases   ] GC(318)   Other: 0.8ms
[2026-01-26T06:55:31.706+0000][66][trace][gc,age      ] GC(318) Age table with threshold 15 (max threshold 15)
[2026-01-26T06:55:31.707+0000][66][trace][gc,age      ] GC(318) - age   1:    8707928 bytes,    8707928 total
[2026-01-26T06:55:31.707+0000][66][trace][gc,age      ] GC(318) - age   2:     762192 bytes,    9470120 total
[2026-01-26T06:55:31.708+0000][66][trace][gc,age      ] GC(318) - age   3:       1128 bytes,    9471248 total
[2026-01-26T06:55:31.711+0000][66][trace][gc,age      ] GC(318) - age   4:      63544 bytes,    9534792 total
[2026-01-26T06:55:31.712+0000][66][trace][gc,age      ] GC(318) - age   5:       3600 bytes,    9538392 total
[2026-01-26T06:55:31.712+0000][66][trace][gc,age      ] GC(318) - age   6:     125032 bytes,    9663424 total
[2026-01-26T06:55:31.713+0000][66][trace][gc,age      ] GC(318) - age   8:     208024 bytes,    9871448 total
[2026-01-26T06:55:31.714+0000][66][trace][gc,age      ] GC(318) - age   9:        112 bytes,    9871560 total
[2026-01-26T06:55:31.714+0000][66][trace][gc,age      ] GC(318) - age  10:      59016 bytes,    9930576 total
[2026-01-26T06:55:31.715+0000][66][trace][gc,age      ] GC(318) - age  11:         96 bytes,    9930672 total
[2026-01-26T06:55:31.715+0000][66][trace][gc,age      ] GC(318) - age  12:     449112 bytes,   10379784 total
[2026-01-26T06:55:31.716+0000][66][trace][gc,age      ] GC(318) - age  13:       6176 bytes,   10385960 total
[2026-01-26T06:55:31.716+0000][66][trace][gc,age      ] GC(318) - age  14:       2120 bytes,   10388080 total
[2026-01-26T06:55:31.716+0000][66][trace][gc,age      ] GC(318) - age  15:        976 bytes,   10389056 total
[2026-01-26T06:55:31.717+0000][66][info ][gc,heap     ] GC(318) Eden regions: 150->0(150)
[2026-01-26T06:55:31.717+0000][66][info ][gc,heap     ] GC(318) Survivor regions: 3->3(20)
[2026-01-26T06:55:31.717+0000][66][info ][gc,heap     ] GC(318) Old regions: 72->72
[2026-01-26T06:55:31.718+0000][66][info ][gc,heap     ] GC(318) Humongous regions: 0->0
[2026-01-26T06:55:31.718+0000][66][info ][gc,metaspace] GC(318) Metaspace: 133248K(136704K)->133248K(136704K) NonClass: 115477K(117312K)->115477K(117312K) Class: 17770K(19392K)->17770K(19392K)
[2026-01-26T06:55:31.719+0000][66][info ][gc          ] GC(318) Pause Young (Normal) (G1 Evacuation Pause) 894M->296M(1024M) 24.716ms
[2026-01-26T06:55:31.719+0000][66][info ][gc,cpu      ] GC(318) User=0.03s Sys=0.00s Real=0.02s
[2026-01-26T06:55:31.720+0000][66][info ][safepoint   ] Safepoint "G1CollectForAllocation", Time since last: 743035908 ns, Reaching safepoint: 150711 ns, Cleanup: 6900 ns, At safepoint: 25707603 ns, Total: 25865214 ns
[2026-01-26T06:55:32.911+0000][66][info ][safepoint   ] Safepoint "Cleanup", Time since last: 1194358227 ns, Reaching safepoint: 171410 ns, Cleanup: 16301 ns, At safepoint: 42402 ns, Total: 230113 ns
[2026-01-26T06:55:34.106+0000][66][info ][gc,start    ] GC(319) Pause Young (Normal) (G1 Evacuation Pause)
[2026-01-26T06:55:34.107+0000][66][info ][gc,task     ] GC(319) Using 6 workers of 6 for evacuation
[2026-01-26T06:55:34.107+0000][66][debug][gc,age      ] GC(319) Desired survivor size 41943040 bytes, new threshold 15 (max threshold 15)
[2026-01-26T06:55:34.114+0000][66][info ][gc,phases   ] GC(319)   Pre Evacuate Collection Set: 0.4ms
[2026-01-26T06:55:34.114+0000][66][info ][gc,phases   ] GC(319)   Merge Heap Roots: 0.1ms
[2026-01-26T06:55:34.114+0000][66][info ][gc,phases   ] GC(319)   Evacuate Collection Set: 4.4ms
[2026-01-26T06:55:34.115+0000][66][info ][gc,phases   ] GC(319)   Post Evacuate Collection Set: 1.0ms
[2026-01-26T06:55:34.115+0000][66][info ][gc,phases   ] GC(319)   Other: 0.9ms
[2026-01-26T06:55:34.116+0000][66][trace][gc,age      ] GC(319) Age table with threshold 15 (max threshold 15)
[2026-01-26T06:55:34.116+0000][66][trace][gc,age      ] GC(319) - age   1:    7217880 bytes,    7217880 total
[2026-01-26T06:55:34.116+0000][66][trace][gc,age      ] GC(319) - age   2:    2422712 bytes,    9640592 total
[2026-01-26T06:55:34.117+0000][66][trace][gc,age      ] GC(319) - age   3:     134080 bytes,    9774672 total
[2026-01-26T06:55:34.117+0000][66][trace][gc,age      ] GC(319) - age   4:       1128 bytes,    9775800 total
[2026-01-26T06:55:34.117+0000][66][trace][gc,age      ] GC(319) - age   5:      61544 bytes,    9837344 total
[2026-01-26T06:55:34.118+0000][66][trace][gc,age      ] GC(319) - age   6:       3200 bytes,    9840544 total
[2026-01-26T06:55:34.118+0000][66][trace][gc,age      ] GC(319) - age   7:     124480 bytes,    9965024 total
[2026-01-26T06:55:34.118+0000][66][trace][gc,age      ] GC(319) - age   9:     208024 bytes,   10173048 total
[2026-01-26T06:55:34.119+0000][66][trace][gc,age      ] GC(319) - age  10:        112 bytes,   10173160 total
[2026-01-26T06:55:34.119+0000][66][trace][gc,age      ] GC(319) - age  11:      58984 bytes,   10232144 total
[2026-01-26T06:55:34.119+0000][66][trace][gc,age      ] GC(319) - age  12:         64 bytes,   10232208 total
[2026-01-26T06:55:34.119+0000][66][trace][gc,age      ] GC(319) - age  13:     387216 bytes,   10619424 total
[2026-01-26T06:55:34.120+0000][66][trace][gc,age      ] GC(319) - age  14:       6144 bytes,   10625568 total
[2026-01-26T06:55:34.120+0000][66][trace][gc,age      ] GC(319) - age  15:       2120 bytes,   10627688 total
[2026-01-26T06:55:34.120+0000][66][info ][gc,heap     ] GC(319) Eden regions: 150->0(150)
[2026-01-26T06:55:34.121+0000][66][info ][gc,heap     ] GC(319) Survivor regions: 3->3(20)
[2026-01-26T06:55:34.121+0000][66][info ][gc,heap     ] GC(319) Old regions: 72->72
[2026-01-26T06:55:34.121+0000][66][info ][gc,heap     ] GC(319) Humongous regions: 0->0
[2026-01-26T06:55:34.122+0000][66][info ][gc,metaspace] GC(319) Metaspace: 133248K(136704K)->133248K(136704K) NonClass: 115477K(117312K)->115477K(117312K) Class: 17770K(19392K)->17770K(19392K)
[2026-01-26T06:55:34.122+0000][66][info ][gc          ] GC(319) Pause Young (Normal) (G1 Evacuation Pause) 896M->296M(1024M) 15.704ms
[2026-01-26T06:55:34.122+0000][66][info ][gc,cpu      ] GC(319) User=0.02s Sys=0.00s Real=0.01s
[2026-01-26T06:55:34.123+0000][66][info ][safepoint   ] Safepoint "G1CollectForAllocation", Time since last: 1194695013 ns, Reaching safepoint: 18401 ns, Cleanup: 4301 ns, At safepoint: 16369693 ns, Total: 16392395 ns
[2026-01-26T06:55:35.313+0000][66][info ][safepoint   ] Safepoint "Cleanup", Time since last: 1190714096 ns, Reaching safepoint: 132307 ns, Cleanup: 12801 ns, At safepoint: 42902 ns, Total: 188010 ns
[2026-01-26T06:55:40.509+0000][66][info ][gc,start    ] GC(320) Pause Young (Normal) (G1 Evacuation Pause)
[2026-01-26T06:55:40.509+0000][66][info ][gc,task     ] GC(320) Using 6 workers of 6 for evacuation
[2026-01-26T06:55:40.510+0000][66][debug][gc,age      ] GC(320) Desired survivor size 41943040 bytes, new threshold 15 (max threshold 15)
[2026-01-26T06:55:40.517+0000][66][info ][gc,phases   ] GC(320)   Pre Evacuate Collection Set: 0.4ms
[2026-01-26T06:55:40.517+0000][66][info ][gc,phases   ] GC(320)   Merge Heap Roots: 0.2ms
[2026-01-26T06:55:40.518+0000][66][info ][gc,phases   ] GC(320)   Evacuate Collection Set: 4.7ms
[2026-01-26T06:55:40.518+0000][66][info ][gc,phases   ] GC(320)   Post Evacuate Collection Set: 1.2ms
[2026-01-26T06:55:40.518+0000][66][info ][gc,phases   ] GC(320)   Other: 0.9ms
[2026-01-26T06:55:40.519+0000][66][trace][gc,age      ] GC(320) Age table with threshold 15 (max threshold 15)
[2026-01-26T06:55:40.519+0000][66][trace][gc,age      ] GC(320) - age   1:   10934664 bytes,   10934664 total
[2026-01-26T06:55:40.519+0000][66][trace][gc,age      ] GC(320) - age   2:     120928 bytes,   11055592 total
[2026-01-26T06:55:40.520+0000][66][trace][gc,age      ] GC(320) - age   3:     334072 bytes,   11389664 total
[2026-01-26T06:55:40.520+0000][66][trace][gc,age      ] GC(320) - age   4:      61552 bytes,   11451216 total
[2026-01-26T06:55:40.521+0000][66][trace][gc,age      ] GC(320) - age   5:        848 bytes,   11452064 total
[2026-01-26T06:55:40.521+0000][66][trace][gc,age      ] GC(320) - age   6:      61544 bytes,   11513608 total
[2026-01-26T06:55:40.521+0000][66][trace][gc,age      ] GC(320) - age   7:         32 bytes,   11513640 total
[2026-01-26T06:55:40.522+0000][66][trace][gc,age      ] GC(320) - age   8:     124392 bytes,   11638032 total
[2026-01-26T06:55:40.522+0000][66][trace][gc,age      ] GC(320) - age  10:     208008 bytes,   11846040 total
[2026-01-26T06:55:40.522+0000][66][trace][gc,age      ] GC(320) - age  11:        112 bytes,   11846152 total
[2026-01-26T06:55:40.523+0000][66][trace][gc,age      ] GC(320) - age  12:      58648 bytes,   11904800 total
[2026-01-26T06:55:40.523+0000][66][trace][gc,age      ] GC(320) - age  13:         64 bytes,   11904864 total
[2026-01-26T06:55:40.523+0000][66][trace][gc,age      ] GC(320) - age  14:     386368 bytes,   12291232 total
[2026-01-26T06:55:40.523+0000][66][trace][gc,age      ] GC(320) - age  15:       6144 bytes,   12297376 total
[2026-01-26T06:55:40.524+0000][66][info ][gc,heap     ] GC(320) Eden regions: 150->0(149)
[2026-01-26T06:55:40.524+0000][66][info ][gc,heap     ] GC(320) Survivor regions: 3->4(20)
[2026-01-26T06:55:40.524+0000][66][info ][gc,heap     ] GC(320) Old regions: 72->72
[2026-01-26T06:55:40.525+0000][66][info ][gc,heap     ] GC(320) Humongous regions: 0->0
[2026-01-26T06:55:40.525+0000][66][info ][gc,metaspace] GC(320) Metaspace: 133249K(136704K)->133249K(136704K) NonClass: 115479K(117312K)->115479K(117312K) Class: 17770K(19392K)->17770K(19392K)
[2026-01-26T06:55:40.525+0000][66][info ][gc          ] GC(320) Pause Young (Normal) (G1 Evacuation Pause) 896M->298M(1024M) 16.531ms
[2026-01-26T06:55:40.526+0000][66][info ][gc,cpu      ] GC(320) User=0.02s Sys=0.01s Real=0.02s
[2026-01-26T06:55:40.526+0000][66][info ][safepoint   ] Safepoint "G1CollectForAllocation", Time since last: 5195327988 ns, Reaching safepoint: 16902 ns, Cleanup: 4601 ns, At safepoint: 17336870 ns, Total: 17358373 ns
[2026-01-26T06:55:47.169+0000][66][info ][gc,start    ] GC(321) Pause Young (Normal) (G1 Evacuation Pause)
[2026-01-26T06:55:47.169+0000][66][info ][gc,task     ] GC(321) Using 6 workers of 6 for evacuation
[2026-01-26T06:55:47.170+0000][66][debug][gc,age      ] GC(321) Desired survivor size 41943040 bytes, new threshold 15 (max threshold 15)
[2026-01-26T06:55:47.184+0000][66][info ][gc,phases   ] GC(321)   Pre Evacuate Collection Set: 0.4ms
[2026-01-26T06:55:47.184+0000][66][info ][gc,phases   ] GC(321)   Merge Heap Roots: 0.1ms
[2026-01-26T06:55:47.185+0000][66][info ][gc,phases   ] GC(321)   Evacuate Collection Set: 10.6ms
[2026-01-26T06:55:47.185+0000][66][info ][gc,phases   ] GC(321)   Post Evacuate Collection Set: 1.6ms
[2026-01-26T06:55:47.185+0000][66][info ][gc,phases   ] GC(321)   Other: 2.2ms
[2026-01-26T06:55:47.186+0000][66][trace][gc,age      ] GC(321) Age table with threshold 15 (max threshold 15)
[2026-01-26T06:55:47.186+0000][66][trace][gc,age      ] GC(321) - age   1:   16225568 bytes,   16225568 total
[2026-01-26T06:55:47.186+0000][66][trace][gc,age      ] GC(321) - age   2:    6357824 bytes,   22583392 total
[2026-01-26T06:55:47.186+0000][66][trace][gc,age      ] GC(321) - age   3:     120744 bytes,   22704136 total
[2026-01-26T06:55:47.187+0000][66][trace][gc,age      ] GC(321) - age   4:     333360 bytes,   23037496 total
[2026-01-26T06:55:47.187+0000][66][trace][gc,age      ] GC(321) - age   5:      61552 bytes,   23099048 total
[2026-01-26T06:55:47.187+0000][66][trace][gc,age      ] GC(321) - age   6:        568 bytes,   23099616 total
[2026-01-26T06:55:47.187+0000][66][trace][gc,age      ] GC(321) - age   7:      60184 bytes,   23159800 total
[2026-01-26T06:55:47.188+0000][66][trace][gc,age      ] GC(321) - age   8:         32 bytes,   23159832 total
[2026-01-26T06:55:47.188+0000][66][trace][gc,age      ] GC(321) - age   9:     124392 bytes,   23284224 total
[2026-01-26T06:55:47.188+0000][66][trace][gc,age      ] GC(321) - age  11:     208008 bytes,   23492232 total
[2026-01-26T06:55:47.188+0000][66][trace][gc,age      ] GC(321) - age  12:        112 bytes,   23492344 total
[2026-01-26T06:55:47.189+0000][66][trace][gc,age      ] GC(321) - age  13:      58648 bytes,   23550992 total
[2026-01-26T06:55:47.189+0000][66][trace][gc,age      ] GC(321) - age  14:         64 bytes,   23551056 total
[2026-01-26T06:55:47.189+0000][66][trace][gc,age      ] GC(321) - age  15:     386368 bytes,   23937424 total
[2026-01-26T06:55:47.189+0000][66][info ][gc,heap     ] GC(321) Eden regions: 149->0(145)
[2026-01-26T06:55:47.190+0000][66][info ][gc,heap     ] GC(321) Survivor regions: 4->6(20)
[2026-01-26T06:55:47.190+0000][66][info ][gc,heap     ] GC(321) Old regions: 72->72
[2026-01-26T06:55:47.190+0000][66][info ][gc,heap     ] GC(321) Humongous regions: 0->0
[2026-01-26T06:55:47.191+0000][66][info ][gc,metaspace] GC(321) Metaspace: 133249K(136704K)->133249K(136704K) NonClass: 115479K(117312K)->115479K(117312K) Class: 17770K(19392K)->17770K(19392K)
[2026-01-26T06:55:47.191+0000][66][info ][gc          ] GC(321) Pause Young (Normal) (G1 Evacuation Pause) 894M->309M(1024M) 22.210ms
[2026-01-26T06:55:47.191+0000][66][info ][gc,cpu      ] GC(321) User=0.05s Sys=0.01s Real=0.03s
[2026-01-26T06:55:47.192+0000][66][info ][safepoint   ] Safepoint "G1CollectForAllocation", Time since last: 6642427495 ns, Reaching safepoint: 133610 ns, Cleanup: 6600 ns, At safepoint: 22972306 ns, Total: 23112516 ns
[2026-01-26T06:55:52.126+0000][66][info ][gc,start    ] GC(322) Pause Young (Normal) (G1 Evacuation Pause)
[2026-01-26T06:55:52.126+0000][66][info ][gc,task     ] GC(322) Using 6 workers of 6 for evacuation
[2026-01-26T06:55:52.126+0000][66][debug][gc,age      ] GC(322) Desired survivor size 39845888 bytes, new threshold 15 (max threshold 15)
[2026-01-26T06:55:52.135+0000][66][info ][gc,phases   ] GC(322)   Pre Evacuate Collection Set: 0.5ms
[2026-01-26T06:55:52.136+0000][66][info ][gc,phases   ] GC(322)   Merge Heap Roots: 0.2ms
[2026-01-26T06:55:52.137+0000][66][info ][gc,phases   ] GC(322)   Evacuate Collection Set: 6.3ms
[2026-01-26T06:55:52.137+0000][66][info ][gc,phases   ] GC(322)   Post Evacuate Collection Set: 1.3ms
[2026-01-26T06:55:52.137+0000][66][info ][gc,phases   ] GC(322)   Other: 0.9ms
[2026-01-26T06:55:52.138+0000][66][trace][gc,age      ] GC(322) Age table with threshold 15 (max threshold 15)
[2026-01-26T06:55:52.138+0000][66][trace][gc,age      ] GC(322) - age   1:   10802896 bytes,   10802896 total
[2026-01-26T06:55:52.138+0000][66][trace][gc,age      ] GC(322) - age   2:     487624 bytes,   11290520 total
[2026-01-26T06:55:52.139+0000][66][trace][gc,age      ] GC(322) - age   3:      65464 bytes,   11355984 total
[2026-01-26T06:55:52.139+0000][66][trace][gc,age      ] GC(322) - age   4:     118440 bytes,   11474424 total
[2026-01-26T06:55:52.140+0000][66][trace][gc,age      ] GC(322) - age   5:     276728 bytes,   11751152 total
[2026-01-26T06:55:52.140+0000][66][trace][gc,age      ] GC(322) - age   6:      59472 bytes,   11810624 total
[2026-01-26T06:55:52.141+0000][66][trace][gc,age      ] GC(322) - age   8:      60184 bytes,   11870808 total
[2026-01-26T06:55:52.141+0000][66][trace][gc,age      ] GC(322) - age   9:         32 bytes,   11870840 total
[2026-01-26T06:55:52.141+0000][66][trace][gc,age      ] GC(322) - age  10:     124392 bytes,   11995232 total
[2026-01-26T06:55:52.142+0000][66][trace][gc,age      ] GC(322) - age  12:     208008 bytes,   12203240 total
[2026-01-26T06:55:52.142+0000][66][trace][gc,age      ] GC(322) - age  13:        112 bytes,   12203352 total
[2026-01-26T06:55:52.143+0000][66][trace][gc,age      ] GC(322) - age  14:       2216 bytes,   12205568 total
[2026-01-26T06:55:52.143+0000][66][trace][gc,age      ] GC(322) - age  15:         64 bytes,   12205632 total
[2026-01-26T06:55:52.144+0000][66][info ][gc,heap     ] GC(322) Eden regions: 145->0(149)
[2026-01-26T06:55:52.144+0000][66][info ][gc,heap     ] GC(322) Survivor regions: 6->4(19)
[2026-01-26T06:55:52.144+0000][66][info ][gc,heap     ] GC(322) Old regions: 72->72
[2026-01-26T06:55:52.145+0000][66][info ][gc,heap     ] GC(322) Humongous regions: 0->0
[2026-01-26T06:55:52.145+0000][66][info ][gc,metaspace] GC(322) Metaspace: 133249K(136704K)->133249K(136704K) NonClass: 115479K(117312K)->115479K(117312K) Class: 17770K(19392K)->17770K(19392K)
[2026-01-26T06:55:52.146+0000][66][info ][gc          ] GC(322) Pause Young (Normal) (G1 Evacuation Pause) 889M->298M(1024M) 19.905ms
[2026-01-26T06:55:52.146+0000][66][info ][gc,cpu      ] GC(322) User=0.03s Sys=0.01s Real=0.02s
[2026-01-26T06:55:52.146+0000][66][info ][safepoint   ] Safepoint "G1CollectForAllocation", Time since last: 4933895029 ns, Reaching safepoint: 18602 ns, Cleanup: 5100 ns, At safepoint: 20778755 ns, Total: 20802457 ns
[2026-01-26T06:55:58.652+0000][66][info ][gc,start    ] GC(323) Pause Young (Normal) (G1 Evacuation Pause)
[2026-01-26T06:55:58.653+0000][66][info ][gc,task     ] GC(323) Using 6 workers of 6 for evacuation
[2026-01-26T06:55:58.653+0000][66][debug][gc,age      ] GC(323) Desired survivor size 41943040 bytes, new threshold 15 (max threshold 15)
[2026-01-26T06:55:58.662+0000][66][info ][gc,phases   ] GC(323)   Pre Evacuate Collection Set: 0.4ms
[2026-01-26T06:55:58.663+0000][66][info ][gc,phases   ] GC(323)   Merge Heap Roots: 0.1ms
[2026-01-26T06:55:58.663+0000][66][info ][gc,phases   ] GC(323)   Evacuate Collection Set: 7.2ms
[2026-01-26T06:55:58.664+0000][66][info ][gc,phases   ] GC(323)   Post Evacuate Collection Set: 1.0ms
[2026-01-26T06:55:58.664+0000][66][info ][gc,phases   ] GC(323)   Other: 0.9ms
[2026-01-26T06:55:58.664+0000][66][trace][gc,age      ] GC(323) Age table with threshold 15 (max threshold 15)
[2026-01-26T06:55:58.665+0000][66][trace][gc,age      ] GC(323) - age   1:   16183216 bytes,   16183216 total
[2026-01-26T06:55:58.665+0000][66][trace][gc,age      ] GC(323) - age   2:    6734712 bytes,   22917928 total
[2026-01-26T06:55:58.665+0000][66][trace][gc,age      ] GC(323) - age   3:     486896 bytes,   23404824 total
[2026-01-26T06:55:58.666+0000][66][trace][gc,age      ] GC(323) - age   4:      65336 bytes,   23470160 total
[2026-01-26T06:55:58.666+0000][66][trace][gc,age      ] GC(323) - age   5:     118440 bytes,   23588600 total
[2026-01-26T06:55:58.666+0000][66][trace][gc,age      ] GC(323) - age   6:     276552 bytes,   23865152 total
[2026-01-26T06:55:58.666+0000][66][trace][gc,age      ] GC(323) - age   7:      59472 bytes,   23924624 total
[2026-01-26T06:55:58.667+0000][66][trace][gc,age      ] GC(323) - age   9:      60184 bytes,   23984808 total
[2026-01-26T06:55:58.667+0000][66][trace][gc,age      ] GC(323) - age  10:         32 bytes,   23984840 total
[2026-01-26T06:55:58.667+0000][66][trace][gc,age      ] GC(323) - age  11:     124360 bytes,   24109200 total
[2026-01-26T06:55:58.668+0000][66][trace][gc,age      ] GC(323) - age  13:     208008 bytes,   24317208 total
[2026-01-26T06:55:58.668+0000][66][trace][gc,age      ] GC(323) - age  14:        112 bytes,   24317320 total
[2026-01-26T06:55:58.668+0000][66][trace][gc,age      ] GC(323) - age  15:       2216 bytes,   24319536 total
[2026-01-26T06:55:58.668+0000][66][info ][gc,heap     ] GC(323) Eden regions: 149->0(143)
[2026-01-26T06:55:58.669+0000][66][info ][gc,heap     ] GC(323) Survivor regions: 4->7(20)
[2026-01-26T06:55:58.669+0000][66][info ][gc,heap     ] GC(323) Old regions: 72->72
[2026-01-26T06:55:58.669+0000][66][info ][gc,heap     ] GC(323) Humongous regions: 0->0
[2026-01-26T06:55:58.669+0000][66][info ][gc,metaspace] GC(323) Metaspace: 133249K(136704K)->133249K(136704K) NonClass: 115479K(117312K)->115479K(117312K) Class: 17770K(19392K)->17770K(19392K)
[2026-01-26T06:55:58.670+0000][66][info ][gc          ] GC(323) Pause Young (Normal) (G1 Evacuation Pause) 894M->311M(1024M) 17.391ms
[2026-01-26T06:55:58.670+0000][66][info ][gc,cpu      ] GC(323) User=0.03s Sys=0.00s Real=0.01s
[2026-01-26T06:55:58.670+0000][66][info ][safepoint   ] Safepoint "G1CollectForAllocation", Time since last: 6505752215 ns, Reaching safepoint: 43703 ns, Cleanup: 4300 ns, At safepoint: 18014639 ns, Total: 18062642 ns
[2026-01-26T06:56:03.054+0000][66][info ][safepoint   ] Safepoint "Cleanup", Time since last: 4385324119 ns, Reaching safepoint: 8401 ns, Cleanup: 13601 ns, At safepoint: 3800 ns, Total: 25802 ns
[2026-01-26T06:56:03.409+0000][66][info ][gc,start    ] GC(324) Pause Young (Normal) (G1 Evacuation Pause)
[2026-01-26T06:56:03.410+0000][66][info ][gc,task     ] GC(324) Using 6 workers of 6 for evacuation
[2026-01-26T06:56:03.410+0000][66][debug][gc,age      ] GC(324) Desired survivor size 39845888 bytes, new threshold 15 (max threshold 15)
[2026-01-26T06:56:03.417+0000][66][info ][gc,phases   ] GC(324)   Pre Evacuate Collection Set: 0.5ms
[2026-01-26T06:56:03.418+0000][66][info ][gc,phases   ] GC(324)   Merge Heap Roots: 0.2ms
[2026-01-26T06:56:03.418+0000][66][info ][gc,phases   ] GC(324)   Evacuate Collection Set: 4.8ms
[2026-01-26T06:56:03.419+0000][66][info ][gc,phases   ] GC(324)   Post Evacuate Collection Set: 1.2ms
[2026-01-26T06:56:03.419+0000][66][info ][gc,phases   ] GC(324)   Other: 0.9ms
[2026-01-26T06:56:03.419+0000][66][trace][gc,age      ] GC(324) Age table with threshold 15 (max threshold 15)
[2026-01-26T06:56:03.420+0000][66][trace][gc,age      ] GC(324) - age   1:   10188560 bytes,   10188560 total
[2026-01-26T06:56:03.420+0000][66][trace][gc,age      ] GC(324) - age   2:        784 bytes,   10189344 total
[2026-01-26T06:56:03.420+0000][66][trace][gc,age      ] GC(324) - age   3:     170392 bytes,   10359736 total
[2026-01-26T06:56:03.421+0000][66][trace][gc,age      ] GC(324) - age   4:       1784 bytes,   10361520 total
[2026-01-26T06:56:03.421+0000][66][trace][gc,age      ] GC(324) - age   5:      62832 bytes,   10424352 total
[2026-01-26T06:56:03.421+0000][66][trace][gc,age      ] GC(324) - age   6:     117888 bytes,   10542240 total
[2026-01-26T06:56:03.422+0000][66][trace][gc,age      ] GC(324) - age   7:     275448 bytes,   10817688 total
[2026-01-26T06:56:03.422+0000][66][trace][gc,age      ] GC(324) - age   8:      59472 bytes,   10877160 total
[2026-01-26T06:56:03.422+0000][66][trace][gc,age      ] GC(324) - age  10:      60184 bytes,   10937344 total
[2026-01-26T06:56:03.422+0000][66][trace][gc,age      ] GC(324) - age  11:         32 bytes,   10937376 total
[2026-01-26T06:56:03.423+0000][66][trace][gc,age      ] GC(324) - age  12:     124360 bytes,   11061736 total
[2026-01-26T06:56:03.423+0000][66][trace][gc,age      ] GC(324) - age  14:     208008 bytes,   11269744 total
[2026-01-26T06:56:03.423+0000][66][trace][gc,age      ] GC(324) - age  15:        112 bytes,   11269856 total
[2026-01-26T06:56:03.423+0000][66][info ][gc,heap     ] GC(324) Eden regions: 143->0(150)
[2026-01-26T06:56:03.424+0000][66][info ][gc,heap     ] GC(324) Survivor regions: 7->3(19)
[2026-01-26T06:56:03.424+0000][66][info ][gc,heap     ] GC(324) Old regions: 72->72
[2026-01-26T06:56:03.424+0000][66][info ][gc,heap     ] GC(324) Humongous regions: 0->0
[2026-01-26T06:56:03.424+0000][66][info ][gc,metaspace] GC(324) Metaspace: 133249K(136704K)->133249K(136704K) NonClass: 115479K(117312K)->115479K(117312K) Class: 17770K(19392K)->17770K(19392K)
[2026-01-26T06:56:03.425+0000][66][info ][gc          ] GC(324) Pause Young (Normal) (G1 Evacuation Pause) 883M->297M(1024M) 15.309ms
[2026-01-26T06:56:03.425+0000][66][info ][gc,cpu      ] GC(324) User=0.02s Sys=0.01s Real=0.01s
[2026-01-26T06:56:03.425+0000][66][info ][safepoint   ] Safepoint "G1CollectForAllocation", Time since last: 355645524 ns, Reaching safepoint: 17301 ns, Cleanup: 4400 ns, At safepoint: 15952386 ns, Total: 15974087 ns
[2026-01-26T06:56:04.426+0000][66][info ][safepoint   ] Safepoint "Cleanup", Time since last: 1000413825 ns, Reaching safepoint: 167612 ns, Cleanup: 12401 ns, At safepoint: 42103 ns, Total: 222116 ns
[2026-01-26T06:56:05.530+0000][66][info ][safepoint   ] Safepoint "Cleanup", Time since last: 1103596094 ns, Reaching safepoint: 150511 ns, Cleanup: 13201 ns, At safepoint: 64205 ns, Total: 227917 ns
[2026-01-26T06:56:07.191+0000][66][info ][safepoint   ] Safepoint "Cleanup", Time since last: 1661486940 ns, Reaching safepoint: 18001 ns, Cleanup: 14801 ns, At safepoint: 3901 ns, Total: 36703 ns
[2026-01-26T06:56:10.203+0000][66][info ][gc,start    ] GC(325) Pause Young (Normal) (G1 Evacuation Pause)
[2026-01-26T06:56:10.203+0000][66][info ][gc,task     ] GC(325) Using 6 workers of 6 for evacuation
[2026-01-26T06:56:10.203+0000][66][debug][gc,age      ] GC(325) Desired survivor size 41943040 bytes, new threshold 15 (max threshold 15)
[2026-01-26T06:56:10.212+0000][66][info ][gc,phases   ] GC(325)   Pre Evacuate Collection Set: 0.4ms
[2026-01-26T06:56:10.212+0000][66][info ][gc,phases   ] GC(325)   Merge Heap Roots: 0.1ms
[2026-01-26T06:56:10.213+0000][66][info ][gc,phases   ] GC(325)   Evacuate Collection Set: 6.8ms
[2026-01-26T06:56:10.213+0000][66][info ][gc,phases   ] GC(325)   Post Evacuate Collection Set: 1.0ms
[2026-01-26T06:56:10.214+0000][66][info ][gc,phases   ] GC(325)   Other: 0.8ms
[2026-01-26T06:56:10.214+0000][66][trace][gc,age      ] GC(325) Age table with threshold 15 (max threshold 15)
[2026-01-26T06:56:10.214+0000][66][trace][gc,age      ] GC(325) - age   1:   16389176 bytes,   16389176 total
[2026-01-26T06:56:10.215+0000][66][trace][gc,age      ] GC(325) - age   2:    6195424 bytes,   22584600 total
[2026-01-26T06:56:10.215+0000][66][trace][gc,age      ] GC(325) - age   3:        608 bytes,   22585208 total
[2026-01-26T06:56:10.215+0000][66][trace][gc,age      ] GC(325) - age   4:     170112 bytes,   22755320 total
[2026-01-26T06:56:10.215+0000][66][trace][gc,age      ] GC(325) - age   5:       1784 bytes,   22757104 total
[2026-01-26T06:56:10.216+0000][66][trace][gc,age      ] GC(325) - age   6:      59664 bytes,   22816768 total
[2026-01-26T06:56:10.216+0000][66][trace][gc,age      ] GC(325) - age   7:     117800 bytes,   22934568 total
[2026-01-26T06:56:10.216+0000][66][trace][gc,age      ] GC(325) - age   8:      19784 bytes,   22954352 total
[2026-01-26T06:56:10.216+0000][66][trace][gc,age      ] GC(325) - age   9:      59472 bytes,   23013824 total
[2026-01-26T06:56:10.217+0000][66][trace][gc,age      ] GC(325) - age  11:      59560 bytes,   23073384 total
[2026-01-26T06:56:10.217+0000][66][trace][gc,age      ] GC(325) - age  13:      59392 bytes,   23132776 total
[2026-01-26T06:56:10.217+0000][66][trace][gc,age      ] GC(325) - age  15:     208008 bytes,   23340784 total
[2026-01-26T06:56:10.218+0000][66][info ][gc,heap     ] GC(325) Eden regions: 150->0(145)
[2026-01-26T06:56:10.218+0000][66][info ][gc,heap     ] GC(325) Survivor regions: 3->6(20)
[2026-01-26T06:56:10.218+0000][66][info ][gc,heap     ] GC(325) Old regions: 72->72
[2026-01-26T06:56:10.219+0000][66][info ][gc,heap     ] GC(325) Humongous regions: 0->0
[2026-01-26T06:56:10.219+0000][66][info ][gc,metaspace] GC(325) Metaspace: 133265K(136704K)->133265K(136704K) NonClass: 115494K(117312K)->115494K(117312K) Class: 17770K(19392K)->17770K(19392K)
[2026-01-26T06:56:10.219+0000][66][info ][gc          ] GC(325) Pause Young (Normal) (G1 Evacuation Pause) 897M->309M(1024M) 16.774ms
[2026-01-26T06:56:10.220+0000][66][info ][gc,cpu      ] GC(325) User=0.04s Sys=0.00s Real=0.01s
[2026-01-26T06:56:10.220+0000][66][info ][safepoint   ] Safepoint "G1CollectForAllocation", Time since last: 3011119335 ns, Reaching safepoint: 16001 ns, Cleanup: 4300 ns, At safepoint: 17489787 ns, Total: 17510088 ns
[2026-01-26T06:56:14.884+0000][66][info ][gc,start    ] GC(326) Pause Young (Normal) (G1 Evacuation Pause)
[2026-01-26T06:56:14.885+0000][66][info ][gc,task     ] GC(326) Using 6 workers of 6 for evacuation
[2026-01-26T06:56:14.885+0000][66][debug][gc,age      ] GC(326) Desired survivor size 39845888 bytes, new threshold 15 (max threshold 15)
[2026-01-26T06:56:14.892+0000][66][info ][gc,phases   ] GC(326)   Pre Evacuate Collection Set: 0.4ms
[2026-01-26T06:56:14.892+0000][66][info ][gc,phases   ] GC(326)   Merge Heap Roots: 0.3ms
[2026-01-26T06:56:14.893+0000][66][info ][gc,phases   ] GC(326)   Evacuate Collection Set: 4.7ms
[2026-01-26T06:56:14.893+0000][66][info ][gc,phases   ] GC(326)   Post Evacuate Collection Set: 1.1ms
[2026-01-26T06:56:14.894+0000][66][info ][gc,phases   ] GC(326)   Other: 1.0ms
[2026-01-26T06:56:14.894+0000][66][trace][gc,age      ] GC(326) Age table with threshold 15 (max threshold 15)
[2026-01-26T06:56:14.894+0000][66][trace][gc,age      ] GC(326) - age   1:   10010120 bytes,   10010120 total
[2026-01-26T06:56:14.894+0000][66][trace][gc,age      ] GC(326) - age   2:      71056 bytes,   10081176 total
[2026-01-26T06:56:14.895+0000][66][trace][gc,age      ] GC(326) - age   3:      64184 bytes,   10145360 total
[2026-01-26T06:56:14.895+0000][66][trace][gc,age      ] GC(326) - age   4:        608 bytes,   10145968 total
[2026-01-26T06:56:14.895+0000][66][trace][gc,age      ] GC(326) - age   5:     167904 bytes,   10313872 total
[2026-01-26T06:56:14.896+0000][66][trace][gc,age      ] GC(326) - age   6:        648 bytes,   10314520 total
[2026-01-26T06:56:14.896+0000][66][trace][gc,age      ] GC(326) - age   7:      59664 bytes,   10374184 total
[2026-01-26T06:56:14.896+0000][66][trace][gc,age      ] GC(326) - age   8:     117552 bytes,   10491736 total
[2026-01-26T06:56:14.896+0000][66][trace][gc,age      ] GC(326) - age   9:      18208 bytes,   10509944 total
[2026-01-26T06:56:14.897+0000][66][trace][gc,age      ] GC(326) - age  10:      59160 bytes,   10569104 total
[2026-01-26T06:56:14.897+0000][66][trace][gc,age      ] GC(326) - age  12:      58936 bytes,   10628040 total
[2026-01-26T06:56:14.897+0000][66][trace][gc,age      ] GC(326) - age  14:      59328 bytes,   10687368 total
[2026-01-26T06:56:14.897+0000][66][info ][gc,heap     ] GC(326) Eden regions: 145->0(150)
[2026-01-26T06:56:14.898+0000][66][info ][gc,heap     ] GC(326) Survivor regions: 6->3(19)
[2026-01-26T06:56:14.898+0000][66][info ][gc,heap     ] GC(326) Old regions: 72->72
[2026-01-26T06:56:14.898+0000][66][info ][gc,heap     ] GC(326) Humongous regions: 0->0
[2026-01-26T06:56:14.899+0000][66][info ][gc,metaspace] GC(326) Metaspace: 133265K(136704K)->133265K(136704K) NonClass: 115494K(117312K)->115494K(117312K) Class: 17770K(19392K)->17770K(19392K)
[2026-01-26T06:56:14.899+0000][66][info ][gc          ] GC(326) Pause Young (Normal) (G1 Evacuation Pause) 889M->298M(1024M) 14.927ms
[2026-01-26T06:56:14.899+0000][66][info ][gc,cpu      ] GC(326) User=0.02s Sys=0.00s Real=0.01s
[2026-01-26T06:56:14.900+0000][66][info ][safepoint   ] Safepoint "G1CollectForAllocation", Time since last: 4664072334 ns, Reaching safepoint: 17701 ns, Cleanup: 4200 ns, At safepoint: 15700672 ns, Total: 15722573 ns
[2026-01-26T06:56:20.786+0000][66][info ][gc,start    ] GC(327) Pause Young (Normal) (G1 Evacuation Pause)
[2026-01-26T06:56:20.786+0000][66][info ][gc,task     ] GC(327) Using 6 workers of 6 for evacuation
[2026-01-26T06:56:20.787+0000][66][debug][gc,age      ] GC(327) Desired survivor size 41943040 bytes, new threshold 15 (max threshold 15)
[2026-01-26T06:56:20.796+0000][66][info ][gc,phases   ] GC(327)   Pre Evacuate Collection Set: 0.4ms
[2026-01-26T06:56:20.796+0000][66][info ][gc,phases   ] GC(327)   Merge Heap Roots: 0.2ms
[2026-01-26T06:56:20.797+0000][66][info ][gc,phases   ] GC(327)   Evacuate Collection Set: 7.0ms
[2026-01-26T06:56:20.797+0000][66][info ][gc,phases   ] GC(327)   Post Evacuate Collection Set: 1.2ms
[2026-01-26T06:56:20.798+0000][66][info ][gc,phases   ] GC(327)   Other: 0.8ms
[2026-01-26T06:56:20.798+0000][66][trace][gc,age      ] GC(327) Age table with threshold 15 (max threshold 15)
[2026-01-26T06:56:20.798+0000][66][trace][gc,age      ] GC(327) - age   1:   15905088 bytes,   15905088 total
[2026-01-26T06:56:20.799+0000][66][trace][gc,age      ] GC(327) - age   2:    6059904 bytes,   21964992 total
[2026-01-26T06:56:20.799+0000][66][trace][gc,age      ] GC(327) - age   3:      70848 bytes,   22035840 total
[2026-01-26T06:56:20.800+0000][66][trace][gc,age      ] GC(327) - age   4:      64184 bytes,   22100024 total
[2026-01-26T06:56:20.800+0000][66][trace][gc,age      ] GC(327) - age   5:        608 bytes,   22100632 total
[2026-01-26T06:56:20.800+0000][66][trace][gc,age      ] GC(327) - age   6:     167336 bytes,   22267968 total
[2026-01-26T06:56:20.801+0000][66][trace][gc,age      ] GC(327) - age   7:        648 bytes,   22268616 total
[2026-01-26T06:56:20.801+0000][66][trace][gc,age      ] GC(327) - age   8:      59664 bytes,   22328280 total
[2026-01-26T06:56:20.801+0000][66][trace][gc,age      ] GC(327) - age   9:     117552 bytes,   22445832 total
[2026-01-26T06:56:20.801+0000][66][trace][gc,age      ] GC(327) - age  10:      18208 bytes,   22464040 total
[2026-01-26T06:56:20.802+0000][66][trace][gc,age      ] GC(327) - age  11:      59160 bytes,   22523200 total
[2026-01-26T06:56:20.802+0000][66][trace][gc,age      ] GC(327) - age  13:      58936 bytes,   22582136 total
[2026-01-26T06:56:20.802+0000][66][trace][gc,age      ] GC(327) - age  15:      59328 bytes,   22641464 total
[2026-01-26T06:56:20.803+0000][66][info ][gc,heap     ] GC(327) Eden regions: 150->0(145)
[2026-01-26T06:56:20.803+0000][66][info ][gc,heap     ] GC(327) Survivor regions: 3->6(20)
[2026-01-26T06:56:20.803+0000][66][info ][gc,heap     ] GC(327) Old regions: 72->72
[2026-01-26T06:56:20.803+0000][66][info ][gc,heap     ] GC(327) Humongous regions: 0->0
[2026-01-26T06:56:20.804+0000][66][info ][gc,metaspace] GC(327) Metaspace: 133265K(136704K)->133265K(136704K) NonClass: 115494K(117312K)->115494K(117312K) Class: 17770K(19392K)->17770K(19392K)
[2026-01-26T06:56:20.804+0000][66][info ][gc          ] GC(327) Pause Young (Normal) (G1 Evacuation Pause) 898M->309M(1024M) 18.059ms
[2026-01-26T06:56:20.804+0000][66][info ][gc,cpu      ] GC(327) User=0.04s Sys=0.00s Real=0.02s
[2026-01-26T06:56:20.804+0000][66][info ][safepoint   ] Safepoint "G1CollectForAllocation", Time since last: 5885991227 ns, Reaching safepoint: 17101 ns, Cleanup: 4401 ns, At safepoint: 18686499 ns, Total: 18708001 ns
[2026-01-26T06:56:23.455+0000][66][info ][safepoint   ] Safepoint "Cleanup", Time since last: 2650686268 ns, Reaching safepoint: 8401 ns, Cleanup: 12200 ns, At safepoint: 3101 ns, Total: 23702 ns
[2026-01-26T06:56:23.816+0000][66][info ][gc,start    ] GC(328) Pause Young (Normal) (G1 Evacuation Pause)
[2026-01-26T06:56:23.817+0000][66][info ][gc,task     ] GC(328) Using 6 workers of 6 for evacuation
[2026-01-26T06:56:23.817+0000][66][debug][gc,age      ] GC(328) Desired survivor size 39845888 bytes, new threshold 15 (max threshold 15)
[2026-01-26T06:56:23.828+0000][66][info ][gc,phases   ] GC(328)   Pre Evacuate Collection Set: 0.4ms
[2026-01-26T06:56:23.829+0000][66][info ][gc,phases   ] GC(328)   Merge Heap Roots: 0.3ms
[2026-01-26T06:56:23.829+0000][66][info ][gc,phases   ] GC(328)   Evacuate Collection Set: 9.1ms
[2026-01-26T06:56:23.830+0000][66][info ][gc,phases   ] GC(328)   Post Evacuate Collection Set: 1.1ms
[2026-01-26T06:56:23.830+0000][66][info ][gc,phases   ] GC(328)   Other: 0.9ms
[2026-01-26T06:56:23.830+0000][66][trace][gc,age      ] GC(328) Age table with threshold 15 (max threshold 15)
[2026-01-26T06:56:23.831+0000][66][trace][gc,age      ] GC(328) - age   1:   14674080 bytes,   14674080 total
[2026-01-26T06:56:23.831+0000][66][trace][gc,age      ] GC(328) - age   2:    8523840 bytes,   23197920 total
[2026-01-26T06:56:23.831+0000][66][trace][gc,age      ] GC(328) - age   3:    5074824 bytes,   28272744 total
[2026-01-26T06:56:23.832+0000][66][trace][gc,age      ] GC(328) - age   4:      70848 bytes,   28343592 total
[2026-01-26T06:56:23.832+0000][66][trace][gc,age      ] GC(328) - age   5:      63936 bytes,   28407528 total
[2026-01-26T06:56:23.832+0000][66][trace][gc,age      ] GC(328) - age   6:        608 bytes,   28408136 total
[2026-01-26T06:56:23.833+0000][66][trace][gc,age      ] GC(328) - age   7:     167336 bytes,   28575472 total
[2026-01-26T06:56:23.833+0000][66][trace][gc,age      ] GC(328) - age   8:        648 bytes,   28576120 total
[2026-01-26T06:56:23.834+0000][66][trace][gc,age      ] GC(328) - age   9:      59664 bytes,   28635784 total
[2026-01-26T06:56:23.834+0000][66][trace][gc,age      ] GC(328) - age  10:     117552 bytes,   28753336 total
[2026-01-26T06:56:23.834+0000][66][trace][gc,age      ] GC(328) - age  11:      18208 bytes,   28771544 total
[2026-01-26T06:56:23.835+0000][66][trace][gc,age      ] GC(328) - age  12:      58800 bytes,   28830344 total
[2026-01-26T06:56:23.835+0000][66][trace][gc,age      ] GC(328) - age  14:      58936 bytes,   28889280 total
[2026-01-26T06:56:23.835+0000][66][info ][gc,heap     ] GC(328) Eden regions: 145->0(141)
[2026-01-26T06:56:23.835+0000][66][info ][gc,heap     ] GC(328) Survivor regions: 6->8(19)
[2026-01-26T06:56:23.836+0000][66][info ][gc,heap     ] GC(328) Old regions: 72->72
[2026-01-26T06:56:23.836+0000][66][info ][gc,heap     ] GC(328) Humongous regions: 0->0
[2026-01-26T06:56:23.836+0000][66][info ][gc,metaspace] GC(328) Metaspace: 133265K(136704K)->133265K(136704K) NonClass: 115494K(117312K)->115494K(117312K) Class: 17770K(19392K)->17770K(19392K)
[2026-01-26T06:56:23.837+0000][66][info ][gc          ] GC(328) Pause Young (Normal) (G1 Evacuation Pause) 889M->316M(1024M) 20.490ms
[2026-01-26T06:56:23.837+0000][66][info ][gc,cpu      ] GC(328) User=0.05s Sys=0.00s Real=0.02s
[2026-01-26T06:56:23.837+0000][66][info ][safepoint   ] Safepoint "G1CollectForAllocation", Time since last: 360608500 ns, Reaching safepoint: 180214 ns, Cleanup: 5500 ns, At safepoint: 21136382 ns, Total: 21322096 ns
[2026-01-26T06:56:28.181+0000][66][info ][gc,start    ] GC(329) Pause Young (Normal) (G1 Evacuation Pause)
[2026-01-26T06:56:28.181+0000][66][info ][gc,task     ] GC(329) Using 6 workers of 6 for evacuation
[2026-01-26T06:56:28.182+0000][66][debug][gc,age      ] GC(329) Desired survivor size 39845888 bytes, new threshold 15 (max threshold 15)
[2026-01-26T06:56:28.189+0000][66][info ][gc,phases   ] GC(329)   Pre Evacuate Collection Set: 0.3ms
[2026-01-26T06:56:28.189+0000][66][info ][gc,phases   ] GC(329)   Merge Heap Roots: 0.1ms
[2026-01-26T06:56:28.190+0000][66][info ][gc,phases   ] GC(329)   Evacuate Collection Set: 5.6ms
[2026-01-26T06:56:28.190+0000][66][info ][gc,phases   ] GC(329)   Post Evacuate Collection Set: 1.0ms
[2026-01-26T06:56:28.191+0000][66][info ][gc,phases   ] GC(329)   Other: 0.8ms
[2026-01-26T06:56:28.191+0000][66][trace][gc,age      ] GC(329) Age table with threshold 15 (max threshold 15)
[2026-01-26T06:56:28.191+0000][66][trace][gc,age      ] GC(329) - age   1:   15498872 bytes,   15498872 total
[2026-01-26T06:56:28.192+0000][66][trace][gc,age      ] GC(329) - age   2:    1620408 bytes,   17119280 total
[2026-01-26T06:56:28.192+0000][66][trace][gc,age      ] GC(329) - age   3:       1192 bytes,   17120472 total
[2026-01-26T06:56:28.192+0000][66][trace][gc,age      ] GC(329) - age   4:      64152 bytes,   17184624 total
[2026-01-26T06:56:28.192+0000][66][trace][gc,age      ] GC(329) - age   5:      70848 bytes,   17255472 total
[2026-01-26T06:56:28.193+0000][66][trace][gc,age      ] GC(329) - age   6:      62152 bytes,   17317624 total
[2026-01-26T06:56:28.193+0000][66][trace][gc,age      ] GC(329) - age   7:        432 bytes,   17318056 total
[2026-01-26T06:56:28.193+0000][66][trace][gc,age      ] GC(329) - age   8:     167336 bytes,   17485392 total
[2026-01-26T06:56:28.193+0000][66][trace][gc,age      ] GC(329) - age   9:        648 bytes,   17486040 total
[2026-01-26T06:56:28.194+0000][66][trace][gc,age      ] GC(329) - age  10:      59664 bytes,   17545704 total
[2026-01-26T06:56:28.194+0000][66][trace][gc,age      ] GC(329) - age  11:     117552 bytes,   17663256 total
[2026-01-26T06:56:28.194+0000][66][trace][gc,age      ] GC(329) - age  12:      18112 bytes,   17681368 total
[2026-01-26T06:56:28.195+0000][66][trace][gc,age      ] GC(329) - age  13:      58448 bytes,   17739816 total
[2026-01-26T06:56:28.195+0000][66][trace][gc,age      ] GC(329) - age  15:      58936 bytes,   17798752 total
[2026-01-26T06:56:28.195+0000][66][info ][gc,heap     ] GC(329) Eden regions: 141->0(147)
[2026-01-26T06:56:28.195+0000][66][info ][gc,heap     ] GC(329) Survivor regions: 8->5(19)
[2026-01-26T06:56:28.196+0000][66][info ][gc,heap     ] GC(329) Old regions: 72->72
[2026-01-26T06:56:28.196+0000][66][info ][gc,heap     ] GC(329) Humongous regions: 0->0
[2026-01-26T06:56:28.196+0000][66][info ][gc,metaspace] GC(329) Metaspace: 133265K(136704K)->133265K(136704K) NonClass: 115494K(117312K)->115494K(117312K) Class: 17770K(19392K)->17770K(19392K)
[2026-01-26T06:56:28.196+0000][66][info ][gc          ] GC(329) Pause Young (Normal) (G1 Evacuation Pause) 880M->304M(1024M) 15.688ms
[2026-01-26T06:56:28.197+0000][66][info ][gc,cpu      ] GC(329) User=0.03s Sys=0.00s Real=0.02s
[2026-01-26T06:56:28.197+0000][66][info ][safepoint   ] Safepoint "G1CollectForAllocation", Time since last: 4343540520 ns, Reaching safepoint: 39703 ns, Cleanup: 4200 ns, At safepoint: 16314194 ns, Total: 16358097 ns
[2026-01-26T06:56:33.540+0000][66][info ][gc,start    ] GC(330) Pause Young (Normal) (G1 Evacuation Pause)
[2026-01-26T06:56:33.541+0000][66][info ][gc,task     ] GC(330) Using 6 workers of 6 for evacuation
[2026-01-26T06:56:33.541+0000][66][debug][gc,age      ] GC(330) Desired survivor size 39845888 bytes, new threshold 15 (max threshold 15)
[2026-01-26T06:56:33.547+0000][66][info ][gc,phases   ] GC(330)   Pre Evacuate Collection Set: 0.5ms
[2026-01-26T06:56:33.548+0000][66][info ][gc,phases   ] GC(330)   Merge Heap Roots: 0.2ms
[2026-01-26T06:56:33.548+0000][66][info ][gc,phases   ] GC(330)   Evacuate Collection Set: 3.9ms
[2026-01-26T06:56:33.549+0000][66][info ][gc,phases   ] GC(330)   Post Evacuate Collection Set: 1.3ms
[2026-01-26T06:56:33.549+0000][66][info ][gc,phases   ] GC(330)   Other: 1.0ms
[2026-01-26T06:56:33.550+0000][66][trace][gc,age      ] GC(330) Age table with threshold 15 (max threshold 15)
[2026-01-26T06:56:33.550+0000][66][trace][gc,age      ] GC(330) - age   1:    7451984 bytes,    7451984 total
[2026-01-26T06:56:33.550+0000][66][trace][gc,age      ] GC(330) - age   2:     172392 bytes,    7624376 total
[2026-01-26T06:56:33.551+0000][66][trace][gc,age      ] GC(330) - age   3:       1104 bytes,    7625480 total
[2026-01-26T06:56:33.551+0000][66][trace][gc,age      ] GC(330) - age   4:       1128 bytes,    7626608 total
[2026-01-26T06:56:33.551+0000][66][trace][gc,age      ] GC(330) - age   5:      60808 bytes,    7687416 total
[2026-01-26T06:56:33.552+0000][66][trace][gc,age      ] GC(330) - age   6:      69488 bytes,    7756904 total
[2026-01-26T06:56:33.552+0000][66][trace][gc,age      ] GC(330) - age   7:      60496 bytes,    7817400 total
[2026-01-26T06:56:33.552+0000][66][trace][gc,age      ] GC(330) - age   8:        432 bytes,    7817832 total
[2026-01-26T06:56:33.552+0000][66][trace][gc,age      ] GC(330) - age   9:     167336 bytes,    7985168 total
[2026-01-26T06:56:33.553+0000][66][trace][gc,age      ] GC(330) - age  10:        648 bytes,    7985816 total
[2026-01-26T06:56:33.553+0000][66][trace][gc,age      ] GC(330) - age  11:      59632 bytes,    8045448 total
[2026-01-26T06:56:33.553+0000][66][trace][gc,age      ] GC(330) - age  12:      59440 bytes,    8104888 total
[2026-01-26T06:56:33.554+0000][66][trace][gc,age      ] GC(330) - age  13:       5704 bytes,    8110592 total
[2026-01-26T06:56:33.554+0000][66][trace][gc,age      ] GC(330) - age  14:      58384 bytes,    8168976 total
[2026-01-26T06:56:33.554+0000][66][info ][gc,heap     ] GC(330) Eden regions: 147->0(150)
[2026-01-26T06:56:33.554+0000][66][info ][gc,heap     ] GC(330) Survivor regions: 5->3(19)
[2026-01-26T06:56:33.555+0000][66][info ][gc,heap     ] GC(330) Old regions: 72->72
[2026-01-26T06:56:33.555+0000][66][info ][gc,heap     ] GC(330) Humongous regions: 0->0
[2026-01-26T06:56:33.555+0000][66][info ][gc,metaspace] GC(330) Metaspace: 133266K(136704K)->133266K(136704K) NonClass: 115495K(117312K)->115495K(117312K) Class: 17770K(19392K)->17770K(19392K)
[2026-01-26T06:56:33.555+0000][66][info ][gc          ] GC(330) Pause Young (Normal) (G1 Evacuation Pause) 892M->295M(1024M) 15.445ms
[2026-01-26T06:56:33.556+0000][66][info ][gc,cpu      ] GC(330) User=0.01s Sys=0.01s Real=0.01s
[2026-01-26T06:56:33.556+0000][66][info ][safepoint   ] Safepoint "G1CollectForAllocation", Time since last: 5345900635 ns, Reaching safepoint: 16801 ns, Cleanup: 4600 ns, At safepoint: 16136181 ns, Total: 16157582 ns
[2026-01-26T06:56:35.375+0000][66][info ][safepoint   ] Safepoint "Cleanup", Time since last: 1818543120 ns, Reaching safepoint: 7801 ns, Cleanup: 10600 ns, At safepoint: 3501 ns, Total: 21902 ns
[2026-01-26T06:56:37.118+0000][66][info ][safepoint   ] Safepoint "Cleanup", Time since last: 1743602105 ns, Reaching safepoint: 64605 ns, Cleanup: 20902 ns, At safepoint: 4500 ns, Total: 90007 ns
[2026-01-26T06:56:39.664+0000][66][info ][gc,start    ] GC(331) Pause Young (Normal) (G1 Evacuation Pause)
[2026-01-26T06:56:39.665+0000][66][info ][gc,task     ] GC(331) Using 6 workers of 6 for evacuation
[2026-01-26T06:56:39.665+0000][66][debug][gc,age      ] GC(331) Desired survivor size 41943040 bytes, new threshold 15 (max threshold 15)
[2026-01-26T06:56:39.673+0000][66][info ][gc,phases   ] GC(331)   Pre Evacuate Collection Set: 0.4ms
[2026-01-26T06:56:39.674+0000][66][info ][gc,phases   ] GC(331)   Merge Heap Roots: 0.3ms
[2026-01-26T06:56:39.674+0000][66][info ][gc,phases   ] GC(331)   Evacuate Collection Set: 5.4ms
[2026-01-26T06:56:39.674+0000][66][info ][gc,phases   ] GC(331)   Post Evacuate Collection Set: 1.2ms
[2026-01-26T06:56:39.675+0000][66][info ][gc,phases   ] GC(331)   Other: 1.0ms
[2026-01-26T06:56:39.675+0000][66][trace][gc,age      ] GC(331) Age table with threshold 15 (max threshold 15)
[2026-01-26T06:56:39.675+0000][66][trace][gc,age      ] GC(331) - age   1:   13651864 bytes,   13651864 total
[2026-01-26T06:56:39.676+0000][66][trace][gc,age      ] GC(331) - age   2:     475680 bytes,   14127544 total
[2026-01-26T06:56:39.676+0000][66][trace][gc,age      ] GC(331) - age   3:      61600 bytes,   14189144 total
[2026-01-26T06:56:39.677+0000][66][trace][gc,age      ] GC(331) - age   4:       1040 bytes,   14190184 total
[2026-01-26T06:56:39.677+0000][66][trace][gc,age      ] GC(331) - age   5:        848 bytes,   14191032 total
[2026-01-26T06:56:39.677+0000][66][trace][gc,age      ] GC(331) - age   6:      60560 bytes,   14251592 total
[2026-01-26T06:56:39.678+0000][66][trace][gc,age      ] GC(331) - age   7:      66320 bytes,   14317912 total
[2026-01-26T06:56:39.678+0000][66][trace][gc,age      ] GC(331) - age   8:      60408 bytes,   14378320 total
[2026-01-26T06:56:39.679+0000][66][trace][gc,age      ] GC(331) - age   9:        432 bytes,   14378752 total
[2026-01-26T06:56:39.679+0000][66][trace][gc,age      ] GC(331) - age  10:     167336 bytes,   14546088 total
[2026-01-26T06:56:39.680+0000][66][trace][gc,age      ] GC(331) - age  11:        648 bytes,   14546736 total
[2026-01-26T06:56:39.680+0000][66][trace][gc,age      ] GC(331) - age  12:      59632 bytes,   14606368 total
[2026-01-26T06:56:39.680+0000][66][trace][gc,age      ] GC(331) - age  13:      59440 bytes,   14665808 total
[2026-01-26T06:56:39.681+0000][66][trace][gc,age      ] GC(331) - age  14:       5464 bytes,   14671272 total
[2026-01-26T06:56:39.681+0000][66][trace][gc,age      ] GC(331) - age  15:      58384 bytes,   14729656 total
[2026-01-26T06:56:39.682+0000][66][info ][gc,heap     ] GC(331) Eden regions: 150->0(149)
[2026-01-26T06:56:39.682+0000][66][info ][gc,heap     ] GC(331) Survivor regions: 3->4(20)
[2026-01-26T06:56:39.683+0000][66][info ][gc,heap     ] GC(331) Old regions: 72->72
[2026-01-26T06:56:39.683+0000][66][info ][gc,heap     ] GC(331) Humongous regions: 0->0
[2026-01-26T06:56:39.684+0000][66][info ][gc,metaspace] GC(331) Metaspace: 133266K(136704K)->133266K(136704K) NonClass: 115496K(117312K)->115496K(117312K) Class: 17770K(19392K)->17770K(19392K)
[2026-01-26T06:56:39.684+0000][66][info ][gc          ] GC(331) Pause Young (Normal) (G1 Evacuation Pause) 895M->302M(1024M) 19.750ms
[2026-01-26T06:56:39.684+0000][66][info ][gc,cpu      ] GC(331) User=0.03s Sys=0.00s Real=0.02s
[2026-01-26T06:56:39.685+0000][66][info ][safepoint   ] Safepoint "G1CollectForAllocation", Time since last: 2545762474 ns, Reaching safepoint: 19301 ns, Cleanup: 4800 ns, At safepoint: 20641423 ns, Total: 20665524 ns
[2026-01-26T06:56:41.686+0000][66][info ][safepoint   ] Safepoint "Cleanup", Time since last: 2000690269 ns, Reaching safepoint: 17702 ns, Cleanup: 13601 ns, At safepoint: 3500 ns, Total: 34803 ns
[2026-01-26T06:56:44.155+0000][66][info ][gc,start    ] GC(332) Pause Young (Normal) (G1 Evacuation Pause)
[2026-01-26T06:56:44.155+0000][66][info ][gc,task     ] GC(332) Using 6 workers of 6 for evacuation
[2026-01-26T06:56:44.156+0000][66][debug][gc,age      ] GC(332) Desired survivor size 41943040 bytes, new threshold 15 (max threshold 15)
[2026-01-26T06:56:44.167+0000][66][info ][gc,phases   ] GC(332)   Pre Evacuate Collection Set: 0.4ms
[2026-01-26T06:56:44.167+0000][66][info ][gc,phases   ] GC(332)   Merge Heap Roots: 0.2ms
[2026-01-26T06:56:44.167+0000][66][info ][gc,phases   ] GC(332)   Evacuate Collection Set: 9.0ms
[2026-01-26T06:56:44.168+0000][66][info ][gc,phases   ] GC(332)   Post Evacuate Collection Set: 1.1ms
[2026-01-26T06:56:44.168+0000][66][info ][gc,phases   ] GC(332)   Other: 0.7ms
[2026-01-26T06:56:44.168+0000][66][trace][gc,age      ] GC(332) Age table with threshold 15 (max threshold 15)
[2026-01-26T06:56:44.169+0000][66][trace][gc,age      ] GC(332) - age   1:   18161976 bytes,   18161976 total
[2026-01-26T06:56:44.169+0000][66][trace][gc,age      ] GC(332) - age   2:    8139640 bytes,   26301616 total
[2026-01-26T06:56:44.169+0000][66][trace][gc,age      ] GC(332) - age   3:     474944 bytes,   26776560 total
[2026-01-26T06:56:44.170+0000][66][trace][gc,age      ] GC(332) - age   4:      61600 bytes,   26838160 total
[2026-01-26T06:56:44.170+0000][66][trace][gc,age      ] GC(332) - age   5:       1040 bytes,   26839200 total
[2026-01-26T06:56:44.170+0000][66][trace][gc,age      ] GC(332) - age   6:        568 bytes,   26839768 total
[2026-01-26T06:56:44.171+0000][66][trace][gc,age      ] GC(332) - age   7:      59448 bytes,   26899216 total
[2026-01-26T06:56:44.171+0000][66][trace][gc,age      ] GC(332) - age   8:      66320 bytes,   26965536 total
[2026-01-26T06:56:44.171+0000][66][trace][gc,age      ] GC(332) - age   9:      60408 bytes,   27025944 total
[2026-01-26T06:56:44.172+0000][66][trace][gc,age      ] GC(332) - age  10:        432 bytes,   27026376 total
[2026-01-26T06:56:44.172+0000][66][trace][gc,age      ] GC(332) - age  11:     167336 bytes,   27193712 total
[2026-01-26T06:56:44.173+0000][66][trace][gc,age      ] GC(332) - age  12:        648 bytes,   27194360 total
[2026-01-26T06:56:44.173+0000][66][trace][gc,age      ] GC(332) - age  13:      59632 bytes,   27253992 total
[2026-01-26T06:56:44.173+0000][66][trace][gc,age      ] GC(332) - age  14:      59440 bytes,   27313432 total
[2026-01-26T06:56:44.174+0000][66][trace][gc,age      ] GC(332) - age  15:       5464 bytes,   27318896 total
[2026-01-26T06:56:44.174+0000][66][info ][gc,heap     ] GC(332) Eden regions: 149->0(143)
[2026-01-26T06:56:44.174+0000][66][info ][gc,heap     ] GC(332) Survivor regions: 4->7(20)
[2026-01-26T06:56:44.175+0000][66][info ][gc,heap     ] GC(332) Old regions: 72->72
[2026-01-26T06:56:44.175+0000][66][info ][gc,heap     ] GC(332) Humongous regions: 0->0
[2026-01-26T06:56:44.175+0000][66][info ][gc,metaspace] GC(332) Metaspace: 133266K(136704K)->133266K(136704K) NonClass: 115496K(117312K)->115496K(117312K) Class: 17770K(19392K)->17770K(19392K)
[2026-01-26T06:56:44.176+0000][66][info ][gc          ] GC(332) Pause Young (Normal) (G1 Evacuation Pause) 898M->313M(1024M) 20.799ms
[2026-01-26T06:56:44.176+0000][66][info ][gc,cpu      ] GC(332) User=0.04s Sys=0.00s Real=0.02s
[2026-01-26T06:56:44.176+0000][66][info ][safepoint   ] Safepoint "G1CollectForAllocation", Time since last: 2469284132 ns, Reaching safepoint: 14901 ns, Cleanup: 4201 ns, At safepoint: 21534888 ns, Total: 21553990 ns
[2026-01-26T06:56:45.177+0000][66][info ][safepoint   ] Safepoint "Cleanup", Time since last: 1000467153 ns, Reaching safepoint: 20401 ns, Cleanup: 15202 ns, At safepoint: 4500 ns, Total: 40103 ns
[2026-01-26T06:56:47.384+0000][66][info ][gc,start    ] GC(333) Pause Young (Normal) (G1 Evacuation Pause)
[2026-01-26T06:56:47.384+0000][66][info ][gc,task     ] GC(333) Using 6 workers of 6 for evacuation
[2026-01-26T06:56:47.386+0000][66][debug][gc,age      ] GC(333) Desired survivor size 39845888 bytes, new threshold 15 (max threshold 15)
[2026-01-26T06:56:47.402+0000][66][info ][gc,phases   ] GC(333)   Pre Evacuate Collection Set: 0.5ms
[2026-01-26T06:56:47.403+0000][66][info ][gc,phases   ] GC(333)   Merge Heap Roots: 0.3ms
[2026-01-26T06:56:47.403+0000][66][info ][gc,phases   ] GC(333)   Evacuate Collection Set: 13.1ms
[2026-01-26T06:56:47.403+0000][66][info ][gc,phases   ] GC(333)   Post Evacuate Collection Set: 2.2ms
[2026-01-26T06:56:47.404+0000][66][info ][gc,phases   ] GC(333)   Other: 1.8ms
[2026-01-26T06:56:47.404+0000][66][trace][gc,age      ] GC(333) Age table with threshold 15 (max threshold 15)
[2026-01-26T06:56:47.404+0000][66][trace][gc,age      ] GC(333) - age   1:   12466032 bytes,   12466032 total
[2026-01-26T06:56:47.405+0000][66][trace][gc,age      ] GC(333) - age   2:   10197416 bytes,   22663448 total
[2026-01-26T06:56:47.405+0000][66][trace][gc,age      ] GC(333) - age   3:    7221528 bytes,   29884976 total
[2026-01-26T06:56:47.405+0000][66][trace][gc,age      ] GC(333) - age   4:     474608 bytes,   30359584 total
[2026-01-26T06:56:47.406+0000][66][trace][gc,age      ] GC(333) - age   5:      61352 bytes,   30420936 total
[2026-01-26T06:56:47.406+0000][66][trace][gc,age      ] GC(333) - age   6:       1040 bytes,   30421976 total
[2026-01-26T06:56:47.406+0000][66][trace][gc,age      ] GC(333) - age   7:        568 bytes,   30422544 total
[2026-01-26T06:56:47.407+0000][66][trace][gc,age      ] GC(333) - age   8:      59448 bytes,   30481992 total
[2026-01-26T06:56:47.407+0000][66][trace][gc,age      ] GC(333) - age   9:      66320 bytes,   30548312 total
[2026-01-26T06:56:47.407+0000][66][trace][gc,age      ] GC(333) - age  10:      60408 bytes,   30608720 total
[2026-01-26T06:56:47.408+0000][66][trace][gc,age      ] GC(333) - age  11:        432 bytes,   30609152 total
[2026-01-26T06:56:47.408+0000][66][trace][gc,age      ] GC(333) - age  12:     167336 bytes,   30776488 total
[2026-01-26T06:56:47.408+0000][66][trace][gc,age      ] GC(333) - age  13:        648 bytes,   30777136 total
[2026-01-26T06:56:47.408+0000][66][trace][gc,age      ] GC(333) - age  14:      59632 bytes,   30836768 total
[2026-01-26T06:56:47.409+0000][66][trace][gc,age      ] GC(333) - age  15:      59440 bytes,   30896208 total
[2026-01-26T06:56:47.409+0000][66][info ][gc,heap     ] GC(333) Eden regions: 143->0(141)
[2026-01-26T06:56:47.409+0000][66][info ][gc,heap     ] GC(333) Survivor regions: 7->8(19)
[2026-01-26T06:56:47.410+0000][66][info ][gc,heap     ] GC(333) Old regions: 72->72
[2026-01-26T06:56:47.410+0000][66][info ][gc,heap     ] GC(333) Humongous regions: 0->0
[2026-01-26T06:56:47.411+0000][66][info ][gc,metaspace] GC(333) Metaspace: 133266K(136704K)->133266K(136704K) NonClass: 115496K(117312K)->115496K(117312K) Class: 17770K(19392K)->17770K(19392K)
[2026-01-26T06:56:47.411+0000][66][info ][gc          ] GC(333) Pause Young (Normal) (G1 Evacuation Pause) 885M->318M(1024M) 26.928ms
[2026-01-26T06:56:47.411+0000][66][info ][gc,cpu      ] GC(333) User=0.06s Sys=0.00s Real=0.03s
[2026-01-26T06:56:47.412+0000][66][info ][safepoint   ] Safepoint "G1CollectForAllocation", Time since last: 2206990534 ns, Reaching safepoint: 26302 ns, Cleanup: 6701 ns, At safepoint: 27763272 ns, Total: 27796275 ns
[2026-01-26T06:56:49.386+0000][66][info ][safepoint   ] Safepoint "Cleanup", Time since last: 1974121053 ns, Reaching safepoint: 18201 ns, Cleanup: 12801 ns, At safepoint: 3800 ns, Total: 34802 ns
[2026-01-26T06:56:51.088+0000][66][info ][gc,start    ] GC(334) Pause Young (Normal) (G1 Evacuation Pause)
[2026-01-26T06:56:51.088+0000][66][info ][gc,task     ] GC(334) Using 6 workers of 6 for evacuation
[2026-01-26T06:56:51.089+0000][66][debug][gc,age      ] GC(334) Desired survivor size 39845888 bytes, new threshold 15 (max threshold 15)
[2026-01-26T06:56:51.098+0000][66][info ][gc,phases   ] GC(334)   Pre Evacuate Collection Set: 0.5ms
[2026-01-26T06:56:51.098+0000][66][info ][gc,phases   ] GC(334)   Merge Heap Roots: 0.3ms
[2026-01-26T06:56:51.099+0000][66][info ][gc,phases   ] GC(334)   Evacuate Collection Set: 6.3ms
[2026-01-26T06:56:51.099+0000][66][info ][gc,phases   ] GC(334)   Post Evacuate Collection Set: 1.4ms
[2026-01-26T06:56:51.099+0000][66][info ][gc,phases   ] GC(334)   Other: 0.9ms
[2026-01-26T06:56:51.100+0000][66][trace][gc,age      ] GC(334) Age table with threshold 15 (max threshold 15)
[2026-01-26T06:56:51.100+0000][66][trace][gc,age      ] GC(334) - age   1:   13307072 bytes,   13307072 total
[2026-01-26T06:56:51.101+0000][66][trace][gc,age      ] GC(334) - age   2:    1421960 bytes,   14729032 total
[2026-01-26T06:56:51.101+0000][66][trace][gc,age      ] GC(334) - age   3:       1760 bytes,   14730792 total
[2026-01-26T06:56:51.102+0000][66][trace][gc,age      ] GC(334) - age   4:      79272 bytes,   14810064 total
[2026-01-26T06:56:51.102+0000][66][trace][gc,age      ] GC(334) - age   5:     472504 bytes,   15282568 total
[2026-01-26T06:56:51.102+0000][66][trace][gc,age      ] GC(334) - age   6:      59432 bytes,   15342000 total
[2026-01-26T06:56:51.103+0000][66][trace][gc,age      ] GC(334) - age   7:       1040 bytes,   15343040 total
[2026-01-26T06:56:51.103+0000][66][trace][gc,age      ] GC(334) - age   9:      59448 bytes,   15402488 total
[2026-01-26T06:56:51.103+0000][66][trace][gc,age      ] GC(334) - age  10:      66320 bytes,   15468808 total
[2026-01-26T06:56:51.104+0000][66][trace][gc,age      ] GC(334) - age  11:      60408 bytes,   15529216 total
[2026-01-26T06:56:51.104+0000][66][trace][gc,age      ] GC(334) - age  12:        432 bytes,   15529648 total
[2026-01-26T06:56:51.104+0000][66][trace][gc,age      ] GC(334) - age  13:     167336 bytes,   15696984 total
[2026-01-26T06:56:51.105+0000][66][trace][gc,age      ] GC(334) - age  14:        648 bytes,   15697632 total
[2026-01-26T06:56:51.105+0000][66][trace][gc,age      ] GC(334) - age  15:      59632 bytes,   15757264 total
[2026-01-26T06:56:51.106+0000][66][info ][gc,heap     ] GC(334) Eden regions: 141->0(147)
[2026-01-26T06:56:51.106+0000][66][info ][gc,heap     ] GC(334) Survivor regions: 8->5(19)
[2026-01-26T06:56:51.106+0000][66][info ][gc,heap     ] GC(334) Old regions: 72->72
[2026-01-26T06:56:51.107+0000][66][info ][gc,heap     ] GC(334) Humongous regions: 0->0
[2026-01-26T06:56:51.107+0000][66][info ][gc,metaspace] GC(334) Metaspace: 133267K(136704K)->133267K(136704K) NonClass: 115497K(117312K)->115497K(117312K) Class: 17770K(19392K)->17770K(19392K)
[2026-01-26T06:56:51.107+0000][66][info ][gc          ] GC(334) Pause Young (Normal) (G1 Evacuation Pause) 882M->303M(1024M) 19.479ms
[2026-01-26T06:56:51.108+0000][66][info ][gc,cpu      ] GC(334) User=0.02s Sys=0.01s Real=0.02s
[2026-01-26T06:56:51.108+0000][66][info ][safepoint   ] Safepoint "G1CollectForAllocation", Time since last: 1701771524 ns, Reaching safepoint: 147611 ns, Cleanup: 6600 ns, At safepoint: 20317917 ns, Total: 20472128 ns
[2026-01-26T06:56:52.109+0000][66][info ][safepoint   ] Safepoint "Cleanup", Time since last: 1000630689 ns, Reaching safepoint: 18302 ns, Cleanup: 13001 ns, At safepoint: 3400 ns, Total: 34703 ns
[2026-01-26T06:56:53.668+0000][66][info ][gc,start    ] GC(335) Pause Young (Normal) (G1 Evacuation Pause)
[2026-01-26T06:56:53.669+0000][66][info ][gc,task     ] GC(335) Using 6 workers of 6 for evacuation
[2026-01-26T06:56:53.669+0000][66][debug][gc,age      ] GC(335) Desired survivor size 39845888 bytes, new threshold 15 (max threshold 15)
[2026-01-26T06:56:53.679+0000][66][info ][gc,phases   ] GC(335)   Pre Evacuate Collection Set: 0.3ms
[2026-01-26T06:56:53.679+0000][66][info ][gc,phases   ] GC(335)   Merge Heap Roots: 0.1ms
[2026-01-26T06:56:53.680+0000][66][info ][gc,phases   ] GC(335)   Evacuate Collection Set: 7.7ms
[2026-01-26T06:56:53.680+0000][66][info ][gc,phases   ] GC(335)   Post Evacuate Collection Set: 1.2ms
[2026-01-26T06:56:53.680+0000][66][info ][gc,phases   ] GC(335)   Other: 0.7ms
[2026-01-26T06:56:53.680+0000][66][trace][gc,age      ] GC(335) Age table with threshold 15 (max threshold 15)
[2026-01-26T06:56:53.681+0000][66][trace][gc,age      ] GC(335) - age   1:    8852112 bytes,    8852112 total
[2026-01-26T06:56:53.681+0000][66][trace][gc,age      ] GC(335) - age   2:    9129896 bytes,   17982008 total
[2026-01-26T06:56:53.681+0000][66][trace][gc,age      ] GC(335) - age   3:    1421608 bytes,   19403616 total
[2026-01-26T06:56:53.681+0000][66][trace][gc,age      ] GC(335) - age   4:       1208 bytes,   19404824 total
[2026-01-26T06:56:53.682+0000][66][trace][gc,age      ] GC(335) - age   5:      79272 bytes,   19484096 total
[2026-01-26T06:56:53.682+0000][66][trace][gc,age      ] GC(335) - age   6:     472504 bytes,   19956600 total
[2026-01-26T06:56:53.682+0000][66][trace][gc,age      ] GC(335) - age   7:      59432 bytes,   20016032 total
[2026-01-26T06:56:53.682+0000][66][trace][gc,age      ] GC(335) - age   8:       1040 bytes,   20017072 total
[2026-01-26T06:56:53.683+0000][66][trace][gc,age      ] GC(335) - age  10:      59448 bytes,   20076520 total
[2026-01-26T06:56:53.683+0000][66][trace][gc,age      ] GC(335) - age  11:      66320 bytes,   20142840 total
[2026-01-26T06:56:53.683+0000][66][trace][gc,age      ] GC(335) - age  12:      60408 bytes,   20203248 total
[2026-01-26T06:56:53.683+0000][66][trace][gc,age      ] GC(335) - age  13:        432 bytes,   20203680 total
[2026-01-26T06:56:53.683+0000][66][trace][gc,age      ] GC(335) - age  14:     167336 bytes,   20371016 total
[2026-01-26T06:56:53.684+0000][66][trace][gc,age      ] GC(335) - age  15:        648 bytes,   20371664 total
[2026-01-26T06:56:53.684+0000][66][info ][gc,heap     ] GC(335) Eden regions: 147->0(145)
[2026-01-26T06:56:53.684+0000][66][info ][gc,heap     ] GC(335) Survivor regions: 5->6(19)
[2026-01-26T06:56:53.685+0000][66][info ][gc,heap     ] GC(335) Old regions: 72->72
[2026-01-26T06:56:53.685+0000][66][info ][gc,heap     ] GC(335) Humongous regions: 0->0
[2026-01-26T06:56:53.685+0000][66][info ][gc,metaspace] GC(335) Metaspace: 133267K(136704K)->133267K(136704K) NonClass: 115497K(117312K)->115497K(117312K) Class: 17770K(19392K)->17770K(19392K)
[2026-01-26T06:56:53.685+0000][66][info ][gc          ] GC(335) Pause Young (Normal) (G1 Evacuation Pause) 891M->308M(1024M) 16.811ms
[2026-01-26T06:56:53.686+0000][66][info ][gc,cpu      ] GC(335) User=0.03s Sys=0.01s Real=0.01s
[2026-01-26T06:56:53.686+0000][66][info ][safepoint   ] Safepoint "G1CollectForAllocation", Time since last: 1559694376 ns, Reaching safepoint: 21202 ns, Cleanup: 5500 ns, At safepoint: 17456712 ns, Total: 17483414 ns
[2026-01-26T06:56:54.686+0000][66][info ][safepoint   ] Safepoint "Cleanup", Time since last: 1000519402 ns, Reaching safepoint: 20102 ns, Cleanup: 14801 ns, At safepoint: 3800 ns, Total: 38703 ns
[2026-01-26T06:56:55.856+0000][66][info ][gc,start    ] GC(336) Pause Young (Normal) (G1 Evacuation Pause)
[2026-01-26T06:56:55.857+0000][66][info ][gc,task     ] GC(336) Using 6 workers of 6 for evacuation
[2026-01-26T06:56:55.857+0000][66][debug][gc,age      ] GC(336) Desired survivor size 39845888 bytes, new threshold 15 (max threshold 15)
[2026-01-26T06:56:55.868+0000][66][info ][gc,phases   ] GC(336)   Pre Evacuate Collection Set: 0.4ms
[2026-01-26T06:56:55.868+0000][66][info ][gc,phases   ] GC(336)   Merge Heap Roots: 0.2ms
[2026-01-26T06:56:55.868+0000][66][info ][gc,phases   ] GC(336)   Evacuate Collection Set: 8.3ms
[2026-01-26T06:56:55.869+0000][66][info ][gc,phases   ] GC(336)   Post Evacuate Collection Set: 1.3ms
[2026-01-26T06:56:55.869+0000][66][info ][gc,phases   ] GC(336)   Other: 0.8ms
[2026-01-26T06:56:55.869+0000][66][trace][gc,age      ] GC(336) Age table with threshold 15 (max threshold 15)
[2026-01-26T06:56:55.870+0000][66][trace][gc,age      ] GC(336) - age   1:   10455680 bytes,   10455680 total
[2026-01-26T06:56:55.870+0000][66][trace][gc,age      ] GC(336) - age   2:    5366144 bytes,   15821824 total
[2026-01-26T06:56:55.870+0000][66][trace][gc,age      ] GC(336) - age   3:    7838424 bytes,   23660248 total
[2026-01-26T06:56:55.871+0000][66][trace][gc,age      ] GC(336) - age   4:    1420456 bytes,   25080704 total
[2026-01-26T06:56:55.871+0000][66][trace][gc,age      ] GC(336) - age   5:       1208 bytes,   25081912 total
[2026-01-26T06:56:55.871+0000][66][trace][gc,age      ] GC(336) - age   6:      79272 bytes,   25161184 total
[2026-01-26T06:56:55.872+0000][66][trace][gc,age      ] GC(336) - age   7:     471928 bytes,   25633112 total
[2026-01-26T06:56:55.872+0000][66][trace][gc,age      ] GC(336) - age   8:      59432 bytes,   25692544 total
[2026-01-26T06:56:55.872+0000][66][trace][gc,age      ] GC(336) - age   9:       1040 bytes,   25693584 total
[2026-01-26T06:56:55.872+0000][66][trace][gc,age      ] GC(336) - age  11:      59448 bytes,   25753032 total
[2026-01-26T06:56:55.873+0000][66][trace][gc,age      ] GC(336) - age  12:      66320 bytes,   25819352 total
[2026-01-26T06:56:55.873+0000][66][trace][gc,age      ] GC(336) - age  13:      60408 bytes,   25879760 total
[2026-01-26T06:56:55.873+0000][66][trace][gc,age      ] GC(336) - age  14:        432 bytes,   25880192 total
[2026-01-26T06:56:55.873+0000][66][trace][gc,age      ] GC(336) - age  15:     167336 bytes,   26047528 total
[2026-01-26T06:56:55.874+0000][66][info ][gc,heap     ] GC(336) Eden regions: 145->0(143)
[2026-01-26T06:56:55.874+0000][66][info ][gc,heap     ] GC(336) Survivor regions: 6->7(19)
[2026-01-26T06:56:55.874+0000][66][info ][gc,heap     ] GC(336) Old regions: 72->72
[2026-01-26T06:56:55.874+0000][66][info ][gc,heap     ] GC(336) Humongous regions: 0->0
[2026-01-26T06:56:55.874+0000][66][info ][gc,metaspace] GC(336) Metaspace: 133268K(136704K)->133268K(136704K) NonClass: 115498K(117312K)->115498K(117312K) Class: 17770K(19392K)->17770K(19392K)
[2026-01-26T06:56:55.875+0000][66][info ][gc          ] GC(336) Pause Young (Normal) (G1 Evacuation Pause) 888M->314M(1024M) 18.608ms
[2026-01-26T06:56:55.875+0000][66][info ][gc,cpu      ] GC(336) User=0.04s Sys=0.01s Real=0.02s
[2026-01-26T06:56:55.875+0000][66][info ][safepoint   ] Safepoint "G1CollectForAllocation", Time since last: 1169593311 ns, Reaching safepoint: 18201 ns, Cleanup: 4601 ns, At safepoint: 19202943 ns, Total: 19225745 ns
[2026-01-26T06:56:56.876+0000][66][info ][safepoint   ] Safepoint "Cleanup", Time since last: 1000459898 ns, Reaching safepoint: 167412 ns, Cleanup: 12701 ns, At safepoint: 83407 ns, Total: 263520 ns
[2026-01-26T06:56:58.447+0000][66][info ][gc,start    ] GC(337) Pause Young (Normal) (G1 Evacuation Pause)
[2026-01-26T06:56:58.447+0000][66][info ][gc,task     ] GC(337) Using 6 workers of 6 for evacuation
[2026-01-26T06:56:58.447+0000][66][debug][gc,age      ] GC(337) Desired survivor size 39845888 bytes, new threshold 15 (max threshold 15)
[2026-01-26T06:56:58.459+0000][66][info ][gc,phases   ] GC(337)   Pre Evacuate Collection Set: 0.4ms
[2026-01-26T06:56:58.460+0000][66][info ][gc,phases   ] GC(337)   Merge Heap Roots: 0.2ms
[2026-01-26T06:56:58.460+0000][66][info ][gc,phases   ] GC(337)   Evacuate Collection Set: 9.4ms
[2026-01-26T06:56:58.460+0000][66][info ][gc,phases   ] GC(337)   Post Evacuate Collection Set: 1.4ms
[2026-01-26T06:56:58.461+0000][66][info ][gc,phases   ] GC(337)   Other: 0.8ms
[2026-01-26T06:56:58.461+0000][66][trace][gc,age      ] GC(337) Age table with threshold 15 (max threshold 15)
[2026-01-26T06:56:58.461+0000][66][trace][gc,age      ] GC(337) - age   1:   11262776 bytes,   11262776 total
[2026-01-26T06:56:58.462+0000][66][trace][gc,age      ] GC(337) - age   2:    6008744 bytes,   17271520 total
[2026-01-26T06:56:58.462+0000][66][trace][gc,age      ] GC(337) - age   3:    5194904 bytes,   22466424 total
[2026-01-26T06:56:58.462+0000][66][trace][gc,age      ] GC(337) - age   4:    7805640 bytes,   30272064 total
[2026-01-26T06:56:58.463+0000][66][trace][gc,age      ] GC(337) - age   5:    1420376 bytes,   31692440 total
[2026-01-26T06:56:58.463+0000][66][trace][gc,age      ] GC(337) - age   6:       1208 bytes,   31693648 total
[2026-01-26T06:56:58.463+0000][66][trace][gc,age      ] GC(337) - age   7:      79272 bytes,   31772920 total
[2026-01-26T06:56:58.463+0000][66][trace][gc,age      ] GC(337) - age   8:     471928 bytes,   32244848 total
[2026-01-26T06:56:58.464+0000][66][trace][gc,age      ] GC(337) - age   9:      59256 bytes,   32304104 total
[2026-01-26T06:56:58.464+0000][66][trace][gc,age      ] GC(337) - age  10:       1040 bytes,   32305144 total
[2026-01-26T06:56:58.464+0000][66][trace][gc,age      ] GC(337) - age  12:      59448 bytes,   32364592 total
[2026-01-26T06:56:58.464+0000][66][trace][gc,age      ] GC(337) - age  13:      66320 bytes,   32430912 total
[2026-01-26T06:56:58.465+0000][66][trace][gc,age      ] GC(337) - age  14:      60408 bytes,   32491320 total
[2026-01-26T06:56:58.465+0000][66][trace][gc,age      ] GC(337) - age  15:        400 bytes,   32491720 total
[2026-01-26T06:56:58.465+0000][66][info ][gc,heap     ] GC(337) Eden regions: 143->0(139)
[2026-01-26T06:56:58.466+0000][66][info ][gc,heap     ] GC(337) Survivor regions: 7->9(19)
[2026-01-26T06:56:58.466+0000][66][info ][gc,heap     ] GC(337) Old regions: 72->72
[2026-01-26T06:56:58.466+0000][66][info ][gc,heap     ] GC(337) Humongous regions: 0->0
[2026-01-26T06:56:58.467+0000][66][info ][gc,metaspace] GC(337) Metaspace: 133268K(136704K)->133268K(136704K) NonClass: 115498K(117312K)->115498K(117312K) Class: 17770K(19392K)->17770K(19392K)
[2026-01-26T06:56:58.467+0000][66][info ][gc          ] GC(337) Pause Young (Normal) (G1 Evacuation Pause) 886M->322M(1024M) 20.325ms
[2026-01-26T06:56:58.468+0000][66][info ][gc,cpu      ] GC(337) User=0.05s Sys=0.00s Real=0.02s
[2026-01-26T06:56:58.468+0000][66][info ][safepoint   ] Safepoint "G1CollectForAllocation", Time since last: 1570667056 ns, Reaching safepoint: 18602 ns, Cleanup: 4900 ns, At safepoint: 21270199 ns, Total: 21293701 ns
[2026-01-26T06:57:00.580+0000][66][info ][gc,start    ] GC(338) Pause Young (Normal) (G1 Evacuation Pause)
[2026-01-26T06:57:00.581+0000][66][info ][gc,task     ] GC(338) Using 6 workers of 6 for evacuation
[2026-01-26T06:57:00.581+0000][66][debug][gc,age      ] GC(338) Desired survivor size 39845888 bytes, new threshold 15 (max threshold 15)
[2026-01-26T06:57:00.597+0000][66][info ][gc,phases   ] GC(338)   Pre Evacuate Collection Set: 0.4ms
[2026-01-26T06:57:00.597+0000][66][info ][gc,phases   ] GC(338)   Merge Heap Roots: 0.2ms
[2026-01-26T06:57:00.598+0000][66][info ][gc,phases   ] GC(338)   Evacuate Collection Set: 13.1ms
[2026-01-26T06:57:00.598+0000][66][info ][gc,phases   ] GC(338)   Post Evacuate Collection Set: 1.8ms
[2026-01-26T06:57:00.598+0000][66][info ][gc,phases   ] GC(338)   Other: 0.6ms
[2026-01-26T06:57:00.599+0000][66][trace][gc,age      ] GC(338) Age table with threshold 15 (max threshold 15)
[2026-01-26T06:57:00.599+0000][66][trace][gc,age      ] GC(338) - age   1:    7032648 bytes,    7032648 total
[2026-01-26T06:57:00.599+0000][66][trace][gc,age      ] GC(338) - age   2:    7702104 bytes,   14734752 total
[2026-01-26T06:57:00.600+0000][66][trace][gc,age      ] GC(338) - age   3:    5087056 bytes,   19821808 total
[2026-01-26T06:57:00.600+0000][66][trace][gc,age      ] GC(338) - age   4:    4685472 bytes,   24507280 total
[2026-01-26T06:57:00.600+0000][66][trace][gc,age      ] GC(338) - age   5:    6853712 bytes,   31360992 total
[2026-01-26T06:57:00.600+0000][66][trace][gc,age      ] GC(338) - age   6:    1178896 bytes,   32539888 total
[2026-01-26T06:57:00.601+0000][66][trace][gc,age      ] GC(338) - age   7:       1208 bytes,   32541096 total
[2026-01-26T06:57:00.601+0000][66][trace][gc,age      ] GC(338) - age   8:      79024 bytes,   32620120 total
[2026-01-26T06:57:00.601+0000][66][trace][gc,age      ] GC(338) - age   9:     471928 bytes,   33092048 total
[2026-01-26T06:57:00.601+0000][66][trace][gc,age      ] GC(338) - age  10:      59256 bytes,   33151304 total
[2026-01-26T06:57:00.602+0000][66][trace][gc,age      ] GC(338) - age  11:       1040 bytes,   33152344 total
[2026-01-26T06:57:00.603+0000][66][trace][gc,age      ] GC(338) - age  13:      59448 bytes,   33211792 total
[2026-01-26T06:57:00.603+0000][66][trace][gc,age      ] GC(338) - age  14:      66320 bytes,   33278112 total
[2026-01-26T06:57:00.604+0000][66][trace][gc,age      ] GC(338) - age  15:      60408 bytes,   33338520 total
[2026-01-26T06:57:00.605+0000][66][info ][gc,heap     ] GC(338) Eden regions: 139->0(139)
[2026-01-26T06:57:00.607+0000][66][info ][gc,heap     ] GC(338) Survivor regions: 9->9(19)
[2026-01-26T06:57:00.608+0000][66][info ][gc,heap     ] GC(338) Old regions: 72->72
[2026-01-26T06:57:00.608+0000][66][info ][gc,heap     ] GC(338) Humongous regions: 0->0
[2026-01-26T06:57:00.612+0000][66][info ][gc,metaspace] GC(338) Metaspace: 133268K(136704K)->133268K(136704K) NonClass: 115498K(117312K)->115498K(117312K) Class: 17770K(19392K)->17770K(19392K)
[2026-01-26T06:57:00.613+0000][66][info ][gc          ] GC(338) Pause Young (Normal) (G1 Evacuation Pause) 878M->322M(1024M) 32.223ms
[2026-01-26T06:57:00.613+0000][66][info ][gc,cpu      ] GC(338) User=0.06s Sys=0.00s Real=0.03s
[2026-01-26T06:57:00.613+0000][66][info ][safepoint   ] Safepoint "G1CollectForAllocation", Time since last: 2112203990 ns, Reaching safepoint: 139311 ns, Cleanup: 7400 ns, At safepoint: 33155586 ns, Total: 33302297 ns
[2026-01-26T06:57:02.326+0000][66][info ][safepoint   ] Safepoint "Cleanup", Time since last: 1713911584 ns, Reaching safepoint: 134110 ns, Cleanup: 17501 ns, At safepoint: 46004 ns, Total: 197615 ns
[2026-01-26T06:57:04.095+0000][66][info ][safepoint   ] Safepoint "Cleanup", Time since last: 1768996613 ns, Reaching safepoint: 19302 ns, Cleanup: 18301 ns, At safepoint: 3800 ns, Total: 41403 ns
[2026-01-26T06:57:06.442+0000][66][info ][safepoint   ] Safepoint "Cleanup", Time since last: 2347498082 ns, Reaching safepoint: 6500 ns, Cleanup: 7001 ns, At safepoint: 2700 ns, Total: 16201 ns
[2026-01-26T06:57:07.783+0000][66][info ][gc,start    ] GC(339) Pause Young (Normal) (G1 Evacuation Pause)
[2026-01-26T06:57:07.783+0000][66][info ][gc,task     ] GC(339) Using 6 workers of 6 for evacuation
[2026-01-26T06:57:07.783+0000][66][debug][gc,age      ] GC(339) Desired survivor size 39845888 bytes, new threshold 15 (max threshold 15)
[2026-01-26T06:57:07.793+0000][66][info ][gc,phases   ] GC(339)   Pre Evacuate Collection Set: 0.3ms
[2026-01-26T06:57:07.793+0000][66][info ][gc,phases   ] GC(339)   Merge Heap Roots: 0.1ms
[2026-01-26T06:57:07.794+0000][66][info ][gc,phases   ] GC(339)   Evacuate Collection Set: 7.3ms
[2026-01-26T06:57:07.794+0000][66][info ][gc,phases   ] GC(339)   Post Evacuate Collection Set: 1.2ms
[2026-01-26T06:57:07.794+0000][66][info ][gc,phases   ] GC(339)   Other: 0.8ms
[2026-01-26T06:57:07.794+0000][66][trace][gc,age      ] GC(339) Age table with threshold 15 (max threshold 15)
[2026-01-26T06:57:07.795+0000][66][trace][gc,age      ] GC(339) - age   1:   18304688 bytes,   18304688 total
[2026-01-26T06:57:07.795+0000][66][trace][gc,age      ] GC(339) - age   2:    3262440 bytes,   21567128 total
[2026-01-26T06:57:07.795+0000][66][trace][gc,age      ] GC(339) - age   3:        336 bytes,   21567464 total
[2026-01-26T06:57:07.796+0000][66][trace][gc,age      ] GC(339) - age   4:        992 bytes,   21568456 total
[2026-01-26T06:57:07.796+0000][66][trace][gc,age      ] GC(339) - age   5:     486528 bytes,   22054984 total
[2026-01-26T06:57:07.796+0000][66][trace][gc,age      ] GC(339) - age   6:     688816 bytes,   22743800 total
[2026-01-26T06:57:07.797+0000][66][trace][gc,age      ] GC(339) - age   7:        552 bytes,   22744352 total
[2026-01-26T06:57:07.797+0000][66][trace][gc,age      ] GC(339) - age   8:       1112 bytes,   22745464 total
[2026-01-26T06:57:07.797+0000][66][trace][gc,age      ] GC(339) - age   9:      73272 bytes,   22818736 total
[2026-01-26T06:57:07.797+0000][66][trace][gc,age      ] GC(339) - age  10:     470056 bytes,   23288792 total
[2026-01-26T06:57:07.798+0000][66][trace][gc,age      ] GC(339) - age  11:      59072 bytes,   23347864 total
[2026-01-26T06:57:07.798+0000][66][trace][gc,age      ] GC(339) - age  12:       1040 bytes,   23348904 total
[2026-01-26T06:57:07.798+0000][66][trace][gc,age      ] GC(339) - age  14:      59448 bytes,   23408352 total
[2026-01-26T06:57:07.799+0000][66][trace][gc,age      ] GC(339) - age  15:      66320 bytes,   23474672 total
[2026-01-26T06:57:07.799+0000][66][info ][gc,heap     ] GC(339) Eden regions: 139->0(143)
[2026-01-26T06:57:07.799+0000][66][info ][gc,heap     ] GC(339) Survivor regions: 9->7(19)
[2026-01-26T06:57:07.799+0000][66][info ][gc,heap     ] GC(339) Old regions: 72->72
[2026-01-26T06:57:07.800+0000][66][info ][gc,heap     ] GC(339) Humongous regions: 0->0
[2026-01-26T06:57:07.800+0000][66][info ][gc,metaspace] GC(339) Metaspace: 133279K(136768K)->133279K(136768K) NonClass: 115509K(117376K)->115509K(117376K) Class: 17770K(19392K)->17770K(19392K)
[2026-01-26T06:57:07.800+0000][66][info ][gc          ] GC(339) Pause Young (Normal) (G1 Evacuation Pause) 878M->312M(1024M) 17.697ms
[2026-01-26T06:57:07.801+0000][66][info ][gc,cpu      ] GC(339) User=0.04s Sys=0.00s Real=0.02s
[2026-01-26T06:57:07.801+0000][66][info ][safepoint   ] Safepoint "G1CollectForAllocation", Time since last: 1339417810 ns, Reaching safepoint: 680451 ns, Cleanup: 6401 ns, At safepoint: 18305872 ns, Total: 18992724 ns
[2026-01-26T06:57:11.197+0000][66][info ][safepoint   ] Safepoint "Cleanup", Time since last: 3395663779 ns, Reaching safepoint: 15001 ns, Cleanup: 9501 ns, At safepoint: 3600 ns, Total: 28102 ns
[2026-01-26T06:57:13.316+0000][66][info ][gc,start    ] GC(340) Pause Young (Normal) (G1 Evacuation Pause)
[2026-01-26T06:57:13.317+0000][66][info ][gc,task     ] GC(340) Using 6 workers of 6 for evacuation
[2026-01-26T06:57:13.317+0000][66][debug][gc,age      ] GC(340) Desired survivor size 39845888 bytes, new threshold 15 (max threshold 15)
[2026-01-26T06:57:13.329+0000][66][info ][gc,phases   ] GC(340)   Pre Evacuate Collection Set: 0.4ms
[2026-01-26T06:57:13.330+0000][66][info ][gc,phases   ] GC(340)   Merge Heap Roots: 0.1ms
[2026-01-26T06:57:13.330+0000][66][info ][gc,phases   ] GC(340)   Evacuate Collection Set: 9.8ms
[2026-01-26T06:57:13.331+0000][66][info ][gc,phases   ] GC(340)   Post Evacuate Collection Set: 1.2ms
[2026-01-26T06:57:13.331+0000][66][info ][gc,phases   ] GC(340)   Other: 0.8ms
[2026-01-26T06:57:13.331+0000][66][trace][gc,age      ] GC(340) Age table with threshold 15 (max threshold 15)
[2026-01-26T06:57:13.332+0000][66][trace][gc,age      ] GC(340) - age   1:   19868112 bytes,   19868112 total
[2026-01-26T06:57:13.332+0000][66][trace][gc,age      ] GC(340) - age   2:    9938072 bytes,   29806184 total
[2026-01-26T06:57:13.333+0000][66][trace][gc,age      ] GC(340) - age   3:    2648664 bytes,   32454848 total
[2026-01-26T06:57:13.333+0000][66][trace][gc,age      ] GC(340) - age   4:        336 bytes,   32455184 total
[2026-01-26T06:57:13.333+0000][66][trace][gc,age      ] GC(340) - age   5:        992 bytes,   32456176 total
[2026-01-26T06:57:13.334+0000][66][trace][gc,age      ] GC(340) - age   6:        160 bytes,   32456336 total
[2026-01-26T06:57:13.334+0000][66][trace][gc,age      ] GC(340) - age   7:      84176 bytes,   32540512 total
[2026-01-26T06:57:13.335+0000][66][trace][gc,age      ] GC(340) - age   8:        528 bytes,   32541040 total
[2026-01-26T06:57:13.335+0000][66][trace][gc,age      ] GC(340) - age  10:      73256 bytes,   32614296 total
[2026-01-26T06:57:13.336+0000][66][trace][gc,age      ] GC(340) - age  11:     468032 bytes,   33082328 total
[2026-01-26T06:57:13.336+0000][66][trace][gc,age      ] GC(340) - age  12:      58688 bytes,   33141016 total
[2026-01-26T06:57:13.336+0000][66][trace][gc,age      ] GC(340) - age  13:       1040 bytes,   33142056 total
[2026-01-26T06:57:13.337+0000][66][trace][gc,age      ] GC(340) - age  15:      58344 bytes,   33200400 total
[2026-01-26T06:57:13.337+0000][66][info ][gc,heap     ] GC(340) Eden regions: 143->0(139)
[2026-01-26T06:57:13.337+0000][66][info ][gc,heap     ] GC(340) Survivor regions: 7->9(19)
[2026-01-26T06:57:13.338+0000][66][info ][gc,heap     ] GC(340) Old regions: 72->72
[2026-01-26T06:57:13.338+0000][66][info ][gc,heap     ] GC(340) Humongous regions: 0->0
[2026-01-26T06:57:13.338+0000][66][info ][gc,metaspace] GC(340) Metaspace: 133287K(136768K)->133287K(136768K) NonClass: 115516K(117376K)->115516K(117376K) Class: 17770K(19392K)->17770K(19392K)
[2026-01-26T06:57:13.339+0000][66][info ][gc          ] GC(340) Pause Young (Normal) (G1 Evacuation Pause) 884M->322M(1024M) 22.396ms
[2026-01-26T06:57:13.339+0000][66][info ][gc,cpu      ] GC(340) User=0.05s Sys=0.00s Real=0.03s
[2026-01-26T06:57:13.339+0000][66][info ][safepoint   ] Safepoint "G1CollectForAllocation", Time since last: 2119738250 ns, Reaching safepoint: 16801 ns, Cleanup: 4401 ns, At safepoint: 23129480 ns, Total: 23150682 ns
[2026-01-26T06:57:14.947+0000][66][info ][safepoint   ] Safepoint "Cleanup", Time since last: 1607500224 ns, Reaching safepoint: 7101 ns, Cleanup: 8300 ns, At safepoint: 7901 ns, Total: 23302 ns
[2026-01-26T06:57:15.972+0000][66][info ][safepoint   ] Safepoint "Cleanup", Time since last: 1025095398 ns, Reaching safepoint: 22502 ns, Cleanup: 16701 ns, At safepoint: 5401 ns, Total: 44604 ns
[2026-01-26T06:57:19.094+0000][66][info ][gc,start    ] GC(341) Pause Young (Normal) (G1 Evacuation Pause)
[2026-01-26T06:57:19.094+0000][66][info ][gc,task     ] GC(341) Using 6 workers of 6 for evacuation
[2026-01-26T06:57:19.095+0000][66][debug][gc,age      ] GC(341) Desired survivor size 39845888 bytes, new threshold 15 (max threshold 15)
[2026-01-26T06:57:19.103+0000][66][info ][gc,phases   ] GC(341)   Pre Evacuate Collection Set: 0.3ms
[2026-01-26T06:57:19.103+0000][66][info ][gc,phases   ] GC(341)   Merge Heap Roots: 0.1ms
[2026-01-26T06:57:19.104+0000][66][info ][gc,phases   ] GC(341)   Evacuate Collection Set: 6.7ms
[2026-01-26T06:57:19.104+0000][66][info ][gc,phases   ] GC(341)   Post Evacuate Collection Set: 0.9ms
[2026-01-26T06:57:19.105+0000][66][info ][gc,phases   ] GC(341)   Other: 0.9ms
[2026-01-26T06:57:19.105+0000][66][trace][gc,age      ] GC(341) Age table with threshold 15 (max threshold 15)
[2026-01-26T06:57:19.105+0000][66][trace][gc,age      ] GC(341) - age   1:   17354288 bytes,   17354288 total
[2026-01-26T06:57:19.106+0000][66][trace][gc,age      ] GC(341) - age   2:    2998904 bytes,   20353192 total
[2026-01-26T06:57:19.106+0000][66][trace][gc,age      ] GC(341) - age   3:     173584 bytes,   20526776 total
[2026-01-26T06:57:19.106+0000][66][trace][gc,age      ] GC(341) - age   4:        672 bytes,   20527448 total
[2026-01-26T06:57:19.107+0000][66][trace][gc,age      ] GC(341) - age   5:        336 bytes,   20527784 total
[2026-01-26T06:57:19.107+0000][66][trace][gc,age      ] GC(341) - age   6:        992 bytes,   20528776 total
[2026-01-26T06:57:19.107+0000][66][trace][gc,age      ] GC(341) - age   7:         96 bytes,   20528872 total
[2026-01-26T06:57:19.107+0000][66][trace][gc,age      ] GC(341) - age   8:       8104 bytes,   20536976 total
[2026-01-26T06:57:19.108+0000][66][trace][gc,age      ] GC(341) - age   9:        504 bytes,   20537480 total
[2026-01-26T06:57:19.108+0000][66][trace][gc,age      ] GC(341) - age  11:      72920 bytes,   20610400 total
[2026-01-26T06:57:19.108+0000][66][trace][gc,age      ] GC(341) - age  12:     395056 bytes,   21005456 total
[2026-01-26T06:57:19.109+0000][66][trace][gc,age      ] GC(341) - age  13:       2224 bytes,   21007680 total
[2026-01-26T06:57:19.109+0000][66][trace][gc,age      ] GC(341) - age  14:       1040 bytes,   21008720 total
[2026-01-26T06:57:19.109+0000][66][info ][gc,heap     ] GC(341) Eden regions: 139->0(145)
[2026-01-26T06:57:19.109+0000][66][info ][gc,heap     ] GC(341) Survivor regions: 9->6(19)
[2026-01-26T06:57:19.110+0000][66][info ][gc,heap     ] GC(341) Old regions: 72->72
[2026-01-26T06:57:19.110+0000][66][info ][gc,heap     ] GC(341) Humongous regions: 0->0
[2026-01-26T06:57:19.110+0000][66][info ][gc,metaspace] GC(341) Metaspace: 133292K(136768K)->133292K(136768K) NonClass: 115522K(117376K)->115522K(117376K) Class: 17770K(19392K)->17770K(19392K)
[2026-01-26T06:57:19.110+0000][66][info ][gc          ] GC(341) Pause Young (Normal) (G1 Evacuation Pause) 878M->309M(1024M) 16.678ms
[2026-01-26T06:57:19.111+0000][66][info ][gc,cpu      ] GC(341) User=0.03s Sys=0.00s Real=0.02s
[2026-01-26T06:57:19.111+0000][66][info ][safepoint   ] Safepoint "G1CollectForAllocation", Time since last: 3121531828 ns, Reaching safepoint: 15201 ns, Cleanup: 3901 ns, At safepoint: 17333854 ns, Total: 17352956 ns
[2026-01-26T06:57:23.112+0000][66][info ][safepoint   ] Safepoint "Cleanup", Time since last: 4000894583 ns, Reaching safepoint: 116209 ns, Cleanup: 12501 ns, At safepoint: 33902 ns, Total: 162612 ns
[2026-01-26T06:57:24.153+0000][66][info ][safepoint   ] Safepoint "Cleanup", Time since last: 1040721536 ns, Reaching safepoint: 177314 ns, Cleanup: 14101 ns, At safepoint: 79006 ns, Total: 270421 ns
[2026-01-26T06:57:25.619+0000][66][info ][safepoint   ] Safepoint "Cleanup", Time since last: 1466424305 ns, Reaching safepoint: 7501 ns, Cleanup: 9400 ns, At safepoint: 3301 ns, Total: 20202 ns
[2026-01-26T06:57:25.732+0000][66][info ][gc,start    ] GC(342) Pause Young (Normal) (G1 Evacuation Pause)
[2026-01-26T06:57:25.732+0000][66][info ][gc,task     ] GC(342) Using 6 workers of 6 for evacuation
[2026-01-26T06:57:25.733+0000][66][debug][gc,age      ] GC(342) Desired survivor size 39845888 bytes, new threshold 15 (max threshold 15)
[2026-01-26T06:57:25.745+0000][66][info ][gc,phases   ] GC(342)   Pre Evacuate Collection Set: 0.4ms
[2026-01-26T06:57:25.747+0000][66][info ][gc,phases   ] GC(342)   Merge Heap Roots: 0.2ms
[2026-01-26T06:57:25.748+0000][66][info ][gc,phases   ] GC(342)   Evacuate Collection Set: 9.9ms
[2026-01-26T06:57:25.748+0000][66][info ][gc,phases   ] GC(342)   Post Evacuate Collection Set: 1.6ms
[2026-01-26T06:57:25.748+0000][66][info ][gc,phases   ] GC(342)   Other: 1.0ms
[2026-01-26T06:57:25.749+0000][66][trace][gc,age      ] GC(342) Age table with threshold 15 (max threshold 15)
[2026-01-26T06:57:25.749+0000][66][trace][gc,age      ] GC(342) - age   1:   21176120 bytes,   21176120 total
[2026-01-26T06:57:25.750+0000][66][trace][gc,age      ] GC(342) - age   2:    9600712 bytes,   30776832 total
[2026-01-26T06:57:25.750+0000][66][trace][gc,age      ] GC(342) - age   3:    2487656 bytes,   33264488 total
[2026-01-26T06:57:25.751+0000][66][trace][gc,age      ] GC(342) - age   4:     173336 bytes,   33437824 total
[2026-01-26T06:57:25.751+0000][66][trace][gc,age      ] GC(342) - age   5:        672 bytes,   33438496 total
[2026-01-26T06:57:25.751+0000][66][trace][gc,age      ] GC(342) - age   6:        336 bytes,   33438832 total
[2026-01-26T06:57:25.752+0000][66][trace][gc,age      ] GC(342) - age   7:        352 bytes,   33439184 total
[2026-01-26T06:57:25.752+0000][66][trace][gc,age      ] GC(342) - age   8:         96 bytes,   33439280 total
[2026-01-26T06:57:25.753+0000][66][trace][gc,age      ] GC(342) - age   9:       8104 bytes,   33447384 total
[2026-01-26T06:57:25.753+0000][66][trace][gc,age      ] GC(342) - age  10:        504 bytes,   33447888 total
[2026-01-26T06:57:25.754+0000][66][trace][gc,age      ] GC(342) - age  12:      72920 bytes,   33520808 total
[2026-01-26T06:57:25.754+0000][66][trace][gc,age      ] GC(342) - age  13:     140168 bytes,   33660976 total
[2026-01-26T06:57:25.754+0000][66][trace][gc,age      ] GC(342) - age  14:       1872 bytes,   33662848 total
[2026-01-26T06:57:25.755+0000][66][trace][gc,age      ] GC(342) - age  15:        368 bytes,   33663216 total
[2026-01-26T06:57:25.755+0000][66][info ][gc,heap     ] GC(342) Eden regions: 145->0(139)
[2026-01-26T06:57:25.755+0000][66][info ][gc,heap     ] GC(342) Survivor regions: 6->9(19)
[2026-01-26T06:57:25.756+0000][66][info ][gc,heap     ] GC(342) Old regions: 72->72
[2026-01-26T06:57:25.756+0000][66][info ][gc,heap     ] GC(342) Humongous regions: 0->0
[2026-01-26T06:57:25.757+0000][66][info ][gc,metaspace] GC(342) Metaspace: 133296K(136768K)->133296K(136768K) NonClass: 115525K(117376K)->115525K(117376K) Class: 17770K(19392K)->17770K(19392K)
[2026-01-26T06:57:25.757+0000][66][info ][gc          ] GC(342) Pause Young (Normal) (G1 Evacuation Pause) 889M->322M(1024M) 25.170ms
[2026-01-26T06:57:25.757+0000][66][info ][gc,cpu      ] GC(342) User=0.05s Sys=0.00s Real=0.03s
[2026-01-26T06:57:25.758+0000][66][info ][safepoint   ] Safepoint "G1CollectForAllocation", Time since last: 112094913 ns, Reaching safepoint: 142211 ns, Cleanup: 6501 ns, At safepoint: 26173264 ns, Total: 26321976 ns
[2026-01-26T06:57:29.242+0000][66][info ][gc,start    ] GC(343) Pause Young (Normal) (G1 Evacuation Pause)
[2026-01-26T06:57:29.242+0000][66][info ][gc,task     ] GC(343) Using 6 workers of 6 for evacuation
[2026-01-26T06:57:29.243+0000][66][debug][gc,age      ] GC(343) Desired survivor size 39845888 bytes, new threshold 15 (max threshold 15)
[2026-01-26T06:57:29.251+0000][66][info ][gc,phases   ] GC(343)   Pre Evacuate Collection Set: 0.4ms
[2026-01-26T06:57:29.252+0000][66][info ][gc,phases   ] GC(343)   Merge Heap Roots: 0.2ms
[2026-01-26T06:57:29.252+0000][66][info ][gc,phases   ] GC(343)   Evacuate Collection Set: 5.7ms
[2026-01-26T06:57:29.253+0000][66][info ][gc,phases   ] GC(343)   Post Evacuate Collection Set: 1.4ms
[2026-01-26T06:57:29.253+0000][66][info ][gc,phases   ] GC(343)   Other: 0.9ms
[2026-01-26T06:57:29.254+0000][66][trace][gc,age      ] GC(343) Age table with threshold 15 (max threshold 15)
[2026-01-26T06:57:29.254+0000][66][trace][gc,age      ] GC(343) - age   1:   12128232 bytes,   12128232 total
[2026-01-26T06:57:29.255+0000][66][trace][gc,age      ] GC(343) - age   2:    1684256 bytes,   13812488 total
[2026-01-26T06:57:29.255+0000][66][trace][gc,age      ] GC(343) - age   3:     240240 bytes,   14052728 total
[2026-01-26T06:57:29.255+0000][66][trace][gc,age      ] GC(343) - age   4:       5936 bytes,   14058664 total
[2026-01-26T06:57:29.256+0000][66][trace][gc,age      ] GC(343) - age   5:     171816 bytes,   14230480 total
[2026-01-26T06:57:29.256+0000][66][trace][gc,age      ] GC(343) - age   6:        648 bytes,   14231128 total
[2026-01-26T06:57:29.257+0000][66][trace][gc,age      ] GC(343) - age   7:        160 bytes,   14231288 total
[2026-01-26T06:57:29.257+0000][66][trace][gc,age      ] GC(343) - age   8:        352 bytes,   14231640 total
[2026-01-26T06:57:29.257+0000][66][trace][gc,age      ] GC(343) - age   9:         96 bytes,   14231736 total
[2026-01-26T06:57:29.258+0000][66][trace][gc,age      ] GC(343) - age  10:       8104 bytes,   14239840 total
[2026-01-26T06:57:29.258+0000][66][trace][gc,age      ] GC(343) - age  11:        504 bytes,   14240344 total
[2026-01-26T06:57:29.259+0000][66][trace][gc,age      ] GC(343) - age  13:      72920 bytes,   14313264 total
[2026-01-26T06:57:29.259+0000][66][trace][gc,age      ] GC(343) - age  14:     140136 bytes,   14453400 total
[2026-01-26T06:57:29.259+0000][66][trace][gc,age      ] GC(343) - age  15:       1776 bytes,   14455176 total
[2026-01-26T06:57:29.260+0000][66][info ][gc,heap     ] GC(343) Eden regions: 139->0(149)
[2026-01-26T06:57:29.260+0000][66][info ][gc,heap     ] GC(343) Survivor regions: 9->4(19)
[2026-01-26T06:57:29.260+0000][66][info ][gc,heap     ] GC(343) Old regions: 72->72
[2026-01-26T06:57:29.261+0000][66][info ][gc,heap     ] GC(343) Humongous regions: 0->0
[2026-01-26T06:57:29.261+0000][66][info ][gc,metaspace] GC(343) Metaspace: 133296K(136768K)->133296K(136768K) NonClass: 115526K(117376K)->115526K(117376K) Class: 17770K(19392K)->17770K(19392K)
[2026-01-26T06:57:29.261+0000][66][info ][gc          ] GC(343) Pause Young (Normal) (G1 Evacuation Pause) 878M->302M(1024M) 19.651ms
[2026-01-26T06:57:29.262+0000][66][info ][gc,cpu      ] GC(343) User=0.03s Sys=0.00s Real=0.02s
[2026-01-26T06:57:29.262+0000][66][info ][safepoint   ] Safepoint "G1CollectForAllocation", Time since last: 3483845695 ns, Reaching safepoint: 51904 ns, Cleanup: 5401 ns, At safepoint: 20613847 ns, Total: 20671152 ns
[2026-01-26T06:57:32.029+0000][66][info ][safepoint   ] Safepoint "Cleanup", Time since last: 2768078269 ns, Reaching safepoint: 19602 ns, Cleanup: 13301 ns, At safepoint: 2900 ns, Total: 35803 ns
[2026-01-26T06:57:33.120+0000][66][info ][safepoint   ] Safepoint "Cleanup", Time since last: 1090859011 ns, Reaching safepoint: 8501 ns, Cleanup: 9501 ns, At safepoint: 3700 ns, Total: 21702 ns
[2026-01-26T06:57:35.136+0000][66][info ][gc,start    ] GC(344) Pause Young (Normal) (G1 Evacuation Pause)
[2026-01-26T06:57:35.137+0000][66][info ][gc,task     ] GC(344) Using 6 workers of 6 for evacuation
[2026-01-26T06:57:35.137+0000][66][debug][gc,age      ] GC(344) Desired survivor size 41943040 bytes, new threshold 15 (max threshold 15)
[2026-01-26T06:57:35.144+0000][66][info ][gc,phases   ] GC(344)   Pre Evacuate Collection Set: 0.4ms
[2026-01-26T06:57:35.145+0000][66][info ][gc,phases   ] GC(344)   Merge Heap Roots: 0.2ms
[2026-01-26T06:57:35.145+0000][66][info ][gc,phases   ] GC(344)   Evacuate Collection Set: 5.1ms
[2026-01-26T06:57:35.145+0000][66][info ][gc,phases   ] GC(344)   Post Evacuate Collection Set: 1.1ms
[2026-01-26T06:57:35.146+0000][66][info ][gc,phases   ] GC(344)   Other: 0.7ms
[2026-01-26T06:57:35.147+0000][66][trace][gc,age      ] GC(344) Age table with threshold 15 (max threshold 15)
[2026-01-26T06:57:35.147+0000][66][trace][gc,age      ] GC(344) - age   1:    9788080 bytes,    9788080 total
[2026-01-26T06:57:35.147+0000][66][trace][gc,age      ] GC(344) - age   2:     169928 bytes,    9958008 total
[2026-01-26T06:57:35.147+0000][66][trace][gc,age      ] GC(344) - age   3:      70064 bytes,   10028072 total
[2026-01-26T06:57:35.148+0000][66][trace][gc,age      ] GC(344) - age   4:     238496 bytes,   10266568 total
[2026-01-26T06:57:35.148+0000][66][trace][gc,age      ] GC(344) - age   5:       3440 bytes,   10270008 total
[2026-01-26T06:57:35.148+0000][66][trace][gc,age      ] GC(344) - age   6:     169696 bytes,   10439704 total
[2026-01-26T06:57:35.148+0000][66][trace][gc,age      ] GC(344) - age   7:        648 bytes,   10440352 total
[2026-01-26T06:57:35.149+0000][66][trace][gc,age      ] GC(344) - age   8:        160 bytes,   10440512 total
[2026-01-26T06:57:35.149+0000][66][trace][gc,age      ] GC(344) - age   9:        352 bytes,   10440864 total
[2026-01-26T06:57:35.149+0000][66][trace][gc,age      ] GC(344) - age  10:         96 bytes,   10440960 total
[2026-01-26T06:57:35.150+0000][66][trace][gc,age      ] GC(344) - age  11:       8104 bytes,   10449064 total
[2026-01-26T06:57:35.150+0000][66][trace][gc,age      ] GC(344) - age  12:        504 bytes,   10449568 total
[2026-01-26T06:57:35.150+0000][66][trace][gc,age      ] GC(344) - age  14:      72576 bytes,   10522144 total
[2026-01-26T06:57:35.150+0000][66][trace][gc,age      ] GC(344) - age  15:      74440 bytes,   10596584 total
[2026-01-26T06:57:35.151+0000][66][info ][gc,heap     ] GC(344) Eden regions: 149->0(150)
[2026-01-26T06:57:35.151+0000][66][info ][gc,heap     ] GC(344) Survivor regions: 4->3(20)
[2026-01-26T06:57:35.151+0000][66][info ][gc,heap     ] GC(344) Old regions: 72->72
[2026-01-26T06:57:35.152+0000][66][info ][gc,heap     ] GC(344) Humongous regions: 0->0
[2026-01-26T06:57:35.152+0000][66][info ][gc,metaspace] GC(344) Metaspace: 133325K(136768K)->133325K(136768K) NonClass: 115554K(117376K)->115554K(117376K) Class: 17770K(19392K)->17770K(19392K)
[2026-01-26T06:57:35.152+0000][66][info ][gc          ] GC(344) Pause Young (Normal) (G1 Evacuation Pause) 898M->298M(1024M) 15.877ms
[2026-01-26T06:57:35.153+0000][66][info ][gc,cpu      ] GC(344) User=0.02s Sys=0.00s Real=0.01s
[2026-01-26T06:57:35.153+0000][66][info ][safepoint   ] Safepoint "G1CollectForAllocation", Time since last: 2016928475 ns, Reaching safepoint: 17201 ns, Cleanup: 4300 ns, At safepoint: 17033602 ns, Total: 17055103 ns
[2026-01-26T06:57:36.155+0000][66][info ][safepoint   ] Safepoint "Cleanup", Time since last: 1000997554 ns, Reaching safepoint: 20002 ns, Cleanup: 20001 ns, At safepoint: 4100 ns, Total: 44103 ns
[2026-01-26T06:57:38.155+0000][66][info ][safepoint   ] Safepoint "Cleanup", Time since last: 2000757729 ns, Reaching safepoint: 20601 ns, Cleanup: 14701 ns, At safepoint: 3400 ns, Total: 38702 ns
[2026-01-26T06:57:39.394+0000][66][info ][safepoint   ] Safepoint "Cleanup", Time since last: 1238482618 ns, Reaching safepoint: 160210 ns, Cleanup: 15801 ns, At safepoint: 76205 ns, Total: 252216 ns
[2026-01-26T06:57:40.988+0000][66][info ][gc,start    ] GC(345) Pause Young (Normal) (G1 Evacuation Pause)
[2026-01-26T06:57:40.989+0000][66][info ][gc,task     ] GC(345) Using 6 workers of 6 for evacuation
[2026-01-26T06:57:40.989+0000][66][debug][gc,age      ] GC(345) Desired survivor size 41943040 bytes, new threshold 15 (max threshold 15)
[2026-01-26T06:57:40.996+0000][66][info ][gc,phases   ] GC(345)   Pre Evacuate Collection Set: 0.4ms
[2026-01-26T06:57:40.996+0000][66][info ][gc,phases   ] GC(345)   Merge Heap Roots: 0.2ms
[2026-01-26T06:57:40.997+0000][66][info ][gc,phases   ] GC(345)   Evacuate Collection Set: 4.3ms
[2026-01-26T06:57:40.997+0000][66][info ][gc,phases   ] GC(345)   Post Evacuate Collection Set: 1.2ms
[2026-01-26T06:57:40.998+0000][66][info ][gc,phases   ] GC(345)   Other: 1.0ms
[2026-01-26T06:57:40.998+0000][66][trace][gc,age      ] GC(345) Age table with threshold 15 (max threshold 15)
[2026-01-26T06:57:40.998+0000][66][trace][gc,age      ] GC(345) - age   1:    9384872 bytes,    9384872 total
[2026-01-26T06:57:40.999+0000][66][trace][gc,age      ] GC(345) - age   2:     201536 bytes,    9586408 total
[2026-01-26T06:57:40.999+0000][66][trace][gc,age      ] GC(345) - age   3:      68368 bytes,    9654776 total
[2026-01-26T06:57:41.000+0000][66][trace][gc,age      ] GC(345) - age   4:      69824 bytes,    9724600 total
[2026-01-26T06:57:41.000+0000][66][trace][gc,age      ] GC(345) - age   5:     237968 bytes,    9962568 total
[2026-01-26T06:57:41.000+0000][66][trace][gc,age      ] GC(345) - age   6:       3440 bytes,    9966008 total
[2026-01-26T06:57:41.001+0000][66][trace][gc,age      ] GC(345) - age   7:     166440 bytes,   10132448 total
[2026-01-26T06:57:41.001+0000][66][trace][gc,age      ] GC(345) - age   8:        648 bytes,   10133096 total
[2026-01-26T06:57:41.001+0000][66][trace][gc,age      ] GC(345) - age   9:        160 bytes,   10133256 total
[2026-01-26T06:57:41.002+0000][66][trace][gc,age      ] GC(345) - age  10:        352 bytes,   10133608 total
[2026-01-26T06:57:41.002+0000][66][trace][gc,age      ] GC(345) - age  11:         96 bytes,   10133704 total
[2026-01-26T06:57:41.002+0000][66][trace][gc,age      ] GC(345) - age  12:       8104 bytes,   10141808 total
[2026-01-26T06:57:41.003+0000][66][trace][gc,age      ] GC(345) - age  13:        504 bytes,   10142312 total
[2026-01-26T06:57:41.003+0000][66][trace][gc,age      ] GC(345) - age  15:      72576 bytes,   10214888 total
[2026-01-26T06:57:41.003+0000][66][info ][gc,heap     ] GC(345) Eden regions: 150->0(150)
[2026-01-26T06:57:41.004+0000][66][info ][gc,heap     ] GC(345) Survivor regions: 3->3(20)
[2026-01-26T06:57:41.004+0000][66][info ][gc,heap     ] GC(345) Old regions: 72->72
[2026-01-26T06:57:41.004+0000][66][info ][gc,heap     ] GC(345) Humongous regions: 0->0
[2026-01-26T06:57:41.004+0000][66][info ][gc,metaspace] GC(345) Metaspace: 133327K(136768K)->133327K(136768K) NonClass: 115556K(117376K)->115556K(117376K) Class: 17770K(19392K)->17770K(19392K)
[2026-01-26T06:57:41.005+0000][66][info ][gc          ] GC(345) Pause Young (Normal) (G1 Evacuation Pause) 898M->297M(1024M) 16.502ms
[2026-01-26T06:57:41.005+0000][66][info ][gc,cpu      ] GC(345) User=0.02s Sys=0.01s Real=0.02s
[2026-01-26T06:57:41.006+0000][66][info ][safepoint   ] Safepoint "G1CollectForAllocation", Time since last: 1594209643 ns, Reaching safepoint: 17801 ns, Cleanup: 4600 ns, At safepoint: 17300400 ns, Total: 17322801 ns
[2026-01-26T06:57:45.007+0000][66][info ][safepoint   ] Safepoint "Cleanup", Time since last: 4001056081 ns, Reaching safepoint: 180113 ns, Cleanup: 14001 ns, At safepoint: 47204 ns, Total: 241318 ns
[2026-01-26T06:57:47.618+0000][66][info ][gc,start    ] GC(346) Pause Young (Normal) (G1 Evacuation Pause)
[2026-01-26T06:57:47.618+0000][66][info ][gc,task     ] GC(346) Using 6 workers of 6 for evacuation
[2026-01-26T06:57:47.619+0000][66][debug][gc,age      ] GC(346) Desired survivor size 41943040 bytes, new threshold 15 (max threshold 15)
[2026-01-26T06:57:47.630+0000][66][info ][gc,phases   ] GC(346)   Pre Evacuate Collection Set: 0.4ms
[2026-01-26T06:57:47.630+0000][66][info ][gc,phases   ] GC(346)   Merge Heap Roots: 0.2ms
[2026-01-26T06:57:47.631+0000][66][info ][gc,phases   ] GC(346)   Evacuate Collection Set: 8.9ms
[2026-01-26T06:57:47.631+0000][66][info ][gc,phases   ] GC(346)   Post Evacuate Collection Set: 1.1ms
[2026-01-26T06:57:47.632+0000][66][info ][gc,phases   ] GC(346)   Other: 0.9ms
[2026-01-26T06:57:47.632+0000][66][trace][gc,age      ] GC(346) Age table with threshold 15 (max threshold 15)
[2026-01-26T06:57:47.632+0000][66][trace][gc,age      ] GC(346) - age   1:   22165888 bytes,   22165888 total
[2026-01-26T06:57:47.633+0000][66][trace][gc,age      ] GC(346) - age   2:    5453472 bytes,   27619360 total
[2026-01-26T06:57:47.633+0000][66][trace][gc,age      ] GC(346) - age   3:     200800 bytes,   27820160 total
[2026-01-26T06:57:47.633+0000][66][trace][gc,age      ] GC(346) - age   4:      68368 bytes,   27888528 total
[2026-01-26T06:57:47.634+0000][66][trace][gc,age      ] GC(346) - age   5:      69416 bytes,   27957944 total
[2026-01-26T06:57:47.634+0000][66][trace][gc,age      ] GC(346) - age   6:     237688 bytes,   28195632 total
[2026-01-26T06:57:47.634+0000][66][trace][gc,age      ] GC(346) - age   7:       2328 bytes,   28197960 total
[2026-01-26T06:57:47.635+0000][66][trace][gc,age      ] GC(346) - age   8:     166440 bytes,   28364400 total
[2026-01-26T06:57:47.635+0000][66][trace][gc,age      ] GC(346) - age   9:        648 bytes,   28365048 total
[2026-01-26T06:57:47.635+0000][66][trace][gc,age      ] GC(346) - age  10:        160 bytes,   28365208 total
[2026-01-26T06:57:47.636+0000][66][trace][gc,age      ] GC(346) - age  11:        352 bytes,   28365560 total
[2026-01-26T06:57:47.636+0000][66][trace][gc,age      ] GC(346) - age  12:         96 bytes,   28365656 total
[2026-01-26T06:57:47.636+0000][66][trace][gc,age      ] GC(346) - age  13:       8104 bytes,   28373760 total
[2026-01-26T06:57:47.636+0000][66][trace][gc,age      ] GC(346) - age  14:        504 bytes,   28374264 total
[2026-01-26T06:57:47.637+0000][66][info ][gc,heap     ] GC(346) Eden regions: 150->0(141)
[2026-01-26T06:57:47.637+0000][66][info ][gc,heap     ] GC(346) Survivor regions: 3->8(20)
[2026-01-26T06:57:47.637+0000][66][info ][gc,heap     ] GC(346) Old regions: 72->72
[2026-01-26T06:57:47.638+0000][66][info ][gc,heap     ] GC(346) Humongous regions: 0->0
[2026-01-26T06:57:47.638+0000][66][info ][gc,metaspace] GC(346) Metaspace: 133329K(136768K)->133329K(136768K) NonClass: 115558K(117376K)->115558K(117376K) Class: 17770K(19392K)->17770K(19392K)
[2026-01-26T06:57:47.638+0000][66][info ][gc          ] GC(346) Pause Young (Normal) (G1 Evacuation Pause) 897M->315M(1024M) 20.319ms
[2026-01-26T06:57:47.639+0000][66][info ][gc,cpu      ] GC(346) User=0.05s Sys=0.00s Real=0.02s
[2026-01-26T06:57:47.639+0000][66][info ][safepoint   ] Safepoint "G1CollectForAllocation", Time since last: 2611009788 ns, Reaching safepoint: 18101 ns, Cleanup: 11601 ns, At safepoint: 21020779 ns, Total: 21050481 ns
[2026-01-26T06:57:48.639+0000][66][info ][safepoint   ] Safepoint "Cleanup", Time since last: 1000411747 ns, Reaching safepoint: 15801 ns, Cleanup: 11301 ns, At safepoint: 3100 ns, Total: 30202 ns
[2026-01-26T06:57:51.742+0000][66][info ][safepoint   ] Safepoint "Cleanup", Time since last: 3102612836 ns, Reaching safepoint: 19102 ns, Cleanup: 11901 ns, At safepoint: 2900 ns, Total: 33903 ns
[2026-01-26T06:57:51.820+0000][66][info ][gc,start    ] GC(347) Pause Young (Normal) (G1 Evacuation Pause)
[2026-01-26T06:57:51.821+0000][66][info ][gc,task     ] GC(347) Using 6 workers of 6 for evacuation
[2026-01-26T06:57:51.821+0000][66][debug][gc,age      ] GC(347) Desired survivor size 39845888 bytes, new threshold 15 (max threshold 15)
[2026-01-26T06:57:51.834+0000][66][info ][gc,phases   ] GC(347)   Pre Evacuate Collection Set: 0.5ms
[2026-01-26T06:57:51.835+0000][66][info ][gc,phases   ] GC(347)   Merge Heap Roots: 0.2ms
[2026-01-26T06:57:51.835+0000][66][info ][gc,phases   ] GC(347)   Evacuate Collection Set: 10.6ms
[2026-01-26T06:57:51.836+0000][66][info ][gc,phases   ] GC(347)   Post Evacuate Collection Set: 1.2ms
[2026-01-26T06:57:51.836+0000][66][info ][gc,phases   ] GC(347)   Other: 0.9ms
[2026-01-26T06:57:51.836+0000][66][trace][gc,age      ] GC(347) Age table with threshold 15 (max threshold 15)
[2026-01-26T06:57:51.837+0000][66][trace][gc,age      ] GC(347) - age   1:   15572792 bytes,   15572792 total
[2026-01-26T06:57:51.837+0000][66][trace][gc,age      ] GC(347) - age   2:   13510072 bytes,   29082864 total
[2026-01-26T06:57:51.838+0000][66][trace][gc,age      ] GC(347) - age   3:    4877888 bytes,   33960752 total
[2026-01-26T06:57:51.838+0000][66][trace][gc,age      ] GC(347) - age   4:     200536 bytes,   34161288 total
[2026-01-26T06:57:51.839+0000][66][trace][gc,age      ] GC(347) - age   5:      68120 bytes,   34229408 total
[2026-01-26T06:57:51.839+0000][66][trace][gc,age      ] GC(347) - age   6:      69416 bytes,   34298824 total
[2026-01-26T06:57:51.839+0000][66][trace][gc,age      ] GC(347) - age   7:     237120 bytes,   34535944 total
[2026-01-26T06:57:51.840+0000][66][trace][gc,age      ] GC(347) - age   8:       2328 bytes,   34538272 total
[2026-01-26T06:57:51.840+0000][66][trace][gc,age      ] GC(347) - age   9:     166440 bytes,   34704712 total
[2026-01-26T06:57:51.841+0000][66][trace][gc,age      ] GC(347) - age  10:        648 bytes,   34705360 total
[2026-01-26T06:57:51.841+0000][66][trace][gc,age      ] GC(347) - age  11:        160 bytes,   34705520 total
[2026-01-26T06:57:51.841+0000][66][trace][gc,age      ] GC(347) - age  12:        352 bytes,   34705872 total
[2026-01-26T06:57:51.842+0000][66][trace][gc,age      ] GC(347) - age  13:         96 bytes,   34705968 total
[2026-01-26T06:57:51.842+0000][66][trace][gc,age      ] GC(347) - age  14:       8104 bytes,   34714072 total
[2026-01-26T06:57:51.842+0000][66][trace][gc,age      ] GC(347) - age  15:        504 bytes,   34714576 total
[2026-01-26T06:57:51.842+0000][66][info ][gc,heap     ] GC(347) Eden regions: 141->0(139)
[2026-01-26T06:57:51.843+0000][66][info ][gc,heap     ] GC(347) Survivor regions: 8->9(19)
[2026-01-26T06:57:51.843+0000][66][info ][gc,heap     ] GC(347) Old regions: 72->72
[2026-01-26T06:57:51.843+0000][66][info ][gc,heap     ] GC(347) Humongous regions: 0->0
[2026-01-26T06:57:51.844+0000][66][info ][gc,metaspace] GC(347) Metaspace: 133329K(136768K)->133329K(136768K) NonClass: 115558K(117376K)->115558K(117376K) Class: 17770K(19392K)->17770K(19392K)
[2026-01-26T06:57:51.844+0000][66][info ][gc          ] GC(347) Pause Young (Normal) (G1 Evacuation Pause) 879M->322M(1024M) 23.728ms
[2026-01-26T06:57:51.844+0000][66][info ][gc,cpu      ] GC(347) User=0.04s Sys=0.01s Real=0.03s
[2026-01-26T06:57:51.845+0000][66][info ][safepoint   ] Safepoint "G1CollectForAllocation", Time since last: 78314439 ns, Reaching safepoint: 19902 ns, Cleanup: 5200 ns, At safepoint: 24473625 ns, Total: 24498727 ns
[2026-01-26T06:57:57.791+0000][66][info ][gc,start    ] GC(348) Pause Young (Normal) (G1 Evacuation Pause)
[2026-01-26T06:57:57.792+0000][66][info ][gc,task     ] GC(348) Using 6 workers of 6 for evacuation
[2026-01-26T06:57:57.793+0000][66][debug][gc,age      ] GC(348) Desired survivor size 39845888 bytes, new threshold 15 (max threshold 15)
[2026-01-26T06:57:57.803+0000][66][info ][gc,phases   ] GC(348)   Pre Evacuate Collection Set: 0.5ms
[2026-01-26T06:57:57.804+0000][66][info ][gc,phases   ] GC(348)   Merge Heap Roots: 0.4ms
[2026-01-26T06:57:57.804+0000][66][info ][gc,phases   ] GC(348)   Evacuate Collection Set: 7.7ms
[2026-01-26T06:57:57.805+0000][66][info ][gc,phases   ] GC(348)   Post Evacuate Collection Set: 1.5ms
[2026-01-26T06:57:57.805+0000][66][info ][gc,phases   ] GC(348)   Other: 1.3ms
[2026-01-26T06:57:57.805+0000][66][trace][gc,age      ] GC(348) Age table with threshold 15 (max threshold 15)
[2026-01-26T06:57:57.806+0000][66][trace][gc,age      ] GC(348) - age   1:   19598280 bytes,   19598280 total
[2026-01-26T06:57:57.806+0000][66][trace][gc,age      ] GC(348) - age   2:    3290888 bytes,   22889168 total
[2026-01-26T06:57:57.807+0000][66][trace][gc,age      ] GC(348) - age   3:     257640 bytes,   23146808 total
[2026-01-26T06:57:57.807+0000][66][trace][gc,age      ] GC(348) - age   4:      71432 bytes,   23218240 total
[2026-01-26T06:57:57.807+0000][66][trace][gc,age      ] GC(348) - age   5:     198592 bytes,   23416832 total
[2026-01-26T06:57:57.808+0000][66][trace][gc,age      ] GC(348) - age   6:      66184 bytes,   23483016 total
[2026-01-26T06:57:57.808+0000][66][trace][gc,age      ] GC(348) - age   7:      69416 bytes,   23552432 total
[2026-01-26T06:57:57.809+0000][66][trace][gc,age      ] GC(348) - age   8:     237120 bytes,   23789552 total
[2026-01-26T06:57:57.809+0000][66][trace][gc,age      ] GC(348) - age   9:       2328 bytes,   23791880 total
[2026-01-26T06:57:57.809+0000][66][trace][gc,age      ] GC(348) - age  10:     166440 bytes,   23958320 total
[2026-01-26T06:57:57.810+0000][66][trace][gc,age      ] GC(348) - age  11:        648 bytes,   23958968 total
[2026-01-26T06:57:57.810+0000][66][trace][gc,age      ] GC(348) - age  12:        128 bytes,   23959096 total
[2026-01-26T06:57:57.811+0000][66][trace][gc,age      ] GC(348) - age  13:        352 bytes,   23959448 total
[2026-01-26T06:57:57.811+0000][66][trace][gc,age      ] GC(348) - age  14:         96 bytes,   23959544 total
[2026-01-26T06:57:57.811+0000][66][trace][gc,age      ] GC(348) - age  15:       8040 bytes,   23967584 total
[2026-01-26T06:57:57.812+0000][66][info ][gc,heap     ] GC(348) Eden regions: 139->0(143)
[2026-01-26T06:57:57.812+0000][66][info ][gc,heap     ] GC(348) Survivor regions: 9->7(19)
[2026-01-26T06:57:57.812+0000][66][info ][gc,heap     ] GC(348) Old regions: 72->72
[2026-01-26T06:57:57.813+0000][66][info ][gc,heap     ] GC(348) Humongous regions: 0->0
[2026-01-26T06:57:57.813+0000][66][info ][gc,metaspace] GC(348) Metaspace: 133329K(136768K)->133329K(136768K) NonClass: 115558K(117376K)->115558K(117376K) Class: 17770K(19392K)->17770K(19392K)
[2026-01-26T06:57:57.813+0000][66][info ][gc          ] GC(348) Pause Young (Normal) (G1 Evacuation Pause) 878M->313M(1024M) 22.121ms
[2026-01-26T06:57:57.814+0000][66][info ][gc,cpu      ] GC(348) User=0.04s Sys=0.01s Real=0.02s
[2026-01-26T06:57:57.814+0000][66][info ][safepoint   ] Safepoint "G1CollectForAllocation", Time since last: 5946414982 ns, Reaching safepoint: 51403 ns, Cleanup: 4900 ns, At safepoint: 23021238 ns, Total: 23077541 ns
[2026-01-26T06:57:59.815+0000][66][info ][safepoint   ] Safepoint "Cleanup", Time since last: 2000596392 ns, Reaching safepoint: 17901 ns, Cleanup: 13500 ns, At safepoint: 3101 ns, Total: 34502 ns
[2026-01-26T06:58:03.838+0000][66][info ][gc,start    ] GC(349) Pause Young (Normal) (G1 Evacuation Pause)
[2026-01-26T06:58:03.838+0000][66][info ][gc,task     ] GC(349) Using 6 workers of 6 for evacuation
[2026-01-26T06:58:03.838+0000][66][debug][gc,age      ] GC(349) Desired survivor size 39845888 bytes, new threshold 15 (max threshold 15)
[2026-01-26T06:58:03.852+0000][66][info ][gc,phases   ] GC(349)   Pre Evacuate Collection Set: 0.4ms
[2026-01-26T06:58:03.852+0000][66][info ][gc,phases   ] GC(349)   Merge Heap Roots: 0.2ms
[2026-01-26T06:58:03.853+0000][66][info ][gc,phases   ] GC(349)   Evacuate Collection Set: 10.9ms
[2026-01-26T06:58:03.853+0000][66][info ][gc,phases   ] GC(349)   Post Evacuate Collection Set: 1.3ms
[2026-01-26T06:58:03.853+0000][66][info ][gc,phases   ] GC(349)   Other: 0.7ms
[2026-01-26T06:58:03.854+0000][66][trace][gc,age      ] GC(349) Age table with threshold 15 (max threshold 15)
[2026-01-26T06:58:03.854+0000][66][trace][gc,age      ] GC(349) - age   1:   20021288 bytes,   20021288 total
[2026-01-26T06:58:03.855+0000][66][trace][gc,age      ] GC(349) - age   2:   11467032 bytes,   31488320 total
[2026-01-26T06:58:03.855+0000][66][trace][gc,age      ] GC(349) - age   3:    2937016 bytes,   34425336 total
[2026-01-26T06:58:03.855+0000][66][trace][gc,age      ] GC(349) - age   4:     257384 bytes,   34682720 total
[2026-01-26T06:58:03.856+0000][66][trace][gc,age      ] GC(349) - age   5:      70784 bytes,   34753504 total
[2026-01-26T06:58:03.856+0000][66][trace][gc,age      ] GC(349) - age   6:     196936 bytes,   34950440 total
[2026-01-26T06:58:03.856+0000][66][trace][gc,age      ] GC(349) - age   7:      66184 bytes,   35016624 total
[2026-01-26T06:58:03.857+0000][66][trace][gc,age      ] GC(349) - age   8:      69416 bytes,   35086040 total
[2026-01-26T06:58:03.857+0000][66][trace][gc,age      ] GC(349) - age   9:     237120 bytes,   35323160 total
[2026-01-26T06:58:03.857+0000][66][trace][gc,age      ] GC(349) - age  10:       2328 bytes,   35325488 total
[2026-01-26T06:58:03.858+0000][66][trace][gc,age      ] GC(349) - age  11:     166440 bytes,   35491928 total
[2026-01-26T06:58:03.858+0000][66][trace][gc,age      ] GC(349) - age  12:        648 bytes,   35492576 total
[2026-01-26T06:58:03.859+0000][66][trace][gc,age      ] GC(349) - age  13:        128 bytes,   35492704 total
[2026-01-26T06:58:03.859+0000][66][trace][gc,age      ] GC(349) - age  14:        352 bytes,   35493056 total
[2026-01-26T06:58:03.859+0000][66][trace][gc,age      ] GC(349) - age  15:         96 bytes,   35493152 total
[2026-01-26T06:58:03.860+0000][66][info ][gc,heap     ] GC(349) Eden regions: 143->0(137)
[2026-01-26T06:58:03.860+0000][66][info ][gc,heap     ] GC(349) Survivor regions: 7->10(19)
[2026-01-26T06:58:03.860+0000][66][info ][gc,heap     ] GC(349) Old regions: 72->72
[2026-01-26T06:58:03.861+0000][66][info ][gc,heap     ] GC(349) Humongous regions: 0->0
[2026-01-26T06:58:03.861+0000][66][info ][gc,metaspace] GC(349) Metaspace: 133329K(136768K)->133329K(136768K) NonClass: 115558K(117376K)->115558K(117376K) Class: 17770K(19392K)->17770K(19392K)
[2026-01-26T06:58:03.862+0000][66][info ][gc          ] GC(349) Pause Young (Normal) (G1 Evacuation Pause) 885M->324M(1024M) 23.951ms
[2026-01-26T06:58:03.862+0000][66][info ][gc,cpu      ] GC(349) User=0.05s Sys=0.00s Real=0.03s
[2026-01-26T06:58:03.863+0000][66][info ][safepoint   ] Safepoint "G1CollectForAllocation", Time since last: 4025258177 ns, Reaching safepoint: 20201 ns, Cleanup: 5000 ns, At safepoint: 24842436 ns, Total: 24867637 ns
[2026-01-26T06:58:07.756+0000][66][info ][gc,start    ] GC(350) Pause Young (Normal) (G1 Evacuation Pause)
[2026-01-26T06:58:07.756+0000][66][info ][gc,task     ] GC(350) Using 6 workers of 6 for evacuation
[2026-01-26T06:58:07.757+0000][66][debug][gc,age      ] GC(350) Desired survivor size 39845888 bytes, new threshold 15 (max threshold 15)
[2026-01-26T06:58:07.764+0000][66][info ][gc,phases   ] GC(350)   Pre Evacuate Collection Set: 0.4ms
[2026-01-26T06:58:07.765+0000][66][info ][gc,phases   ] GC(350)   Merge Heap Roots: 0.1ms
[2026-01-26T06:58:07.765+0000][66][info ][gc,phases   ] GC(350)   Evacuate Collection Set: 5.7ms
[2026-01-26T06:58:07.766+0000][66][info ][gc,phases   ] GC(350)   Post Evacuate Collection Set: 1.1ms
[2026-01-26T06:58:07.766+0000][66][info ][gc,phases   ] GC(350)   Other: 1.0ms
[2026-01-26T06:58:07.767+0000][66][trace][gc,age      ] GC(350) Age table with threshold 15 (max threshold 15)
[2026-01-26T06:58:07.767+0000][66][trace][gc,age      ] GC(350) - age   1:   11936224 bytes,   11936224 total
[2026-01-26T06:58:07.768+0000][66][trace][gc,age      ] GC(350) - age   2:    2406984 bytes,   14343208 total
[2026-01-26T06:58:07.768+0000][66][trace][gc,age      ] GC(350) - age   3:      67712 bytes,   14410920 total
[2026-01-26T06:58:07.768+0000][66][trace][gc,age      ] GC(350) - age   4:       1520 bytes,   14412440 total
[2026-01-26T06:58:07.768+0000][66][trace][gc,age      ] GC(350) - age   5:     257384 bytes,   14669824 total
[2026-01-26T06:58:07.769+0000][66][trace][gc,age      ] GC(350) - age   6:      65592 bytes,   14735416 total
[2026-01-26T06:58:07.769+0000][66][trace][gc,age      ] GC(350) - age   7:     196848 bytes,   14932264 total
[2026-01-26T06:58:07.769+0000][66][trace][gc,age      ] GC(350) - age   8:      66184 bytes,   14998448 total
[2026-01-26T06:58:07.770+0000][66][trace][gc,age      ] GC(350) - age   9:      69416 bytes,   15067864 total
[2026-01-26T06:58:07.770+0000][66][trace][gc,age      ] GC(350) - age  10:     237120 bytes,   15304984 total
[2026-01-26T06:58:07.770+0000][66][trace][gc,age      ] GC(350) - age  11:       2328 bytes,   15307312 total
[2026-01-26T06:58:07.770+0000][66][trace][gc,age      ] GC(350) - age  12:     166440 bytes,   15473752 total
[2026-01-26T06:58:07.771+0000][66][trace][gc,age      ] GC(350) - age  13:        648 bytes,   15474400 total
[2026-01-26T06:58:07.771+0000][66][trace][gc,age      ] GC(350) - age  14:        128 bytes,   15474528 total
[2026-01-26T06:58:07.771+0000][66][trace][gc,age      ] GC(350) - age  15:        352 bytes,   15474880 total
[2026-01-26T06:58:07.772+0000][66][info ][gc,heap     ] GC(350) Eden regions: 137->0(147)
[2026-01-26T06:58:07.772+0000][66][info ][gc,heap     ] GC(350) Survivor regions: 10->5(19)
[2026-01-26T06:58:07.772+0000][66][info ][gc,heap     ] GC(350) Old regions: 72->72
[2026-01-26T06:58:07.772+0000][66][info ][gc,heap     ] GC(350) Humongous regions: 0->0
[2026-01-26T06:58:07.773+0000][66][info ][gc,metaspace] GC(350) Metaspace: 133330K(136768K)->133330K(136768K) NonClass: 115559K(117376K)->115559K(117376K) Class: 17770K(19392K)->17770K(19392K)
[2026-01-26T06:58:07.773+0000][66][info ][gc          ] GC(350) Pause Young (Normal) (G1 Evacuation Pause) 872M->305M(1024M) 17.282ms
[2026-01-26T06:58:07.773+0000][66][info ][gc,cpu      ] GC(350) User=0.02s Sys=0.00s Real=0.02s
[2026-01-26T06:58:07.773+0000][66][info ][safepoint   ] Safepoint "G1CollectForAllocation", Time since last: 3893076353 ns, Reaching safepoint: 16201 ns, Cleanup: 4500 ns, At safepoint: 17886520 ns, Total: 17907221 ns
[2026-01-26T06:58:12.775+0000][66][info ][safepoint   ] Safepoint "Cleanup", Time since last: 5001016372 ns, Reaching safepoint: 17401 ns, Cleanup: 11101 ns, At safepoint: 3101 ns, Total: 31603 ns
[2026-01-26T06:58:14.127+0000][66][info ][gc,start    ] GC(351) Pause Young (Normal) (G1 Evacuation Pause)
[2026-01-26T06:58:14.128+0000][66][info ][gc,task     ] GC(351) Using 6 workers of 6 for evacuation
[2026-01-26T06:58:14.128+0000][66][debug][gc,age      ] GC(351) Desired survivor size 39845888 bytes, new threshold 15 (max threshold 15)
[2026-01-26T06:58:14.139+0000][66][info ][gc,phases   ] GC(351)   Pre Evacuate Collection Set: 0.3ms
[2026-01-26T06:58:14.140+0000][66][info ][gc,phases   ] GC(351)   Merge Heap Roots: 0.2ms
[2026-01-26T06:58:14.140+0000][66][info ][gc,phases   ] GC(351)   Evacuate Collection Set: 9.0ms
[2026-01-26T06:58:14.140+0000][66][info ][gc,phases   ] GC(351)   Post Evacuate Collection Set: 1.0ms
[2026-01-26T06:58:14.141+0000][66][info ][gc,phases   ] GC(351)   Other: 1.0ms
[2026-01-26T06:58:14.141+0000][66][trace][gc,age      ] GC(351) Age table with threshold 15 (max threshold 15)
[2026-01-26T06:58:14.141+0000][66][trace][gc,age      ] GC(351) - age   1:   22145424 bytes,   22145424 total
[2026-01-26T06:58:14.142+0000][66][trace][gc,age      ] GC(351) - age   2:    6617120 bytes,   28762544 total
[2026-01-26T06:58:14.142+0000][66][trace][gc,age      ] GC(351) - age   3:    2404568 bytes,   31167112 total
[2026-01-26T06:58:14.143+0000][66][trace][gc,age      ] GC(351) - age   4:      67712 bytes,   31234824 total
[2026-01-26T06:58:14.143+0000][66][trace][gc,age      ] GC(351) - age   5:       1240 bytes,   31236064 total
[2026-01-26T06:58:14.143+0000][66][trace][gc,age      ] GC(351) - age   6:     255696 bytes,   31491760 total
[2026-01-26T06:58:14.144+0000][66][trace][gc,age      ] GC(351) - age   7:      65592 bytes,   31557352 total
[2026-01-26T06:58:14.144+0000][66][trace][gc,age      ] GC(351) - age   8:     195848 bytes,   31753200 total
[2026-01-26T06:58:14.144+0000][66][trace][gc,age      ] GC(351) - age   9:      66184 bytes,   31819384 total
[2026-01-26T06:58:14.145+0000][66][trace][gc,age      ] GC(351) - age  10:      68904 bytes,   31888288 total
[2026-01-26T06:58:14.145+0000][66][trace][gc,age      ] GC(351) - age  11:     237120 bytes,   32125408 total
[2026-01-26T06:58:14.145+0000][66][trace][gc,age      ] GC(351) - age  12:       2096 bytes,   32127504 total
[2026-01-26T06:58:14.145+0000][66][trace][gc,age      ] GC(351) - age  13:     166440 bytes,   32293944 total
[2026-01-26T06:58:14.146+0000][66][trace][gc,age      ] GC(351) - age  14:        648 bytes,   32294592 total
[2026-01-26T06:58:14.146+0000][66][trace][gc,age      ] GC(351) - age  15:        128 bytes,   32294720 total
[2026-01-26T06:58:14.146+0000][66][info ][gc,heap     ] GC(351) Eden regions: 147->0(139)
[2026-01-26T06:58:14.147+0000][66][info ][gc,heap     ] GC(351) Survivor regions: 5->9(19)
[2026-01-26T06:58:14.147+0000][66][info ][gc,heap     ] GC(351) Old regions: 72->72
[2026-01-26T06:58:14.147+0000][66][info ][gc,heap     ] GC(351) Humongous regions: 0->0
[2026-01-26T06:58:14.147+0000][66][info ][gc,metaspace] GC(351) Metaspace: 133330K(136768K)->133330K(136768K) NonClass: 115559K(117376K)->115559K(117376K) Class: 17770K(19392K)->17770K(19392K)
[2026-01-26T06:58:14.148+0000][66][info ][gc          ] GC(351) Pause Young (Normal) (G1 Evacuation Pause) 893M->320M(1024M) 20.173ms
[2026-01-26T06:58:14.148+0000][66][info ][gc,cpu      ] GC(351) User=0.05s Sys=0.00s Real=0.02s
[2026-01-26T06:58:14.148+0000][66][info ][safepoint   ] Safepoint "G1CollectForAllocation", Time since last: 1352816743 ns, Reaching safepoint: 16901 ns, Cleanup: 4200 ns, At safepoint: 20860449 ns, Total: 20881550 ns
[2026-01-26T06:58:18.041+0000][66][info ][gc,start    ] GC(352) Pause Young (Normal) (G1 Evacuation Pause)
[2026-01-26T06:58:18.041+0000][66][info ][gc,task     ] GC(352) Using 6 workers of 6 for evacuation
[2026-01-26T06:58:18.041+0000][66][debug][gc,age      ] GC(352) Desired survivor size 39845888 bytes, new threshold 15 (max threshold 15)
[2026-01-26T06:58:18.055+0000][66][info ][gc,phases   ] GC(352)   Pre Evacuate Collection Set: 0.3ms
[2026-01-26T06:58:18.055+0000][66][info ][gc,phases   ] GC(352)   Merge Heap Roots: 0.2ms
[2026-01-26T06:58:18.056+0000][66][info ][gc,phases   ] GC(352)   Evacuate Collection Set: 11.4ms
[2026-01-26T06:58:18.056+0000][66][info ][gc,phases   ] GC(352)   Post Evacuate Collection Set: 1.2ms
[2026-01-26T06:58:18.057+0000][66][info ][gc,phases   ] GC(352)   Other: 0.7ms
[2026-01-26T06:58:18.057+0000][66][trace][gc,age      ] GC(352) Age table with threshold 15 (max threshold 15)
[2026-01-26T06:58:18.057+0000][66][trace][gc,age      ] GC(352) - age   1:   20070784 bytes,   20070784 total
[2026-01-26T06:58:18.058+0000][66][trace][gc,age      ] GC(352) - age   2:   13520160 bytes,   33590944 total
[2026-01-26T06:58:18.058+0000][66][trace][gc,age      ] GC(352) - age   3:    6122648 bytes,   39713592 total
[2026-01-26T06:58:18.058+0000][66][trace][gc,age      ] GC(352) - age   4:    2109024 bytes,   41822616 total
[2026-01-26T06:58:18.059+0000][66][trace][gc,age      ] GC(352) - age   5:      67464 bytes,   41890080 total
[2026-01-26T06:58:18.059+0000][66][trace][gc,age      ] GC(352) - age   6:       1240 bytes,   41891320 total
[2026-01-26T06:58:18.059+0000][66][trace][gc,age      ] GC(352) - age   7:     255696 bytes,   42147016 total
[2026-01-26T06:58:18.060+0000][66][trace][gc,age      ] GC(352) - age   8:      65592 bytes,   42212608 total
[2026-01-26T06:58:18.060+0000][66][trace][gc,age      ] GC(352) - age   9:     195848 bytes,   42408456 total
[2026-01-26T06:58:18.060+0000][66][trace][gc,age      ] GC(352) - age  10:      66184 bytes,   42474640 total
[2026-01-26T06:58:18.061+0000][66][trace][gc,age      ] GC(352) - age  11:      68904 bytes,   42543544 total
[2026-01-26T06:58:18.061+0000][66][trace][gc,age      ] GC(352) - age  12:     237120 bytes,   42780664 total
[2026-01-26T06:58:18.061+0000][66][trace][gc,age      ] GC(352) - age  13:       2096 bytes,   42782760 total
[2026-01-26T06:58:18.062+0000][66][trace][gc,age      ] GC(352) - age  14:     166440 bytes,   42949200 total
[2026-01-26T06:58:18.062+0000][66][trace][gc,age      ] GC(352) - age  15:        648 bytes,   42949848 total
[2026-01-26T06:58:18.062+0000][66][info ][gc,heap     ] GC(352) Eden regions: 139->0(135)
[2026-01-26T06:58:18.063+0000][66][info ][gc,heap     ] GC(352) Survivor regions: 9->11(19)
[2026-01-26T06:58:18.063+0000][66][info ][gc,heap     ] GC(352) Old regions: 72->72
[2026-01-26T06:58:18.063+0000][66][info ][gc,heap     ] GC(352) Humongous regions: 0->0
[2026-01-26T06:58:18.064+0000][66][info ][gc,metaspace] GC(352) Metaspace: 133330K(136768K)->133330K(136768K) NonClass: 115559K(117376K)->115559K(117376K) Class: 17770K(19392K)->17770K(19392K)
[2026-01-26T06:58:18.064+0000][66][info ][gc          ] GC(352) Pause Young (Normal) (G1 Evacuation Pause) 876M->330M(1024M) 23.380ms
[2026-01-26T06:58:18.064+0000][66][info ][gc,cpu      ] GC(352) User=0.06s Sys=0.00s Real=0.02s
[2026-01-26T06:58:18.065+0000][66][info ][safepoint   ] Safepoint "G1CollectForAllocation", Time since last: 3892242189 ns, Reaching safepoint: 136110 ns, Cleanup: 8301 ns, At safepoint: 24214098 ns, Total: 24358509 ns
[2026-01-26T06:58:20.376+0000][66][info ][safepoint   ] Safepoint "Cleanup", Time since last: 2311373322 ns, Reaching safepoint: 180414 ns, Cleanup: 12601 ns, At safepoint: 70605 ns, Total: 263620 ns
[2026-01-26T06:58:23.535+0000][66][info ][gc,start    ] GC(353) Pause Young (Normal) (G1 Evacuation Pause)
[2026-01-26T06:58:23.535+0000][66][info ][gc,task     ] GC(353) Using 6 workers of 6 for evacuation
[2026-01-26T06:58:23.535+0000][66][debug][gc,age      ] GC(353) Desired survivor size 39845888 bytes, new threshold 4 (max threshold 15)
[2026-01-26T06:58:23.546+0000][66][info ][gc,phases   ] GC(353)   Pre Evacuate Collection Set: 0.4ms
[2026-01-26T06:58:23.546+0000][66][info ][gc,phases   ] GC(353)   Merge Heap Roots: 0.1ms
[2026-01-26T06:58:23.547+0000][66][info ][gc,phases   ] GC(353)   Evacuate Collection Set: 8.2ms
[2026-01-26T06:58:23.547+0000][66][info ][gc,phases   ] GC(353)   Post Evacuate Collection Set: 1.4ms
[2026-01-26T06:58:23.547+0000][66][info ][gc,phases   ] GC(353)   Other: 0.9ms
[2026-01-26T06:58:23.548+0000][66][trace][gc,age      ] GC(353) Age table with threshold 4 (max threshold 15)
[2026-01-26T06:58:23.548+0000][66][trace][gc,age      ] GC(353) - age   1:   16262536 bytes,   16262536 total
[2026-01-26T06:58:23.548+0000][66][trace][gc,age      ] GC(353) - age   2:    4950240 bytes,   21212776 total
[2026-01-26T06:58:23.549+0000][66][trace][gc,age      ] GC(353) - age   3:       4032 bytes,   21216808 total
[2026-01-26T06:58:23.549+0000][66][trace][gc,age      ] GC(353) - age   4:      71512 bytes,   21288320 total
[2026-01-26T06:58:23.550+0000][66][info ][gc,heap     ] GC(353) Eden regions: 135->0(144)
[2026-01-26T06:58:23.550+0000][66][info ][gc,heap     ] GC(353) Survivor regions: 11->6(19)
[2026-01-26T06:58:23.550+0000][66][info ][gc,heap     ] GC(353) Old regions: 72->73
[2026-01-26T06:58:23.551+0000][66][info ][gc,heap     ] GC(353) Humongous regions: 0->0
[2026-01-26T06:58:23.551+0000][66][info ][gc,metaspace] GC(353) Metaspace: 133331K(136768K)->133331K(136768K) NonClass: 115561K(117376K)->115561K(117376K) Class: 17770K(19392K)->17770K(19392K)
[2026-01-26T06:58:23.551+0000][66][info ][gc          ] GC(353) Pause Young (Normal) (G1 Evacuation Pause) 870M->311M(1024M) 16.569ms
[2026-01-26T06:58:23.551+0000][66][info ][gc,cpu      ] GC(353) User=0.05s Sys=0.00s Real=0.01s
[2026-01-26T06:58:23.552+0000][66][info ][safepoint   ] Safepoint "G1CollectForAllocation", Time since last: 3158007981 ns, Reaching safepoint: 16601 ns, Cleanup: 4101 ns, At safepoint: 17225184 ns, Total: 17245886 ns
[2026-01-26T06:58:25.553+0000][66][info ][safepoint   ] Safepoint "Cleanup", Time since last: 2000854897 ns, Reaching safepoint: 30702 ns, Cleanup: 15701 ns, At safepoint: 4701 ns, Total: 51104 ns
[2026-01-26T06:58:27.553+0000][66][info ][safepoint   ] Safepoint "Cleanup", Time since last: 2000743588 ns, Reaching safepoint: 48804 ns, Cleanup: 10800 ns, At safepoint: 7801 ns, Total: 67405 ns
[2026-01-26T06:58:28.554+0000][66][info ][safepoint   ] Safepoint "Cleanup", Time since last: 1000538751 ns, Reaching safepoint: 14101 ns, Cleanup: 8701 ns, At safepoint: 3000 ns, Total: 25802 ns
[2026-01-26T06:58:29.555+0000][66][info ][safepoint   ] Safepoint "Cleanup", Time since last: 1000623415 ns, Reaching safepoint: 19402 ns, Cleanup: 12901 ns, At safepoint: 4200 ns, Total: 36503 ns
[2026-01-26T06:58:29.900+0000][66][info ][gc,start    ] GC(354) Pause Young (Normal) (G1 Evacuation Pause)
[2026-01-26T06:58:29.901+0000][66][info ][gc,task     ] GC(354) Using 6 workers of 6 for evacuation
[2026-01-26T06:58:29.901+0000][66][debug][gc,age      ] GC(354) Desired survivor size 39845888 bytes, new threshold 15 (max threshold 15)
[2026-01-26T06:58:29.913+0000][66][info ][gc,phases   ] GC(354)   Pre Evacuate Collection Set: 0.4ms
[2026-01-26T06:58:29.913+0000][66][info ][gc,phases   ] GC(354)   Merge Heap Roots: 0.2ms
[2026-01-26T06:58:29.914+0000][66][info ][gc,phases   ] GC(354)   Evacuate Collection Set: 9.2ms
[2026-01-26T06:58:29.914+0000][66][info ][gc,phases   ] GC(354)   Post Evacuate Collection Set: 1.5ms
[2026-01-26T06:58:29.915+0000][66][info ][gc,phases   ] GC(354)   Other: 1.1ms
[2026-01-26T06:58:29.915+0000][66][trace][gc,age      ] GC(354) Age table with threshold 15 (max threshold 15)
[2026-01-26T06:58:29.915+0000][66][trace][gc,age      ] GC(354) - age   1:   17535824 bytes,   17535824 total
[2026-01-26T06:58:29.916+0000][66][trace][gc,age      ] GC(354) - age   2:   11362928 bytes,   28898752 total
[2026-01-26T06:58:29.916+0000][66][trace][gc,age      ] GC(354) - age   3:    4685792 bytes,   33584544 total
[2026-01-26T06:58:29.916+0000][66][trace][gc,age      ] GC(354) - age   4:       4032 bytes,   33588576 total
[2026-01-26T06:58:29.917+0000][66][trace][gc,age      ] GC(354) - age   5:      71384 bytes,   33659960 total
[2026-01-26T06:58:29.917+0000][66][info ][gc,heap     ] GC(354) Eden regions: 144->0(138)
[2026-01-26T06:58:29.917+0000][66][info ][gc,heap     ] GC(354) Survivor regions: 6->9(19)
[2026-01-26T06:58:29.918+0000][66][info ][gc,heap     ] GC(354) Old regions: 73->73
[2026-01-26T06:58:29.918+0000][66][info ][gc,heap     ] GC(354) Humongous regions: 0->0
[2026-01-26T06:58:29.918+0000][66][info ][gc,metaspace] GC(354) Metaspace: 133332K(136768K)->133332K(136768K) NonClass: 115562K(117376K)->115562K(117376K) Class: 17770K(19392K)->17770K(19392K)
[2026-01-26T06:58:29.919+0000][66][info ][gc          ] GC(354) Pause Young (Normal) (G1 Evacuation Pause) 887M->324M(1024M) 18.744ms
[2026-01-26T06:58:29.919+0000][66][info ][gc,cpu      ] GC(354) User=0.05s Sys=0.01s Real=0.02s
[2026-01-26T06:58:29.920+0000][66][info ][safepoint   ] Safepoint "G1CollectForAllocation", Time since last: 345381279 ns, Reaching safepoint: 19301 ns, Cleanup: 4900 ns, At safepoint: 19566744 ns, Total: 19590945 ns
[2026-01-26T06:58:33.947+0000][66][info ][gc,start    ] GC(355) Pause Young (Normal) (G1 Evacuation Pause)
[2026-01-26T06:58:33.948+0000][66][info ][gc,task     ] GC(355) Using 6 workers of 6 for evacuation
[2026-01-26T06:58:33.948+0000][66][debug][gc,age      ] GC(355) Desired survivor size 39845888 bytes, new threshold 15 (max threshold 15)
[2026-01-26T06:58:33.956+0000][66][info ][gc,phases   ] GC(355)   Pre Evacuate Collection Set: 0.5ms
[2026-01-26T06:58:33.957+0000][66][info ][gc,phases   ] GC(355)   Merge Heap Roots: 0.2ms
[2026-01-26T06:58:33.957+0000][66][info ][gc,phases   ] GC(355)   Evacuate Collection Set: 5.8ms
[2026-01-26T06:58:33.958+0000][66][info ][gc,phases   ] GC(355)   Post Evacuate Collection Set: 1.2ms
[2026-01-26T06:58:33.958+0000][66][info ][gc,phases   ] GC(355)   Other: 0.9ms
[2026-01-26T06:58:33.959+0000][66][trace][gc,age      ] GC(355) Age table with threshold 15 (max threshold 15)
[2026-01-26T06:58:33.959+0000][66][trace][gc,age      ] GC(355) - age   1:    9704136 bytes,    9704136 total
[2026-01-26T06:58:33.960+0000][66][trace][gc,age      ] GC(355) - age   2:     219464 bytes,    9923600 total
[2026-01-26T06:58:33.960+0000][66][trace][gc,age      ] GC(355) - age   3:     578064 bytes,   10501664 total
[2026-01-26T06:58:33.960+0000][66][trace][gc,age      ] GC(355) - age   4:        992 bytes,   10502656 total
[2026-01-26T06:58:33.961+0000][66][trace][gc,age      ] GC(355) - age   5:       3328 bytes,   10505984 total
[2026-01-26T06:58:33.961+0000][66][trace][gc,age      ] GC(355) - age   6:      68576 bytes,   10574560 total
[2026-01-26T06:58:33.962+0000][66][info ][gc,heap     ] GC(355) Eden regions: 138->0(148)
[2026-01-26T06:58:33.962+0000][66][info ][gc,heap     ] GC(355) Survivor regions: 9->4(19)
[2026-01-26T06:58:33.963+0000][66][info ][gc,heap     ] GC(355) Old regions: 73->73
[2026-01-26T06:58:33.963+0000][66][info ][gc,heap     ] GC(355) Humongous regions: 0->0
[2026-01-26T06:58:33.963+0000][66][info ][gc,metaspace] GC(355) Metaspace: 133334K(136768K)->133334K(136768K) NonClass: 115563K(117376K)->115563K(117376K) Class: 17770K(19392K)->17770K(19392K)
[2026-01-26T06:58:33.964+0000][66][info ][gc          ] GC(355) Pause Young (Normal) (G1 Evacuation Pause) 876M->300M(1024M) 16.506ms
[2026-01-26T06:58:33.964+0000][66][info ][gc,cpu      ] GC(355) User=0.03s Sys=0.00s Real=0.02s
[2026-01-26T06:58:33.965+0000][66][info ][safepoint   ] Safepoint "G1CollectForAllocation", Time since last: 4029591459 ns, Reaching safepoint: 20802 ns, Cleanup: 5400 ns, At safepoint: 17439187 ns, Total: 17465389 ns
[2026-01-26T06:58:36.475+0000][66][info ][gc,start    ] GC(356) Pause Young (Normal) (G1 Evacuation Pause)
[2026-01-26T06:58:36.475+0000][66][info ][gc,task     ] GC(356) Using 6 workers of 6 for evacuation
[2026-01-26T06:58:36.476+0000][66][debug][gc,age      ] GC(356) Desired survivor size 39845888 bytes, new threshold 15 (max threshold 15)
[2026-01-26T06:58:36.483+0000][66][info ][gc,phases   ] GC(356)   Pre Evacuate Collection Set: 0.5ms
[2026-01-26T06:58:36.483+0000][66][info ][gc,phases   ] GC(356)   Merge Heap Roots: 0.2ms
[2026-01-26T06:58:36.483+0000][66][info ][gc,phases   ] GC(356)   Evacuate Collection Set: 4.3ms
[2026-01-26T06:58:36.484+0000][66][info ][gc,phases   ] GC(356)   Post Evacuate Collection Set: 1.3ms
[2026-01-26T06:58:36.484+0000][66][info ][gc,phases   ] GC(356)   Other: 1.1ms
[2026-01-26T06:58:36.485+0000][66][trace][gc,age      ] GC(356) Age table with threshold 15 (max threshold 15)
[2026-01-26T06:58:36.485+0000][66][trace][gc,age      ] GC(356) - age   1:    5090048 bytes,    5090048 total
[2026-01-26T06:58:36.486+0000][66][trace][gc,age      ] GC(356) - age   2:    1913536 bytes,    7003584 total
[2026-01-26T06:58:36.486+0000][66][trace][gc,age      ] GC(356) - age   3:     219288 bytes,    7222872 total
[2026-01-26T06:58:36.486+0000][66][trace][gc,age      ] GC(356) - age   4:     578064 bytes,    7800936 total
[2026-01-26T06:58:36.487+0000][66][trace][gc,age      ] GC(356) - age   5:        968 bytes,    7801904 total
[2026-01-26T06:58:36.487+0000][66][trace][gc,age      ] GC(356) - age   6:       3328 bytes,    7805232 total
[2026-01-26T06:58:36.487+0000][66][trace][gc,age      ] GC(356) - age   7:      68576 bytes,    7873808 total
[2026-01-26T06:58:36.488+0000][66][info ][gc,heap     ] GC(356) Eden regions: 148->0(150)
[2026-01-26T06:58:36.488+0000][66][info ][gc,heap     ] GC(356) Survivor regions: 4->3(19)
[2026-01-26T06:58:36.488+0000][66][info ][gc,heap     ] GC(356) Old regions: 73->73
[2026-01-26T06:58:36.489+0000][66][info ][gc,heap     ] GC(356) Humongous regions: 0->0
[2026-01-26T06:58:36.489+0000][66][info ][gc,metaspace] GC(356) Metaspace: 133339K(136768K)->133339K(136768K) NonClass: 115568K(117376K)->115568K(117376K) Class: 17770K(19392K)->17770K(19392K)
[2026-01-26T06:58:36.490+0000][66][info ][gc          ] GC(356) Pause Young (Normal) (G1 Evacuation Pause) 892M->297M(1024M) 15.025ms
[2026-01-26T06:58:36.490+0000][66][info ][gc,cpu      ] GC(356) User=0.01s Sys=0.01s Real=0.02s
[2026-01-26T06:58:36.491+0000][66][info ][safepoint   ] Safepoint "G1CollectForAllocation", Time since last: 2509789444 ns, Reaching safepoint: 165312 ns, Cleanup: 15201 ns, At safepoint: 16091287 ns, Total: 16271800 ns
[2026-01-26T06:58:38.363+0000][66][info ][safepoint   ] Safepoint "Cleanup", Time since last: 1872137081 ns, Reaching safepoint: 133910 ns, Cleanup: 13001 ns, At safepoint: 74905 ns, Total: 221816 ns
[2026-01-26T06:58:38.848+0000][66][info ][gc,start    ] GC(357) Pause Young (Normal) (G1 Evacuation Pause)
[2026-01-26T06:58:38.848+0000][66][info ][gc,task     ] GC(357) Using 6 workers of 6 for evacuation
[2026-01-26T06:58:38.848+0000][66][debug][gc,age      ] GC(357) Desired survivor size 41943040 bytes, new threshold 15 (max threshold 15)
[2026-01-26T06:58:38.856+0000][66][info ][gc,phases   ] GC(357)   Pre Evacuate Collection Set: 0.4ms
[2026-01-26T06:58:38.856+0000][66][info ][gc,phases   ] GC(357)   Merge Heap Roots: 0.1ms
[2026-01-26T06:58:38.857+0000][66][info ][gc,phases   ] GC(357)   Evacuate Collection Set: 5.3ms
[2026-01-26T06:58:38.857+0000][66][info ][gc,phases   ] GC(357)   Post Evacuate Collection Set: 1.1ms
[2026-01-26T06:58:38.858+0000][66][info ][gc,phases   ] GC(357)   Other: 1.0ms
[2026-01-26T06:58:38.858+0000][66][trace][gc,age      ] GC(357) Age table with threshold 15 (max threshold 15)
[2026-01-26T06:58:38.858+0000][66][trace][gc,age      ] GC(357) - age   1:    7603272 bytes,    7603272 total
[2026-01-26T06:58:38.859+0000][66][trace][gc,age      ] GC(357) - age   2:     227896 bytes,    7831168 total
[2026-01-26T06:58:38.859+0000][66][trace][gc,age      ] GC(357) - age   3:     700904 bytes,    8532072 total
[2026-01-26T06:58:38.859+0000][66][trace][gc,age      ] GC(357) - age   4:     218840 bytes,    8750912 total
[2026-01-26T06:58:38.860+0000][66][trace][gc,age      ] GC(357) - age   5:     575480 bytes,    9326392 total
[2026-01-26T06:58:38.860+0000][66][trace][gc,age      ] GC(357) - age   6:        968 bytes,    9327360 total
[2026-01-26T06:58:38.860+0000][66][trace][gc,age      ] GC(357) - age   7:       1392 bytes,    9328752 total
[2026-01-26T06:58:38.861+0000][66][trace][gc,age      ] GC(357) - age   8:      65408 bytes,    9394160 total
[2026-01-26T06:58:38.861+0000][66][info ][gc,heap     ] GC(357) Eden regions: 150->0(150)
[2026-01-26T06:58:38.861+0000][66][info ][gc,heap     ] GC(357) Survivor regions: 3->3(20)
[2026-01-26T06:58:38.861+0000][66][info ][gc,heap     ] GC(357) Old regions: 73->73
[2026-01-26T06:58:38.862+0000][66][info ][gc,heap     ] GC(357) Humongous regions: 0->0
[2026-01-26T06:58:38.862+0000][66][info ][gc,metaspace] GC(357) Metaspace: 133350K(136832K)->133350K(136832K) NonClass: 115579K(117440K)->115579K(117440K) Class: 17770K(19392K)->17770K(19392K)
[2026-01-26T06:58:38.862+0000][66][info ][gc          ] GC(357) Pause Young (Normal) (G1 Evacuation Pause) 897M->298M(1024M) 14.656ms
[2026-01-26T06:58:38.862+0000][66][info ][gc,cpu      ] GC(357) User=0.02s Sys=0.00s Real=0.02s
[2026-01-26T06:58:38.863+0000][66][info ][safepoint   ] Safepoint "G1CollectForAllocation", Time since last: 484302720 ns, Reaching safepoint: 152511 ns, Cleanup: 11801 ns, At safepoint: 15413837 ns, Total: 15578149 ns
[2026-01-26T06:58:39.869+0000][66][info ][safepoint   ] Safepoint "Cleanup", Time since last: 1006026000 ns, Reaching safepoint: 133610 ns, Cleanup: 24402 ns, At safepoint: 80806 ns, Total: 238818 ns
[2026-01-26T06:58:41.045+0000][66][info ][safepoint   ] Safepoint "Cleanup", Time since last: 1175901929 ns, Reaching safepoint: 197915 ns, Cleanup: 13001 ns, At safepoint: 75405 ns, Total: 286321 ns
[2026-01-26T06:58:41.613+0000][66][info ][gc,start    ] GC(358) Pause Young (Normal) (G1 Evacuation Pause)
[2026-01-26T06:58:41.613+0000][66][info ][gc,task     ] GC(358) Using 6 workers of 6 for evacuation
[2026-01-26T06:58:41.614+0000][66][debug][gc,age      ] GC(358) Desired survivor size 41943040 bytes, new threshold 15 (max threshold 15)
[2026-01-26T06:58:41.622+0000][66][info ][gc,phases   ] GC(358)   Pre Evacuate Collection Set: 0.5ms
[2026-01-26T06:58:41.622+0000][66][info ][gc,phases   ] GC(358)   Merge Heap Roots: 0.2ms
[2026-01-26T06:58:41.623+0000][66][info ][gc,phases   ] GC(358)   Evacuate Collection Set: 5.9ms
[2026-01-26T06:58:41.623+0000][66][info ][gc,phases   ] GC(358)   Post Evacuate Collection Set: 1.1ms
[2026-01-26T06:58:41.624+0000][66][info ][gc,phases   ] GC(358)   Other: 0.9ms
[2026-01-26T06:58:41.624+0000][66][trace][gc,age      ] GC(358) Age table with threshold 15 (max threshold 15)
[2026-01-26T06:58:41.625+0000][66][trace][gc,age      ] GC(358) - age   1:   10491744 bytes,   10491744 total
[2026-01-26T06:58:41.625+0000][66][trace][gc,age      ] GC(358) - age   2:    4243688 bytes,   14735432 total
[2026-01-26T06:58:41.626+0000][66][trace][gc,age      ] GC(358) - age   3:     227656 bytes,   14963088 total
[2026-01-26T06:58:41.626+0000][66][trace][gc,age      ] GC(358) - age   4:     699952 bytes,   15663040 total
[2026-01-26T06:58:41.626+0000][66][trace][gc,age      ] GC(358) - age   5:     218840 bytes,   15881880 total
[2026-01-26T06:58:41.627+0000][66][trace][gc,age      ] GC(358) - age   6:     575200 bytes,   16457080 total
[2026-01-26T06:58:41.627+0000][66][trace][gc,age      ] GC(358) - age   7:        968 bytes,   16458048 total
[2026-01-26T06:58:41.628+0000][66][trace][gc,age      ] GC(358) - age   8:        648 bytes,   16458696 total
[2026-01-26T06:58:41.628+0000][66][trace][gc,age      ] GC(358) - age   9:      65408 bytes,   16524104 total
[2026-01-26T06:58:41.628+0000][66][info ][gc,heap     ] GC(358) Eden regions: 150->0(146)
[2026-01-26T06:58:41.629+0000][66][info ][gc,heap     ] GC(358) Survivor regions: 3->5(20)
[2026-01-26T06:58:41.629+0000][66][info ][gc,heap     ] GC(358) Old regions: 73->73
[2026-01-26T06:58:41.630+0000][66][info ][gc,heap     ] GC(358) Humongous regions: 0->0
[2026-01-26T06:58:41.630+0000][66][info ][gc,metaspace] GC(358) Metaspace: 133352K(136832K)->133352K(136832K) NonClass: 115581K(117440K)->115581K(117440K) Class: 17770K(19392K)->17770K(19392K)
[2026-01-26T06:58:41.630+0000][66][info ][gc          ] GC(358) Pause Young (Normal) (G1 Evacuation Pause) 898M->304M(1024M) 17.744ms
[2026-01-26T06:58:41.631+0000][66][info ][gc,cpu      ] GC(358) User=0.03s Sys=0.00s Real=0.02s
[2026-01-26T06:58:41.631+0000][66][info ][safepoint   ] Safepoint "G1CollectForAllocation", Time since last: 567318643 ns, Reaching safepoint: 17302 ns, Cleanup: 4100 ns, At safepoint: 18511165 ns, Total: 18532567 ns
[2026-01-26T06:58:44.201+0000][66][info ][safepoint   ] Safepoint "Cleanup", Time since last: 2570036555 ns, Reaching safepoint: 124809 ns, Cleanup: 13801 ns, At safepoint: 36603 ns, Total: 175213 ns
[2026-01-26T06:58:44.706+0000][66][info ][gc,start    ] GC(359) Pause Young (Normal) (G1 Evacuation Pause)
[2026-01-26T06:58:44.707+0000][66][info ][gc,task     ] GC(359) Using 6 workers of 6 for evacuation
[2026-01-26T06:58:44.707+0000][66][debug][gc,age      ] GC(359) Desired survivor size 39845888 bytes, new threshold 15 (max threshold 15)
[2026-01-26T06:58:44.719+0000][66][info ][gc,phases   ] GC(359)   Pre Evacuate Collection Set: 0.4ms
[2026-01-26T06:58:44.720+0000][66][info ][gc,phases   ] GC(359)   Merge Heap Roots: 0.1ms
[2026-01-26T06:58:44.720+0000][66][info ][gc,phases   ] GC(359)   Evacuate Collection Set: 9.4ms
[2026-01-26T06:58:44.721+0000][66][info ][gc,phases   ] GC(359)   Post Evacuate Collection Set: 1.7ms
[2026-01-26T06:58:44.721+0000][66][info ][gc,phases   ] GC(359)   Other: 1.0ms
[2026-01-26T06:58:44.722+0000][66][trace][gc,age      ] GC(359) Age table with threshold 15 (max threshold 15)
[2026-01-26T06:58:44.722+0000][66][trace][gc,age      ] GC(359) - age   1:   11151440 bytes,   11151440 total
[2026-01-26T06:58:44.723+0000][66][trace][gc,age      ] GC(359) - age   2:    5096792 bytes,   16248232 total
[2026-01-26T06:58:44.723+0000][66][trace][gc,age      ] GC(359) - age   3:    3678456 bytes,   19926688 total
[2026-01-26T06:58:44.724+0000][66][trace][gc,age      ] GC(359) - age   4:     227656 bytes,   20154344 total
[2026-01-26T06:58:44.724+0000][66][trace][gc,age      ] GC(359) - age   5:     699416 bytes,   20853760 total
[2026-01-26T06:58:44.725+0000][66][trace][gc,age      ] GC(359) - age   6:     218840 bytes,   21072600 total
[2026-01-26T06:58:44.725+0000][66][trace][gc,age      ] GC(359) - age   7:     574952 bytes,   21647552 total
[2026-01-26T06:58:44.726+0000][66][trace][gc,age      ] GC(359) - age   8:        968 bytes,   21648520 total
[2026-01-26T06:58:44.726+0000][66][trace][gc,age      ] GC(359) - age   9:        280 bytes,   21648800 total
[2026-01-26T06:58:44.726+0000][66][trace][gc,age      ] GC(359) - age  10:      65408 bytes,   21714208 total
[2026-01-26T06:58:44.727+0000][66][info ][gc,heap     ] GC(359) Eden regions: 146->0(144)
[2026-01-26T06:58:44.727+0000][66][info ][gc,heap     ] GC(359) Survivor regions: 5->6(19)
[2026-01-26T06:58:44.728+0000][66][info ][gc,heap     ] GC(359) Old regions: 73->73
[2026-01-26T06:58:44.728+0000][66][info ][gc,heap     ] GC(359) Humongous regions: 0->0
[2026-01-26T06:58:44.728+0000][66][info ][gc,metaspace] GC(359) Metaspace: 133352K(136832K)->133352K(136832K) NonClass: 115581K(117440K)->115581K(117440K) Class: 17770K(19392K)->17770K(19392K)
[2026-01-26T06:58:44.729+0000][66][info ][gc          ] GC(359) Pause Young (Normal) (G1 Evacuation Pause) 888M->310M(1024M) 22.470ms
[2026-01-26T06:58:44.729+0000][66][info ][gc,cpu      ] GC(359) User=0.04s Sys=0.01s Real=0.02s
[2026-01-26T06:58:44.730+0000][66][info ][safepoint   ] Safepoint "G1CollectForAllocation", Time since last: 504588313 ns, Reaching safepoint: 230017 ns, Cleanup: 6601 ns, At safepoint: 23538543 ns, Total: 23775161 ns
[2026-01-26T06:58:46.561+0000][66][info ][safepoint   ] Safepoint "Cleanup", Time since last: 1831381620 ns, Reaching safepoint: 123510 ns, Cleanup: 16901 ns, At safepoint: 64005 ns, Total: 204416 ns
[2026-01-26T06:58:47.615+0000][66][info ][gc,start    ] GC(360) Pause Young (Normal) (G1 Evacuation Pause)
[2026-01-26T06:58:47.615+0000][66][info ][gc,task     ] GC(360) Using 6 workers of 6 for evacuation
[2026-01-26T06:58:47.616+0000][66][debug][gc,age      ] GC(360) Desired survivor size 39845888 bytes, new threshold 15 (max threshold 15)
[2026-01-26T06:58:47.627+0000][66][info ][gc,phases   ] GC(360)   Pre Evacuate Collection Set: 0.5ms
[2026-01-26T06:58:47.628+0000][66][info ][gc,phases   ] GC(360)   Merge Heap Roots: 0.3ms
[2026-01-26T06:58:47.628+0000][66][info ][gc,phases   ] GC(360)   Evacuate Collection Set: 7.4ms
[2026-01-26T06:58:47.629+0000][66][info ][gc,phases   ] GC(360)   Post Evacuate Collection Set: 2.6ms
[2026-01-26T06:58:47.630+0000][66][info ][gc,phases   ] GC(360)   Other: 0.9ms
[2026-01-26T06:58:47.630+0000][66][trace][gc,age      ] GC(360) Age table with threshold 15 (max threshold 15)
[2026-01-26T06:58:47.631+0000][66][trace][gc,age      ] GC(360) - age   1:   10081296 bytes,   10081296 total
[2026-01-26T06:58:47.631+0000][66][trace][gc,age      ] GC(360) - age   2:    1759944 bytes,   11841240 total
[2026-01-26T06:58:47.635+0000][66][trace][gc,age      ] GC(360) - age   3:     153616 bytes,   11994856 total
[2026-01-26T06:58:47.635+0000][66][trace][gc,age      ] GC(360) - age   4:     293472 bytes,   12288328 total
[2026-01-26T06:58:47.636+0000][66][trace][gc,age      ] GC(360) - age   5:      27736 bytes,   12316064 total
[2026-01-26T06:58:47.636+0000][66][trace][gc,age      ] GC(360) - age   6:     561104 bytes,   12877168 total
[2026-01-26T06:58:47.636+0000][66][trace][gc,age      ] GC(360) - age   7:     218840 bytes,   13096008 total
[2026-01-26T06:58:47.637+0000][66][trace][gc,age      ] GC(360) - age   8:     574872 bytes,   13670880 total
[2026-01-26T06:58:47.637+0000][66][trace][gc,age      ] GC(360) - age   9:        968 bytes,   13671848 total
[2026-01-26T06:58:47.637+0000][66][trace][gc,age      ] GC(360) - age  10:        280 bytes,   13672128 total
[2026-01-26T06:58:47.638+0000][66][trace][gc,age      ] GC(360) - age  11:      65408 bytes,   13737536 total
[2026-01-26T06:58:47.638+0000][66][info ][gc,heap     ] GC(360) Eden regions: 144->0(148)
[2026-01-26T06:58:47.639+0000][66][info ][gc,heap     ] GC(360) Survivor regions: 6->4(19)
[2026-01-26T06:58:47.639+0000][66][info ][gc,heap     ] GC(360) Old regions: 73->73
[2026-01-26T06:58:47.640+0000][66][info ][gc,heap     ] GC(360) Humongous regions: 0->0
[2026-01-26T06:58:47.640+0000][66][info ][gc,metaspace] GC(360) Metaspace: 133356K(136832K)->133356K(136832K) NonClass: 115586K(117440K)->115586K(117440K) Class: 17770K(19392K)->17770K(19392K)
[2026-01-26T06:58:47.640+0000][66][info ][gc          ] GC(360) Pause Young (Normal) (G1 Evacuation Pause) 886M->302M(1024M) 25.552ms
[2026-01-26T06:58:47.641+0000][66][info ][gc,cpu      ] GC(360) User=0.02s Sys=0.01s Real=0.03s
[2026-01-26T06:58:47.641+0000][66][info ][safepoint   ] Safepoint "G1CollectForAllocation", Time since last: 1053471113 ns, Reaching safepoint: 20902 ns, Cleanup: 4900 ns, At safepoint: 26593569 ns, Total: 26619371 ns
[2026-01-26T06:58:54.009+0000][66][info ][gc,start    ] GC(361) Pause Young (Normal) (G1 Evacuation Pause)
[2026-01-26T06:58:54.010+0000][66][info ][gc,task     ] GC(361) Using 6 workers of 6 for evacuation
[2026-01-26T06:58:54.010+0000][66][debug][gc,age      ] GC(361) Desired survivor size 39845888 bytes, new threshold 15 (max threshold 15)
[2026-01-26T06:58:54.021+0000][66][info ][gc,phases   ] GC(361)   Pre Evacuate Collection Set: 0.5ms
[2026-01-26T06:58:54.021+0000][66][info ][gc,phases   ] GC(361)   Merge Heap Roots: 0.2ms
[2026-01-26T06:58:54.022+0000][66][info ][gc,phases   ] GC(361)   Evacuate Collection Set: 8.1ms
[2026-01-26T06:58:54.022+0000][66][info ][gc,phases   ] GC(361)   Post Evacuate Collection Set: 1.4ms
[2026-01-26T06:58:54.022+0000][66][info ][gc,phases   ] GC(361)   Other: 1.0ms
[2026-01-26T06:58:54.023+0000][66][trace][gc,age      ] GC(361) Age table with threshold 15 (max threshold 15)
[2026-01-26T06:58:54.023+0000][66][trace][gc,age      ] GC(361) - age   1:   17414888 bytes,   17414888 total
[2026-01-26T06:58:54.024+0000][66][trace][gc,age      ] GC(361) - age   2:    5318552 bytes,   22733440 total
[2026-01-26T06:58:54.024+0000][66][trace][gc,age      ] GC(361) - age   3:    1719792 bytes,   24453232 total
[2026-01-26T06:58:54.024+0000][66][trace][gc,age      ] GC(361) - age   4:      65600 bytes,   24518832 total
[2026-01-26T06:58:54.024+0000][66][trace][gc,age      ] GC(361) - age   5:     233360 bytes,   24752192 total
[2026-01-26T06:58:54.025+0000][66][trace][gc,age      ] GC(361) - age   6:      14720 bytes,   24766912 total
[2026-01-26T06:58:54.025+0000][66][trace][gc,age      ] GC(361) - age   7:     481960 bytes,   25248872 total
[2026-01-26T06:58:54.025+0000][66][trace][gc,age      ] GC(361) - age   8:     218840 bytes,   25467712 total
[2026-01-26T06:58:54.026+0000][66][trace][gc,age      ] GC(361) - age   9:     574304 bytes,   26042016 total
[2026-01-26T06:58:54.026+0000][66][trace][gc,age      ] GC(361) - age  10:        968 bytes,   26042984 total
[2026-01-26T06:58:54.026+0000][66][trace][gc,age      ] GC(361) - age  11:        280 bytes,   26043264 total
[2026-01-26T06:58:54.027+0000][66][trace][gc,age      ] GC(361) - age  12:      65408 bytes,   26108672 total
[2026-01-26T06:58:54.027+0000][66][info ][gc,heap     ] GC(361) Eden regions: 148->0(142)
[2026-01-26T06:58:54.027+0000][66][info ][gc,heap     ] GC(361) Survivor regions: 4->7(19)
[2026-01-26T06:58:54.027+0000][66][info ][gc,heap     ] GC(361) Old regions: 73->73
[2026-01-26T06:58:54.028+0000][66][info ][gc,heap     ] GC(361) Humongous regions: 0->0
[2026-01-26T06:58:54.028+0000][66][info ][gc,metaspace] GC(361) Metaspace: 133357K(136832K)->133357K(136832K) NonClass: 115586K(117440K)->115586K(117440K) Class: 17770K(19392K)->17770K(19392K)
[2026-01-26T06:58:54.028+0000][66][info ][gc          ] GC(361) Pause Young (Normal) (G1 Evacuation Pause) 894M->314M(1024M) 19.284ms
[2026-01-26T06:58:54.029+0000][66][info ][gc,cpu      ] GC(361) User=0.04s Sys=0.00s Real=0.02s
[2026-01-26T06:58:54.029+0000][66][info ][safepoint   ] Safepoint "G1CollectForAllocation", Time since last: 6367481240 ns, Reaching safepoint: 20002 ns, Cleanup: 5500 ns, At safepoint: 20057886 ns, Total: 20083388 ns
[2026-01-26T06:58:57.864+0000][66][info ][safepoint   ] Safepoint "Cleanup", Time since last: 3834881695 ns, Reaching safepoint: 41403 ns, Cleanup: 10501 ns, At safepoint: 10701 ns, Total: 62605 ns
[2026-01-26T06:58:59.374+0000][66][info ][gc,start    ] GC(362) Pause Young (Normal) (G1 Evacuation Pause)
[2026-01-26T06:58:59.374+0000][66][info ][gc,task     ] GC(362) Using 6 workers of 6 for evacuation
[2026-01-26T06:58:59.375+0000][66][debug][gc,age      ] GC(362) Desired survivor size 39845888 bytes, new threshold 15 (max threshold 15)
[2026-01-26T06:58:59.383+0000][66][info ][gc,phases   ] GC(362)   Pre Evacuate Collection Set: 0.4ms
[2026-01-26T06:58:59.383+0000][66][info ][gc,phases   ] GC(362)   Merge Heap Roots: 0.2ms
[2026-01-26T06:58:59.384+0000][66][info ][gc,phases   ] GC(362)   Evacuate Collection Set: 5.5ms
[2026-01-26T06:58:59.384+0000][66][info ][gc,phases   ] GC(362)   Post Evacuate Collection Set: 1.7ms
[2026-01-26T06:58:59.385+0000][66][info ][gc,phases   ] GC(362)   Other: 0.8ms
[2026-01-26T06:58:59.385+0000][66][trace][gc,age      ] GC(362) Age table with threshold 15 (max threshold 15)
[2026-01-26T06:58:59.385+0000][66][trace][gc,age      ] GC(362) - age   1:   10117688 bytes,   10117688 total
[2026-01-26T06:58:59.386+0000][66][trace][gc,age      ] GC(362) - age   2:       6752 bytes,   10124440 total
[2026-01-26T06:58:59.386+0000][66][trace][gc,age      ] GC(362) - age   3:      73168 bytes,   10197608 total
[2026-01-26T06:58:59.386+0000][66][trace][gc,age      ] GC(362) - age   4:        976 bytes,   10198584 total
[2026-01-26T06:58:59.387+0000][66][trace][gc,age      ] GC(362) - age   5:      65600 bytes,   10264184 total
[2026-01-26T06:58:59.387+0000][66][trace][gc,age      ] GC(362) - age   6:     230752 bytes,   10494936 total
[2026-01-26T06:58:59.387+0000][66][trace][gc,age      ] GC(362) - age   7:      14568 bytes,   10509504 total
[2026-01-26T06:58:59.387+0000][66][trace][gc,age      ] GC(362) - age   8:     479304 bytes,   10988808 total
[2026-01-26T06:58:59.388+0000][66][trace][gc,age      ] GC(362) - age   9:     218664 bytes,   11207472 total
[2026-01-26T06:58:59.388+0000][66][trace][gc,age      ] GC(362) - age  10:     574168 bytes,   11781640 total
[2026-01-26T06:58:59.388+0000][66][trace][gc,age      ] GC(362) - age  11:        968 bytes,   11782608 total
[2026-01-26T06:58:59.389+0000][66][trace][gc,age      ] GC(362) - age  12:        280 bytes,   11782888 total
[2026-01-26T06:58:59.389+0000][66][trace][gc,age      ] GC(362) - age  13:      65408 bytes,   11848296 total
[2026-01-26T06:58:59.389+0000][66][info ][gc,heap     ] GC(362) Eden regions: 142->0(148)
[2026-01-26T06:58:59.390+0000][66][info ][gc,heap     ] GC(362) Survivor regions: 7->4(19)
[2026-01-26T06:58:59.390+0000][66][info ][gc,heap     ] GC(362) Old regions: 73->73
[2026-01-26T06:58:59.390+0000][66][info ][gc,heap     ] GC(362) Humongous regions: 0->0
[2026-01-26T06:58:59.391+0000][66][info ][gc,metaspace] GC(362) Metaspace: 133358K(136832K)->133358K(136832K) NonClass: 115588K(117440K)->115588K(117440K) Class: 17770K(19392K)->17770K(19392K)
[2026-01-26T06:58:59.391+0000][66][info ][gc          ] GC(362) Pause Young (Normal) (G1 Evacuation Pause) 882M->302M(1024M) 17.152ms
[2026-01-26T06:58:59.391+0000][66][info ][gc,cpu      ] GC(362) User=0.03s Sys=0.01s Real=0.02s
[2026-01-26T06:58:59.392+0000][66][info ][safepoint   ] Safepoint "G1CollectForAllocation", Time since last: 1509181263 ns, Reaching safepoint: 664650 ns, Cleanup: 5900 ns, At safepoint: 17862823 ns, Total: 18533373 ns
[2026-01-26T06:59:06.206+0000][66][info ][gc,start    ] GC(363) Pause Young (Normal) (G1 Evacuation Pause)
[2026-01-26T06:59:06.206+0000][66][info ][gc,task     ] GC(363) Using 6 workers of 6 for evacuation
[2026-01-26T06:59:06.207+0000][66][debug][gc,age      ] GC(363) Desired survivor size 39845888 bytes, new threshold 15 (max threshold 15)
[2026-01-26T06:59:06.218+0000][66][info ][gc,phases   ] GC(363)   Pre Evacuate Collection Set: 0.5ms
[2026-01-26T06:59:06.219+0000][66][info ][gc,phases   ] GC(363)   Merge Heap Roots: 0.2ms
[2026-01-26T06:59:06.219+0000][66][info ][gc,phases   ] GC(363)   Evacuate Collection Set: 8.7ms
[2026-01-26T06:59:06.220+0000][66][info ][gc,phases   ] GC(363)   Post Evacuate Collection Set: 1.5ms
[2026-01-26T06:59:06.220+0000][66][info ][gc,phases   ] GC(363)   Other: 0.9ms
[2026-01-26T06:59:06.221+0000][66][trace][gc,age      ] GC(363) Age table with threshold 15 (max threshold 15)
[2026-01-26T06:59:06.221+0000][66][trace][gc,age      ] GC(363) - age   1:   19315608 bytes,   19315608 total
[2026-01-26T06:59:06.222+0000][66][trace][gc,age      ] GC(363) - age   2:    6669344 bytes,   25984952 total
[2026-01-26T06:59:06.222+0000][66][trace][gc,age      ] GC(363) - age   3:       1240 bytes,   25986192 total
[2026-01-26T06:59:06.223+0000][66][trace][gc,age      ] GC(363) - age   4:      72480 bytes,   26058672 total
[2026-01-26T06:59:06.223+0000][66][trace][gc,age      ] GC(363) - age   5:        912 bytes,   26059584 total
[2026-01-26T06:59:06.223+0000][66][trace][gc,age      ] GC(363) - age   6:      65456 bytes,   26125040 total
[2026-01-26T06:59:06.224+0000][66][trace][gc,age      ] GC(363) - age   7:     230056 bytes,   26355096 total
[2026-01-26T06:59:06.224+0000][66][trace][gc,age      ] GC(363) - age   8:      14256 bytes,   26369352 total
[2026-01-26T06:59:06.225+0000][66][trace][gc,age      ] GC(363) - age   9:     120968 bytes,   26490320 total
[2026-01-26T06:59:06.225+0000][66][trace][gc,age      ] GC(363) - age  10:       3512 bytes,   26493832 total
[2026-01-26T06:59:06.225+0000][66][trace][gc,age      ] GC(363) - age  11:     125160 bytes,   26618992 total
[2026-01-26T06:59:06.226+0000][66][trace][gc,age      ] GC(363) - age  12:        968 bytes,   26619960 total
[2026-01-26T06:59:06.226+0000][66][trace][gc,age      ] GC(363) - age  13:        280 bytes,   26620240 total
[2026-01-26T06:59:06.227+0000][66][trace][gc,age      ] GC(363) - age  14:      65104 bytes,   26685344 total
[2026-01-26T06:59:06.227+0000][66][info ][gc,heap     ] GC(363) Eden regions: 148->0(142)
[2026-01-26T06:59:06.227+0000][66][info ][gc,heap     ] GC(363) Survivor regions: 4->7(19)
[2026-01-26T06:59:06.228+0000][66][info ][gc,heap     ] GC(363) Old regions: 73->73
[2026-01-26T06:59:06.228+0000][66][info ][gc,heap     ] GC(363) Humongous regions: 0->0
[2026-01-26T06:59:06.229+0000][66][info ][gc,metaspace] GC(363) Metaspace: 133358K(136832K)->133358K(136832K) NonClass: 115588K(117440K)->115588K(117440K) Class: 17770K(19392K)->17770K(19392K)
[2026-01-26T06:59:06.229+0000][66][info ][gc          ] GC(363) Pause Young (Normal) (G1 Evacuation Pause) 894M->315M(1024M) 23.102ms
[2026-01-26T06:59:06.229+0000][66][info ][gc,cpu      ] GC(363) User=0.04s Sys=0.00s Real=0.03s
[2026-01-26T06:59:06.230+0000][66][info ][safepoint   ] Safepoint "G1CollectForAllocation", Time since last: 6816151576 ns, Reaching safepoint: 17902 ns, Cleanup: 4900 ns, At safepoint: 23891134 ns, Total: 23913936 ns
[2026-01-26T06:59:08.232+0000][66][info ][safepoint   ] Safepoint "Cleanup", Time since last: 2002707380 ns, Reaching safepoint: 21201 ns, Cleanup: 15501 ns, At safepoint: 4701 ns, Total: 41403 ns
[2026-01-26T06:59:09.233+0000][66][info ][safepoint   ] Safepoint "Cleanup", Time since last: 1000855280 ns, Reaching safepoint: 177614 ns, Cleanup: 13101 ns, At safepoint: 45603 ns, Total: 236318 ns
[2026-01-26T06:59:10.562+0000][66][info ][gc,start    ] GC(364) Pause Young (Normal) (G1 Evacuation Pause)
[2026-01-26T06:59:10.563+0000][66][info ][gc,task     ] GC(364) Using 6 workers of 6 for evacuation
[2026-01-26T06:59:10.564+0000][66][debug][gc,age      ] GC(364) Desired survivor size 39845888 bytes, new threshold 15 (max threshold 15)
[2026-01-26T06:59:10.579+0000][66][info ][gc,phases   ] GC(364)   Pre Evacuate Collection Set: 0.6ms
[2026-01-26T06:59:10.579+0000][66][info ][gc,phases   ] GC(364)   Merge Heap Roots: 0.3ms
[2026-01-26T06:59:10.580+0000][66][info ][gc,phases   ] GC(364)   Evacuate Collection Set: 11.9ms
[2026-01-26T06:59:10.581+0000][66][info ][gc,phases   ] GC(364)   Post Evacuate Collection Set: 1.6ms
[2026-01-26T06:59:10.581+0000][66][info ][gc,phases   ] GC(364)   Other: 1.2ms
[2026-01-26T06:59:10.582+0000][66][trace][gc,age      ] GC(364) Age table with threshold 15 (max threshold 15)
[2026-01-26T06:59:10.582+0000][66][trace][gc,age      ] GC(364) - age   1:   14892440 bytes,   14892440 total
[2026-01-26T06:59:10.583+0000][66][trace][gc,age      ] GC(364) - age   2:   11548496 bytes,   26440936 total
[2026-01-26T06:59:10.584+0000][66][trace][gc,age      ] GC(364) - age   3:    5720976 bytes,   32161912 total
[2026-01-26T06:59:10.584+0000][66][trace][gc,age      ] GC(364) - age   4:        960 bytes,   32162872 total
[2026-01-26T06:59:10.585+0000][66][trace][gc,age      ] GC(364) - age   5:      72232 bytes,   32235104 total
[2026-01-26T06:59:10.585+0000][66][trace][gc,age      ] GC(364) - age   6:        912 bytes,   32236016 total
[2026-01-26T06:59:10.586+0000][66][trace][gc,age      ] GC(364) - age   7:      65456 bytes,   32301472 total
[2026-01-26T06:59:10.586+0000][66][trace][gc,age      ] GC(364) - age   8:     226888 bytes,   32528360 total
[2026-01-26T06:59:10.587+0000][66][trace][gc,age      ] GC(364) - age   9:      14256 bytes,   32542616 total
[2026-01-26T06:59:10.587+0000][66][trace][gc,age      ] GC(364) - age  10:     120880 bytes,   32663496 total
[2026-01-26T06:59:10.588+0000][66][trace][gc,age      ] GC(364) - age  11:       3328 bytes,   32666824 total
[2026-01-26T06:59:10.588+0000][66][trace][gc,age      ] GC(364) - age  12:     125160 bytes,   32791984 total
[2026-01-26T06:59:10.589+0000][66][trace][gc,age      ] GC(364) - age  13:        968 bytes,   32792952 total
[2026-01-26T06:59:10.590+0000][66][trace][gc,age      ] GC(364) - age  14:        280 bytes,   32793232 total
[2026-01-26T06:59:10.590+0000][66][trace][gc,age      ] GC(364) - age  15:      65104 bytes,   32858336 total
[2026-01-26T06:59:10.591+0000][66][info ][gc,heap     ] GC(364) Eden regions: 142->0(138)
[2026-01-26T06:59:10.591+0000][66][info ][gc,heap     ] GC(364) Survivor regions: 7->9(19)
[2026-01-26T06:59:10.591+0000][66][info ][gc,heap     ] GC(364) Old regions: 73->73
[2026-01-26T06:59:10.592+0000][66][info ][gc,heap     ] GC(364) Humongous regions: 0->0
[2026-01-26T06:59:10.592+0000][66][info ][gc,metaspace] GC(364) Metaspace: 133361K(136832K)->133361K(136832K) NonClass: 115591K(117440K)->115591K(117440K) Class: 17770K(19392K)->17770K(19392K)
[2026-01-26T06:59:10.593+0000][66][info ][gc          ] GC(364) Pause Young (Normal) (G1 Evacuation Pause) 883M->322M(1024M) 30.478ms
[2026-01-26T06:59:10.593+0000][66][info ][gc,cpu      ] GC(364) User=0.05s Sys=0.00s Real=0.03s
[2026-01-26T06:59:10.594+0000][66][info ][safepoint   ] Safepoint "G1CollectForAllocation", Time since last: 1328935562 ns, Reaching safepoint: 22802 ns, Cleanup: 5600 ns, At safepoint: 31626644 ns, Total: 31655046 ns
[2026-01-26T06:59:16.938+0000][66][info ][gc,start    ] GC(365) Pause Young (Normal) (G1 Evacuation Pause)
[2026-01-26T06:59:16.939+0000][66][info ][gc,task     ] GC(365) Using 6 workers of 6 for evacuation
[2026-01-26T06:59:16.939+0000][66][debug][gc,age      ] GC(365) Desired survivor size 39845888 bytes, new threshold 15 (max threshold 15)
[2026-01-26T06:59:16.949+0000][66][info ][gc,phases   ] GC(365)   Pre Evacuate Collection Set: 0.6ms
[2026-01-26T06:59:16.949+0000][66][info ][gc,phases   ] GC(365)   Merge Heap Roots: 0.2ms
[2026-01-26T06:59:16.950+0000][66][info ][gc,phases   ] GC(365)   Evacuate Collection Set: 7.1ms
[2026-01-26T06:59:16.950+0000][66][info ][gc,phases   ] GC(365)   Post Evacuate Collection Set: 1.3ms
[2026-01-26T06:59:16.951+0000][66][info ][gc,phases   ] GC(365)   Other: 1.0ms
[2026-01-26T06:59:16.951+0000][66][trace][gc,age      ] GC(365) Age table with threshold 15 (max threshold 15)
[2026-01-26T06:59:16.951+0000][66][trace][gc,age      ] GC(365) - age   1:   16358184 bytes,   16358184 total
[2026-01-26T06:59:16.952+0000][66][trace][gc,age      ] GC(365) - age   2:    3711616 bytes,   20069800 total
[2026-01-26T06:59:16.952+0000][66][trace][gc,age      ] GC(365) - age   3:     259272 bytes,   20329072 total
[2026-01-26T06:59:16.953+0000][66][trace][gc,age      ] GC(365) - age   4:     100104 bytes,   20429176 total
[2026-01-26T06:59:16.953+0000][66][trace][gc,age      ] GC(365) - age   5:        680 bytes,   20429856 total
[2026-01-26T06:59:16.953+0000][66][trace][gc,age      ] GC(365) - age   6:      69672 bytes,   20499528 total
[2026-01-26T06:59:16.954+0000][66][trace][gc,age      ] GC(365) - age   7:        520 bytes,   20500048 total
[2026-01-26T06:59:16.954+0000][66][trace][gc,age      ] GC(365) - age   8:      64712 bytes,   20564760 total
[2026-01-26T06:59:16.955+0000][66][trace][gc,age      ] GC(365) - age   9:     226888 bytes,   20791648 total
[2026-01-26T06:59:16.955+0000][66][trace][gc,age      ] GC(365) - age  10:      14256 bytes,   20805904 total
[2026-01-26T06:59:16.955+0000][66][trace][gc,age      ] GC(365) - age  11:     120848 bytes,   20926752 total
[2026-01-26T06:59:16.956+0000][66][trace][gc,age      ] GC(365) - age  12:       3328 bytes,   20930080 total
[2026-01-26T06:59:16.956+0000][66][trace][gc,age      ] GC(365) - age  13:       5120 bytes,   20935200 total
[2026-01-26T06:59:16.957+0000][66][trace][gc,age      ] GC(365) - age  14:        968 bytes,   20936168 total
[2026-01-26T06:59:16.957+0000][66][trace][gc,age      ] GC(365) - age  15:        104 bytes,   20936272 total
[2026-01-26T06:59:16.957+0000][66][info ][gc,heap     ] GC(365) Eden regions: 138->0(144)
[2026-01-26T06:59:16.958+0000][66][info ][gc,heap     ] GC(365) Survivor regions: 9->6(19)
[2026-01-26T06:59:16.958+0000][66][info ][gc,heap     ] GC(365) Old regions: 73->73
[2026-01-26T06:59:16.958+0000][66][info ][gc,heap     ] GC(365) Humongous regions: 0->0
[2026-01-26T06:59:16.959+0000][66][info ][gc,metaspace] GC(365) Metaspace: 133361K(136832K)->133361K(136832K) NonClass: 115591K(117440K)->115591K(117440K) Class: 17770K(19392K)->17770K(19392K)
[2026-01-26T06:59:16.959+0000][66][info ][gc          ] GC(365) Pause Young (Normal) (G1 Evacuation Pause) 874M->312M(1024M) 20.811ms
[2026-01-26T06:59:16.959+0000][66][info ][gc,cpu      ] GC(365) User=0.04s Sys=0.00s Real=0.02s
[2026-01-26T06:59:16.960+0000][66][info ][safepoint   ] Safepoint "G1CollectForAllocation", Time since last: 6344141604 ns, Reaching safepoint: 20002 ns, Cleanup: 4800 ns, At safepoint: 21634731 ns, Total: 21659533 ns
[2026-01-26T06:59:22.988+0000][66][info ][gc,start    ] GC(366) Pause Young (Normal) (G1 Evacuation Pause)
[2026-01-26T06:59:22.988+0000][66][info ][gc,task     ] GC(366) Using 6 workers of 6 for evacuation
[2026-01-26T06:59:22.989+0000][66][debug][gc,age      ] GC(366) Desired survivor size 39845888 bytes, new threshold 15 (max threshold 15)
[2026-01-26T06:59:22.999+0000][66][info ][gc,phases   ] GC(366)   Pre Evacuate Collection Set: 0.4ms
[2026-01-26T06:59:23.000+0000][66][info ][gc,phases   ] GC(366)   Merge Heap Roots: 0.2ms
[2026-01-26T06:59:23.000+0000][66][info ][gc,phases   ] GC(366)   Evacuate Collection Set: 8.3ms
[2026-01-26T06:59:23.000+0000][66][info ][gc,phases   ] GC(366)   Post Evacuate Collection Set: 1.2ms
[2026-01-26T06:59:23.001+0000][66][info ][gc,phases   ] GC(366)   Other: 0.7ms
[2026-01-26T06:59:23.001+0000][66][trace][gc,age      ] GC(366) Age table with threshold 15 (max threshold 15)
[2026-01-26T06:59:23.001+0000][66][trace][gc,age      ] GC(366) - age   1:   14149256 bytes,   14149256 total
[2026-01-26T06:59:23.002+0000][66][trace][gc,age      ] GC(366) - age   2:    9791336 bytes,   23940592 total
[2026-01-26T06:59:23.002+0000][66][trace][gc,age      ] GC(366) - age   3:    3229864 bytes,   27170456 total
[2026-01-26T06:59:23.002+0000][66][trace][gc,age      ] GC(366) - age   4:     259272 bytes,   27429728 total
[2026-01-26T06:59:23.003+0000][66][trace][gc,age      ] GC(366) - age   5:      99856 bytes,   27529584 total
[2026-01-26T06:59:23.003+0000][66][trace][gc,age      ] GC(366) - age   6:        112 bytes,   27529696 total
[2026-01-26T06:59:23.003+0000][66][trace][gc,age      ] GC(366) - age   7:      69672 bytes,   27599368 total
[2026-01-26T06:59:23.004+0000][66][trace][gc,age      ] GC(366) - age   8:        520 bytes,   27599888 total
[2026-01-26T06:59:23.004+0000][66][trace][gc,age      ] GC(366) - age   9:      64712 bytes,   27664600 total
[2026-01-26T06:59:23.004+0000][66][trace][gc,age      ] GC(366) - age  10:     226616 bytes,   27891216 total
[2026-01-26T06:59:23.005+0000][66][trace][gc,age      ] GC(366) - age  11:      13992 bytes,   27905208 total
[2026-01-26T06:59:23.005+0000][66][trace][gc,age      ] GC(366) - age  12:     119976 bytes,   28025184 total
[2026-01-26T06:59:23.005+0000][66][trace][gc,age      ] GC(366) - age  13:       3328 bytes,   28028512 total
[2026-01-26T06:59:23.005+0000][66][trace][gc,age      ] GC(366) - age  14:       4760 bytes,   28033272 total
[2026-01-26T06:59:23.006+0000][66][trace][gc,age      ] GC(366) - age  15:        968 bytes,   28034240 total
[2026-01-26T06:59:23.006+0000][66][info ][gc,heap     ] GC(366) Eden regions: 144->0(140)
[2026-01-26T06:59:23.006+0000][66][info ][gc,heap     ] GC(366) Survivor regions: 6->8(19)
[2026-01-26T06:59:23.007+0000][66][info ][gc,heap     ] GC(366) Old regions: 73->73
[2026-01-26T06:59:23.007+0000][66][info ][gc,heap     ] GC(366) Humongous regions: 0->0
[2026-01-26T06:59:23.007+0000][66][info ][gc,metaspace] GC(366) Metaspace: 133361K(136832K)->133361K(136832K) NonClass: 115591K(117440K)->115591K(117440K) Class: 17770K(19392K)->17770K(19392K)
[2026-01-26T06:59:23.008+0000][66][info ][gc          ] GC(366) Pause Young (Normal) (G1 Evacuation Pause) 888M->317M(1024M) 19.552ms
[2026-01-26T06:59:23.008+0000][66][info ][gc,cpu      ] GC(366) User=0.05s Sys=0.00s Real=0.01s
[2026-01-26T06:59:23.008+0000][66][info ][safepoint   ] Safepoint "G1CollectForAllocation", Time since last: 6028001100 ns, Reaching safepoint: 16801 ns, Cleanup: 4100 ns, At safepoint: 20334733 ns, Total: 20355634 ns
[2026-01-26T06:59:27.240+0000][66][info ][safepoint   ] Safepoint "Cleanup", Time since last: 4231544523 ns, Reaching safepoint: 121509 ns, Cleanup: 12501 ns, At safepoint: 107208 ns, Total: 241218 ns
[2026-01-26T06:59:28.169+0000][66][info ][gc,start    ] GC(367) Pause Young (Normal) (G1 Evacuation Pause)
[2026-01-26T06:59:28.170+0000][66][info ][gc,task     ] GC(367) Using 6 workers of 6 for evacuation
[2026-01-26T06:59:28.170+0000][66][debug][gc,age      ] GC(367) Desired survivor size 39845888 bytes, new threshold 15 (max threshold 15)
[2026-01-26T06:59:28.180+0000][66][info ][gc,phases   ] GC(367)   Pre Evacuate Collection Set: 0.5ms
[2026-01-26T06:59:28.180+0000][66][info ][gc,phases   ] GC(367)   Merge Heap Roots: 0.2ms
[2026-01-26T06:59:28.181+0000][66][info ][gc,phases   ] GC(367)   Evacuate Collection Set: 6.4ms
[2026-01-26T06:59:28.181+0000][66][info ][gc,phases   ] GC(367)   Post Evacuate Collection Set: 1.5ms
[2026-01-26T06:59:28.182+0000][66][info ][gc,phases   ] GC(367)   Other: 1.1ms
[2026-01-26T06:59:28.182+0000][66][trace][gc,age      ] GC(367) Age table with threshold 15 (max threshold 15)
[2026-01-26T06:59:28.183+0000][66][trace][gc,age      ] GC(367) - age   1:   12932192 bytes,   12932192 total
[2026-01-26T06:59:28.183+0000][66][trace][gc,age      ] GC(367) - age   2:    1952672 bytes,   14884864 total
[2026-01-26T06:59:28.183+0000][66][trace][gc,age      ] GC(367) - age   3:     287368 bytes,   15172232 total
[2026-01-26T06:59:28.184+0000][66][trace][gc,age      ] GC(367) - age   4:       4768 bytes,   15177000 total
[2026-01-26T06:59:28.184+0000][66][trace][gc,age      ] GC(367) - age   5:     258696 bytes,   15435696 total
[2026-01-26T06:59:28.185+0000][66][trace][gc,age      ] GC(367) - age   6:      97816 bytes,   15533512 total
[2026-01-26T06:59:28.185+0000][66][trace][gc,age      ] GC(367) - age   7:        112 bytes,   15533624 total
[2026-01-26T06:59:28.186+0000][66][trace][gc,age      ] GC(367) - age   8:      69672 bytes,   15603296 total
[2026-01-26T06:59:28.186+0000][66][trace][gc,age      ] GC(367) - age   9:        520 bytes,   15603816 total
[2026-01-26T06:59:28.187+0000][66][trace][gc,age      ] GC(367) - age  10:      64712 bytes,   15668528 total
[2026-01-26T06:59:28.187+0000][66][trace][gc,age      ] GC(367) - age  11:     226592 bytes,   15895120 total
[2026-01-26T06:59:28.187+0000][66][trace][gc,age      ] GC(367) - age  12:      13992 bytes,   15909112 total
[2026-01-26T06:59:28.188+0000][66][trace][gc,age      ] GC(367) - age  13:     119976 bytes,   16029088 total
[2026-01-26T06:59:28.188+0000][66][trace][gc,age      ] GC(367) - age  14:       2384 bytes,   16031472 total
[2026-01-26T06:59:28.189+0000][66][trace][gc,age      ] GC(367) - age  15:       4760 bytes,   16036232 total
[2026-01-26T06:59:28.189+0000][66][info ][gc,heap     ] GC(367) Eden regions: 140->0(146)
[2026-01-26T06:59:28.190+0000][66][info ][gc,heap     ] GC(367) Survivor regions: 8->5(19)
[2026-01-26T06:59:28.190+0000][66][info ][gc,heap     ] GC(367) Old regions: 73->73
[2026-01-26T06:59:28.190+0000][66][info ][gc,heap     ] GC(367) Humongous regions: 0->0
[2026-01-26T06:59:28.191+0000][66][info ][gc,metaspace] GC(367) Metaspace: 133363K(136832K)->133363K(136832K) NonClass: 115592K(117440K)->115592K(117440K) Class: 17770K(19392K)->17770K(19392K)
[2026-01-26T06:59:28.191+0000][66][info ][gc          ] GC(367) Pause Young (Normal) (G1 Evacuation Pause) 877M->305M(1024M) 21.795ms
[2026-01-26T06:59:28.192+0000][66][info ][gc,cpu      ] GC(367) User=0.03s Sys=0.01s Real=0.02s
[2026-01-26T06:59:28.192+0000][66][info ][safepoint   ] Safepoint "G1CollectForAllocation", Time since last: 929274937 ns, Reaching safepoint: 20102 ns, Cleanup: 5300 ns, At safepoint: 22764484 ns, Total: 22789886 ns
[2026-01-26T06:59:32.573+0000][66][info ][gc,start    ] GC(368) Pause Young (Normal) (G1 Evacuation Pause)
[2026-01-26T06:59:32.574+0000][66][info ][gc,task     ] GC(368) Using 6 workers of 6 for evacuation
[2026-01-26T06:59:32.574+0000][66][debug][gc,age      ] GC(368) Desired survivor size 39845888 bytes, new threshold 15 (max threshold 15)
[2026-01-26T06:59:32.584+0000][66][info ][gc,phases   ] GC(368)   Pre Evacuate Collection Set: 0.4ms
[2026-01-26T06:59:32.584+0000][66][info ][gc,phases   ] GC(368)   Merge Heap Roots: 0.2ms
[2026-01-26T06:59:32.585+0000][66][info ][gc,phases   ] GC(368)   Evacuate Collection Set: 7.7ms
[2026-01-26T06:59:32.585+0000][66][info ][gc,phases   ] GC(368)   Post Evacuate Collection Set: 1.1ms
[2026-01-26T06:59:32.586+0000][66][info ][gc,phases   ] GC(368)   Other: 0.8ms
[2026-01-26T06:59:32.586+0000][66][trace][gc,age      ] GC(368) Age table with threshold 15 (max threshold 15)
[2026-01-26T06:59:32.587+0000][66][trace][gc,age      ] GC(368) - age   1:   16136704 bytes,   16136704 total
[2026-01-26T06:59:32.587+0000][66][trace][gc,age      ] GC(368) - age   2:    6925912 bytes,   23062616 total
[2026-01-26T06:59:32.587+0000][66][trace][gc,age      ] GC(368) - age   3:    1658144 bytes,   24720760 total
[2026-01-26T06:59:32.588+0000][66][trace][gc,age      ] GC(368) - age   4:     287272 bytes,   25008032 total
[2026-01-26T06:59:32.588+0000][66][trace][gc,age      ] GC(368) - age   5:       4456 bytes,   25012488 total
[2026-01-26T06:59:32.588+0000][66][trace][gc,age      ] GC(368) - age   6:     257224 bytes,   25269712 total
[2026-01-26T06:59:32.589+0000][66][trace][gc,age      ] GC(368) - age   7:      97816 bytes,   25367528 total
[2026-01-26T06:59:32.589+0000][66][trace][gc,age      ] GC(368) - age   8:        112 bytes,   25367640 total
[2026-01-26T06:59:32.589+0000][66][trace][gc,age      ] GC(368) - age   9:      69672 bytes,   25437312 total
[2026-01-26T06:59:32.590+0000][66][trace][gc,age      ] GC(368) - age  10:        520 bytes,   25437832 total
[2026-01-26T06:59:32.590+0000][66][trace][gc,age      ] GC(368) - age  11:      64200 bytes,   25502032 total
[2026-01-26T06:59:32.590+0000][66][trace][gc,age      ] GC(368) - age  12:     226560 bytes,   25728592 total
[2026-01-26T06:59:32.591+0000][66][trace][gc,age      ] GC(368) - age  13:      13992 bytes,   25742584 total
[2026-01-26T06:59:32.591+0000][66][trace][gc,age      ] GC(368) - age  14:     119880 bytes,   25862464 total
[2026-01-26T06:59:32.591+0000][66][trace][gc,age      ] GC(368) - age  15:       2384 bytes,   25864848 total
[2026-01-26T06:59:32.592+0000][66][info ][gc,heap     ] GC(368) Eden regions: 146->0(142)
[2026-01-26T06:59:32.592+0000][66][info ][gc,heap     ] GC(368) Survivor regions: 5->7(19)
[2026-01-26T06:59:32.592+0000][66][info ][gc,heap     ] GC(368) Old regions: 73->73
[2026-01-26T06:59:32.593+0000][66][info ][gc,heap     ] GC(368) Humongous regions: 0->0
[2026-01-26T06:59:32.593+0000][66][info ][gc,metaspace] GC(368) Metaspace: 133363K(136832K)->133363K(136832K) NonClass: 115592K(117440K)->115592K(117440K) Class: 17770K(19392K)->17770K(19392K)
[2026-01-26T06:59:32.593+0000][66][info ][gc          ] GC(368) Pause Young (Normal) (G1 Evacuation Pause) 889M->316M(1024M) 19.873ms
[2026-01-26T06:59:32.594+0000][66][info ][gc,cpu      ] GC(368) User=0.04s Sys=0.00s Real=0.02s
[2026-01-26T06:59:32.594+0000][66][info ][safepoint   ] Safepoint "G1CollectForAllocation", Time since last: 4383264876 ns, Reaching safepoint: 17001 ns, Cleanup: 4600 ns, At safepoint: 20695688 ns, Total: 20717289 ns
[2026-01-26T06:59:34.502+0000][66][info ][safepoint   ] Safepoint "Cleanup", Time since last: 1908319829 ns, Reaching safepoint: 7701 ns, Cleanup: 8400 ns, At safepoint: 3301 ns, Total: 19402 ns
[2026-01-26T06:59:37.341+0000][66][info ][gc,start    ] GC(369) Pause Young (Normal) (G1 Evacuation Pause)
[2026-01-26T06:59:37.342+0000][66][info ][gc,task     ] GC(369) Using 6 workers of 6 for evacuation
[2026-01-26T06:59:37.342+0000][66][debug][gc,age      ] GC(369) Desired survivor size 39845888 bytes, new threshold 15 (max threshold 15)
[2026-01-26T06:59:37.357+0000][66][info ][gc,phases   ] GC(369)   Pre Evacuate Collection Set: 0.5ms
[2026-01-26T06:59:37.358+0000][66][info ][gc,phases   ] GC(369)   Merge Heap Roots: 0.2ms
[2026-01-26T06:59:37.358+0000][66][info ][gc,phases   ] GC(369)   Evacuate Collection Set: 9.6ms
[2026-01-26T06:59:37.359+0000][66][info ][gc,phases   ] GC(369)   Post Evacuate Collection Set: 3.7ms
[2026-01-26T06:59:37.359+0000][66][info ][gc,phases   ] GC(369)   Other: 1.5ms
[2026-01-26T06:59:37.360+0000][66][trace][gc,age      ] GC(369) Age table with threshold 15 (max threshold 15)
[2026-01-26T06:59:37.360+0000][66][trace][gc,age      ] GC(369) - age   1:    8250840 bytes,    8250840 total
[2026-01-26T06:59:37.360+0000][66][trace][gc,age      ] GC(369) - age   2:       4728 bytes,    8255568 total
[2026-01-26T06:59:37.361+0000][66][trace][gc,age      ] GC(369) - age   3:      68712 bytes,    8324280 total
[2026-01-26T06:59:37.361+0000][66][trace][gc,age      ] GC(369) - age   4:       2784 bytes,    8327064 total
[2026-01-26T06:59:37.362+0000][66][trace][gc,age      ] GC(369) - age   5:     285024 bytes,    8612088 total
[2026-01-26T06:59:37.362+0000][66][trace][gc,age      ] GC(369) - age   6:       3488 bytes,    8615576 total
[2026-01-26T06:59:37.362+0000][66][trace][gc,age      ] GC(369) - age   7:     256952 bytes,    8872528 total
[2026-01-26T06:59:37.363+0000][66][trace][gc,age      ] GC(369) - age   8:      97816 bytes,    8970344 total
[2026-01-26T06:59:37.363+0000][66][trace][gc,age      ] GC(369) - age   9:        112 bytes,    8970456 total
[2026-01-26T06:59:37.364+0000][66][trace][gc,age      ] GC(369) - age  10:      69672 bytes,    9040128 total
[2026-01-26T06:59:37.364+0000][66][trace][gc,age      ] GC(369) - age  11:        520 bytes,    9040648 total
[2026-01-26T06:59:37.364+0000][66][trace][gc,age      ] GC(369) - age  12:      64200 bytes,    9104848 total
[2026-01-26T06:59:37.365+0000][66][trace][gc,age      ] GC(369) - age  13:     161872 bytes,    9266720 total
[2026-01-26T06:59:37.365+0000][66][trace][gc,age      ] GC(369) - age  14:       1600 bytes,    9268320 total
[2026-01-26T06:59:37.365+0000][66][trace][gc,age      ] GC(369) - age  15:     119192 bytes,    9387512 total
[2026-01-26T06:59:37.366+0000][66][info ][gc,heap     ] GC(369) Eden regions: 142->0(150)
[2026-01-26T06:59:37.366+0000][66][info ][gc,heap     ] GC(369) Survivor regions: 7->3(19)
[2026-01-26T06:59:37.367+0000][66][info ][gc,heap     ] GC(369) Old regions: 73->73
[2026-01-26T06:59:37.367+0000][66][info ][gc,heap     ] GC(369) Humongous regions: 0->0
[2026-01-26T06:59:37.367+0000][66][info ][gc,metaspace] GC(369) Metaspace: 133370K(136832K)->133370K(136832K) NonClass: 115600K(117440K)->115600K(117440K) Class: 17770K(19392K)->17770K(19392K)
[2026-01-26T06:59:37.368+0000][66][info ][gc          ] GC(369) Pause Young (Normal) (G1 Evacuation Pause) 884M->298M(1024M) 26.295ms
[2026-01-26T06:59:37.368+0000][66][info ][gc,cpu      ] GC(369) User=0.03s Sys=0.00s Real=0.03s
[2026-01-26T06:59:37.368+0000][66][info ][safepoint   ] Safepoint "G1CollectForAllocation", Time since last: 2838689828 ns, Reaching safepoint: 153509 ns, Cleanup: 15601 ns, At safepoint: 27150658 ns, Total: 27319768 ns
[2026-01-26T06:59:38.384+0000][66][info ][safepoint   ] Safepoint "Cleanup", Time since last: 1015443982 ns, Reaching safepoint: 169510 ns, Cleanup: 12100 ns, At safepoint: 40403 ns, Total: 222013 ns
[2026-01-26T06:59:39.880+0000][66][info ][gc,start    ] GC(370) Pause Young (Normal) (G1 Evacuation Pause)
[2026-01-26T06:59:39.881+0000][66][info ][gc,task     ] GC(370) Using 6 workers of 6 for evacuation
[2026-01-26T06:59:39.881+0000][66][debug][gc,age      ] GC(370) Desired survivor size 41943040 bytes, new threshold 15 (max threshold 15)
[2026-01-26T06:59:39.889+0000][66][info ][gc,phases   ] GC(370)   Pre Evacuate Collection Set: 0.4ms
[2026-01-26T06:59:39.890+0000][66][info ][gc,phases   ] GC(370)   Merge Heap Roots: 0.2ms
[2026-01-26T06:59:39.890+0000][66][info ][gc,phases   ] GC(370)   Evacuate Collection Set: 6.3ms
[2026-01-26T06:59:39.890+0000][66][info ][gc,phases   ] GC(370)   Post Evacuate Collection Set: 1.2ms
[2026-01-26T06:59:39.891+0000][66][info ][gc,phases   ] GC(370)   Other: 0.6ms
[2026-01-26T06:59:39.891+0000][66][trace][gc,age      ] GC(370) Age table with threshold 15 (max threshold 15)
[2026-01-26T06:59:39.891+0000][66][trace][gc,age      ] GC(370) - age   1:    9185992 bytes,    9185992 total
[2026-01-26T06:59:39.892+0000][66][trace][gc,age      ] GC(370) - age   2:    5133024 bytes,   14319016 total
[2026-01-26T06:59:39.892+0000][66][trace][gc,age      ] GC(370) - age   3:       4728 bytes,   14323744 total
[2026-01-26T06:59:39.892+0000][66][trace][gc,age      ] GC(370) - age   4:      68712 bytes,   14392456 total
[2026-01-26T06:59:39.893+0000][66][trace][gc,age      ] GC(370) - age   5:       2784 bytes,   14395240 total
[2026-01-26T06:59:39.893+0000][66][trace][gc,age      ] GC(370) - age   6:     285024 bytes,   14680264 total
[2026-01-26T06:59:39.893+0000][66][trace][gc,age      ] GC(370) - age   7:        832 bytes,   14681096 total
[2026-01-26T06:59:39.894+0000][66][trace][gc,age      ] GC(370) - age   8:     256952 bytes,   14938048 total
[2026-01-26T06:59:39.894+0000][66][trace][gc,age      ] GC(370) - age   9:      97816 bytes,   15035864 total
[2026-01-26T06:59:39.894+0000][66][trace][gc,age      ] GC(370) - age  10:        112 bytes,   15035976 total
[2026-01-26T06:59:39.895+0000][66][trace][gc,age      ] GC(370) - age  11:      69672 bytes,   15105648 total
[2026-01-26T06:59:39.895+0000][66][trace][gc,age      ] GC(370) - age  12:        520 bytes,   15106168 total
[2026-01-26T06:59:39.895+0000][66][trace][gc,age      ] GC(370) - age  13:      64200 bytes,   15170368 total
[2026-01-26T06:59:39.896+0000][66][trace][gc,age      ] GC(370) - age  14:     161872 bytes,   15332240 total
[2026-01-26T06:59:39.896+0000][66][trace][gc,age      ] GC(370) - age  15:       1600 bytes,   15333840 total
[2026-01-26T06:59:39.896+0000][66][info ][gc,heap     ] GC(370) Eden regions: 150->0(146)
[2026-01-26T06:59:39.897+0000][66][info ][gc,heap     ] GC(370) Survivor regions: 3->5(20)
[2026-01-26T06:59:39.897+0000][66][info ][gc,heap     ] GC(370) Old regions: 73->73
[2026-01-26T06:59:39.897+0000][66][info ][gc,heap     ] GC(370) Humongous regions: 0->0
[2026-01-26T06:59:39.898+0000][66][info ][gc,metaspace] GC(370) Metaspace: 133373K(136832K)->133373K(136832K) NonClass: 115603K(117440K)->115603K(117440K) Class: 17770K(19392K)->17770K(19392K)
[2026-01-26T06:59:39.898+0000][66][info ][gc          ] GC(370) Pause Young (Normal) (G1 Evacuation Pause) 898M->305M(1024M) 17.502ms
[2026-01-26T06:59:39.898+0000][66][info ][gc,cpu      ] GC(370) User=0.03s Sys=0.00s Real=0.02s
[2026-01-26T06:59:39.899+0000][66][info ][safepoint   ] Safepoint "G1CollectForAllocation", Time since last: 1496274779 ns, Reaching safepoint: 22502 ns, Cleanup: 5100 ns, At safepoint: 18369054 ns, Total: 18396656 ns
[2026-01-26T06:59:45.434+0000][66][info ][gc,start    ] GC(371) Pause Young (Normal) (G1 Evacuation Pause)
[2026-01-26T06:59:45.435+0000][66][info ][gc,task     ] GC(371) Using 6 workers of 6 for evacuation
[2026-01-26T06:59:45.435+0000][66][debug][gc,age      ] GC(371) Desired survivor size 39845888 bytes, new threshold 15 (max threshold 15)
[2026-01-26T06:59:45.446+0000][66][info ][gc,phases   ] GC(371)   Pre Evacuate Collection Set: 0.4ms
[2026-01-26T06:59:45.446+0000][66][info ][gc,phases   ] GC(371)   Merge Heap Roots: 0.1ms
[2026-01-26T06:59:45.447+0000][66][info ][gc,phases   ] GC(371)   Evacuate Collection Set: 8.2ms
[2026-01-26T06:59:45.447+0000][66][info ][gc,phases   ] GC(371)   Post Evacuate Collection Set: 1.3ms
[2026-01-26T06:59:45.447+0000][66][info ][gc,phases   ] GC(371)   Other: 0.9ms
[2026-01-26T06:59:45.448+0000][66][trace][gc,age      ] GC(371) Age table with threshold 15 (max threshold 15)
[2026-01-26T06:59:45.448+0000][66][trace][gc,age      ] GC(371) - age   1:   18455096 bytes,   18455096 total
[2026-01-26T06:59:45.449+0000][66][trace][gc,age      ] GC(371) - age   2:    4285128 bytes,   22740224 total
[2026-01-26T06:59:45.449+0000][66][trace][gc,age      ] GC(371) - age   3:    4023984 bytes,   26764208 total
[2026-01-26T06:59:45.449+0000][66][trace][gc,age      ] GC(371) - age   4:       3992 bytes,   26768200 total
[2026-01-26T06:59:45.450+0000][66][trace][gc,age      ] GC(371) - age   5:      68712 bytes,   26836912 total
[2026-01-26T06:59:45.450+0000][66][trace][gc,age      ] GC(371) - age   6:       2504 bytes,   26839416 total
[2026-01-26T06:59:45.450+0000][66][trace][gc,age      ] GC(371) - age   7:     283912 bytes,   27123328 total
[2026-01-26T06:59:45.451+0000][66][trace][gc,age      ] GC(371) - age   8:        832 bytes,   27124160 total
[2026-01-26T06:59:45.451+0000][66][trace][gc,age      ] GC(371) - age   9:     256952 bytes,   27381112 total
[2026-01-26T06:59:45.451+0000][66][trace][gc,age      ] GC(371) - age  10:      97816 bytes,   27478928 total
[2026-01-26T06:59:45.451+0000][66][trace][gc,age      ] GC(371) - age  11:        112 bytes,   27479040 total
[2026-01-26T06:59:45.452+0000][66][trace][gc,age      ] GC(371) - age  12:      69640 bytes,   27548680 total
[2026-01-26T06:59:45.452+0000][66][trace][gc,age      ] GC(371) - age  13:        520 bytes,   27549200 total
[2026-01-26T06:59:45.452+0000][66][trace][gc,age      ] GC(371) - age  14:      64200 bytes,   27613400 total
[2026-01-26T06:59:45.453+0000][66][trace][gc,age      ] GC(371) - age  15:     161264 bytes,   27774664 total
[2026-01-26T06:59:45.453+0000][66][info ][gc,heap     ] GC(371) Eden regions: 146->0(142)
[2026-01-26T06:59:45.453+0000][66][info ][gc,heap     ] GC(371) Survivor regions: 5->7(19)
[2026-01-26T06:59:45.453+0000][66][info ][gc,heap     ] GC(371) Old regions: 73->73
[2026-01-26T06:59:45.454+0000][66][info ][gc,heap     ] GC(371) Humongous regions: 0->0
[2026-01-26T06:59:45.454+0000][66][info ][gc,metaspace] GC(371) Metaspace: 133373K(136832K)->133373K(136832K) NonClass: 115603K(117440K)->115603K(117440K) Class: 17770K(19392K)->17770K(19392K)
[2026-01-26T06:59:45.454+0000][66][info ][gc          ] GC(371) Pause Young (Normal) (G1 Evacuation Pause) 889M->316M(1024M) 19.955ms
[2026-01-26T06:59:45.454+0000][66][info ][gc,cpu      ] GC(371) User=0.05s Sys=0.00s Real=0.02s
[2026-01-26T06:59:45.455+0000][66][info ][safepoint   ] Safepoint "G1CollectForAllocation", Time since last: 5535403272 ns, Reaching safepoint: 17601 ns, Cleanup: 4600 ns, At safepoint: 20579192 ns, Total: 20601393 ns
[2026-01-26T06:59:49.444+0000][66][info ][safepoint   ] Safepoint "Cleanup", Time since last: 3989020621 ns, Reaching safepoint: 118909 ns, Cleanup: 9201 ns, At safepoint: 64805 ns, Total: 192915 ns
[2026-01-26T06:59:50.376+0000][66][info ][gc,start    ] GC(372) Pause Young (Normal) (G1 Evacuation Pause)
[2026-01-26T06:59:50.377+0000][66][info ][gc,task     ] GC(372) Using 6 workers of 6 for evacuation
[2026-01-26T06:59:50.377+0000][66][debug][gc,age      ] GC(372) Desired survivor size 39845888 bytes, new threshold 15 (max threshold 15)
[2026-01-26T06:59:50.385+0000][66][info ][gc,phases   ] GC(372)   Pre Evacuate Collection Set: 0.4ms
[2026-01-26T06:59:50.386+0000][66][info ][gc,phases   ] GC(372)   Merge Heap Roots: 0.1ms
[2026-01-26T06:59:50.386+0000][66][info ][gc,phases   ] GC(372)   Evacuate Collection Set: 6.2ms
[2026-01-26T06:59:50.386+0000][66][info ][gc,phases   ] GC(372)   Post Evacuate Collection Set: 1.0ms
[2026-01-26T06:59:50.387+0000][66][info ][gc,phases   ] GC(372)   Other: 0.8ms
[2026-01-26T06:59:50.387+0000][66][trace][gc,age      ] GC(372) Age table with threshold 15 (max threshold 15)
[2026-01-26T06:59:50.388+0000][66][trace][gc,age      ] GC(372) - age   1:   10476280 bytes,   10476280 total
[2026-01-26T06:59:50.388+0000][66][trace][gc,age      ] GC(372) - age   2:       3608 bytes,   10479888 total
[2026-01-26T06:59:50.389+0000][66][trace][gc,age      ] GC(372) - age   3:       2680 bytes,   10482568 total
[2026-01-26T06:59:50.389+0000][66][trace][gc,age      ] GC(372) - age   4:     348256 bytes,   10830824 total
[2026-01-26T06:59:50.390+0000][66][trace][gc,age      ] GC(372) - age   5:       3992 bytes,   10834816 total
[2026-01-26T06:59:50.390+0000][66][trace][gc,age      ] GC(372) - age   6:      65760 bytes,   10900576 total
[2026-01-26T06:59:50.390+0000][66][trace][gc,age      ] GC(372) - age   7:       1360 bytes,   10901936 total
[2026-01-26T06:59:50.391+0000][66][trace][gc,age      ] GC(372) - age   8:     283848 bytes,   11185784 total
[2026-01-26T06:59:50.391+0000][66][trace][gc,age      ] GC(372) - age   9:        832 bytes,   11186616 total
[2026-01-26T06:59:50.392+0000][66][trace][gc,age      ] GC(372) - age  10:     196808 bytes,   11383424 total
[2026-01-26T06:59:50.392+0000][66][trace][gc,age      ] GC(372) - age  11:      97816 bytes,   11481240 total
[2026-01-26T06:59:50.392+0000][66][trace][gc,age      ] GC(372) - age  12:        112 bytes,   11481352 total
[2026-01-26T06:59:50.393+0000][66][trace][gc,age      ] GC(372) - age  13:      69640 bytes,   11550992 total
[2026-01-26T06:59:50.393+0000][66][trace][gc,age      ] GC(372) - age  14:        520 bytes,   11551512 total
[2026-01-26T06:59:50.394+0000][66][trace][gc,age      ] GC(372) - age  15:      64168 bytes,   11615680 total
[2026-01-26T06:59:50.394+0000][66][info ][gc,heap     ] GC(372) Eden regions: 142->0(148)
[2026-01-26T06:59:50.394+0000][66][info ][gc,heap     ] GC(372) Survivor regions: 7->4(19)
[2026-01-26T06:59:50.394+0000][66][info ][gc,heap     ] GC(372) Old regions: 73->73
[2026-01-26T06:59:50.395+0000][66][info ][gc,heap     ] GC(372) Humongous regions: 0->0
[2026-01-26T06:59:50.395+0000][66][info ][gc,metaspace] GC(372) Metaspace: 133377K(136832K)->133377K(136832K) NonClass: 115606K(117440K)->115606K(117440K) Class: 17770K(19392K)->17770K(19392K)
[2026-01-26T06:59:50.395+0000][66][info ][gc          ] GC(372) Pause Young (Normal) (G1 Evacuation Pause) 884M->301M(1024M) 19.224ms
[2026-01-26T06:59:50.396+0000][66][info ][gc,cpu      ] GC(372) User=0.02s Sys=0.01s Real=0.02s
[2026-01-26T06:59:50.396+0000][66][info ][safepoint   ] Safepoint "G1CollectForAllocation", Time since last: 932217265 ns, Reaching safepoint: 19501 ns, Cleanup: 5000 ns, At safepoint: 19979194 ns, Total: 20003695 ns
[2026-01-26T06:59:51.414+0000][66][info ][safepoint   ] Safepoint "Cleanup", Time since last: 1017926469 ns, Reaching safepoint: 8801 ns, Cleanup: 15901 ns, At safepoint: 3901 ns, Total: 28603 ns
[2026-01-26T06:59:52.782+0000][66][info ][safepoint   ] Safepoint "Cleanup", Time since last: 1368012431 ns, Reaching safepoint: 20702 ns, Cleanup: 13801 ns, At safepoint: 4600 ns, Total: 39103 ns
[2026-01-26T06:59:55.787+0000][66][info ][safepoint   ] Safepoint "Cleanup", Time since last: 3004296812 ns, Reaching safepoint: 143311 ns, Cleanup: 17401 ns, At safepoint: 51704 ns, Total: 212416 ns
[2026-01-26T06:59:57.783+0000][66][info ][gc,start    ] GC(373) Pause Young (Normal) (G1 Evacuation Pause)
[2026-01-26T06:59:57.783+0000][66][info ][gc,task     ] GC(373) Using 6 workers of 6 for evacuation
[2026-01-26T06:59:57.783+0000][66][debug][gc,age      ] GC(373) Desired survivor size 39845888 bytes, new threshold 15 (max threshold 15)
[2026-01-26T06:59:57.794+0000][66][info ][gc,phases   ] GC(373)   Pre Evacuate Collection Set: 0.3ms
[2026-01-26T06:59:57.794+0000][66][info ][gc,phases   ] GC(373)   Merge Heap Roots: 0.2ms
[2026-01-26T06:59:57.794+0000][66][info ][gc,phases   ] GC(373)   Evacuate Collection Set: 8.3ms
[2026-01-26T06:59:57.794+0000][66][info ][gc,phases   ] GC(373)   Post Evacuate Collection Set: 0.8ms
[2026-01-26T06:59:57.795+0000][66][info ][gc,phases   ] GC(373)   Other: 1.0ms
[2026-01-26T06:59:57.795+0000][66][trace][gc,age      ] GC(373) Age table with threshold 15 (max threshold 15)
[2026-01-26T06:59:57.795+0000][66][trace][gc,age      ] GC(373) - age   1:   22887424 bytes,   22887424 total
[2026-01-26T06:59:57.796+0000][66][trace][gc,age      ] GC(373) - age   2:    6506496 bytes,   29393920 total
[2026-01-26T06:59:57.796+0000][66][trace][gc,age      ] GC(373) - age   3:       2696 bytes,   29396616 total
[2026-01-26T06:59:57.797+0000][66][trace][gc,age      ] GC(373) - age   4:       2680 bytes,   29399296 total
[2026-01-26T06:59:57.797+0000][66][trace][gc,age      ] GC(373) - age   5:     348256 bytes,   29747552 total
[2026-01-26T06:59:57.797+0000][66][trace][gc,age      ] GC(373) - age   6:       3992 bytes,   29751544 total
[2026-01-26T06:59:57.798+0000][66][trace][gc,age      ] GC(373) - age   7:      65544 bytes,   29817088 total
[2026-01-26T06:59:57.798+0000][66][trace][gc,age      ] GC(373) - age   8:       1360 bytes,   29818448 total
[2026-01-26T06:59:57.798+0000][66][trace][gc,age      ] GC(373) - age   9:     283848 bytes,   30102296 total
[2026-01-26T06:59:57.799+0000][66][trace][gc,age      ] GC(373) - age  10:        800 bytes,   30103096 total
[2026-01-26T06:59:57.799+0000][66][trace][gc,age      ] GC(373) - age  11:       2016 bytes,   30105112 total
[2026-01-26T06:59:57.799+0000][66][trace][gc,age      ] GC(373) - age  12:      97784 bytes,   30202896 total
[2026-01-26T06:59:57.800+0000][66][trace][gc,age      ] GC(373) - age  13:        112 bytes,   30203008 total
[2026-01-26T06:59:57.800+0000][66][trace][gc,age      ] GC(373) - age  14:      69640 bytes,   30272648 total
[2026-01-26T06:59:57.800+0000][66][trace][gc,age      ] GC(373) - age  15:        520 bytes,   30273168 total
[2026-01-26T06:59:57.801+0000][66][info ][gc,heap     ] GC(373) Eden regions: 148->0(138)
[2026-01-26T06:59:57.801+0000][66][info ][gc,heap     ] GC(373) Survivor regions: 4->9(19)
[2026-01-26T06:59:57.801+0000][66][info ][gc,heap     ] GC(373) Old regions: 73->73
[2026-01-26T06:59:57.802+0000][66][info ][gc,heap     ] GC(373) Humongous regions: 0->0
[2026-01-26T06:59:57.802+0000][66][info ][gc,metaspace] GC(373) Metaspace: 133382K(136832K)->133382K(136832K) NonClass: 115612K(117440K)->115612K(117440K) Class: 17770K(19392K)->17770K(19392K)
[2026-01-26T06:59:57.802+0000][66][info ][gc          ] GC(373) Pause Young (Normal) (G1 Evacuation Pause) 893M->320M(1024M) 19.647ms
[2026-01-26T06:59:57.802+0000][66][info ][gc,cpu      ] GC(373) User=0.04s Sys=0.00s Real=0.02s
[2026-01-26T06:59:57.803+0000][66][info ][safepoint   ] Safepoint "G1CollectForAllocation", Time since last: 1995771251 ns, Reaching safepoint: 14701 ns, Cleanup: 4101 ns, At safepoint: 20286789 ns, Total: 20305591 ns
[2026-01-26T07:00:02.666+0000][66][info ][gc,start    ] GC(374) Pause Young (Normal) (G1 Evacuation Pause)
[2026-01-26T07:00:02.666+0000][66][info ][gc,task     ] GC(374) Using 6 workers of 6 for evacuation
[2026-01-26T07:00:02.667+0000][66][debug][gc,age      ] GC(374) Desired survivor size 39845888 bytes, new threshold 15 (max threshold 15)
[2026-01-26T07:00:02.675+0000][66][info ][gc,phases   ] GC(374)   Pre Evacuate Collection Set: 0.4ms
[2026-01-26T07:00:02.675+0000][66][info ][gc,phases   ] GC(374)   Merge Heap Roots: 0.2ms
[2026-01-26T07:00:02.676+0000][66][info ][gc,phases   ] GC(374)   Evacuate Collection Set: 6.2ms
[2026-01-26T07:00:02.676+0000][66][info ][gc,phases   ] GC(374)   Post Evacuate Collection Set: 1.2ms
[2026-01-26T07:00:02.676+0000][66][info ][gc,phases   ] GC(374)   Other: 0.7ms
[2026-01-26T07:00:02.677+0000][66][trace][gc,age      ] GC(374) Age table with threshold 15 (max threshold 15)
[2026-01-26T07:00:02.677+0000][66][trace][gc,age      ] GC(374) - age   1:   10005624 bytes,   10005624 total
[2026-01-26T07:00:02.677+0000][66][trace][gc,age      ] GC(374) - age   2:    2056696 bytes,   12062320 total
[2026-01-26T07:00:02.677+0000][66][trace][gc,age      ] GC(374) - age   3:    1615416 bytes,   13677736 total
[2026-01-26T07:00:02.678+0000][66][trace][gc,age      ] GC(374) - age   4:       2600 bytes,   13680336 total
[2026-01-26T07:00:02.678+0000][66][trace][gc,age      ] GC(374) - age   5:       2680 bytes,   13683016 total
[2026-01-26T07:00:02.678+0000][66][trace][gc,age      ] GC(374) - age   6:     347920 bytes,   14030936 total
[2026-01-26T07:00:02.678+0000][66][trace][gc,age      ] GC(374) - age   7:       2520 bytes,   14033456 total
[2026-01-26T07:00:02.679+0000][66][trace][gc,age      ] GC(374) - age   8:      65544 bytes,   14099000 total
[2026-01-26T07:00:02.679+0000][66][trace][gc,age      ] GC(374) - age   9:       1360 bytes,   14100360 total
[2026-01-26T07:00:02.679+0000][66][trace][gc,age      ] GC(374) - age  10:     283848 bytes,   14384208 total
[2026-01-26T07:00:02.679+0000][66][trace][gc,age      ] GC(374) - age  11:        800 bytes,   14385008 total
[2026-01-26T07:00:02.680+0000][66][trace][gc,age      ] GC(374) - age  12:       2016 bytes,   14387024 total
[2026-01-26T07:00:02.680+0000][66][trace][gc,age      ] GC(374) - age  13:      97784 bytes,   14484808 total
[2026-01-26T07:00:02.680+0000][66][trace][gc,age      ] GC(374) - age  14:        112 bytes,   14484920 total
[2026-01-26T07:00:02.681+0000][66][trace][gc,age      ] GC(374) - age  15:      69640 bytes,   14554560 total
[2026-01-26T07:00:02.681+0000][66][info ][gc,heap     ] GC(374) Eden regions: 138->0(148)
[2026-01-26T07:00:02.681+0000][66][info ][gc,heap     ] GC(374) Survivor regions: 9->4(19)
[2026-01-26T07:00:02.681+0000][66][info ][gc,heap     ] GC(374) Old regions: 73->73
[2026-01-26T07:00:02.682+0000][66][info ][gc,heap     ] GC(374) Humongous regions: 0->0
[2026-01-26T07:00:02.682+0000][66][info ][gc,metaspace] GC(374) Metaspace: 133382K(136832K)->133382K(136832K) NonClass: 115612K(117440K)->115612K(117440K) Class: 17770K(19392K)->17770K(19392K)
[2026-01-26T07:00:02.682+0000][66][info ][gc          ] GC(374) Pause Young (Normal) (G1 Evacuation Pause) 872M->304M(1024M) 16.020ms
[2026-01-26T07:00:02.682+0000][66][info ][gc,cpu      ] GC(374) User=0.03s Sys=0.00s Real=0.01s
[2026-01-26T07:00:02.683+0000][66][info ][safepoint   ] Safepoint "G1CollectForAllocation", Time since last: 4865298499 ns, Reaching safepoint: 127908 ns, Cleanup: 6101 ns, At safepoint: 16687160 ns, Total: 16821169 ns
[2026-01-26T07:00:05.197+0000][66][info ][safepoint   ] Safepoint "Cleanup", Time since last: 2513958463 ns, Reaching safepoint: 20402 ns, Cleanup: 12601 ns, At safepoint: 3300 ns, Total: 36303 ns
[2026-01-26T07:00:08.198+0000][66][info ][safepoint   ] Safepoint "Cleanup", Time since last: 3000921167 ns, Reaching safepoint: 120809 ns, Cleanup: 13201 ns, At safepoint: 35703 ns, Total: 169713 ns
[2026-01-26T07:00:10.331+0000][66][info ][gc,start    ] GC(375) Pause Young (Normal) (G1 Evacuation Pause)
[2026-01-26T07:00:10.332+0000][66][info ][gc,task     ] GC(375) Using 6 workers of 6 for evacuation
[2026-01-26T07:00:10.332+0000][66][debug][gc,age      ] GC(375) Desired survivor size 39845888 bytes, new threshold 15 (max threshold 15)
[2026-01-26T07:00:10.344+0000][66][info ][gc,phases   ] GC(375)   Pre Evacuate Collection Set: 0.5ms
[2026-01-26T07:00:10.344+0000][66][info ][gc,phases   ] GC(375)   Merge Heap Roots: 0.2ms
[2026-01-26T07:00:10.345+0000][66][info ][gc,phases   ] GC(375)   Evacuate Collection Set: 9.2ms
[2026-01-26T07:00:10.345+0000][66][info ][gc,phases   ] GC(375)   Post Evacuate Collection Set: 1.2ms
[2026-01-26T07:00:10.345+0000][66][info ][gc,phases   ] GC(375)   Other: 1.0ms
[2026-01-26T07:00:10.346+0000][66][trace][gc,age      ] GC(375) Age table with threshold 15 (max threshold 15)
[2026-01-26T07:00:10.346+0000][66][trace][gc,age      ] GC(375) - age   1:   22713800 bytes,   22713800 total
[2026-01-26T07:00:10.346+0000][66][trace][gc,age      ] GC(375) - age   2:    5237544 bytes,   27951344 total
[2026-01-26T07:00:10.347+0000][66][trace][gc,age      ] GC(375) - age   3:      64944 bytes,   28016288 total
[2026-01-26T07:00:10.347+0000][66][trace][gc,age      ] GC(375) - age   4:     286392 bytes,   28302680 total
[2026-01-26T07:00:10.347+0000][66][trace][gc,age      ] GC(375) - age   5:       2600 bytes,   28305280 total
[2026-01-26T07:00:10.348+0000][66][trace][gc,age      ] GC(375) - age   6:        256 bytes,   28305536 total
[2026-01-26T07:00:10.348+0000][66][trace][gc,age      ] GC(375) - age   7:     344472 bytes,   28650008 total
[2026-01-26T07:00:10.348+0000][66][trace][gc,age      ] GC(375) - age   8:       1608 bytes,   28651616 total
[2026-01-26T07:00:10.348+0000][66][trace][gc,age      ] GC(375) - age   9:      65544 bytes,   28717160 total
[2026-01-26T07:00:10.349+0000][66][trace][gc,age      ] GC(375) - age  10:       1328 bytes,   28718488 total
[2026-01-26T07:00:10.349+0000][66][trace][gc,age      ] GC(375) - age  11:     283848 bytes,   29002336 total
[2026-01-26T07:00:10.349+0000][66][trace][gc,age      ] GC(375) - age  12:        800 bytes,   29003136 total
[2026-01-26T07:00:10.350+0000][66][trace][gc,age      ] GC(375) - age  13:       2016 bytes,   29005152 total
[2026-01-26T07:00:10.350+0000][66][trace][gc,age      ] GC(375) - age  14:      97784 bytes,   29102936 total
[2026-01-26T07:00:10.350+0000][66][trace][gc,age      ] GC(375) - age  15:        112 bytes,   29103048 total
[2026-01-26T07:00:10.350+0000][66][info ][gc,heap     ] GC(375) Eden regions: 148->0(140)
[2026-01-26T07:00:10.351+0000][66][info ][gc,heap     ] GC(375) Survivor regions: 4->8(19)
[2026-01-26T07:00:10.351+0000][66][info ][gc,heap     ] GC(375) Old regions: 73->73
[2026-01-26T07:00:10.351+0000][66][info ][gc,heap     ] GC(375) Humongous regions: 0->0
[2026-01-26T07:00:10.351+0000][66][info ][gc,metaspace] GC(375) Metaspace: 133383K(136832K)->133383K(136832K) NonClass: 115612K(117440K)->115612K(117440K) Class: 17770K(19392K)->17770K(19392K)
[2026-01-26T07:00:10.352+0000][66][info ][gc          ] GC(375) Pause Young (Normal) (G1 Evacuation Pause) 896M->319M(1024M) 20.399ms
[2026-01-26T07:00:10.352+0000][66][info ][gc,cpu      ] GC(375) User=0.04s Sys=0.01s Real=0.03s
[2026-01-26T07:00:10.352+0000][66][info ][safepoint   ] Safepoint "G1CollectForAllocation", Time since last: 2133511200 ns, Reaching safepoint: 17601 ns, Cleanup: 4501 ns, At safepoint: 21044013 ns, Total: 21066115 ns
[2026-01-26T07:00:15.314+0000][66][info ][gc,start    ] GC(376) Pause Young (Normal) (G1 Evacuation Pause)
[2026-01-26T07:00:15.315+0000][66][info ][gc,task     ] GC(376) Using 6 workers of 6 for evacuation
[2026-01-26T07:00:15.315+0000][66][debug][gc,age      ] GC(376) Desired survivor size 39845888 bytes, new threshold 15 (max threshold 15)
[2026-01-26T07:00:15.336+0000][66][info ][gc,phases   ] GC(376)   Pre Evacuate Collection Set: 0.5ms
[2026-01-26T07:00:15.336+0000][66][info ][gc,phases   ] GC(376)   Merge Heap Roots: 0.2ms
[2026-01-26T07:00:15.337+0000][66][info ][gc,phases   ] GC(376)   Evacuate Collection Set: 17.4ms
[2026-01-26T07:00:15.337+0000][66][info ][gc,phases   ] GC(376)   Post Evacuate Collection Set: 1.6ms
[2026-01-26T07:00:15.338+0000][66][info ][gc,phases   ] GC(376)   Other: 1.0ms
[2026-01-26T07:00:15.338+0000][66][trace][gc,age      ] GC(376) Age table with threshold 15 (max threshold 15)
[2026-01-26T07:00:15.339+0000][66][trace][gc,age      ] GC(376) - age   1:   19853832 bytes,   19853832 total
[2026-01-26T07:00:15.339+0000][66][trace][gc,age      ] GC(376) - age   2:   13287968 bytes,   33141800 total
[2026-01-26T07:00:15.339+0000][66][trace][gc,age      ] GC(376) - age   3:    4783120 bytes,   37924920 total
[2026-01-26T07:00:15.340+0000][66][trace][gc,age      ] GC(376) - age   4:      64944 bytes,   37989864 total
[2026-01-26T07:00:15.340+0000][66][trace][gc,age      ] GC(376) - age   5:     286112 bytes,   38275976 total
[2026-01-26T07:00:15.341+0000][66][trace][gc,age      ] GC(376) - age   6:       1488 bytes,   38277464 total
[2026-01-26T07:00:15.341+0000][66][trace][gc,age      ] GC(376) - age   7:        256 bytes,   38277720 total
[2026-01-26T07:00:15.341+0000][66][trace][gc,age      ] GC(376) - age   8:     344224 bytes,   38621944 total
[2026-01-26T07:00:15.342+0000][66][trace][gc,age      ] GC(376) - age   9:       1608 bytes,   38623552 total
[2026-01-26T07:00:15.342+0000][66][trace][gc,age      ] GC(376) - age  10:      65544 bytes,   38689096 total
[2026-01-26T07:00:15.343+0000][66][trace][gc,age      ] GC(376) - age  11:       1328 bytes,   38690424 total
[2026-01-26T07:00:15.343+0000][66][trace][gc,age      ] GC(376) - age  12:     283672 bytes,   38974096 total
[2026-01-26T07:00:15.344+0000][66][trace][gc,age      ] GC(376) - age  13:        800 bytes,   38974896 total
[2026-01-26T07:00:15.344+0000][66][trace][gc,age      ] GC(376) - age  14:       2016 bytes,   38976912 total
[2026-01-26T07:00:15.345+0000][66][trace][gc,age      ] GC(376) - age  15:      97784 bytes,   39074696 total
[2026-01-26T07:00:15.345+0000][66][info ][gc,heap     ] GC(376) Eden regions: 140->0(134)
[2026-01-26T07:00:15.346+0000][66][info ][gc,heap     ] GC(376) Survivor regions: 8->11(19)
[2026-01-26T07:00:15.346+0000][66][info ][gc,heap     ] GC(376) Old regions: 73->73
[2026-01-26T07:00:15.347+0000][66][info ][gc,heap     ] GC(376) Humongous regions: 0->0
[2026-01-26T07:00:15.347+0000][66][info ][gc,metaspace] GC(376) Metaspace: 133383K(136832K)->133383K(136832K) NonClass: 115612K(117440K)->115612K(117440K) Class: 17770K(19392K)->17770K(19392K)
[2026-01-26T07:00:15.348+0000][66][info ][gc          ] GC(376) Pause Young (Normal) (G1 Evacuation Pause) 879M->329M(1024M) 33.154ms
[2026-01-26T07:00:15.348+0000][66][info ][gc,cpu      ] GC(376) User=0.06s Sys=0.02s Real=0.03s
[2026-01-26T07:00:15.349+0000][66][info ][safepoint   ] Safepoint "G1CollectForAllocation", Time since last: 4962035539 ns, Reaching safepoint: 20201 ns, Cleanup: 5400 ns, At safepoint: 34327406 ns, Total: 34353007 ns
[2026-01-26T07:00:22.463+0000][66][info ][gc,start    ] GC(377) Pause Young (Normal) (G1 Evacuation Pause)
[2026-01-26T07:00:22.464+0000][66][info ][gc,task     ] GC(377) Using 6 workers of 6 for evacuation
[2026-01-26T07:00:22.464+0000][66][debug][gc,age      ] GC(377) Desired survivor size 39845888 bytes, new threshold 15 (max threshold 15)
[2026-01-26T07:00:22.474+0000][66][info ][gc,phases   ] GC(377)   Pre Evacuate Collection Set: 0.3ms
[2026-01-26T07:00:22.474+0000][66][info ][gc,phases   ] GC(377)   Merge Heap Roots: 0.1ms
[2026-01-26T07:00:22.475+0000][66][info ][gc,phases   ] GC(377)   Evacuate Collection Set: 7.7ms
[2026-01-26T07:00:22.475+0000][66][info ][gc,phases   ] GC(377)   Post Evacuate Collection Set: 1.1ms
[2026-01-26T07:00:22.475+0000][66][info ][gc,phases   ] GC(377)   Other: 0.8ms
[2026-01-26T07:00:22.476+0000][66][trace][gc,age      ] GC(377) Age table with threshold 15 (max threshold 15)
[2026-01-26T07:00:22.476+0000][66][trace][gc,age      ] GC(377) - age   1:   21418040 bytes,   21418040 total
[2026-01-26T07:00:22.477+0000][66][trace][gc,age      ] GC(377) - age   2:    5488600 bytes,   26906640 total
[2026-01-26T07:00:22.477+0000][66][trace][gc,age      ] GC(377) - age   3:      10336 bytes,   26916976 total
[2026-01-26T07:00:22.477+0000][66][trace][gc,age      ] GC(377) - age   4:     120088 bytes,   27037064 total
[2026-01-26T07:00:22.478+0000][66][trace][gc,age      ] GC(377) - age   5:      64944 bytes,   27102008 total
[2026-01-26T07:00:22.478+0000][66][trace][gc,age      ] GC(377) - age   6:     283840 bytes,   27385848 total
[2026-01-26T07:00:22.478+0000][66][trace][gc,age      ] GC(377) - age   7:       1488 bytes,   27387336 total
[2026-01-26T07:00:22.479+0000][66][trace][gc,age      ] GC(377) - age   8:        256 bytes,   27387592 total
[2026-01-26T07:00:22.479+0000][66][trace][gc,age      ] GC(377) - age   9:     344224 bytes,   27731816 total
[2026-01-26T07:00:22.479+0000][66][trace][gc,age      ] GC(377) - age  10:       1608 bytes,   27733424 total
[2026-01-26T07:00:22.479+0000][66][trace][gc,age      ] GC(377) - age  11:      65544 bytes,   27798968 total
[2026-01-26T07:00:22.480+0000][66][trace][gc,age      ] GC(377) - age  12:       1144 bytes,   27800112 total
[2026-01-26T07:00:22.480+0000][66][trace][gc,age      ] GC(377) - age  13:     283672 bytes,   28083784 total
[2026-01-26T07:00:22.480+0000][66][trace][gc,age      ] GC(377) - age  14:        800 bytes,   28084584 total
[2026-01-26T07:00:22.481+0000][66][trace][gc,age      ] GC(377) - age  15:       2016 bytes,   28086600 total
[2026-01-26T07:00:22.481+0000][66][info ][gc,heap     ] GC(377) Eden regions: 134->0(140)
[2026-01-26T07:00:22.481+0000][66][info ][gc,heap     ] GC(377) Survivor regions: 11->8(19)
[2026-01-26T07:00:22.482+0000][66][info ][gc,heap     ] GC(377) Old regions: 73->73
[2026-01-26T07:00:22.482+0000][66][info ][gc,heap     ] GC(377) Humongous regions: 0->0
[2026-01-26T07:00:22.482+0000][66][info ][gc,metaspace] GC(377) Metaspace: 133383K(136832K)->133383K(136832K) NonClass: 115613K(117440K)->115613K(117440K) Class: 17770K(19392K)->17770K(19392K)
[2026-01-26T07:00:22.482+0000][66][info ][gc          ] GC(377) Pause Young (Normal) (G1 Evacuation Pause) 865M->318M(1024M) 19.089ms
[2026-01-26T07:00:22.483+0000][66][info ][gc,cpu      ] GC(377) User=0.04s Sys=0.00s Real=0.02s
[2026-01-26T07:00:22.483+0000][66][info ][safepoint   ] Safepoint "G1CollectForAllocation", Time since last: 7114554512 ns, Reaching safepoint: 15901 ns, Cleanup: 3801 ns, At safepoint: 19778038 ns, Total: 19797740 ns
[2026-01-26T07:00:27.508+0000][66][info ][gc,start    ] GC(378) Pause Young (Normal) (G1 Evacuation Pause)
[2026-01-26T07:00:27.508+0000][66][info ][gc,task     ] GC(378) Using 6 workers of 6 for evacuation
[2026-01-26T07:00:27.508+0000][66][debug][gc,age      ] GC(378) Desired survivor size 39845888 bytes, new threshold 15 (max threshold 15)
[2026-01-26T07:00:27.522+0000][66][info ][gc,phases   ] GC(378)   Pre Evacuate Collection Set: 0.4ms
[2026-01-26T07:00:27.523+0000][66][info ][gc,phases   ] GC(378)   Merge Heap Roots: 0.2ms
[2026-01-26T07:00:27.523+0000][66][info ][gc,phases   ] GC(378)   Evacuate Collection Set: 11.7ms
[2026-01-26T07:00:27.523+0000][66][info ][gc,phases   ] GC(378)   Post Evacuate Collection Set: 1.3ms
[2026-01-26T07:00:27.523+0000][66][info ][gc,phases   ] GC(378)   Other: 0.6ms
[2026-01-26T07:00:27.524+0000][66][trace][gc,age      ] GC(378) Age table with threshold 15 (max threshold 15)
[2026-01-26T07:00:27.524+0000][66][trace][gc,age      ] GC(378) - age   1:   19037752 bytes,   19037752 total
[2026-01-26T07:00:27.524+0000][66][trace][gc,age      ] GC(378) - age   2:   12163920 bytes,   31201672 total
[2026-01-26T07:00:27.525+0000][66][trace][gc,age      ] GC(378) - age   3:    5003480 bytes,   36205152 total
[2026-01-26T07:00:27.525+0000][66][trace][gc,age      ] GC(378) - age   4:      10088 bytes,   36215240 total
[2026-01-26T07:00:27.525+0000][66][trace][gc,age      ] GC(378) - age   5:     120088 bytes,   36335328 total
[2026-01-26T07:00:27.525+0000][66][trace][gc,age      ] GC(378) - age   6:      64656 bytes,   36399984 total
[2026-01-26T07:00:27.526+0000][66][trace][gc,age      ] GC(378) - age   7:     283544 bytes,   36683528 total
[2026-01-26T07:00:27.526+0000][66][trace][gc,age      ] GC(378) - age   8:       1488 bytes,   36685016 total
[2026-01-26T07:00:27.526+0000][66][trace][gc,age      ] GC(378) - age   9:        256 bytes,   36685272 total
[2026-01-26T07:00:27.527+0000][66][trace][gc,age      ] GC(378) - age  10:     344224 bytes,   37029496 total
[2026-01-26T07:00:27.527+0000][66][trace][gc,age      ] GC(378) - age  11:       1608 bytes,   37031104 total
[2026-01-26T07:00:27.527+0000][66][trace][gc,age      ] GC(378) - age  12:      65160 bytes,   37096264 total
[2026-01-26T07:00:27.527+0000][66][trace][gc,age      ] GC(378) - age  13:        968 bytes,   37097232 total
[2026-01-26T07:00:27.528+0000][66][trace][gc,age      ] GC(378) - age  14:     283672 bytes,   37380904 total
[2026-01-26T07:00:27.528+0000][66][trace][gc,age      ] GC(378) - age  15:        800 bytes,   37381704 total
[2026-01-26T07:00:27.528+0000][66][info ][gc,heap     ] GC(378) Eden regions: 140->0(136)
[2026-01-26T07:00:27.529+0000][66][info ][gc,heap     ] GC(378) Survivor regions: 8->10(19)
[2026-01-26T07:00:27.529+0000][66][info ][gc,heap     ] GC(378) Old regions: 73->73
[2026-01-26T07:00:27.529+0000][66][info ][gc,heap     ] GC(378) Humongous regions: 0->0
[2026-01-26T07:00:27.530+0000][66][info ][gc,metaspace] GC(378) Metaspace: 133383K(136832K)->133383K(136832K) NonClass: 115613K(117440K)->115613K(117440K) Class: 17770K(19392K)->17770K(19392K)
[2026-01-26T07:00:27.530+0000][66][info ][gc          ] GC(378) Pause Young (Normal) (G1 Evacuation Pause) 878M->328M(1024M) 22.368ms
[2026-01-26T07:00:27.530+0000][66][info ][gc,cpu      ] GC(378) User=0.05s Sys=0.00s Real=0.02s
[2026-01-26T07:00:27.531+0000][66][info ][safepoint   ] Safepoint "G1CollectForAllocation", Time since last: 5024421260 ns, Reaching safepoint: 129509 ns, Cleanup: 5701 ns, At safepoint: 23231290 ns, Total: 23366500 ns
[2026-01-26T07:00:29.288+0000][66][info ][safepoint   ] Safepoint "Cleanup", Time since last: 1756372045 ns, Reaching safepoint: 174112 ns, Cleanup: 14601 ns, At safepoint: 70204 ns, Total: 258917 ns
[2026-01-26T07:00:33.001+0000][66][info ][gc,start    ] GC(379) Pause Young (Normal) (G1 Evacuation Pause)
[2026-01-26T07:00:33.001+0000][66][info ][gc,task     ] GC(379) Using 6 workers of 6 for evacuation
[2026-01-26T07:00:33.002+0000][66][debug][gc,age      ] GC(379) Desired survivor size 39845888 bytes, new threshold 15 (max threshold 15)
[2026-01-26T07:00:33.010+0000][66][info ][gc,phases   ] GC(379)   Pre Evacuate Collection Set: 0.4ms
[2026-01-26T07:00:33.011+0000][66][info ][gc,phases   ] GC(379)   Merge Heap Roots: 0.3ms
[2026-01-26T07:00:33.011+0000][66][info ][gc,phases   ] GC(379)   Evacuate Collection Set: 6.3ms
[2026-01-26T07:00:33.011+0000][66][info ][gc,phases   ] GC(379)   Post Evacuate Collection Set: 1.1ms
[2026-01-26T07:00:33.012+0000][66][info ][gc,phases   ] GC(379)   Other: 0.8ms
[2026-01-26T07:00:33.012+0000][66][trace][gc,age      ] GC(379) Age table with threshold 15 (max threshold 15)
[2026-01-26T07:00:33.012+0000][66][trace][gc,age      ] GC(379) - age   1:    8351752 bytes,    8351752 total
[2026-01-26T07:00:33.012+0000][66][trace][gc,age      ] GC(379) - age   2:     755000 bytes,    9106752 total
[2026-01-26T07:00:33.013+0000][66][trace][gc,age      ] GC(379) - age   3:      70032 bytes,    9176784 total
[2026-01-26T07:00:33.013+0000][66][trace][gc,age      ] GC(379) - age   4:       2584 bytes,    9179368 total
[2026-01-26T07:00:33.013+0000][66][trace][gc,age      ] GC(379) - age   5:       6720 bytes,    9186088 total
[2026-01-26T07:00:33.014+0000][66][trace][gc,age      ] GC(379) - age   6:     118592 bytes,    9304680 total
[2026-01-26T07:00:33.014+0000][66][trace][gc,age      ] GC(379) - age   7:      64144 bytes,    9368824 total
[2026-01-26T07:00:33.014+0000][66][trace][gc,age      ] GC(379) - age   8:     283232 bytes,    9652056 total
[2026-01-26T07:00:33.015+0000][66][trace][gc,age      ] GC(379) - age   9:       1488 bytes,    9653544 total
[2026-01-26T07:00:33.015+0000][66][trace][gc,age      ] GC(379) - age  10:        256 bytes,    9653800 total
[2026-01-26T07:00:33.015+0000][66][trace][gc,age      ] GC(379) - age  11:     344080 bytes,    9997880 total
[2026-01-26T07:00:33.016+0000][66][trace][gc,age      ] GC(379) - age  12:       1576 bytes,    9999456 total
[2026-01-26T07:00:33.016+0000][66][trace][gc,age      ] GC(379) - age  13:      65096 bytes,   10064552 total
[2026-01-26T07:00:33.016+0000][66][trace][gc,age      ] GC(379) - age  14:        552 bytes,   10065104 total
[2026-01-26T07:00:33.016+0000][66][trace][gc,age      ] GC(379) - age  15:     283672 bytes,   10348776 total
[2026-01-26T07:00:33.017+0000][66][info ][gc,heap     ] GC(379) Eden regions: 136->0(150)
[2026-01-26T07:00:33.017+0000][66][info ][gc,heap     ] GC(379) Survivor regions: 10->3(19)
[2026-01-26T07:00:33.017+0000][66][info ][gc,heap     ] GC(379) Old regions: 73->73
[2026-01-26T07:00:33.018+0000][66][info ][gc,heap     ] GC(379) Humongous regions: 0->0
[2026-01-26T07:00:33.018+0000][66][info ][gc,metaspace] GC(379) Metaspace: 133385K(136832K)->133385K(136832K) NonClass: 115615K(117440K)->115615K(117440K) Class: 17770K(19392K)->17770K(19392K)
[2026-01-26T07:00:33.018+0000][66][info ][gc          ] GC(379) Pause Young (Normal) (G1 Evacuation Pause) 872M->300M(1024M) 17.312ms
[2026-01-26T07:00:33.018+0000][66][info ][gc,cpu      ] GC(379) User=0.02s Sys=0.00s Real=0.02s
[2026-01-26T07:00:33.019+0000][66][info ][safepoint   ] Safepoint "G1CollectForAllocation", Time since last: 3715710139 ns, Reaching safepoint: 17501 ns, Cleanup: 4301 ns, At safepoint: 18026232 ns, Total: 18048034 ns
[2026-01-26T07:00:34.022+0000][66][info ][safepoint   ] Safepoint "Cleanup", Time since last: 1002821962 ns, Reaching safepoint: 16301 ns, Cleanup: 12401 ns, At safepoint: 4000 ns, Total: 32702 ns
[2026-01-26T07:00:39.475+0000][66][info ][gc,start    ] GC(380) Pause Young (Normal) (G1 Evacuation Pause)
[2026-01-26T07:00:39.476+0000][66][info ][gc,task     ] GC(380) Using 6 workers of 6 for evacuation
[2026-01-26T07:00:39.476+0000][66][debug][gc,age      ] GC(380) Desired survivor size 41943040 bytes, new threshold 15 (max threshold 15)
[2026-01-26T07:00:39.486+0000][66][info ][gc,phases   ] GC(380)   Pre Evacuate Collection Set: 0.4ms
[2026-01-26T07:00:39.486+0000][66][info ][gc,phases   ] GC(380)   Merge Heap Roots: 0.2ms
[2026-01-26T07:00:39.487+0000][66][info ][gc,phases   ] GC(380)   Evacuate Collection Set: 7.4ms
[2026-01-26T07:00:39.487+0000][66][info ][gc,phases   ] GC(380)   Post Evacuate Collection Set: 1.1ms
[2026-01-26T07:00:39.488+0000][66][info ][gc,phases   ] GC(380)   Other: 0.8ms
[2026-01-26T07:00:39.488+0000][66][trace][gc,age      ] GC(380) Age table with threshold 15 (max threshold 15)
[2026-01-26T07:00:39.489+0000][66][trace][gc,age      ] GC(380) - age   1:   13659584 bytes,   13659584 total
[2026-01-26T07:00:39.489+0000][66][trace][gc,age      ] GC(380) - age   2:     932280 bytes,   14591864 total
[2026-01-26T07:00:39.489+0000][66][trace][gc,age      ] GC(380) - age   3:     257808 bytes,   14849672 total
[2026-01-26T07:00:39.490+0000][66][trace][gc,age      ] GC(380) - age   4:      67664 bytes,   14917336 total
[2026-01-26T07:00:39.491+0000][66][trace][gc,age      ] GC(380) - age   5:       2584 bytes,   14919920 total
[2026-01-26T07:00:39.492+0000][66][trace][gc,age      ] GC(380) - age   6:       2624 bytes,   14922544 total
[2026-01-26T07:00:39.492+0000][66][trace][gc,age      ] GC(380) - age   7:     118592 bytes,   15041136 total
[2026-01-26T07:00:39.493+0000][66][trace][gc,age      ] GC(380) - age   8:      64144 bytes,   15105280 total
[2026-01-26T07:00:39.493+0000][66][trace][gc,age      ] GC(380) - age   9:     283232 bytes,   15388512 total
[2026-01-26T07:00:39.493+0000][66][trace][gc,age      ] GC(380) - age  10:       1488 bytes,   15390000 total
[2026-01-26T07:00:39.494+0000][66][trace][gc,age      ] GC(380) - age  11:        224 bytes,   15390224 total
[2026-01-26T07:00:39.495+0000][66][trace][gc,age      ] GC(380) - age  12:     274392 bytes,   15664616 total
[2026-01-26T07:00:39.495+0000][66][trace][gc,age      ] GC(380) - age  13:        920 bytes,   15665536 total
[2026-01-26T07:00:39.496+0000][66][trace][gc,age      ] GC(380) - age  14:      65096 bytes,   15730632 total
[2026-01-26T07:00:39.496+0000][66][trace][gc,age      ] GC(380) - age  15:        552 bytes,   15731184 total
[2026-01-26T07:00:39.497+0000][66][info ][gc,heap     ] GC(380) Eden regions: 150->0(146)
[2026-01-26T07:00:39.497+0000][66][info ][gc,heap     ] GC(380) Survivor regions: 3->5(20)
[2026-01-26T07:00:39.497+0000][66][info ][gc,heap     ] GC(380) Old regions: 73->73
[2026-01-26T07:00:39.498+0000][66][info ][gc,heap     ] GC(380) Humongous regions: 0->0
[2026-01-26T07:00:39.498+0000][66][info ][gc,metaspace] GC(380) Metaspace: 133386K(136832K)->133386K(136832K) NonClass: 115615K(117440K)->115615K(117440K) Class: 17770K(19392K)->17770K(19392K)
[2026-01-26T07:00:39.499+0000][66][info ][gc          ] GC(380) Pause Young (Normal) (G1 Evacuation Pause) 900M->306M(1024M) 23.601ms
[2026-01-26T07:00:39.499+0000][66][info ][gc,cpu      ] GC(380) User=0.03s Sys=0.00s Real=0.02s
[2026-01-26T07:00:39.500+0000][66][info ][safepoint   ] Safepoint "G1CollectForAllocation", Time since last: 5453522381 ns, Reaching safepoint: 20302 ns, Cleanup: 5500 ns, At safepoint: 24721368 ns, Total: 24747170 ns
[2026-01-26T07:00:40.753+0000][66][info ][safepoint   ] Safepoint "Cleanup", Time since last: 1252986907 ns, Reaching safepoint: 9301 ns, Cleanup: 9801 ns, At safepoint: 3500 ns, Total: 22602 ns
[2026-01-26T07:00:43.178+0000][66][info ][gc,start    ] GC(381) Pause Young (Normal) (G1 Evacuation Pause)
[2026-01-26T07:00:43.178+0000][66][info ][gc,task     ] GC(381) Using 6 workers of 6 for evacuation
[2026-01-26T07:00:43.179+0000][66][debug][gc,age      ] GC(381) Desired survivor size 39845888 bytes, new threshold 15 (max threshold 15)
[2026-01-26T07:00:43.186+0000][66][info ][gc,phases   ] GC(381)   Pre Evacuate Collection Set: 0.5ms
[2026-01-26T07:00:43.187+0000][66][info ][gc,phases   ] GC(381)   Merge Heap Roots: 0.2ms
[2026-01-26T07:00:43.187+0000][66][info ][gc,phases   ] GC(381)   Evacuate Collection Set: 5.3ms
[2026-01-26T07:00:43.188+0000][66][info ][gc,phases   ] GC(381)   Post Evacuate Collection Set: 1.2ms
[2026-01-26T07:00:43.188+0000][66][info ][gc,phases   ] GC(381)   Other: 1.0ms
[2026-01-26T07:00:43.188+0000][66][trace][gc,age      ] GC(381) Age table with threshold 15 (max threshold 15)
[2026-01-26T07:00:43.188+0000][66][trace][gc,age      ] GC(381) - age   1:   10816152 bytes,   10816152 total
[2026-01-26T07:00:43.189+0000][66][trace][gc,age      ] GC(381) - age   2:    2007472 bytes,   12823624 total
[2026-01-26T07:00:43.189+0000][66][trace][gc,age      ] GC(381) - age   3:     409760 bytes,   13233384 total
[2026-01-26T07:00:43.189+0000][66][trace][gc,age      ] GC(381) - age   4:     257776 bytes,   13491160 total
[2026-01-26T07:00:43.190+0000][66][trace][gc,age      ] GC(381) - age   5:      67384 bytes,   13558544 total
[2026-01-26T07:00:43.190+0000][66][trace][gc,age      ] GC(381) - age   6:       1472 bytes,   13560016 total
[2026-01-26T07:00:43.190+0000][66][trace][gc,age      ] GC(381) - age   7:       2624 bytes,   13562640 total
[2026-01-26T07:00:43.191+0000][66][trace][gc,age      ] GC(381) - age   8:     118592 bytes,   13681232 total
[2026-01-26T07:00:43.191+0000][66][trace][gc,age      ] GC(381) - age   9:      64144 bytes,   13745376 total
[2026-01-26T07:00:43.191+0000][66][trace][gc,age      ] GC(381) - age  10:     283168 bytes,   14028544 total
[2026-01-26T07:00:43.192+0000][66][trace][gc,age      ] GC(381) - age  11:       1488 bytes,   14030032 total
[2026-01-26T07:00:43.192+0000][66][trace][gc,age      ] GC(381) - age  12:        224 bytes,   14030256 total
[2026-01-26T07:00:43.192+0000][66][trace][gc,age      ] GC(381) - age  13:     274152 bytes,   14304408 total
[2026-01-26T07:00:43.193+0000][66][trace][gc,age      ] GC(381) - age  14:        920 bytes,   14305328 total
[2026-01-26T07:00:43.193+0000][66][trace][gc,age      ] GC(381) - age  15:      65096 bytes,   14370424 total
[2026-01-26T07:00:43.193+0000][66][info ][gc,heap     ] GC(381) Eden regions: 146->0(148)
[2026-01-26T07:00:43.193+0000][66][info ][gc,heap     ] GC(381) Survivor regions: 5->4(19)
[2026-01-26T07:00:43.194+0000][66][info ][gc,heap     ] GC(381) Old regions: 73->73
[2026-01-26T07:00:43.194+0000][66][info ][gc,heap     ] GC(381) Humongous regions: 0->0
[2026-01-26T07:00:43.194+0000][66][info ][gc,metaspace] GC(381) Metaspace: 133386K(136832K)->133386K(136832K) NonClass: 115615K(117440K)->115615K(117440K) Class: 17770K(19392K)->17770K(19392K)
[2026-01-26T07:00:43.194+0000][66][info ][gc          ] GC(381) Pause Young (Normal) (G1 Evacuation Pause) 890M->304M(1024M) 16.627ms
[2026-01-26T07:00:43.195+0000][66][info ][gc,cpu      ] GC(381) User=0.03s Sys=0.00s Real=0.02s
[2026-01-26T07:00:43.195+0000][66][info ][safepoint   ] Safepoint "G1CollectForAllocation", Time since last: 2424728104 ns, Reaching safepoint: 137909 ns, Cleanup: 5901 ns, At safepoint: 17288536 ns, Total: 17432346 ns
[2026-01-26T07:00:45.576+0000][66][info ][gc,start    ] GC(382) Pause Young (Normal) (G1 Evacuation Pause)
[2026-01-26T07:00:45.576+0000][66][info ][gc,task     ] GC(382) Using 6 workers of 6 for evacuation
[2026-01-26T07:00:45.577+0000][66][debug][gc,age      ] GC(382) Desired survivor size 39845888 bytes, new threshold 15 (max threshold 15)
[2026-01-26T07:00:45.587+0000][66][info ][gc,phases   ] GC(382)   Pre Evacuate Collection Set: 0.4ms
[2026-01-26T07:00:45.588+0000][66][info ][gc,phases   ] GC(382)   Merge Heap Roots: 0.2ms
[2026-01-26T07:00:45.588+0000][66][info ][gc,phases   ] GC(382)   Evacuate Collection Set: 7.8ms
[2026-01-26T07:00:45.589+0000][66][info ][gc,phases   ] GC(382)   Post Evacuate Collection Set: 1.4ms
[2026-01-26T07:00:45.589+0000][66][info ][gc,phases   ] GC(382)   Other: 1.0ms
[2026-01-26T07:00:45.590+0000][66][trace][gc,age      ] GC(382) Age table with threshold 15 (max threshold 15)
[2026-01-26T07:00:45.590+0000][66][trace][gc,age      ] GC(382) - age   1:   11668512 bytes,   11668512 total
[2026-01-26T07:00:45.590+0000][66][trace][gc,age      ] GC(382) - age   2:    6144248 bytes,   17812760 total
[2026-01-26T07:00:45.591+0000][66][trace][gc,age      ] GC(382) - age   3:    2001912 bytes,   19814672 total
[2026-01-26T07:00:45.591+0000][66][trace][gc,age      ] GC(382) - age   4:     409760 bytes,   20224432 total
[2026-01-26T07:00:45.592+0000][66][trace][gc,age      ] GC(382) - age   5:     257776 bytes,   20482208 total
[2026-01-26T07:00:45.592+0000][66][trace][gc,age      ] GC(382) - age   6:      67384 bytes,   20549592 total
[2026-01-26T07:00:45.592+0000][66][trace][gc,age      ] GC(382) - age   7:       1472 bytes,   20551064 total
[2026-01-26T07:00:45.593+0000][66][trace][gc,age      ] GC(382) - age   8:       2624 bytes,   20553688 total
[2026-01-26T07:00:45.593+0000][66][trace][gc,age      ] GC(382) - age   9:     118592 bytes,   20672280 total
[2026-01-26T07:00:45.593+0000][66][trace][gc,age      ] GC(382) - age  10:      64144 bytes,   20736424 total
[2026-01-26T07:00:45.593+0000][66][trace][gc,age      ] GC(382) - age  11:     283168 bytes,   21019592 total
[2026-01-26T07:00:45.594+0000][66][trace][gc,age      ] GC(382) - age  12:       1488 bytes,   21021080 total
[2026-01-26T07:00:45.594+0000][66][trace][gc,age      ] GC(382) - age  13:        224 bytes,   21021304 total
[2026-01-26T07:00:45.594+0000][66][trace][gc,age      ] GC(382) - age  14:     274152 bytes,   21295456 total
[2026-01-26T07:00:45.595+0000][66][trace][gc,age      ] GC(382) - age  15:        920 bytes,   21296376 total
[2026-01-26T07:00:45.595+0000][66][info ][gc,heap     ] GC(382) Eden regions: 148->0(144)
[2026-01-26T07:00:45.595+0000][66][info ][gc,heap     ] GC(382) Survivor regions: 4->6(19)
[2026-01-26T07:00:45.596+0000][66][info ][gc,heap     ] GC(382) Old regions: 73->73
[2026-01-26T07:00:45.596+0000][66][info ][gc,heap     ] GC(382) Humongous regions: 0->0
[2026-01-26T07:00:45.596+0000][66][info ][gc,metaspace] GC(382) Metaspace: 133386K(136832K)->133386K(136832K) NonClass: 115615K(117440K)->115615K(117440K) Class: 17770K(19392K)->17770K(19392K)
[2026-01-26T07:00:45.596+0000][66][info ][gc          ] GC(382) Pause Young (Normal) (G1 Evacuation Pause) 896M->311M(1024M) 20.427ms
[2026-01-26T07:00:45.597+0000][66][info ][gc,cpu      ] GC(382) User=0.03s Sys=0.00s Real=0.02s
[2026-01-26T07:00:45.597+0000][66][info ][safepoint   ] Safepoint "G1CollectForAllocation", Time since last: 2380685305 ns, Reaching safepoint: 129910 ns, Cleanup: 5800 ns, At safepoint: 21139134 ns, Total: 21274844 ns
[2026-01-26T07:00:47.425+0000][66][info ][gc,start    ] GC(383) Pause Young (Normal) (G1 Evacuation Pause)
[2026-01-26T07:00:47.427+0000][66][info ][gc,task     ] GC(383) Using 6 workers of 6 for evacuation
[2026-01-26T07:00:47.427+0000][66][debug][gc,age      ] GC(383) Desired survivor size 39845888 bytes, new threshold 15 (max threshold 15)
[2026-01-26T07:00:47.439+0000][66][info ][gc,phases   ] GC(383)   Pre Evacuate Collection Set: 0.4ms
[2026-01-26T07:00:47.440+0000][66][info ][gc,phases   ] GC(383)   Merge Heap Roots: 0.3ms
[2026-01-26T07:00:47.440+0000][66][info ][gc,phases   ] GC(383)   Evacuate Collection Set: 9.1ms
[2026-01-26T07:00:47.440+0000][66][info ][gc,phases   ] GC(383)   Post Evacuate Collection Set: 1.3ms
[2026-01-26T07:00:47.441+0000][66][info ][gc,phases   ] GC(383)   Other: 0.9ms
[2026-01-26T07:00:47.441+0000][66][trace][gc,age      ] GC(383) Age table with threshold 15 (max threshold 15)
[2026-01-26T07:00:47.442+0000][66][trace][gc,age      ] GC(383) - age   1:    9832080 bytes,    9832080 total
[2026-01-26T07:00:47.442+0000][66][trace][gc,age      ] GC(383) - age   2:    7112672 bytes,   16944752 total
[2026-01-26T07:00:47.443+0000][66][trace][gc,age      ] GC(383) - age   3:    6105192 bytes,   23049944 total
[2026-01-26T07:00:47.443+0000][66][trace][gc,age      ] GC(383) - age   4:    1925496 bytes,   24975440 total
[2026-01-26T07:00:47.443+0000][66][trace][gc,age      ] GC(383) - age   5:     409760 bytes,   25385200 total
[2026-01-26T07:00:47.444+0000][66][trace][gc,age      ] GC(383) - age   6:     257776 bytes,   25642976 total
[2026-01-26T07:00:47.444+0000][66][trace][gc,age      ] GC(383) - age   7:      67384 bytes,   25710360 total
[2026-01-26T07:00:47.445+0000][66][trace][gc,age      ] GC(383) - age   8:       1472 bytes,   25711832 total
[2026-01-26T07:00:47.445+0000][66][trace][gc,age      ] GC(383) - age   9:       2624 bytes,   25714456 total
[2026-01-26T07:00:47.445+0000][66][trace][gc,age      ] GC(383) - age  10:     118592 bytes,   25833048 total
[2026-01-26T07:00:47.446+0000][66][trace][gc,age      ] GC(383) - age  11:      64144 bytes,   25897192 total
[2026-01-26T07:00:47.446+0000][66][trace][gc,age      ] GC(383) - age  12:     283168 bytes,   26180360 total
[2026-01-26T07:00:47.446+0000][66][trace][gc,age      ] GC(383) - age  13:       1488 bytes,   26181848 total
[2026-01-26T07:00:47.447+0000][66][trace][gc,age      ] GC(383) - age  14:        224 bytes,   26182072 total
[2026-01-26T07:00:47.447+0000][66][trace][gc,age      ] GC(383) - age  15:     274152 bytes,   26456224 total
[2026-01-26T07:00:47.448+0000][66][info ][gc,heap     ] GC(383) Eden regions: 144->0(142)
[2026-01-26T07:00:47.448+0000][66][info ][gc,heap     ] GC(383) Survivor regions: 6->7(19)
[2026-01-26T07:00:47.448+0000][66][info ][gc,heap     ] GC(383) Old regions: 73->73
[2026-01-26T07:00:47.449+0000][66][info ][gc,heap     ] GC(383) Humongous regions: 0->0
[2026-01-26T07:00:47.449+0000][66][info ][gc,metaspace] GC(383) Metaspace: 133386K(136832K)->133386K(136832K) NonClass: 115615K(117440K)->115615K(117440K) Class: 17770K(19392K)->17770K(19392K)
[2026-01-26T07:00:47.449+0000][66][info ][gc          ] GC(383) Pause Young (Normal) (G1 Evacuation Pause) 887M->316M(1024M) 24.510ms
[2026-01-26T07:00:47.450+0000][66][info ][gc,cpu      ] GC(383) User=0.04s Sys=0.00s Real=0.03s
[2026-01-26T07:00:47.450+0000][66][info ][safepoint   ] Safepoint "G1CollectForAllocation", Time since last: 1827774492 ns, Reaching safepoint: 21802 ns, Cleanup: 5700 ns, At safepoint: 25418844 ns, Total: 25446346 ns
[2026-01-26T07:00:50.495+0000][66][info ][gc,start    ] GC(384) Pause Young (Normal) (G1 Evacuation Pause)
[2026-01-26T07:00:50.496+0000][66][info ][gc,task     ] GC(384) Using 6 workers of 6 for evacuation
[2026-01-26T07:00:50.496+0000][66][debug][gc,age      ] GC(384) Desired survivor size 39845888 bytes, new threshold 15 (max threshold 15)
[2026-01-26T07:00:50.509+0000][66][info ][gc,phases   ] GC(384)   Pre Evacuate Collection Set: 0.4ms
[2026-01-26T07:00:50.510+0000][66][info ][gc,phases   ] GC(384)   Merge Heap Roots: 0.3ms
[2026-01-26T07:00:50.510+0000][66][info ][gc,phases   ] GC(384)   Evacuate Collection Set: 10.4ms
[2026-01-26T07:00:50.511+0000][66][info ][gc,phases   ] GC(384)   Post Evacuate Collection Set: 1.3ms
[2026-01-26T07:00:50.511+0000][66][info ][gc,phases   ] GC(384)   Other: 1.1ms
[2026-01-26T07:00:50.512+0000][66][trace][gc,age      ] GC(384) Age table with threshold 15 (max threshold 15)
[2026-01-26T07:00:50.512+0000][66][trace][gc,age      ] GC(384) - age   1:   14172408 bytes,   14172408 total
[2026-01-26T07:00:50.512+0000][66][trace][gc,age      ] GC(384) - age   2:    4180272 bytes,   18352680 total
[2026-01-26T07:00:50.513+0000][66][trace][gc,age      ] GC(384) - age   3:    6388872 bytes,   24741552 total
[2026-01-26T07:00:50.513+0000][66][trace][gc,age      ] GC(384) - age   4:    6038984 bytes,   30780536 total
[2026-01-26T07:00:50.514+0000][66][trace][gc,age      ] GC(384) - age   5:    1925384 bytes,   32705920 total
[2026-01-26T07:00:50.514+0000][66][trace][gc,age      ] GC(384) - age   6:     409760 bytes,   33115680 total
[2026-01-26T07:00:50.515+0000][66][trace][gc,age      ] GC(384) - age   7:     257776 bytes,   33373456 total
[2026-01-26T07:00:50.515+0000][66][trace][gc,age      ] GC(384) - age   8:      66816 bytes,   33440272 total
[2026-01-26T07:00:50.515+0000][66][trace][gc,age      ] GC(384) - age   9:       1472 bytes,   33441744 total
[2026-01-26T07:00:50.516+0000][66][trace][gc,age      ] GC(384) - age  10:       2624 bytes,   33444368 total
[2026-01-26T07:00:50.516+0000][66][trace][gc,age      ] GC(384) - age  11:     118592 bytes,   33562960 total
[2026-01-26T07:00:50.517+0000][66][trace][gc,age      ] GC(384) - age  12:      64144 bytes,   33627104 total
[2026-01-26T07:00:50.517+0000][66][trace][gc,age      ] GC(384) - age  13:     283168 bytes,   33910272 total
[2026-01-26T07:00:50.517+0000][66][trace][gc,age      ] GC(384) - age  14:       1488 bytes,   33911760 total
[2026-01-26T07:00:50.518+0000][66][trace][gc,age      ] GC(384) - age  15:        224 bytes,   33911984 total
[2026-01-26T07:00:50.518+0000][66][info ][gc,heap     ] GC(384) Eden regions: 142->0(138)
[2026-01-26T07:00:50.518+0000][66][info ][gc,heap     ] GC(384) Survivor regions: 7->9(19)
[2026-01-26T07:00:50.519+0000][66][info ][gc,heap     ] GC(384) Old regions: 73->73
[2026-01-26T07:00:50.519+0000][66][info ][gc,heap     ] GC(384) Humongous regions: 0->0
[2026-01-26T07:00:50.520+0000][66][info ][gc,metaspace] GC(384) Metaspace: 133386K(136832K)->133386K(136832K) NonClass: 115615K(117440K)->115615K(117440K) Class: 17770K(19392K)->17770K(19392K)
[2026-01-26T07:00:50.520+0000][66][info ][gc          ] GC(384) Pause Young (Normal) (G1 Evacuation Pause) 884M->324M(1024M) 24.698ms
[2026-01-26T07:00:50.520+0000][66][info ][gc,cpu      ] GC(384) User=0.05s Sys=0.01s Real=0.02s
[2026-01-26T07:00:50.521+0000][66][info ][safepoint   ] Safepoint "G1CollectForAllocation", Time since last: 3044862484 ns, Reaching safepoint: 142710 ns, Cleanup: 6001 ns, At safepoint: 25666462 ns, Total: 25815173 ns
[2026-01-26T07:00:52.620+0000][66][info ][gc,start    ] GC(385) Pause Young (Normal) (G1 Evacuation Pause)
[2026-01-26T07:00:52.620+0000][66][info ][gc,task     ] GC(385) Using 6 workers of 6 for evacuation
[2026-01-26T07:00:52.621+0000][66][debug][gc,age      ] GC(385) Desired survivor size 39845888 bytes, new threshold 15 (max threshold 15)
[2026-01-26T07:00:52.635+0000][66][info ][gc,phases   ] GC(385)   Pre Evacuate Collection Set: 0.5ms
[2026-01-26T07:00:52.635+0000][66][info ][gc,phases   ] GC(385)   Merge Heap Roots: 0.2ms
[2026-01-26T07:00:52.636+0000][66][info ][gc,phases   ] GC(385)   Evacuate Collection Set: 11.0ms
[2026-01-26T07:00:52.636+0000][66][info ][gc,phases   ] GC(385)   Post Evacuate Collection Set: 1.5ms
[2026-01-26T07:00:52.637+0000][66][info ][gc,phases   ] GC(385)   Other: 1.1ms
[2026-01-26T07:00:52.637+0000][66][trace][gc,age      ] GC(385) Age table with threshold 15 (max threshold 15)
[2026-01-26T07:00:52.638+0000][66][trace][gc,age      ] GC(385) - age   1:   10254792 bytes,   10254792 total
[2026-01-26T07:00:52.638+0000][66][trace][gc,age      ] GC(385) - age   2:    7653232 bytes,   17908024 total
[2026-01-26T07:00:52.639+0000][66][trace][gc,age      ] GC(385) - age   3:    3801208 bytes,   21709232 total
[2026-01-26T07:00:52.639+0000][66][trace][gc,age      ] GC(385) - age   4:    5560136 bytes,   27269368 total
[2026-01-26T07:00:52.640+0000][66][trace][gc,age      ] GC(385) - age   5:    5533760 bytes,   32803128 total
[2026-01-26T07:00:52.640+0000][66][trace][gc,age      ] GC(385) - age   6:    1644688 bytes,   34447816 total
[2026-01-26T07:00:52.641+0000][66][trace][gc,age      ] GC(385) - age   7:     409512 bytes,   34857328 total
[2026-01-26T07:00:52.641+0000][66][trace][gc,age      ] GC(385) - age   8:     257776 bytes,   35115104 total
[2026-01-26T07:00:52.641+0000][66][trace][gc,age      ] GC(385) - age   9:      66816 bytes,   35181920 total
[2026-01-26T07:00:52.642+0000][66][trace][gc,age      ] GC(385) - age  10:       1472 bytes,   35183392 total
[2026-01-26T07:00:52.642+0000][66][trace][gc,age      ] GC(385) - age  11:       2624 bytes,   35186016 total
[2026-01-26T07:00:52.643+0000][66][trace][gc,age      ] GC(385) - age  12:     118592 bytes,   35304608 total
[2026-01-26T07:00:52.643+0000][66][trace][gc,age      ] GC(385) - age  13:      64144 bytes,   35368752 total
[2026-01-26T07:00:52.643+0000][66][trace][gc,age      ] GC(385) - age  14:     283168 bytes,   35651920 total
[2026-01-26T07:00:52.644+0000][66][trace][gc,age      ] GC(385) - age  15:       1488 bytes,   35653408 total
[2026-01-26T07:00:52.644+0000][66][info ][gc,heap     ] GC(385) Eden regions: 138->0(136)
[2026-01-26T07:00:52.645+0000][66][info ][gc,heap     ] GC(385) Survivor regions: 9->10(19)
[2026-01-26T07:00:52.645+0000][66][info ][gc,heap     ] GC(385) Old regions: 73->73
[2026-01-26T07:00:52.645+0000][66][info ][gc,heap     ] GC(385) Humongous regions: 0->0
[2026-01-26T07:00:52.646+0000][66][info ][gc,metaspace] GC(385) Metaspace: 133386K(136832K)->133386K(136832K) NonClass: 115615K(117440K)->115615K(117440K) Class: 17770K(19392K)->17770K(19392K)
[2026-01-26T07:00:52.646+0000][66][info ][gc          ] GC(385) Pause Young (Normal) (G1 Evacuation Pause) 876M->327M(1024M) 26.286ms
[2026-01-26T07:00:52.646+0000][66][info ][gc,cpu      ] GC(385) User=0.04s Sys=0.00s Real=0.03s
[2026-01-26T07:00:52.647+0000][66][info ][safepoint   ] Safepoint "G1CollectForAllocation", Time since last: 2098686109 ns, Reaching safepoint: 21201 ns, Cleanup: 5701 ns, At safepoint: 27214156 ns, Total: 27241058 ns
[2026-01-26T07:00:54.245+0000][66][info ][safepoint   ] Safepoint "Cleanup", Time since last: 1597483934 ns, Reaching safepoint: 117908 ns, Cleanup: 9701 ns, At safepoint: 61804 ns, Total: 189413 ns
[2026-01-26T07:00:55.305+0000][66][info ][safepoint   ] Safepoint "Cleanup", Time since last: 1059893590 ns, Reaching safepoint: 966469 ns, Cleanup: 16802 ns, At safepoint: 101807 ns, Total: 1085078 ns
[2026-01-26T07:00:56.151+0000][66][info ][gc,start    ] GC(386) Pause Young (Normal) (G1 Evacuation Pause)
[2026-01-26T07:00:56.151+0000][66][info ][gc,task     ] GC(386) Using 6 workers of 6 for evacuation
[2026-01-26T07:00:56.152+0000][66][debug][gc,age      ] GC(386) Desired survivor size 39845888 bytes, new threshold 15 (max threshold 15)
[2026-01-26T07:00:56.161+0000][66][info ][gc,phases   ] GC(386)   Pre Evacuate Collection Set: 0.3ms
[2026-01-26T07:00:56.161+0000][66][info ][gc,phases   ] GC(386)   Merge Heap Roots: 0.1ms
[2026-01-26T07:00:56.162+0000][66][info ][gc,phases   ] GC(386)   Evacuate Collection Set: 7.1ms
[2026-01-26T07:00:56.162+0000][66][info ][gc,phases   ] GC(386)   Post Evacuate Collection Set: 1.1ms
[2026-01-26T07:00:56.162+0000][66][info ][gc,phases   ] GC(386)   Other: 0.8ms
[2026-01-26T07:00:56.163+0000][66][trace][gc,age      ] GC(386) Age table with threshold 15 (max threshold 15)
[2026-01-26T07:00:56.163+0000][66][trace][gc,age      ] GC(386) - age   1:   12011248 bytes,   12011248 total
[2026-01-26T07:00:56.163+0000][66][trace][gc,age      ] GC(386) - age   2:    3937992 bytes,   15949240 total
[2026-01-26T07:00:56.164+0000][66][trace][gc,age      ] GC(386) - age   3:       1192 bytes,   15950432 total
[2026-01-26T07:00:56.164+0000][66][trace][gc,age      ] GC(386) - age   6:     708376 bytes,   16658808 total
[2026-01-26T07:00:56.164+0000][66][trace][gc,age      ] GC(386) - age   7:     466352 bytes,   17125160 total
[2026-01-26T07:00:56.165+0000][66][trace][gc,age      ] GC(386) - age   8:     407512 bytes,   17532672 total
[2026-01-26T07:00:56.165+0000][66][trace][gc,age      ] GC(386) - age   9:       2112 bytes,   17534784 total
[2026-01-26T07:00:56.166+0000][66][trace][gc,age      ] GC(386) - age  10:      66816 bytes,   17601600 total
[2026-01-26T07:00:56.166+0000][66][trace][gc,age      ] GC(386) - age  11:       1472 bytes,   17603072 total
[2026-01-26T07:00:56.166+0000][66][trace][gc,age      ] GC(386) - age  12:       2032 bytes,   17605104 total
[2026-01-26T07:00:56.167+0000][66][trace][gc,age      ] GC(386) - age  13:     118592 bytes,   17723696 total
[2026-01-26T07:00:56.167+0000][66][trace][gc,age      ] GC(386) - age  14:        800 bytes,   17724496 total
[2026-01-26T07:00:56.167+0000][66][trace][gc,age      ] GC(386) - age  15:     281544 bytes,   18006040 total
[2026-01-26T07:00:56.167+0000][66][info ][gc,heap     ] GC(386) Eden regions: 136->0(146)
[2026-01-26T07:00:56.168+0000][66][info ][gc,heap     ] GC(386) Survivor regions: 10->5(19)
[2026-01-26T07:00:56.168+0000][66][info ][gc,heap     ] GC(386) Old regions: 73->73
[2026-01-26T07:00:56.168+0000][66][info ][gc,heap     ] GC(386) Humongous regions: 0->0
[2026-01-26T07:00:56.169+0000][66][info ][gc,metaspace] GC(386) Metaspace: 133390K(136832K)->133390K(136832K) NonClass: 115619K(117440K)->115619K(117440K) Class: 17770K(19392K)->17770K(19392K)
[2026-01-26T07:00:56.169+0000][66][info ][gc          ] GC(386) Pause Young (Normal) (G1 Evacuation Pause) 871M->309M(1024M) 18.028ms
[2026-01-26T07:00:56.169+0000][66][info ][gc,cpu      ] GC(386) User=0.04s Sys=0.00s Real=0.02s
[2026-01-26T07:00:56.170+0000][66][info ][safepoint   ] Safepoint "G1CollectForAllocation", Time since last: 845423072 ns, Reaching safepoint: 18502 ns, Cleanup: 4400 ns, At safepoint: 18768649 ns, Total: 18791551 ns
[2026-01-26T07:00:57.206+0000][66][info ][safepoint   ] Safepoint "Cleanup", Time since last: 1036165584 ns, Reaching safepoint: 136110 ns, Cleanup: 11601 ns, At safepoint: 46003 ns, Total: 193714 ns
[2026-01-26T07:01:00.207+0000][66][info ][safepoint   ] Safepoint "Cleanup", Time since last: 3000975322 ns, Reaching safepoint: 55404 ns, Cleanup: 14201 ns, At safepoint: 9201 ns, Total: 78806 ns
[2026-01-26T07:01:01.609+0000][66][info ][gc,start    ] GC(387) Pause Young (Normal) (G1 Evacuation Pause)
[2026-01-26T07:01:01.610+0000][66][info ][gc,task     ] GC(387) Using 6 workers of 6 for evacuation
[2026-01-26T07:01:01.610+0000][66][debug][gc,age      ] GC(387) Desired survivor size 39845888 bytes, new threshold 15 (max threshold 15)
[2026-01-26T07:01:01.622+0000][66][info ][gc,phases   ] GC(387)   Pre Evacuate Collection Set: 0.3ms
[2026-01-26T07:01:01.623+0000][66][info ][gc,phases   ] GC(387)   Merge Heap Roots: 0.3ms
[2026-01-26T07:01:01.623+0000][66][info ][gc,phases   ] GC(387)   Evacuate Collection Set: 9.6ms
[2026-01-26T07:01:01.624+0000][66][info ][gc,phases   ] GC(387)   Post Evacuate Collection Set: 1.2ms
[2026-01-26T07:01:01.624+0000][66][info ][gc,phases   ] GC(387)   Other: 0.9ms
[2026-01-26T07:01:01.624+0000][66][trace][gc,age      ] GC(387) Age table with threshold 15 (max threshold 15)
[2026-01-26T07:01:01.625+0000][66][trace][gc,age      ] GC(387) - age   1:   21349328 bytes,   21349328 total
[2026-01-26T07:01:01.625+0000][66][trace][gc,age      ] GC(387) - age   2:    5757592 bytes,   27106920 total
[2026-01-26T07:01:01.626+0000][66][trace][gc,age      ] GC(387) - age   3:    3718280 bytes,   30825200 total
[2026-01-26T07:01:01.626+0000][66][trace][gc,age      ] GC(387) - age   4:       1160 bytes,   30826360 total
[2026-01-26T07:01:01.627+0000][66][trace][gc,age      ] GC(387) - age   7:     708280 bytes,   31534640 total
[2026-01-26T07:01:01.627+0000][66][trace][gc,age      ] GC(387) - age   8:     466352 bytes,   32000992 total
[2026-01-26T07:01:01.627+0000][66][trace][gc,age      ] GC(387) - age   9:     406592 bytes,   32407584 total
[2026-01-26T07:01:01.628+0000][66][trace][gc,age      ] GC(387) - age  10:       1936 bytes,   32409520 total
[2026-01-26T07:01:01.628+0000][66][trace][gc,age      ] GC(387) - age  11:      66816 bytes,   32476336 total
[2026-01-26T07:01:01.628+0000][66][trace][gc,age      ] GC(387) - age  12:       1472 bytes,   32477808 total
[2026-01-26T07:01:01.629+0000][66][trace][gc,age      ] GC(387) - age  13:       2032 bytes,   32479840 total
[2026-01-26T07:01:01.629+0000][66][trace][gc,age      ] GC(387) - age  14:     118592 bytes,   32598432 total
[2026-01-26T07:01:01.629+0000][66][trace][gc,age      ] GC(387) - age  15:        768 bytes,   32599200 total
[2026-01-26T07:01:01.630+0000][66][info ][gc,heap     ] GC(387) Eden regions: 146->0(138)
[2026-01-26T07:01:01.630+0000][66][info ][gc,heap     ] GC(387) Survivor regions: 5->9(19)
[2026-01-26T07:01:01.630+0000][66][info ][gc,heap     ] GC(387) Old regions: 73->73
[2026-01-26T07:01:01.631+0000][66][info ][gc,heap     ] GC(387) Humongous regions: 0->0
[2026-01-26T07:01:01.631+0000][66][info ][gc,metaspace] GC(387) Metaspace: 133390K(136832K)->133390K(136832K) NonClass: 115620K(117440K)->115620K(117440K) Class: 17770K(19392K)->17770K(19392K)
[2026-01-26T07:01:01.632+0000][66][info ][gc          ] GC(387) Pause Young (Normal) (G1 Evacuation Pause) 893M->323M(1024M) 22.227ms
[2026-01-26T07:01:01.632+0000][66][info ][gc,cpu      ] GC(387) User=0.06s Sys=0.01s Real=0.02s
[2026-01-26T07:01:01.632+0000][66][info ][safepoint   ] Safepoint "G1CollectForAllocation", Time since last: 1402057351 ns, Reaching safepoint: 62104 ns, Cleanup: 5500 ns, At safepoint: 23116055 ns, Total: 23183659 ns
[2026-01-26T07:01:05.573+0000][66][info ][gc,start    ] GC(388) Pause Young (Normal) (G1 Evacuation Pause)
[2026-01-26T07:01:05.574+0000][66][info ][gc,task     ] GC(388) Using 6 workers of 6 for evacuation
[2026-01-26T07:01:05.574+0000][66][debug][gc,age      ] GC(388) Desired survivor size 39845888 bytes, new threshold 15 (max threshold 15)
[2026-01-26T07:01:05.586+0000][66][info ][gc,phases   ] GC(388)   Pre Evacuate Collection Set: 0.3ms
[2026-01-26T07:01:05.587+0000][66][info ][gc,phases   ] GC(388)   Merge Heap Roots: 0.2ms
[2026-01-26T07:01:05.587+0000][66][info ][gc,phases   ] GC(388)   Evacuate Collection Set: 10.2ms
[2026-01-26T07:01:05.588+0000][66][info ][gc,phases   ] GC(388)   Post Evacuate Collection Set: 1.2ms
[2026-01-26T07:01:05.588+0000][66][info ][gc,phases   ] GC(388)   Other: 0.7ms
[2026-01-26T07:01:05.588+0000][66][trace][gc,age      ] GC(388) Age table with threshold 15 (max threshold 15)
[2026-01-26T07:01:05.589+0000][66][trace][gc,age      ] GC(388) - age   1:   14929360 bytes,   14929360 total
[2026-01-26T07:01:05.589+0000][66][trace][gc,age      ] GC(388) - age   2:   10908432 bytes,   25837792 total
[2026-01-26T07:01:05.590+0000][66][trace][gc,age      ] GC(388) - age   3:    5006408 bytes,   30844200 total
[2026-01-26T07:01:05.590+0000][66][trace][gc,age      ] GC(388) - age   4:    3244072 bytes,   34088272 total
[2026-01-26T07:01:05.590+0000][66][trace][gc,age      ] GC(388) - age   5:       1128 bytes,   34089400 total
[2026-01-26T07:01:05.590+0000][66][trace][gc,age      ] GC(388) - age   8:     708192 bytes,   34797592 total
[2026-01-26T07:01:05.591+0000][66][trace][gc,age      ] GC(388) - age   9:     465640 bytes,   35263232 total
[2026-01-26T07:01:05.591+0000][66][trace][gc,age      ] GC(388) - age  10:     405720 bytes,   35668952 total
[2026-01-26T07:01:05.591+0000][66][trace][gc,age      ] GC(388) - age  11:       1936 bytes,   35670888 total
[2026-01-26T07:01:05.592+0000][66][trace][gc,age      ] GC(388) - age  12:      66816 bytes,   35737704 total
[2026-01-26T07:01:05.592+0000][66][trace][gc,age      ] GC(388) - age  13:       1472 bytes,   35739176 total
[2026-01-26T07:01:05.592+0000][66][trace][gc,age      ] GC(388) - age  14:       2032 bytes,   35741208 total
[2026-01-26T07:01:05.593+0000][66][trace][gc,age      ] GC(388) - age  15:     118592 bytes,   35859800 total
[2026-01-26T07:01:05.593+0000][66][info ][gc,heap     ] GC(388) Eden regions: 138->0(136)
[2026-01-26T07:01:05.593+0000][66][info ][gc,heap     ] GC(388) Survivor regions: 9->10(19)
[2026-01-26T07:01:05.594+0000][66][info ][gc,heap     ] GC(388) Old regions: 73->73
[2026-01-26T07:01:05.594+0000][66][info ][gc,heap     ] GC(388) Humongous regions: 0->0
[2026-01-26T07:01:05.594+0000][66][info ][gc,metaspace] GC(388) Metaspace: 133395K(136832K)->133395K(136832K) NonClass: 115625K(117440K)->115625K(117440K) Class: 17770K(19392K)->17770K(19392K)
[2026-01-26T07:01:05.594+0000][66][info ][gc          ] GC(388) Pause Young (Normal) (G1 Evacuation Pause) 875M->326M(1024M) 21.112ms
[2026-01-26T07:01:05.595+0000][66][info ][gc,cpu      ] GC(388) User=0.05s Sys=0.00s Real=0.02s
[2026-01-26T07:01:05.595+0000][66][info ][safepoint   ] Safepoint "G1CollectForAllocation", Time since last: 3942238804 ns, Reaching safepoint: 169012 ns, Cleanup: 6000 ns, At safepoint: 21921169 ns, Total: 22096181 ns
[2026-01-26T07:01:08.091+0000][66][info ][safepoint   ] Safepoint "Cleanup", Time since last: 2495808499 ns, Reaching safepoint: 118808 ns, Cleanup: 11301 ns, At safepoint: 65705 ns, Total: 195814 ns
[2026-01-26T07:01:11.574+0000][66][info ][gc,start    ] GC(389) Pause Young (Normal) (G1 Evacuation Pause)
[2026-01-26T07:01:11.575+0000][66][info ][gc,task     ] GC(389) Using 6 workers of 6 for evacuation
[2026-01-26T07:01:11.575+0000][66][debug][gc,age      ] GC(389) Desired survivor size 39845888 bytes, new threshold 15 (max threshold 15)
[2026-01-26T07:01:11.588+0000][66][info ][gc,phases   ] GC(389)   Pre Evacuate Collection Set: 0.5ms
[2026-01-26T07:01:11.588+0000][66][info ][gc,phases   ] GC(389)   Merge Heap Roots: 0.3ms
[2026-01-26T07:01:11.589+0000][66][info ][gc,phases   ] GC(389)   Evacuate Collection Set: 9.5ms
[2026-01-26T07:01:11.589+0000][66][info ][gc,phases   ] GC(389)   Post Evacuate Collection Set: 1.5ms
[2026-01-26T07:01:11.589+0000][66][info ][gc,phases   ] GC(389)   Other: 0.9ms
[2026-01-26T07:01:11.590+0000][66][trace][gc,age      ] GC(389) Age table with threshold 15 (max threshold 15)
[2026-01-26T07:01:11.590+0000][66][trace][gc,age      ] GC(389) - age   1:   16837376 bytes,   16837376 total
[2026-01-26T07:01:11.590+0000][66][trace][gc,age      ] GC(389) - age   2:    2908680 bytes,   19746056 total
[2026-01-26T07:01:11.591+0000][66][trace][gc,age      ] GC(389) - age   3:      23464 bytes,   19769520 total
[2026-01-26T07:01:11.591+0000][66][trace][gc,age      ] GC(389) - age   4:     181064 bytes,   19950584 total
[2026-01-26T07:01:11.591+0000][66][trace][gc,age      ] GC(389) - age   5:        672 bytes,   19951256 total
[2026-01-26T07:01:11.592+0000][66][trace][gc,age      ] GC(389) - age   6:        568 bytes,   19951824 total
[2026-01-26T07:01:11.592+0000][66][trace][gc,age      ] GC(389) - age   9:     705288 bytes,   20657112 total
[2026-01-26T07:01:11.593+0000][66][trace][gc,age      ] GC(389) - age  10:     462448 bytes,   21119560 total
[2026-01-26T07:01:11.593+0000][66][trace][gc,age      ] GC(389) - age  11:     405632 bytes,   21525192 total
[2026-01-26T07:01:11.593+0000][66][trace][gc,age      ] GC(389) - age  12:       1936 bytes,   21527128 total
[2026-01-26T07:01:11.594+0000][66][trace][gc,age      ] GC(389) - age  13:      66816 bytes,   21593944 total
[2026-01-26T07:01:11.594+0000][66][trace][gc,age      ] GC(389) - age  14:       1296 bytes,   21595240 total
[2026-01-26T07:01:11.594+0000][66][trace][gc,age      ] GC(389) - age  15:       2032 bytes,   21597272 total
[2026-01-26T07:01:11.595+0000][66][info ][gc,heap     ] GC(389) Eden regions: 136->0(144)
[2026-01-26T07:01:11.595+0000][66][info ][gc,heap     ] GC(389) Survivor regions: 10->6(19)
[2026-01-26T07:01:11.595+0000][66][info ][gc,heap     ] GC(389) Old regions: 73->73
[2026-01-26T07:01:11.596+0000][66][info ][gc,heap     ] GC(389) Humongous regions: 0->0
[2026-01-26T07:01:11.596+0000][66][info ][gc,metaspace] GC(389) Metaspace: 133396K(136832K)->133396K(136832K) NonClass: 115626K(117440K)->115626K(117440K) Class: 17770K(19392K)->17770K(19392K)
[2026-01-26T07:01:11.597+0000][66][info ][gc          ] GC(389) Pause Young (Normal) (G1 Evacuation Pause) 870M->312M(1024M) 22.201ms
[2026-01-26T07:01:11.597+0000][66][info ][gc,cpu      ] GC(389) User=0.04s Sys=0.01s Real=0.02s
[2026-01-26T07:01:11.597+0000][66][info ][safepoint   ] Safepoint "G1CollectForAllocation", Time since last: 3483032816 ns, Reaching safepoint: 25402 ns, Cleanup: 5801 ns, At safepoint: 23111979 ns, Total: 23143182 ns
[2026-01-26T07:01:15.678+0000][66][info ][safepoint   ] Safepoint "Cleanup", Time since last: 4080196847 ns, Reaching safepoint: 18102 ns, Cleanup: 13501 ns, At safepoint: 3500 ns, Total: 35103 ns
[2026-01-26T07:01:17.154+0000][66][info ][gc,start    ] GC(390) Pause Young (Normal) (G1 Evacuation Pause)
[2026-01-26T07:01:17.155+0000][66][info ][gc,task     ] GC(390) Using 6 workers of 6 for evacuation
[2026-01-26T07:01:17.155+0000][66][debug][gc,age      ] GC(390) Desired survivor size 39845888 bytes, new threshold 15 (max threshold 15)
[2026-01-26T07:01:17.168+0000][66][info ][gc,phases   ] GC(390)   Pre Evacuate Collection Set: 0.4ms
[2026-01-26T07:01:17.169+0000][66][info ][gc,phases   ] GC(390)   Merge Heap Roots: 0.2ms
[2026-01-26T07:01:17.169+0000][66][info ][gc,phases   ] GC(390)   Evacuate Collection Set: 10.7ms
[2026-01-26T07:01:17.170+0000][66][info ][gc,phases   ] GC(390)   Post Evacuate Collection Set: 1.3ms
[2026-01-26T07:01:17.170+0000][66][info ][gc,phases   ] GC(390)   Other: 1.1ms
[2026-01-26T07:01:17.171+0000][66][trace][gc,age      ] GC(390) Age table with threshold 15 (max threshold 15)
[2026-01-26T07:01:17.171+0000][66][trace][gc,age      ] GC(390) - age   1:   21188944 bytes,   21188944 total
[2026-01-26T07:01:17.171+0000][66][trace][gc,age      ] GC(390) - age   2:    9909512 bytes,   31098456 total
[2026-01-26T07:01:17.172+0000][66][trace][gc,age      ] GC(390) - age   3:    2902184 bytes,   34000640 total
[2026-01-26T07:01:17.172+0000][66][trace][gc,age      ] GC(390) - age   4:      23464 bytes,   34024104 total
[2026-01-26T07:01:17.173+0000][66][trace][gc,age      ] GC(390) - age   5:     175384 bytes,   34199488 total
[2026-01-26T07:01:17.173+0000][66][trace][gc,age      ] GC(390) - age   6:        360 bytes,   34199848 total
[2026-01-26T07:01:17.174+0000][66][trace][gc,age      ] GC(390) - age   7:        568 bytes,   34200416 total
[2026-01-26T07:01:17.174+0000][66][trace][gc,age      ] GC(390) - age  10:      81304 bytes,   34281720 total
[2026-01-26T07:01:17.174+0000][66][trace][gc,age      ] GC(390) - age  11:     244760 bytes,   34526480 total
[2026-01-26T07:01:17.175+0000][66][trace][gc,age      ] GC(390) - age  12:      75200 bytes,   34601680 total
[2026-01-26T07:01:17.175+0000][66][trace][gc,age      ] GC(390) - age  13:       1936 bytes,   34603616 total
[2026-01-26T07:01:17.176+0000][66][trace][gc,age      ] GC(390) - age  14:      66512 bytes,   34670128 total
[2026-01-26T07:01:17.176+0000][66][trace][gc,age      ] GC(390) - age  15:       1296 bytes,   34671424 total
[2026-01-26T07:01:17.176+0000][66][info ][gc,heap     ] GC(390) Eden regions: 144->0(138)
[2026-01-26T07:01:17.177+0000][66][info ][gc,heap     ] GC(390) Survivor regions: 6->9(19)
[2026-01-26T07:01:17.177+0000][66][info ][gc,heap     ] GC(390) Old regions: 73->73
[2026-01-26T07:01:17.177+0000][66][info ][gc,heap     ] GC(390) Humongous regions: 0->0
[2026-01-26T07:01:17.178+0000][66][info ][gc,metaspace] GC(390) Metaspace: 133397K(136832K)->133397K(136832K) NonClass: 115626K(117440K)->115626K(117440K) Class: 17770K(19392K)->17770K(19392K)
[2026-01-26T07:01:17.178+0000][66][info ][gc          ] GC(390) Pause Young (Normal) (G1 Evacuation Pause) 888M->325M(1024M) 23.653ms
[2026-01-26T07:01:17.178+0000][66][info ][gc,cpu      ] GC(390) User=0.05s Sys=0.00s Real=0.02s
[2026-01-26T07:01:17.179+0000][66][info ][safepoint   ] Safepoint "G1CollectForAllocation", Time since last: 1476710534 ns, Reaching safepoint: 16601 ns, Cleanup: 4400 ns, At safepoint: 24438378 ns, Total: 24459379 ns
[2026-01-26T07:01:20.628+0000][66][info ][gc,start    ] GC(391) Pause Young (Normal) (G1 Evacuation Pause)
[2026-01-26T07:01:20.628+0000][66][info ][gc,task     ] GC(391) Using 6 workers of 6 for evacuation
[2026-01-26T07:01:20.629+0000][66][debug][gc,age      ] GC(391) Desired survivor size 39845888 bytes, new threshold 15 (max threshold 15)
[2026-01-26T07:01:20.635+0000][66][info ][gc,phases   ] GC(391)   Pre Evacuate Collection Set: 0.3ms
[2026-01-26T07:01:20.635+0000][66][info ][gc,phases   ] GC(391)   Merge Heap Roots: 0.1ms
[2026-01-26T07:01:20.635+0000][66][info ][gc,phases   ] GC(391)   Evacuate Collection Set: 4.1ms
[2026-01-26T07:01:20.636+0000][66][info ][gc,phases   ] GC(391)   Post Evacuate Collection Set: 1.1ms
[2026-01-26T07:01:20.636+0000][66][info ][gc,phases   ] GC(391)   Other: 0.7ms
[2026-01-26T07:01:20.636+0000][66][trace][gc,age      ] GC(391) Age table with threshold 15 (max threshold 15)
[2026-01-26T07:01:20.637+0000][66][trace][gc,age      ] GC(391) - age   1:   10399648 bytes,   10399648 total
[2026-01-26T07:01:20.637+0000][66][trace][gc,age      ] GC(391) - age   2:     260448 bytes,   10660096 total
[2026-01-26T07:01:20.637+0000][66][trace][gc,age      ] GC(391) - age   3:      90960 bytes,   10751056 total
[2026-01-26T07:01:20.637+0000][66][trace][gc,age      ] GC(391) - age   4:       5744 bytes,   10756800 total
[2026-01-26T07:01:20.638+0000][66][trace][gc,age      ] GC(391) - age   5:      23464 bytes,   10780264 total
[2026-01-26T07:01:20.638+0000][66][trace][gc,age      ] GC(391) - age   6:     173144 bytes,   10953408 total
[2026-01-26T07:01:20.638+0000][66][trace][gc,age      ] GC(391) - age   7:        336 bytes,   10953744 total
[2026-01-26T07:01:20.639+0000][66][trace][gc,age      ] GC(391) - age  11:      81024 bytes,   11034768 total
[2026-01-26T07:01:20.639+0000][66][trace][gc,age      ] GC(391) - age  12:     244760 bytes,   11279528 total
[2026-01-26T07:01:20.639+0000][66][trace][gc,age      ] GC(391) - age  13:       9040 bytes,   11288568 total
[2026-01-26T07:01:20.639+0000][66][trace][gc,age      ] GC(391) - age  14:       1936 bytes,   11290504 total
[2026-01-26T07:01:20.639+0000][66][trace][gc,age      ] GC(391) - age  15:        928 bytes,   11291432 total
[2026-01-26T07:01:20.640+0000][66][info ][gc,heap     ] GC(391) Eden regions: 138->0(148)
[2026-01-26T07:01:20.640+0000][66][info ][gc,heap     ] GC(391) Survivor regions: 9->4(19)
[2026-01-26T07:01:20.640+0000][66][info ][gc,heap     ] GC(391) Old regions: 73->73
[2026-01-26T07:01:20.640+0000][66][info ][gc,heap     ] GC(391) Humongous regions: 0->0
[2026-01-26T07:01:20.640+0000][66][info ][gc,metaspace] GC(391) Metaspace: 133403K(136832K)->133403K(136832K) NonClass: 115632K(117440K)->115632K(117440K) Class: 17770K(19392K)->17770K(19392K)
[2026-01-26T07:01:20.641+0000][66][info ][gc          ] GC(391) Pause Young (Normal) (G1 Evacuation Pause) 877M->302M(1024M) 12.530ms
[2026-01-26T07:01:20.641+0000][66][info ][gc,cpu      ] GC(391) User=0.02s Sys=0.00s Real=0.01s
[2026-01-26T07:01:20.641+0000][66][info ][safepoint   ] Safepoint "G1CollectForAllocation", Time since last: 3449236271 ns, Reaching safepoint: 15901 ns, Cleanup: 4300 ns, At safepoint: 13051750 ns, Total: 13071951 ns
[2026-01-26T07:01:25.614+0000][66][info ][gc,start    ] GC(392) Pause Young (Normal) (G1 Evacuation Pause)
[2026-01-26T07:01:25.614+0000][66][info ][gc,task     ] GC(392) Using 6 workers of 6 for evacuation
[2026-01-26T07:01:25.615+0000][66][debug][gc,age      ] GC(392) Desired survivor size 39845888 bytes, new threshold 15 (max threshold 15)
[2026-01-26T07:01:25.625+0000][66][info ][gc,phases   ] GC(392)   Pre Evacuate Collection Set: 0.4ms
[2026-01-26T07:01:25.625+0000][66][info ][gc,phases   ] GC(392)   Merge Heap Roots: 0.2ms
[2026-01-26T07:01:25.626+0000][66][info ][gc,phases   ] GC(392)   Evacuate Collection Set: 8.0ms
[2026-01-26T07:01:25.626+0000][66][info ][gc,phases   ] GC(392)   Post Evacuate Collection Set: 1.2ms
[2026-01-26T07:01:25.627+0000][66][info ][gc,phases   ] GC(392)   Other: 0.8ms
[2026-01-26T07:01:25.627+0000][66][trace][gc,age      ] GC(392) Age table with threshold 15 (max threshold 15)
[2026-01-26T07:01:25.627+0000][66][trace][gc,age      ] GC(392) - age   1:   20442904 bytes,   20442904 total
[2026-01-26T07:01:25.628+0000][66][trace][gc,age      ] GC(392) - age   2:    6191888 bytes,   26634792 total
[2026-01-26T07:01:25.628+0000][66][trace][gc,age      ] GC(392) - age   3:     259552 bytes,   26894344 total
[2026-01-26T07:01:25.628+0000][66][trace][gc,age      ] GC(392) - age   4:      90592 bytes,   26984936 total
[2026-01-26T07:01:25.629+0000][66][trace][gc,age      ] GC(392) - age   5:       5744 bytes,   26990680 total
[2026-01-26T07:01:25.629+0000][66][trace][gc,age      ] GC(392) - age   6:      23464 bytes,   27014144 total
[2026-01-26T07:01:25.629+0000][66][trace][gc,age      ] GC(392) - age   7:     173144 bytes,   27187288 total
[2026-01-26T07:01:25.630+0000][66][trace][gc,age      ] GC(392) - age   8:        336 bytes,   27187624 total
[2026-01-26T07:01:25.630+0000][66][trace][gc,age      ] GC(392) - age  12:      81024 bytes,   27268648 total
[2026-01-26T07:01:25.630+0000][66][trace][gc,age      ] GC(392) - age  13:     244760 bytes,   27513408 total
[2026-01-26T07:01:25.631+0000][66][trace][gc,age      ] GC(392) - age  14:       9040 bytes,   27522448 total
[2026-01-26T07:01:25.631+0000][66][trace][gc,age      ] GC(392) - age  15:       1408 bytes,   27523856 total
[2026-01-26T07:01:25.631+0000][66][info ][gc,heap     ] GC(392) Eden regions: 148->0(140)
[2026-01-26T07:01:25.631+0000][66][info ][gc,heap     ] GC(392) Survivor regions: 4->8(19)
[2026-01-26T07:01:25.631+0000][66][info ][gc,heap     ] GC(392) Old regions: 73->73
[2026-01-26T07:01:25.632+0000][66][info ][gc,heap     ] GC(392) Humongous regions: 0->0
[2026-01-26T07:01:25.632+0000][66][info ][gc,metaspace] GC(392) Metaspace: 133403K(136832K)->133403K(136832K) NonClass: 115632K(117440K)->115632K(117440K) Class: 17770K(19392K)->17770K(19392K)
[2026-01-26T07:01:25.632+0000][66][info ][gc          ] GC(392) Pause Young (Normal) (G1 Evacuation Pause) 894M->318M(1024M) 18.175ms
[2026-01-26T07:01:25.632+0000][66][info ][gc,cpu      ] GC(392) User=0.04s Sys=0.00s Real=0.02s
[2026-01-26T07:01:25.633+0000][66][info ][safepoint   ] Safepoint "G1CollectForAllocation", Time since last: 4972821232 ns, Reaching safepoint: 18201 ns, Cleanup: 4300 ns, At safepoint: 18725488 ns, Total: 18747989 ns
[2026-01-26T07:01:30.285+0000][66][info ][gc,start    ] GC(393) Pause Young (Normal) (G1 Evacuation Pause)
[2026-01-26T07:01:30.286+0000][66][info ][gc,task     ] GC(393) Using 6 workers of 6 for evacuation
[2026-01-26T07:01:30.286+0000][66][debug][gc,age      ] GC(393) Desired survivor size 39845888 bytes, new threshold 15 (max threshold 15)
[2026-01-26T07:01:30.299+0000][66][info ][gc,phases   ] GC(393)   Pre Evacuate Collection Set: 0.4ms
[2026-01-26T07:01:30.300+0000][66][info ][gc,phases   ] GC(393)   Merge Heap Roots: 0.2ms
[2026-01-26T07:01:30.300+0000][66][info ][gc,phases   ] GC(393)   Evacuate Collection Set: 10.6ms
[2026-01-26T07:01:30.300+0000][66][info ][gc,phases   ] GC(393)   Post Evacuate Collection Set: 1.2ms
[2026-01-26T07:01:30.301+0000][66][info ][gc,phases   ] GC(393)   Other: 0.9ms
[2026-01-26T07:01:30.301+0000][66][trace][gc,age      ] GC(393) Age table with threshold 15 (max threshold 15)
[2026-01-26T07:01:30.301+0000][66][trace][gc,age      ] GC(393) - age   1:   21180536 bytes,   21180536 total
[2026-01-26T07:01:30.302+0000][66][trace][gc,age      ] GC(393) - age   2:   12633696 bytes,   33814232 total
[2026-01-26T07:01:30.302+0000][66][trace][gc,age      ] GC(393) - age   3:    6191888 bytes,   40006120 total
[2026-01-26T07:01:30.302+0000][66][trace][gc,age      ] GC(393) - age   4:     259552 bytes,   40265672 total
[2026-01-26T07:01:30.303+0000][66][trace][gc,age      ] GC(393) - age   5:      90592 bytes,   40356264 total
[2026-01-26T07:01:30.303+0000][66][trace][gc,age      ] GC(393) - age   6:       5744 bytes,   40362008 total
[2026-01-26T07:01:30.303+0000][66][trace][gc,age      ] GC(393) - age   7:      23288 bytes,   40385296 total
[2026-01-26T07:01:30.304+0000][66][trace][gc,age      ] GC(393) - age   8:     173144 bytes,   40558440 total
[2026-01-26T07:01:30.304+0000][66][trace][gc,age      ] GC(393) - age   9:        336 bytes,   40558776 total
[2026-01-26T07:01:30.304+0000][66][trace][gc,age      ] GC(393) - age  13:      81024 bytes,   40639800 total
[2026-01-26T07:01:30.305+0000][66][trace][gc,age      ] GC(393) - age  14:     244760 bytes,   40884560 total
[2026-01-26T07:01:30.305+0000][66][trace][gc,age      ] GC(393) - age  15:       9040 bytes,   40893600 total
[2026-01-26T07:01:30.305+0000][66][info ][gc,heap     ] GC(393) Eden regions: 140->0(134)
[2026-01-26T07:01:30.306+0000][66][info ][gc,heap     ] GC(393) Survivor regions: 8->11(19)
[2026-01-26T07:01:30.306+0000][66][info ][gc,heap     ] GC(393) Old regions: 73->73
[2026-01-26T07:01:30.306+0000][66][info ][gc,heap     ] GC(393) Humongous regions: 0->0
[2026-01-26T07:01:30.307+0000][66][info ][gc,metaspace] GC(393) Metaspace: 133403K(136832K)->133403K(136832K) NonClass: 115632K(117440K)->115632K(117440K) Class: 17770K(19392K)->17770K(19392K)
[2026-01-26T07:01:30.307+0000][66][info ][gc          ] GC(393) Pause Young (Normal) (G1 Evacuation Pause) 878M->333M(1024M) 21.768ms
[2026-01-26T07:01:30.307+0000][66][info ][gc,cpu      ] GC(393) User=0.05s Sys=0.00s Real=0.02s
[2026-01-26T07:01:30.308+0000][66][info ][safepoint   ] Safepoint "G1CollectForAllocation", Time since last: 4652508153 ns, Reaching safepoint: 41703 ns, Cleanup: 4600 ns, At safepoint: 22516249 ns, Total: 22562552 ns
[2026-01-26T07:01:31.929+0000][66][info ][safepoint   ] Safepoint "Cleanup", Time since last: 1623427477 ns, Reaching safepoint: 129909 ns, Cleanup: 13801 ns, At safepoint: 43803 ns, Total: 187513 ns
[2026-01-26T07:01:32.872+0000][66][info ][gc,start    ] GC(394) Pause Young (Normal) (G1 Evacuation Pause)
[2026-01-26T07:01:32.872+0000][66][info ][gc,task     ] GC(394) Using 6 workers of 6 for evacuation
[2026-01-26T07:01:32.873+0000][66][debug][gc,age      ] GC(394) Desired survivor size 39845888 bytes, new threshold 3 (max threshold 15)
[2026-01-26T07:01:32.890+0000][66][info ][gc,phases   ] GC(394)   Pre Evacuate Collection Set: 0.3ms
[2026-01-26T07:01:32.891+0000][66][info ][gc,phases   ] GC(394)   Merge Heap Roots: 0.2ms
[2026-01-26T07:01:32.891+0000][66][info ][gc,phases   ] GC(394)   Evacuate Collection Set: 15.2ms
[2026-01-26T07:01:32.892+0000][66][info ][gc,phases   ] GC(394)   Post Evacuate Collection Set: 1.4ms
[2026-01-26T07:01:32.892+0000][66][info ][gc,phases   ] GC(394)   Other: 0.6ms
[2026-01-26T07:01:32.892+0000][66][trace][gc,age      ] GC(394) Age table with threshold 3 (max threshold 15)
[2026-01-26T07:01:32.893+0000][66][trace][gc,age      ] GC(394) - age   1:    9915216 bytes,    9915216 total
[2026-01-26T07:01:32.893+0000][66][trace][gc,age      ] GC(394) - age   2:   16558152 bytes,   26473368 total
[2026-01-26T07:01:32.894+0000][66][trace][gc,age      ] GC(394) - age   3:   10794192 bytes,   37267560 total
[2026-01-26T07:01:32.894+0000][66][info ][gc,heap     ] GC(394) Eden regions: 134->0(135)
[2026-01-26T07:01:32.894+0000][66][info ][gc,heap     ] GC(394) Survivor regions: 11->10(19)
[2026-01-26T07:01:32.895+0000][66][info ][gc,heap     ] GC(394) Old regions: 73->74
[2026-01-26T07:01:32.895+0000][66][info ][gc,heap     ] GC(394) Humongous regions: 0->0
[2026-01-26T07:01:32.896+0000][66][info ][gc,metaspace] GC(394) Metaspace: 133403K(136832K)->133403K(136832K) NonClass: 115632K(117440K)->115632K(117440K) Class: 17770K(19392K)->17770K(19392K)
[2026-01-26T07:01:32.896+0000][66][info ][gc          ] GC(394) Pause Young (Normal) (G1 Evacuation Pause) 869M->335M(1024M) 23.782ms
[2026-01-26T07:01:32.896+0000][66][info ][gc,cpu      ] GC(394) User=0.07s Sys=0.00s Real=0.02s
[2026-01-26T07:01:32.897+0000][66][info ][safepoint   ] Safepoint "G1CollectForAllocation", Time since last: 943036429 ns, Reaching safepoint: 434118 ns, Cleanup: 5600 ns, At safepoint: 24662232 ns, Total: 25101950 ns
[2026-01-26T07:01:37.037+0000][66][info ][safepoint   ] Safepoint "Cleanup", Time since last: 4140194863 ns, Reaching safepoint: 34401 ns, Cleanup: 7400 ns, At safepoint: 51403 ns, Total: 93204 ns
[2026-01-26T07:01:37.276+0000][66][info ][gc,start    ] GC(395) Pause Young (Normal) (G1 Evacuation Pause)
[2026-01-26T07:01:37.276+0000][66][info ][gc,task     ] GC(395) Using 6 workers of 6 for evacuation
[2026-01-26T07:01:37.277+0000][66][debug][gc,age      ] GC(395) Desired survivor size 39845888 bytes, new threshold 15 (max threshold 15)
[2026-01-26T07:01:37.292+0000][66][info ][gc,phases   ] GC(395)   Pre Evacuate Collection Set: 0.4ms
[2026-01-26T07:01:37.292+0000][66][info ][gc,phases   ] GC(395)   Merge Heap Roots: 0.2ms
[2026-01-26T07:01:37.293+0000][66][info ][gc,phases   ] GC(395)   Evacuate Collection Set: 12.3ms
[2026-01-26T07:01:37.293+0000][66][info ][gc,phases   ] GC(395)   Post Evacuate Collection Set: 1.4ms
[2026-01-26T07:01:37.293+0000][66][info ][gc,phases   ] GC(395)   Other: 1.0ms
[2026-01-26T07:01:37.294+0000][66][trace][gc,age      ] GC(395) Age table with threshold 15 (max threshold 15)
[2026-01-26T07:01:37.294+0000][66][trace][gc,age      ] GC(395) - age   1:   11870440 bytes,   11870440 total
[2026-01-26T07:01:37.295+0000][66][trace][gc,age      ] GC(395) - age   2:    1371032 bytes,   13241472 total
[2026-01-26T07:01:37.295+0000][66][trace][gc,age      ] GC(395) - age   3:   16558152 bytes,   29799624 total
[2026-01-26T07:01:37.295+0000][66][trace][gc,age      ] GC(395) - age   4:   10794016 bytes,   40593640 total
[2026-01-26T07:01:37.296+0000][66][info ][gc,heap     ] GC(395) Eden regions: 135->0(133)
[2026-01-26T07:01:37.296+0000][66][info ][gc,heap     ] GC(395) Survivor regions: 10->11(19)
[2026-01-26T07:01:37.296+0000][66][info ][gc,heap     ] GC(395) Old regions: 74->74
[2026-01-26T07:01:37.297+0000][66][info ][gc,heap     ] GC(395) Humongous regions: 0->0
[2026-01-26T07:01:37.297+0000][66][info ][gc,metaspace] GC(395) Metaspace: 133403K(136832K)->133403K(136832K) NonClass: 115632K(117440K)->115632K(117440K) Class: 17770K(19392K)->17770K(19392K)
[2026-01-26T07:01:37.298+0000][66][info ][gc          ] GC(395) Pause Young (Normal) (G1 Evacuation Pause) 875M->338M(1024M) 21.781ms
[2026-01-26T07:01:37.298+0000][66][info ][gc,cpu      ] GC(395) User=0.07s Sys=0.00s Real=0.03s
[2026-01-26T07:01:37.298+0000][66][info ][safepoint   ] Safepoint "G1CollectForAllocation", Time since last: 238597979 ns, Reaching safepoint: 18401 ns, Cleanup: 4900 ns, At safepoint: 22698049 ns, Total: 22721350 ns
[2026-01-26T07:01:39.299+0000][66][info ][safepoint   ] Safepoint "Cleanup", Time since last: 2000753881 ns, Reaching safepoint: 123306 ns, Cleanup: 12500 ns, At safepoint: 36302 ns, Total: 172108 ns
[2026-01-26T07:01:41.847+0000][66][info ][gc,start    ] GC(396) Pause Young (Normal) (G1 Evacuation Pause)
[2026-01-26T07:01:41.848+0000][66][info ][gc,task     ] GC(396) Using 6 workers of 6 for evacuation
[2026-01-26T07:01:41.848+0000][66][debug][gc,age      ] GC(396) Desired survivor size 37748736 bytes, new threshold 4 (max threshold 15)
[2026-01-26T07:01:41.870+0000][66][info ][gc,phases   ] GC(396)   Pre Evacuate Collection Set: 0.4ms
[2026-01-26T07:01:41.871+0000][66][info ][gc,phases   ] GC(396)   Merge Heap Roots: 0.1ms
[2026-01-26T07:01:41.871+0000][66][info ][gc,phases   ] GC(396)   Evacuate Collection Set: 19.6ms
[2026-01-26T07:01:41.871+0000][66][info ][gc,phases   ] GC(396)   Post Evacuate Collection Set: 1.3ms
[2026-01-26T07:01:41.872+0000][66][info ][gc,phases   ] GC(396)   Other: 1.0ms
[2026-01-26T07:01:41.872+0000][66][trace][gc,age      ] GC(396) Age table with threshold 4 (max threshold 15)
[2026-01-26T07:01:41.873+0000][66][trace][gc,age      ] GC(396) - age   1:   17111032 bytes,   17111032 total
[2026-01-26T07:01:41.873+0000][66][trace][gc,age      ] GC(396) - age   2:    2436128 bytes,   19547160 total
[2026-01-26T07:01:41.873+0000][66][trace][gc,age      ] GC(396) - age   3:      23800 bytes,   19570960 total
[2026-01-26T07:01:41.874+0000][66][trace][gc,age      ] GC(396) - age   4:   16558152 bytes,   36129112 total
[2026-01-26T07:01:41.874+0000][66][info ][gc,heap     ] GC(396) Eden regions: 133->0(132)
[2026-01-26T07:01:41.875+0000][66][info ][gc,heap     ] GC(396) Survivor regions: 11->10(18)
[2026-01-26T07:01:41.875+0000][66][info ][gc,heap     ] GC(396) Old regions: 74->77
[2026-01-26T07:01:41.875+0000][66][info ][gc,heap     ] GC(396) Humongous regions: 0->0
[2026-01-26T07:01:41.875+0000][66][info ][gc,metaspace] GC(396) Metaspace: 133403K(136832K)->133403K(136832K) NonClass: 115633K(117440K)->115633K(117440K) Class: 17770K(19392K)->17770K(19392K)
[2026-01-26T07:01:41.876+0000][66][info ][gc          ] GC(396) Pause Young (Normal) (G1 Evacuation Pause) 870M->344M(1024M) 28.403ms
[2026-01-26T07:01:41.876+0000][66][info ][gc,cpu      ] GC(396) User=0.11s Sys=0.01s Real=0.02s
[2026-01-26T07:01:41.876+0000][66][info ][safepoint   ] Safepoint "G1CollectForAllocation", Time since last: 2547971435 ns, Reaching safepoint: 17601 ns, Cleanup: 4601 ns, At safepoint: 29092938 ns, Total: 29115140 ns
[2026-01-26T07:01:45.700+0000][66][info ][gc,start    ] GC(397) Pause Young (Concurrent Start) (G1 Evacuation Pause)
[2026-01-26T07:01:45.701+0000][66][info ][gc,task     ] GC(397) Using 6 workers of 6 for evacuation
[2026-01-26T07:01:45.701+0000][66][debug][gc,age      ] GC(397) Desired survivor size 37748736 bytes, new threshold 15 (max threshold 15)
[2026-01-26T07:01:45.711+0000][66][info ][gc,phases   ] GC(397)   Pre Evacuate Collection Set: 0.9ms
[2026-01-26T07:01:45.712+0000][66][info ][gc,phases   ] GC(397)   Merge Heap Roots: 0.1ms
[2026-01-26T07:01:45.712+0000][66][info ][gc,phases   ] GC(397)   Evacuate Collection Set: 7.8ms
[2026-01-26T07:01:45.712+0000][66][info ][gc,phases   ] GC(397)   Post Evacuate Collection Set: 1.0ms
[2026-01-26T07:01:45.712+0000][66][info ][gc,phases   ] GC(397)   Other: 1.1ms
[2026-01-26T07:01:45.713+0000][66][trace][gc,age      ] GC(397) Age table with threshold 15 (max threshold 15)
[2026-01-26T07:01:45.713+0000][66][trace][gc,age      ] GC(397) - age   1:    8082328 bytes,    8082328 total
[2026-01-26T07:01:45.713+0000][66][trace][gc,age      ] GC(397) - age   2:     219704 bytes,    8302032 total
[2026-01-26T07:01:45.714+0000][66][trace][gc,age      ] GC(397) - age   3:      98088 bytes,    8400120 total
[2026-01-26T07:01:45.714+0000][66][trace][gc,age      ] GC(397) - age   4:      23552 bytes,    8423672 total
[2026-01-26T07:01:45.715+0000][66][trace][gc,age      ] GC(397) - age   5:   16558152 bytes,   24981824 total
[2026-01-26T07:01:45.715+0000][66][info ][gc,heap     ] GC(397) Eden regions: 132->0(138)
[2026-01-26T07:01:45.715+0000][66][info ][gc,heap     ] GC(397) Survivor regions: 10->7(18)
[2026-01-26T07:01:45.716+0000][66][info ][gc,heap     ] GC(397) Old regions: 77->77
[2026-01-26T07:01:45.716+0000][66][info ][gc,heap     ] GC(397) Humongous regions: 0->0
[2026-01-26T07:01:45.716+0000][66][info ][gc,metaspace] GC(397) Metaspace: 133403K(136832K)->133403K(136832K) NonClass: 115633K(117440K)->115633K(117440K) Class: 17770K(19392K)->17770K(19392K)
[2026-01-26T07:01:45.717+0000][66][info ][gc          ] GC(397) Pause Young (Concurrent Start) (G1 Evacuation Pause) 872M->333M(1024M) 16.690ms
[2026-01-26T07:01:45.717+0000][66][info ][gc,cpu      ] GC(397) User=0.04s Sys=0.00s Real=0.02s
[2026-01-26T07:01:45.718+0000][66][info ][safepoint   ] Safepoint "G1CollectForAllocation", Time since last: 3823589650 ns, Reaching safepoint: 15701 ns, Cleanup: 4000 ns, At safepoint: 17666942 ns, Total: 17686643 ns
[2026-01-26T07:01:45.717+0000][66][info ][gc          ] GC(398) Concurrent Mark Cycle
[2026-01-26T07:01:45.719+0000][66][info ][gc,marking  ] GC(398) Concurrent Scan Root Regions
[2026-01-26T07:01:45.723+0000][66][info ][gc,marking  ] GC(398) Concurrent Scan Root Regions 4.499ms
[2026-01-26T07:01:45.724+0000][66][info ][gc,marking  ] GC(398) Concurrent Mark
[2026-01-26T07:01:45.724+0000][66][info ][gc,marking  ] GC(398) Concurrent Mark From Roots
[2026-01-26T07:01:45.724+0000][66][info ][gc,task     ] GC(398) Using 2 workers of 2 for marking
[2026-01-26T07:01:45.850+0000][66][info ][gc,marking  ] GC(398) Concurrent Mark From Roots 125.577ms
[2026-01-26T07:01:45.854+0000][66][info ][gc,marking  ] GC(398) Concurrent Preclean
[2026-01-26T07:01:45.855+0000][66][info ][gc,marking  ] GC(398) Concurrent Preclean 1.542ms
[2026-01-26T07:01:45.856+0000][66][info ][gc,start    ] GC(398) Pause Remark
[2026-01-26T07:01:45.972+0000][66][info ][gc          ] GC(398) Pause Remark 359M->315M(1024M) 115.339ms
[2026-01-26T07:01:45.972+0000][66][info ][gc,cpu      ] GC(398) User=0.24s Sys=0.02s Real=0.12s
[2026-01-26T07:01:45.972+0000][66][info ][safepoint   ] Safepoint "G1PauseRemark", Time since last: 138257464 ns, Reaching safepoint: 202518 ns, Cleanup: 7301 ns, At safepoint: 116328351 ns, Total: 116538170 ns
[2026-01-26T07:01:45.973+0000][66][info ][gc,marking  ] GC(398) Concurrent Mark 249.443ms
[2026-01-26T07:01:45.973+0000][66][info ][gc,marking  ] GC(398) Concurrent Rebuild Remembered Sets and Scrub Regions
[2026-01-26T07:01:46.027+0000][66][info ][gc,marking  ] GC(398) Concurrent Rebuild Remembered Sets and Scrub Regions 53.229ms
[2026-01-26T07:01:46.027+0000][66][info ][gc,start    ] GC(398) Pause Cleanup
[2026-01-26T07:01:46.028+0000][66][info ][gc          ] GC(398) Pause Cleanup 321M->321M(1024M) 0.661ms
[2026-01-26T07:01:46.028+0000][66][info ][gc,cpu      ] GC(398) User=0.00s Sys=0.00s Real=0.00s
[2026-01-26T07:01:46.029+0000][66][info ][safepoint   ] Safepoint "G1PauseCleanup", Time since last: 54537959 ns, Reaching safepoint: 13601 ns, Cleanup: 65806 ns, At safepoint: 1445126 ns, Total: 1524533 ns
[2026-01-26T07:01:46.029+0000][66][info ][gc,marking  ] GC(398) Concurrent Clear Claimed Marks
[2026-01-26T07:01:46.029+0000][66][info ][gc,marking  ] GC(398) Concurrent Clear Claimed Marks 0.548ms
[2026-01-26T07:01:46.030+0000][66][info ][gc,marking  ] GC(398) Concurrent Cleanup for Next Mark
[2026-01-26T07:01:46.066+0000][66][info ][gc,marking  ] GC(398) Concurrent Cleanup for Next Mark 36.746ms
[2026-01-26T07:01:46.067+0000][66][info ][gc          ] GC(398) Concurrent Mark Cycle 349.575ms
[2026-01-26T07:01:47.029+0000][66][info ][safepoint   ] Safepoint "Cleanup", Time since last: 1000535407 ns, Reaching safepoint: 119711 ns, Cleanup: 9900 ns, At safepoint: 33503 ns, Total: 163114 ns
[2026-01-26T07:01:50.571+0000][66][info ][gc,start    ] GC(399) Pause Young (Prepare Mixed) (G1 Evacuation Pause)
[2026-01-26T07:01:50.571+0000][66][info ][gc,task     ] GC(399) Using 6 workers of 6 for evacuation
[2026-01-26T07:01:50.572+0000][66][debug][gc,age      ] GC(399) Desired survivor size 39845888 bytes, new threshold 15 (max threshold 15)
[2026-01-26T07:01:50.583+0000][66][info ][gc,phases   ] GC(399)   Pre Evacuate Collection Set: 0.5ms
[2026-01-26T07:01:50.583+0000][66][info ][gc,phases   ] GC(399)   Merge Heap Roots: 0.3ms
[2026-01-26T07:01:50.584+0000][66][info ][gc,phases   ] GC(399)   Evacuate Collection Set: 8.1ms
[2026-01-26T07:01:50.584+0000][66][info ][gc,phases   ] GC(399)   Post Evacuate Collection Set: 1.4ms
[2026-01-26T07:01:50.585+0000][66][info ][gc,phases   ] GC(399)   Other: 1.0ms
[2026-01-26T07:01:50.585+0000][66][trace][gc,age      ] GC(399) Age table with threshold 15 (max threshold 15)
[2026-01-26T07:01:50.586+0000][66][trace][gc,age      ] GC(399) - age   1:   18477200 bytes,   18477200 total
[2026-01-26T07:01:50.586+0000][66][trace][gc,age      ] GC(399) - age   2:    4498120 bytes,   22975320 total
[2026-01-26T07:01:50.587+0000][66][trace][gc,age      ] GC(399) - age   3:     218688 bytes,   23194008 total
[2026-01-26T07:01:50.587+0000][66][trace][gc,age      ] GC(399) - age   4:      98024 bytes,   23292032 total
[2026-01-26T07:01:50.588+0000][66][trace][gc,age      ] GC(399) - age   5:      21688 bytes,   23313720 total
[2026-01-26T07:01:50.588+0000][66][trace][gc,age      ] GC(399) - age   6:        208 bytes,   23313928 total
[2026-01-26T07:01:50.589+0000][66][info ][gc,heap     ] GC(399) Eden regions: 138->0(147)
[2026-01-26T07:01:50.589+0000][66][info ][gc,heap     ] GC(399) Survivor regions: 7->6(19)
[2026-01-26T07:01:50.589+0000][66][info ][gc,heap     ] GC(399) Old regions: 66->66
[2026-01-26T07:01:50.590+0000][66][info ][gc,heap     ] GC(399) Humongous regions: 0->0
[2026-01-26T07:01:50.590+0000][66][info ][gc,metaspace] GC(399) Metaspace: 130926K(136832K)->130926K(136832K) NonClass: 113776K(117440K)->113776K(117440K) Class: 17150K(19392K)->17150K(19392K)
[2026-01-26T07:01:50.591+0000][66][info ][gc          ] GC(399) Pause Young (Prepare Mixed) (G1 Evacuation Pause) 841M->286M(1024M) 19.703ms
[2026-01-26T07:01:50.591+0000][66][info ][gc,cpu      ] GC(399) User=0.04s Sys=0.01s Real=0.02s
[2026-01-26T07:01:50.591+0000][66][info ][safepoint   ] Safepoint "G1CollectForAllocation", Time since last: 3541543073 ns, Reaching safepoint: 17402 ns, Cleanup: 4200 ns, At safepoint: 20638370 ns, Total: 20659972 ns
[2026-01-26T07:01:52.593+0000][66][info ][safepoint   ] Safepoint "Cleanup", Time since last: 2000778935 ns, Reaching safepoint: 221718 ns, Cleanup: 17102 ns, At safepoint: 36103 ns, Total: 274923 ns
[2026-01-26T07:01:54.593+0000][66][info ][safepoint   ] Safepoint "Cleanup", Time since last: 2000751933 ns, Reaching safepoint: 18501 ns, Cleanup: 12301 ns, At safepoint: 3900 ns, Total: 34702 ns
[2026-01-26T07:01:55.409+0000][66][info ][gc,start    ] GC(400) Pause Young (Mixed) (G1 Evacuation Pause)
[2026-01-26T07:01:55.410+0000][66][info ][gc,task     ] GC(400) Using 6 workers of 6 for evacuation
[2026-01-26T07:01:55.410+0000][66][debug][gc,age      ] GC(400) Desired survivor size 41943040 bytes, new threshold 15 (max threshold 15)
[2026-01-26T07:01:55.435+0000][66][info ][gc,phases   ] GC(400)   Pre Evacuate Collection Set: 0.4ms
[2026-01-26T07:01:55.436+0000][66][info ][gc,phases   ] GC(400)   Merge Heap Roots: 0.2ms
[2026-01-26T07:01:55.436+0000][66][info ][gc,phases   ] GC(400)   Evacuate Collection Set: 20.1ms
[2026-01-26T07:01:55.437+0000][66][info ][gc,phases   ] GC(400)   Post Evacuate Collection Set: 4.1ms
[2026-01-26T07:01:55.437+0000][66][info ][gc,phases   ] GC(400)   Other: 0.8ms
[2026-01-26T07:01:55.438+0000][66][trace][gc,age      ] GC(400) Age table with threshold 15 (max threshold 15)
[2026-01-26T07:01:55.439+0000][66][trace][gc,age      ] GC(400) - age   1:   23090360 bytes,   23090360 total
[2026-01-26T07:01:55.439+0000][66][trace][gc,age      ] GC(400) - age   2:   10480288 bytes,   33570648 total
[2026-01-26T07:01:55.440+0000][66][trace][gc,age      ] GC(400) - age   3:    4319304 bytes,   37889952 total
[2026-01-26T07:01:55.440+0000][66][trace][gc,age      ] GC(400) - age   4:     218136 bytes,   38108088 total
[2026-01-26T07:01:55.441+0000][66][trace][gc,age      ] GC(400) - age   5:      98024 bytes,   38206112 total
[2026-01-26T07:01:55.441+0000][66][trace][gc,age      ] GC(400) - age   6:      21088 bytes,   38227200 total
[2026-01-26T07:01:55.442+0000][66][trace][gc,age      ] GC(400) - age   7:        208 bytes,   38227408 total
[2026-01-26T07:01:55.442+0000][66][info ][gc,heap     ] GC(400) Eden regions: 147->0(142)
[2026-01-26T07:01:55.443+0000][66][info ][gc,heap     ] GC(400) Survivor regions: 6->11(20)
[2026-01-26T07:01:55.443+0000][66][info ][gc,heap     ] GC(400) Old regions: 66->42
[2026-01-26T07:01:55.444+0000][66][info ][gc,heap     ] GC(400) Humongous regions: 0->0
[2026-01-26T07:01:55.444+0000][66][info ][gc,metaspace] GC(400) Metaspace: 130926K(136832K)->130926K(136832K) NonClass: 113776K(117440K)->113776K(117440K) Class: 17150K(19392K)->17150K(19392K)
[2026-01-26T07:01:55.444+0000][66][info ][gc          ] GC(400) Pause Young (Mixed) (G1 Evacuation Pause) 874M->207M(1024M) 34.688ms
[2026-01-26T07:01:55.444+0000][66][info ][gc,cpu      ] GC(400) User=0.06s Sys=0.00s Real=0.03s
[2026-01-26T07:01:55.445+0000][66][info ][safepoint   ] Safepoint "G1CollectForAllocation", Time since last: 816037347 ns, Reaching safepoint: 18902 ns, Cleanup: 5400 ns, At safepoint: 35550177 ns, Total: 35574479 ns
[2026-01-26T07:01:58.970+0000][66][info ][gc,start    ] GC(401) Pause Young (Normal) (G1 Evacuation Pause)
[2026-01-26T07:01:58.970+0000][66][info ][gc,task     ] GC(401) Using 6 workers of 6 for evacuation
[2026-01-26T07:01:58.971+0000][66][debug][gc,age      ] GC(401) Desired survivor size 41943040 bytes, new threshold 15 (max threshold 15)
[2026-01-26T07:01:58.978+0000][66][info ][gc,phases   ] GC(401)   Pre Evacuate Collection Set: 0.5ms
[2026-01-26T07:01:58.979+0000][66][info ][gc,phases   ] GC(401)   Merge Heap Roots: 0.2ms
[2026-01-26T07:01:58.979+0000][66][info ][gc,phases   ] GC(401)   Evacuate Collection Set: 4.8ms
[2026-01-26T07:01:58.979+0000][66][info ][gc,phases   ] GC(401)   Post Evacuate Collection Set: 1.4ms
[2026-01-26T07:01:58.980+0000][66][info ][gc,phases   ] GC(401)   Other: 1.1ms
[2026-01-26T07:01:58.980+0000][66][trace][gc,age      ] GC(401) Age table with threshold 15 (max threshold 15)
[2026-01-26T07:01:58.981+0000][66][trace][gc,age      ] GC(401) - age   1:   11454360 bytes,   11454360 total
[2026-01-26T07:01:58.981+0000][66][trace][gc,age      ] GC(401) - age   2:       2136 bytes,   11456496 total
[2026-01-26T07:01:58.982+0000][66][trace][gc,age      ] GC(401) - age   3:       2336 bytes,   11458832 total
[2026-01-26T07:01:58.982+0000][66][trace][gc,age      ] GC(401) - age   4:      84152 bytes,   11542984 total
[2026-01-26T07:01:58.982+0000][66][trace][gc,age      ] GC(401) - age   5:     216088 bytes,   11759072 total
[2026-01-26T07:01:58.983+0000][66][trace][gc,age      ] GC(401) - age   6:      95976 bytes,   11855048 total
[2026-01-26T07:01:58.983+0000][66][trace][gc,age      ] GC(401) - age   7:      21064 bytes,   11876112 total
[2026-01-26T07:01:58.984+0000][66][trace][gc,age      ] GC(401) - age   8:         32 bytes,   11876144 total
[2026-01-26T07:01:58.984+0000][66][info ][gc,heap     ] GC(401) Eden regions: 142->0(149)
[2026-01-26T07:01:58.984+0000][66][info ][gc,heap     ] GC(401) Survivor regions: 11->4(20)
[2026-01-26T07:01:58.985+0000][66][info ][gc,heap     ] GC(401) Old regions: 42->42
[2026-01-26T07:01:58.985+0000][66][info ][gc,heap     ] GC(401) Humongous regions: 0->0
[2026-01-26T07:01:58.986+0000][66][info ][gc,metaspace] GC(401) Metaspace: 130928K(136832K)->130928K(136832K) NonClass: 113777K(117440K)->113777K(117440K) Class: 17151K(19392K)->17151K(19392K)
[2026-01-26T07:01:58.986+0000][66][info ][gc          ] GC(401) Pause Young (Normal) (G1 Evacuation Pause) 775M->180M(1024M) 16.630ms
[2026-01-26T07:01:58.987+0000][66][info ][gc,cpu      ] GC(401) User=0.02s Sys=0.00s Real=0.02s
[2026-01-26T07:01:58.987+0000][66][info ][safepoint   ] Safepoint "G1CollectForAllocation", Time since last: 3524089152 ns, Reaching safepoint: 504836 ns, Cleanup: 5801 ns, At safepoint: 17619377 ns, Total: 18130014 ns
[2026-01-26T07:02:03.869+0000][66][info ][gc,start    ] GC(402) Pause Young (Normal) (G1 Evacuation Pause)
[2026-01-26T07:02:03.870+0000][66][info ][gc,task     ] GC(402) Using 6 workers of 6 for evacuation
[2026-01-26T07:02:03.870+0000][66][debug][gc,age      ] GC(402) Desired survivor size 41943040 bytes, new threshold 15 (max threshold 15)
[2026-01-26T07:02:03.882+0000][66][info ][gc,phases   ] GC(402)   Pre Evacuate Collection Set: 0.4ms
[2026-01-26T07:02:03.882+0000][66][info ][gc,phases   ] GC(402)   Merge Heap Roots: 0.2ms
[2026-01-26T07:02:03.883+0000][66][info ][gc,phases   ] GC(402)   Evacuate Collection Set: 8.6ms
[2026-01-26T07:02:03.883+0000][66][info ][gc,phases   ] GC(402)   Post Evacuate Collection Set: 1.6ms
[2026-01-26T07:02:03.884+0000][66][info ][gc,phases   ] GC(402)   Other: 1.0ms
[2026-01-26T07:02:03.885+0000][66][trace][gc,age      ] GC(402) Age table with threshold 15 (max threshold 15)
[2026-01-26T07:02:03.885+0000][66][trace][gc,age      ] GC(402) - age   1:   19603936 bytes,   19603936 total
[2026-01-26T07:02:03.886+0000][66][trace][gc,age      ] GC(402) - age   2:    6834312 bytes,   26438248 total
[2026-01-26T07:02:03.886+0000][66][trace][gc,age      ] GC(402) - age   3:       1400 bytes,   26439648 total
[2026-01-26T07:02:03.887+0000][66][trace][gc,age      ] GC(402) - age   4:       2272 bytes,   26441920 total
[2026-01-26T07:02:03.887+0000][66][trace][gc,age      ] GC(402) - age   5:      84152 bytes,   26526072 total
[2026-01-26T07:02:03.888+0000][66][trace][gc,age      ] GC(402) - age   6:     215592 bytes,   26741664 total
[2026-01-26T07:02:03.888+0000][66][trace][gc,age      ] GC(402) - age   7:      95976 bytes,   26837640 total
[2026-01-26T07:02:03.889+0000][66][trace][gc,age      ] GC(402) - age   8:      19408 bytes,   26857048 total
[2026-01-26T07:02:03.889+0000][66][trace][gc,age      ] GC(402) - age   9:         32 bytes,   26857080 total
[2026-01-26T07:02:03.890+0000][66][info ][gc,heap     ] GC(402) Eden regions: 149->0(146)
[2026-01-26T07:02:03.890+0000][66][info ][gc,heap     ] GC(402) Survivor regions: 4->7(20)
[2026-01-26T07:02:03.891+0000][66][info ][gc,heap     ] GC(402) Old regions: 42->42
[2026-01-26T07:02:03.891+0000][66][info ][gc,heap     ] GC(402) Humongous regions: 0->0
[2026-01-26T07:02:03.892+0000][66][info ][gc,metaspace] GC(402) Metaspace: 130928K(136832K)->130928K(136832K) NonClass: 113777K(117440K)->113777K(117440K) Class: 17151K(19392K)->17151K(19392K)
[2026-01-26T07:02:03.892+0000][66][info ][gc          ] GC(402) Pause Young (Normal) (G1 Evacuation Pause) 776M->193M(1024M) 22.869ms
[2026-01-26T07:02:03.893+0000][66][info ][gc,cpu      ] GC(402) User=0.05s Sys=0.00s Real=0.02s
[2026-01-26T07:02:03.893+0000][66][info ][safepoint   ] Safepoint "G1CollectForAllocation", Time since last: 4883856408 ns, Reaching safepoint: 302922 ns, Cleanup: 6900 ns, At safepoint: 24055945 ns, Total: 24365767 ns
[2026-01-26T07:02:06.029+0000][66][info ][gc,start    ] GC(403) Pause Young (Normal) (G1 Evacuation Pause)
[2026-01-26T07:02:06.029+0000][66][info ][gc,task     ] GC(403) Using 6 workers of 6 for evacuation
[2026-01-26T07:02:06.030+0000][66][debug][gc,age      ] GC(403) Desired survivor size 41943040 bytes, new threshold 15 (max threshold 15)
[2026-01-26T07:02:06.041+0000][66][info ][gc,phases   ] GC(403)   Pre Evacuate Collection Set: 0.4ms
[2026-01-26T07:02:06.042+0000][66][info ][gc,phases   ] GC(403)   Merge Heap Roots: 0.1ms
[2026-01-26T07:02:06.042+0000][66][info ][gc,phases   ] GC(403)   Evacuate Collection Set: 8.8ms
[2026-01-26T07:02:06.042+0000][66][info ][gc,phases   ] GC(403)   Post Evacuate Collection Set: 1.5ms
[2026-01-26T07:02:06.043+0000][66][info ][gc,phases   ] GC(403)   Other: 0.9ms
[2026-01-26T07:02:06.043+0000][66][trace][gc,age      ] GC(403) Age table with threshold 15 (max threshold 15)
[2026-01-26T07:02:06.043+0000][66][trace][gc,age      ] GC(403) - age   1:   11807920 bytes,   11807920 total
[2026-01-26T07:02:06.044+0000][66][trace][gc,age      ] GC(403) - age   2:   13128144 bytes,   24936064 total
[2026-01-26T07:02:06.044+0000][66][trace][gc,age      ] GC(403) - age   3:    6833216 bytes,   31769280 total
[2026-01-26T07:02:06.044+0000][66][trace][gc,age      ] GC(403) - age   4:       1224 bytes,   31770504 total
[2026-01-26T07:02:06.045+0000][66][trace][gc,age      ] GC(403) - age   5:       2272 bytes,   31772776 total
[2026-01-26T07:02:06.045+0000][66][trace][gc,age      ] GC(403) - age   6:      84152 bytes,   31856928 total
[2026-01-26T07:02:06.046+0000][66][trace][gc,age      ] GC(403) - age   7:     215592 bytes,   32072520 total
[2026-01-26T07:02:06.046+0000][66][trace][gc,age      ] GC(403) - age   8:      95976 bytes,   32168496 total
[2026-01-26T07:02:06.046+0000][66][trace][gc,age      ] GC(403) - age   9:      19408 bytes,   32187904 total
[2026-01-26T07:02:06.047+0000][66][trace][gc,age      ] GC(403) - age  10:         32 bytes,   32187936 total
[2026-01-26T07:02:06.047+0000][66][info ][gc,heap     ] GC(403) Eden regions: 146->0(144)
[2026-01-26T07:02:06.047+0000][66][info ][gc,heap     ] GC(403) Survivor regions: 7->9(20)
[2026-01-26T07:02:06.048+0000][66][info ][gc,heap     ] GC(403) Old regions: 42->42
[2026-01-26T07:02:06.048+0000][66][info ][gc,heap     ] GC(403) Humongous regions: 0->0
[2026-01-26T07:02:06.048+0000][66][info ][gc,metaspace] GC(403) Metaspace: 130928K(136832K)->130928K(136832K) NonClass: 113777K(117440K)->113777K(117440K) Class: 17151K(19392K)->17151K(19392K)
[2026-01-26T07:02:06.048+0000][66][info ][gc          ] GC(403) Pause Young (Normal) (G1 Evacuation Pause) 777M->200M(1024M) 19.532ms
[2026-01-26T07:02:06.049+0000][66][info ][gc,cpu      ] GC(403) User=0.04s Sys=0.00s Real=0.02s
[2026-01-26T07:02:06.049+0000][66][info ][safepoint   ] Safepoint "G1CollectForAllocation", Time since last: 2135397579 ns, Reaching safepoint: 157911 ns, Cleanup: 5600 ns, At safepoint: 20342075 ns, Total: 20505586 ns
[2026-01-26T07:02:08.427+0000][66][info ][gc,start    ] GC(404) Pause Young (Normal) (G1 Evacuation Pause)
[2026-01-26T07:02:08.428+0000][66][info ][gc,task     ] GC(404) Using 6 workers of 6 for evacuation
[2026-01-26T07:02:08.428+0000][66][debug][gc,age      ] GC(404) Desired survivor size 41943040 bytes, new threshold 15 (max threshold 15)
[2026-01-26T07:02:08.440+0000][66][info ][gc,phases   ] GC(404)   Pre Evacuate Collection Set: 0.4ms
[2026-01-26T07:02:08.440+0000][66][info ][gc,phases   ] GC(404)   Merge Heap Roots: 0.3ms
[2026-01-26T07:02:08.441+0000][66][info ][gc,phases   ] GC(404)   Evacuate Collection Set: 9.3ms
[2026-01-26T07:02:08.441+0000][66][info ][gc,phases   ] GC(404)   Post Evacuate Collection Set: 1.3ms
[2026-01-26T07:02:08.442+0000][66][info ][gc,phases   ] GC(404)   Other: 0.8ms
[2026-01-26T07:02:08.442+0000][66][trace][gc,age      ] GC(404) Age table with threshold 15 (max threshold 15)
[2026-01-26T07:02:08.442+0000][66][trace][gc,age      ] GC(404) - age   1:   13162976 bytes,   13162976 total
[2026-01-26T07:02:08.443+0000][66][trace][gc,age      ] GC(404) - age   2:    4372192 bytes,   17535168 total
[2026-01-26T07:02:08.443+0000][66][trace][gc,age      ] GC(404) - age   3:   12720048 bytes,   30255216 total
[2026-01-26T07:02:08.443+0000][66][trace][gc,age      ] GC(404) - age   4:    6833216 bytes,   37088432 total
[2026-01-26T07:02:08.444+0000][66][trace][gc,age      ] GC(404) - age   5:       1224 bytes,   37089656 total
[2026-01-26T07:02:08.444+0000][66][trace][gc,age      ] GC(404) - age   6:       1992 bytes,   37091648 total
[2026-01-26T07:02:08.444+0000][66][trace][gc,age      ] GC(404) - age   7:      84152 bytes,   37175800 total
[2026-01-26T07:02:08.445+0000][66][trace][gc,age      ] GC(404) - age   8:     212424 bytes,   37388224 total
[2026-01-26T07:02:08.445+0000][66][trace][gc,age      ] GC(404) - age   9:      95976 bytes,   37484200 total
[2026-01-26T07:02:08.445+0000][66][trace][gc,age      ] GC(404) - age  10:      19320 bytes,   37503520 total
[2026-01-26T07:02:08.446+0000][66][trace][gc,age      ] GC(404) - age  11:         32 bytes,   37503552 total
[2026-01-26T07:02:08.446+0000][66][info ][gc,heap     ] GC(404) Eden regions: 144->0(143)
[2026-01-26T07:02:08.446+0000][66][info ][gc,heap     ] GC(404) Survivor regions: 9->10(20)
[2026-01-26T07:02:08.447+0000][66][info ][gc,heap     ] GC(404) Old regions: 42->42
[2026-01-26T07:02:08.447+0000][66][info ][gc,heap     ] GC(404) Humongous regions: 0->0
[2026-01-26T07:02:08.447+0000][66][info ][gc,metaspace] GC(404) Metaspace: 130928K(136832K)->130928K(136832K) NonClass: 113777K(117440K)->113777K(117440K) Class: 17151K(19392K)->17151K(19392K)
[2026-01-26T07:02:08.448+0000][66][info ][gc          ] GC(404) Pause Young (Normal) (G1 Evacuation Pause) 776M->205M(1024M) 20.383ms
[2026-01-26T07:02:08.448+0000][66][info ][gc,cpu      ] GC(404) User=0.05s Sys=0.01s Real=0.02s
[2026-01-26T07:02:08.448+0000][66][info ][safepoint   ] Safepoint "G1CollectForAllocation", Time since last: 2378074836 ns, Reaching safepoint: 16402 ns, Cleanup: 4400 ns, At safepoint: 21123931 ns, Total: 21144733 ns
[2026-01-26T07:02:10.754+0000][66][info ][gc,start    ] GC(405) Pause Young (Normal) (G1 Evacuation Pause)
[2026-01-26T07:02:10.755+0000][66][info ][gc,task     ] GC(405) Using 6 workers of 6 for evacuation
[2026-01-26T07:02:10.755+0000][66][debug][gc,age      ] GC(405) Desired survivor size 41943040 bytes, new threshold 15 (max threshold 15)
[2026-01-26T07:02:10.772+0000][66][info ][gc,phases   ] GC(405)   Pre Evacuate Collection Set: 0.4ms
[2026-01-26T07:02:10.772+0000][66][info ][gc,phases   ] GC(405)   Merge Heap Roots: 0.3ms
[2026-01-26T07:02:10.772+0000][66][info ][gc,phases   ] GC(405)   Evacuate Collection Set: 13.3ms
[2026-01-26T07:02:10.773+0000][66][info ][gc,phases   ] GC(405)   Post Evacuate Collection Set: 1.4ms
[2026-01-26T07:02:10.773+0000][66][info ][gc,phases   ] GC(405)   Other: 1.0ms
[2026-01-26T07:02:10.774+0000][66][trace][gc,age      ] GC(405) Age table with threshold 15 (max threshold 15)
[2026-01-26T07:02:10.774+0000][66][trace][gc,age      ] GC(405) - age   1:   11320808 bytes,   11320808 total
[2026-01-26T07:02:10.775+0000][66][trace][gc,age      ] GC(405) - age   2:    7866304 bytes,   19187112 total
[2026-01-26T07:02:10.775+0000][66][trace][gc,age      ] GC(405) - age   3:    3569128 bytes,   22756240 total
[2026-01-26T07:02:10.775+0000][66][trace][gc,age      ] GC(405) - age   4:   10262168 bytes,   33018408 total
[2026-01-26T07:02:10.776+0000][66][trace][gc,age      ] GC(405) - age   5:    6070800 bytes,   39089208 total
[2026-01-26T07:02:10.776+0000][66][trace][gc,age      ] GC(405) - age   6:        624 bytes,   39089832 total
[2026-01-26T07:02:10.777+0000][66][trace][gc,age      ] GC(405) - age   7:       1992 bytes,   39091824 total
[2026-01-26T07:02:10.777+0000][66][trace][gc,age      ] GC(405) - age   8:      84152 bytes,   39175976 total
[2026-01-26T07:02:10.777+0000][66][trace][gc,age      ] GC(405) - age   9:     212424 bytes,   39388400 total
[2026-01-26T07:02:10.778+0000][66][trace][gc,age      ] GC(405) - age  10:      95728 bytes,   39484128 total
[2026-01-26T07:02:10.778+0000][66][trace][gc,age      ] GC(405) - age  11:      19320 bytes,   39503448 total
[2026-01-26T07:02:10.778+0000][66][trace][gc,age      ] GC(405) - age  12:         32 bytes,   39503480 total
[2026-01-26T07:02:10.779+0000][66][info ][gc,heap     ] GC(405) Eden regions: 143->0(142)
[2026-01-26T07:02:10.779+0000][66][info ][gc,heap     ] GC(405) Survivor regions: 10->11(20)
[2026-01-26T07:02:10.780+0000][66][info ][gc,heap     ] GC(405) Old regions: 42->42
[2026-01-26T07:02:10.780+0000][66][info ][gc,heap     ] GC(405) Humongous regions: 0->0
[2026-01-26T07:02:10.780+0000][66][info ][gc,metaspace] GC(405) Metaspace: 130929K(136832K)->130929K(136832K) NonClass: 113778K(117440K)->113778K(117440K) Class: 17151K(19392K)->17151K(19392K)
[2026-01-26T07:02:10.781+0000][66][info ][gc          ] GC(405) Pause Young (Normal) (G1 Evacuation Pause) 777M->209M(1024M) 26.293ms
[2026-01-26T07:02:10.781+0000][66][info ][gc,cpu      ] GC(405) User=0.06s Sys=0.00s Real=0.03s
[2026-01-26T07:02:10.782+0000][66][info ][safepoint   ] Safepoint "G1CollectForAllocation", Time since last: 2305908507 ns, Reaching safepoint: 18801 ns, Cleanup: 14101 ns, At safepoint: 27239174 ns, Total: 27272076 ns
[2026-01-26T07:02:11.908+0000][66][info ][safepoint   ] Safepoint "Cleanup", Time since last: 1126742454 ns, Reaching safepoint: 8501 ns, Cleanup: 11701 ns, At safepoint: 3300 ns, Total: 23502 ns
[2026-01-26T07:02:13.694+0000][66][info ][safepoint   ] Safepoint "Cleanup", Time since last: 1785611563 ns, Reaching safepoint: 23902 ns, Cleanup: 16801 ns, At safepoint: 3901 ns, Total: 44604 ns
[2026-01-26T07:02:17.206+0000][66][info ][gc,start    ] GC(406) Pause Young (Normal) (G1 Evacuation Pause)
[2026-01-26T07:02:17.206+0000][66][info ][gc,task     ] GC(406) Using 6 workers of 6 for evacuation
[2026-01-26T07:02:17.207+0000][66][debug][gc,age      ] GC(406) Desired survivor size 41943040 bytes, new threshold 15 (max threshold 15)
[2026-01-26T07:02:17.216+0000][66][info ][gc,phases   ] GC(406)   Pre Evacuate Collection Set: 0.4ms
[2026-01-26T07:02:17.217+0000][66][info ][gc,phases   ] GC(406)   Merge Heap Roots: 0.2ms
[2026-01-26T07:02:17.217+0000][66][info ][gc,phases   ] GC(406)   Evacuate Collection Set: 7.2ms
[2026-01-26T07:02:17.218+0000][66][info ][gc,phases   ] GC(406)   Post Evacuate Collection Set: 1.3ms
[2026-01-26T07:02:17.218+0000][66][info ][gc,phases   ] GC(406)   Other: 0.7ms
[2026-01-26T07:02:17.218+0000][66][trace][gc,age      ] GC(406) Age table with threshold 15 (max threshold 15)
[2026-01-26T07:02:17.219+0000][66][trace][gc,age      ] GC(406) - age   1:   16300400 bytes,   16300400 total
[2026-01-26T07:02:17.219+0000][66][trace][gc,age      ] GC(406) - age   2:    3817536 bytes,   20117936 total
[2026-01-26T07:02:17.220+0000][66][trace][gc,age      ] GC(406) - age   3:       3600 bytes,   20121536 total
[2026-01-26T07:02:17.220+0000][66][trace][gc,age      ] GC(406) - age   4:         80 bytes,   20121616 total
[2026-01-26T07:02:17.220+0000][66][trace][gc,age      ] GC(406) - age   5:    1073976 bytes,   21195592 total
[2026-01-26T07:02:17.221+0000][66][trace][gc,age      ] GC(406) - age   6:     184448 bytes,   21380040 total
[2026-01-26T07:02:17.221+0000][66][trace][gc,age      ] GC(406) - age   7:        624 bytes,   21380664 total
[2026-01-26T07:02:17.222+0000][66][trace][gc,age      ] GC(406) - age   8:       1712 bytes,   21382376 total
[2026-01-26T07:02:17.222+0000][66][trace][gc,age      ] GC(406) - age   9:      82128 bytes,   21464504 total
[2026-01-26T07:02:17.222+0000][66][trace][gc,age      ] GC(406) - age  10:     211064 bytes,   21675568 total
[2026-01-26T07:02:17.223+0000][66][trace][gc,age      ] GC(406) - age  11:      95464 bytes,   21771032 total
[2026-01-26T07:02:17.223+0000][66][trace][gc,age      ] GC(406) - age  12:      18448 bytes,   21789480 total
[2026-01-26T07:02:17.223+0000][66][trace][gc,age      ] GC(406) - age  13:         32 bytes,   21789512 total
[2026-01-26T07:02:17.224+0000][66][info ][gc,heap     ] GC(406) Eden regions: 142->0(146)
[2026-01-26T07:02:17.224+0000][66][info ][gc,heap     ] GC(406) Survivor regions: 11->7(20)
[2026-01-26T07:02:17.224+0000][66][info ][gc,heap     ] GC(406) Old regions: 42->42
[2026-01-26T07:02:17.225+0000][66][info ][gc,heap     ] GC(406) Humongous regions: 0->0
[2026-01-26T07:02:17.225+0000][66][info ][gc,metaspace] GC(406) Metaspace: 130933K(136832K)->130933K(136832K) NonClass: 113782K(117440K)->113782K(117440K) Class: 17151K(19392K)->17151K(19392K)
[2026-01-26T07:02:17.226+0000][66][info ][gc          ] GC(406) Pause Young (Normal) (G1 Evacuation Pause) 777M->191M(1024M) 19.457ms
[2026-01-26T07:02:17.226+0000][66][info ][gc,cpu      ] GC(406) User=0.04s Sys=0.00s Real=0.02s
[2026-01-26T07:02:17.226+0000][66][info ][safepoint   ] Safepoint "G1CollectForAllocation", Time since last: 3511975371 ns, Reaching safepoint: 17702 ns, Cleanup: 13401 ns, At safepoint: 20320875 ns, Total: 20351978 ns
[2026-01-26T07:02:22.536+0000][66][info ][gc,start    ] GC(407) Pause Young (Normal) (G1 Evacuation Pause)
[2026-01-26T07:02:22.536+0000][66][info ][gc,task     ] GC(407) Using 6 workers of 6 for evacuation
[2026-01-26T07:02:22.537+0000][66][debug][gc,age      ] GC(407) Desired survivor size 41943040 bytes, new threshold 15 (max threshold 15)
[2026-01-26T07:02:22.549+0000][66][info ][gc,phases   ] GC(407)   Pre Evacuate Collection Set: 0.4ms
[2026-01-26T07:02:22.550+0000][66][info ][gc,phases   ] GC(407)   Merge Heap Roots: 0.2ms
[2026-01-26T07:02:22.550+0000][66][info ][gc,phases   ] GC(407)   Evacuate Collection Set: 10.2ms
[2026-01-26T07:02:22.551+0000][66][info ][gc,phases   ] GC(407)   Post Evacuate Collection Set: 1.3ms
[2026-01-26T07:02:22.551+0000][66][info ][gc,phases   ] GC(407)   Other: 1.0ms
[2026-01-26T07:02:22.551+0000][66][trace][gc,age      ] GC(407) Age table with threshold 15 (max threshold 15)
[2026-01-26T07:02:22.552+0000][66][trace][gc,age      ] GC(407) - age   1:   21879768 bytes,   21879768 total
[2026-01-26T07:02:22.552+0000][66][trace][gc,age      ] GC(407) - age   2:    8798008 bytes,   30677776 total
[2026-01-26T07:02:22.552+0000][66][trace][gc,age      ] GC(407) - age   3:    3673744 bytes,   34351520 total
[2026-01-26T07:02:22.553+0000][66][trace][gc,age      ] GC(407) - age   4:       3568 bytes,   34355088 total
[2026-01-26T07:02:22.553+0000][66][trace][gc,age      ] GC(407) - age   5:         48 bytes,   34355136 total
[2026-01-26T07:02:22.553+0000][66][trace][gc,age      ] GC(407) - age   6:       1952 bytes,   34357088 total
[2026-01-26T07:02:22.553+0000][66][trace][gc,age      ] GC(407) - age   7:      90360 bytes,   34447448 total
[2026-01-26T07:02:22.554+0000][66][trace][gc,age      ] GC(407) - age   8:        624 bytes,   34448072 total
[2026-01-26T07:02:22.554+0000][66][trace][gc,age      ] GC(407) - age   9:       1144 bytes,   34449216 total
[2026-01-26T07:02:22.554+0000][66][trace][gc,age      ] GC(407) - age  10:      81576 bytes,   34530792 total
[2026-01-26T07:02:22.555+0000][66][trace][gc,age      ] GC(407) - age  11:     211064 bytes,   34741856 total
[2026-01-26T07:02:22.555+0000][66][trace][gc,age      ] GC(407) - age  12:      95464 bytes,   34837320 total
[2026-01-26T07:02:22.555+0000][66][trace][gc,age      ] GC(407) - age  13:      18448 bytes,   34855768 total
[2026-01-26T07:02:22.556+0000][66][trace][gc,age      ] GC(407) - age  14:         32 bytes,   34855800 total
[2026-01-26T07:02:22.556+0000][66][info ][gc,heap     ] GC(407) Eden regions: 146->0(143)
[2026-01-26T07:02:22.556+0000][66][info ][gc,heap     ] GC(407) Survivor regions: 7->10(20)
[2026-01-26T07:02:22.556+0000][66][info ][gc,heap     ] GC(407) Old regions: 42->42
[2026-01-26T07:02:22.557+0000][66][info ][gc,heap     ] GC(407) Humongous regions: 0->0
[2026-01-26T07:02:22.557+0000][66][info ][gc,metaspace] GC(407) Metaspace: 130934K(136832K)->130934K(136832K) NonClass: 113783K(117440K)->113783K(117440K) Class: 17151K(19392K)->17151K(19392K)
[2026-01-26T07:02:22.557+0000][66][info ][gc          ] GC(407) Pause Young (Normal) (G1 Evacuation Pause) 775M->204M(1024M) 21.401ms
[2026-01-26T07:02:22.558+0000][66][info ][gc,cpu      ] GC(407) User=0.06s Sys=0.01s Real=0.02s
[2026-01-26T07:02:22.558+0000][66][info ][safepoint   ] Safepoint "G1CollectForAllocation", Time since last: 5309462923 ns, Reaching safepoint: 17701 ns, Cleanup: 4501 ns, At safepoint: 22026801 ns, Total: 22049003 ns
[2026-01-26T07:02:25.936+0000][66][info ][gc,start    ] GC(408) Pause Young (Normal) (G1 Evacuation Pause)
[2026-01-26T07:02:25.936+0000][66][info ][gc,task     ] GC(408) Using 6 workers of 6 for evacuation
[2026-01-26T07:02:25.937+0000][66][debug][gc,age      ] GC(408) Desired survivor size 41943040 bytes, new threshold 15 (max threshold 15)
[2026-01-26T07:02:25.944+0000][66][info ][gc,phases   ] GC(408)   Pre Evacuate Collection Set: 0.3ms
[2026-01-26T07:02:25.945+0000][66][info ][gc,phases   ] GC(408)   Merge Heap Roots: 0.3ms
[2026-01-26T07:02:25.945+0000][66][info ][gc,phases   ] GC(408)   Evacuate Collection Set: 5.0ms
[2026-01-26T07:02:25.945+0000][66][info ][gc,phases   ] GC(408)   Post Evacuate Collection Set: 1.3ms
[2026-01-26T07:02:25.946+0000][66][info ][gc,phases   ] GC(408)   Other: 0.8ms
[2026-01-26T07:02:25.946+0000][66][trace][gc,age      ] GC(408) Age table with threshold 15 (max threshold 15)
[2026-01-26T07:02:25.946+0000][66][trace][gc,age      ] GC(408) - age   1:   12057456 bytes,   12057456 total
[2026-01-26T07:02:25.947+0000][66][trace][gc,age      ] GC(408) - age   2:     708672 bytes,   12766128 total
[2026-01-26T07:02:25.947+0000][66][trace][gc,age      ] GC(408) - age   3:     177488 bytes,   12943616 total
[2026-01-26T07:02:25.947+0000][66][trace][gc,age      ] GC(408) - age   4:      14560 bytes,   12958176 total
[2026-01-26T07:02:25.948+0000][66][trace][gc,age      ] GC(408) - age   5:       3568 bytes,   12961744 total
[2026-01-26T07:02:25.948+0000][66][trace][gc,age      ] GC(408) - age   6:         48 bytes,   12961792 total
[2026-01-26T07:02:25.948+0000][66][trace][gc,age      ] GC(408) - age   7:       1936 bytes,   12963728 total
[2026-01-26T07:02:25.948+0000][66][trace][gc,age      ] GC(408) - age   8:      88096 bytes,   13051824 total
[2026-01-26T07:02:25.949+0000][66][trace][gc,age      ] GC(408) - age   9:        624 bytes,   13052448 total
[2026-01-26T07:02:25.949+0000][66][trace][gc,age      ] GC(408) - age  10:       1144 bytes,   13053592 total
[2026-01-26T07:02:25.949+0000][66][trace][gc,age      ] GC(408) - age  11:       2000 bytes,   13055592 total
[2026-01-26T07:02:25.950+0000][66][trace][gc,age      ] GC(408) - age  12:     211064 bytes,   13266656 total
[2026-01-26T07:02:25.950+0000][66][trace][gc,age      ] GC(408) - age  13:      95128 bytes,   13361784 total
[2026-01-26T07:02:25.950+0000][66][trace][gc,age      ] GC(408) - age  14:      18448 bytes,   13380232 total
[2026-01-26T07:02:25.950+0000][66][trace][gc,age      ] GC(408) - age  15:         32 bytes,   13380264 total
[2026-01-26T07:02:25.951+0000][66][info ][gc,heap     ] GC(408) Eden regions: 143->0(149)
[2026-01-26T07:02:25.951+0000][66][info ][gc,heap     ] GC(408) Survivor regions: 10->4(20)
[2026-01-26T07:02:25.951+0000][66][info ][gc,heap     ] GC(408) Old regions: 42->42
[2026-01-26T07:02:25.952+0000][66][info ][gc,heap     ] GC(408) Humongous regions: 0->0
[2026-01-26T07:02:25.952+0000][66][info ][gc,metaspace] GC(408) Metaspace: 130944K(136832K)->130944K(136832K) NonClass: 113793K(117440K)->113793K(117440K) Class: 17151K(19392K)->17151K(19392K)
[2026-01-26T07:02:25.952+0000][66][info ][gc          ] GC(408) Pause Young (Normal) (G1 Evacuation Pause) 776M->182M(1024M) 16.253ms
[2026-01-26T07:02:25.953+0000][66][info ][gc,cpu      ] GC(408) User=0.02s Sys=0.01s Real=0.01s
[2026-01-26T07:02:25.953+0000][66][info ][safepoint   ] Safepoint "G1CollectForAllocation", Time since last: 3378105234 ns, Reaching safepoint: 17101 ns, Cleanup: 3900 ns, At safepoint: 16875527 ns, Total: 16896528 ns
[2026-01-26T07:02:31.001+0000][66][info ][gc,start    ] GC(409) Pause Young (Normal) (G1 Evacuation Pause)
[2026-01-26T07:02:31.002+0000][66][info ][gc,task     ] GC(409) Using 6 workers of 6 for evacuation
[2026-01-26T07:02:31.002+0000][66][debug][gc,age      ] GC(409) Desired survivor size 41943040 bytes, new threshold 15 (max threshold 15)
[2026-01-26T07:02:31.014+0000][66][info ][gc,phases   ] GC(409)   Pre Evacuate Collection Set: 0.5ms
[2026-01-26T07:02:31.015+0000][66][info ][gc,phases   ] GC(409)   Merge Heap Roots: 0.2ms
[2026-01-26T07:02:31.015+0000][66][info ][gc,phases   ] GC(409)   Evacuate Collection Set: 9.4ms
[2026-01-26T07:02:31.015+0000][66][info ][gc,phases   ] GC(409)   Post Evacuate Collection Set: 1.2ms
[2026-01-26T07:02:31.016+0000][66][info ][gc,phases   ] GC(409)   Other: 1.1ms
[2026-01-26T07:02:31.016+0000][66][trace][gc,age      ] GC(409) Age table with threshold 15 (max threshold 15)
[2026-01-26T07:02:31.017+0000][66][trace][gc,age      ] GC(409) - age   1:   20905248 bytes,   20905248 total
[2026-01-26T07:02:31.017+0000][66][trace][gc,age      ] GC(409) - age   2:    7039328 bytes,   27944576 total
[2026-01-26T07:02:31.018+0000][66][trace][gc,age      ] GC(409) - age   3:     706512 bytes,   28651088 total
[2026-01-26T07:02:31.018+0000][66][trace][gc,age      ] GC(409) - age   4:     177184 bytes,   28828272 total
[2026-01-26T07:02:31.019+0000][66][trace][gc,age      ] GC(409) - age   5:      14264 bytes,   28842536 total
[2026-01-26T07:02:31.019+0000][66][trace][gc,age      ] GC(409) - age   6:       3568 bytes,   28846104 total
[2026-01-26T07:02:31.019+0000][66][trace][gc,age      ] GC(409) - age   7:         48 bytes,   28846152 total
[2026-01-26T07:02:31.020+0000][66][trace][gc,age      ] GC(409) - age   8:       1568 bytes,   28847720 total
[2026-01-26T07:02:31.020+0000][66][trace][gc,age      ] GC(409) - age   9:      87920 bytes,   28935640 total
[2026-01-26T07:02:31.021+0000][66][trace][gc,age      ] GC(409) - age  10:        624 bytes,   28936264 total
[2026-01-26T07:02:31.021+0000][66][trace][gc,age      ] GC(409) - age  11:       1144 bytes,   28937408 total
[2026-01-26T07:02:31.021+0000][66][trace][gc,age      ] GC(409) - age  12:       2000 bytes,   28939408 total
[2026-01-26T07:02:31.022+0000][66][trace][gc,age      ] GC(409) - age  13:     211064 bytes,   29150472 total
[2026-01-26T07:02:31.022+0000][66][trace][gc,age      ] GC(409) - age  14:      95128 bytes,   29245600 total
[2026-01-26T07:02:31.023+0000][66][trace][gc,age      ] GC(409) - age  15:      18448 bytes,   29264048 total
[2026-01-26T07:02:31.023+0000][66][info ][gc,heap     ] GC(409) Eden regions: 149->0(145)
[2026-01-26T07:02:31.023+0000][66][info ][gc,heap     ] GC(409) Survivor regions: 4->8(20)
[2026-01-26T07:02:31.024+0000][66][info ][gc,heap     ] GC(409) Old regions: 42->42
[2026-01-26T07:02:31.024+0000][66][info ][gc,heap     ] GC(409) Humongous regions: 0->0
[2026-01-26T07:02:31.025+0000][66][info ][gc,metaspace] GC(409) Metaspace: 130944K(136832K)->130944K(136832K) NonClass: 113793K(117440K)->113793K(117440K) Class: 17151K(19392K)->17151K(19392K)
[2026-01-26T07:02:31.025+0000][66][info ][gc          ] GC(409) Pause Young (Normal) (G1 Evacuation Pause) 778M->196M(1024M) 23.804ms
[2026-01-26T07:02:31.026+0000][66][info ][gc,cpu      ] GC(409) User=0.06s Sys=0.01s Real=0.03s
[2026-01-26T07:02:31.026+0000][66][info ][safepoint   ] Safepoint "G1CollectForAllocation", Time since last: 5048246006 ns, Reaching safepoint: 81906 ns, Cleanup: 5500 ns, At safepoint: 24883001 ns, Total: 24970407 ns
[2026-01-26T07:02:34.659+0000][66][info ][gc,start    ] GC(410) Pause Young (Normal) (G1 Evacuation Pause)
[2026-01-26T07:02:34.659+0000][66][info ][gc,task     ] GC(410) Using 6 workers of 6 for evacuation
[2026-01-26T07:02:34.659+0000][66][debug][gc,age      ] GC(410) Desired survivor size 41943040 bytes, new threshold 15 (max threshold 15)
[2026-01-26T07:02:34.671+0000][66][info ][gc,phases   ] GC(410)   Pre Evacuate Collection Set: 0.4ms
[2026-01-26T07:02:34.672+0000][66][info ][gc,phases   ] GC(410)   Merge Heap Roots: 0.1ms
[2026-01-26T07:02:34.672+0000][66][info ][gc,phases   ] GC(410)   Evacuate Collection Set: 9.7ms
[2026-01-26T07:02:34.672+0000][66][info ][gc,phases   ] GC(410)   Post Evacuate Collection Set: 1.3ms
[2026-01-26T07:02:34.673+0000][66][info ][gc,phases   ] GC(410)   Other: 0.7ms
[2026-01-26T07:02:34.673+0000][66][trace][gc,age      ] GC(410) Age table with threshold 15 (max threshold 15)
[2026-01-26T07:02:34.674+0000][66][trace][gc,age      ] GC(410) - age   1:   15623960 bytes,   15623960 total
[2026-01-26T07:02:34.674+0000][66][trace][gc,age      ] GC(410) - age   2:   11911112 bytes,   27535072 total
[2026-01-26T07:02:34.675+0000][66][trace][gc,age      ] GC(410) - age   3:    6355584 bytes,   33890656 total
[2026-01-26T07:02:34.675+0000][66][trace][gc,age      ] GC(410) - age   4:     535016 bytes,   34425672 total
[2026-01-26T07:02:34.675+0000][66][trace][gc,age      ] GC(410) - age   5:     175984 bytes,   34601656 total
[2026-01-26T07:02:34.676+0000][66][trace][gc,age      ] GC(410) - age   6:      14264 bytes,   34615920 total
[2026-01-26T07:02:34.676+0000][66][trace][gc,age      ] GC(410) - age   7:       3168 bytes,   34619088 total
[2026-01-26T07:02:34.677+0000][66][trace][gc,age      ] GC(410) - age   8:         48 bytes,   34619136 total
[2026-01-26T07:02:34.677+0000][66][trace][gc,age      ] GC(410) - age   9:        280 bytes,   34619416 total
[2026-01-26T07:02:34.677+0000][66][trace][gc,age      ] GC(410) - age  10:      87920 bytes,   34707336 total
[2026-01-26T07:02:34.678+0000][66][trace][gc,age      ] GC(410) - age  11:        624 bytes,   34707960 total
[2026-01-26T07:02:34.678+0000][66][trace][gc,age      ] GC(410) - age  12:       1144 bytes,   34709104 total
[2026-01-26T07:02:34.678+0000][66][trace][gc,age      ] GC(410) - age  13:       1688 bytes,   34710792 total
[2026-01-26T07:02:34.679+0000][66][trace][gc,age      ] GC(410) - age  14:     211064 bytes,   34921856 total
[2026-01-26T07:02:34.679+0000][66][trace][gc,age      ] GC(410) - age  15:      95104 bytes,   35016960 total
[2026-01-26T07:02:34.679+0000][66][info ][gc,heap     ] GC(410) Eden regions: 145->0(144)
[2026-01-26T07:02:34.680+0000][66][info ][gc,heap     ] GC(410) Survivor regions: 8->9(20)
[2026-01-26T07:02:34.680+0000][66][info ][gc,heap     ] GC(410) Old regions: 42->42
[2026-01-26T07:02:34.680+0000][66][info ][gc,heap     ] GC(410) Humongous regions: 0->0
[2026-01-26T07:02:34.681+0000][66][info ][gc,metaspace] GC(410) Metaspace: 130944K(136832K)->130944K(136832K) NonClass: 113793K(117440K)->113793K(117440K) Class: 17151K(19392K)->17151K(19392K)
[2026-01-26T07:02:34.681+0000][66][info ][gc          ] GC(410) Pause Young (Normal) (G1 Evacuation Pause) 776M->202M(1024M) 22.460ms
[2026-01-26T07:02:34.682+0000][66][info ][gc,cpu      ] GC(410) User=0.05s Sys=0.01s Real=0.03s
[2026-01-26T07:02:34.682+0000][66][info ][safepoint   ] Safepoint "G1CollectForAllocation", Time since last: 3634317317 ns, Reaching safepoint: 17902 ns, Cleanup: 4700 ns, At safepoint: 23371791 ns, Total: 23394393 ns
[2026-01-26T07:02:36.143+0000][66][info ][safepoint   ] Safepoint "Cleanup", Time since last: 1461440965 ns, Reaching safepoint: 8901 ns, Cleanup: 8001 ns, At safepoint: 2600 ns, Total: 19502 ns
[2026-01-26T07:02:39.284+0000][66][info ][safepoint   ] Safepoint "Cleanup", Time since last: 3140577640 ns, Reaching safepoint: 21802 ns, Cleanup: 13001 ns, At safepoint: 3200 ns, Total: 38003 ns
[2026-01-26T07:02:39.996+0000][66][info ][gc,start    ] GC(411) Pause Young (Normal) (G1 Evacuation Pause)
[2026-01-26T07:02:39.997+0000][66][info ][gc,task     ] GC(411) Using 6 workers of 6 for evacuation
[2026-01-26T07:02:39.997+0000][66][debug][gc,age      ] GC(411) Desired survivor size 41943040 bytes, new threshold 15 (max threshold 15)
[2026-01-26T07:02:40.003+0000][66][info ][gc,phases   ] GC(411)   Pre Evacuate Collection Set: 0.4ms
[2026-01-26T07:02:40.004+0000][66][info ][gc,phases   ] GC(411)   Merge Heap Roots: 0.2ms
[2026-01-26T07:02:40.004+0000][66][info ][gc,phases   ] GC(411)   Evacuate Collection Set: 4.6ms
[2026-01-26T07:02:40.004+0000][66][info ][gc,phases   ] GC(411)   Post Evacuate Collection Set: 1.2ms
[2026-01-26T07:02:40.005+0000][66][info ][gc,phases   ] GC(411)   Other: 0.6ms
[2026-01-26T07:02:40.005+0000][66][trace][gc,age      ] GC(411) Age table with threshold 15 (max threshold 15)
[2026-01-26T07:02:40.005+0000][66][trace][gc,age      ] GC(411) - age   1:    8576040 bytes,    8576040 total
[2026-01-26T07:02:40.005+0000][66][trace][gc,age      ] GC(411) - age   2:       5224 bytes,    8581264 total
[2026-01-26T07:02:40.006+0000][66][trace][gc,age      ] GC(411) - age   3:     257120 bytes,    8838384 total
[2026-01-26T07:02:40.006+0000][66][trace][gc,age      ] GC(411) - age   4:     287960 bytes,    9126344 total
[2026-01-26T07:02:40.006+0000][66][trace][gc,age      ] GC(411) - age   5:       2448 bytes,    9128792 total
[2026-01-26T07:02:40.006+0000][66][trace][gc,age      ] GC(411) - age   6:     173792 bytes,    9302584 total
[2026-01-26T07:02:40.007+0000][66][trace][gc,age      ] GC(411) - age   7:      14144 bytes,    9316728 total
[2026-01-26T07:02:40.007+0000][66][trace][gc,age      ] GC(411) - age   9:         48 bytes,    9316776 total
[2026-01-26T07:02:40.007+0000][66][trace][gc,age      ] GC(411) - age  10:        192 bytes,    9316968 total
[2026-01-26T07:02:40.007+0000][66][trace][gc,age      ] GC(411) - age  11:      87672 bytes,    9404640 total
[2026-01-26T07:02:40.008+0000][66][trace][gc,age      ] GC(411) - age  12:        624 bytes,    9405264 total
[2026-01-26T07:02:40.008+0000][66][trace][gc,age      ] GC(411) - age  13:       1144 bytes,    9406408 total
[2026-01-26T07:02:40.008+0000][66][trace][gc,age      ] GC(411) - age  14:       1688 bytes,    9408096 total
[2026-01-26T07:02:40.008+0000][66][trace][gc,age      ] GC(411) - age  15:     160432 bytes,    9568528 total
[2026-01-26T07:02:40.009+0000][66][info ][gc,heap     ] GC(411) Eden regions: 144->0(150)
[2026-01-26T07:02:40.009+0000][66][info ][gc,heap     ] GC(411) Survivor regions: 9->3(20)
[2026-01-26T07:02:40.009+0000][66][info ][gc,heap     ] GC(411) Old regions: 42->42
[2026-01-26T07:02:40.009+0000][66][info ][gc,heap     ] GC(411) Humongous regions: 0->0
[2026-01-26T07:02:40.010+0000][66][info ][gc,metaspace] GC(411) Metaspace: 130962K(136832K)->130962K(136832K) NonClass: 113811K(117440K)->113811K(117440K) Class: 17151K(19392K)->17151K(19392K)
[2026-01-26T07:02:40.010+0000][66][info ][gc          ] GC(411) Pause Young (Normal) (G1 Evacuation Pause) 778M->178M(1024M) 13.899ms
[2026-01-26T07:02:40.010+0000][66][info ][gc,cpu      ] GC(411) User=0.02s Sys=0.00s Real=0.01s
[2026-01-26T07:02:40.011+0000][66][info ][safepoint   ] Safepoint "G1CollectForAllocation", Time since last: 712021545 ns, Reaching safepoint: 19901 ns, Cleanup: 5100 ns, At safepoint: 14613758 ns, Total: 14638759 ns
[2026-01-26T07:02:48.272+0000][66][info ][safepoint   ] Safepoint "Cleanup", Time since last: 8261289491 ns, Reaching safepoint: 7701 ns, Cleanup: 13401 ns, At safepoint: 3000 ns, Total: 24102 ns
[2026-01-26T07:02:48.868+0000][66][info ][gc,start    ] GC(412) Pause Young (Normal) (G1 Evacuation Pause)
[2026-01-26T07:02:48.869+0000][66][info ][gc,task     ] GC(412) Using 6 workers of 6 for evacuation
[2026-01-26T07:02:48.869+0000][66][debug][gc,age      ] GC(412) Desired survivor size 41943040 bytes, new threshold 15 (max threshold 15)
[2026-01-26T07:02:48.879+0000][66][info ][gc,phases   ] GC(412)   Pre Evacuate Collection Set: 0.5ms
[2026-01-26T07:02:48.880+0000][66][info ][gc,phases   ] GC(412)   Merge Heap Roots: 0.2ms
[2026-01-26T07:02:48.880+0000][66][info ][gc,phases   ] GC(412)   Evacuate Collection Set: 7.8ms
[2026-01-26T07:02:48.881+0000][66][info ][gc,phases   ] GC(412)   Post Evacuate Collection Set: 1.3ms
[2026-01-26T07:02:48.881+0000][66][info ][gc,phases   ] GC(412)   Other: 0.8ms
[2026-01-26T07:02:48.882+0000][66][trace][gc,age      ] GC(412) Age table with threshold 15 (max threshold 15)
[2026-01-26T07:02:48.882+0000][66][trace][gc,age      ] GC(412) - age   1:   19687264 bytes,   19687264 total
[2026-01-26T07:02:48.883+0000][66][trace][gc,age      ] GC(412) - age   2:    4633520 bytes,   24320784 total
[2026-01-26T07:02:48.883+0000][66][trace][gc,age      ] GC(412) - age   3:       4672 bytes,   24325456 total
[2026-01-26T07:02:48.884+0000][66][trace][gc,age      ] GC(412) - age   4:     256936 bytes,   24582392 total
[2026-01-26T07:02:48.884+0000][66][trace][gc,age      ] GC(412) - age   5:     287960 bytes,   24870352 total
[2026-01-26T07:02:48.885+0000][66][trace][gc,age      ] GC(412) - age   6:       1600 bytes,   24871952 total
[2026-01-26T07:02:48.885+0000][66][trace][gc,age      ] GC(412) - age   7:     172432 bytes,   25044384 total
[2026-01-26T07:02:48.885+0000][66][trace][gc,age      ] GC(412) - age   8:      14144 bytes,   25058528 total
[2026-01-26T07:02:48.886+0000][66][trace][gc,age      ] GC(412) - age  10:         48 bytes,   25058576 total
[2026-01-26T07:02:48.886+0000][66][trace][gc,age      ] GC(412) - age  11:        192 bytes,   25058768 total
[2026-01-26T07:02:48.887+0000][66][trace][gc,age      ] GC(412) - age  12:      87672 bytes,   25146440 total
[2026-01-26T07:02:48.887+0000][66][trace][gc,age      ] GC(412) - age  13:        624 bytes,   25147064 total
[2026-01-26T07:02:48.887+0000][66][trace][gc,age      ] GC(412) - age  14:       1144 bytes,   25148208 total
[2026-01-26T07:02:48.888+0000][66][trace][gc,age      ] GC(412) - age  15:       1688 bytes,   25149896 total
[2026-01-26T07:02:48.888+0000][66][info ][gc,heap     ] GC(412) Eden regions: 150->0(146)
[2026-01-26T07:02:48.889+0000][66][info ][gc,heap     ] GC(412) Survivor regions: 3->7(20)
[2026-01-26T07:02:48.889+0000][66][info ][gc,heap     ] GC(412) Old regions: 42->42
[2026-01-26T07:02:48.889+0000][66][info ][gc,heap     ] GC(412) Humongous regions: 0->0
[2026-01-26T07:02:48.890+0000][66][info ][gc,metaspace] GC(412) Metaspace: 130962K(136832K)->130962K(136832K) NonClass: 113811K(117440K)->113811K(117440K) Class: 17151K(19392K)->17151K(19392K)
[2026-01-26T07:02:48.890+0000][66][info ][gc          ] GC(412) Pause Young (Normal) (G1 Evacuation Pause) 778M->193M(1024M) 21.808ms
[2026-01-26T07:02:48.890+0000][66][info ][gc,cpu      ] GC(412) User=0.04s Sys=0.00s Real=0.02s
[2026-01-26T07:02:48.891+0000][66][info ][safepoint   ] Safepoint "G1CollectForAllocation", Time since last: 596156097 ns, Reaching safepoint: 21002 ns, Cleanup: 5300 ns, At safepoint: 22614839 ns, Total: 22641141 ns
[2026-01-26T07:02:49.891+0000][66][info ][safepoint   ] Safepoint "Cleanup", Time since last: 1000573601 ns, Reaching safepoint: 35202 ns, Cleanup: 14101 ns, At safepoint: 4901 ns, Total: 54204 ns
[2026-01-26T07:02:52.893+0000][66][info ][safepoint   ] Safepoint "Cleanup", Time since last: 3001004378 ns, Reaching safepoint: 21201 ns, Cleanup: 14901 ns, At safepoint: 5401 ns, Total: 41503 ns
[2026-01-26T07:02:59.811+0000][66][info ][gc,start    ] GC(413) Pause Young (Normal) (G1 Evacuation Pause)
[2026-01-26T07:02:59.811+0000][66][info ][gc,task     ] GC(413) Using 6 workers of 6 for evacuation
[2026-01-26T07:02:59.812+0000][66][debug][gc,age      ] GC(413) Desired survivor size 41943040 bytes, new threshold 15 (max threshold 15)
[2026-01-26T07:02:59.821+0000][66][info ][gc,phases   ] GC(413)   Pre Evacuate Collection Set: 0.2ms
[2026-01-26T07:02:59.821+0000][66][info ][gc,phases   ] GC(413)   Merge Heap Roots: 0.2ms
[2026-01-26T07:02:59.821+0000][66][info ][gc,phases   ] GC(413)   Evacuate Collection Set: 7.1ms
[2026-01-26T07:02:59.822+0000][66][info ][gc,phases   ] GC(413)   Post Evacuate Collection Set: 1.0ms
[2026-01-26T07:02:59.822+0000][66][info ][gc,phases   ] GC(413)   Other: 0.8ms
[2026-01-26T07:02:59.823+0000][66][trace][gc,age      ] GC(413) Age table with threshold 15 (max threshold 15)
[2026-01-26T07:02:59.823+0000][66][trace][gc,age      ] GC(413) - age   1:   21483672 bytes,   21483672 total
[2026-01-26T07:02:59.823+0000][66][trace][gc,age      ] GC(413) - age   2:    2600240 bytes,   24083912 total
[2026-01-26T07:02:59.824+0000][66][trace][gc,age      ] GC(413) - age   3:     310280 bytes,   24394192 total
[2026-01-26T07:02:59.824+0000][66][trace][gc,age      ] GC(413) - age   4:       4672 bytes,   24398864 total
[2026-01-26T07:02:59.824+0000][66][trace][gc,age      ] GC(413) - age   5:     256760 bytes,   24655624 total
[2026-01-26T07:02:59.825+0000][66][trace][gc,age      ] GC(413) - age   6:     286192 bytes,   24941816 total
[2026-01-26T07:02:59.825+0000][66][trace][gc,age      ] GC(413) - age   7:       1600 bytes,   24943416 total
[2026-01-26T07:02:59.825+0000][66][trace][gc,age      ] GC(413) - age   8:     172432 bytes,   25115848 total
[2026-01-26T07:02:59.826+0000][66][trace][gc,age      ] GC(413) - age   9:      14144 bytes,   25129992 total
[2026-01-26T07:02:59.826+0000][66][trace][gc,age      ] GC(413) - age  11:         48 bytes,   25130040 total
[2026-01-26T07:02:59.826+0000][66][trace][gc,age      ] GC(413) - age  12:        160 bytes,   25130200 total
[2026-01-26T07:02:59.827+0000][66][trace][gc,age      ] GC(413) - age  13:      87640 bytes,   25217840 total
[2026-01-26T07:02:59.827+0000][66][trace][gc,age      ] GC(413) - age  14:        624 bytes,   25218464 total
[2026-01-26T07:02:59.827+0000][66][trace][gc,age      ] GC(413) - age  15:       1144 bytes,   25219608 total
[2026-01-26T07:02:59.828+0000][66][info ][gc,heap     ] GC(413) Eden regions: 146->0(146)
[2026-01-26T07:02:59.828+0000][66][info ][gc,heap     ] GC(413) Survivor regions: 7->7(20)
[2026-01-26T07:02:59.828+0000][66][info ][gc,heap     ] GC(413) Old regions: 42->42
[2026-01-26T07:02:59.828+0000][66][info ][gc,heap     ] GC(413) Humongous regions: 0->0
[2026-01-26T07:02:59.829+0000][66][info ][gc,metaspace] GC(413) Metaspace: 130962K(136832K)->130962K(136832K) NonClass: 113811K(117440K)->113811K(117440K) Class: 17151K(19392K)->17151K(19392K)
[2026-01-26T07:02:59.829+0000][66][info ][gc          ] GC(413) Pause Young (Normal) (G1 Evacuation Pause) 777M->193M(1024M) 18.123ms
[2026-01-26T07:02:59.829+0000][66][info ][gc,cpu      ] GC(413) User=0.04s Sys=0.00s Real=0.02s
[2026-01-26T07:02:59.830+0000][66][info ][safepoint   ] Safepoint "G1CollectForAllocation", Time since last: 6918293111 ns, Reaching safepoint: 38403 ns, Cleanup: 3800 ns, At safepoint: 18826855 ns, Total: 18869058 ns
[2026-01-26T07:03:01.877+0000][66][info ][safepoint   ] Safepoint "Cleanup", Time since last: 2049843527 ns, Reaching safepoint: 22801 ns, Cleanup: 17802 ns, At safepoint: 5300 ns, Total: 45903 ns
[2026-01-26T07:03:10.409+0000][66][info ][gc,start    ] GC(414) Pause Young (Normal) (G1 Evacuation Pause)
[2026-01-26T07:03:10.409+0000][66][info ][gc,task     ] GC(414) Using 6 workers of 6 for evacuation
[2026-01-26T07:03:10.409+0000][66][debug][gc,age      ] GC(414) Desired survivor size 41943040 bytes, new threshold 15 (max threshold 15)
[2026-01-26T07:03:10.418+0000][66][info ][gc,phases   ] GC(414)   Pre Evacuate Collection Set: 0.3ms
[2026-01-26T07:03:10.418+0000][66][info ][gc,phases   ] GC(414)   Merge Heap Roots: 0.1ms
[2026-01-26T07:03:10.418+0000][66][info ][gc,phases   ] GC(414)   Evacuate Collection Set: 6.5ms
[2026-01-26T07:03:10.419+0000][66][info ][gc,phases   ] GC(414)   Post Evacuate Collection Set: 0.9ms
[2026-01-26T07:03:10.419+0000][66][info ][gc,phases   ] GC(414)   Other: 0.9ms
[2026-01-26T07:03:10.419+0000][66][trace][gc,age      ] GC(414) Age table with threshold 15 (max threshold 15)
[2026-01-26T07:03:10.420+0000][66][trace][gc,age      ] GC(414) - age   1:   20258904 bytes,   20258904 total
[2026-01-26T07:03:10.420+0000][66][trace][gc,age      ] GC(414) - age   2:    2097488 bytes,   22356392 total
[2026-01-26T07:03:10.421+0000][66][trace][gc,age      ] GC(414) - age   3:       2904 bytes,   22359296 total
[2026-01-26T07:03:10.421+0000][66][trace][gc,age      ] GC(414) - age   4:     303120 bytes,   22662416 total
[2026-01-26T07:03:10.421+0000][66][trace][gc,age      ] GC(414) - age   5:       3296 bytes,   22665712 total
[2026-01-26T07:03:10.422+0000][66][trace][gc,age      ] GC(414) - age   6:     256392 bytes,   22922104 total
[2026-01-26T07:03:10.422+0000][66][trace][gc,age      ] GC(414) - age   7:     286192 bytes,   23208296 total
[2026-01-26T07:03:10.422+0000][66][trace][gc,age      ] GC(414) - age   8:       1600 bytes,   23209896 total
[2026-01-26T07:03:10.423+0000][66][trace][gc,age      ] GC(414) - age   9:     172432 bytes,   23382328 total
[2026-01-26T07:03:10.423+0000][66][trace][gc,age      ] GC(414) - age  10:      14144 bytes,   23396472 total
[2026-01-26T07:03:10.423+0000][66][trace][gc,age      ] GC(414) - age  12:         48 bytes,   23396520 total
[2026-01-26T07:03:10.424+0000][66][trace][gc,age      ] GC(414) - age  13:        160 bytes,   23396680 total
[2026-01-26T07:03:10.424+0000][66][trace][gc,age      ] GC(414) - age  14:      87640 bytes,   23484320 total
[2026-01-26T07:03:10.424+0000][66][trace][gc,age      ] GC(414) - age  15:        624 bytes,   23484944 total
[2026-01-26T07:03:10.425+0000][66][info ][gc,heap     ] GC(414) Eden regions: 146->0(146)
[2026-01-26T07:03:10.425+0000][66][info ][gc,heap     ] GC(414) Survivor regions: 7->7(20)
[2026-01-26T07:03:10.425+0000][66][info ][gc,heap     ] GC(414) Old regions: 42->42
[2026-01-26T07:03:10.426+0000][66][info ][gc,heap     ] GC(414) Humongous regions: 0->0
[2026-01-26T07:03:10.426+0000][66][info ][gc,metaspace] GC(414) Metaspace: 130962K(136832K)->130962K(136832K) NonClass: 113811K(117440K)->113811K(117440K) Class: 17151K(19392K)->17151K(19392K)
[2026-01-26T07:03:10.427+0000][66][info ][gc          ] GC(414) Pause Young (Normal) (G1 Evacuation Pause) 777M->191M(1024M) 17.985ms
[2026-01-26T07:03:10.427+0000][66][info ][gc,cpu      ] GC(414) User=0.03s Sys=0.01s Real=0.02s
[2026-01-26T07:03:10.427+0000][66][info ][safepoint   ] Safepoint "G1CollectForAllocation", Time since last: 8531462412 ns, Reaching safepoint: 16301 ns, Cleanup: 4800 ns, At safepoint: 18686660 ns, Total: 18707761 ns
[2026-01-26T07:03:14.155+0000][66][info ][safepoint   ] Safepoint "Cleanup", Time since last: 3727821941 ns, Reaching safepoint: 8500 ns, Cleanup: 7201 ns, At safepoint: 60004 ns, Total: 75705 ns
[2026-01-26T07:03:19.286+0000][66][info ][gc,start    ] GC(415) Pause Young (Normal) (G1 Evacuation Pause)
[2026-01-26T07:03:19.287+0000][66][info ][gc,task     ] GC(415) Using 6 workers of 6 for evacuation
[2026-01-26T07:03:19.287+0000][66][debug][gc,age      ] GC(415) Desired survivor size 41943040 bytes, new threshold 15 (max threshold 15)
[2026-01-26T07:03:19.295+0000][66][info ][gc,phases   ] GC(415)   Pre Evacuate Collection Set: 0.4ms
[2026-01-26T07:03:19.295+0000][66][info ][gc,phases   ] GC(415)   Merge Heap Roots: 0.3ms
[2026-01-26T07:03:19.296+0000][66][info ][gc,phases   ] GC(415)   Evacuate Collection Set: 5.8ms
[2026-01-26T07:03:19.296+0000][66][info ][gc,phases   ] GC(415)   Post Evacuate Collection Set: 1.1ms
[2026-01-26T07:03:19.297+0000][66][info ][gc,phases   ] GC(415)   Other: 0.7ms
[2026-01-26T07:03:19.297+0000][66][trace][gc,age      ] GC(415) Age table with threshold 15 (max threshold 15)
[2026-01-26T07:03:19.297+0000][66][trace][gc,age      ] GC(415) - age   1:   15782024 bytes,   15782024 total
[2026-01-26T07:03:19.298+0000][66][trace][gc,age      ] GC(415) - age   2:      76664 bytes,   15858688 total
[2026-01-26T07:03:19.298+0000][66][trace][gc,age      ] GC(415) - age   3:      93032 bytes,   15951720 total
[2026-01-26T07:03:19.298+0000][66][trace][gc,age      ] GC(415) - age   4:       1120 bytes,   15952840 total
[2026-01-26T07:03:19.299+0000][66][trace][gc,age      ] GC(415) - age   5:     302840 bytes,   16255680 total
[2026-01-26T07:03:19.299+0000][66][trace][gc,age      ] GC(415) - age   6:       3296 bytes,   16258976 total
[2026-01-26T07:03:19.299+0000][66][trace][gc,age      ] GC(415) - age   7:        728 bytes,   16259704 total
[2026-01-26T07:03:19.300+0000][66][trace][gc,age      ] GC(415) - age   8:     286064 bytes,   16545768 total
[2026-01-26T07:03:19.300+0000][66][trace][gc,age      ] GC(415) - age   9:       1600 bytes,   16547368 total
[2026-01-26T07:03:19.300+0000][66][trace][gc,age      ] GC(415) - age  10:     108392 bytes,   16655760 total
[2026-01-26T07:03:19.301+0000][66][trace][gc,age      ] GC(415) - age  11:      12480 bytes,   16668240 total
[2026-01-26T07:03:19.301+0000][66][trace][gc,age      ] GC(415) - age  13:         48 bytes,   16668288 total
[2026-01-26T07:03:19.301+0000][66][trace][gc,age      ] GC(415) - age  14:        160 bytes,   16668448 total
[2026-01-26T07:03:19.302+0000][66][trace][gc,age      ] GC(415) - age  15:      87640 bytes,   16756088 total
[2026-01-26T07:03:19.302+0000][66][info ][gc,heap     ] GC(415) Eden regions: 146->0(148)
[2026-01-26T07:03:19.302+0000][66][info ][gc,heap     ] GC(415) Survivor regions: 7->5(20)
[2026-01-26T07:03:19.303+0000][66][info ][gc,heap     ] GC(415) Old regions: 42->42
[2026-01-26T07:03:19.303+0000][66][info ][gc,heap     ] GC(415) Humongous regions: 0->0
[2026-01-26T07:03:19.303+0000][66][info ][gc,metaspace] GC(415) Metaspace: 130964K(136832K)->130964K(136832K) NonClass: 113813K(117440K)->113813K(117440K) Class: 17151K(19392K)->17151K(19392K)
[2026-01-26T07:03:19.304+0000][66][info ][gc          ] GC(415) Pause Young (Normal) (G1 Evacuation Pause) 775M->185M(1024M) 17.424ms
[2026-01-26T07:03:19.304+0000][66][info ][gc,cpu      ] GC(415) User=0.03s Sys=0.00s Real=0.02s
[2026-01-26T07:03:19.304+0000][66][info ][safepoint   ] Safepoint "G1CollectForAllocation", Time since last: 5130972822 ns, Reaching safepoint: 18402 ns, Cleanup: 4600 ns, At safepoint: 18091153 ns, Total: 18114155 ns
[2026-01-26T07:03:20.305+0000][66][info ][safepoint   ] Safepoint "Cleanup", Time since last: 1000507423 ns, Reaching safepoint: 19201 ns, Cleanup: 12901 ns, At safepoint: 4401 ns, Total: 36503 ns
[2026-01-26T07:03:29.853+0000][66][info ][gc,start    ] GC(416) Pause Young (Normal) (G1 Evacuation Pause)
[2026-01-26T07:03:29.854+0000][66][info ][gc,task     ] GC(416) Using 6 workers of 6 for evacuation
[2026-01-26T07:03:29.854+0000][66][debug][gc,age      ] GC(416) Desired survivor size 41943040 bytes, new threshold 15 (max threshold 15)
[2026-01-26T07:03:29.862+0000][66][info ][gc,phases   ] GC(416)   Pre Evacuate Collection Set: 0.4ms
[2026-01-26T07:03:29.862+0000][66][info ][gc,phases   ] GC(416)   Merge Heap Roots: 0.2ms
[2026-01-26T07:03:29.863+0000][66][info ][gc,phases   ] GC(416)   Evacuate Collection Set: 5.6ms
[2026-01-26T07:03:29.863+0000][66][info ][gc,phases   ] GC(416)   Post Evacuate Collection Set: 1.5ms
[2026-01-26T07:03:29.864+0000][66][info ][gc,phases   ] GC(416)   Other: 0.8ms
[2026-01-26T07:03:29.864+0000][66][trace][gc,age      ] GC(416) Age table with threshold 15 (max threshold 15)
[2026-01-26T07:03:29.864+0000][66][trace][gc,age      ] GC(416) - age   1:   14659808 bytes,   14659808 total
[2026-01-26T07:03:29.865+0000][66][trace][gc,age      ] GC(416) - age   2:     141280 bytes,   14801088 total
[2026-01-26T07:03:29.865+0000][66][trace][gc,age      ] GC(416) - age   3:      74744 bytes,   14875832 total
[2026-01-26T07:03:29.866+0000][66][trace][gc,age      ] GC(416) - age   4:      92584 bytes,   14968416 total
[2026-01-26T07:03:29.866+0000][66][trace][gc,age      ] GC(416) - age   5:       1120 bytes,   14969536 total
[2026-01-26T07:03:29.866+0000][66][trace][gc,age      ] GC(416) - age   6:     302528 bytes,   15272064 total
[2026-01-26T07:03:29.867+0000][66][trace][gc,age      ] GC(416) - age   7:       3296 bytes,   15275360 total
[2026-01-26T07:03:29.867+0000][66][trace][gc,age      ] GC(416) - age   8:        696 bytes,   15276056 total
[2026-01-26T07:03:29.867+0000][66][trace][gc,age      ] GC(416) - age   9:     285536 bytes,   15561592 total
[2026-01-26T07:03:29.868+0000][66][trace][gc,age      ] GC(416) - age  10:       1416 bytes,   15563008 total
[2026-01-26T07:03:29.868+0000][66][trace][gc,age      ] GC(416) - age  11:     108392 bytes,   15671400 total
[2026-01-26T07:03:29.869+0000][66][trace][gc,age      ] GC(416) - age  12:      12480 bytes,   15683880 total
[2026-01-26T07:03:29.869+0000][66][trace][gc,age      ] GC(416) - age  14:         48 bytes,   15683928 total
[2026-01-26T07:03:29.870+0000][66][trace][gc,age      ] GC(416) - age  15:        160 bytes,   15684088 total
[2026-01-26T07:03:29.870+0000][66][info ][gc,heap     ] GC(416) Eden regions: 148->0(148)
[2026-01-26T07:03:29.870+0000][66][info ][gc,heap     ] GC(416) Survivor regions: 5->5(20)
[2026-01-26T07:03:29.871+0000][66][info ][gc,heap     ] GC(416) Old regions: 42->42
[2026-01-26T07:03:29.871+0000][66][info ][gc,heap     ] GC(416) Humongous regions: 0->0
[2026-01-26T07:03:29.872+0000][66][info ][gc,metaspace] GC(416) Metaspace: 130964K(136832K)->130964K(136832K) NonClass: 113813K(117440K)->113813K(117440K) Class: 17151K(19392K)->17151K(19392K)
[2026-01-26T07:03:29.872+0000][66][info ][gc          ] GC(416) Pause Young (Normal) (G1 Evacuation Pause) 777M->184M(1024M) 18.967ms
[2026-01-26T07:03:29.872+0000][66][info ][gc,cpu      ] GC(416) User=0.03s Sys=0.01s Real=0.02s
[2026-01-26T07:03:29.873+0000][66][info ][safepoint   ] Safepoint "G1CollectForAllocation", Time since last: 9548246755 ns, Reaching safepoint: 48703 ns, Cleanup: 4701 ns, At safepoint: 19720932 ns, Total: 19774336 ns
[2026-01-26T07:03:38.082+0000][66][info ][gc,start    ] GC(417) Pause Young (Normal) (G1 Evacuation Pause)
[2026-01-26T07:03:38.082+0000][66][info ][gc,task     ] GC(417) Using 6 workers of 6 for evacuation
[2026-01-26T07:03:38.083+0000][66][debug][gc,age      ] GC(417) Desired survivor size 41943040 bytes, new threshold 15 (max threshold 15)
[2026-01-26T07:03:38.090+0000][66][info ][gc,phases   ] GC(417)   Pre Evacuate Collection Set: 0.5ms
[2026-01-26T07:03:38.090+0000][66][info ][gc,phases   ] GC(417)   Merge Heap Roots: 0.2ms
[2026-01-26T07:03:38.091+0000][66][info ][gc,phases   ] GC(417)   Evacuate Collection Set: 3.9ms
[2026-01-26T07:03:38.092+0000][66][info ][gc,phases   ] GC(417)   Post Evacuate Collection Set: 1.4ms
[2026-01-26T07:03:38.092+0000][66][info ][gc,phases   ] GC(417)   Other: 1.3ms
[2026-01-26T07:03:38.093+0000][66][trace][gc,age      ] GC(417) Age table with threshold 15 (max threshold 15)
[2026-01-26T07:03:38.093+0000][66][trace][gc,age      ] GC(417) - age   1:    6246456 bytes,    6246456 total
[2026-01-26T07:03:38.094+0000][66][trace][gc,age      ] GC(417) - age   2:      78440 bytes,    6324896 total
[2026-01-26T07:03:38.094+0000][66][trace][gc,age      ] GC(417) - age   3:     138480 bytes,    6463376 total
[2026-01-26T07:03:38.095+0000][66][trace][gc,age      ] GC(417) - age   4:      72408 bytes,    6535784 total
[2026-01-26T07:03:38.095+0000][66][trace][gc,age      ] GC(417) - age   5:      92584 bytes,    6628368 total
[2026-01-26T07:03:38.096+0000][66][trace][gc,age      ] GC(417) - age   6:       1120 bytes,    6629488 total
[2026-01-26T07:03:38.096+0000][66][trace][gc,age      ] GC(417) - age   7:     248368 bytes,    6877856 total
[2026-01-26T07:03:38.097+0000][66][trace][gc,age      ] GC(417) - age   8:       1736 bytes,    6879592 total
[2026-01-26T07:03:38.097+0000][66][trace][gc,age      ] GC(417) - age   9:        696 bytes,    6880288 total
[2026-01-26T07:03:38.097+0000][66][trace][gc,age      ] GC(417) - age  10:     285536 bytes,    7165824 total
[2026-01-26T07:03:38.098+0000][66][trace][gc,age      ] GC(417) - age  11:       1416 bytes,    7167240 total
[2026-01-26T07:03:38.098+0000][66][trace][gc,age      ] GC(417) - age  12:     108360 bytes,    7275600 total
[2026-01-26T07:03:38.099+0000][66][trace][gc,age      ] GC(417) - age  13:       4048 bytes,    7279648 total
[2026-01-26T07:03:38.099+0000][66][trace][gc,age      ] GC(417) - age  15:         48 bytes,    7279696 total
[2026-01-26T07:03:38.100+0000][66][info ][gc,heap     ] GC(417) Eden regions: 148->0(150)
[2026-01-26T07:03:38.100+0000][66][info ][gc,heap     ] GC(417) Survivor regions: 5->3(20)
[2026-01-26T07:03:38.100+0000][66][info ][gc,heap     ] GC(417) Old regions: 42->42
[2026-01-26T07:03:38.101+0000][66][info ][gc,heap     ] GC(417) Humongous regions: 0->0
[2026-01-26T07:03:38.101+0000][66][info ][gc,metaspace] GC(417) Metaspace: 130965K(136832K)->130965K(136832K) NonClass: 113814K(117440K)->113814K(117440K) Class: 17151K(19392K)->17151K(19392K)
[2026-01-26T07:03:38.102+0000][66][info ][gc          ] GC(417) Pause Young (Normal) (G1 Evacuation Pause) 776M->175M(1024M) 19.738ms
[2026-01-26T07:03:38.102+0000][66][info ][gc,cpu      ] GC(417) User=0.01s Sys=0.01s Real=0.02s
[2026-01-26T07:03:38.103+0000][66][info ][safepoint   ] Safepoint "G1CollectForAllocation", Time since last: 8210871449 ns, Reaching safepoint: 21001 ns, Cleanup: 5400 ns, At safepoint: 20713873 ns, Total: 20740274 ns
[2026-01-26T07:03:47.920+0000][66][info ][gc,start    ] GC(418) Pause Young (Normal) (G1 Evacuation Pause)
[2026-01-26T07:03:47.921+0000][66][info ][gc,task     ] GC(418) Using 6 workers of 6 for evacuation
[2026-01-26T07:03:47.921+0000][66][debug][gc,age      ] GC(418) Desired survivor size 41943040 bytes, new threshold 15 (max threshold 15)
[2026-01-26T07:03:47.931+0000][66][info ][gc,phases   ] GC(418)   Pre Evacuate Collection Set: 0.4ms
[2026-01-26T07:03:47.931+0000][66][info ][gc,phases   ] GC(418)   Merge Heap Roots: 0.2ms
[2026-01-26T07:03:47.931+0000][66][info ][gc,phases   ] GC(418)   Evacuate Collection Set: 7.0ms
[2026-01-26T07:03:47.932+0000][66][info ][gc,phases   ] GC(418)   Post Evacuate Collection Set: 1.1ms
[2026-01-26T07:03:47.932+0000][66][info ][gc,phases   ] GC(418)   Other: 1.0ms
[2026-01-26T07:03:47.933+0000][66][trace][gc,age      ] GC(418) Age table with threshold 15 (max threshold 15)
[2026-01-26T07:03:47.933+0000][66][trace][gc,age      ] GC(418) - age   1:   18844640 bytes,   18844640 total
[2026-01-26T07:03:47.933+0000][66][trace][gc,age      ] GC(418) - age   2:    2546472 bytes,   21391112 total
[2026-01-26T07:03:47.934+0000][66][trace][gc,age      ] GC(418) - age   3:      78192 bytes,   21469304 total
[2026-01-26T07:03:47.934+0000][66][trace][gc,age      ] GC(418) - age   4:     137008 bytes,   21606312 total
[2026-01-26T07:03:47.934+0000][66][trace][gc,age      ] GC(418) - age   5:      69152 bytes,   21675464 total
[2026-01-26T07:03:47.935+0000][66][trace][gc,age      ] GC(418) - age   6:      92584 bytes,   21768048 total
[2026-01-26T07:03:47.935+0000][66][trace][gc,age      ] GC(418) - age   7:        920 bytes,   21768968 total
[2026-01-26T07:03:47.935+0000][66][trace][gc,age      ] GC(418) - age   8:     248368 bytes,   22017336 total
[2026-01-26T07:03:47.936+0000][66][trace][gc,age      ] GC(418) - age   9:       1736 bytes,   22019072 total
[2026-01-26T07:03:47.936+0000][66][trace][gc,age      ] GC(418) - age  10:        696 bytes,   22019768 total
[2026-01-26T07:03:47.936+0000][66][trace][gc,age      ] GC(418) - age  11:     285536 bytes,   22305304 total
[2026-01-26T07:03:47.937+0000][66][trace][gc,age      ] GC(418) - age  12:       1416 bytes,   22306720 total
[2026-01-26T07:03:47.937+0000][66][trace][gc,age      ] GC(418) - age  13:     108360 bytes,   22415080 total
[2026-01-26T07:03:47.937+0000][66][trace][gc,age      ] GC(418) - age  14:       4048 bytes,   22419128 total
[2026-01-26T07:03:47.937+0000][66][info ][gc,heap     ] GC(418) Eden regions: 150->0(147)
[2026-01-26T07:03:47.938+0000][66][info ][gc,heap     ] GC(418) Survivor regions: 3->6(20)
[2026-01-26T07:03:47.938+0000][66][info ][gc,heap     ] GC(418) Old regions: 42->42
[2026-01-26T07:03:47.938+0000][66][info ][gc,heap     ] GC(418) Humongous regions: 0->0
[2026-01-26T07:03:47.939+0000][66][info ][gc,metaspace] GC(418) Metaspace: 130965K(136832K)->130965K(136832K) NonClass: 113814K(117440K)->113814K(117440K) Class: 17151K(19392K)->17151K(19392K)
[2026-01-26T07:03:47.939+0000][66][info ][gc          ] GC(418) Pause Young (Normal) (G1 Evacuation Pause) 775M->190M(1024M) 18.655ms
[2026-01-26T07:03:47.939+0000][66][info ][gc,cpu      ] GC(418) User=0.04s Sys=0.00s Real=0.02s
[2026-01-26T07:03:47.940+0000][66][info ][safepoint   ] Safepoint "G1CollectForAllocation", Time since last: 9817558055 ns, Reaching safepoint: 143911 ns, Cleanup: 5100 ns, At safepoint: 19383145 ns, Total: 19532156 ns
[2026-01-26T07:03:49.634+0000][66][info ][safepoint   ] Safepoint "Cleanup", Time since last: 1694255295 ns, Reaching safepoint: 176712 ns, Cleanup: 12701 ns, At safepoint: 45704 ns, Total: 235117 ns
[2026-01-26T07:03:56.185+0000][66][info ][gc,start    ] GC(419) Pause Young (Normal) (G1 Evacuation Pause)
[2026-01-26T07:03:56.185+0000][66][info ][gc,task     ] GC(419) Using 6 workers of 6 for evacuation
[2026-01-26T07:03:56.186+0000][66][debug][gc,age      ] GC(419) Desired survivor size 41943040 bytes, new threshold 15 (max threshold 15)
[2026-01-26T07:03:56.194+0000][66][info ][gc,phases   ] GC(419)   Pre Evacuate Collection Set: 0.5ms
[2026-01-26T07:03:56.194+0000][66][info ][gc,phases   ] GC(419)   Merge Heap Roots: 0.3ms
[2026-01-26T07:03:56.195+0000][66][info ][gc,phases   ] GC(419)   Evacuate Collection Set: 5.8ms
[2026-01-26T07:03:56.195+0000][66][info ][gc,phases   ] GC(419)   Post Evacuate Collection Set: 1.2ms
[2026-01-26T07:03:56.196+0000][66][info ][gc,phases   ] GC(419)   Other: 0.7ms
[2026-01-26T07:03:56.196+0000][66][trace][gc,age      ] GC(419) Age table with threshold 15 (max threshold 15)
[2026-01-26T07:03:56.196+0000][66][trace][gc,age      ] GC(419) - age   1:   17056160 bytes,   17056160 total
[2026-01-26T07:03:56.197+0000][66][trace][gc,age      ] GC(419) - age   2:    1164640 bytes,   18220800 total
[2026-01-26T07:03:56.197+0000][66][trace][gc,age      ] GC(419) - age   3:     285608 bytes,   18506408 total
[2026-01-26T07:03:56.197+0000][66][trace][gc,age      ] GC(419) - age   4:      76112 bytes,   18582520 total
[2026-01-26T07:03:56.198+0000][66][trace][gc,age      ] GC(419) - age   5:     136440 bytes,   18718960 total
[2026-01-26T07:03:56.198+0000][66][trace][gc,age      ] GC(419) - age   6:      69152 bytes,   18788112 total
[2026-01-26T07:03:56.198+0000][66][trace][gc,age      ] GC(419) - age   7:      92584 bytes,   18880696 total
[2026-01-26T07:03:56.198+0000][66][trace][gc,age      ] GC(419) - age   8:        920 bytes,   18881616 total
[2026-01-26T07:03:56.199+0000][66][trace][gc,age      ] GC(419) - age   9:     248368 bytes,   19129984 total
[2026-01-26T07:03:56.199+0000][66][trace][gc,age      ] GC(419) - age  10:       1736 bytes,   19131720 total
[2026-01-26T07:03:56.199+0000][66][trace][gc,age      ] GC(419) - age  11:        696 bytes,   19132416 total
[2026-01-26T07:03:56.200+0000][66][trace][gc,age      ] GC(419) - age  12:     285536 bytes,   19417952 total
[2026-01-26T07:03:56.200+0000][66][trace][gc,age      ] GC(419) - age  13:       1416 bytes,   19419368 total
[2026-01-26T07:03:56.200+0000][66][trace][gc,age      ] GC(419) - age  14:     108360 bytes,   19527728 total
[2026-01-26T07:03:56.200+0000][66][trace][gc,age      ] GC(419) - age  15:       4048 bytes,   19531776 total
[2026-01-26T07:03:56.201+0000][66][info ][gc,heap     ] GC(419) Eden regions: 147->0(148)
[2026-01-26T07:03:56.201+0000][66][info ][gc,heap     ] GC(419) Survivor regions: 6->5(20)
[2026-01-26T07:03:56.201+0000][66][info ][gc,heap     ] GC(419) Old regions: 42->42
[2026-01-26T07:03:56.201+0000][66][info ][gc,heap     ] GC(419) Humongous regions: 0->0
[2026-01-26T07:03:56.201+0000][66][info ][gc,metaspace] GC(419) Metaspace: 130973K(136832K)->130973K(136832K) NonClass: 113822K(117440K)->113822K(117440K) Class: 17151K(19392K)->17151K(19392K)
[2026-01-26T07:03:56.202+0000][66][info ][gc          ] GC(419) Pause Young (Normal) (G1 Evacuation Pause) 778M->187M(1024M) 16.590ms
[2026-01-26T07:03:56.202+0000][66][info ][gc,cpu      ] GC(419) User=0.03s Sys=0.00s Real=0.02s
[2026-01-26T07:03:56.202+0000][66][info ][safepoint   ] Safepoint "G1CollectForAllocation", Time since last: 6550852993 ns, Reaching safepoint: 125009 ns, Cleanup: 5000 ns, At safepoint: 17235852 ns, Total: 17365861 ns
[2026-01-26T07:03:59.983+0000][66][info ][gc,start    ] GC(420) Pause Young (Normal) (G1 Evacuation Pause)
[2026-01-26T07:03:59.984+0000][66][info ][gc,task     ] GC(420) Using 6 workers of 6 for evacuation
[2026-01-26T07:03:59.984+0000][66][debug][gc,age      ] GC(420) Desired survivor size 41943040 bytes, new threshold 15 (max threshold 15)
[2026-01-26T07:03:59.994+0000][66][info ][gc,phases   ] GC(420)   Pre Evacuate Collection Set: 0.4ms
[2026-01-26T07:03:59.995+0000][66][info ][gc,phases   ] GC(420)   Merge Heap Roots: 0.1ms
[2026-01-26T07:03:59.995+0000][66][info ][gc,phases   ] GC(420)   Evacuate Collection Set: 7.7ms
[2026-01-26T07:03:59.996+0000][66][info ][gc,phases   ] GC(420)   Post Evacuate Collection Set: 1.6ms
[2026-01-26T07:03:59.996+0000][66][info ][gc,phases   ] GC(420)   Other: 0.8ms
[2026-01-26T07:03:59.996+0000][66][trace][gc,age      ] GC(420) Age table with threshold 15 (max threshold 15)
[2026-01-26T07:03:59.997+0000][66][trace][gc,age      ] GC(420) - age   1:    7940832 bytes,    7940832 total
[2026-01-26T07:03:59.997+0000][66][trace][gc,age      ] GC(420) - age   2:    9854144 bytes,   17794976 total
[2026-01-26T07:03:59.998+0000][66][trace][gc,age      ] GC(420) - age   3:     923584 bytes,   18718560 total
[2026-01-26T07:03:59.998+0000][66][trace][gc,age      ] GC(420) - age   4:     285360 bytes,   19003920 total
[2026-01-26T07:03:59.998+0000][66][trace][gc,age      ] GC(420) - age   5:      75936 bytes,   19079856 total
[2026-01-26T07:03:59.999+0000][66][trace][gc,age      ] GC(420) - age   6:     136440 bytes,   19216296 total
[2026-01-26T07:03:59.999+0000][66][trace][gc,age      ] GC(420) - age   7:      69152 bytes,   19285448 total
[2026-01-26T07:04:00.000+0000][66][trace][gc,age      ] GC(420) - age   8:      92520 bytes,   19377968 total
[2026-01-26T07:04:00.000+0000][66][trace][gc,age      ] GC(420) - age   9:        920 bytes,   19378888 total
[2026-01-26T07:04:00.000+0000][66][trace][gc,age      ] GC(420) - age  10:     248368 bytes,   19627256 total
[2026-01-26T07:04:00.001+0000][66][trace][gc,age      ] GC(420) - age  11:       1736 bytes,   19628992 total
[2026-01-26T07:04:00.001+0000][66][trace][gc,age      ] GC(420) - age  12:        696 bytes,   19629688 total
[2026-01-26T07:04:00.002+0000][66][trace][gc,age      ] GC(420) - age  13:     285536 bytes,   19915224 total
[2026-01-26T07:04:00.002+0000][66][trace][gc,age      ] GC(420) - age  14:       1416 bytes,   19916640 total
[2026-01-26T07:04:00.003+0000][66][trace][gc,age      ] GC(420) - age  15:     108360 bytes,   20025000 total
[2026-01-26T07:04:00.003+0000][66][info ][gc,heap     ] GC(420) Eden regions: 148->0(148)
[2026-01-26T07:04:00.003+0000][66][info ][gc,heap     ] GC(420) Survivor regions: 5->5(20)
[2026-01-26T07:04:00.004+0000][66][info ][gc,heap     ] GC(420) Old regions: 42->42
[2026-01-26T07:04:00.004+0000][66][info ][gc,heap     ] GC(420) Humongous regions: 0->0
[2026-01-26T07:04:00.004+0000][66][info ][gc,metaspace] GC(420) Metaspace: 130974K(136832K)->130974K(136832K) NonClass: 113823K(117440K)->113823K(117440K) Class: 17151K(19392K)->17151K(19392K)
[2026-01-26T07:04:00.005+0000][66][info ][gc          ] GC(420) Pause Young (Normal) (G1 Evacuation Pause) 779M->187M(1024M) 21.440ms
[2026-01-26T07:04:00.005+0000][66][info ][gc,cpu      ] GC(420) User=0.03s Sys=0.01s Real=0.02s
[2026-01-26T07:04:00.006+0000][66][info ][safepoint   ] Safepoint "G1CollectForAllocation", Time since last: 3780935992 ns, Reaching safepoint: 81204 ns, Cleanup: 6701 ns, At safepoint: 22512185 ns, Total: 22600090 ns
[2026-01-26T07:04:02.169+0000][66][info ][gc,start    ] GC(421) Pause Young (Normal) (G1 Evacuation Pause)
[2026-01-26T07:04:02.169+0000][66][info ][gc,task     ] GC(421) Using 6 workers of 6 for evacuation
[2026-01-26T07:04:02.170+0000][66][debug][gc,age      ] GC(421) Desired survivor size 41943040 bytes, new threshold 15 (max threshold 15)
[2026-01-26T07:04:02.177+0000][66][info ][gc,phases   ] GC(421)   Pre Evacuate Collection Set: 0.4ms
[2026-01-26T07:04:02.178+0000][66][info ][gc,phases   ] GC(421)   Merge Heap Roots: 0.2ms
[2026-01-26T07:04:02.178+0000][66][info ][gc,phases   ] GC(421)   Evacuate Collection Set: 4.8ms
[2026-01-26T07:04:02.179+0000][66][info ][gc,phases   ] GC(421)   Post Evacuate Collection Set: 1.3ms
[2026-01-26T07:04:02.179+0000][66][info ][gc,phases   ] GC(421)   Other: 0.9ms
[2026-01-26T07:04:02.179+0000][66][trace][gc,age      ] GC(421) Age table with threshold 15 (max threshold 15)
[2026-01-26T07:04:02.180+0000][66][trace][gc,age      ] GC(421) - age   1:    5172688 bytes,    5172688 total
[2026-01-26T07:04:02.180+0000][66][trace][gc,age      ] GC(421) - age   2:     946576 bytes,    6119264 total
[2026-01-26T07:04:02.181+0000][66][trace][gc,age      ] GC(421) - age   3:    1138600 bytes,    7257864 total
[2026-01-26T07:04:02.181+0000][66][trace][gc,age      ] GC(421) - age   4:       5704 bytes,    7263568 total
[2026-01-26T07:04:02.181+0000][66][trace][gc,age      ] GC(421) - age   5:     281544 bytes,    7545112 total
[2026-01-26T07:04:02.182+0000][66][trace][gc,age      ] GC(421) - age   6:      75936 bytes,    7621048 total
[2026-01-26T07:04:02.182+0000][66][trace][gc,age      ] GC(421) - age   7:     136440 bytes,    7757488 total
[2026-01-26T07:04:02.183+0000][66][trace][gc,age      ] GC(421) - age   8:      69152 bytes,    7826640 total
[2026-01-26T07:04:02.183+0000][66][trace][gc,age      ] GC(421) - age   9:      92520 bytes,    7919160 total
[2026-01-26T07:04:02.183+0000][66][trace][gc,age      ] GC(421) - age  10:        920 bytes,    7920080 total
[2026-01-26T07:04:02.184+0000][66][trace][gc,age      ] GC(421) - age  11:     248368 bytes,    8168448 total
[2026-01-26T07:04:02.184+0000][66][trace][gc,age      ] GC(421) - age  12:       1736 bytes,    8170184 total
[2026-01-26T07:04:02.185+0000][66][trace][gc,age      ] GC(421) - age  13:        696 bytes,    8170880 total
[2026-01-26T07:04:02.185+0000][66][trace][gc,age      ] GC(421) - age  14:     285536 bytes,    8456416 total
[2026-01-26T07:04:02.186+0000][66][trace][gc,age      ] GC(421) - age  15:       1416 bytes,    8457832 total
[2026-01-26T07:04:02.186+0000][66][info ][gc,heap     ] GC(421) Eden regions: 148->0(150)
[2026-01-26T07:04:02.187+0000][66][info ][gc,heap     ] GC(421) Survivor regions: 5->3(20)
[2026-01-26T07:04:02.187+0000][66][info ][gc,heap     ] GC(421) Old regions: 42->42
[2026-01-26T07:04:02.187+0000][66][info ][gc,heap     ] GC(421) Humongous regions: 0->0
[2026-01-26T07:04:02.188+0000][66][info ][gc,metaspace] GC(421) Metaspace: 130974K(136832K)->130974K(136832K) NonClass: 113823K(117440K)->113823K(117440K) Class: 17151K(19392K)->17151K(19392K)
[2026-01-26T07:04:02.188+0000][66][info ][gc          ] GC(421) Pause Young (Normal) (G1 Evacuation Pause) 779M->175M(1024M) 19.556ms
[2026-01-26T07:04:02.189+0000][66][info ][gc,cpu      ] GC(421) User=0.02s Sys=0.00s Real=0.02s
[2026-01-26T07:04:02.189+0000][66][info ][safepoint   ] Safepoint "G1CollectForAllocation", Time since last: 2164885774 ns, Reaching safepoint: 126807 ns, Cleanup: 6201 ns, At safepoint: 20588275 ns, Total: 20721283 ns
[2026-01-26T07:04:05.152+0000][66][info ][gc,start    ] GC(422) Pause Young (Normal) (G1 Evacuation Pause)
[2026-01-26T07:04:05.152+0000][66][info ][gc,task     ] GC(422) Using 6 workers of 6 for evacuation
[2026-01-26T07:04:05.152+0000][66][debug][gc,age      ] GC(422) Desired survivor size 41943040 bytes, new threshold 15 (max threshold 15)
[2026-01-26T07:04:05.160+0000][66][info ][gc,phases   ] GC(422)   Pre Evacuate Collection Set: 0.4ms
[2026-01-26T07:04:05.161+0000][66][info ][gc,phases   ] GC(422)   Merge Heap Roots: 0.2ms
[2026-01-26T07:04:05.161+0000][66][info ][gc,phases   ] GC(422)   Evacuate Collection Set: 5.2ms
[2026-01-26T07:04:05.161+0000][66][info ][gc,phases   ] GC(422)   Post Evacuate Collection Set: 1.5ms
[2026-01-26T07:04:05.162+0000][66][info ][gc,phases   ] GC(422)   Other: 0.8ms
[2026-01-26T07:04:05.162+0000][66][trace][gc,age      ] GC(422) Age table with threshold 15 (max threshold 15)
[2026-01-26T07:04:05.162+0000][66][trace][gc,age      ] GC(422) - age   1:    9092040 bytes,    9092040 total
[2026-01-26T07:04:05.163+0000][66][trace][gc,age      ] GC(422) - age   2:    1901256 bytes,   10993296 total
[2026-01-26T07:04:05.163+0000][66][trace][gc,age      ] GC(422) - age   3:     946024 bytes,   11939320 total
[2026-01-26T07:04:05.163+0000][66][trace][gc,age      ] GC(422) - age   4:    1138600 bytes,   13077920 total
[2026-01-26T07:04:05.164+0000][66][trace][gc,age      ] GC(422) - age   5:       5304 bytes,   13083224 total
[2026-01-26T07:04:05.164+0000][66][trace][gc,age      ] GC(422) - age   6:     281360 bytes,   13364584 total
[2026-01-26T07:04:05.165+0000][66][trace][gc,age      ] GC(422) - age   7:      75936 bytes,   13440520 total
[2026-01-26T07:04:05.165+0000][66][trace][gc,age      ] GC(422) - age   8:     136440 bytes,   13576960 total
[2026-01-26T07:04:05.165+0000][66][trace][gc,age      ] GC(422) - age   9:      69152 bytes,   13646112 total
[2026-01-26T07:04:05.166+0000][66][trace][gc,age      ] GC(422) - age  10:      92520 bytes,   13738632 total
[2026-01-26T07:04:05.166+0000][66][trace][gc,age      ] GC(422) - age  11:        920 bytes,   13739552 total
[2026-01-26T07:04:05.166+0000][66][trace][gc,age      ] GC(422) - age  12:     248368 bytes,   13987920 total
[2026-01-26T07:04:05.167+0000][66][trace][gc,age      ] GC(422) - age  13:       1736 bytes,   13989656 total
[2026-01-26T07:04:05.167+0000][66][trace][gc,age      ] GC(422) - age  14:        696 bytes,   13990352 total
[2026-01-26T07:04:05.167+0000][66][trace][gc,age      ] GC(422) - age  15:     285536 bytes,   14275888 total
[2026-01-26T07:04:05.168+0000][66][info ][gc,heap     ] GC(422) Eden regions: 150->0(149)
[2026-01-26T07:04:05.168+0000][66][info ][gc,heap     ] GC(422) Survivor regions: 3->4(20)
[2026-01-26T07:04:05.168+0000][66][info ][gc,heap     ] GC(422) Old regions: 42->42
[2026-01-26T07:04:05.169+0000][66][info ][gc,heap     ] GC(422) Humongous regions: 0->0
[2026-01-26T07:04:05.169+0000][66][info ][gc,metaspace] GC(422) Metaspace: 130974K(136832K)->130974K(136832K) NonClass: 113823K(117440K)->113823K(117440K) Class: 17151K(19392K)->17151K(19392K)
[2026-01-26T07:04:05.169+0000][66][info ][gc          ] GC(422) Pause Young (Normal) (G1 Evacuation Pause) 775M->182M(1024M) 17.619ms
[2026-01-26T07:04:05.170+0000][66][info ][gc,cpu      ] GC(422) User=0.03s Sys=0.00s Real=0.02s
[2026-01-26T07:04:05.170+0000][66][info ][safepoint   ] Safepoint "G1CollectForAllocation", Time since last: 2962171166 ns, Reaching safepoint: 181313 ns, Cleanup: 6000 ns, At safepoint: 18490224 ns, Total: 18677537 ns
[2026-01-26T07:04:12.164+0000][66][info ][gc,start    ] GC(423) Pause Young (Normal) (G1 Evacuation Pause)
[2026-01-26T07:04:12.165+0000][66][info ][gc,task     ] GC(423) Using 6 workers of 6 for evacuation
[2026-01-26T07:04:12.165+0000][66][debug][gc,age      ] GC(423) Desired survivor size 41943040 bytes, new threshold 15 (max threshold 15)
[2026-01-26T07:04:12.184+0000][66][info ][gc,phases   ] GC(423)   Pre Evacuate Collection Set: 0.5ms
[2026-01-26T07:04:12.184+0000][66][info ][gc,phases   ] GC(423)   Merge Heap Roots: 0.4ms
[2026-01-26T07:04:12.184+0000][66][info ][gc,phases   ] GC(423)   Evacuate Collection Set: 15.1ms
[2026-01-26T07:04:12.185+0000][66][info ][gc,phases   ] GC(423)   Post Evacuate Collection Set: 1.8ms
[2026-01-26T07:04:12.185+0000][66][info ][gc,phases   ] GC(423)   Other: 0.8ms
[2026-01-26T07:04:12.185+0000][66][trace][gc,age      ] GC(423) Age table with threshold 15 (max threshold 15)
[2026-01-26T07:04:12.186+0000][66][trace][gc,age      ] GC(423) - age   1:   12962880 bytes,   12962880 total
[2026-01-26T07:04:12.186+0000][66][trace][gc,age      ] GC(423) - age   2:    3363216 bytes,   16326096 total
[2026-01-26T07:04:12.187+0000][66][trace][gc,age      ] GC(423) - age   3:    1720984 bytes,   18047080 total
[2026-01-26T07:04:12.187+0000][66][trace][gc,age      ] GC(423) - age   4:     545592 bytes,   18592672 total
[2026-01-26T07:04:12.187+0000][66][trace][gc,age      ] GC(423) - age   5:    1137816 bytes,   19730488 total
[2026-01-26T07:04:12.188+0000][66][trace][gc,age      ] GC(423) - age   6:       1256 bytes,   19731744 total
[2026-01-26T07:04:12.188+0000][66][trace][gc,age      ] GC(423) - age   7:     281272 bytes,   20013016 total
[2026-01-26T07:04:12.188+0000][66][trace][gc,age      ] GC(423) - age   8:      75936 bytes,   20088952 total
[2026-01-26T07:04:12.189+0000][66][trace][gc,age      ] GC(423) - age   9:     136264 bytes,   20225216 total
[2026-01-26T07:04:12.189+0000][66][trace][gc,age      ] GC(423) - age  10:      69152 bytes,   20294368 total
[2026-01-26T07:04:12.189+0000][66][trace][gc,age      ] GC(423) - age  11:      92520 bytes,   20386888 total
[2026-01-26T07:04:12.189+0000][66][trace][gc,age      ] GC(423) - age  12:        920 bytes,   20387808 total
[2026-01-26T07:04:12.190+0000][66][trace][gc,age      ] GC(423) - age  13:     248368 bytes,   20636176 total
[2026-01-26T07:04:12.190+0000][66][trace][gc,age      ] GC(423) - age  14:       1736 bytes,   20637912 total
[2026-01-26T07:04:12.190+0000][66][trace][gc,age      ] GC(423) - age  15:        696 bytes,   20638608 total
[2026-01-26T07:04:12.191+0000][66][info ][gc,heap     ] GC(423) Eden regions: 149->0(147)
[2026-01-26T07:04:12.191+0000][66][info ][gc,heap     ] GC(423) Survivor regions: 4->6(20)
[2026-01-26T07:04:12.191+0000][66][info ][gc,heap     ] GC(423) Old regions: 42->42
[2026-01-26T07:04:12.192+0000][66][info ][gc,heap     ] GC(423) Humongous regions: 0->0
[2026-01-26T07:04:12.192+0000][66][info ][gc,metaspace] GC(423) Metaspace: 130974K(136832K)->130974K(136832K) NonClass: 113823K(117440K)->113823K(117440K) Class: 17151K(19392K)->17151K(19392K)
[2026-01-26T07:04:12.193+0000][66][info ][gc          ] GC(423) Pause Young (Normal) (G1 Evacuation Pause) 778M->187M(1024M) 28.249ms
[2026-01-26T07:04:12.193+0000][66][info ][gc,cpu      ] GC(423) User=0.06s Sys=0.01s Real=0.03s
[2026-01-26T07:04:12.194+0000][66][info ][safepoint   ] Safepoint "G1CollectForAllocation", Time since last: 6994018527 ns, Reaching safepoint: 128809 ns, Cleanup: 6700 ns, At safepoint: 29365003 ns, Total: 29500512 ns
[2026-01-26T07:04:14.923+0000][66][info ][safepoint   ] Safepoint "Cleanup", Time since last: 2729156241 ns, Reaching safepoint: 107508 ns, Cleanup: 12101 ns, At safepoint: 50704 ns, Total: 170313 ns
[2026-01-26T07:04:24.265+0000][66][info ][gc,start    ] GC(424) Pause Young (Normal) (G1 Evacuation Pause)
[2026-01-26T07:04:24.265+0000][66][info ][gc,task     ] GC(424) Using 6 workers of 6 for evacuation
[2026-01-26T07:04:24.266+0000][66][debug][gc,age      ] GC(424) Desired survivor size 41943040 bytes, new threshold 15 (max threshold 15)
[2026-01-26T07:04:24.276+0000][66][info ][gc,phases   ] GC(424)   Pre Evacuate Collection Set: 0.4ms
[2026-01-26T07:04:24.277+0000][66][info ][gc,phases   ] GC(424)   Merge Heap Roots: 0.2ms
[2026-01-26T07:04:24.277+0000][66][info ][gc,phases   ] GC(424)   Evacuate Collection Set: 7.6ms
[2026-01-26T07:04:24.277+0000][66][info ][gc,phases   ] GC(424)   Post Evacuate Collection Set: 1.4ms
[2026-01-26T07:04:24.278+0000][66][info ][gc,phases   ] GC(424)   Other: 1.1ms
[2026-01-26T07:04:24.278+0000][66][trace][gc,age      ] GC(424) Age table with threshold 15 (max threshold 15)
[2026-01-26T07:04:24.279+0000][66][trace][gc,age      ] GC(424) - age   1:   17939264 bytes,   17939264 total
[2026-01-26T07:04:24.279+0000][66][trace][gc,age      ] GC(424) - age   2:    1549992 bytes,   19489256 total
[2026-01-26T07:04:24.280+0000][66][trace][gc,age      ] GC(424) - age   3:        336 bytes,   19489592 total
[2026-01-26T07:04:24.280+0000][66][trace][gc,age      ] GC(424) - age   4:      73144 bytes,   19562736 total
[2026-01-26T07:04:24.280+0000][66][trace][gc,age      ] GC(424) - age   5:        760 bytes,   19563496 total
[2026-01-26T07:04:24.281+0000][66][trace][gc,age      ] GC(424) - age   6:      74016 bytes,   19637512 total
[2026-01-26T07:04:24.281+0000][66][trace][gc,age      ] GC(424) - age   7:       1232 bytes,   19638744 total
[2026-01-26T07:04:24.281+0000][66][trace][gc,age      ] GC(424) - age   8:     280192 bytes,   19918936 total
[2026-01-26T07:04:24.282+0000][66][trace][gc,age      ] GC(424) - age   9:      75560 bytes,   19994496 total
[2026-01-26T07:04:24.282+0000][66][trace][gc,age      ] GC(424) - age  10:     134576 bytes,   20129072 total
[2026-01-26T07:04:24.282+0000][66][trace][gc,age      ] GC(424) - age  11:      68848 bytes,   20197920 total
[2026-01-26T07:04:24.283+0000][66][trace][gc,age      ] GC(424) - age  12:      92520 bytes,   20290440 total
[2026-01-26T07:04:24.283+0000][66][trace][gc,age      ] GC(424) - age  13:        920 bytes,   20291360 total
[2026-01-26T07:04:24.283+0000][66][trace][gc,age      ] GC(424) - age  14:     248048 bytes,   20539408 total
[2026-01-26T07:04:24.284+0000][66][trace][gc,age      ] GC(424) - age  15:       1736 bytes,   20541144 total
[2026-01-26T07:04:24.284+0000][66][info ][gc,heap     ] GC(424) Eden regions: 147->0(147)
[2026-01-26T07:04:24.284+0000][66][info ][gc,heap     ] GC(424) Survivor regions: 6->6(20)
[2026-01-26T07:04:24.284+0000][66][info ][gc,heap     ] GC(424) Old regions: 42->42
[2026-01-26T07:04:24.285+0000][66][info ][gc,heap     ] GC(424) Humongous regions: 0->0
[2026-01-26T07:04:24.285+0000][66][info ][gc,metaspace] GC(424) Metaspace: 130978K(136832K)->130978K(136832K) NonClass: 113827K(117440K)->113827K(117440K) Class: 17151K(19392K)->17151K(19392K)
[2026-01-26T07:04:24.285+0000][66][info ][gc          ] GC(424) Pause Young (Normal) (G1 Evacuation Pause) 775M->188M(1024M) 20.522ms
[2026-01-26T07:04:24.286+0000][66][info ][gc,cpu      ] GC(424) User=0.03s Sys=0.01s Real=0.02s
[2026-01-26T07:04:24.286+0000][66][info ][safepoint   ] Safepoint "G1CollectForAllocation", Time since last: 9341491734 ns, Reaching safepoint: 145210 ns, Cleanup: 6600 ns, At safepoint: 21248925 ns, Total: 21400735 ns
[2026-01-26T07:04:25.606+0000][66][info ][safepoint   ] Safepoint "Cleanup", Time since last: 1319112868 ns, Reaching safepoint: 434131 ns, Cleanup: 10001 ns, At safepoint: 89806 ns, Total: 533938 ns
[2026-01-26T07:04:33.938+0000][66][info ][gc,start    ] GC(425) Pause Young (Normal) (G1 Evacuation Pause)
[2026-01-26T07:04:33.938+0000][66][info ][gc,task     ] GC(425) Using 6 workers of 6 for evacuation
[2026-01-26T07:04:33.938+0000][66][debug][gc,age      ] GC(425) Desired survivor size 41943040 bytes, new threshold 15 (max threshold 15)
[2026-01-26T07:04:33.946+0000][66][info ][gc,phases   ] GC(425)   Pre Evacuate Collection Set: 0.4ms
[2026-01-26T07:04:33.946+0000][66][info ][gc,phases   ] GC(425)   Merge Heap Roots: 0.1ms
[2026-01-26T07:04:33.947+0000][66][info ][gc,phases   ] GC(425)   Evacuate Collection Set: 5.6ms
[2026-01-26T07:04:33.947+0000][66][info ][gc,phases   ] GC(425)   Post Evacuate Collection Set: 1.1ms
[2026-01-26T07:04:33.947+0000][66][info ][gc,phases   ] GC(425)   Other: 0.8ms
[2026-01-26T07:04:33.947+0000][66][trace][gc,age      ] GC(425) Age table with threshold 15 (max threshold 15)
[2026-01-26T07:04:33.948+0000][66][trace][gc,age      ] GC(425) - age   1:   16879744 bytes,   16879744 total
[2026-01-26T07:04:33.948+0000][66][trace][gc,age      ] GC(425) - age   2:    1109432 bytes,   17989176 total
[2026-01-26T07:04:33.948+0000][66][trace][gc,age      ] GC(425) - age   3:       4680 bytes,   17993856 total
[2026-01-26T07:04:33.949+0000][66][trace][gc,age      ] GC(425) - age   4:        152 bytes,   17994008 total
[2026-01-26T07:04:33.949+0000][66][trace][gc,age      ] GC(425) - age   5:      69128 bytes,   18063136 total
[2026-01-26T07:04:33.949+0000][66][trace][gc,age      ] GC(425) - age   6:        496 bytes,   18063632 total
[2026-01-26T07:04:33.950+0000][66][trace][gc,age      ] GC(425) - age   7:       2760 bytes,   18066392 total
[2026-01-26T07:04:33.950+0000][66][trace][gc,age      ] GC(425) - age   8:       1200 bytes,   18067592 total
[2026-01-26T07:04:33.950+0000][66][trace][gc,age      ] GC(425) - age   9:     278296 bytes,   18345888 total
[2026-01-26T07:04:33.950+0000][66][trace][gc,age      ] GC(425) - age  10:      74616 bytes,   18420504 total
[2026-01-26T07:04:33.951+0000][66][trace][gc,age      ] GC(425) - age  11:       2784 bytes,   18423288 total
[2026-01-26T07:04:33.951+0000][66][trace][gc,age      ] GC(425) - age  12:       1080 bytes,   18424368 total
[2026-01-26T07:04:33.951+0000][66][trace][gc,age      ] GC(425) - age  13:      92520 bytes,   18516888 total
[2026-01-26T07:04:33.951+0000][66][trace][gc,age      ] GC(425) - age  14:        920 bytes,   18517808 total
[2026-01-26T07:04:33.952+0000][66][trace][gc,age      ] GC(425) - age  15:     157584 bytes,   18675392 total
[2026-01-26T07:04:33.952+0000][66][info ][gc,heap     ] GC(425) Eden regions: 147->0(148)
[2026-01-26T07:04:33.952+0000][66][info ][gc,heap     ] GC(425) Survivor regions: 6->5(20)
[2026-01-26T07:04:33.952+0000][66][info ][gc,heap     ] GC(425) Old regions: 42->42
[2026-01-26T07:04:33.953+0000][66][info ][gc,heap     ] GC(425) Humongous regions: 0->0
[2026-01-26T07:04:33.953+0000][66][info ][gc,metaspace] GC(425) Metaspace: 130984K(136832K)->130984K(136832K) NonClass: 113833K(117440K)->113833K(117440K) Class: 17151K(19392K)->17151K(19392K)
[2026-01-26T07:04:33.953+0000][66][info ][gc          ] GC(425) Pause Young (Normal) (G1 Evacuation Pause) 776M->186M(1024M) 15.622ms
[2026-01-26T07:04:33.953+0000][66][info ][gc,cpu      ] GC(425) User=0.03s Sys=0.01s Real=0.02s
[2026-01-26T07:04:33.954+0000][66][info ][safepoint   ] Safepoint "G1CollectForAllocation", Time since last: 8334262876 ns, Reaching safepoint: 16101 ns, Cleanup: 3701 ns, At safepoint: 16243117 ns, Total: 16262919 ns
[2026-01-26T07:04:37.255+0000][66][info ][safepoint   ] Safepoint "Cleanup", Time since last: 3301740579 ns, Reaching safepoint: 7101 ns, Cleanup: 7000 ns, At safepoint: 2300 ns, Total: 16401 ns
[2026-01-26T07:04:42.733+0000][66][info ][gc,start    ] GC(426) Pause Young (Normal) (G1 Evacuation Pause)
[2026-01-26T07:04:42.733+0000][66][info ][gc,task     ] GC(426) Using 6 workers of 6 for evacuation
[2026-01-26T07:04:42.734+0000][66][debug][gc,age      ] GC(426) Desired survivor size 41943040 bytes, new threshold 15 (max threshold 15)
[2026-01-26T07:04:42.740+0000][66][info ][gc,phases   ] GC(426)   Pre Evacuate Collection Set: 0.3ms
[2026-01-26T07:04:42.741+0000][66][info ][gc,phases   ] GC(426)   Merge Heap Roots: 0.1ms
[2026-01-26T07:04:42.741+0000][66][info ][gc,phases   ] GC(426)   Evacuate Collection Set: 4.6ms
[2026-01-26T07:04:42.741+0000][66][info ][gc,phases   ] GC(426)   Post Evacuate Collection Set: 1.0ms
[2026-01-26T07:04:42.742+0000][66][info ][gc,phases   ] GC(426)   Other: 0.8ms
[2026-01-26T07:04:42.742+0000][66][trace][gc,age      ] GC(426) Age table with threshold 15 (max threshold 15)
[2026-01-26T07:04:42.743+0000][66][trace][gc,age      ] GC(426) - age   1:   13940408 bytes,   13940408 total
[2026-01-26T07:04:42.743+0000][66][trace][gc,age      ] GC(426) - age   2:     252608 bytes,   14193016 total
[2026-01-26T07:04:42.743+0000][66][trace][gc,age      ] GC(426) - age   3:      74696 bytes,   14267712 total
[2026-01-26T07:04:42.744+0000][66][trace][gc,age      ] GC(426) - age   4:        608 bytes,   14268320 total
[2026-01-26T07:04:42.744+0000][66][trace][gc,age      ] GC(426) - age   5:         64 bytes,   14268384 total
[2026-01-26T07:04:42.744+0000][66][trace][gc,age      ] GC(426) - age   6:      69128 bytes,   14337512 total
[2026-01-26T07:04:42.745+0000][66][trace][gc,age      ] GC(426) - age   7:        496 bytes,   14338008 total
[2026-01-26T07:04:42.745+0000][66][trace][gc,age      ] GC(426) - age   8:       2760 bytes,   14340768 total
[2026-01-26T07:04:42.745+0000][66][trace][gc,age      ] GC(426) - age   9:        936 bytes,   14341704 total
[2026-01-26T07:04:42.746+0000][66][trace][gc,age      ] GC(426) - age  10:     207248 bytes,   14548952 total
[2026-01-26T07:04:42.746+0000][66][trace][gc,age      ] GC(426) - age  11:      74616 bytes,   14623568 total
[2026-01-26T07:04:42.746+0000][66][trace][gc,age      ] GC(426) - age  12:       1600 bytes,   14625168 total
[2026-01-26T07:04:42.746+0000][66][trace][gc,age      ] GC(426) - age  13:        144 bytes,   14625312 total
[2026-01-26T07:04:42.747+0000][66][trace][gc,age      ] GC(426) - age  14:      92184 bytes,   14717496 total
[2026-01-26T07:04:42.747+0000][66][trace][gc,age      ] GC(426) - age  15:        584 bytes,   14718080 total
[2026-01-26T07:04:42.747+0000][66][info ][gc,heap     ] GC(426) Eden regions: 148->0(149)
[2026-01-26T07:04:42.747+0000][66][info ][gc,heap     ] GC(426) Survivor regions: 5->4(20)
[2026-01-26T07:04:42.748+0000][66][info ][gc,heap     ] GC(426) Old regions: 42->42
[2026-01-26T07:04:42.748+0000][66][info ][gc,heap     ] GC(426) Humongous regions: 0->0
[2026-01-26T07:04:42.748+0000][66][info ][gc,metaspace] GC(426) Metaspace: 130984K(136832K)->130984K(136832K) NonClass: 113833K(117440K)->113833K(117440K) Class: 17151K(19392K)->17151K(19392K)
[2026-01-26T07:04:42.748+0000][66][info ][gc          ] GC(426) Pause Young (Normal) (G1 Evacuation Pause) 778M->182M(1024M) 15.431ms
[2026-01-26T07:04:42.749+0000][66][info ][gc,cpu      ] GC(426) User=0.02s Sys=0.01s Real=0.01s
[2026-01-26T07:04:42.749+0000][66][info ][safepoint   ] Safepoint "G1CollectForAllocation", Time since last: 5477435750 ns, Reaching safepoint: 17001 ns, Cleanup: 4500 ns, At safepoint: 16149239 ns, Total: 16170740 ns
[2026-01-26T07:04:51.438+0000][66][info ][gc,start    ] GC(427) Pause Young (Normal) (G1 Evacuation Pause)
[2026-01-26T07:04:51.438+0000][66][info ][gc,task     ] GC(427) Using 6 workers of 6 for evacuation
[2026-01-26T07:04:51.439+0000][66][debug][gc,age      ] GC(427) Desired survivor size 41943040 bytes, new threshold 15 (max threshold 15)
[2026-01-26T07:04:51.445+0000][66][info ][gc,phases   ] GC(427)   Pre Evacuate Collection Set: 0.3ms
[2026-01-26T07:04:51.445+0000][66][info ][gc,phases   ] GC(427)   Merge Heap Roots: 0.2ms
[2026-01-26T07:04:51.445+0000][66][info ][gc,phases   ] GC(427)   Evacuate Collection Set: 4.2ms
[2026-01-26T07:04:51.446+0000][66][info ][gc,phases   ] GC(427)   Post Evacuate Collection Set: 1.0ms
[2026-01-26T07:04:51.446+0000][66][info ][gc,phases   ] GC(427)   Other: 0.9ms
[2026-01-26T07:04:51.447+0000][66][trace][gc,age      ] GC(427) Age table with threshold 15 (max threshold 15)
[2026-01-26T07:04:51.447+0000][66][trace][gc,age      ] GC(427) - age   1:   10752856 bytes,   10752856 total
[2026-01-26T07:04:51.447+0000][66][trace][gc,age      ] GC(427) - age   2:     282392 bytes,   11035248 total
[2026-01-26T07:04:51.448+0000][66][trace][gc,age      ] GC(427) - age   3:     250440 bytes,   11285688 total
[2026-01-26T07:04:51.448+0000][66][trace][gc,age      ] GC(427) - age   4:      74128 bytes,   11359816 total
[2026-01-26T07:04:51.448+0000][66][trace][gc,age      ] GC(427) - age   5:        608 bytes,   11360424 total
[2026-01-26T07:04:51.449+0000][66][trace][gc,age      ] GC(427) - age   6:         64 bytes,   11360488 total
[2026-01-26T07:04:51.449+0000][66][trace][gc,age      ] GC(427) - age   7:      69128 bytes,   11429616 total
[2026-01-26T07:04:51.449+0000][66][trace][gc,age      ] GC(427) - age   8:        496 bytes,   11430112 total
[2026-01-26T07:04:51.450+0000][66][trace][gc,age      ] GC(427) - age   9:       2760 bytes,   11432872 total
[2026-01-26T07:04:51.450+0000][66][trace][gc,age      ] GC(427) - age  10:        936 bytes,   11433808 total
[2026-01-26T07:04:51.450+0000][66][trace][gc,age      ] GC(427) - age  11:     207248 bytes,   11641056 total
[2026-01-26T07:04:51.451+0000][66][trace][gc,age      ] GC(427) - age  12:      74616 bytes,   11715672 total
[2026-01-26T07:04:51.451+0000][66][trace][gc,age      ] GC(427) - age  13:       1600 bytes,   11717272 total
[2026-01-26T07:04:51.451+0000][66][trace][gc,age      ] GC(427) - age  14:        144 bytes,   11717416 total
[2026-01-26T07:04:51.452+0000][66][trace][gc,age      ] GC(427) - age  15:      92184 bytes,   11809600 total
[2026-01-26T07:04:51.452+0000][66][info ][gc,heap     ] GC(427) Eden regions: 149->0(150)
[2026-01-26T07:04:51.452+0000][66][info ][gc,heap     ] GC(427) Survivor regions: 4->3(20)
[2026-01-26T07:04:51.453+0000][66][info ][gc,heap     ] GC(427) Old regions: 42->42
[2026-01-26T07:04:51.453+0000][66][info ][gc,heap     ] GC(427) Humongous regions: 0->0
[2026-01-26T07:04:51.453+0000][66][info ][gc,metaspace] GC(427) Metaspace: 130984K(136832K)->130984K(136832K) NonClass: 113833K(117440K)->113833K(117440K) Class: 17151K(19392K)->17151K(19392K)
[2026-01-26T07:04:51.454+0000][66][info ][gc          ] GC(427) Pause Young (Normal) (G1 Evacuation Pause) 778M->179M(1024M) 16.132ms
[2026-01-26T07:04:51.454+0000][66][info ][gc,cpu      ] GC(427) User=0.01s Sys=0.01s Real=0.02s
[2026-01-26T07:04:51.454+0000][66][info ][safepoint   ] Safepoint "G1CollectForAllocation", Time since last: 8688441050 ns, Reaching safepoint: 17202 ns, Cleanup: 4500 ns, At safepoint: 16944510 ns, Total: 16966212 ns
[2026-01-26T07:05:00.634+0000][66][info ][gc,start    ] GC(428) Pause Young (Normal) (G1 Evacuation Pause)
[2026-01-26T07:05:00.634+0000][66][info ][gc,task     ] GC(428) Using 6 workers of 6 for evacuation
[2026-01-26T07:05:00.635+0000][66][debug][gc,age      ] GC(428) Desired survivor size 41943040 bytes, new threshold 15 (max threshold 15)
[2026-01-26T07:05:00.644+0000][66][info ][gc,phases   ] GC(428)   Pre Evacuate Collection Set: 0.4ms
[2026-01-26T07:05:00.645+0000][66][info ][gc,phases   ] GC(428)   Merge Heap Roots: 0.2ms
[2026-01-26T07:05:00.645+0000][66][info ][gc,phases   ] GC(428)   Evacuate Collection Set: 7.7ms
[2026-01-26T07:05:00.646+0000][66][info ][gc,phases   ] GC(428)   Post Evacuate Collection Set: 1.0ms
[2026-01-26T07:05:00.646+0000][66][info ][gc,phases   ] GC(428)   Other: 0.6ms
[2026-01-26T07:05:00.646+0000][66][trace][gc,age      ] GC(428) Age table with threshold 15 (max threshold 15)
[2026-01-26T07:05:00.646+0000][66][trace][gc,age      ] GC(428) - age   1:   17666072 bytes,   17666072 total
[2026-01-26T07:05:00.647+0000][66][trace][gc,age      ] GC(428) - age   2:    4969600 bytes,   22635672 total
[2026-01-26T07:05:00.647+0000][66][trace][gc,age      ] GC(428) - age   3:     282024 bytes,   22917696 total
[2026-01-26T07:05:00.647+0000][66][trace][gc,age      ] GC(428) - age   4:     250264 bytes,   23167960 total
[2026-01-26T07:05:00.648+0000][66][trace][gc,age      ] GC(428) - age   5:      73880 bytes,   23241840 total
[2026-01-26T07:05:00.648+0000][66][trace][gc,age      ] GC(428) - age   6:        608 bytes,   23242448 total
[2026-01-26T07:05:00.648+0000][66][trace][gc,age      ] GC(428) - age   7:         64 bytes,   23242512 total
[2026-01-26T07:05:00.648+0000][66][trace][gc,age      ] GC(428) - age   8:      69128 bytes,   23311640 total
[2026-01-26T07:05:00.649+0000][66][trace][gc,age      ] GC(428) - age   9:        432 bytes,   23312072 total
[2026-01-26T07:05:00.649+0000][66][trace][gc,age      ] GC(428) - age  10:       2760 bytes,   23314832 total
[2026-01-26T07:05:00.649+0000][66][trace][gc,age      ] GC(428) - age  11:        936 bytes,   23315768 total
[2026-01-26T07:05:00.650+0000][66][trace][gc,age      ] GC(428) - age  12:     207248 bytes,   23523016 total
[2026-01-26T07:05:00.650+0000][66][trace][gc,age      ] GC(428) - age  13:      74616 bytes,   23597632 total
[2026-01-26T07:05:00.650+0000][66][trace][gc,age      ] GC(428) - age  14:       1600 bytes,   23599232 total
[2026-01-26T07:05:00.650+0000][66][trace][gc,age      ] GC(428) - age  15:        144 bytes,   23599376 total
[2026-01-26T07:05:00.651+0000][66][info ][gc,heap     ] GC(428) Eden regions: 150->0(147)
[2026-01-26T07:05:00.651+0000][66][info ][gc,heap     ] GC(428) Survivor regions: 3->6(20)
[2026-01-26T07:05:00.651+0000][66][info ][gc,heap     ] GC(428) Old regions: 42->42
[2026-01-26T07:05:00.651+0000][66][info ][gc,heap     ] GC(428) Humongous regions: 0->0
[2026-01-26T07:05:00.652+0000][66][info ][gc,metaspace] GC(428) Metaspace: 130985K(136832K)->130985K(136832K) NonClass: 113834K(117440K)->113834K(117440K) Class: 17151K(19392K)->17151K(19392K)
[2026-01-26T07:05:00.652+0000][66][info ][gc          ] GC(428) Pause Young (Normal) (G1 Evacuation Pause) 779M->191M(1024M) 17.679ms
[2026-01-26T07:05:00.652+0000][66][info ][gc,cpu      ] GC(428) User=0.03s Sys=0.01s Real=0.01s
[2026-01-26T07:05:00.653+0000][66][info ][safepoint   ] Safepoint "G1CollectForAllocation", Time since last: 9179679060 ns, Reaching safepoint: 27102 ns, Cleanup: 4500 ns, At safepoint: 18300407 ns, Total: 18332009 ns
[2026-01-26T07:05:11.714+0000][66][info ][gc,start    ] GC(429) Pause Young (Normal) (G1 Evacuation Pause)
[2026-01-26T07:05:11.715+0000][66][info ][gc,task     ] GC(429) Using 6 workers of 6 for evacuation
[2026-01-26T07:05:11.716+0000][66][debug][gc,age      ] GC(429) Desired survivor size 41943040 bytes, new threshold 15 (max threshold 15)
[2026-01-26T07:05:11.725+0000][66][info ][gc,phases   ] GC(429)   Pre Evacuate Collection Set: 0.4ms
[2026-01-26T07:05:11.726+0000][66][info ][gc,phases   ] GC(429)   Merge Heap Roots: 0.2ms
[2026-01-26T07:05:11.726+0000][66][info ][gc,phases   ] GC(429)   Evacuate Collection Set: 7.3ms
[2026-01-26T07:05:11.727+0000][66][info ][gc,phases   ] GC(429)   Post Evacuate Collection Set: 1.2ms
[2026-01-26T07:05:11.727+0000][66][info ][gc,phases   ] GC(429)   Other: 1.1ms
[2026-01-26T07:05:11.728+0000][66][trace][gc,age      ] GC(429) Age table with threshold 15 (max threshold 15)
[2026-01-26T07:05:11.728+0000][66][trace][gc,age      ] GC(429) - age   1:   21973536 bytes,   21973536 total
[2026-01-26T07:05:11.729+0000][66][trace][gc,age      ] GC(429) - age   2:    1619008 bytes,   23592544 total
[2026-01-26T07:05:11.729+0000][66][trace][gc,age      ] GC(429) - age   3:      73072 bytes,   23665616 total
[2026-01-26T07:05:11.730+0000][66][trace][gc,age      ] GC(429) - age   4:     273336 bytes,   23938952 total
[2026-01-26T07:05:11.730+0000][66][trace][gc,age      ] GC(429) - age   5:     248520 bytes,   24187472 total
[2026-01-26T07:05:11.730+0000][66][trace][gc,age      ] GC(429) - age   6:      73816 bytes,   24261288 total
[2026-01-26T07:05:11.731+0000][66][trace][gc,age      ] GC(429) - age   7:        432 bytes,   24261720 total
[2026-01-26T07:05:11.731+0000][66][trace][gc,age      ] GC(429) - age   8:         64 bytes,   24261784 total
[2026-01-26T07:05:11.732+0000][66][trace][gc,age      ] GC(429) - age   9:      69128 bytes,   24330912 total
[2026-01-26T07:05:11.732+0000][66][trace][gc,age      ] GC(429) - age  10:        432 bytes,   24331344 total
[2026-01-26T07:05:11.733+0000][66][trace][gc,age      ] GC(429) - age  11:       2760 bytes,   24334104 total
[2026-01-26T07:05:11.733+0000][66][trace][gc,age      ] GC(429) - age  12:        936 bytes,   24335040 total
[2026-01-26T07:05:11.733+0000][66][trace][gc,age      ] GC(429) - age  13:     207248 bytes,   24542288 total
[2026-01-26T07:05:11.734+0000][66][trace][gc,age      ] GC(429) - age  14:      74616 bytes,   24616904 total
[2026-01-26T07:05:11.734+0000][66][trace][gc,age      ] GC(429) - age  15:       1600 bytes,   24618504 total
[2026-01-26T07:05:11.735+0000][66][info ][gc,heap     ] GC(429) Eden regions: 147->0(146)
[2026-01-26T07:05:11.735+0000][66][info ][gc,heap     ] GC(429) Survivor regions: 6->7(20)
[2026-01-26T07:05:11.736+0000][66][info ][gc,heap     ] GC(429) Old regions: 42->42
[2026-01-26T07:05:11.736+0000][66][info ][gc,heap     ] GC(429) Humongous regions: 0->0
[2026-01-26T07:05:11.736+0000][66][info ][gc,metaspace] GC(429) Metaspace: 130985K(136832K)->130985K(136832K) NonClass: 113834K(117440K)->113834K(117440K) Class: 17151K(19392K)->17151K(19392K)
[2026-01-26T07:05:11.737+0000][66][info ][gc          ] GC(429) Pause Young (Normal) (G1 Evacuation Pause) 779M->192M(1024M) 22.456ms
[2026-01-26T07:05:11.737+0000][66][info ][gc,cpu      ] GC(429) User=0.03s Sys=0.00s Real=0.02s
[2026-01-26T07:05:11.738+0000][66][info ][safepoint   ] Safepoint "G1CollectForAllocation", Time since last: 11063703202 ns, Reaching safepoint: 18402 ns, Cleanup: 4600 ns, At safepoint: 23511382 ns, Total: 23534384 ns
[2026-01-26T07:05:13.850+0000][66][info ][safepoint   ] Safepoint "Cleanup", Time since last: 2112479382 ns, Reaching safepoint: 18301 ns, Cleanup: 17101 ns, At safepoint: 4301 ns, Total: 39703 ns
[2026-01-26T07:05:19.216+0000][66][info ][gc,start    ] GC(430) Pause Young (Normal) (G1 Evacuation Pause)
[2026-01-26T07:05:19.217+0000][66][info ][gc,task     ] GC(430) Using 6 workers of 6 for evacuation
[2026-01-26T07:05:19.217+0000][66][debug][gc,age      ] GC(430) Desired survivor size 41943040 bytes, new threshold 15 (max threshold 15)
[2026-01-26T07:05:19.225+0000][66][info ][gc,phases   ] GC(430)   Pre Evacuate Collection Set: 0.5ms
[2026-01-26T07:05:19.225+0000][66][info ][gc,phases   ] GC(430)   Merge Heap Roots: 0.2ms
[2026-01-26T07:05:19.226+0000][66][info ][gc,phases   ] GC(430)   Evacuate Collection Set: 5.4ms
[2026-01-26T07:05:19.226+0000][66][info ][gc,phases   ] GC(430)   Post Evacuate Collection Set: 1.2ms
[2026-01-26T07:05:19.227+0000][66][info ][gc,phases   ] GC(430)   Other: 0.9ms
[2026-01-26T07:05:19.227+0000][66][trace][gc,age      ] GC(430) Age table with threshold 15 (max threshold 15)
[2026-01-26T07:05:19.227+0000][66][trace][gc,age      ] GC(430) - age   1:   13632160 bytes,   13632160 total
[2026-01-26T07:05:19.228+0000][66][trace][gc,age      ] GC(430) - age   2:    1988048 bytes,   15620208 total
[2026-01-26T07:05:19.231+0000][66][trace][gc,age      ] GC(430) - age   3:       1184 bytes,   15621392 total
[2026-01-26T07:05:19.231+0000][66][trace][gc,age      ] GC(430) - age   4:      69960 bytes,   15691352 total
[2026-01-26T07:05:19.231+0000][66][trace][gc,age      ] GC(430) - age   5:     273152 bytes,   15964504 total
[2026-01-26T07:05:19.232+0000][66][trace][gc,age      ] GC(430) - age   6:     248368 bytes,   16212872 total
[2026-01-26T07:05:19.232+0000][66][trace][gc,age      ] GC(430) - age   7:      73816 bytes,   16286688 total
[2026-01-26T07:05:19.233+0000][66][trace][gc,age      ] GC(430) - age   8:        432 bytes,   16287120 total
[2026-01-26T07:05:19.233+0000][66][trace][gc,age      ] GC(430) - age   9:         64 bytes,   16287184 total
[2026-01-26T07:05:19.234+0000][66][trace][gc,age      ] GC(430) - age  10:      69128 bytes,   16356312 total
[2026-01-26T07:05:19.234+0000][66][trace][gc,age      ] GC(430) - age  11:        432 bytes,   16356744 total
[2026-01-26T07:05:19.234+0000][66][trace][gc,age      ] GC(430) - age  12:       2760 bytes,   16359504 total
[2026-01-26T07:05:19.235+0000][66][trace][gc,age      ] GC(430) - age  13:        936 bytes,   16360440 total
[2026-01-26T07:05:19.235+0000][66][trace][gc,age      ] GC(430) - age  14:     207248 bytes,   16567688 total
[2026-01-26T07:05:19.236+0000][66][trace][gc,age      ] GC(430) - age  15:      74616 bytes,   16642304 total
[2026-01-26T07:05:19.236+0000][66][info ][gc,heap     ] GC(430) Eden regions: 146->0(148)
[2026-01-26T07:05:19.236+0000][66][info ][gc,heap     ] GC(430) Survivor regions: 7->5(20)
[2026-01-26T07:05:19.237+0000][66][info ][gc,heap     ] GC(430) Old regions: 42->42
[2026-01-26T07:05:19.237+0000][66][info ][gc,heap     ] GC(430) Humongous regions: 0->0
[2026-01-26T07:05:19.238+0000][66][info ][gc,metaspace] GC(430) Metaspace: 130987K(136832K)->130987K(136832K) NonClass: 113836K(117440K)->113836K(117440K) Class: 17151K(19392K)->17151K(19392K)
[2026-01-26T07:05:19.238+0000][66][info ][gc          ] GC(430) Pause Young (Normal) (G1 Evacuation Pause) 776M->184M(1024M) 21.824ms
[2026-01-26T07:05:19.238+0000][66][info ][gc,cpu      ] GC(430) User=0.02s Sys=0.00s Real=0.02s
[2026-01-26T07:05:19.239+0000][66][info ][safepoint   ] Safepoint "G1CollectForAllocation", Time since last: 5365678013 ns, Reaching safepoint: 17901 ns, Cleanup: 4801 ns, At safepoint: 22727728 ns, Total: 22750430 ns
[2026-01-26T07:05:21.352+0000][66][info ][gc,start    ] GC(431) Pause Young (Normal) (G1 Evacuation Pause)
[2026-01-26T07:05:21.352+0000][66][info ][gc,task     ] GC(431) Using 6 workers of 6 for evacuation
[2026-01-26T07:05:21.353+0000][66][debug][gc,age      ] GC(431) Desired survivor size 41943040 bytes, new threshold 15 (max threshold 15)
[2026-01-26T07:05:21.362+0000][66][info ][gc,phases   ] GC(431)   Pre Evacuate Collection Set: 0.4ms
[2026-01-26T07:05:21.362+0000][66][info ][gc,phases   ] GC(431)   Merge Heap Roots: 0.3ms
[2026-01-26T07:05:21.363+0000][66][info ][gc,phases   ] GC(431)   Evacuate Collection Set: 6.8ms
[2026-01-26T07:05:21.363+0000][66][info ][gc,phases   ] GC(431)   Post Evacuate Collection Set: 1.2ms
[2026-01-26T07:05:21.363+0000][66][info ][gc,phases   ] GC(431)   Other: 0.9ms
[2026-01-26T07:05:21.364+0000][66][trace][gc,age      ] GC(431) Age table with threshold 15 (max threshold 15)
[2026-01-26T07:05:21.364+0000][66][trace][gc,age      ] GC(431) - age   1:    8565512 bytes,    8565512 total
[2026-01-26T07:05:21.364+0000][66][trace][gc,age      ] GC(431) - age   2:    9626208 bytes,   18191720 total
[2026-01-26T07:05:21.365+0000][66][trace][gc,age      ] GC(431) - age   3:    1987680 bytes,   20179400 total
[2026-01-26T07:05:21.365+0000][66][trace][gc,age      ] GC(431) - age   4:       1184 bytes,   20180584 total
[2026-01-26T07:05:21.365+0000][66][trace][gc,age      ] GC(431) - age   5:      69960 bytes,   20250544 total
[2026-01-26T07:05:21.366+0000][66][trace][gc,age      ] GC(431) - age   6:     273152 bytes,   20523696 total
[2026-01-26T07:05:21.366+0000][66][trace][gc,age      ] GC(431) - age   7:     248368 bytes,   20772064 total
[2026-01-26T07:05:21.366+0000][66][trace][gc,age      ] GC(431) - age   8:      73816 bytes,   20845880 total
[2026-01-26T07:05:21.367+0000][66][trace][gc,age      ] GC(431) - age   9:        432 bytes,   20846312 total
[2026-01-26T07:05:21.367+0000][66][trace][gc,age      ] GC(431) - age  10:         64 bytes,   20846376 total
[2026-01-26T07:05:21.367+0000][66][trace][gc,age      ] GC(431) - age  11:      69128 bytes,   20915504 total
[2026-01-26T07:05:21.368+0000][66][trace][gc,age      ] GC(431) - age  12:        432 bytes,   20915936 total
[2026-01-26T07:05:21.368+0000][66][trace][gc,age      ] GC(431) - age  13:       2760 bytes,   20918696 total
[2026-01-26T07:05:21.368+0000][66][trace][gc,age      ] GC(431) - age  14:        936 bytes,   20919632 total
[2026-01-26T07:05:21.369+0000][66][trace][gc,age      ] GC(431) - age  15:     207248 bytes,   21126880 total
[2026-01-26T07:05:21.369+0000][66][info ][gc,heap     ] GC(431) Eden regions: 148->0(147)
[2026-01-26T07:05:21.369+0000][66][info ][gc,heap     ] GC(431) Survivor regions: 5->6(20)
[2026-01-26T07:05:21.370+0000][66][info ][gc,heap     ] GC(431) Old regions: 42->42
[2026-01-26T07:05:21.370+0000][66][info ][gc,heap     ] GC(431) Humongous regions: 0->0
[2026-01-26T07:05:21.370+0000][66][info ][gc,metaspace] GC(431) Metaspace: 130987K(136832K)->130987K(136832K) NonClass: 113836K(117440K)->113836K(117440K) Class: 17151K(19392K)->17151K(19392K)
[2026-01-26T07:05:21.371+0000][66][info ][gc          ] GC(431) Pause Young (Normal) (G1 Evacuation Pause) 776M->189M(1024M) 19.145ms
[2026-01-26T07:05:21.371+0000][66][info ][gc,cpu      ] GC(431) User=0.03s Sys=0.01s Real=0.02s
[2026-01-26T07:05:21.372+0000][66][info ][safepoint   ] Safepoint "G1CollectForAllocation", Time since last: 2112589737 ns, Reaching safepoint: 145911 ns, Cleanup: 6000 ns, At safepoint: 19931928 ns, Total: 20083839 ns
[2026-01-26T07:05:23.909+0000][66][info ][gc,start    ] GC(432) Pause Young (Normal) (G1 Evacuation Pause)
[2026-01-26T07:05:23.910+0000][66][info ][gc,task     ] GC(432) Using 6 workers of 6 for evacuation
[2026-01-26T07:05:23.910+0000][66][debug][gc,age      ] GC(432) Desired survivor size 41943040 bytes, new threshold 15 (max threshold 15)
[2026-01-26T07:05:23.919+0000][66][info ][gc,phases   ] GC(432)   Pre Evacuate Collection Set: 0.5ms
[2026-01-26T07:05:23.920+0000][66][info ][gc,phases   ] GC(432)   Merge Heap Roots: 0.2ms
[2026-01-26T07:05:23.920+0000][66][info ][gc,phases   ] GC(432)   Evacuate Collection Set: 7.0ms
[2026-01-26T07:05:23.921+0000][66][info ][gc,phases   ] GC(432)   Post Evacuate Collection Set: 1.4ms
[2026-01-26T07:05:23.921+0000][66][info ][gc,phases   ] GC(432)   Other: 0.8ms
[2026-01-26T07:05:23.922+0000][66][trace][gc,age      ] GC(432) Age table with threshold 15 (max threshold 15)
[2026-01-26T07:05:23.922+0000][66][trace][gc,age      ] GC(432) - age   1:    7680656 bytes,    7680656 total
[2026-01-26T07:05:23.922+0000][66][trace][gc,age      ] GC(432) - age   2:    2083336 bytes,    9763992 total
[2026-01-26T07:05:23.923+0000][66][trace][gc,age      ] GC(432) - age   3:    7674432 bytes,   17438424 total
[2026-01-26T07:05:23.923+0000][66][trace][gc,age      ] GC(432) - age   4:    1696248 bytes,   19134672 total
[2026-01-26T07:05:23.924+0000][66][trace][gc,age      ] GC(432) - age   5:       1184 bytes,   19135856 total
[2026-01-26T07:05:23.924+0000][66][trace][gc,age      ] GC(432) - age   6:      69960 bytes,   19205816 total
[2026-01-26T07:05:23.924+0000][66][trace][gc,age      ] GC(432) - age   7:     272904 bytes,   19478720 total
[2026-01-26T07:05:23.925+0000][66][trace][gc,age      ] GC(432) - age   8:     248368 bytes,   19727088 total
[2026-01-26T07:05:23.925+0000][66][trace][gc,age      ] GC(432) - age   9:      73456 bytes,   19800544 total
[2026-01-26T07:05:23.926+0000][66][trace][gc,age      ] GC(432) - age  10:        432 bytes,   19800976 total
[2026-01-26T07:05:23.926+0000][66][trace][gc,age      ] GC(432) - age  11:         64 bytes,   19801040 total
[2026-01-26T07:05:23.926+0000][66][trace][gc,age      ] GC(432) - age  12:      69128 bytes,   19870168 total
[2026-01-26T07:05:23.927+0000][66][trace][gc,age      ] GC(432) - age  13:        432 bytes,   19870600 total
[2026-01-26T07:05:23.927+0000][66][trace][gc,age      ] GC(432) - age  14:       2760 bytes,   19873360 total
[2026-01-26T07:05:23.927+0000][66][trace][gc,age      ] GC(432) - age  15:        936 bytes,   19874296 total
[2026-01-26T07:05:23.928+0000][66][info ][gc,heap     ] GC(432) Eden regions: 147->0(148)
[2026-01-26T07:05:23.928+0000][66][info ][gc,heap     ] GC(432) Survivor regions: 6->5(20)
[2026-01-26T07:05:23.929+0000][66][info ][gc,heap     ] GC(432) Old regions: 42->43
[2026-01-26T07:05:23.929+0000][66][info ][gc,heap     ] GC(432) Humongous regions: 0->0
[2026-01-26T07:05:23.930+0000][66][info ][gc,metaspace] GC(432) Metaspace: 130987K(136832K)->130987K(136832K) NonClass: 113836K(117440K)->113836K(117440K) Class: 17151K(19392K)->17151K(19392K)
[2026-01-26T07:05:23.930+0000][66][info ][gc          ] GC(432) Pause Young (Normal) (G1 Evacuation Pause) 777M->187M(1024M) 20.773ms
[2026-01-26T07:05:23.930+0000][66][info ][gc,cpu      ] GC(432) User=0.03s Sys=0.00s Real=0.02s
[2026-01-26T07:05:23.931+0000][66][info ][safepoint   ] Safepoint "G1CollectForAllocation", Time since last: 2537497976 ns, Reaching safepoint: 138810 ns, Cleanup: 6201 ns, At safepoint: 21775160 ns, Total: 21920171 ns
[2026-01-26T07:05:26.865+0000][66][info ][safepoint   ] Safepoint "Cleanup", Time since last: 2934097371 ns, Reaching safepoint: 167912 ns, Cleanup: 9801 ns, At safepoint: 93707 ns, Total: 271420 ns
[2026-01-26T07:05:30.252+0000][66][info ][gc,start    ] GC(433) Pause Young (Normal) (G1 Evacuation Pause)
[2026-01-26T07:05:30.253+0000][66][info ][gc,task     ] GC(433) Using 6 workers of 6 for evacuation
[2026-01-26T07:05:30.253+0000][66][debug][gc,age      ] GC(433) Desired survivor size 41943040 bytes, new threshold 15 (max threshold 15)
[2026-01-26T07:05:30.261+0000][66][info ][gc,phases   ] GC(433)   Pre Evacuate Collection Set: 0.3ms
[2026-01-26T07:05:30.262+0000][66][info ][gc,phases   ] GC(433)   Merge Heap Roots: 0.2ms
[2026-01-26T07:05:30.262+0000][66][info ][gc,phases   ] GC(433)   Evacuate Collection Set: 5.5ms
[2026-01-26T07:05:30.263+0000][66][info ][gc,phases   ] GC(433)   Post Evacuate Collection Set: 1.4ms
[2026-01-26T07:05:30.263+0000][66][info ][gc,phases   ] GC(433)   Other: 0.8ms
[2026-01-26T07:05:30.264+0000][66][trace][gc,age      ] GC(433) Age table with threshold 15 (max threshold 15)
[2026-01-26T07:05:30.264+0000][66][trace][gc,age      ] GC(433) - age   1:   13498784 bytes,   13498784 total
[2026-01-26T07:05:30.264+0000][66][trace][gc,age      ] GC(433) - age   2:       1528 bytes,   13500312 total
[2026-01-26T07:05:30.265+0000][66][trace][gc,age      ] GC(433) - age   3:        368 bytes,   13500680 total
[2026-01-26T07:05:30.265+0000][66][trace][gc,age      ] GC(433) - age   4:     974384 bytes,   14475064 total
[2026-01-26T07:05:30.266+0000][66][trace][gc,age      ] GC(433) - age   5:      75528 bytes,   14550592 total
[2026-01-26T07:05:30.266+0000][66][trace][gc,age      ] GC(433) - age   6:        984 bytes,   14551576 total
[2026-01-26T07:05:30.267+0000][66][trace][gc,age      ] GC(433) - age   7:      69960 bytes,   14621536 total
[2026-01-26T07:05:30.267+0000][66][trace][gc,age      ] GC(433) - age   8:     272872 bytes,   14894408 total
[2026-01-26T07:05:30.267+0000][66][trace][gc,age      ] GC(433) - age   9:     216456 bytes,   15110864 total
[2026-01-26T07:05:30.268+0000][66][trace][gc,age      ] GC(433) - age  10:      70888 bytes,   15181752 total
[2026-01-26T07:05:30.268+0000][66][trace][gc,age      ] GC(433) - age  11:        432 bytes,   15182184 total
[2026-01-26T07:05:30.268+0000][66][trace][gc,age      ] GC(433) - age  12:         64 bytes,   15182248 total
[2026-01-26T07:05:30.269+0000][66][trace][gc,age      ] GC(433) - age  13:      69128 bytes,   15251376 total
[2026-01-26T07:05:30.269+0000][66][trace][gc,age      ] GC(433) - age  14:        432 bytes,   15251808 total
[2026-01-26T07:05:30.270+0000][66][trace][gc,age      ] GC(433) - age  15:       2760 bytes,   15254568 total
[2026-01-26T07:05:30.270+0000][66][info ][gc,heap     ] GC(433) Eden regions: 148->0(149)
[2026-01-26T07:05:30.270+0000][66][info ][gc,heap     ] GC(433) Survivor regions: 5->4(20)
[2026-01-26T07:05:30.271+0000][66][info ][gc,heap     ] GC(433) Old regions: 43->43
[2026-01-26T07:05:30.271+0000][66][info ][gc,heap     ] GC(433) Humongous regions: 0->0
[2026-01-26T07:05:30.271+0000][66][info ][gc,metaspace] GC(433) Metaspace: 130993K(136832K)->130993K(136832K) NonClass: 113842K(117440K)->113842K(117440K) Class: 17151K(19392K)->17151K(19392K)
[2026-01-26T07:05:30.272+0000][66][info ][gc          ] GC(433) Pause Young (Normal) (G1 Evacuation Pause) 779M->183M(1024M) 19.390ms
[2026-01-26T07:05:30.272+0000][66][info ][gc,cpu      ] GC(433) User=0.03s Sys=0.00s Real=0.02s
[2026-01-26T07:05:30.273+0000][66][info ][safepoint   ] Safepoint "G1CollectForAllocation", Time since last: 3387104534 ns, Reaching safepoint: 49204 ns, Cleanup: 4800 ns, At safepoint: 20178535 ns, Total: 20232539 ns
[2026-01-26T07:05:33.506+0000][66][info ][safepoint   ] Safepoint "Cleanup", Time since last: 3235390494 ns, Reaching safepoint: 19502 ns, Cleanup: 13401 ns, At safepoint: 4400 ns, Total: 37303 ns
[2026-01-26T07:05:36.476+0000][66][info ][safepoint   ] Safepoint "Cleanup", Time since last: 2969955817 ns, Reaching safepoint: 8101 ns, Cleanup: 8601 ns, At safepoint: 3800 ns, Total: 20502 ns
[2026-01-26T07:05:39.720+0000][66][info ][gc,start    ] GC(434) Pause Young (Normal) (G1 Evacuation Pause)
[2026-01-26T07:05:39.721+0000][66][info ][gc,task     ] GC(434) Using 6 workers of 6 for evacuation
[2026-01-26T07:05:39.721+0000][66][debug][gc,age      ] GC(434) Desired survivor size 41943040 bytes, new threshold 15 (max threshold 15)
[2026-01-26T07:05:39.727+0000][66][info ][gc,phases   ] GC(434)   Pre Evacuate Collection Set: 0.5ms
[2026-01-26T07:05:39.727+0000][66][info ][gc,phases   ] GC(434)   Merge Heap Roots: 0.2ms
[2026-01-26T07:05:39.728+0000][66][info ][gc,phases   ] GC(434)   Evacuate Collection Set: 3.3ms
[2026-01-26T07:05:39.728+0000][66][info ][gc,phases   ] GC(434)   Post Evacuate Collection Set: 1.2ms
[2026-01-26T07:05:39.728+0000][66][info ][gc,phases   ] GC(434)   Other: 1.0ms
[2026-01-26T07:05:39.729+0000][66][trace][gc,age      ] GC(434) Age table with threshold 15 (max threshold 15)
[2026-01-26T07:05:39.729+0000][66][trace][gc,age      ] GC(434) - age   1:    6398536 bytes,    6398536 total
[2026-01-26T07:05:39.730+0000][66][trace][gc,age      ] GC(434) - age   2:     106152 bytes,    6504688 total
[2026-01-26T07:05:39.730+0000][66][trace][gc,age      ] GC(434) - age   3:        392 bytes,    6505080 total
[2026-01-26T07:05:39.730+0000][66][trace][gc,age      ] GC(434) - age   5:       2824 bytes,    6507904 total
[2026-01-26T07:05:39.731+0000][66][trace][gc,age      ] GC(434) - age   6:       1304 bytes,    6509208 total
[2026-01-26T07:05:39.731+0000][66][trace][gc,age      ] GC(434) - age   7:         64 bytes,    6509272 total
[2026-01-26T07:05:39.731+0000][66][trace][gc,age      ] GC(434) - age   8:        144 bytes,    6509416 total
[2026-01-26T07:05:39.732+0000][66][trace][gc,age      ] GC(434) - age   9:     137096 bytes,    6646512 total
[2026-01-26T07:05:39.732+0000][66][trace][gc,age      ] GC(434) - age  10:     143152 bytes,    6789664 total
[2026-01-26T07:05:39.732+0000][66][trace][gc,age      ] GC(434) - age  11:       3184 bytes,    6792848 total
[2026-01-26T07:05:39.733+0000][66][trace][gc,age      ] GC(434) - age  12:         96 bytes,    6792944 total
[2026-01-26T07:05:39.733+0000][66][trace][gc,age      ] GC(434) - age  13:         64 bytes,    6793008 total
[2026-01-26T07:05:39.733+0000][66][trace][gc,age      ] GC(434) - age  14:        768 bytes,    6793776 total
[2026-01-26T07:05:39.734+0000][66][trace][gc,age      ] GC(434) - age  15:        432 bytes,    6794208 total
[2026-01-26T07:05:39.734+0000][66][info ][gc,heap     ] GC(434) Eden regions: 149->0(151)
[2026-01-26T07:05:39.734+0000][66][info ][gc,heap     ] GC(434) Survivor regions: 4->2(20)
[2026-01-26T07:05:39.734+0000][66][info ][gc,heap     ] GC(434) Old regions: 43->43
[2026-01-26T07:05:39.735+0000][66][info ][gc,heap     ] GC(434) Humongous regions: 0->0
[2026-01-26T07:05:39.735+0000][66][info ][gc,metaspace] GC(434) Metaspace: 131008K(136832K)->131008K(136832K) NonClass: 113857K(117440K)->113857K(117440K) Class: 17151K(19392K)->17151K(19392K)
[2026-01-26T07:05:39.735+0000][66][info ][gc          ] GC(434) Pause Young (Normal) (G1 Evacuation Pause) 779M->175M(1024M) 15.043ms
[2026-01-26T07:05:39.736+0000][66][info ][gc,cpu      ] GC(434) User=0.02s Sys=0.00s Real=0.01s
[2026-01-26T07:05:39.736+0000][66][info ][safepoint   ] Safepoint "G1CollectForAllocation", Time since last: 3244582198 ns, Reaching safepoint: 16201 ns, Cleanup: 3800 ns, At safepoint: 15850478 ns, Total: 15870479 ns
[2026-01-26T07:05:49.984+0000][66][info ][gc,start    ] GC(435) Pause Young (Normal) (G1 Evacuation Pause)
[2026-01-26T07:05:49.985+0000][66][info ][gc,task     ] GC(435) Using 6 workers of 6 for evacuation
[2026-01-26T07:05:49.985+0000][66][debug][gc,age      ] GC(435) Desired survivor size 41943040 bytes, new threshold 15 (max threshold 15)
[2026-01-26T07:05:49.991+0000][66][info ][gc,phases   ] GC(435)   Pre Evacuate Collection Set: 0.4ms
[2026-01-26T07:05:49.992+0000][66][info ][gc,phases   ] GC(435)   Merge Heap Roots: 0.1ms
[2026-01-26T07:05:49.992+0000][66][info ][gc,phases   ] GC(435)   Evacuate Collection Set: 4.3ms
[2026-01-26T07:05:49.993+0000][66][info ][gc,phases   ] GC(435)   Post Evacuate Collection Set: 1.1ms
[2026-01-26T07:05:49.993+0000][66][info ][gc,phases   ] GC(435)   Other: 0.9ms
[2026-01-26T07:05:49.993+0000][66][trace][gc,age      ] GC(435) Age table with threshold 15 (max threshold 15)
[2026-01-26T07:05:49.994+0000][66][trace][gc,age      ] GC(435) - age   1:    6867328 bytes,    6867328 total
[2026-01-26T07:05:49.994+0000][66][trace][gc,age      ] GC(435) - age   2:     372096 bytes,    7239424 total
[2026-01-26T07:05:49.994+0000][66][trace][gc,age      ] GC(435) - age   3:     104408 bytes,    7343832 total
[2026-01-26T07:05:49.995+0000][66][trace][gc,age      ] GC(435) - age   4:        392 bytes,    7344224 total
[2026-01-26T07:05:49.995+0000][66][trace][gc,age      ] GC(435) - age   6:       1544 bytes,    7345768 total
[2026-01-26T07:05:49.995+0000][66][trace][gc,age      ] GC(435) - age   7:        576 bytes,    7346344 total
[2026-01-26T07:05:49.996+0000][66][trace][gc,age      ] GC(435) - age   8:         64 bytes,    7346408 total
[2026-01-26T07:05:49.996+0000][66][trace][gc,age      ] GC(435) - age   9:        144 bytes,    7346552 total
[2026-01-26T07:05:49.996+0000][66][trace][gc,age      ] GC(435) - age  10:     136896 bytes,    7483448 total
[2026-01-26T07:05:49.996+0000][66][trace][gc,age      ] GC(435) - age  11:     143152 bytes,    7626600 total
[2026-01-26T07:05:49.997+0000][66][trace][gc,age      ] GC(435) - age  12:       3184 bytes,    7629784 total
[2026-01-26T07:05:49.997+0000][66][trace][gc,age      ] GC(435) - age  13:         96 bytes,    7629880 total
[2026-01-26T07:05:49.997+0000][66][trace][gc,age      ] GC(435) - age  14:         64 bytes,    7629944 total
[2026-01-26T07:05:49.998+0000][66][trace][gc,age      ] GC(435) - age  15:        768 bytes,    7630712 total
[2026-01-26T07:05:49.998+0000][66][info ][gc,heap     ] GC(435) Eden regions: 151->0(151)
[2026-01-26T07:05:49.998+0000][66][info ][gc,heap     ] GC(435) Survivor regions: 2->2(20)
[2026-01-26T07:05:49.998+0000][66][info ][gc,heap     ] GC(435) Old regions: 43->43
[2026-01-26T07:05:49.999+0000][66][info ][gc,heap     ] GC(435) Humongous regions: 0->0
[2026-01-26T07:05:49.999+0000][66][info ][gc,metaspace] GC(435) Metaspace: 131008K(136832K)->131008K(136832K) NonClass: 113857K(117440K)->113857K(117440K) Class: 17151K(19392K)->17151K(19392K)
[2026-01-26T07:05:49.999+0000][66][info ][gc          ] GC(435) Pause Young (Normal) (G1 Evacuation Pause) 779M->175M(1024M) 15.093ms
[2026-01-26T07:05:49.999+0000][66][info ][gc,cpu      ] GC(435) User=0.01s Sys=0.00s Real=0.01s
[2026-01-26T07:05:50.000+0000][66][info ][safepoint   ] Safepoint "G1CollectForAllocation", Time since last: 10247896157 ns, Reaching safepoint: 19001 ns, Cleanup: 4700 ns, At safepoint: 15812487 ns, Total: 15836188 ns
[2026-01-26T07:05:54.001+0000][66][info ][safepoint   ] Safepoint "Cleanup", Time since last: 4001080015 ns, Reaching safepoint: 18102 ns, Cleanup: 11601 ns, At safepoint: 3500 ns, Total: 33203 ns
[2026-01-26T07:05:59.831+0000][66][info ][gc,start    ] GC(436) Pause Young (Normal) (G1 Evacuation Pause)
[2026-01-26T07:05:59.831+0000][66][info ][gc,task     ] GC(436) Using 6 workers of 6 for evacuation
[2026-01-26T07:05:59.832+0000][66][debug][gc,age      ] GC(436) Desired survivor size 41943040 bytes, new threshold 15 (max threshold 15)
[2026-01-26T07:05:59.842+0000][66][info ][gc,phases   ] GC(436)   Pre Evacuate Collection Set: 0.5ms
[2026-01-26T07:05:59.842+0000][66][info ][gc,phases   ] GC(436)   Merge Heap Roots: 0.3ms
[2026-01-26T07:05:59.843+0000][66][info ][gc,phases   ] GC(436)   Evacuate Collection Set: 7.3ms
[2026-01-26T07:05:59.843+0000][66][info ][gc,phases   ] GC(436)   Post Evacuate Collection Set: 1.4ms
[2026-01-26T07:05:59.844+0000][66][info ][gc,phases   ] GC(436)   Other: 1.3ms
[2026-01-26T07:05:59.844+0000][66][trace][gc,age      ] GC(436) Age table with threshold 15 (max threshold 15)
[2026-01-26T07:05:59.845+0000][66][trace][gc,age      ] GC(436) - age   1:   19729600 bytes,   19729600 total
[2026-01-26T07:05:59.845+0000][66][trace][gc,age      ] GC(436) - age   2:    2832720 bytes,   22562320 total
[2026-01-26T07:05:59.846+0000][66][trace][gc,age      ] GC(436) - age   3:     371848 bytes,   22934168 total
[2026-01-26T07:05:59.846+0000][66][trace][gc,age      ] GC(436) - age   4:     104168 bytes,   23038336 total
[2026-01-26T07:05:59.847+0000][66][trace][gc,age      ] GC(436) - age   5:        392 bytes,   23038728 total
[2026-01-26T07:05:59.847+0000][66][trace][gc,age      ] GC(436) - age   7:       1544 bytes,   23040272 total
[2026-01-26T07:05:59.848+0000][66][trace][gc,age      ] GC(436) - age   8:        576 bytes,   23040848 total
[2026-01-26T07:05:59.848+0000][66][trace][gc,age      ] GC(436) - age  10:        144 bytes,   23040992 total
[2026-01-26T07:05:59.848+0000][66][trace][gc,age      ] GC(436) - age  11:     136896 bytes,   23177888 total
[2026-01-26T07:05:59.849+0000][66][trace][gc,age      ] GC(436) - age  12:     143152 bytes,   23321040 total
[2026-01-26T07:05:59.849+0000][66][trace][gc,age      ] GC(436) - age  13:       3184 bytes,   23324224 total
[2026-01-26T07:05:59.850+0000][66][trace][gc,age      ] GC(436) - age  14:         96 bytes,   23324320 total
[2026-01-26T07:05:59.850+0000][66][trace][gc,age      ] GC(436) - age  15:         64 bytes,   23324384 total
[2026-01-26T07:05:59.850+0000][66][info ][gc,heap     ] GC(436) Eden regions: 151->0(147)
[2026-01-26T07:05:59.851+0000][66][info ][gc,heap     ] GC(436) Survivor regions: 2->6(20)
[2026-01-26T07:05:59.851+0000][66][info ][gc,heap     ] GC(436) Old regions: 43->43
[2026-01-26T07:05:59.851+0000][66][info ][gc,heap     ] GC(436) Humongous regions: 0->0
[2026-01-26T07:05:59.852+0000][66][info ][gc,metaspace] GC(436) Metaspace: 131008K(136832K)->131008K(136832K) NonClass: 113857K(117440K)->113857K(117440K) Class: 17151K(19392K)->17151K(19392K)
[2026-01-26T07:05:59.852+0000][66][info ][gc          ] GC(436) Pause Young (Normal) (G1 Evacuation Pause) 779M->191M(1024M) 21.645ms
[2026-01-26T07:05:59.853+0000][66][info ][gc,cpu      ] GC(436) User=0.03s Sys=0.01s Real=0.02s
[2026-01-26T07:05:59.853+0000][66][info ][safepoint   ] Safepoint "G1CollectForAllocation", Time since last: 5829489359 ns, Reaching safepoint: 155611 ns, Cleanup: 6901 ns, At safepoint: 22518414 ns, Total: 22680926 ns
[2026-01-26T07:06:02.607+0000][66][info ][safepoint   ] Safepoint "Cleanup", Time since last: 2755792038 ns, Reaching safepoint: 54303 ns, Cleanup: 15402 ns, At safepoint: 4700 ns, Total: 74405 ns
[2026-01-26T07:06:10.967+0000][66][info ][gc,start    ] GC(437) Pause Young (Normal) (G1 Evacuation Pause)
[2026-01-26T07:06:10.967+0000][66][info ][gc,task     ] GC(437) Using 6 workers of 6 for evacuation
[2026-01-26T07:06:10.968+0000][66][debug][gc,age      ] GC(437) Desired survivor size 41943040 bytes, new threshold 15 (max threshold 15)
[2026-01-26T07:06:10.976+0000][66][info ][gc,phases   ] GC(437)   Pre Evacuate Collection Set: 0.3ms
[2026-01-26T07:06:10.977+0000][66][info ][gc,phases   ] GC(437)   Merge Heap Roots: 0.1ms
[2026-01-26T07:06:10.977+0000][66][info ][gc,phases   ] GC(437)   Evacuate Collection Set: 6.7ms
[2026-01-26T07:06:10.977+0000][66][info ][gc,phases   ] GC(437)   Post Evacuate Collection Set: 1.1ms
[2026-01-26T07:06:10.978+0000][66][info ][gc,phases   ] GC(437)   Other: 0.7ms
[2026-01-26T07:06:10.978+0000][66][trace][gc,age      ] GC(437) Age table with threshold 15 (max threshold 15)
[2026-01-26T07:06:10.978+0000][66][trace][gc,age      ] GC(437) - age   1:   22347840 bytes,   22347840 total
[2026-01-26T07:06:10.979+0000][66][trace][gc,age      ] GC(437) - age   2:    1668888 bytes,   24016728 total
[2026-01-26T07:06:10.979+0000][66][trace][gc,age      ] GC(437) - age   3:      73680 bytes,   24090408 total
[2026-01-26T07:06:10.979+0000][66][trace][gc,age      ] GC(437) - age   4:     362560 bytes,   24452968 total
[2026-01-26T07:06:10.980+0000][66][trace][gc,age      ] GC(437) - age   5:     104168 bytes,   24557136 total
[2026-01-26T07:06:10.980+0000][66][trace][gc,age      ] GC(437) - age   6:        392 bytes,   24557528 total
[2026-01-26T07:06:10.980+0000][66][trace][gc,age      ] GC(437) - age   8:       1544 bytes,   24559072 total
[2026-01-26T07:06:10.980+0000][66][trace][gc,age      ] GC(437) - age   9:        576 bytes,   24559648 total
[2026-01-26T07:06:10.981+0000][66][trace][gc,age      ] GC(437) - age  11:        144 bytes,   24559792 total
[2026-01-26T07:06:10.981+0000][66][trace][gc,age      ] GC(437) - age  12:     136896 bytes,   24696688 total
[2026-01-26T07:06:10.981+0000][66][trace][gc,age      ] GC(437) - age  13:     143152 bytes,   24839840 total
[2026-01-26T07:06:10.981+0000][66][trace][gc,age      ] GC(437) - age  14:       3184 bytes,   24843024 total
[2026-01-26T07:06:10.982+0000][66][trace][gc,age      ] GC(437) - age  15:         96 bytes,   24843120 total
[2026-01-26T07:06:10.982+0000][66][info ][gc,heap     ] GC(437) Eden regions: 147->0(146)
[2026-01-26T07:06:10.982+0000][66][info ][gc,heap     ] GC(437) Survivor regions: 6->7(20)
[2026-01-26T07:06:10.982+0000][66][info ][gc,heap     ] GC(437) Old regions: 43->43
[2026-01-26T07:06:10.983+0000][66][info ][gc,heap     ] GC(437) Humongous regions: 0->0
[2026-01-26T07:06:10.983+0000][66][info ][gc,metaspace] GC(437) Metaspace: 131008K(136832K)->131008K(136832K) NonClass: 113857K(117440K)->113857K(117440K) Class: 17151K(19392K)->17151K(19392K)
[2026-01-26T07:06:10.984+0000][66][info ][gc          ] GC(437) Pause Young (Normal) (G1 Evacuation Pause) 779M->192M(1024M) 16.516ms
[2026-01-26T07:06:10.984+0000][66][info ][gc,cpu      ] GC(437) User=0.04s Sys=0.00s Real=0.01s
[2026-01-26T07:06:10.984+0000][66][info ][safepoint   ] Safepoint "G1CollectForAllocation", Time since last: 8359998366 ns, Reaching safepoint: 17902 ns, Cleanup: 4000 ns, At safepoint: 17389047 ns, Total: 17410949 ns
[2026-01-26T07:06:19.521+0000][66][info ][gc,start    ] GC(438) Pause Young (Normal) (G1 Evacuation Pause)
[2026-01-26T07:06:19.522+0000][66][info ][gc,task     ] GC(438) Using 6 workers of 6 for evacuation
[2026-01-26T07:06:19.522+0000][66][debug][gc,age      ] GC(438) Desired survivor size 41943040 bytes, new threshold 15 (max threshold 15)
[2026-01-26T07:06:19.531+0000][66][info ][gc,phases   ] GC(438)   Pre Evacuate Collection Set: 0.5ms
[2026-01-26T07:06:19.531+0000][66][info ][gc,phases   ] GC(438)   Merge Heap Roots: 0.2ms
[2026-01-26T07:06:19.532+0000][66][info ][gc,phases   ] GC(438)   Evacuate Collection Set: 6.2ms
[2026-01-26T07:06:19.532+0000][66][info ][gc,phases   ] GC(438)   Post Evacuate Collection Set: 1.2ms
[2026-01-26T07:06:19.532+0000][66][info ][gc,phases   ] GC(438)   Other: 0.9ms
[2026-01-26T07:06:19.533+0000][66][trace][gc,age      ] GC(438) Age table with threshold 15 (max threshold 15)
[2026-01-26T07:06:19.533+0000][66][trace][gc,age      ] GC(438) - age   1:   17132392 bytes,   17132392 total
[2026-01-26T07:06:19.534+0000][66][trace][gc,age      ] GC(438) - age   2:      80336 bytes,   17212728 total
[2026-01-26T07:06:19.534+0000][66][trace][gc,age      ] GC(438) - age   3:        664 bytes,   17213392 total
[2026-01-26T07:06:19.534+0000][66][trace][gc,age      ] GC(438) - age   4:      69568 bytes,   17282960 total
[2026-01-26T07:06:19.535+0000][66][trace][gc,age      ] GC(438) - age   5:     362560 bytes,   17645520 total
[2026-01-26T07:06:19.535+0000][66][trace][gc,age      ] GC(438) - age   6:     104168 bytes,   17749688 total
[2026-01-26T07:06:19.535+0000][66][trace][gc,age      ] GC(438) - age   7:        392 bytes,   17750080 total
[2026-01-26T07:06:19.536+0000][66][trace][gc,age      ] GC(438) - age   9:       1544 bytes,   17751624 total
[2026-01-26T07:06:19.536+0000][66][trace][gc,age      ] GC(438) - age  10:        400 bytes,   17752024 total
[2026-01-26T07:06:19.536+0000][66][trace][gc,age      ] GC(438) - age  12:        144 bytes,   17752168 total
[2026-01-26T07:06:19.536+0000][66][trace][gc,age      ] GC(438) - age  13:     136896 bytes,   17889064 total
[2026-01-26T07:06:19.537+0000][66][trace][gc,age      ] GC(438) - age  14:     143152 bytes,   18032216 total
[2026-01-26T07:06:19.537+0000][66][trace][gc,age      ] GC(438) - age  15:       3184 bytes,   18035400 total
[2026-01-26T07:06:19.537+0000][66][info ][gc,heap     ] GC(438) Eden regions: 146->0(148)
[2026-01-26T07:06:19.537+0000][66][info ][gc,heap     ] GC(438) Survivor regions: 7->5(20)
[2026-01-26T07:06:19.538+0000][66][info ][gc,heap     ] GC(438) Old regions: 43->43
[2026-01-26T07:06:19.538+0000][66][info ][gc,heap     ] GC(438) Humongous regions: 0->0
[2026-01-26T07:06:19.538+0000][66][info ][gc,metaspace] GC(438) Metaspace: 131008K(136832K)->131008K(136832K) NonClass: 113857K(117440K)->113857K(117440K) Class: 17151K(19392K)->17151K(19392K)
[2026-01-26T07:06:19.539+0000][66][info ][gc          ] GC(438) Pause Young (Normal) (G1 Evacuation Pause) 776M->186M(1024M) 17.121ms
[2026-01-26T07:06:19.539+0000][66][info ][gc,cpu      ] GC(438) User=0.03s Sys=0.00s Real=0.02s
[2026-01-26T07:06:19.539+0000][66][info ][safepoint   ] Safepoint "G1CollectForAllocation", Time since last: 8536988867 ns, Reaching safepoint: 16801 ns, Cleanup: 4400 ns, At safepoint: 17725573 ns, Total: 17746774 ns
[2026-01-26T07:06:27.107+0000][66][info ][gc,start    ] GC(439) Pause Young (Normal) (G1 Evacuation Pause)
[2026-01-26T07:06:27.107+0000][66][info ][gc,task     ] GC(439) Using 6 workers of 6 for evacuation
[2026-01-26T07:06:27.108+0000][66][debug][gc,age      ] GC(439) Desired survivor size 41943040 bytes, new threshold 15 (max threshold 15)
[2026-01-26T07:06:27.115+0000][66][info ][gc,phases   ] GC(439)   Pre Evacuate Collection Set: 0.4ms
[2026-01-26T07:06:27.116+0000][66][info ][gc,phases   ] GC(439)   Merge Heap Roots: 0.2ms
[2026-01-26T07:06:27.116+0000][66][info ][gc,phases   ] GC(439)   Evacuate Collection Set: 5.0ms
[2026-01-26T07:06:27.117+0000][66][info ][gc,phases   ] GC(439)   Post Evacuate Collection Set: 1.1ms
[2026-01-26T07:06:27.117+0000][66][info ][gc,phases   ] GC(439)   Other: 0.9ms
[2026-01-26T07:06:27.117+0000][66][trace][gc,age      ] GC(439) Age table with threshold 15 (max threshold 15)
[2026-01-26T07:06:27.118+0000][66][trace][gc,age      ] GC(439) - age   1:   10478008 bytes,   10478008 total
[2026-01-26T07:06:27.118+0000][66][trace][gc,age      ] GC(439) - age   2:      75248 bytes,   10553256 total
[2026-01-26T07:06:27.119+0000][66][trace][gc,age      ] GC(439) - age   3:      78112 bytes,   10631368 total
[2026-01-26T07:06:27.119+0000][66][trace][gc,age      ] GC(439) - age   4:        640 bytes,   10632008 total
[2026-01-26T07:06:27.119+0000][66][trace][gc,age      ] GC(439) - age   5:      69568 bytes,   10701576 total
[2026-01-26T07:06:27.120+0000][66][trace][gc,age      ] GC(439) - age   6:     362296 bytes,   11063872 total
[2026-01-26T07:06:27.120+0000][66][trace][gc,age      ] GC(439) - age   7:     101680 bytes,   11165552 total
[2026-01-26T07:06:27.121+0000][66][trace][gc,age      ] GC(439) - age   8:         32 bytes,   11165584 total
[2026-01-26T07:06:27.121+0000][66][trace][gc,age      ] GC(439) - age  10:       1544 bytes,   11167128 total
[2026-01-26T07:06:27.121+0000][66][trace][gc,age      ] GC(439) - age  11:        400 bytes,   11167528 total
[2026-01-26T07:06:27.122+0000][66][trace][gc,age      ] GC(439) - age  13:        144 bytes,   11167672 total
[2026-01-26T07:06:27.122+0000][66][trace][gc,age      ] GC(439) - age  14:     136864 bytes,   11304536 total
[2026-01-26T07:06:27.122+0000][66][trace][gc,age      ] GC(439) - age  15:     142976 bytes,   11447512 total
[2026-01-26T07:06:27.123+0000][66][info ][gc,heap     ] GC(439) Eden regions: 148->0(150)
[2026-01-26T07:06:27.123+0000][66][info ][gc,heap     ] GC(439) Survivor regions: 5->3(20)
[2026-01-26T07:06:27.123+0000][66][info ][gc,heap     ] GC(439) Old regions: 43->43
[2026-01-26T07:06:27.124+0000][66][info ][gc,heap     ] GC(439) Humongous regions: 0->0
[2026-01-26T07:06:27.124+0000][66][info ][gc,metaspace] GC(439) Metaspace: 131008K(136832K)->131008K(136832K) NonClass: 113857K(117440K)->113857K(117440K) Class: 17151K(19392K)->17151K(19392K)
[2026-01-26T07:06:27.124+0000][66][info ][gc          ] GC(439) Pause Young (Normal) (G1 Evacuation Pause) 778M->180M(1024M) 17.253ms
[2026-01-26T07:06:27.124+0000][66][info ][gc,cpu      ] GC(439) User=0.02s Sys=0.00s Real=0.01s
[2026-01-26T07:06:27.125+0000][66][info ][safepoint   ] Safepoint "G1CollectForAllocation", Time since last: 7567750053 ns, Reaching safepoint: 17502 ns, Cleanup: 4900 ns, At safepoint: 18025094 ns, Total: 18047496 ns
[2026-01-26T07:06:35.911+0000][66][info ][gc,start    ] GC(440) Pause Young (Normal) (G1 Evacuation Pause)
[2026-01-26T07:06:35.912+0000][66][info ][gc,task     ] GC(440) Using 6 workers of 6 for evacuation
[2026-01-26T07:06:35.912+0000][66][debug][gc,age      ] GC(440) Desired survivor size 41943040 bytes, new threshold 15 (max threshold 15)
[2026-01-26T07:06:35.924+0000][66][info ][gc,phases   ] GC(440)   Pre Evacuate Collection Set: 0.5ms
[2026-01-26T07:06:35.925+0000][66][info ][gc,phases   ] GC(440)   Merge Heap Roots: 0.2ms
[2026-01-26T07:06:35.925+0000][66][info ][gc,phases   ] GC(440)   Evacuate Collection Set: 9.1ms
[2026-01-26T07:06:35.926+0000][66][info ][gc,phases   ] GC(440)   Post Evacuate Collection Set: 1.6ms
[2026-01-26T07:06:35.926+0000][66][info ][gc,phases   ] GC(440)   Other: 1.1ms
[2026-01-26T07:06:35.927+0000][66][trace][gc,age      ] GC(440) Age table with threshold 15 (max threshold 15)
[2026-01-26T07:06:35.927+0000][66][trace][gc,age      ] GC(440) - age   1:   19284376 bytes,   19284376 total
[2026-01-26T07:06:35.928+0000][66][trace][gc,age      ] GC(440) - age   2:    4647912 bytes,   23932288 total
[2026-01-26T07:06:35.928+0000][66][trace][gc,age      ] GC(440) - age   3:      75088 bytes,   24007376 total
[2026-01-26T07:06:35.928+0000][66][trace][gc,age      ] GC(440) - age   4:      75992 bytes,   24083368 total
[2026-01-26T07:06:35.929+0000][66][trace][gc,age      ] GC(440) - age   5:        464 bytes,   24083832 total
[2026-01-26T07:06:35.929+0000][66][trace][gc,age      ] GC(440) - age   6:      69544 bytes,   24153376 total
[2026-01-26T07:06:35.930+0000][66][trace][gc,age      ] GC(440) - age   7:     360824 bytes,   24514200 total
[2026-01-26T07:06:35.930+0000][66][trace][gc,age      ] GC(440) - age   8:      69680 bytes,   24583880 total
[2026-01-26T07:06:35.930+0000][66][trace][gc,age      ] GC(440) - age   9:         32 bytes,   24583912 total
[2026-01-26T07:06:35.931+0000][66][trace][gc,age      ] GC(440) - age  11:       1544 bytes,   24585456 total
[2026-01-26T07:06:35.931+0000][66][trace][gc,age      ] GC(440) - age  12:        400 bytes,   24585856 total
[2026-01-26T07:06:35.931+0000][66][trace][gc,age      ] GC(440) - age  14:        144 bytes,   24586000 total
[2026-01-26T07:06:35.932+0000][66][trace][gc,age      ] GC(440) - age  15:     136864 bytes,   24722864 total
[2026-01-26T07:06:35.932+0000][66][info ][gc,heap     ] GC(440) Eden regions: 150->0(146)
[2026-01-26T07:06:35.932+0000][66][info ][gc,heap     ] GC(440) Survivor regions: 3->7(20)
[2026-01-26T07:06:35.933+0000][66][info ][gc,heap     ] GC(440) Old regions: 43->43
[2026-01-26T07:06:35.933+0000][66][info ][gc,heap     ] GC(440) Humongous regions: 0->0
[2026-01-26T07:06:35.933+0000][66][info ][gc,metaspace] GC(440) Metaspace: 131016K(136832K)->131016K(136832K) NonClass: 113865K(117440K)->113865K(117440K) Class: 17151K(19392K)->17151K(19392K)
[2026-01-26T07:06:35.934+0000][66][info ][gc          ] GC(440) Pause Young (Normal) (G1 Evacuation Pause) 780M->193M(1024M) 22.467ms
[2026-01-26T07:06:35.934+0000][66][info ][gc,cpu      ] GC(440) User=0.05s Sys=0.00s Real=0.02s
[2026-01-26T07:06:35.935+0000][66][info ][safepoint   ] Safepoint "G1CollectForAllocation", Time since last: 8788392397 ns, Reaching safepoint: 20101 ns, Cleanup: 4800 ns, At safepoint: 23272944 ns, Total: 23297845 ns
[2026-01-26T07:06:39.472+0000][66][info ][safepoint   ] Safepoint "Cleanup", Time since last: 3537469322 ns, Reaching safepoint: 140010 ns, Cleanup: 12801 ns, At safepoint: 123008 ns, Total: 275819 ns
[2026-01-26T07:06:40.083+0000][66][info ][gc,start    ] GC(441) Pause Young (Normal) (G1 Evacuation Pause)
[2026-01-26T07:06:40.084+0000][66][info ][gc,task     ] GC(441) Using 6 workers of 6 for evacuation
[2026-01-26T07:06:40.084+0000][66][debug][gc,age      ] GC(441) Desired survivor size 41943040 bytes, new threshold 15 (max threshold 15)
[2026-01-26T07:06:40.093+0000][66][info ][gc,phases   ] GC(441)   Pre Evacuate Collection Set: 0.5ms
[2026-01-26T07:06:40.094+0000][66][info ][gc,phases   ] GC(441)   Merge Heap Roots: 0.2ms
[2026-01-26T07:06:40.094+0000][66][info ][gc,phases   ] GC(441)   Evacuate Collection Set: 5.8ms
[2026-01-26T07:06:40.094+0000][66][info ][gc,phases   ] GC(441)   Post Evacuate Collection Set: 1.7ms
[2026-01-26T07:06:40.095+0000][66][info ][gc,phases   ] GC(441)   Other: 1.1ms
[2026-01-26T07:06:40.095+0000][66][trace][gc,age      ] GC(441) Age table with threshold 15 (max threshold 15)
[2026-01-26T07:06:40.095+0000][66][trace][gc,age      ] GC(441) - age   1:    4988664 bytes,    4988664 total
[2026-01-26T07:06:40.096+0000][66][trace][gc,age      ] GC(441) - age   2:      37624 bytes,    5026288 total
[2026-01-26T07:06:40.096+0000][66][trace][gc,age      ] GC(441) - age   3:      77008 bytes,    5103296 total
[2026-01-26T07:06:40.096+0000][66][trace][gc,age      ] GC(441) - age   4:      72544 bytes,    5175840 total
[2026-01-26T07:06:40.097+0000][66][trace][gc,age      ] GC(441) - age   5:      72520 bytes,    5248360 total
[2026-01-26T07:06:40.097+0000][66][trace][gc,age      ] GC(441) - age   6:        464 bytes,    5248824 total
[2026-01-26T07:06:40.098+0000][66][trace][gc,age      ] GC(441) - age   7:      69544 bytes,    5318368 total
[2026-01-26T07:06:40.098+0000][66][trace][gc,age      ] GC(441) - age   8:     298800 bytes,    5617168 total
[2026-01-26T07:06:40.099+0000][66][trace][gc,age      ] GC(441) - age   9:      69680 bytes,    5686848 total
[2026-01-26T07:06:40.099+0000][66][trace][gc,age      ] GC(441) - age  10:         32 bytes,    5686880 total
[2026-01-26T07:06:40.100+0000][66][trace][gc,age      ] GC(441) - age  12:       1544 bytes,    5688424 total
[2026-01-26T07:06:40.100+0000][66][trace][gc,age      ] GC(441) - age  13:        400 bytes,    5688824 total
[2026-01-26T07:06:40.100+0000][66][trace][gc,age      ] GC(441) - age  15:        144 bytes,    5688968 total
[2026-01-26T07:06:40.101+0000][66][info ][gc,heap     ] GC(441) Eden regions: 146->0(151)
[2026-01-26T07:06:40.101+0000][66][info ][gc,heap     ] GC(441) Survivor regions: 7->2(20)
[2026-01-26T07:06:40.101+0000][66][info ][gc,heap     ] GC(441) Old regions: 43->43
[2026-01-26T07:06:40.102+0000][66][info ][gc,heap     ] GC(441) Humongous regions: 0->0
[2026-01-26T07:06:40.102+0000][66][info ][gc,metaspace] GC(441) Metaspace: 131019K(136832K)->131019K(136832K) NonClass: 113868K(117440K)->113868K(117440K) Class: 17151K(19392K)->17151K(19392K)
[2026-01-26T07:06:40.102+0000][66][info ][gc          ] GC(441) Pause Young (Normal) (G1 Evacuation Pause) 777M->174M(1024M) 19.259ms
[2026-01-26T07:06:40.103+0000][66][info ][gc,cpu      ] GC(441) User=0.03s Sys=0.01s Real=0.02s
[2026-01-26T07:06:40.103+0000][66][info ][safepoint   ] Safepoint "G1CollectForAllocation", Time since last: 610768033 ns, Reaching safepoint: 23502 ns, Cleanup: 6200 ns, At safepoint: 20190110 ns, Total: 20219812 ns
[2026-01-26T07:06:41.964+0000][66][info ][safepoint   ] Safepoint "Cleanup", Time since last: 1860758585 ns, Reaching safepoint: 9801 ns, Cleanup: 9800 ns, At safepoint: 10701 ns, Total: 30302 ns
[2026-01-26T07:06:48.639+0000][66][info ][gc,start    ] GC(442) Pause Young (Normal) (G1 Evacuation Pause)
[2026-01-26T07:06:48.639+0000][66][info ][gc,task     ] GC(442) Using 6 workers of 6 for evacuation
[2026-01-26T07:06:48.640+0000][66][debug][gc,age      ] GC(442) Desired survivor size 41943040 bytes, new threshold 15 (max threshold 15)
[2026-01-26T07:06:48.647+0000][66][info ][gc,phases   ] GC(442)   Pre Evacuate Collection Set: 0.4ms
[2026-01-26T07:06:48.648+0000][66][info ][gc,phases   ] GC(442)   Merge Heap Roots: 0.2ms
[2026-01-26T07:06:48.648+0000][66][info ][gc,phases   ] GC(442)   Evacuate Collection Set: 5.5ms
[2026-01-26T07:06:48.649+0000][66][info ][gc,phases   ] GC(442)   Post Evacuate Collection Set: 1.1ms
[2026-01-26T07:06:48.649+0000][66][info ][gc,phases   ] GC(442)   Other: 0.9ms
[2026-01-26T07:06:48.649+0000][66][trace][gc,age      ] GC(442) Age table with threshold 15 (max threshold 15)
[2026-01-26T07:06:48.650+0000][66][trace][gc,age      ] GC(442) - age   1:   15958000 bytes,   15958000 total
[2026-01-26T07:06:48.650+0000][66][trace][gc,age      ] GC(442) - age   2:    2140016 bytes,   18098016 total
[2026-01-26T07:06:48.650+0000][66][trace][gc,age      ] GC(442) - age   3:      36680 bytes,   18134696 total
[2026-01-26T07:06:48.651+0000][66][trace][gc,age      ] GC(442) - age   4:      77008 bytes,   18211704 total
[2026-01-26T07:06:48.651+0000][66][trace][gc,age      ] GC(442) - age   5:      70536 bytes,   18282240 total
[2026-01-26T07:06:48.651+0000][66][trace][gc,age      ] GC(442) - age   6:      72520 bytes,   18354760 total
[2026-01-26T07:06:48.652+0000][66][trace][gc,age      ] GC(442) - age   7:        464 bytes,   18355224 total
[2026-01-26T07:06:48.652+0000][66][trace][gc,age      ] GC(442) - age   8:      69328 bytes,   18424552 total
[2026-01-26T07:06:48.652+0000][66][trace][gc,age      ] GC(442) - age   9:     298176 bytes,   18722728 total
[2026-01-26T07:06:48.653+0000][66][trace][gc,age      ] GC(442) - age  10:      69680 bytes,   18792408 total
[2026-01-26T07:06:48.653+0000][66][trace][gc,age      ] GC(442) - age  11:         32 bytes,   18792440 total
[2026-01-26T07:06:48.653+0000][66][trace][gc,age      ] GC(442) - age  13:       1544 bytes,   18793984 total
[2026-01-26T07:06:48.653+0000][66][trace][gc,age      ] GC(442) - age  14:        400 bytes,   18794384 total
[2026-01-26T07:06:48.654+0000][66][info ][gc,heap     ] GC(442) Eden regions: 151->0(148)
[2026-01-26T07:06:48.654+0000][66][info ][gc,heap     ] GC(442) Survivor regions: 2->5(20)
[2026-01-26T07:06:48.654+0000][66][info ][gc,heap     ] GC(442) Old regions: 43->43
[2026-01-26T07:06:48.655+0000][66][info ][gc,heap     ] GC(442) Humongous regions: 0->0
[2026-01-26T07:06:48.655+0000][66][info ][gc,metaspace] GC(442) Metaspace: 131020K(136832K)->131020K(136832K) NonClass: 113869K(117440K)->113869K(117440K) Class: 17151K(19392K)->17151K(19392K)
[2026-01-26T07:06:48.655+0000][66][info ][gc          ] GC(442) Pause Young (Normal) (G1 Evacuation Pause) 778M->186M(1024M) 16.162ms
[2026-01-26T07:06:48.655+0000][66][info ][gc,cpu      ] GC(442) User=0.03s Sys=0.00s Real=0.01s
[2026-01-26T07:06:48.656+0000][66][info ][safepoint   ] Safepoint "G1CollectForAllocation", Time since last: 6674811743 ns, Reaching safepoint: 18301 ns, Cleanup: 4500 ns, At safepoint: 16833290 ns, Total: 16856091 ns
[2026-01-26T07:06:49.711+0000][66][info ][safepoint   ] Safepoint "Cleanup", Time since last: 1054969464 ns, Reaching safepoint: 7401 ns, Cleanup: 8400 ns, At safepoint: 2800 ns, Total: 18601 ns
[2026-01-26T07:06:51.400+0000][66][info ][safepoint   ] Safepoint "Cleanup", Time since last: 1689586218 ns, Reaching safepoint: 19602 ns, Cleanup: 14801 ns, At safepoint: 4800 ns, Total: 39203 ns
[2026-01-26T07:06:56.857+0000][66][info ][gc,start    ] GC(443) Pause Young (Normal) (G1 Evacuation Pause)
[2026-01-26T07:06:56.858+0000][66][info ][gc,task     ] GC(443) Using 6 workers of 6 for evacuation
[2026-01-26T07:06:56.858+0000][66][debug][gc,age      ] GC(443) Desired survivor size 41943040 bytes, new threshold 15 (max threshold 15)
[2026-01-26T07:06:56.866+0000][66][info ][gc,phases   ] GC(443)   Pre Evacuate Collection Set: 0.4ms
[2026-01-26T07:06:56.866+0000][66][info ][gc,phases   ] GC(443)   Merge Heap Roots: 0.2ms
[2026-01-26T07:06:56.866+0000][66][info ][gc,phases   ] GC(443)   Evacuate Collection Set: 5.4ms
[2026-01-26T07:06:56.867+0000][66][info ][gc,phases   ] GC(443)   Post Evacuate Collection Set: 1.0ms
[2026-01-26T07:06:56.867+0000][66][info ][gc,phases   ] GC(443)   Other: 0.8ms
[2026-01-26T07:06:56.867+0000][66][trace][gc,age      ] GC(443) Age table with threshold 15 (max threshold 15)
[2026-01-26T07:06:56.868+0000][66][trace][gc,age      ] GC(443) - age   1:   18203368 bytes,   18203368 total
[2026-01-26T07:06:56.868+0000][66][trace][gc,age      ] GC(443) - age   2:       4504 bytes,   18207872 total
[2026-01-26T07:06:56.868+0000][66][trace][gc,age      ] GC(443) - age   3:     235016 bytes,   18442888 total
[2026-01-26T07:06:56.869+0000][66][trace][gc,age      ] GC(443) - age   4:      36336 bytes,   18479224 total
[2026-01-26T07:06:56.869+0000][66][trace][gc,age      ] GC(443) - age   5:      74688 bytes,   18553912 total
[2026-01-26T07:06:56.869+0000][66][trace][gc,age      ] GC(443) - age   6:      70536 bytes,   18624448 total
[2026-01-26T07:06:56.869+0000][66][trace][gc,age      ] GC(443) - age   7:      72520 bytes,   18696968 total
[2026-01-26T07:06:56.870+0000][66][trace][gc,age      ] GC(443) - age   8:        464 bytes,   18697432 total
[2026-01-26T07:06:56.870+0000][66][trace][gc,age      ] GC(443) - age   9:      69328 bytes,   18766760 total
[2026-01-26T07:06:56.870+0000][66][trace][gc,age      ] GC(443) - age  10:     164752 bytes,   18931512 total
[2026-01-26T07:06:56.870+0000][66][trace][gc,age      ] GC(443) - age  11:      69680 bytes,   19001192 total
[2026-01-26T07:06:56.870+0000][66][trace][gc,age      ] GC(443) - age  12:         32 bytes,   19001224 total
[2026-01-26T07:06:56.871+0000][66][trace][gc,age      ] GC(443) - age  14:       1544 bytes,   19002768 total
[2026-01-26T07:06:56.871+0000][66][trace][gc,age      ] GC(443) - age  15:        400 bytes,   19003168 total
[2026-01-26T07:06:56.871+0000][66][info ][gc,heap     ] GC(443) Eden regions: 148->0(148)
[2026-01-26T07:06:56.871+0000][66][info ][gc,heap     ] GC(443) Survivor regions: 5->5(20)
[2026-01-26T07:06:56.871+0000][66][info ][gc,heap     ] GC(443) Old regions: 43->43
[2026-01-26T07:06:56.871+0000][66][info ][gc,heap     ] GC(443) Humongous regions: 0->0
[2026-01-26T07:06:56.872+0000][66][info ][gc,metaspace] GC(443) Metaspace: 131020K(136832K)->131020K(136832K) NonClass: 113869K(117440K)->113869K(117440K) Class: 17151K(19392K)->17151K(19392K)
[2026-01-26T07:06:56.872+0000][66][info ][gc          ] GC(443) Pause Young (Normal) (G1 Evacuation Pause) 778M->186M(1024M) 14.775ms
[2026-01-26T07:06:56.872+0000][66][info ][gc,cpu      ] GC(443) User=0.03s Sys=0.00s Real=0.01s
[2026-01-26T07:06:56.872+0000][66][info ][safepoint   ] Safepoint "G1CollectForAllocation", Time since last: 5456772932 ns, Reaching safepoint: 15101 ns, Cleanup: 4101 ns, At safepoint: 15314082 ns, Total: 15333284 ns
[2026-01-26T07:07:03.248+0000][66][info ][safepoint   ] Safepoint "Cleanup", Time since last: 6377894199 ns, Reaching safepoint: 53804 ns, Cleanup: 14101 ns, At safepoint: 3900 ns, Total: 71805 ns
[2026-01-26T07:07:06.549+0000][66][info ][gc,start    ] GC(444) Pause Young (Normal) (G1 Evacuation Pause)
[2026-01-26T07:07:06.550+0000][66][info ][gc,task     ] GC(444) Using 6 workers of 6 for evacuation
[2026-01-26T07:07:06.550+0000][66][debug][gc,age      ] GC(444) Desired survivor size 41943040 bytes, new threshold 15 (max threshold 15)
[2026-01-26T07:07:06.557+0000][66][info ][gc,phases   ] GC(444)   Pre Evacuate Collection Set: 0.4ms
[2026-01-26T07:07:06.558+0000][66][info ][gc,phases   ] GC(444)   Merge Heap Roots: 0.2ms
[2026-01-26T07:07:06.558+0000][66][info ][gc,phases   ] GC(444)   Evacuate Collection Set: 4.7ms
[2026-01-26T07:07:06.559+0000][66][info ][gc,phases   ] GC(444)   Post Evacuate Collection Set: 1.3ms
[2026-01-26T07:07:06.559+0000][66][info ][gc,phases   ] GC(444)   Other: 1.1ms
[2026-01-26T07:07:06.559+0000][66][trace][gc,age      ] GC(444) Age table with threshold 15 (max threshold 15)
[2026-01-26T07:07:06.560+0000][66][trace][gc,age      ] GC(444) - age   1:   12264120 bytes,   12264120 total
[2026-01-26T07:07:06.560+0000][66][trace][gc,age      ] GC(444) - age   2:     203312 bytes,   12467432 total
[2026-01-26T07:07:06.561+0000][66][trace][gc,age      ] GC(444) - age   3:       3600 bytes,   12471032 total
[2026-01-26T07:07:06.561+0000][66][trace][gc,age      ] GC(444) - age   4:     230824 bytes,   12701856 total
[2026-01-26T07:07:06.561+0000][66][trace][gc,age      ] GC(444) - age   5:      34504 bytes,   12736360 total
[2026-01-26T07:07:06.562+0000][66][trace][gc,age      ] GC(444) - age   6:      74440 bytes,   12810800 total
[2026-01-26T07:07:06.562+0000][66][trace][gc,age      ] GC(444) - age   7:      70536 bytes,   12881336 total
[2026-01-26T07:07:06.562+0000][66][trace][gc,age      ] GC(444) - age   8:      72520 bytes,   12953856 total
[2026-01-26T07:07:06.563+0000][66][trace][gc,age      ] GC(444) - age   9:        400 bytes,   12954256 total
[2026-01-26T07:07:06.563+0000][66][trace][gc,age      ] GC(444) - age  10:      69328 bytes,   13023584 total
[2026-01-26T07:07:06.563+0000][66][trace][gc,age      ] GC(444) - age  11:     164752 bytes,   13188336 total
[2026-01-26T07:07:06.564+0000][66][trace][gc,age      ] GC(444) - age  12:      69680 bytes,   13258016 total
[2026-01-26T07:07:06.564+0000][66][trace][gc,age      ] GC(444) - age  13:         32 bytes,   13258048 total
[2026-01-26T07:07:06.565+0000][66][trace][gc,age      ] GC(444) - age  15:       1544 bytes,   13259592 total
[2026-01-26T07:07:06.565+0000][66][info ][gc,heap     ] GC(444) Eden regions: 148->0(149)
[2026-01-26T07:07:06.565+0000][66][info ][gc,heap     ] GC(444) Survivor regions: 5->4(20)
[2026-01-26T07:07:06.565+0000][66][info ][gc,heap     ] GC(444) Old regions: 43->43
[2026-01-26T07:07:06.566+0000][66][info ][gc,heap     ] GC(444) Humongous regions: 0->0
[2026-01-26T07:07:06.566+0000][66][info ][gc,metaspace] GC(444) Metaspace: 131020K(136832K)->131020K(136832K) NonClass: 113869K(117440K)->113869K(117440K) Class: 17151K(19392K)->17151K(19392K)
[2026-01-26T07:07:06.567+0000][66][info ][gc          ] GC(444) Pause Young (Normal) (G1 Evacuation Pause) 778M->182M(1024M) 17.431ms
[2026-01-26T07:07:06.567+0000][66][info ][gc,cpu      ] GC(444) User=0.03s Sys=0.00s Real=0.02s
[2026-01-26T07:07:06.567+0000][66][info ][safepoint   ] Safepoint "G1CollectForAllocation", Time since last: 3300686519 ns, Reaching safepoint: 18201 ns, Cleanup: 4700 ns, At safepoint: 18280672 ns, Total: 18303573 ns
[2026-01-26T07:07:13.926+0000][66][info ][gc,start    ] GC(445) Pause Young (Normal) (G1 Evacuation Pause)
[2026-01-26T07:07:13.926+0000][66][info ][gc,task     ] GC(445) Using 6 workers of 6 for evacuation
[2026-01-26T07:07:13.926+0000][66][debug][gc,age      ] GC(445) Desired survivor size 41943040 bytes, new threshold 15 (max threshold 15)
[2026-01-26T07:07:13.937+0000][66][info ][gc,phases   ] GC(445)   Pre Evacuate Collection Set: 0.4ms
[2026-01-26T07:07:13.938+0000][66][info ][gc,phases   ] GC(445)   Merge Heap Roots: 0.2ms
[2026-01-26T07:07:13.938+0000][66][info ][gc,phases   ] GC(445)   Evacuate Collection Set: 8.3ms
[2026-01-26T07:07:13.938+0000][66][info ][gc,phases   ] GC(445)   Post Evacuate Collection Set: 1.2ms
[2026-01-26T07:07:13.939+0000][66][info ][gc,phases   ] GC(445)   Other: 0.9ms
[2026-01-26T07:07:13.939+0000][66][trace][gc,age      ] GC(445) Age table with threshold 15 (max threshold 15)
[2026-01-26T07:07:13.939+0000][66][trace][gc,age      ] GC(445) - age   1:   18857696 bytes,   18857696 total
[2026-01-26T07:07:13.940+0000][66][trace][gc,age      ] GC(445) - age   2:    5995392 bytes,   24853088 total
[2026-01-26T07:07:13.940+0000][66][trace][gc,age      ] GC(445) - age   3:     203312 bytes,   25056400 total
[2026-01-26T07:07:13.940+0000][66][trace][gc,age      ] GC(445) - age   4:       2408 bytes,   25058808 total
[2026-01-26T07:07:13.941+0000][66][trace][gc,age      ] GC(445) - age   5:     227440 bytes,   25286248 total
[2026-01-26T07:07:13.941+0000][66][trace][gc,age      ] GC(445) - age   6:      34416 bytes,   25320664 total
[2026-01-26T07:07:13.941+0000][66][trace][gc,age      ] GC(445) - age   7:      74440 bytes,   25395104 total
[2026-01-26T07:07:13.942+0000][66][trace][gc,age      ] GC(445) - age   8:      70360 bytes,   25465464 total
[2026-01-26T07:07:13.942+0000][66][trace][gc,age      ] GC(445) - age   9:      72520 bytes,   25537984 total
[2026-01-26T07:07:13.942+0000][66][trace][gc,age      ] GC(445) - age  10:        400 bytes,   25538384 total
[2026-01-26T07:07:13.943+0000][66][trace][gc,age      ] GC(445) - age  11:      69328 bytes,   25607712 total
[2026-01-26T07:07:13.943+0000][66][trace][gc,age      ] GC(445) - age  12:     164752 bytes,   25772464 total
[2026-01-26T07:07:13.943+0000][66][trace][gc,age      ] GC(445) - age  13:      69680 bytes,   25842144 total
[2026-01-26T07:07:13.944+0000][66][trace][gc,age      ] GC(445) - age  14:         32 bytes,   25842176 total
[2026-01-26T07:07:13.944+0000][66][info ][gc,heap     ] GC(445) Eden regions: 149->0(146)
[2026-01-26T07:07:13.944+0000][66][info ][gc,heap     ] GC(445) Survivor regions: 4->7(20)
[2026-01-26T07:07:13.944+0000][66][info ][gc,heap     ] GC(445) Old regions: 43->43
[2026-01-26T07:07:13.945+0000][66][info ][gc,heap     ] GC(445) Humongous regions: 0->0
[2026-01-26T07:07:13.945+0000][66][info ][gc,metaspace] GC(445) Metaspace: 131020K(136832K)->131020K(136832K) NonClass: 113869K(117440K)->113869K(117440K) Class: 17151K(19392K)->17151K(19392K)
[2026-01-26T07:07:13.945+0000][66][info ][gc          ] GC(445) Pause Young (Normal) (G1 Evacuation Pause) 778M->194M(1024M) 19.790ms
[2026-01-26T07:07:13.946+0000][66][info ][gc,cpu      ] GC(445) User=0.04s Sys=0.00s Real=0.02s
[2026-01-26T07:07:13.946+0000][66][info ][safepoint   ] Safepoint "G1CollectForAllocation", Time since last: 7358181782 ns, Reaching safepoint: 19202 ns, Cleanup: 4700 ns, At safepoint: 20598267 ns, Total: 20622169 ns
[2026-01-26T07:07:25.213+0000][66][info ][gc,start    ] GC(446) Pause Young (Normal) (G1 Evacuation Pause)
[2026-01-26T07:07:25.214+0000][66][info ][gc,task     ] GC(446) Using 6 workers of 6 for evacuation
[2026-01-26T07:07:25.214+0000][66][debug][gc,age      ] GC(446) Desired survivor size 41943040 bytes, new threshold 15 (max threshold 15)
[2026-01-26T07:07:25.224+0000][66][info ][gc,phases   ] GC(446)   Pre Evacuate Collection Set: 0.4ms
[2026-01-26T07:07:25.225+0000][66][info ][gc,phases   ] GC(446)   Merge Heap Roots: 0.3ms
[2026-01-26T07:07:25.225+0000][66][info ][gc,phases   ] GC(446)   Evacuate Collection Set: 7.3ms
[2026-01-26T07:07:25.226+0000][66][info ][gc,phases   ] GC(446)   Post Evacuate Collection Set: 1.6ms
[2026-01-26T07:07:25.226+0000][66][info ][gc,phases   ] GC(446)   Other: 1.0ms
[2026-01-26T07:07:25.227+0000][66][trace][gc,age      ] GC(446) Age table with threshold 15 (max threshold 15)
[2026-01-26T07:07:25.227+0000][66][trace][gc,age      ] GC(446) - age   1:   21911280 bytes,   21911280 total
[2026-01-26T07:07:25.227+0000][66][trace][gc,age      ] GC(446) - age   2:    1976360 bytes,   23887640 total
[2026-01-26T07:07:25.228+0000][66][trace][gc,age      ] GC(446) - age   3:      74152 bytes,   23961792 total
[2026-01-26T07:07:25.228+0000][66][trace][gc,age      ] GC(446) - age   4:     201144 bytes,   24162936 total
[2026-01-26T07:07:25.229+0000][66][trace][gc,age      ] GC(446) - age   5:       1536 bytes,   24164472 total
[2026-01-26T07:07:25.229+0000][66][trace][gc,age      ] GC(446) - age   6:     227416 bytes,   24391888 total
[2026-01-26T07:07:25.229+0000][66][trace][gc,age      ] GC(446) - age   7:      34304 bytes,   24426192 total
[2026-01-26T07:07:25.230+0000][66][trace][gc,age      ] GC(446) - age   8:      73784 bytes,   24499976 total
[2026-01-26T07:07:25.230+0000][66][trace][gc,age      ] GC(446) - age   9:      70360 bytes,   24570336 total
[2026-01-26T07:07:25.230+0000][66][trace][gc,age      ] GC(446) - age  10:      72520 bytes,   24642856 total
[2026-01-26T07:07:25.231+0000][66][trace][gc,age      ] GC(446) - age  11:        400 bytes,   24643256 total
[2026-01-26T07:07:25.231+0000][66][trace][gc,age      ] GC(446) - age  12:      69328 bytes,   24712584 total
[2026-01-26T07:07:25.231+0000][66][trace][gc,age      ] GC(446) - age  13:     164752 bytes,   24877336 total
[2026-01-26T07:07:25.231+0000][66][trace][gc,age      ] GC(446) - age  14:      69680 bytes,   24947016 total
[2026-01-26T07:07:25.232+0000][66][trace][gc,age      ] GC(446) - age  15:         32 bytes,   24947048 total
[2026-01-26T07:07:25.232+0000][66][info ][gc,heap     ] GC(446) Eden regions: 146->0(146)
[2026-01-26T07:07:25.232+0000][66][info ][gc,heap     ] GC(446) Survivor regions: 7->7(20)
[2026-01-26T07:07:25.232+0000][66][info ][gc,heap     ] GC(446) Old regions: 43->43
[2026-01-26T07:07:25.233+0000][66][info ][gc,heap     ] GC(446) Humongous regions: 0->0
[2026-01-26T07:07:25.233+0000][66][info ][gc,metaspace] GC(446) Metaspace: 131020K(136832K)->131020K(136832K) NonClass: 113869K(117440K)->113869K(117440K) Class: 17151K(19392K)->17151K(19392K)
[2026-01-26T07:07:25.233+0000][66][info ][gc          ] GC(446) Pause Young (Normal) (G1 Evacuation Pause) 778M->192M(1024M) 20.327ms
[2026-01-26T07:07:25.234+0000][66][info ][gc,cpu      ] GC(446) User=0.04s Sys=0.01s Real=0.02s
[2026-01-26T07:07:25.234+0000][66][info ][safepoint   ] Safepoint "G1CollectForAllocation", Time since last: 11266570472 ns, Reaching safepoint: 138910 ns, Cleanup: 6100 ns, At safepoint: 21031072 ns, Total: 21176082 ns
[2026-01-26T07:07:30.864+0000][66][info ][gc,start    ] GC(447) Pause Young (Normal) (G1 Evacuation Pause)
[2026-01-26T07:07:30.864+0000][66][info ][gc,task     ] GC(447) Using 6 workers of 6 for evacuation
[2026-01-26T07:07:30.865+0000][66][debug][gc,age      ] GC(447) Desired survivor size 41943040 bytes, new threshold 15 (max threshold 15)
[2026-01-26T07:07:30.872+0000][66][info ][gc,phases   ] GC(447)   Pre Evacuate Collection Set: 0.3ms
[2026-01-26T07:07:30.872+0000][66][info ][gc,phases   ] GC(447)   Merge Heap Roots: 0.1ms
[2026-01-26T07:07:30.873+0000][66][info ][gc,phases   ] GC(447)   Evacuate Collection Set: 5.2ms
[2026-01-26T07:07:30.873+0000][66][info ][gc,phases   ] GC(447)   Post Evacuate Collection Set: 1.1ms
[2026-01-26T07:07:30.874+0000][66][info ][gc,phases   ] GC(447)   Other: 0.9ms
[2026-01-26T07:07:30.874+0000][66][trace][gc,age      ] GC(447) Age table with threshold 15 (max threshold 15)
[2026-01-26T07:07:30.874+0000][66][trace][gc,age      ] GC(447) - age   1:   13813048 bytes,   13813048 total
[2026-01-26T07:07:30.875+0000][66][trace][gc,age      ] GC(447) - age   2:    1383808 bytes,   15196856 total
[2026-01-26T07:07:30.875+0000][66][trace][gc,age      ] GC(447) - age   3:       5112 bytes,   15201968 total
[2026-01-26T07:07:30.875+0000][66][trace][gc,age      ] GC(447) - age   4:      71952 bytes,   15273920 total
[2026-01-26T07:07:30.876+0000][66][trace][gc,age      ] GC(447) - age   5:     201144 bytes,   15475064 total
[2026-01-26T07:07:30.876+0000][66][trace][gc,age      ] GC(447) - age   6:       1536 bytes,   15476600 total
[2026-01-26T07:07:30.876+0000][66][trace][gc,age      ] GC(447) - age   7:     227416 bytes,   15704016 total
[2026-01-26T07:07:30.877+0000][66][trace][gc,age      ] GC(447) - age   8:      34272 bytes,   15738288 total
[2026-01-26T07:07:30.877+0000][66][trace][gc,age      ] GC(447) - age   9:      73432 bytes,   15811720 total
[2026-01-26T07:07:30.877+0000][66][trace][gc,age      ] GC(447) - age  10:      70360 bytes,   15882080 total
[2026-01-26T07:07:30.878+0000][66][trace][gc,age      ] GC(447) - age  11:      72520 bytes,   15954600 total
[2026-01-26T07:07:30.878+0000][66][trace][gc,age      ] GC(447) - age  12:        400 bytes,   15955000 total
[2026-01-26T07:07:30.878+0000][66][trace][gc,age      ] GC(447) - age  13:      69328 bytes,   16024328 total
[2026-01-26T07:07:30.878+0000][66][trace][gc,age      ] GC(447) - age  14:     164752 bytes,   16189080 total
[2026-01-26T07:07:30.879+0000][66][trace][gc,age      ] GC(447) - age  15:      69680 bytes,   16258760 total
[2026-01-26T07:07:30.879+0000][66][info ][gc,heap     ] GC(447) Eden regions: 146->0(148)
[2026-01-26T07:07:30.879+0000][66][info ][gc,heap     ] GC(447) Survivor regions: 7->5(20)
[2026-01-26T07:07:30.879+0000][66][info ][gc,heap     ] GC(447) Old regions: 43->43
[2026-01-26T07:07:30.880+0000][66][info ][gc,heap     ] GC(447) Humongous regions: 0->0
[2026-01-26T07:07:30.880+0000][66][info ][gc,metaspace] GC(447) Metaspace: 131022K(136832K)->131022K(136832K) NonClass: 113871K(117440K)->113871K(117440K) Class: 17151K(19392K)->17151K(19392K)
[2026-01-26T07:07:30.880+0000][66][info ][gc          ] GC(447) Pause Young (Normal) (G1 Evacuation Pause) 776M->185M(1024M) 16.317ms
[2026-01-26T07:07:30.880+0000][66][info ][gc,cpu      ] GC(447) User=0.03s Sys=0.00s Real=0.01s
[2026-01-26T07:07:30.881+0000][66][info ][safepoint   ] Safepoint "G1CollectForAllocation", Time since last: 5629869515 ns, Reaching safepoint: 17301 ns, Cleanup: 4700 ns, At safepoint: 16942886 ns, Total: 16964887 ns
[2026-01-26T07:07:36.213+0000][66][info ][gc,start    ] GC(448) Pause Young (Normal) (G1 Evacuation Pause)
[2026-01-26T07:07:36.213+0000][66][info ][gc,task     ] GC(448) Using 6 workers of 6 for evacuation
[2026-01-26T07:07:36.214+0000][66][debug][gc,age      ] GC(448) Desired survivor size 41943040 bytes, new threshold 15 (max threshold 15)
[2026-01-26T07:07:36.225+0000][66][info ][gc,phases   ] GC(448)   Pre Evacuate Collection Set: 0.4ms
[2026-01-26T07:07:36.226+0000][66][info ][gc,phases   ] GC(448)   Merge Heap Roots: 0.2ms
[2026-01-26T07:07:36.226+0000][66][info ][gc,phases   ] GC(448)   Evacuate Collection Set: 9.2ms
[2026-01-26T07:07:36.226+0000][66][info ][gc,phases   ] GC(448)   Post Evacuate Collection Set: 1.2ms
[2026-01-26T07:07:36.227+0000][66][info ][gc,phases   ] GC(448)   Other: 0.7ms
[2026-01-26T07:07:36.227+0000][66][trace][gc,age      ] GC(448) Age table with threshold 15 (max threshold 15)
[2026-01-26T07:07:36.227+0000][66][trace][gc,age      ] GC(448) - age   1:   21260216 bytes,   21260216 total
[2026-01-26T07:07:36.228+0000][66][trace][gc,age      ] GC(448) - age   2:    7658848 bytes,   28919064 total
[2026-01-26T07:07:36.228+0000][66][trace][gc,age      ] GC(448) - age   3:    1075720 bytes,   29994784 total
[2026-01-26T07:07:36.228+0000][66][trace][gc,age      ] GC(448) - age   4:       4616 bytes,   29999400 total
[2026-01-26T07:07:36.229+0000][66][trace][gc,age      ] GC(448) - age   5:      70296 bytes,   30069696 total
[2026-01-26T07:07:36.229+0000][66][trace][gc,age      ] GC(448) - age   6:     201080 bytes,   30270776 total
[2026-01-26T07:07:36.229+0000][66][trace][gc,age      ] GC(448) - age   7:       1472 bytes,   30272248 total
[2026-01-26T07:07:36.229+0000][66][trace][gc,age      ] GC(448) - age   8:     226848 bytes,   30499096 total
[2026-01-26T07:07:36.230+0000][66][trace][gc,age      ] GC(448) - age   9:      32376 bytes,   30531472 total
[2026-01-26T07:07:36.230+0000][66][trace][gc,age      ] GC(448) - age  10:      73328 bytes,   30604800 total
[2026-01-26T07:07:36.230+0000][66][trace][gc,age      ] GC(448) - age  11:      70360 bytes,   30675160 total
[2026-01-26T07:07:36.231+0000][66][trace][gc,age      ] GC(448) - age  12:      72520 bytes,   30747680 total
[2026-01-26T07:07:36.231+0000][66][trace][gc,age      ] GC(448) - age  13:        400 bytes,   30748080 total
[2026-01-26T07:07:36.231+0000][66][trace][gc,age      ] GC(448) - age  14:      69264 bytes,   30817344 total
[2026-01-26T07:07:36.231+0000][66][trace][gc,age      ] GC(448) - age  15:     164720 bytes,   30982064 total
[2026-01-26T07:07:36.232+0000][66][info ][gc,heap     ] GC(448) Eden regions: 148->0(145)
[2026-01-26T07:07:36.232+0000][66][info ][gc,heap     ] GC(448) Survivor regions: 5->8(20)
[2026-01-26T07:07:36.232+0000][66][info ][gc,heap     ] GC(448) Old regions: 43->43
[2026-01-26T07:07:36.232+0000][66][info ][gc,heap     ] GC(448) Humongous regions: 0->0
[2026-01-26T07:07:36.233+0000][66][info ][gc,metaspace] GC(448) Metaspace: 131022K(136832K)->131022K(136832K) NonClass: 113871K(117440K)->113871K(117440K) Class: 17151K(19392K)->17151K(19392K)
[2026-01-26T07:07:36.233+0000][66][info ][gc          ] GC(448) Pause Young (Normal) (G1 Evacuation Pause) 777M->200M(1024M) 19.812ms
[2026-01-26T07:07:36.233+0000][66][info ][gc,cpu      ] GC(448) User=0.05s Sys=0.00s Real=0.02s
[2026-01-26T07:07:36.233+0000][66][info ][safepoint   ] Safepoint "G1CollectForAllocation", Time since last: 5334217900 ns, Reaching safepoint: 17701 ns, Cleanup: 4200 ns, At safepoint: 20425051 ns, Total: 20446952 ns
[2026-01-26T07:07:37.332+0000][66][info ][safepoint   ] Safepoint "Cleanup", Time since last: 1098796624 ns, Reaching safepoint: 6300 ns, Cleanup: 7501 ns, At safepoint: 2700 ns, Total: 16501 ns
[2026-01-26T07:07:39.377+0000][66][info ][safepoint   ] Safepoint "Cleanup", Time since last: 2045151907 ns, Reaching safepoint: 10001 ns, Cleanup: 10400 ns, At safepoint: 4201 ns, Total: 24602 ns
[2026-01-26T07:07:40.432+0000][66][info ][safepoint   ] Safepoint "Cleanup", Time since last: 1054741324 ns, Reaching safepoint: 10401 ns, Cleanup: 12500 ns, At safepoint: 3601 ns, Total: 26502 ns
[2026-01-26T07:07:41.901+0000][66][info ][safepoint   ] Safepoint "Cleanup", Time since last: 1468257869 ns, Reaching safepoint: 19201 ns, Cleanup: 15201 ns, At safepoint: 4500 ns, Total: 38902 ns
[2026-01-26T07:07:42.071+0000][66][info ][gc,start    ] GC(449) Pause Young (Normal) (G1 Evacuation Pause)
[2026-01-26T07:07:42.071+0000][66][info ][gc,task     ] GC(449) Using 6 workers of 6 for evacuation
[2026-01-26T07:07:42.072+0000][66][debug][gc,age      ] GC(449) Desired survivor size 41943040 bytes, new threshold 15 (max threshold 15)
[2026-01-26T07:07:42.078+0000][66][info ][gc,phases   ] GC(449)   Pre Evacuate Collection Set: 0.4ms
[2026-01-26T07:07:42.079+0000][66][info ][gc,phases   ] GC(449)   Merge Heap Roots: 0.1ms
[2026-01-26T07:07:42.079+0000][66][info ][gc,phases   ] GC(449)   Evacuate Collection Set: 4.1ms
[2026-01-26T07:07:42.079+0000][66][info ][gc,phases   ] GC(449)   Post Evacuate Collection Set: 1.1ms
[2026-01-26T07:07:42.080+0000][66][info ][gc,phases   ] GC(449)   Other: 0.9ms
[2026-01-26T07:07:42.080+0000][66][trace][gc,age      ] GC(449) Age table with threshold 15 (max threshold 15)
[2026-01-26T07:07:42.081+0000][66][trace][gc,age      ] GC(449) - age   1:    8802464 bytes,    8802464 total
[2026-01-26T07:07:42.081+0000][66][trace][gc,age      ] GC(449) - age   2:      19096 bytes,    8821560 total
[2026-01-26T07:07:42.081+0000][66][trace][gc,age      ] GC(449) - age   3:      89728 bytes,    8911288 total
[2026-01-26T07:07:42.082+0000][66][trace][gc,age      ] GC(449) - age   4:     327216 bytes,    9238504 total
[2026-01-26T07:07:42.082+0000][66][trace][gc,age      ] GC(449) - age   5:        512 bytes,    9239016 total
[2026-01-26T07:07:42.082+0000][66][trace][gc,age      ] GC(449) - age   6:      70208 bytes,    9309224 total
[2026-01-26T07:07:42.083+0000][66][trace][gc,age      ] GC(449) - age   7:     201080 bytes,    9510304 total
[2026-01-26T07:07:42.083+0000][66][trace][gc,age      ] GC(449) - age   8:       1272 bytes,    9511576 total
[2026-01-26T07:07:42.083+0000][66][trace][gc,age      ] GC(449) - age   9:     148744 bytes,    9660320 total
[2026-01-26T07:07:42.084+0000][66][trace][gc,age      ] GC(449) - age  10:      31720 bytes,    9692040 total
[2026-01-26T07:07:42.084+0000][66][trace][gc,age      ] GC(449) - age  11:      73016 bytes,    9765056 total
[2026-01-26T07:07:42.084+0000][66][trace][gc,age      ] GC(449) - age  12:      70360 bytes,    9835416 total
[2026-01-26T07:07:42.085+0000][66][trace][gc,age      ] GC(449) - age  13:      72520 bytes,    9907936 total
[2026-01-26T07:07:42.085+0000][66][trace][gc,age      ] GC(449) - age  14:        400 bytes,    9908336 total
[2026-01-26T07:07:42.085+0000][66][trace][gc,age      ] GC(449) - age  15:      69264 bytes,    9977600 total
[2026-01-26T07:07:42.086+0000][66][info ][gc,heap     ] GC(449) Eden regions: 145->0(150)
[2026-01-26T07:07:42.086+0000][66][info ][gc,heap     ] GC(449) Survivor regions: 8->3(20)
[2026-01-26T07:07:42.086+0000][66][info ][gc,heap     ] GC(449) Old regions: 43->43
[2026-01-26T07:07:42.087+0000][66][info ][gc,heap     ] GC(449) Humongous regions: 0->0
[2026-01-26T07:07:42.087+0000][66][info ][gc,metaspace] GC(449) Metaspace: 131025K(136832K)->131025K(136832K) NonClass: 113874K(117440K)->113874K(117440K) Class: 17151K(19392K)->17151K(19392K)
[2026-01-26T07:07:42.087+0000][66][info ][gc          ] GC(449) Pause Young (Normal) (G1 Evacuation Pause) 780M->179M(1024M) 16.523ms
[2026-01-26T07:07:42.088+0000][66][info ][gc,cpu      ] GC(449) User=0.02s Sys=0.00s Real=0.02s
[2026-01-26T07:07:42.088+0000][66][info ][safepoint   ] Safepoint "G1CollectForAllocation", Time since last: 170310571 ns, Reaching safepoint: 16501 ns, Cleanup: 4400 ns, At safepoint: 17260134 ns, Total: 17281035 ns
[2026-01-26T07:07:46.609+0000][66][info ][gc,start    ] GC(450) Pause Young (Normal) (G1 Evacuation Pause)
[2026-01-26T07:07:46.609+0000][66][info ][gc,task     ] GC(450) Using 6 workers of 6 for evacuation
[2026-01-26T07:07:46.610+0000][66][debug][gc,age      ] GC(450) Desired survivor size 41943040 bytes, new threshold 15 (max threshold 15)
[2026-01-26T07:07:46.620+0000][66][info ][gc,phases   ] GC(450)   Pre Evacuate Collection Set: 0.4ms
[2026-01-26T07:07:46.620+0000][66][info ][gc,phases   ] GC(450)   Merge Heap Roots: 0.1ms
[2026-01-26T07:07:46.620+0000][66][info ][gc,phases   ] GC(450)   Evacuate Collection Set: 7.2ms
[2026-01-26T07:07:46.622+0000][66][info ][gc,phases   ] GC(450)   Post Evacuate Collection Set: 1.2ms
[2026-01-26T07:07:46.622+0000][66][info ][gc,phases   ] GC(450)   Other: 1.1ms
[2026-01-26T07:07:46.623+0000][66][trace][gc,age      ] GC(450) Age table with threshold 15 (max threshold 15)
[2026-01-26T07:07:46.623+0000][66][trace][gc,age      ] GC(450) - age   1:   15983520 bytes,   15983520 total
[2026-01-26T07:07:46.624+0000][66][trace][gc,age      ] GC(450) - age   2:    5357168 bytes,   21340688 total
[2026-01-26T07:07:46.624+0000][66][trace][gc,age      ] GC(450) - age   3:      18920 bytes,   21359608 total
[2026-01-26T07:07:46.625+0000][66][trace][gc,age      ] GC(450) - age   4:      89728 bytes,   21449336 total
[2026-01-26T07:07:46.625+0000][66][trace][gc,age      ] GC(450) - age   5:     327216 bytes,   21776552 total
[2026-01-26T07:07:46.625+0000][66][trace][gc,age      ] GC(450) - age   6:        512 bytes,   21777064 total
[2026-01-26T07:07:46.626+0000][66][trace][gc,age      ] GC(450) - age   7:      70208 bytes,   21847272 total
[2026-01-26T07:07:46.626+0000][66][trace][gc,age      ] GC(450) - age   8:     201080 bytes,   22048352 total
[2026-01-26T07:07:46.627+0000][66][trace][gc,age      ] GC(450) - age   9:       1272 bytes,   22049624 total
[2026-01-26T07:07:46.628+0000][66][trace][gc,age      ] GC(450) - age  10:     148744 bytes,   22198368 total
[2026-01-26T07:07:46.629+0000][66][trace][gc,age      ] GC(450) - age  11:      31720 bytes,   22230088 total
[2026-01-26T07:07:46.629+0000][66][trace][gc,age      ] GC(450) - age  12:      73016 bytes,   22303104 total
[2026-01-26T07:07:46.630+0000][66][trace][gc,age      ] GC(450) - age  13:      70360 bytes,   22373464 total
[2026-01-26T07:07:46.630+0000][66][trace][gc,age      ] GC(450) - age  14:      72520 bytes,   22445984 total
[2026-01-26T07:07:46.631+0000][66][trace][gc,age      ] GC(450) - age  15:        400 bytes,   22446384 total
[2026-01-26T07:07:46.631+0000][66][info ][gc,heap     ] GC(450) Eden regions: 150->0(147)
[2026-01-26T07:07:46.631+0000][66][info ][gc,heap     ] GC(450) Survivor regions: 3->6(20)
[2026-01-26T07:07:46.632+0000][66][info ][gc,heap     ] GC(450) Old regions: 43->43
[2026-01-26T07:07:46.632+0000][66][info ][gc,heap     ] GC(450) Humongous regions: 0->0
[2026-01-26T07:07:46.633+0000][66][info ][gc,metaspace] GC(450) Metaspace: 131025K(136832K)->131025K(136832K) NonClass: 113874K(117440K)->113874K(117440K) Class: 17151K(19392K)->17151K(19392K)
[2026-01-26T07:07:46.633+0000][66][info ][gc          ] GC(450) Pause Young (Normal) (G1 Evacuation Pause) 779M->192M(1024M) 24.260ms
[2026-01-26T07:07:46.634+0000][66][info ][gc,cpu      ] GC(450) User=0.05s Sys=0.00s Real=0.03s
[2026-01-26T07:07:46.634+0000][66][info ][safepoint   ] Safepoint "G1CollectForAllocation", Time since last: 4520759755 ns, Reaching safepoint: 18601 ns, Cleanup: 4300 ns, At safepoint: 25297108 ns, Total: 25320009 ns
[2026-01-26T07:07:48.532+0000][66][info ][gc,start    ] GC(451) Pause Young (Normal) (G1 Evacuation Pause)
[2026-01-26T07:07:48.533+0000][66][info ][gc,task     ] GC(451) Using 6 workers of 6 for evacuation
[2026-01-26T07:07:48.533+0000][66][debug][gc,age      ] GC(451) Desired survivor size 41943040 bytes, new threshold 15 (max threshold 15)
[2026-01-26T07:07:48.543+0000][66][info ][gc,phases   ] GC(451)   Pre Evacuate Collection Set: 0.3ms
[2026-01-26T07:07:48.543+0000][66][info ][gc,phases   ] GC(451)   Merge Heap Roots: 0.2ms
[2026-01-26T07:07:48.544+0000][66][info ][gc,phases   ] GC(451)   Evacuate Collection Set: 7.7ms
[2026-01-26T07:07:48.544+0000][66][info ][gc,phases   ] GC(451)   Post Evacuate Collection Set: 1.2ms
[2026-01-26T07:07:48.544+0000][66][info ][gc,phases   ] GC(451)   Other: 0.7ms
[2026-01-26T07:07:48.545+0000][66][trace][gc,age      ] GC(451) Age table with threshold 15 (max threshold 15)
[2026-01-26T07:07:48.545+0000][66][trace][gc,age      ] GC(451) - age   1:    9152120 bytes,    9152120 total
[2026-01-26T07:07:48.545+0000][66][trace][gc,age      ] GC(451) - age   2:   10040928 bytes,   19193048 total
[2026-01-26T07:07:48.546+0000][66][trace][gc,age      ] GC(451) - age   3:    5328736 bytes,   24521784 total
[2026-01-26T07:07:48.546+0000][66][trace][gc,age      ] GC(451) - age   4:      18920 bytes,   24540704 total
[2026-01-26T07:07:48.546+0000][66][trace][gc,age      ] GC(451) - age   5:      89728 bytes,   24630432 total
[2026-01-26T07:07:48.547+0000][66][trace][gc,age      ] GC(451) - age   6:     326648 bytes,   24957080 total
[2026-01-26T07:07:48.547+0000][66][trace][gc,age      ] GC(451) - age   7:        512 bytes,   24957592 total
[2026-01-26T07:07:48.547+0000][66][trace][gc,age      ] GC(451) - age   8:      70208 bytes,   25027800 total
[2026-01-26T07:07:48.547+0000][66][trace][gc,age      ] GC(451) - age   9:     201080 bytes,   25228880 total
[2026-01-26T07:07:48.548+0000][66][trace][gc,age      ] GC(451) - age  10:       1272 bytes,   25230152 total
[2026-01-26T07:07:48.548+0000][66][trace][gc,age      ] GC(451) - age  11:     148744 bytes,   25378896 total
[2026-01-26T07:07:48.548+0000][66][trace][gc,age      ] GC(451) - age  12:      31720 bytes,   25410616 total
[2026-01-26T07:07:48.549+0000][66][trace][gc,age      ] GC(451) - age  13:      73016 bytes,   25483632 total
[2026-01-26T07:07:48.549+0000][66][trace][gc,age      ] GC(451) - age  14:      70360 bytes,   25553992 total
[2026-01-26T07:07:48.549+0000][66][trace][gc,age      ] GC(451) - age  15:      72520 bytes,   25626512 total
[2026-01-26T07:07:48.549+0000][66][info ][gc,heap     ] GC(451) Eden regions: 147->0(146)
[2026-01-26T07:07:48.549+0000][66][info ][gc,heap     ] GC(451) Survivor regions: 6->7(20)
[2026-01-26T07:07:48.550+0000][66][info ][gc,heap     ] GC(451) Old regions: 43->43
[2026-01-26T07:07:48.550+0000][66][info ][gc,heap     ] GC(451) Humongous regions: 0->0
[2026-01-26T07:07:48.550+0000][66][info ][gc,metaspace] GC(451) Metaspace: 131025K(136832K)->131025K(136832K) NonClass: 113874K(117440K)->113874K(117440K) Class: 17151K(19392K)->17151K(19392K)
[2026-01-26T07:07:48.550+0000][66][info ][gc          ] GC(451) Pause Young (Normal) (G1 Evacuation Pause) 780M->195M(1024M) 17.973ms
[2026-01-26T07:07:48.551+0000][66][info ][gc,cpu      ] GC(451) User=0.04s Sys=0.01s Real=0.01s
[2026-01-26T07:07:48.551+0000][66][info ][safepoint   ] Safepoint "G1CollectForAllocation", Time since last: 1898212647 ns, Reaching safepoint: 17201 ns, Cleanup: 4601 ns, At safepoint: 18618030 ns, Total: 18639832 ns
[2026-01-26T07:07:50.694+0000][66][info ][gc,start    ] GC(452) Pause Young (Normal) (G1 Evacuation Pause)
[2026-01-26T07:07:50.695+0000][66][info ][gc,task     ] GC(452) Using 6 workers of 6 for evacuation
[2026-01-26T07:07:50.695+0000][66][debug][gc,age      ] GC(452) Desired survivor size 41943040 bytes, new threshold 15 (max threshold 15)
[2026-01-26T07:07:50.706+0000][66][info ][gc,phases   ] GC(452)   Pre Evacuate Collection Set: 0.5ms
[2026-01-26T07:07:50.706+0000][66][info ][gc,phases   ] GC(452)   Merge Heap Roots: 0.2ms
[2026-01-26T07:07:50.707+0000][66][info ][gc,phases   ] GC(452)   Evacuate Collection Set: 7.9ms
[2026-01-26T07:07:50.707+0000][66][info ][gc,phases   ] GC(452)   Post Evacuate Collection Set: 1.3ms
[2026-01-26T07:07:50.708+0000][66][info ][gc,phases   ] GC(452)   Other: 1.1ms
[2026-01-26T07:07:50.708+0000][66][trace][gc,age      ] GC(452) Age table with threshold 15 (max threshold 15)
[2026-01-26T07:07:50.709+0000][66][trace][gc,age      ] GC(452) - age   1:    8481160 bytes,    8481160 total
[2026-01-26T07:07:50.709+0000][66][trace][gc,age      ] GC(452) - age   2:    3100816 bytes,   11581976 total
[2026-01-26T07:07:50.709+0000][66][trace][gc,age      ] GC(452) - age   3:    8599304 bytes,   20181280 total
[2026-01-26T07:07:50.710+0000][66][trace][gc,age      ] GC(452) - age   4:    4832208 bytes,   25013488 total
[2026-01-26T07:07:50.710+0000][66][trace][gc,age      ] GC(452) - age   5:      18896 bytes,   25032384 total
[2026-01-26T07:07:50.711+0000][66][trace][gc,age      ] GC(452) - age   6:      89480 bytes,   25121864 total
[2026-01-26T07:07:50.711+0000][66][trace][gc,age      ] GC(452) - age   7:     326648 bytes,   25448512 total
[2026-01-26T07:07:50.712+0000][66][trace][gc,age      ] GC(452) - age   8:        512 bytes,   25449024 total
[2026-01-26T07:07:50.712+0000][66][trace][gc,age      ] GC(452) - age   9:      70208 bytes,   25519232 total
[2026-01-26T07:07:50.713+0000][66][trace][gc,age      ] GC(452) - age  10:     201080 bytes,   25720312 total
[2026-01-26T07:07:50.713+0000][66][trace][gc,age      ] GC(452) - age  11:       1272 bytes,   25721584 total
[2026-01-26T07:07:50.714+0000][66][trace][gc,age      ] GC(452) - age  12:     148744 bytes,   25870328 total
[2026-01-26T07:07:50.714+0000][66][trace][gc,age      ] GC(452) - age  13:      31720 bytes,   25902048 total
[2026-01-26T07:07:50.714+0000][66][trace][gc,age      ] GC(452) - age  14:      73016 bytes,   25975064 total
[2026-01-26T07:07:50.715+0000][66][trace][gc,age      ] GC(452) - age  15:      70360 bytes,   26045424 total
[2026-01-26T07:07:50.715+0000][66][info ][gc,heap     ] GC(452) Eden regions: 146->0(145)
[2026-01-26T07:07:50.715+0000][66][info ][gc,heap     ] GC(452) Survivor regions: 7->8(20)
[2026-01-26T07:07:50.716+0000][66][info ][gc,heap     ] GC(452) Old regions: 43->43
[2026-01-26T07:07:50.716+0000][66][info ][gc,heap     ] GC(452) Humongous regions: 0->0
[2026-01-26T07:07:50.716+0000][66][info ][gc,metaspace] GC(452) Metaspace: 131025K(136832K)->131025K(136832K) NonClass: 113874K(117440K)->113874K(117440K) Class: 17151K(19392K)->17151K(19392K)
[2026-01-26T07:07:50.717+0000][66][info ][gc          ] GC(452) Pause Young (Normal) (G1 Evacuation Pause) 779M->198M(1024M) 22.878ms
[2026-01-26T07:07:50.717+0000][66][info ][gc,cpu      ] GC(452) User=0.04s Sys=0.01s Real=0.02s
[2026-01-26T07:07:50.718+0000][66][info ][safepoint   ] Safepoint "G1CollectForAllocation", Time since last: 2142870981 ns, Reaching safepoint: 20201 ns, Cleanup: 4901 ns, At safepoint: 23768191 ns, Total: 23793293 ns
[2026-01-26T07:07:52.463+0000][66][info ][safepoint   ] Safepoint "Cleanup", Time since last: 1744812972 ns, Reaching safepoint: 121809 ns, Cleanup: 28702 ns, At safepoint: 65305 ns, Total: 215816 ns
[2026-01-26T07:07:53.518+0000][66][info ][safepoint   ] Safepoint "Cleanup", Time since last: 1054740762 ns, Reaching safepoint: 844760 ns, Cleanup: 15901 ns, At safepoint: 88207 ns, Total: 948868 ns
[2026-01-26T07:07:53.601+0000][66][info ][gc,start    ] GC(453) Pause Young (Normal) (G1 Evacuation Pause)
[2026-01-26T07:07:53.601+0000][66][info ][gc,task     ] GC(453) Using 6 workers of 6 for evacuation
[2026-01-26T07:07:53.602+0000][66][debug][gc,age      ] GC(453) Desired survivor size 41943040 bytes, new threshold 15 (max threshold 15)
[2026-01-26T07:07:53.610+0000][66][info ][gc,phases   ] GC(453)   Pre Evacuate Collection Set: 0.4ms
[2026-01-26T07:07:53.610+0000][66][info ][gc,phases   ] GC(453)   Merge Heap Roots: 0.2ms
[2026-01-26T07:07:53.610+0000][66][info ][gc,phases   ] GC(453)   Evacuate Collection Set: 5.6ms
[2026-01-26T07:07:53.611+0000][66][info ][gc,phases   ] GC(453)   Post Evacuate Collection Set: 1.4ms
[2026-01-26T07:07:53.611+0000][66][info ][gc,phases   ] GC(453)   Other: 0.9ms
[2026-01-26T07:07:53.611+0000][66][trace][gc,age      ] GC(453) Age table with threshold 15 (max threshold 15)
[2026-01-26T07:07:53.612+0000][66][trace][gc,age      ] GC(453) - age   1:    8436864 bytes,    8436864 total
[2026-01-26T07:07:53.612+0000][66][trace][gc,age      ] GC(453) - age   2:    1634568 bytes,   10071432 total
[2026-01-26T07:07:53.613+0000][66][trace][gc,age      ] GC(453) - age   3:        600 bytes,   10072032 total
[2026-01-26T07:07:53.613+0000][66][trace][gc,age      ] GC(453) - age   4:     928576 bytes,   11000608 total
[2026-01-26T07:07:53.613+0000][66][trace][gc,age      ] GC(453) - age   5:     633848 bytes,   11634456 total
[2026-01-26T07:07:53.614+0000][66][trace][gc,age      ] GC(453) - age   6:      18336 bytes,   11652792 total
[2026-01-26T07:07:53.614+0000][66][trace][gc,age      ] GC(453) - age   7:      87320 bytes,   11740112 total
[2026-01-26T07:07:53.614+0000][66][trace][gc,age      ] GC(453) - age   8:      71176 bytes,   11811288 total
[2026-01-26T07:07:53.615+0000][66][trace][gc,age      ] GC(453) - age   9:        512 bytes,   11811800 total
[2026-01-26T07:07:53.615+0000][66][trace][gc,age      ] GC(453) - age  10:      70208 bytes,   11882008 total
[2026-01-26T07:07:53.615+0000][66][trace][gc,age      ] GC(453) - age  11:     201080 bytes,   12083088 total
[2026-01-26T07:07:53.616+0000][66][trace][gc,age      ] GC(453) - age  12:       1272 bytes,   12084360 total
[2026-01-26T07:07:53.616+0000][66][trace][gc,age      ] GC(453) - age  13:     148680 bytes,   12233040 total
[2026-01-26T07:07:53.616+0000][66][trace][gc,age      ] GC(453) - age  14:        816 bytes,   12233856 total
[2026-01-26T07:07:53.616+0000][66][trace][gc,age      ] GC(453) - age  15:      71056 bytes,   12304912 total
[2026-01-26T07:07:53.617+0000][66][info ][gc,heap     ] GC(453) Eden regions: 145->0(149)
[2026-01-26T07:07:53.617+0000][66][info ][gc,heap     ] GC(453) Survivor regions: 8->4(20)
[2026-01-26T07:07:53.617+0000][66][info ][gc,heap     ] GC(453) Old regions: 43->43
[2026-01-26T07:07:53.618+0000][66][info ][gc,heap     ] GC(453) Humongous regions: 0->0
[2026-01-26T07:07:53.618+0000][66][info ][gc,metaspace] GC(453) Metaspace: 131027K(136832K)->131027K(136832K) NonClass: 113876K(117440K)->113876K(117440K) Class: 17151K(19392K)->17151K(19392K)
[2026-01-26T07:07:53.618+0000][66][info ][gc          ] GC(453) Pause Young (Normal) (G1 Evacuation Pause) 778M->184M(1024M) 17.757ms
[2026-01-26T07:07:53.619+0000][66][info ][gc,cpu      ] GC(453) User=0.03s Sys=0.00s Real=0.01s
[2026-01-26T07:07:53.619+0000][66][info ][safepoint   ] Safepoint "G1CollectForAllocation", Time since last: 81943231 ns, Reaching safepoint: 161212 ns, Cleanup: 7600 ns, At safepoint: 18618325 ns, Total: 18787137 ns
[2026-01-26T07:07:55.277+0000][66][info ][safepoint   ] Safepoint "Cleanup", Time since last: 1657428854 ns, Reaching safepoint: 21001 ns, Cleanup: 17901 ns, At safepoint: 4001 ns, Total: 42903 ns
[2026-01-26T07:08:01.392+0000][66][info ][gc,start    ] GC(454) Pause Young (Normal) (G1 Evacuation Pause)
[2026-01-26T07:08:01.393+0000][66][info ][gc,task     ] GC(454) Using 6 workers of 6 for evacuation
[2026-01-26T07:08:01.393+0000][66][debug][gc,age      ] GC(454) Desired survivor size 41943040 bytes, new threshold 15 (max threshold 15)
[2026-01-26T07:08:01.405+0000][66][info ][gc,phases   ] GC(454)   Pre Evacuate Collection Set: 0.5ms
[2026-01-26T07:08:01.405+0000][66][info ][gc,phases   ] GC(454)   Merge Heap Roots: 0.3ms
[2026-01-26T07:08:01.406+0000][66][info ][gc,phases   ] GC(454)   Evacuate Collection Set: 8.7ms
[2026-01-26T07:08:01.406+0000][66][info ][gc,phases   ] GC(454)   Post Evacuate Collection Set: 1.6ms
[2026-01-26T07:08:01.407+0000][66][info ][gc,phases   ] GC(454)   Other: 1.0ms
[2026-01-26T07:08:01.407+0000][66][trace][gc,age      ] GC(454) Age table with threshold 15 (max threshold 15)
[2026-01-26T07:08:01.407+0000][66][trace][gc,age      ] GC(454) - age   1:   20424712 bytes,   20424712 total
[2026-01-26T07:08:01.408+0000][66][trace][gc,age      ] GC(454) - age   2:    4445536 bytes,   24870248 total
[2026-01-26T07:08:01.408+0000][66][trace][gc,age      ] GC(454) - age   3:    1630768 bytes,   26501016 total
[2026-01-26T07:08:01.409+0000][66][trace][gc,age      ] GC(454) - age   4:        568 bytes,   26501584 total
[2026-01-26T07:08:01.409+0000][66][trace][gc,age      ] GC(454) - age   5:        160 bytes,   26501744 total
[2026-01-26T07:08:01.409+0000][66][trace][gc,age      ] GC(454) - age   6:     348616 bytes,   26850360 total
[2026-01-26T07:08:01.410+0000][66][trace][gc,age      ] GC(454) - age   7:      17600 bytes,   26867960 total
[2026-01-26T07:08:01.410+0000][66][trace][gc,age      ] GC(454) - age   8:      86824 bytes,   26954784 total
[2026-01-26T07:08:01.411+0000][66][trace][gc,age      ] GC(454) - age   9:      70856 bytes,   27025640 total
[2026-01-26T07:08:01.411+0000][66][trace][gc,age      ] GC(454) - age  10:        512 bytes,   27026152 total
[2026-01-26T07:08:01.411+0000][66][trace][gc,age      ] GC(454) - age  11:      69824 bytes,   27095976 total
[2026-01-26T07:08:01.412+0000][66][trace][gc,age      ] GC(454) - age  12:     200776 bytes,   27296752 total
[2026-01-26T07:08:01.412+0000][66][trace][gc,age      ] GC(454) - age  13:       1272 bytes,   27298024 total
[2026-01-26T07:08:01.412+0000][66][trace][gc,age      ] GC(454) - age  14:     148344 bytes,   27446368 total
[2026-01-26T07:08:01.413+0000][66][trace][gc,age      ] GC(454) - age  15:        816 bytes,   27447184 total
[2026-01-26T07:08:01.413+0000][66][info ][gc,heap     ] GC(454) Eden regions: 149->0(145)
[2026-01-26T07:08:01.414+0000][66][info ][gc,heap     ] GC(454) Survivor regions: 4->8(20)
[2026-01-26T07:08:01.414+0000][66][info ][gc,heap     ] GC(454) Old regions: 43->43
[2026-01-26T07:08:01.414+0000][66][info ][gc,heap     ] GC(454) Humongous regions: 0->0
[2026-01-26T07:08:01.415+0000][66][info ][gc,metaspace] GC(454) Metaspace: 131028K(136832K)->131028K(136832K) NonClass: 113877K(117440K)->113877K(117440K) Class: 17151K(19392K)->17151K(19392K)
[2026-01-26T07:08:01.415+0000][66][info ][gc          ] GC(454) Pause Young (Normal) (G1 Evacuation Pause) 780M->198M(1024M) 22.696ms
[2026-01-26T07:08:01.416+0000][66][info ][gc,cpu      ] GC(454) User=0.04s Sys=0.00s Real=0.02s
[2026-01-26T07:08:01.416+0000][66][info ][safepoint   ] Safepoint "G1CollectForAllocation", Time since last: 6115765760 ns, Reaching safepoint: 45202 ns, Cleanup: 4701 ns, At safepoint: 23605986 ns, Total: 23655889 ns
[2026-01-26T07:08:03.023+0000][66][info ][safepoint   ] Safepoint "Cleanup", Time since last: 1608858711 ns, Reaching safepoint: 6000 ns, Cleanup: 8101 ns, At safepoint: 28501 ns, Total: 42602 ns
[2026-01-26T07:08:07.004+0000][66][info ][gc,start    ] GC(455) Pause Young (Normal) (G1 Evacuation Pause)
[2026-01-26T07:08:07.005+0000][66][info ][gc,task     ] GC(455) Using 6 workers of 6 for evacuation
[2026-01-26T07:08:07.005+0000][66][debug][gc,age      ] GC(455) Desired survivor size 41943040 bytes, new threshold 15 (max threshold 15)
[2026-01-26T07:08:07.012+0000][66][info ][gc,phases   ] GC(455)   Pre Evacuate Collection Set: 0.3ms
[2026-01-26T07:08:07.012+0000][66][info ][gc,phases   ] GC(455)   Merge Heap Roots: 0.1ms
[2026-01-26T07:08:07.013+0000][66][info ][gc,phases   ] GC(455)   Evacuate Collection Set: 4.5ms
[2026-01-26T07:08:07.013+0000][66][info ][gc,phases   ] GC(455)   Post Evacuate Collection Set: 1.2ms
[2026-01-26T07:08:07.013+0000][66][info ][gc,phases   ] GC(455)   Other: 1.0ms
[2026-01-26T07:08:07.014+0000][66][trace][gc,age      ] GC(455) Age table with threshold 15 (max threshold 15)
[2026-01-26T07:08:07.014+0000][66][trace][gc,age      ] GC(455) - age   1:   13639728 bytes,   13639728 total
[2026-01-26T07:08:07.015+0000][66][trace][gc,age      ] GC(455) - age   2:      25128 bytes,   13664856 total
[2026-01-26T07:08:07.015+0000][66][trace][gc,age      ] GC(455) - age   3:     107648 bytes,   13772504 total
[2026-01-26T07:08:07.016+0000][66][trace][gc,age      ] GC(455) - age   4:        920 bytes,   13773424 total
[2026-01-26T07:08:07.016+0000][66][trace][gc,age      ] GC(455) - age   5:        568 bytes,   13773992 total
[2026-01-26T07:08:07.016+0000][66][trace][gc,age      ] GC(455) - age   6:         80 bytes,   13774072 total
[2026-01-26T07:08:07.017+0000][66][trace][gc,age      ] GC(455) - age   7:     342960 bytes,   14117032 total
[2026-01-26T07:08:07.017+0000][66][trace][gc,age      ] GC(455) - age   8:      16680 bytes,   14133712 total
[2026-01-26T07:08:07.018+0000][66][trace][gc,age      ] GC(455) - age   9:       2088 bytes,   14135800 total
[2026-01-26T07:08:07.018+0000][66][trace][gc,age      ] GC(455) - age  10:       2536 bytes,   14138336 total
[2026-01-26T07:08:07.018+0000][66][trace][gc,age      ] GC(455) - age  11:        512 bytes,   14138848 total
[2026-01-26T07:08:07.019+0000][66][trace][gc,age      ] GC(455) - age  12:       1400 bytes,   14140248 total
[2026-01-26T07:08:07.019+0000][66][trace][gc,age      ] GC(455) - age  13:     130072 bytes,   14270320 total
[2026-01-26T07:08:07.019+0000][66][trace][gc,age      ] GC(455) - age  14:       1272 bytes,   14271592 total
[2026-01-26T07:08:07.019+0000][66][trace][gc,age      ] GC(455) - age  15:      79584 bytes,   14351176 total
[2026-01-26T07:08:07.020+0000][66][info ][gc,heap     ] GC(455) Eden regions: 145->0(149)
[2026-01-26T07:08:07.020+0000][66][info ][gc,heap     ] GC(455) Survivor regions: 8->4(20)
[2026-01-26T07:08:07.020+0000][66][info ][gc,heap     ] GC(455) Old regions: 43->43
[2026-01-26T07:08:07.021+0000][66][info ][gc,heap     ] GC(455) Humongous regions: 0->0
[2026-01-26T07:08:07.021+0000][66][info ][gc,metaspace] GC(455) Metaspace: 131031K(136832K)->131031K(136832K) NonClass: 113880K(117440K)->113880K(117440K) Class: 17151K(19392K)->17151K(19392K)
[2026-01-26T07:08:07.021+0000][66][info ][gc          ] GC(455) Pause Young (Normal) (G1 Evacuation Pause) 778M->185M(1024M) 17.257ms
[2026-01-26T07:08:07.022+0000][66][info ][gc,cpu      ] GC(455) User=0.03s Sys=0.00s Real=0.02s
[2026-01-26T07:08:07.022+0000][66][info ][safepoint   ] Safepoint "G1CollectForAllocation", Time since last: 3981402447 ns, Reaching safepoint: 18502 ns, Cleanup: 4700 ns, At safepoint: 18067060 ns, Total: 18090262 ns
[2026-01-26T07:08:18.725+0000][66][info ][gc,start    ] GC(456) Pause Young (Normal) (G1 Evacuation Pause)
[2026-01-26T07:08:18.725+0000][66][info ][gc,task     ] GC(456) Using 6 workers of 6 for evacuation
[2026-01-26T07:08:18.725+0000][66][debug][gc,age      ] GC(456) Desired survivor size 41943040 bytes, new threshold 15 (max threshold 15)
[2026-01-26T07:08:18.732+0000][66][info ][gc,phases   ] GC(456)   Pre Evacuate Collection Set: 0.4ms
[2026-01-26T07:08:18.732+0000][66][info ][gc,phases   ] GC(456)   Merge Heap Roots: 0.1ms
[2026-01-26T07:08:18.733+0000][66][info ][gc,phases   ] GC(456)   Evacuate Collection Set: 4.3ms
[2026-01-26T07:08:18.733+0000][66][info ][gc,phases   ] GC(456)   Post Evacuate Collection Set: 1.2ms
[2026-01-26T07:08:18.734+0000][66][info ][gc,phases   ] GC(456)   Other: 0.8ms
[2026-01-26T07:08:18.734+0000][66][trace][gc,age      ] GC(456) Age table with threshold 15 (max threshold 15)
[2026-01-26T07:08:18.734+0000][66][trace][gc,age      ] GC(456) - age   1:    8984584 bytes,    8984584 total
[2026-01-26T07:08:18.735+0000][66][trace][gc,age      ] GC(456) - age   2:     148416 bytes,    9133000 total
[2026-01-26T07:08:18.735+0000][66][trace][gc,age      ] GC(456) - age   3:      24760 bytes,    9157760 total
[2026-01-26T07:08:18.736+0000][66][trace][gc,age      ] GC(456) - age   4:     105968 bytes,    9263728 total
[2026-01-26T07:08:18.736+0000][66][trace][gc,age      ] GC(456) - age   5:        336 bytes,    9264064 total
[2026-01-26T07:08:18.736+0000][66][trace][gc,age      ] GC(456) - age   7:         80 bytes,    9264144 total
[2026-01-26T07:08:18.737+0000][66][trace][gc,age      ] GC(456) - age   8:     338368 bytes,    9602512 total
[2026-01-26T07:08:18.737+0000][66][trace][gc,age      ] GC(456) - age   9:      16592 bytes,    9619104 total
[2026-01-26T07:08:18.737+0000][66][trace][gc,age      ] GC(456) - age  10:       2088 bytes,    9621192 total
[2026-01-26T07:08:18.738+0000][66][trace][gc,age      ] GC(456) - age  11:       2536 bytes,    9623728 total
[2026-01-26T07:08:18.738+0000][66][trace][gc,age      ] GC(456) - age  12:        336 bytes,    9624064 total
[2026-01-26T07:08:18.738+0000][66][trace][gc,age      ] GC(456) - age  13:       1400 bytes,    9625464 total
[2026-01-26T07:08:18.739+0000][66][trace][gc,age      ] GC(456) - age  14:     130072 bytes,    9755536 total
[2026-01-26T07:08:18.739+0000][66][trace][gc,age      ] GC(456) - age  15:       1272 bytes,    9756808 total
[2026-01-26T07:08:18.739+0000][66][info ][gc,heap     ] GC(456) Eden regions: 149->0(150)
[2026-01-26T07:08:18.740+0000][66][info ][gc,heap     ] GC(456) Survivor regions: 4->3(20)
[2026-01-26T07:08:18.740+0000][66][info ][gc,heap     ] GC(456) Old regions: 43->43
[2026-01-26T07:08:18.740+0000][66][info ][gc,heap     ] GC(456) Humongous regions: 0->0
[2026-01-26T07:08:18.741+0000][66][info ][gc,metaspace] GC(456) Metaspace: 131031K(136832K)->131031K(136832K) NonClass: 113880K(117440K)->113880K(117440K) Class: 17151K(19392K)->17151K(19392K)
[2026-01-26T07:08:18.741+0000][66][info ][gc          ] GC(456) Pause Young (Normal) (G1 Evacuation Pause) 781M->180M(1024M) 16.170ms
[2026-01-26T07:08:18.741+0000][66][info ][gc,cpu      ] GC(456) User=0.03s Sys=0.00s Real=0.02s
[2026-01-26T07:08:18.742+0000][66][info ][safepoint   ] Safepoint "G1CollectForAllocation", Time since last: 11702611657 ns, Reaching safepoint: 24301 ns, Cleanup: 5101 ns, At safepoint: 16920593 ns, Total: 16949995 ns
[2026-01-26T07:08:31.815+0000][66][info ][gc,start    ] GC(457) Pause Young (Normal) (G1 Evacuation Pause)
[2026-01-26T07:08:31.816+0000][66][info ][gc,task     ] GC(457) Using 6 workers of 6 for evacuation
[2026-01-26T07:08:31.816+0000][66][debug][gc,age      ] GC(457) Desired survivor size 41943040 bytes, new threshold 15 (max threshold 15)
[2026-01-26T07:08:31.822+0000][66][info ][gc,phases   ] GC(457)   Pre Evacuate Collection Set: 0.4ms
[2026-01-26T07:08:31.822+0000][66][info ][gc,phases   ] GC(457)   Merge Heap Roots: 0.2ms
[2026-01-26T07:08:31.823+0000][66][info ][gc,phases   ] GC(457)   Evacuate Collection Set: 3.5ms
[2026-01-26T07:08:31.823+0000][66][info ][gc,phases   ] GC(457)   Post Evacuate Collection Set: 1.2ms
[2026-01-26T07:08:31.824+0000][66][info ][gc,phases   ] GC(457)   Other: 1.0ms
[2026-01-26T07:08:31.824+0000][66][trace][gc,age      ] GC(457) Age table with threshold 15 (max threshold 15)
[2026-01-26T07:08:31.824+0000][66][trace][gc,age      ] GC(457) - age   1:    8451360 bytes,    8451360 total
[2026-01-26T07:08:31.825+0000][66][trace][gc,age      ] GC(457) - age   2:     104576 bytes,    8555936 total
[2026-01-26T07:08:31.825+0000][66][trace][gc,age      ] GC(457) - age   3:     145848 bytes,    8701784 total
[2026-01-26T07:08:31.825+0000][66][trace][gc,age      ] GC(457) - age   4:      23848 bytes,    8725632 total
[2026-01-26T07:08:31.826+0000][66][trace][gc,age      ] GC(457) - age   5:     105968 bytes,    8831600 total
[2026-01-26T07:08:31.826+0000][66][trace][gc,age      ] GC(457) - age   6:        336 bytes,    8831936 total
[2026-01-26T07:08:31.826+0000][66][trace][gc,age      ] GC(457) - age   8:         80 bytes,    8832016 total
[2026-01-26T07:08:31.827+0000][66][trace][gc,age      ] GC(457) - age   9:     337792 bytes,    9169808 total
[2026-01-26T07:08:31.827+0000][66][trace][gc,age      ] GC(457) - age  10:      15232 bytes,    9185040 total
[2026-01-26T07:08:31.827+0000][66][trace][gc,age      ] GC(457) - age  11:       1704 bytes,    9186744 total
[2026-01-26T07:08:31.828+0000][66][trace][gc,age      ] GC(457) - age  12:       2176 bytes,    9188920 total
[2026-01-26T07:08:31.828+0000][66][trace][gc,age      ] GC(457) - age  13:        336 bytes,    9189256 total
[2026-01-26T07:08:31.829+0000][66][trace][gc,age      ] GC(457) - age  14:       1400 bytes,    9190656 total
[2026-01-26T07:08:31.829+0000][66][trace][gc,age      ] GC(457) - age  15:     130072 bytes,    9320728 total
[2026-01-26T07:08:31.829+0000][66][info ][gc,heap     ] GC(457) Eden regions: 150->0(150)
[2026-01-26T07:08:31.830+0000][66][info ][gc,heap     ] GC(457) Survivor regions: 3->3(20)
[2026-01-26T07:08:31.830+0000][66][info ][gc,heap     ] GC(457) Old regions: 43->43
[2026-01-26T07:08:31.831+0000][66][info ][gc,heap     ] GC(457) Humongous regions: 0->0
[2026-01-26T07:08:31.831+0000][66][info ][gc,metaspace] GC(457) Metaspace: 131032K(136832K)->131032K(136832K) NonClass: 113881K(117440K)->113881K(117440K) Class: 17151K(19392K)->17151K(19392K)
[2026-01-26T07:08:31.831+0000][66][info ][gc          ] GC(457) Pause Young (Normal) (G1 Evacuation Pause) 780M->179M(1024M) 16.136ms
[2026-01-26T07:08:31.832+0000][66][info ][gc,cpu      ] GC(457) User=0.02s Sys=0.00s Real=0.02s
[2026-01-26T07:08:31.832+0000][66][info ][safepoint   ] Safepoint "G1CollectForAllocation", Time since last: 13075693472 ns, Reaching safepoint: 42303 ns, Cleanup: 4300 ns, At safepoint: 16967136 ns, Total: 17013739 ns
[2026-01-26T07:08:40.753+0000][66][info ][safepoint   ] Safepoint "Cleanup", Time since last: 8921224156 ns, Reaching safepoint: 7900 ns, Cleanup: 9001 ns, At safepoint: 33502 ns, Total: 50403 ns
[2026-01-26T07:08:44.234+0000][66][info ][gc,start    ] GC(458) Pause Young (Normal) (G1 Evacuation Pause)
[2026-01-26T07:08:44.234+0000][66][info ][gc,task     ] GC(458) Using 6 workers of 6 for evacuation
[2026-01-26T07:08:44.235+0000][66][debug][gc,age      ] GC(458) Desired survivor size 41943040 bytes, new threshold 15 (max threshold 15)
[2026-01-26T07:08:44.241+0000][66][info ][gc,phases   ] GC(458)   Pre Evacuate Collection Set: 0.5ms
[2026-01-26T07:08:44.242+0000][66][info ][gc,phases   ] GC(458)   Merge Heap Roots: 0.2ms
[2026-01-26T07:08:44.242+0000][66][info ][gc,phases   ] GC(458)   Evacuate Collection Set: 4.0ms
[2026-01-26T07:08:44.243+0000][66][info ][gc,phases   ] GC(458)   Post Evacuate Collection Set: 1.5ms
[2026-01-26T07:08:44.243+0000][66][info ][gc,phases   ] GC(458)   Other: 1.1ms
[2026-01-26T07:08:44.244+0000][66][trace][gc,age      ] GC(458) Age table with threshold 15 (max threshold 15)
[2026-01-26T07:08:44.244+0000][66][trace][gc,age      ] GC(458) - age   1:    8380352 bytes,    8380352 total
[2026-01-26T07:08:44.245+0000][66][trace][gc,age      ] GC(458) - age   2:      67240 bytes,    8447592 total
[2026-01-26T07:08:44.245+0000][66][trace][gc,age      ] GC(458) - age   3:      97144 bytes,    8544736 total
[2026-01-26T07:08:44.246+0000][66][trace][gc,age      ] GC(458) - age   4:     145208 bytes,    8689944 total
[2026-01-26T07:08:44.246+0000][66][trace][gc,age      ] GC(458) - age   5:      23848 bytes,    8713792 total
[2026-01-26T07:08:44.246+0000][66][trace][gc,age      ] GC(458) - age   6:     105048 bytes,    8818840 total
[2026-01-26T07:08:44.247+0000][66][trace][gc,age      ] GC(458) - age   7:        336 bytes,    8819176 total
[2026-01-26T07:08:44.247+0000][66][trace][gc,age      ] GC(458) - age   9:         80 bytes,    8819256 total
[2026-01-26T07:08:44.248+0000][66][trace][gc,age      ] GC(458) - age  10:     264208 bytes,    9083464 total
[2026-01-26T07:08:44.248+0000][66][trace][gc,age      ] GC(458) - age  11:      14544 bytes,    9098008 total
[2026-01-26T07:08:44.249+0000][66][trace][gc,age      ] GC(458) - age  12:        768 bytes,    9098776 total
[2026-01-26T07:08:44.249+0000][66][trace][gc,age      ] GC(458) - age  13:       1240 bytes,    9100016 total
[2026-01-26T07:08:44.249+0000][66][trace][gc,age      ] GC(458) - age  15:        128 bytes,    9100144 total
[2026-01-26T07:08:44.250+0000][66][info ][gc,heap     ] GC(458) Eden regions: 150->0(150)
[2026-01-26T07:08:44.250+0000][66][info ][gc,heap     ] GC(458) Survivor regions: 3->3(20)
[2026-01-26T07:08:44.251+0000][66][info ][gc,heap     ] GC(458) Old regions: 43->43
[2026-01-26T07:08:44.251+0000][66][info ][gc,heap     ] GC(458) Humongous regions: 0->0
[2026-01-26T07:08:44.251+0000][66][info ][gc,metaspace] GC(458) Metaspace: 131035K(136832K)->131035K(136832K) NonClass: 113884K(117440K)->113884K(117440K) Class: 17151K(19392K)->17151K(19392K)
[2026-01-26T07:08:44.252+0000][66][info ][gc          ] GC(458) Pause Young (Normal) (G1 Evacuation Pause) 779M->178M(1024M) 18.275ms
[2026-01-26T07:08:44.252+0000][66][info ][gc,cpu      ] GC(458) User=0.02s Sys=0.00s Real=0.02s
[2026-01-26T07:08:44.253+0000][66][info ][safepoint   ] Safepoint "G1CollectForAllocation", Time since last: 3480089185 ns, Reaching safepoint: 19802 ns, Cleanup: 5300 ns, At safepoint: 19164820 ns, Total: 19189922 ns
[2026-01-26T07:08:56.836+0000][66][info ][gc,start    ] GC(459) Pause Young (Normal) (G1 Evacuation Pause)
[2026-01-26T07:08:56.836+0000][66][info ][gc,task     ] GC(459) Using 6 workers of 6 for evacuation
[2026-01-26T07:08:56.837+0000][66][debug][gc,age      ] GC(459) Desired survivor size 41943040 bytes, new threshold 15 (max threshold 15)
[2026-01-26T07:08:56.845+0000][66][info ][gc,phases   ] GC(459)   Pre Evacuate Collection Set: 0.5ms
[2026-01-26T07:08:56.845+0000][66][info ][gc,phases   ] GC(459)   Merge Heap Roots: 0.2ms
[2026-01-26T07:08:56.846+0000][66][info ][gc,phases   ] GC(459)   Evacuate Collection Set: 5.4ms
[2026-01-26T07:08:56.846+0000][66][info ][gc,phases   ] GC(459)   Post Evacuate Collection Set: 1.6ms
[2026-01-26T07:08:56.846+0000][66][info ][gc,phases   ] GC(459)   Other: 0.9ms
[2026-01-26T07:08:56.847+0000][66][trace][gc,age      ] GC(459) Age table with threshold 15 (max threshold 15)
[2026-01-26T07:08:56.847+0000][66][trace][gc,age      ] GC(459) - age   1:   12124352 bytes,   12124352 total
[2026-01-26T07:08:56.848+0000][66][trace][gc,age      ] GC(459) - age   2:     510912 bytes,   12635264 total
[2026-01-26T07:08:56.848+0000][66][trace][gc,age      ] GC(459) - age   3:      65056 bytes,   12700320 total
[2026-01-26T07:08:56.848+0000][66][trace][gc,age      ] GC(459) - age   4:      96576 bytes,   12796896 total
[2026-01-26T07:08:56.849+0000][66][trace][gc,age      ] GC(459) - age   5:     145208 bytes,   12942104 total
[2026-01-26T07:08:56.849+0000][66][trace][gc,age      ] GC(459) - age   6:      23848 bytes,   12965952 total
[2026-01-26T07:08:56.849+0000][66][trace][gc,age      ] GC(459) - age   7:     104800 bytes,   13070752 total
[2026-01-26T07:08:56.850+0000][66][trace][gc,age      ] GC(459) - age   8:        336 bytes,   13071088 total
[2026-01-26T07:08:56.850+0000][66][trace][gc,age      ] GC(459) - age  10:         80 bytes,   13071168 total
[2026-01-26T07:08:56.850+0000][66][trace][gc,age      ] GC(459) - age  11:     264208 bytes,   13335376 total
[2026-01-26T07:08:56.851+0000][66][trace][gc,age      ] GC(459) - age  12:      14544 bytes,   13349920 total
[2026-01-26T07:08:56.851+0000][66][trace][gc,age      ] GC(459) - age  13:        768 bytes,   13350688 total
[2026-01-26T07:08:56.851+0000][66][trace][gc,age      ] GC(459) - age  14:       1240 bytes,   13351928 total
[2026-01-26T07:08:56.852+0000][66][info ][gc,heap     ] GC(459) Eden regions: 150->0(149)
[2026-01-26T07:08:56.852+0000][66][info ][gc,heap     ] GC(459) Survivor regions: 3->4(20)
[2026-01-26T07:08:56.852+0000][66][info ][gc,heap     ] GC(459) Old regions: 43->43
[2026-01-26T07:08:56.853+0000][66][info ][gc,heap     ] GC(459) Humongous regions: 0->0
[2026-01-26T07:08:56.853+0000][66][info ][gc,metaspace] GC(459) Metaspace: 131035K(136832K)->131035K(136832K) NonClass: 113884K(117440K)->113884K(117440K) Class: 17151K(19392K)->17151K(19392K)
[2026-01-26T07:08:56.853+0000][66][info ][gc          ] GC(459) Pause Young (Normal) (G1 Evacuation Pause) 778M->183M(1024M) 17.351ms
[2026-01-26T07:08:56.854+0000][66][info ][gc,cpu      ] GC(459) User=0.01s Sys=0.01s Real=0.01s
[2026-01-26T07:08:56.854+0000][66][info ][safepoint   ] Safepoint "G1CollectForAllocation", Time since last: 12583156864 ns, Reaching safepoint: 19401 ns, Cleanup: 5200 ns, At safepoint: 18100958 ns, Total: 18125559 ns
[2026-01-26T07:09:08.427+0000][66][info ][gc,start    ] GC(460) Pause Young (Normal) (G1 Evacuation Pause)
[2026-01-26T07:09:08.427+0000][66][info ][gc,task     ] GC(460) Using 6 workers of 6 for evacuation
[2026-01-26T07:09:08.428+0000][66][debug][gc,age      ] GC(460) Desired survivor size 41943040 bytes, new threshold 15 (max threshold 15)
[2026-01-26T07:09:08.434+0000][66][info ][gc,phases   ] GC(460)   Pre Evacuate Collection Set: 0.3ms
[2026-01-26T07:09:08.434+0000][66][info ][gc,phases   ] GC(460)   Merge Heap Roots: 0.1ms
[2026-01-26T07:09:08.435+0000][66][info ][gc,phases   ] GC(460)   Evacuate Collection Set: 4.4ms
[2026-01-26T07:09:08.435+0000][66][info ][gc,phases   ] GC(460)   Post Evacuate Collection Set: 1.1ms
[2026-01-26T07:09:08.435+0000][66][info ][gc,phases   ] GC(460)   Other: 0.8ms
[2026-01-26T07:09:08.436+0000][66][trace][gc,age      ] GC(460) Age table with threshold 15 (max threshold 15)
[2026-01-26T07:09:08.436+0000][66][trace][gc,age      ] GC(460) - age   1:   11639824 bytes,   11639824 total
[2026-01-26T07:09:08.436+0000][66][trace][gc,age      ] GC(460) - age   2:      62856 bytes,   11702680 total
[2026-01-26T07:09:08.437+0000][66][trace][gc,age      ] GC(460) - age   3:     507600 bytes,   12210280 total
[2026-01-26T07:09:08.437+0000][66][trace][gc,age      ] GC(460) - age   4:      63528 bytes,   12273808 total
[2026-01-26T07:09:08.437+0000][66][trace][gc,age      ] GC(460) - age   5:      96576 bytes,   12370384 total
[2026-01-26T07:09:08.437+0000][66][trace][gc,age      ] GC(460) - age   6:     145208 bytes,   12515592 total
[2026-01-26T07:09:08.438+0000][66][trace][gc,age      ] GC(460) - age   7:      23784 bytes,   12539376 total
[2026-01-26T07:09:08.438+0000][66][trace][gc,age      ] GC(460) - age   8:     104800 bytes,   12644176 total
[2026-01-26T07:09:08.438+0000][66][trace][gc,age      ] GC(460) - age   9:        336 bytes,   12644512 total
[2026-01-26T07:09:08.438+0000][66][trace][gc,age      ] GC(460) - age  11:         80 bytes,   12644592 total
[2026-01-26T07:09:08.438+0000][66][trace][gc,age      ] GC(460) - age  12:     264208 bytes,   12908800 total
[2026-01-26T07:09:08.439+0000][66][trace][gc,age      ] GC(460) - age  13:      14544 bytes,   12923344 total
[2026-01-26T07:09:08.439+0000][66][trace][gc,age      ] GC(460) - age  14:        768 bytes,   12924112 total
[2026-01-26T07:09:08.439+0000][66][trace][gc,age      ] GC(460) - age  15:       1240 bytes,   12925352 total
[2026-01-26T07:09:08.439+0000][66][info ][gc,heap     ] GC(460) Eden regions: 149->0(149)
[2026-01-26T07:09:08.440+0000][66][info ][gc,heap     ] GC(460) Survivor regions: 4->4(20)
[2026-01-26T07:09:08.440+0000][66][info ][gc,heap     ] GC(460) Old regions: 43->43
[2026-01-26T07:09:08.440+0000][66][info ][gc,heap     ] GC(460) Humongous regions: 0->0
[2026-01-26T07:09:08.440+0000][66][info ][gc,metaspace] GC(460) Metaspace: 131036K(136832K)->131036K(136832K) NonClass: 113885K(117440K)->113885K(117440K) Class: 17151K(19392K)->17151K(19392K)
[2026-01-26T07:09:08.441+0000][66][info ][gc          ] GC(460) Pause Young (Normal) (G1 Evacuation Pause) 779M->182M(1024M) 13.640ms
[2026-01-26T07:09:08.441+0000][66][info ][gc,cpu      ] GC(460) User=0.02s Sys=0.00s Real=0.01s
[2026-01-26T07:09:08.441+0000][66][info ][safepoint   ] Safepoint "G1CollectForAllocation", Time since last: 11574676409 ns, Reaching safepoint: 14801 ns, Cleanup: 4300 ns, At safepoint: 14160584 ns, Total: 14179685 ns
[2026-01-26T07:09:18.931+0000][66][info ][safepoint   ] Safepoint "Cleanup", Time since last: 10489498955 ns, Reaching safepoint: 609443 ns, Cleanup: 14101 ns, At safepoint: 47903 ns, Total: 671447 ns
[2026-01-26T07:09:19.933+0000][66][info ][gc,start    ] GC(461) Pause Young (Normal) (G1 Evacuation Pause)
[2026-01-26T07:09:19.934+0000][66][info ][gc,task     ] GC(461) Using 6 workers of 6 for evacuation
[2026-01-26T07:09:19.934+0000][66][debug][gc,age      ] GC(461) Desired survivor size 41943040 bytes, new threshold 15 (max threshold 15)
[2026-01-26T07:09:19.940+0000][66][info ][gc,phases   ] GC(461)   Pre Evacuate Collection Set: 0.3ms
[2026-01-26T07:09:19.940+0000][66][info ][gc,phases   ] GC(461)   Merge Heap Roots: 0.2ms
[2026-01-26T07:09:19.941+0000][66][info ][gc,phases   ] GC(461)   Evacuate Collection Set: 3.7ms
[2026-01-26T07:09:19.941+0000][66][info ][gc,phases   ] GC(461)   Post Evacuate Collection Set: 1.0ms
[2026-01-26T07:09:19.941+0000][66][info ][gc,phases   ] GC(461)   Other: 0.8ms
[2026-01-26T07:09:19.942+0000][66][trace][gc,age      ] GC(461) Age table with threshold 15 (max threshold 15)
[2026-01-26T07:09:19.942+0000][66][trace][gc,age      ] GC(461) - age   1:    9158200 bytes,    9158200 total
[2026-01-26T07:09:19.942+0000][66][trace][gc,age      ] GC(461) - age   2:      63488 bytes,    9221688 total
[2026-01-26T07:09:19.943+0000][66][trace][gc,age      ] GC(461) - age   3:      59136 bytes,    9280824 total
[2026-01-26T07:09:19.943+0000][66][trace][gc,age      ] GC(461) - age   4:     503464 bytes,    9784288 total
[2026-01-26T07:09:19.943+0000][66][trace][gc,age      ] GC(461) - age   5:      63528 bytes,    9847816 total
[2026-01-26T07:09:19.943+0000][66][trace][gc,age      ] GC(461) - age   6:      96368 bytes,    9944184 total
[2026-01-26T07:09:19.944+0000][66][trace][gc,age      ] GC(461) - age   7:     145208 bytes,   10089392 total
[2026-01-26T07:09:19.944+0000][66][trace][gc,age      ] GC(461) - age   8:      23784 bytes,   10113176 total
[2026-01-26T07:09:19.944+0000][66][trace][gc,age      ] GC(461) - age   9:     104800 bytes,   10217976 total
[2026-01-26T07:09:19.944+0000][66][trace][gc,age      ] GC(461) - age  10:        336 bytes,   10218312 total
[2026-01-26T07:09:19.945+0000][66][trace][gc,age      ] GC(461) - age  12:         80 bytes,   10218392 total
[2026-01-26T07:09:19.945+0000][66][trace][gc,age      ] GC(461) - age  13:     264208 bytes,   10482600 total
[2026-01-26T07:09:19.945+0000][66][trace][gc,age      ] GC(461) - age  14:      14544 bytes,   10497144 total
[2026-01-26T07:09:19.945+0000][66][trace][gc,age      ] GC(461) - age  15:        768 bytes,   10497912 total
[2026-01-26T07:09:19.946+0000][66][info ][gc,heap     ] GC(461) Eden regions: 149->0(150)
[2026-01-26T07:09:19.946+0000][66][info ][gc,heap     ] GC(461) Survivor regions: 4->3(20)
[2026-01-26T07:09:19.946+0000][66][info ][gc,heap     ] GC(461) Old regions: 43->43
[2026-01-26T07:09:19.947+0000][66][info ][gc,heap     ] GC(461) Humongous regions: 0->0
[2026-01-26T07:09:19.947+0000][66][info ][gc,metaspace] GC(461) Metaspace: 131036K(136832K)->131036K(136832K) NonClass: 113885K(117440K)->113885K(117440K) Class: 17151K(19392K)->17151K(19392K)
[2026-01-26T07:09:19.947+0000][66][info ][gc          ] GC(461) Pause Young (Normal) (G1 Evacuation Pause) 778M->179M(1024M) 13.829ms
[2026-01-26T07:09:19.947+0000][66][info ][gc,cpu      ] GC(461) User=0.02s Sys=0.00s Real=0.02s
[2026-01-26T07:09:19.948+0000][66][info ][safepoint   ] Safepoint "G1CollectForAllocation", Time since last: 1001913211 ns, Reaching safepoint: 164812 ns, Cleanup: 4900 ns, At safepoint: 14455517 ns, Total: 14625229 ns
[2026-01-26T07:09:26.285+0000][66][info ][gc,start    ] GC(462) Pause Young (Normal) (G1 Evacuation Pause)
[2026-01-26T07:09:26.286+0000][66][info ][gc,task     ] GC(462) Using 6 workers of 6 for evacuation
[2026-01-26T07:09:26.286+0000][66][debug][gc,age      ] GC(462) Desired survivor size 41943040 bytes, new threshold 15 (max threshold 15)
[2026-01-26T07:09:26.298+0000][66][info ][gc,phases   ] GC(462)   Pre Evacuate Collection Set: 0.4ms
[2026-01-26T07:09:26.299+0000][66][info ][gc,phases   ] GC(462)   Merge Heap Roots: 0.1ms
[2026-01-26T07:09:26.299+0000][66][info ][gc,phases   ] GC(462)   Evacuate Collection Set: 9.3ms
[2026-01-26T07:09:26.299+0000][66][info ][gc,phases   ] GC(462)   Post Evacuate Collection Set: 1.3ms
[2026-01-26T07:09:26.300+0000][66][info ][gc,phases   ] GC(462)   Other: 1.0ms
[2026-01-26T07:09:26.300+0000][66][trace][gc,age      ] GC(462) Age table with threshold 15 (max threshold 15)
[2026-01-26T07:09:26.301+0000][66][trace][gc,age      ] GC(462) - age   1:   21159320 bytes,   21159320 total
[2026-01-26T07:09:26.301+0000][66][trace][gc,age      ] GC(462) - age   2:    4833400 bytes,   25992720 total
[2026-01-26T07:09:26.301+0000][66][trace][gc,age      ] GC(462) - age   3:      63488 bytes,   26056208 total
[2026-01-26T07:09:26.302+0000][66][trace][gc,age      ] GC(462) - age   4:      59136 bytes,   26115344 total
[2026-01-26T07:09:26.302+0000][66][trace][gc,age      ] GC(462) - age   5:     503464 bytes,   26618808 total
[2026-01-26T07:09:26.303+0000][66][trace][gc,age      ] GC(462) - age   6:      62816 bytes,   26681624 total
[2026-01-26T07:09:26.303+0000][66][trace][gc,age      ] GC(462) - age   7:      96368 bytes,   26777992 total
[2026-01-26T07:09:26.303+0000][66][trace][gc,age      ] GC(462) - age   8:     145208 bytes,   26923200 total
[2026-01-26T07:09:26.304+0000][66][trace][gc,age      ] GC(462) - age   9:      23784 bytes,   26946984 total
[2026-01-26T07:09:26.304+0000][66][trace][gc,age      ] GC(462) - age  10:     104800 bytes,   27051784 total
[2026-01-26T07:09:26.305+0000][66][trace][gc,age      ] GC(462) - age  11:        336 bytes,   27052120 total
[2026-01-26T07:09:26.305+0000][66][trace][gc,age      ] GC(462) - age  13:         80 bytes,   27052200 total
[2026-01-26T07:09:26.305+0000][66][trace][gc,age      ] GC(462) - age  14:     264208 bytes,   27316408 total
[2026-01-26T07:09:26.306+0000][66][trace][gc,age      ] GC(462) - age  15:      14544 bytes,   27330952 total
[2026-01-26T07:09:26.306+0000][66][info ][gc,heap     ] GC(462) Eden regions: 150->0(146)
[2026-01-26T07:09:26.306+0000][66][info ][gc,heap     ] GC(462) Survivor regions: 3->7(20)
[2026-01-26T07:09:26.307+0000][66][info ][gc,heap     ] GC(462) Old regions: 43->43
[2026-01-26T07:09:26.307+0000][66][info ][gc,heap     ] GC(462) Humongous regions: 0->0
[2026-01-26T07:09:26.308+0000][66][info ][gc,metaspace] GC(462) Metaspace: 131036K(136832K)->131036K(136832K) NonClass: 113885K(117440K)->113885K(117440K) Class: 17151K(19392K)->17151K(19392K)
[2026-01-26T07:09:26.308+0000][66][info ][gc          ] GC(462) Pause Young (Normal) (G1 Evacuation Pause) 779M->196M(1024M) 22.766ms
[2026-01-26T07:09:26.308+0000][66][info ][gc,cpu      ] GC(462) User=0.04s Sys=0.01s Real=0.03s
[2026-01-26T07:09:26.309+0000][66][info ][safepoint   ] Safepoint "G1CollectForAllocation", Time since last: 6337433141 ns, Reaching safepoint: 17802 ns, Cleanup: 4700 ns, At safepoint: 23673762 ns, Total: 23696264 ns
[2026-01-26T07:09:29.836+0000][66][info ][gc,start    ] GC(463) Pause Young (Normal) (G1 Evacuation Pause)
[2026-01-26T07:09:29.836+0000][66][info ][gc,task     ] GC(463) Using 6 workers of 6 for evacuation
[2026-01-26T07:09:29.837+0000][66][debug][gc,age      ] GC(463) Desired survivor size 41943040 bytes, new threshold 15 (max threshold 15)
[2026-01-26T07:09:29.851+0000][66][info ][gc,phases   ] GC(463)   Pre Evacuate Collection Set: 0.8ms
[2026-01-26T07:09:29.851+0000][66][info ][gc,phases   ] GC(463)   Merge Heap Roots: 0.2ms
[2026-01-26T07:09:29.851+0000][66][info ][gc,phases   ] GC(463)   Evacuate Collection Set: 10.8ms
[2026-01-26T07:09:29.852+0000][66][info ][gc,phases   ] GC(463)   Post Evacuate Collection Set: 1.5ms
[2026-01-26T07:09:29.852+0000][66][info ][gc,phases   ] GC(463)   Other: 0.8ms
[2026-01-26T07:09:29.852+0000][66][trace][gc,age      ] GC(463) Age table with threshold 15 (max threshold 15)
[2026-01-26T07:09:29.853+0000][66][trace][gc,age      ] GC(463) - age   1:   11569704 bytes,   11569704 total
[2026-01-26T07:09:29.853+0000][66][trace][gc,age      ] GC(463) - age   2:   14654336 bytes,   26224040 total
[2026-01-26T07:09:29.853+0000][66][trace][gc,age      ] GC(463) - age   3:    4291704 bytes,   30515744 total
[2026-01-26T07:09:29.854+0000][66][trace][gc,age      ] GC(463) - age   4:      63064 bytes,   30578808 total
[2026-01-26T07:09:29.854+0000][66][trace][gc,age      ] GC(463) - age   5:      59136 bytes,   30637944 total
[2026-01-26T07:09:29.854+0000][66][trace][gc,age      ] GC(463) - age   6:     503152 bytes,   31141096 total
[2026-01-26T07:09:29.855+0000][66][trace][gc,age      ] GC(463) - age   7:      62224 bytes,   31203320 total
[2026-01-26T07:09:29.855+0000][66][trace][gc,age      ] GC(463) - age   8:      96368 bytes,   31299688 total
[2026-01-26T07:09:29.855+0000][66][trace][gc,age      ] GC(463) - age   9:     145208 bytes,   31444896 total
[2026-01-26T07:09:29.856+0000][66][trace][gc,age      ] GC(463) - age  10:      23784 bytes,   31468680 total
[2026-01-26T07:09:29.856+0000][66][trace][gc,age      ] GC(463) - age  11:     104800 bytes,   31573480 total
[2026-01-26T07:09:29.856+0000][66][trace][gc,age      ] GC(463) - age  12:        336 bytes,   31573816 total
[2026-01-26T07:09:29.857+0000][66][trace][gc,age      ] GC(463) - age  14:         80 bytes,   31573896 total
[2026-01-26T07:09:29.857+0000][66][trace][gc,age      ] GC(463) - age  15:     264208 bytes,   31838104 total
[2026-01-26T07:09:29.857+0000][66][info ][gc,heap     ] GC(463) Eden regions: 146->0(144)
[2026-01-26T07:09:29.857+0000][66][info ][gc,heap     ] GC(463) Survivor regions: 7->9(20)
[2026-01-26T07:09:29.858+0000][66][info ][gc,heap     ] GC(463) Old regions: 43->43
[2026-01-26T07:09:29.858+0000][66][info ][gc,heap     ] GC(463) Humongous regions: 0->0
[2026-01-26T07:09:29.858+0000][66][info ][gc,metaspace] GC(463) Metaspace: 131036K(136832K)->131036K(136832K) NonClass: 113885K(117440K)->113885K(117440K) Class: 17151K(19392K)->17151K(19392K)
[2026-01-26T07:09:29.859+0000][66][info ][gc          ] GC(463) Pause Young (Normal) (G1 Evacuation Pause) 780M->201M(1024M) 22.775ms
[2026-01-26T07:09:29.859+0000][66][info ][gc,cpu      ] GC(463) User=0.04s Sys=0.02s Real=0.02s
[2026-01-26T07:09:29.859+0000][66][info ][safepoint   ] Safepoint "G1CollectForAllocation", Time since last: 3526791125 ns, Reaching safepoint: 238517 ns, Cleanup: 8400 ns, At safepoint: 23582556 ns, Total: 23829473 ns
[2026-01-26T07:09:32.830+0000][66][info ][safepoint   ] Safepoint "Cleanup", Time since last: 2972025773 ns, Reaching safepoint: 216515 ns, Cleanup: 18401 ns, At safepoint: 258818 ns, Total: 493734 ns
[2026-01-26T07:09:32.989+0000][66][info ][gc,start    ] GC(464) Pause Young (Normal) (G1 Evacuation Pause)
[2026-01-26T07:09:32.989+0000][66][info ][gc,task     ] GC(464) Using 6 workers of 6 for evacuation
[2026-01-26T07:09:32.989+0000][66][debug][gc,age      ] GC(464) Desired survivor size 41943040 bytes, new threshold 15 (max threshold 15)
[2026-01-26T07:09:32.997+0000][66][info ][gc,phases   ] GC(464)   Pre Evacuate Collection Set: 0.4ms
[2026-01-26T07:09:32.998+0000][66][info ][gc,phases   ] GC(464)   Merge Heap Roots: 0.2ms
[2026-01-26T07:09:32.998+0000][66][info ][gc,phases   ] GC(464)   Evacuate Collection Set: 5.6ms
[2026-01-26T07:09:32.999+0000][66][info ][gc,phases   ] GC(464)   Post Evacuate Collection Set: 1.4ms
[2026-01-26T07:09:32.999+0000][66][info ][gc,phases   ] GC(464)   Other: 0.6ms
[2026-01-26T07:09:32.999+0000][66][trace][gc,age      ] GC(464) Age table with threshold 15 (max threshold 15)
[2026-01-26T07:09:32.999+0000][66][trace][gc,age      ] GC(464) - age   1:    7476184 bytes,    7476184 total
[2026-01-26T07:09:33.000+0000][66][trace][gc,age      ] GC(464) - age   2:    2302416 bytes,    9778600 total
[2026-01-26T07:09:33.000+0000][66][trace][gc,age      ] GC(464) - age   3:     540344 bytes,   10318944 total
[2026-01-26T07:09:33.000+0000][66][trace][gc,age      ] GC(464) - age   4:     383392 bytes,   10702336 total
[2026-01-26T07:09:33.001+0000][66][trace][gc,age      ] GC(464) - age   5:      58984 bytes,   10761320 total
[2026-01-26T07:09:33.001+0000][66][trace][gc,age      ] GC(464) - age   6:      59136 bytes,   10820456 total
[2026-01-26T07:09:33.001+0000][66][trace][gc,age      ] GC(464) - age   7:     247424 bytes,   11067880 total
[2026-01-26T07:09:33.001+0000][66][trace][gc,age      ] GC(464) - age   8:      61664 bytes,   11129544 total
[2026-01-26T07:09:33.002+0000][66][trace][gc,age      ] GC(464) - age   9:      96336 bytes,   11225880 total
[2026-01-26T07:09:33.002+0000][66][trace][gc,age      ] GC(464) - age  10:     145208 bytes,   11371088 total
[2026-01-26T07:09:33.002+0000][66][trace][gc,age      ] GC(464) - age  11:       1032 bytes,   11372120 total
[2026-01-26T07:09:33.003+0000][66][trace][gc,age      ] GC(464) - age  12:      62624 bytes,   11434744 total
[2026-01-26T07:09:33.003+0000][66][trace][gc,age      ] GC(464) - age  13:        336 bytes,   11435080 total
[2026-01-26T07:09:33.003+0000][66][trace][gc,age      ] GC(464) - age  15:         80 bytes,   11435160 total
[2026-01-26T07:09:33.004+0000][66][info ][gc,heap     ] GC(464) Eden regions: 144->0(149)
[2026-01-26T07:09:33.004+0000][66][info ][gc,heap     ] GC(464) Survivor regions: 9->4(20)
[2026-01-26T07:09:33.004+0000][66][info ][gc,heap     ] GC(464) Old regions: 43->43
[2026-01-26T07:09:33.004+0000][66][info ][gc,heap     ] GC(464) Humongous regions: 0->0
[2026-01-26T07:09:33.005+0000][66][info ][gc,metaspace] GC(464) Metaspace: 131047K(136896K)->131047K(136896K) NonClass: 113896K(117504K)->113896K(117504K) Class: 17151K(19392K)->17151K(19392K)
[2026-01-26T07:09:33.005+0000][66][info ][gc          ] GC(464) Pause Young (Normal) (G1 Evacuation Pause) 777M->182M(1024M) 16.230ms
[2026-01-26T07:09:33.005+0000][66][info ][gc,cpu      ] GC(464) User=0.02s Sys=0.01s Real=0.02s
[2026-01-26T07:09:33.006+0000][66][info ][safepoint   ] Safepoint "G1CollectForAllocation", Time since last: 159090871 ns, Reaching safepoint: 103107 ns, Cleanup: 13601 ns, At safepoint: 17067598 ns, Total: 17184306 ns
[2026-01-26T07:09:36.676+0000][66][info ][gc,start    ] GC(465) Pause Young (Normal) (G1 Evacuation Pause)
[2026-01-26T07:09:36.676+0000][66][info ][gc,task     ] GC(465) Using 6 workers of 6 for evacuation
[2026-01-26T07:09:36.677+0000][66][debug][gc,age      ] GC(465) Desired survivor size 41943040 bytes, new threshold 15 (max threshold 15)
[2026-01-26T07:09:36.687+0000][66][info ][gc,phases   ] GC(465)   Pre Evacuate Collection Set: 0.4ms
[2026-01-26T07:09:36.687+0000][66][info ][gc,phases   ] GC(465)   Merge Heap Roots: 0.2ms
[2026-01-26T07:09:36.688+0000][66][info ][gc,phases   ] GC(465)   Evacuate Collection Set: 7.5ms
[2026-01-26T07:09:36.688+0000][66][info ][gc,phases   ] GC(465)   Post Evacuate Collection Set: 1.4ms
[2026-01-26T07:09:36.688+0000][66][info ][gc,phases   ] GC(465)   Other: 0.8ms
[2026-01-26T07:09:36.689+0000][66][trace][gc,age      ] GC(465) Age table with threshold 15 (max threshold 15)
[2026-01-26T07:09:36.689+0000][66][trace][gc,age      ] GC(465) - age   1:    8620784 bytes,    8620784 total
[2026-01-26T07:09:36.689+0000][66][trace][gc,age      ] GC(465) - age   2:    3920160 bytes,   12540944 total
[2026-01-26T07:09:36.690+0000][66][trace][gc,age      ] GC(465) - age   3:    2191240 bytes,   14732184 total
[2026-01-26T07:09:36.690+0000][66][trace][gc,age      ] GC(465) - age   4:     540168 bytes,   15272352 total
[2026-01-26T07:09:36.691+0000][66][trace][gc,age      ] GC(465) - age   5:     383392 bytes,   15655744 total
[2026-01-26T07:09:36.691+0000][66][trace][gc,age      ] GC(465) - age   6:      58984 bytes,   15714728 total
[2026-01-26T07:09:36.691+0000][66][trace][gc,age      ] GC(465) - age   7:      59136 bytes,   15773864 total
[2026-01-26T07:09:36.692+0000][66][trace][gc,age      ] GC(465) - age   8:     245984 bytes,   16019848 total
[2026-01-26T07:09:36.692+0000][66][trace][gc,age      ] GC(465) - age   9:      61592 bytes,   16081440 total
[2026-01-26T07:09:36.692+0000][66][trace][gc,age      ] GC(465) - age  10:      96336 bytes,   16177776 total
[2026-01-26T07:09:36.693+0000][66][trace][gc,age      ] GC(465) - age  11:     145208 bytes,   16322984 total
[2026-01-26T07:09:36.693+0000][66][trace][gc,age      ] GC(465) - age  12:       1032 bytes,   16324016 total
[2026-01-26T07:09:36.693+0000][66][trace][gc,age      ] GC(465) - age  13:      62624 bytes,   16386640 total
[2026-01-26T07:09:36.694+0000][66][trace][gc,age      ] GC(465) - age  14:        336 bytes,   16386976 total
[2026-01-26T07:09:36.694+0000][66][info ][gc,heap     ] GC(465) Eden regions: 149->0(148)
[2026-01-26T07:09:36.694+0000][66][info ][gc,heap     ] GC(465) Survivor regions: 4->5(20)
[2026-01-26T07:09:36.695+0000][66][info ][gc,heap     ] GC(465) Old regions: 43->43
[2026-01-26T07:09:36.695+0000][66][info ][gc,heap     ] GC(465) Humongous regions: 0->0
[2026-01-26T07:09:36.695+0000][66][info ][gc,metaspace] GC(465) Metaspace: 131047K(136896K)->131047K(136896K) NonClass: 113896K(117504K)->113896K(117504K) Class: 17151K(19392K)->17151K(19392K)
[2026-01-26T07:09:36.696+0000][66][info ][gc          ] GC(465) Pause Young (Normal) (G1 Evacuation Pause) 778M->187M(1024M) 19.833ms
[2026-01-26T07:09:36.696+0000][66][info ][gc,cpu      ] GC(465) User=0.02s Sys=0.01s Real=0.02s
[2026-01-26T07:09:36.697+0000][66][info ][safepoint   ] Safepoint "G1CollectForAllocation", Time since last: 3669988977 ns, Reaching safepoint: 125109 ns, Cleanup: 5700 ns, At safepoint: 20698550 ns, Total: 20829359 ns
[2026-01-26T07:09:39.156+0000][66][info ][safepoint   ] Safepoint "Cleanup", Time since last: 2459291233 ns, Reaching safepoint: 16201 ns, Cleanup: 10601 ns, At safepoint: 2900 ns, Total: 29702 ns
[2026-01-26T07:09:41.658+0000][66][info ][gc,start    ] GC(466) Pause Young (Normal) (G1 Evacuation Pause)
[2026-01-26T07:09:41.658+0000][66][info ][gc,task     ] GC(466) Using 6 workers of 6 for evacuation
[2026-01-26T07:09:41.659+0000][66][debug][gc,age      ] GC(466) Desired survivor size 41943040 bytes, new threshold 15 (max threshold 15)
[2026-01-26T07:09:41.667+0000][66][info ][gc,phases   ] GC(466)   Pre Evacuate Collection Set: 0.6ms
[2026-01-26T07:09:41.668+0000][66][info ][gc,phases   ] GC(466)   Merge Heap Roots: 0.3ms
[2026-01-26T07:09:41.668+0000][66][info ][gc,phases   ] GC(466)   Evacuate Collection Set: 5.4ms
[2026-01-26T07:09:41.669+0000][66][info ][gc,phases   ] GC(466)   Post Evacuate Collection Set: 1.5ms
[2026-01-26T07:09:41.670+0000][66][info ][gc,phases   ] GC(466)   Other: 1.3ms
[2026-01-26T07:09:41.670+0000][66][trace][gc,age      ] GC(466) Age table with threshold 15 (max threshold 15)
[2026-01-26T07:09:41.671+0000][66][trace][gc,age      ] GC(466) - age   1:    6643976 bytes,    6643976 total
[2026-01-26T07:09:41.671+0000][66][trace][gc,age      ] GC(466) - age   2:      37536 bytes,    6681512 total
[2026-01-26T07:09:41.672+0000][66][trace][gc,age      ] GC(466) - age   3:     511592 bytes,    7193104 total
[2026-01-26T07:09:41.673+0000][66][trace][gc,age      ] GC(466) - age   4:      82528 bytes,    7275632 total
[2026-01-26T07:09:41.673+0000][66][trace][gc,age      ] GC(466) - age   5:     540168 bytes,    7815800 total
[2026-01-26T07:09:41.674+0000][66][trace][gc,age      ] GC(466) - age   6:     376192 bytes,    8191992 total
[2026-01-26T07:09:41.675+0000][66][trace][gc,age      ] GC(466) - age   7:      58896 bytes,    8250888 total
[2026-01-26T07:09:41.675+0000][66][trace][gc,age      ] GC(466) - age   8:      59136 bytes,    8310024 total
[2026-01-26T07:09:41.676+0000][66][trace][gc,age      ] GC(466) - age   9:     176296 bytes,    8486320 total
[2026-01-26T07:09:41.676+0000][66][trace][gc,age      ] GC(466) - age  10:      60864 bytes,    8547184 total
[2026-01-26T07:09:41.677+0000][66][trace][gc,age      ] GC(466) - age  11:      96336 bytes,    8643520 total
[2026-01-26T07:09:41.677+0000][66][trace][gc,age      ] GC(466) - age  12:     145144 bytes,    8788664 total
[2026-01-26T07:09:41.678+0000][66][trace][gc,age      ] GC(466) - age  13:       1032 bytes,    8789696 total
[2026-01-26T07:09:41.678+0000][66][trace][gc,age      ] GC(466) - age  14:      62560 bytes,    8852256 total
[2026-01-26T07:09:41.679+0000][66][trace][gc,age      ] GC(466) - age  15:        336 bytes,    8852592 total
[2026-01-26T07:09:41.679+0000][66][info ][gc,heap     ] GC(466) Eden regions: 148->0(150)
[2026-01-26T07:09:41.680+0000][66][info ][gc,heap     ] GC(466) Survivor regions: 5->3(20)
[2026-01-26T07:09:41.680+0000][66][info ][gc,heap     ] GC(466) Old regions: 43->43
[2026-01-26T07:09:41.680+0000][66][info ][gc,heap     ] GC(466) Humongous regions: 0->0
[2026-01-26T07:09:41.681+0000][66][info ][gc,metaspace] GC(466) Metaspace: 131048K(136896K)->131048K(136896K) NonClass: 113897K(117504K)->113897K(117504K) Class: 17151K(19392K)->17151K(19392K)
[2026-01-26T07:09:41.681+0000][66][info ][gc          ] GC(466) Pause Young (Normal) (G1 Evacuation Pause) 779M->179M(1024M) 23.778ms
[2026-01-26T07:09:41.682+0000][66][info ][gc,cpu      ] GC(466) User=0.02s Sys=0.01s Real=0.02s
[2026-01-26T07:09:41.683+0000][66][info ][safepoint   ] Safepoint "G1CollectForAllocation", Time since last: 2501607988 ns, Reaching safepoint: 20602 ns, Cleanup: 5800 ns, At safepoint: 24935853 ns, Total: 24962255 ns
[2026-01-26T07:09:42.825+0000][66][info ][safepoint   ] Safepoint "Cleanup", Time since last: 1141961892 ns, Reaching safepoint: 195014 ns, Cleanup: 15301 ns, At safepoint: 102807 ns, Total: 313122 ns
[2026-01-26T07:09:44.621+0000][66][info ][safepoint   ] Safepoint "Cleanup", Time since last: 1796193892 ns, Reaching safepoint: 98907 ns, Cleanup: 8101 ns, At safepoint: 24201 ns, Total: 131209 ns
[2026-01-26T07:09:47.639+0000][66][info ][safepoint   ] Safepoint "Cleanup", Time since last: 3017481262 ns, Reaching safepoint: 128209 ns, Cleanup: 12201 ns, At safepoint: 33302 ns, Total: 173712 ns
[2026-01-26T07:09:48.818+0000][66][info ][safepoint   ] Safepoint "Cleanup", Time since last: 1178754979 ns, Reaching safepoint: 18901 ns, Cleanup: 15101 ns, At safepoint: 3001 ns, Total: 37003 ns
[2026-01-26T07:09:49.425+0000][66][info ][gc,start    ] GC(467) Pause Young (Normal) (G1 Evacuation Pause)
[2026-01-26T07:09:49.425+0000][66][info ][gc,task     ] GC(467) Using 6 workers of 6 for evacuation
[2026-01-26T07:09:49.425+0000][66][debug][gc,age      ] GC(467) Desired survivor size 41943040 bytes, new threshold 15 (max threshold 15)
[2026-01-26T07:09:49.434+0000][66][info ][gc,phases   ] GC(467)   Pre Evacuate Collection Set: 0.3ms
[2026-01-26T07:09:49.434+0000][66][info ][gc,phases   ] GC(467)   Merge Heap Roots: 0.2ms
[2026-01-26T07:09:49.434+0000][66][info ][gc,phases   ] GC(467)   Evacuate Collection Set: 6.2ms
[2026-01-26T07:09:49.435+0000][66][info ][gc,phases   ] GC(467)   Post Evacuate Collection Set: 1.2ms
[2026-01-26T07:09:49.435+0000][66][info ][gc,phases   ] GC(467)   Other: 0.7ms
[2026-01-26T07:09:49.436+0000][66][trace][gc,age      ] GC(467) Age table with threshold 15 (max threshold 15)
[2026-01-26T07:09:49.436+0000][66][trace][gc,age      ] GC(467) - age   1:   17145512 bytes,   17145512 total
[2026-01-26T07:09:49.436+0000][66][trace][gc,age      ] GC(467) - age   2:     249896 bytes,   17395408 total
[2026-01-26T07:09:49.437+0000][66][trace][gc,age      ] GC(467) - age   3:      25136 bytes,   17420544 total
[2026-01-26T07:09:49.437+0000][66][trace][gc,age      ] GC(467) - age   4:     149960 bytes,   17570504 total
[2026-01-26T07:09:49.438+0000][66][trace][gc,age      ] GC(467) - age   5:      82376 bytes,   17652880 total
[2026-01-26T07:09:49.438+0000][66][trace][gc,age      ] GC(467) - age   6:     540168 bytes,   18193048 total
[2026-01-26T07:09:49.439+0000][66][trace][gc,age      ] GC(467) - age   7:     374808 bytes,   18567856 total
[2026-01-26T07:09:49.439+0000][66][trace][gc,age      ] GC(467) - age   8:      58832 bytes,   18626688 total
[2026-01-26T07:09:49.439+0000][66][trace][gc,age      ] GC(467) - age   9:      59136 bytes,   18685824 total
[2026-01-26T07:09:49.440+0000][66][trace][gc,age      ] GC(467) - age  10:     176056 bytes,   18861880 total
[2026-01-26T07:09:49.440+0000][66][trace][gc,age      ] GC(467) - age  11:      60800 bytes,   18922680 total
[2026-01-26T07:09:49.440+0000][66][trace][gc,age      ] GC(467) - age  12:      96336 bytes,   19019016 total
[2026-01-26T07:09:49.441+0000][66][trace][gc,age      ] GC(467) - age  13:     145144 bytes,   19164160 total
[2026-01-26T07:09:49.441+0000][66][trace][gc,age      ] GC(467) - age  14:       1032 bytes,   19165192 total
[2026-01-26T07:09:49.441+0000][66][trace][gc,age      ] GC(467) - age  15:      62560 bytes,   19227752 total
[2026-01-26T07:09:49.442+0000][66][info ][gc,heap     ] GC(467) Eden regions: 150->0(148)
[2026-01-26T07:09:49.442+0000][66][info ][gc,heap     ] GC(467) Survivor regions: 3->5(20)
[2026-01-26T07:09:49.443+0000][66][info ][gc,heap     ] GC(467) Old regions: 43->43
[2026-01-26T07:09:49.443+0000][66][info ][gc,heap     ] GC(467) Humongous regions: 0->0
[2026-01-26T07:09:49.443+0000][66][info ][gc,metaspace] GC(467) Metaspace: 131049K(136896K)->131049K(136896K) NonClass: 113898K(117504K)->113898K(117504K) Class: 17151K(19392K)->17151K(19392K)
[2026-01-26T07:09:49.444+0000][66][info ][gc          ] GC(467) Pause Young (Normal) (G1 Evacuation Pause) 779M->189M(1024M) 18.941ms
[2026-01-26T07:09:49.444+0000][66][info ][gc,cpu      ] GC(467) User=0.04s Sys=0.00s Real=0.02s
[2026-01-26T07:09:49.444+0000][66][info ][safepoint   ] Safepoint "G1CollectForAllocation", Time since last: 606916680 ns, Reaching safepoint: 17601 ns, Cleanup: 5000 ns, At safepoint: 19747990 ns, Total: 19770591 ns
[2026-01-26T07:09:53.398+0000][66][info ][safepoint   ] Safepoint "Cleanup", Time since last: 3953149882 ns, Reaching safepoint: 181213 ns, Cleanup: 13401 ns, At safepoint: 49603 ns, Total: 244217 ns
[2026-01-26T07:09:57.110+0000][66][info ][gc,start    ] GC(468) Pause Young (Normal) (G1 Evacuation Pause)
[2026-01-26T07:09:57.110+0000][66][info ][gc,task     ] GC(468) Using 6 workers of 6 for evacuation
[2026-01-26T07:09:57.111+0000][66][debug][gc,age      ] GC(468) Desired survivor size 41943040 bytes, new threshold 15 (max threshold 15)
[2026-01-26T07:09:57.117+0000][66][info ][gc,phases   ] GC(468)   Pre Evacuate Collection Set: 0.4ms
[2026-01-26T07:09:57.118+0000][66][info ][gc,phases   ] GC(468)   Merge Heap Roots: 0.2ms
[2026-01-26T07:09:57.119+0000][66][info ][gc,phases   ] GC(468)   Evacuate Collection Set: 4.3ms
[2026-01-26T07:09:57.119+0000][66][info ][gc,phases   ] GC(468)   Post Evacuate Collection Set: 1.3ms
[2026-01-26T07:09:57.119+0000][66][info ][gc,phases   ] GC(468)   Other: 1.0ms
[2026-01-26T07:09:57.120+0000][66][trace][gc,age      ] GC(468) Age table with threshold 15 (max threshold 15)
[2026-01-26T07:09:57.120+0000][66][trace][gc,age      ] GC(468) - age   1:   11196728 bytes,   11196728 total
[2026-01-26T07:09:57.121+0000][66][trace][gc,age      ] GC(468) - age   2:     111480 bytes,   11308208 total
[2026-01-26T07:09:57.121+0000][66][trace][gc,age      ] GC(468) - age   3:     242080 bytes,   11550288 total
[2026-01-26T07:09:57.121+0000][66][trace][gc,age      ] GC(468) - age   4:      25136 bytes,   11575424 total
[2026-01-26T07:09:57.122+0000][66][trace][gc,age      ] GC(468) - age   5:     147400 bytes,   11722824 total
[2026-01-26T07:09:57.122+0000][66][trace][gc,age      ] GC(468) - age   6:        888 bytes,   11723712 total
[2026-01-26T07:09:57.122+0000][66][trace][gc,age      ] GC(468) - age   7:        744 bytes,   11724456 total
[2026-01-26T07:09:57.123+0000][66][trace][gc,age      ] GC(468) - age   8:       3640 bytes,   11728096 total
[2026-01-26T07:09:57.123+0000][66][trace][gc,age      ] GC(468) - age   9:       1400 bytes,   11729496 total
[2026-01-26T07:09:57.123+0000][66][trace][gc,age      ] GC(468) - age  10:       1640 bytes,   11731136 total
[2026-01-26T07:09:57.124+0000][66][trace][gc,age      ] GC(468) - age  11:     118256 bytes,   11849392 total
[2026-01-26T07:09:57.124+0000][66][trace][gc,age      ] GC(468) - age  12:       3312 bytes,   11852704 total
[2026-01-26T07:09:57.124+0000][66][trace][gc,age      ] GC(468) - age  13:       1336 bytes,   11854040 total
[2026-01-26T07:09:57.125+0000][66][trace][gc,age      ] GC(468) - age  14:      84632 bytes,   11938672 total
[2026-01-26T07:09:57.125+0000][66][trace][gc,age      ] GC(468) - age  15:       1032 bytes,   11939704 total
[2026-01-26T07:09:57.125+0000][66][info ][gc,heap     ] GC(468) Eden regions: 148->0(149)
[2026-01-26T07:09:57.126+0000][66][info ][gc,heap     ] GC(468) Survivor regions: 5->4(20)
[2026-01-26T07:09:57.126+0000][66][info ][gc,heap     ] GC(468) Old regions: 43->43
[2026-01-26T07:09:57.126+0000][66][info ][gc,heap     ] GC(468) Humongous regions: 0->0
[2026-01-26T07:09:57.127+0000][66][info ][gc,metaspace] GC(468) Metaspace: 131049K(136896K)->131049K(136896K) NonClass: 113898K(117504K)->113898K(117504K) Class: 17151K(19392K)->17151K(19392K)
[2026-01-26T07:09:57.127+0000][66][info ][gc          ] GC(468) Pause Young (Normal) (G1 Evacuation Pause) 781M->182M(1024M) 17.223ms
[2026-01-26T07:09:57.127+0000][66][info ][gc,cpu      ] GC(468) User=0.02s Sys=0.00s Real=0.02s
[2026-01-26T07:09:57.128+0000][66][info ][safepoint   ] Safepoint "G1CollectForAllocation", Time since last: 3712094613 ns, Reaching safepoint: 18701 ns, Cleanup: 4500 ns, At safepoint: 18009368 ns, Total: 18032569 ns
[2026-01-26T07:10:06.510+0000][66][info ][gc,start    ] GC(469) Pause Young (Normal) (G1 Evacuation Pause)
[2026-01-26T07:10:06.510+0000][66][info ][gc,task     ] GC(469) Using 6 workers of 6 for evacuation
[2026-01-26T07:10:06.511+0000][66][debug][gc,age      ] GC(469) Desired survivor size 41943040 bytes, new threshold 15 (max threshold 15)
[2026-01-26T07:10:06.522+0000][66][info ][gc,phases   ] GC(469)   Pre Evacuate Collection Set: 0.4ms
[2026-01-26T07:10:06.522+0000][66][info ][gc,phases   ] GC(469)   Merge Heap Roots: 0.2ms
[2026-01-26T07:10:06.523+0000][66][info ][gc,phases   ] GC(469)   Evacuate Collection Set: 8.3ms
[2026-01-26T07:10:06.523+0000][66][info ][gc,phases   ] GC(469)   Post Evacuate Collection Set: 1.4ms
[2026-01-26T07:10:06.523+0000][66][info ][gc,phases   ] GC(469)   Other: 1.1ms
[2026-01-26T07:10:06.524+0000][66][trace][gc,age      ] GC(469) Age table with threshold 15 (max threshold 15)
[2026-01-26T07:10:06.524+0000][66][trace][gc,age      ] GC(469) - age   1:   21918776 bytes,   21918776 total
[2026-01-26T07:10:06.525+0000][66][trace][gc,age      ] GC(469) - age   2:    5494208 bytes,   27412984 total
[2026-01-26T07:10:06.525+0000][66][trace][gc,age      ] GC(469) - age   3:     111352 bytes,   27524336 total
[2026-01-26T07:10:06.526+0000][66][trace][gc,age      ] GC(469) - age   4:     241336 bytes,   27765672 total
[2026-01-26T07:10:06.526+0000][66][trace][gc,age      ] GC(469) - age   5:      25136 bytes,   27790808 total
[2026-01-26T07:10:06.526+0000][66][trace][gc,age      ] GC(469) - age   6:     145496 bytes,   27936304 total
[2026-01-26T07:10:06.527+0000][66][trace][gc,age      ] GC(469) - age   7:        712 bytes,   27937016 total
[2026-01-26T07:10:06.527+0000][66][trace][gc,age      ] GC(469) - age   8:        744 bytes,   27937760 total
[2026-01-26T07:10:06.527+0000][66][trace][gc,age      ] GC(469) - age   9:       3640 bytes,   27941400 total
[2026-01-26T07:10:06.528+0000][66][trace][gc,age      ] GC(469) - age  10:       1336 bytes,   27942736 total
[2026-01-26T07:10:06.528+0000][66][trace][gc,age      ] GC(469) - age  11:       1640 bytes,   27944376 total
[2026-01-26T07:10:06.528+0000][66][trace][gc,age      ] GC(469) - age  12:     118256 bytes,   28062632 total
[2026-01-26T07:10:06.529+0000][66][trace][gc,age      ] GC(469) - age  13:       3312 bytes,   28065944 total
[2026-01-26T07:10:06.529+0000][66][trace][gc,age      ] GC(469) - age  14:       1336 bytes,   28067280 total
[2026-01-26T07:10:06.529+0000][66][trace][gc,age      ] GC(469) - age  15:      84632 bytes,   28151912 total
[2026-01-26T07:10:06.530+0000][66][info ][gc,heap     ] GC(469) Eden regions: 149->0(146)
[2026-01-26T07:10:06.530+0000][66][info ][gc,heap     ] GC(469) Survivor regions: 4->7(20)
[2026-01-26T07:10:06.530+0000][66][info ][gc,heap     ] GC(469) Old regions: 43->43
[2026-01-26T07:10:06.531+0000][66][info ][gc,heap     ] GC(469) Humongous regions: 0->0
[2026-01-26T07:10:06.531+0000][66][info ][gc,metaspace] GC(469) Metaspace: 131049K(136896K)->131049K(136896K) NonClass: 113898K(117504K)->113898K(117504K) Class: 17151K(19392K)->17151K(19392K)
[2026-01-26T07:10:06.531+0000][66][info ][gc          ] GC(469) Pause Young (Normal) (G1 Evacuation Pause) 778M->197M(1024M) 21.495ms
[2026-01-26T07:10:06.532+0000][66][info ][gc,cpu      ] GC(469) User=0.03s Sys=0.02s Real=0.02s
[2026-01-26T07:10:06.532+0000][66][info ][safepoint   ] Safepoint "G1CollectForAllocation", Time since last: 9383220680 ns, Reaching safepoint: 268919 ns, Cleanup: 6500 ns, At safepoint: 22188547 ns, Total: 22463966 ns
[2026-01-26T07:10:07.804+0000][66][info ][safepoint   ] Safepoint "Cleanup", Time since last: 1272022109 ns, Reaching safepoint: 9801 ns, Cleanup: 8201 ns, At safepoint: 5300 ns, Total: 23302 ns
[2026-01-26T07:10:14.252+0000][66][info ][gc,start    ] GC(470) Pause Young (Normal) (G1 Evacuation Pause)
[2026-01-26T07:10:14.252+0000][66][info ][gc,task     ] GC(470) Using 6 workers of 6 for evacuation
[2026-01-26T07:10:14.253+0000][66][debug][gc,age      ] GC(470) Desired survivor size 41943040 bytes, new threshold 15 (max threshold 15)
[2026-01-26T07:10:14.261+0000][66][info ][gc,phases   ] GC(470)   Pre Evacuate Collection Set: 0.4ms
[2026-01-26T07:10:14.261+0000][66][info ][gc,phases   ] GC(470)   Merge Heap Roots: 0.4ms
[2026-01-26T07:10:14.261+0000][66][info ][gc,phases   ] GC(470)   Evacuate Collection Set: 5.7ms
[2026-01-26T07:10:14.262+0000][66][info ][gc,phases   ] GC(470)   Post Evacuate Collection Set: 1.0ms
[2026-01-26T07:10:14.262+0000][66][info ][gc,phases   ] GC(470)   Other: 0.8ms
[2026-01-26T07:10:14.262+0000][66][trace][gc,age      ] GC(470) Age table with threshold 15 (max threshold 15)
[2026-01-26T07:10:14.263+0000][66][trace][gc,age      ] GC(470) - age   1:   17493176 bytes,   17493176 total
[2026-01-26T07:10:14.263+0000][66][trace][gc,age      ] GC(470) - age   2:    1658712 bytes,   19151888 total
[2026-01-26T07:10:14.263+0000][66][trace][gc,age      ] GC(470) - age   3:     277200 bytes,   19429088 total
[2026-01-26T07:10:14.264+0000][66][trace][gc,age      ] GC(470) - age   4:     108376 bytes,   19537464 total
[2026-01-26T07:10:14.264+0000][66][trace][gc,age      ] GC(470) - age   5:     237360 bytes,   19774824 total
[2026-01-26T07:10:14.265+0000][66][trace][gc,age      ] GC(470) - age   6:      23432 bytes,   19798256 total
[2026-01-26T07:10:14.265+0000][66][trace][gc,age      ] GC(470) - age   7:     144360 bytes,   19942616 total
[2026-01-26T07:10:14.265+0000][66][trace][gc,age      ] GC(470) - age   8:        712 bytes,   19943328 total
[2026-01-26T07:10:14.266+0000][66][trace][gc,age      ] GC(470) - age   9:        744 bytes,   19944072 total
[2026-01-26T07:10:14.266+0000][66][trace][gc,age      ] GC(470) - age  10:       3464 bytes,   19947536 total
[2026-01-26T07:10:14.266+0000][66][trace][gc,age      ] GC(470) - age  11:       1336 bytes,   19948872 total
[2026-01-26T07:10:14.266+0000][66][trace][gc,age      ] GC(470) - age  12:       1640 bytes,   19950512 total
[2026-01-26T07:10:14.267+0000][66][trace][gc,age      ] GC(470) - age  13:     118224 bytes,   20068736 total
[2026-01-26T07:10:14.267+0000][66][trace][gc,age      ] GC(470) - age  14:       3312 bytes,   20072048 total
[2026-01-26T07:10:14.267+0000][66][trace][gc,age      ] GC(470) - age  15:       1272 bytes,   20073320 total
[2026-01-26T07:10:14.267+0000][66][info ][gc,heap     ] GC(470) Eden regions: 146->0(147)
[2026-01-26T07:10:14.268+0000][66][info ][gc,heap     ] GC(470) Survivor regions: 7->6(20)
[2026-01-26T07:10:14.268+0000][66][info ][gc,heap     ] GC(470) Old regions: 43->43
[2026-01-26T07:10:14.268+0000][66][info ][gc,heap     ] GC(470) Humongous regions: 0->0
[2026-01-26T07:10:14.269+0000][66][info ][gc,metaspace] GC(470) Metaspace: 131050K(136896K)->131050K(136896K) NonClass: 113898K(117504K)->113898K(117504K) Class: 17151K(19392K)->17151K(19392K)
[2026-01-26T07:10:14.269+0000][66][info ][gc          ] GC(470) Pause Young (Normal) (G1 Evacuation Pause) 781M->192M(1024M) 16.955ms
[2026-01-26T07:10:14.269+0000][66][info ][gc,cpu      ] GC(470) User=0.03s Sys=0.01s Real=0.01s
[2026-01-26T07:10:14.269+0000][66][info ][safepoint   ] Safepoint "G1CollectForAllocation", Time since last: 6447852569 ns, Reaching safepoint: 17102 ns, Cleanup: 3900 ns, At safepoint: 17678739 ns, Total: 17699741 ns
[2026-01-26T07:10:19.271+0000][66][info ][safepoint   ] Safepoint "Cleanup", Time since last: 5001060807 ns, Reaching safepoint: 16501 ns, Cleanup: 10501 ns, At safepoint: 32402 ns, Total: 59404 ns
[2026-01-26T07:10:21.985+0000][66][info ][gc,start    ] GC(471) Pause Young (Normal) (G1 Evacuation Pause)
[2026-01-26T07:10:21.985+0000][66][info ][gc,task     ] GC(471) Using 6 workers of 6 for evacuation
[2026-01-26T07:10:21.985+0000][66][debug][gc,age      ] GC(471) Desired survivor size 41943040 bytes, new threshold 15 (max threshold 15)
[2026-01-26T07:10:21.996+0000][66][info ][gc,phases   ] GC(471)   Pre Evacuate Collection Set: 0.3ms
[2026-01-26T07:10:21.996+0000][66][info ][gc,phases   ] GC(471)   Merge Heap Roots: 0.1ms
[2026-01-26T07:10:21.997+0000][66][info ][gc,phases   ] GC(471)   Evacuate Collection Set: 8.7ms
[2026-01-26T07:10:21.997+0000][66][info ][gc,phases   ] GC(471)   Post Evacuate Collection Set: 1.2ms
[2026-01-26T07:10:21.997+0000][66][info ][gc,phases   ] GC(471)   Other: 0.6ms
[2026-01-26T07:10:21.998+0000][66][trace][gc,age      ] GC(471) Age table with threshold 15 (max threshold 15)
[2026-01-26T07:10:21.998+0000][66][trace][gc,age      ] GC(471) - age   1:   18862456 bytes,   18862456 total
[2026-01-26T07:10:21.999+0000][66][trace][gc,age      ] GC(471) - age   2:   10696688 bytes,   29559144 total
[2026-01-26T07:10:21.999+0000][66][trace][gc,age      ] GC(471) - age   3:    1333984 bytes,   30893128 total
[2026-01-26T07:10:21.999+0000][66][trace][gc,age      ] GC(471) - age   4:     277200 bytes,   31170328 total
[2026-01-26T07:10:21.999+0000][66][trace][gc,age      ] GC(471) - age   5:     107560 bytes,   31277888 total
[2026-01-26T07:10:22.000+0000][66][trace][gc,age      ] GC(471) - age   6:     237360 bytes,   31515248 total
[2026-01-26T07:10:22.000+0000][66][trace][gc,age      ] GC(471) - age   7:      23432 bytes,   31538680 total
[2026-01-26T07:10:22.000+0000][66][trace][gc,age      ] GC(471) - age   8:     144360 bytes,   31683040 total
[2026-01-26T07:10:22.000+0000][66][trace][gc,age      ] GC(471) - age   9:        400 bytes,   31683440 total
[2026-01-26T07:10:22.001+0000][66][trace][gc,age      ] GC(471) - age  10:        560 bytes,   31684000 total
[2026-01-26T07:10:22.001+0000][66][trace][gc,age      ] GC(471) - age  11:       3464 bytes,   31687464 total
[2026-01-26T07:10:22.001+0000][66][trace][gc,age      ] GC(471) - age  12:       1336 bytes,   31688800 total
[2026-01-26T07:10:22.002+0000][66][trace][gc,age      ] GC(471) - age  13:       1640 bytes,   31690440 total
[2026-01-26T07:10:22.002+0000][66][trace][gc,age      ] GC(471) - age  14:     118224 bytes,   31808664 total
[2026-01-26T07:10:22.002+0000][66][trace][gc,age      ] GC(471) - age  15:       3312 bytes,   31811976 total
[2026-01-26T07:10:22.003+0000][66][info ][gc,heap     ] GC(471) Eden regions: 147->0(144)
[2026-01-26T07:10:22.003+0000][66][info ][gc,heap     ] GC(471) Survivor regions: 6->9(20)
[2026-01-26T07:10:22.003+0000][66][info ][gc,heap     ] GC(471) Old regions: 43->43
[2026-01-26T07:10:22.003+0000][66][info ][gc,heap     ] GC(471) Humongous regions: 0->0
[2026-01-26T07:10:22.004+0000][66][info ][gc,metaspace] GC(471) Metaspace: 131050K(136896K)->131050K(136896K) NonClass: 113898K(117504K)->113898K(117504K) Class: 17151K(19392K)->17151K(19392K)
[2026-01-26T07:10:22.004+0000][66][info ][gc          ] GC(471) Pause Young (Normal) (G1 Evacuation Pause) 780M->203M(1024M) 19.149ms
[2026-01-26T07:10:22.004+0000][66][info ][gc,cpu      ] GC(471) User=0.05s Sys=0.00s Real=0.02s
[2026-01-26T07:10:22.005+0000][66][info ][safepoint   ] Safepoint "G1CollectForAllocation", Time since last: 2714252045 ns, Reaching safepoint: 16701 ns, Cleanup: 4300 ns, At safepoint: 19813993 ns, Total: 19834994 ns
[2026-01-26T07:10:26.006+0000][66][info ][safepoint   ] Safepoint "Cleanup", Time since last: 4001122874 ns, Reaching safepoint: 22402 ns, Cleanup: 14301 ns, At safepoint: 3300 ns, Total: 40003 ns
[2026-01-26T07:10:31.534+0000][66][info ][gc,start    ] GC(472) Pause Young (Normal) (G1 Evacuation Pause)
[2026-01-26T07:10:31.534+0000][66][info ][gc,task     ] GC(472) Using 6 workers of 6 for evacuation
[2026-01-26T07:10:31.535+0000][66][debug][gc,age      ] GC(472) Desired survivor size 41943040 bytes, new threshold 15 (max threshold 15)
[2026-01-26T07:10:31.543+0000][66][info ][gc,phases   ] GC(472)   Pre Evacuate Collection Set: 0.3ms
[2026-01-26T07:10:31.544+0000][66][info ][gc,phases   ] GC(472)   Merge Heap Roots: 0.1ms
[2026-01-26T07:10:31.544+0000][66][info ][gc,phases   ] GC(472)   Evacuate Collection Set: 7.1ms
[2026-01-26T07:10:31.545+0000][66][info ][gc,phases   ] GC(472)   Post Evacuate Collection Set: 0.9ms
[2026-01-26T07:10:31.545+0000][66][info ][gc,phases   ] GC(472)   Other: 0.8ms
[2026-01-26T07:10:31.545+0000][66][trace][gc,age      ] GC(472) Age table with threshold 15 (max threshold 15)
[2026-01-26T07:10:31.546+0000][66][trace][gc,age      ] GC(472) - age   1:   20622424 bytes,   20622424 total
[2026-01-26T07:10:31.546+0000][66][trace][gc,age      ] GC(472) - age   2:    3758176 bytes,   24380600 total
[2026-01-26T07:10:31.546+0000][66][trace][gc,age      ] GC(472) - age   3:     387584 bytes,   24768184 total
[2026-01-26T07:10:31.547+0000][66][trace][gc,age      ] GC(472) - age   4:       1744 bytes,   24769928 total
[2026-01-26T07:10:31.547+0000][66][trace][gc,age      ] GC(472) - age   5:     275016 bytes,   25044944 total
[2026-01-26T07:10:31.547+0000][66][trace][gc,age      ] GC(472) - age   6:     107560 bytes,   25152504 total
[2026-01-26T07:10:31.548+0000][66][trace][gc,age      ] GC(472) - age   7:     237360 bytes,   25389864 total
[2026-01-26T07:10:31.548+0000][66][trace][gc,age      ] GC(472) - age   8:      23432 bytes,   25413296 total
[2026-01-26T07:10:31.548+0000][66][trace][gc,age      ] GC(472) - age   9:     144360 bytes,   25557656 total
[2026-01-26T07:10:31.548+0000][66][trace][gc,age      ] GC(472) - age  10:        368 bytes,   25558024 total
[2026-01-26T07:10:31.549+0000][66][trace][gc,age      ] GC(472) - age  11:         32 bytes,   25558056 total
[2026-01-26T07:10:31.549+0000][66][trace][gc,age      ] GC(472) - age  12:       3464 bytes,   25561520 total
[2026-01-26T07:10:31.549+0000][66][trace][gc,age      ] GC(472) - age  13:       1336 bytes,   25562856 total
[2026-01-26T07:10:31.550+0000][66][trace][gc,age      ] GC(472) - age  14:       1640 bytes,   25564496 total
[2026-01-26T07:10:31.550+0000][66][trace][gc,age      ] GC(472) - age  15:     118224 bytes,   25682720 total
[2026-01-26T07:10:31.550+0000][66][info ][gc,heap     ] GC(472) Eden regions: 144->0(146)
[2026-01-26T07:10:31.550+0000][66][info ][gc,heap     ] GC(472) Survivor regions: 9->7(20)
[2026-01-26T07:10:31.550+0000][66][info ][gc,heap     ] GC(472) Old regions: 43->43
[2026-01-26T07:10:31.551+0000][66][info ][gc,heap     ] GC(472) Humongous regions: 0->0
[2026-01-26T07:10:31.551+0000][66][info ][gc,metaspace] GC(472) Metaspace: 131050K(136896K)->131050K(136896K) NonClass: 113898K(117504K)->113898K(117504K) Class: 17151K(19392K)->17151K(19392K)
[2026-01-26T07:10:31.551+0000][66][info ][gc          ] GC(472) Pause Young (Normal) (G1 Evacuation Pause) 779M->197M(1024M) 17.314ms
[2026-01-26T07:10:31.551+0000][66][info ][gc,cpu      ] GC(472) User=0.04s Sys=0.00s Real=0.02s
[2026-01-26T07:10:31.552+0000][66][info ][safepoint   ] Safepoint "G1CollectForAllocation", Time since last: 5527923036 ns, Reaching safepoint: 15501 ns, Cleanup: 3200 ns, At safepoint: 17877274 ns, Total: 17895975 ns
[2026-01-26T07:10:38.038+0000][66][info ][gc,start    ] GC(473) Pause Young (Normal) (G1 Evacuation Pause)
[2026-01-26T07:10:38.039+0000][66][info ][gc,task     ] GC(473) Using 6 workers of 6 for evacuation
[2026-01-26T07:10:38.039+0000][66][debug][gc,age      ] GC(473) Desired survivor size 41943040 bytes, new threshold 15 (max threshold 15)
[2026-01-26T07:10:38.047+0000][66][info ][gc,phases   ] GC(473)   Pre Evacuate Collection Set: 0.4ms
[2026-01-26T07:10:38.047+0000][66][info ][gc,phases   ] GC(473)   Merge Heap Roots: 0.2ms
[2026-01-26T07:10:38.048+0000][66][info ][gc,phases   ] GC(473)   Evacuate Collection Set: 5.8ms
[2026-01-26T07:10:38.048+0000][66][info ][gc,phases   ] GC(473)   Post Evacuate Collection Set: 1.3ms
[2026-01-26T07:10:38.048+0000][66][info ][gc,phases   ] GC(473)   Other: 0.6ms
[2026-01-26T07:10:38.049+0000][66][trace][gc,age      ] GC(473) Age table with threshold 15 (max threshold 15)
[2026-01-26T07:10:38.049+0000][66][trace][gc,age      ] GC(473) - age   1:   13299120 bytes,   13299120 total
[2026-01-26T07:10:38.050+0000][66][trace][gc,age      ] GC(473) - age   2:      71848 bytes,   13370968 total
[2026-01-26T07:10:38.050+0000][66][trace][gc,age      ] GC(473) - age   3:       2256 bytes,   13373224 total
[2026-01-26T07:10:38.050+0000][66][trace][gc,age      ] GC(473) - age   4:     374224 bytes,   13747448 total
[2026-01-26T07:10:38.051+0000][66][trace][gc,age      ] GC(473) - age   5:        488 bytes,   13747936 total
[2026-01-26T07:10:38.051+0000][66][trace][gc,age      ] GC(473) - age   6:     274704 bytes,   14022640 total
[2026-01-26T07:10:38.051+0000][66][trace][gc,age      ] GC(473) - age   7:     107496 bytes,   14130136 total
[2026-01-26T07:10:38.052+0000][66][trace][gc,age      ] GC(473) - age   8:     236792 bytes,   14366928 total
[2026-01-26T07:10:38.052+0000][66][trace][gc,age      ] GC(473) - age   9:      23360 bytes,   14390288 total
[2026-01-26T07:10:38.052+0000][66][trace][gc,age      ] GC(473) - age  10:     144328 bytes,   14534616 total
[2026-01-26T07:10:38.052+0000][66][trace][gc,age      ] GC(473) - age  11:        368 bytes,   14534984 total
[2026-01-26T07:10:38.053+0000][66][trace][gc,age      ] GC(473) - age  12:         32 bytes,   14535016 total
[2026-01-26T07:10:38.053+0000][66][trace][gc,age      ] GC(473) - age  13:       3464 bytes,   14538480 total
[2026-01-26T07:10:38.054+0000][66][trace][gc,age      ] GC(473) - age  14:       1336 bytes,   14539816 total
[2026-01-26T07:10:38.054+0000][66][trace][gc,age      ] GC(473) - age  15:       1640 bytes,   14541456 total
[2026-01-26T07:10:38.054+0000][66][info ][gc,heap     ] GC(473) Eden regions: 146->0(149)
[2026-01-26T07:10:38.055+0000][66][info ][gc,heap     ] GC(473) Survivor regions: 7->4(20)
[2026-01-26T07:10:38.055+0000][66][info ][gc,heap     ] GC(473) Old regions: 43->43
[2026-01-26T07:10:38.055+0000][66][info ][gc,heap     ] GC(473) Humongous regions: 0->0
[2026-01-26T07:10:38.055+0000][66][info ][gc,metaspace] GC(473) Metaspace: 131050K(136896K)->131050K(136896K) NonClass: 113898K(117504K)->113898K(117504K) Class: 17151K(19392K)->17151K(19392K)
[2026-01-26T07:10:38.056+0000][66][info ][gc          ] GC(473) Pause Young (Normal) (G1 Evacuation Pause) 781M->185M(1024M) 17.486ms
[2026-01-26T07:10:38.056+0000][66][info ][gc,cpu      ] GC(473) User=0.03s Sys=0.01s Real=0.02s
[2026-01-26T07:10:38.057+0000][66][info ][safepoint   ] Safepoint "G1CollectForAllocation", Time since last: 6488797272 ns, Reaching safepoint: 31402 ns, Cleanup: 5701 ns, At safepoint: 18473864 ns, Total: 18510967 ns
[2026-01-26T07:10:40.805+0000][66][info ][safepoint   ] Safepoint "Cleanup", Time since last: 2748073775 ns, Reaching safepoint: 331322 ns, Cleanup: 15602 ns, At safepoint: 80305 ns, Total: 427229 ns
[2026-01-26T07:10:43.869+0000][66][info ][gc,start    ] GC(474) Pause Young (Normal) (G1 Evacuation Pause)
[2026-01-26T07:10:43.869+0000][66][info ][gc,task     ] GC(474) Using 6 workers of 6 for evacuation
[2026-01-26T07:10:43.870+0000][66][debug][gc,age      ] GC(474) Desired survivor size 41943040 bytes, new threshold 15 (max threshold 15)
[2026-01-26T07:10:43.878+0000][66][info ][gc,phases   ] GC(474)   Pre Evacuate Collection Set: 0.4ms
[2026-01-26T07:10:43.878+0000][66][info ][gc,phases   ] GC(474)   Merge Heap Roots: 0.2ms
[2026-01-26T07:10:43.879+0000][66][info ][gc,phases   ] GC(474)   Evacuate Collection Set: 5.6ms
[2026-01-26T07:10:43.879+0000][66][info ][gc,phases   ] GC(474)   Post Evacuate Collection Set: 1.3ms
[2026-01-26T07:10:43.880+0000][66][info ][gc,phases   ] GC(474)   Other: 1.0ms
[2026-01-26T07:10:43.880+0000][66][trace][gc,age      ] GC(474) Age table with threshold 15 (max threshold 15)
[2026-01-26T07:10:43.880+0000][66][trace][gc,age      ] GC(474) - age   1:   16144208 bytes,   16144208 total
[2026-01-26T07:10:43.881+0000][66][trace][gc,age      ] GC(474) - age   2:     466616 bytes,   16610824 total
[2026-01-26T07:10:43.881+0000][66][trace][gc,age      ] GC(474) - age   3:      69160 bytes,   16679984 total
[2026-01-26T07:10:43.882+0000][66][trace][gc,age      ] GC(474) - age   4:       1952 bytes,   16681936 total
[2026-01-26T07:10:43.882+0000][66][trace][gc,age      ] GC(474) - age   5:     369176 bytes,   17051112 total
[2026-01-26T07:10:43.882+0000][66][trace][gc,age      ] GC(474) - age   6:        400 bytes,   17051512 total
[2026-01-26T07:10:43.883+0000][66][trace][gc,age      ] GC(474) - age   7:     274640 bytes,   17326152 total
[2026-01-26T07:10:43.883+0000][66][trace][gc,age      ] GC(474) - age   8:     107496 bytes,   17433648 total
[2026-01-26T07:10:43.884+0000][66][trace][gc,age      ] GC(474) - age   9:     150696 bytes,   17584344 total
[2026-01-26T07:10:43.884+0000][66][trace][gc,age      ] GC(474) - age  10:      22704 bytes,   17607048 total
[2026-01-26T07:10:43.884+0000][66][trace][gc,age      ] GC(474) - age  11:     144328 bytes,   17751376 total
[2026-01-26T07:10:43.885+0000][66][trace][gc,age      ] GC(474) - age  12:        368 bytes,   17751744 total
[2026-01-26T07:10:43.885+0000][66][trace][gc,age      ] GC(474) - age  13:         32 bytes,   17751776 total
[2026-01-26T07:10:43.885+0000][66][trace][gc,age      ] GC(474) - age  14:       2528 bytes,   17754304 total
[2026-01-26T07:10:43.886+0000][66][trace][gc,age      ] GC(474) - age  15:         64 bytes,   17754368 total
[2026-01-26T07:10:43.886+0000][66][info ][gc,heap     ] GC(474) Eden regions: 149->0(148)
[2026-01-26T07:10:43.886+0000][66][info ][gc,heap     ] GC(474) Survivor regions: 4->5(20)
[2026-01-26T07:10:43.887+0000][66][info ][gc,heap     ] GC(474) Old regions: 43->43
[2026-01-26T07:10:43.887+0000][66][info ][gc,heap     ] GC(474) Humongous regions: 0->0
[2026-01-26T07:10:43.887+0000][66][info ][gc,metaspace] GC(474) Metaspace: 131052K(136896K)->131052K(136896K) NonClass: 113901K(117504K)->113901K(117504K) Class: 17151K(19392K)->17151K(19392K)
[2026-01-26T07:10:43.888+0000][66][info ][gc          ] GC(474) Pause Young (Normal) (G1 Evacuation Pause) 781M->188M(1024M) 19.039ms
[2026-01-26T07:10:43.888+0000][66][info ][gc,cpu      ] GC(474) User=0.02s Sys=0.00s Real=0.02s
[2026-01-26T07:10:43.889+0000][66][info ][safepoint   ] Safepoint "G1CollectForAllocation", Time since last: 3063368453 ns, Reaching safepoint: 20301 ns, Cleanup: 5101 ns, At safepoint: 19949365 ns, Total: 19974767 ns
[2026-01-26T07:10:47.949+0000][66][info ][safepoint   ] Safepoint "Cleanup", Time since last: 4060361347 ns, Reaching safepoint: 118808 ns, Cleanup: 11201 ns, At safepoint: 36102 ns, Total: 166111 ns
[2026-01-26T07:10:48.478+0000][66][info ][gc,start    ] GC(475) Pause Young (Normal) (G1 Evacuation Pause)
[2026-01-26T07:10:48.479+0000][66][info ][gc,task     ] GC(475) Using 6 workers of 6 for evacuation
[2026-01-26T07:10:48.479+0000][66][debug][gc,age      ] GC(475) Desired survivor size 41943040 bytes, new threshold 15 (max threshold 15)
[2026-01-26T07:10:48.487+0000][66][info ][gc,phases   ] GC(475)   Pre Evacuate Collection Set: 0.4ms
[2026-01-26T07:10:48.488+0000][66][info ][gc,phases   ] GC(475)   Merge Heap Roots: 0.1ms
[2026-01-26T07:10:48.488+0000][66][info ][gc,phases   ] GC(475)   Evacuate Collection Set: 6.2ms
[2026-01-26T07:10:48.489+0000][66][info ][gc,phases   ] GC(475)   Post Evacuate Collection Set: 1.3ms
[2026-01-26T07:10:48.489+0000][66][info ][gc,phases   ] GC(475)   Other: 0.7ms
[2026-01-26T07:10:48.489+0000][66][trace][gc,age      ] GC(475) Age table with threshold 15 (max threshold 15)
[2026-01-26T07:10:48.489+0000][66][trace][gc,age      ] GC(475) - age   1:    7775288 bytes,    7775288 total
[2026-01-26T07:10:48.490+0000][66][trace][gc,age      ] GC(475) - age   2:    1896744 bytes,    9672032 total
[2026-01-26T07:10:48.490+0000][66][trace][gc,age      ] GC(475) - age   3:     465912 bytes,   10137944 total
[2026-01-26T07:10:48.490+0000][66][trace][gc,age      ] GC(475) - age   4:      69160 bytes,   10207104 total
[2026-01-26T07:10:48.491+0000][66][trace][gc,age      ] GC(475) - age   5:       1720 bytes,   10208824 total
[2026-01-26T07:10:48.491+0000][66][trace][gc,age      ] GC(475) - age   6:     368928 bytes,   10577752 total
[2026-01-26T07:10:48.491+0000][66][trace][gc,age      ] GC(475) - age   7:        400 bytes,   10578152 total
[2026-01-26T07:10:48.491+0000][66][trace][gc,age      ] GC(475) - age   8:     274640 bytes,   10852792 total
[2026-01-26T07:10:48.492+0000][66][trace][gc,age      ] GC(475) - age   9:     107496 bytes,   10960288 total
[2026-01-26T07:10:48.492+0000][66][trace][gc,age      ] GC(475) - age  10:     150696 bytes,   11110984 total
[2026-01-26T07:10:48.492+0000][66][trace][gc,age      ] GC(475) - age  11:      22704 bytes,   11133688 total
[2026-01-26T07:10:48.492+0000][66][trace][gc,age      ] GC(475) - age  12:     144328 bytes,   11278016 total
[2026-01-26T07:10:48.493+0000][66][trace][gc,age      ] GC(475) - age  13:        368 bytes,   11278384 total
[2026-01-26T07:10:48.493+0000][66][trace][gc,age      ] GC(475) - age  14:         32 bytes,   11278416 total
[2026-01-26T07:10:48.493+0000][66][trace][gc,age      ] GC(475) - age  15:       2528 bytes,   11280944 total
[2026-01-26T07:10:48.493+0000][66][info ][gc,heap     ] GC(475) Eden regions: 148->0(149)
[2026-01-26T07:10:48.494+0000][66][info ][gc,heap     ] GC(475) Survivor regions: 5->4(20)
[2026-01-26T07:10:48.494+0000][66][info ][gc,heap     ] GC(475) Old regions: 43->43
[2026-01-26T07:10:48.494+0000][66][info ][gc,heap     ] GC(475) Humongous regions: 0->0
[2026-01-26T07:10:48.494+0000][66][info ][gc,metaspace] GC(475) Metaspace: 131052K(136896K)->131052K(136896K) NonClass: 113901K(117504K)->113901K(117504K) Class: 17151K(19392K)->17151K(19392K)
[2026-01-26T07:10:48.495+0000][66][info ][gc          ] GC(475) Pause Young (Normal) (G1 Evacuation Pause) 780M->182M(1024M) 16.326ms
[2026-01-26T07:10:48.495+0000][66][info ][gc,cpu      ] GC(475) User=0.02s Sys=0.01s Real=0.02s
[2026-01-26T07:10:48.495+0000][66][info ][safepoint   ] Safepoint "G1CollectForAllocation", Time since last: 529015887 ns, Reaching safepoint: 191614 ns, Cleanup: 6200 ns, At safepoint: 17034488 ns, Total: 17232302 ns
[2026-01-26T07:10:49.496+0000][66][info ][safepoint   ] Safepoint "Cleanup", Time since last: 1000444859 ns, Reaching safepoint: 17501 ns, Cleanup: 11201 ns, At safepoint: 3800 ns, Total: 32502 ns
[2026-01-26T07:10:50.581+0000][66][info ][safepoint   ] Safepoint "Cleanup", Time since last: 1084738237 ns, Reaching safepoint: 116708 ns, Cleanup: 11500 ns, At safepoint: 65105 ns, Total: 193313 ns
[2026-01-26T07:10:51.585+0000][66][info ][safepoint   ] Safepoint "Cleanup", Time since last: 1004091613 ns, Reaching safepoint: 7901 ns, Cleanup: 8500 ns, At safepoint: 8901 ns, Total: 25302 ns
[2026-01-26T07:10:53.509+0000][66][info ][gc,start    ] GC(476) Pause Young (Normal) (G1 Evacuation Pause)
[2026-01-26T07:10:53.509+0000][66][info ][gc,task     ] GC(476) Using 6 workers of 6 for evacuation
[2026-01-26T07:10:53.510+0000][66][debug][gc,age      ] GC(476) Desired survivor size 41943040 bytes, new threshold 15 (max threshold 15)
[2026-01-26T07:10:53.519+0000][66][info ][gc,phases   ] GC(476)   Pre Evacuate Collection Set: 0.4ms
[2026-01-26T07:10:53.520+0000][66][info ][gc,phases   ] GC(476)   Merge Heap Roots: 0.2ms
[2026-01-26T07:10:53.520+0000][66][info ][gc,phases   ] GC(476)   Evacuate Collection Set: 7.1ms
[2026-01-26T07:10:53.520+0000][66][info ][gc,phases   ] GC(476)   Post Evacuate Collection Set: 1.3ms
[2026-01-26T07:10:53.521+0000][66][info ][gc,phases   ] GC(476)   Other: 0.8ms
[2026-01-26T07:10:53.521+0000][66][trace][gc,age      ] GC(476) Age table with threshold 15 (max threshold 15)
[2026-01-26T07:10:53.523+0000][66][trace][gc,age      ] GC(476) - age   1:   15989568 bytes,   15989568 total
[2026-01-26T07:10:53.523+0000][66][trace][gc,age      ] GC(476) - age   2:    4055272 bytes,   20044840 total
[2026-01-26T07:10:53.524+0000][66][trace][gc,age      ] GC(476) - age   3:     674728 bytes,   20719568 total
[2026-01-26T07:10:53.524+0000][66][trace][gc,age      ] GC(476) - age   4:      77520 bytes,   20797088 total
[2026-01-26T07:10:53.525+0000][66][trace][gc,age      ] GC(476) - age   5:      69160 bytes,   20866248 total
[2026-01-26T07:10:53.525+0000][66][trace][gc,age      ] GC(476) - age   6:       1104 bytes,   20867352 total
[2026-01-26T07:10:53.526+0000][66][trace][gc,age      ] GC(476) - age   7:     113232 bytes,   20980584 total
[2026-01-26T07:10:53.526+0000][66][trace][gc,age      ] GC(476) - age   8:        400 bytes,   20980984 total
[2026-01-26T07:10:53.527+0000][66][trace][gc,age      ] GC(476) - age   9:     274640 bytes,   21255624 total
[2026-01-26T07:10:53.527+0000][66][trace][gc,age      ] GC(476) - age  10:     107496 bytes,   21363120 total
[2026-01-26T07:10:53.528+0000][66][trace][gc,age      ] GC(476) - age  11:     150424 bytes,   21513544 total
[2026-01-26T07:10:53.528+0000][66][trace][gc,age      ] GC(476) - age  13:     102136 bytes,   21615680 total
[2026-01-26T07:10:53.529+0000][66][trace][gc,age      ] GC(476) - age  14:        368 bytes,   21616048 total
[2026-01-26T07:10:53.529+0000][66][trace][gc,age      ] GC(476) - age  15:         32 bytes,   21616080 total
[2026-01-26T07:10:53.530+0000][66][info ][gc,heap     ] GC(476) Eden regions: 149->0(147)
[2026-01-26T07:10:53.531+0000][66][info ][gc,heap     ] GC(476) Survivor regions: 4->6(20)
[2026-01-26T07:10:53.531+0000][66][info ][gc,heap     ] GC(476) Old regions: 43->43
[2026-01-26T07:10:53.531+0000][66][info ][gc,heap     ] GC(476) Humongous regions: 0->0
[2026-01-26T07:10:53.532+0000][66][info ][gc,metaspace] GC(476) Metaspace: 131061K(136896K)->131061K(136896K) NonClass: 113910K(117504K)->113910K(117504K) Class: 17151K(19392K)->17151K(19392K)
[2026-01-26T07:10:53.532+0000][66][info ][gc          ] GC(476) Pause Young (Normal) (G1 Evacuation Pause) 778M->193M(1024M) 23.219ms
[2026-01-26T07:10:53.533+0000][66][info ][gc,cpu      ] GC(476) User=0.04s Sys=0.00s Real=0.02s
[2026-01-26T07:10:53.533+0000][66][info ][safepoint   ] Safepoint "G1CollectForAllocation", Time since last: 1924112162 ns, Reaching safepoint: 19701 ns, Cleanup: 5001 ns, At safepoint: 24382599 ns, Total: 24407301 ns
[2026-01-26T07:10:56.429+0000][66][info ][gc,start    ] GC(477) Pause Young (Normal) (G1 Evacuation Pause)
[2026-01-26T07:10:56.429+0000][66][info ][gc,task     ] GC(477) Using 6 workers of 6 for evacuation
[2026-01-26T07:10:56.430+0000][66][debug][gc,age      ] GC(477) Desired survivor size 41943040 bytes, new threshold 15 (max threshold 15)
[2026-01-26T07:10:56.441+0000][66][info ][gc,phases   ] GC(477)   Pre Evacuate Collection Set: 0.4ms
[2026-01-26T07:10:56.441+0000][66][info ][gc,phases   ] GC(477)   Merge Heap Roots: 0.3ms
[2026-01-26T07:10:56.441+0000][66][info ][gc,phases   ] GC(477)   Evacuate Collection Set: 8.3ms
[2026-01-26T07:10:56.442+0000][66][info ][gc,phases   ] GC(477)   Post Evacuate Collection Set: 1.1ms
[2026-01-26T07:10:56.442+0000][66][info ][gc,phases   ] GC(477)   Other: 1.0ms
[2026-01-26T07:10:56.443+0000][66][trace][gc,age      ] GC(477) Age table with threshold 15 (max threshold 15)
[2026-01-26T07:10:56.443+0000][66][trace][gc,age      ] GC(477) - age   1:   11339600 bytes,   11339600 total
[2026-01-26T07:10:56.443+0000][66][trace][gc,age      ] GC(477) - age   2:   11857984 bytes,   23197584 total
[2026-01-26T07:10:56.444+0000][66][trace][gc,age      ] GC(477) - age   3:    3991816 bytes,   27189400 total
[2026-01-26T07:10:56.444+0000][66][trace][gc,age      ] GC(477) - age   4:     468576 bytes,   27657976 total
[2026-01-26T07:10:56.444+0000][66][trace][gc,age      ] GC(477) - age   5:      77520 bytes,   27735496 total
[2026-01-26T07:10:56.445+0000][66][trace][gc,age      ] GC(477) - age   6:      69160 bytes,   27804656 total
[2026-01-26T07:10:56.445+0000][66][trace][gc,age      ] GC(477) - age   7:       1104 bytes,   27805760 total
[2026-01-26T07:10:56.446+0000][66][trace][gc,age      ] GC(477) - age   8:     113232 bytes,   27918992 total
[2026-01-26T07:10:56.446+0000][66][trace][gc,age      ] GC(477) - age   9:        400 bytes,   27919392 total
[2026-01-26T07:10:56.446+0000][66][trace][gc,age      ] GC(477) - age  10:     274640 bytes,   28194032 total
[2026-01-26T07:10:56.447+0000][66][trace][gc,age      ] GC(477) - age  11:     107496 bytes,   28301528 total
[2026-01-26T07:10:56.447+0000][66][trace][gc,age      ] GC(477) - age  12:     150424 bytes,   28451952 total
[2026-01-26T07:10:56.447+0000][66][trace][gc,age      ] GC(477) - age  14:     102136 bytes,   28554088 total
[2026-01-26T07:10:56.447+0000][66][trace][gc,age      ] GC(477) - age  15:        368 bytes,   28554456 total
[2026-01-26T07:10:56.448+0000][66][info ][gc,heap     ] GC(477) Eden regions: 147->0(145)
[2026-01-26T07:10:56.448+0000][66][info ][gc,heap     ] GC(477) Survivor regions: 6->8(20)
[2026-01-26T07:10:56.448+0000][66][info ][gc,heap     ] GC(477) Old regions: 43->43
[2026-01-26T07:10:56.449+0000][66][info ][gc,heap     ] GC(477) Humongous regions: 0->0
[2026-01-26T07:10:56.449+0000][66][info ][gc,metaspace] GC(477) Metaspace: 131061K(136896K)->131061K(136896K) NonClass: 113910K(117504K)->113910K(117504K) Class: 17151K(19392K)->17151K(19392K)
[2026-01-26T07:10:56.449+0000][66][info ][gc          ] GC(477) Pause Young (Normal) (G1 Evacuation Pause) 781M->199M(1024M) 20.188ms
[2026-01-26T07:10:56.449+0000][66][info ][gc,cpu      ] GC(477) User=0.04s Sys=0.01s Real=0.02s
[2026-01-26T07:10:56.450+0000][66][info ][safepoint   ] Safepoint "G1CollectForAllocation", Time since last: 2895317014 ns, Reaching safepoint: 185012 ns, Cleanup: 5801 ns, At safepoint: 20910557 ns, Total: 21101370 ns
[2026-01-26T07:10:58.431+0000][66][info ][gc,start    ] GC(478) Pause Young (Normal) (G1 Evacuation Pause)
[2026-01-26T07:10:58.432+0000][66][info ][gc,task     ] GC(478) Using 6 workers of 6 for evacuation
[2026-01-26T07:10:58.432+0000][66][debug][gc,age      ] GC(478) Desired survivor size 41943040 bytes, new threshold 15 (max threshold 15)
[2026-01-26T07:10:58.444+0000][66][info ][gc,phases   ] GC(478)   Pre Evacuate Collection Set: 0.6ms
[2026-01-26T07:10:58.445+0000][66][info ][gc,phases   ] GC(478)   Merge Heap Roots: 0.3ms
[2026-01-26T07:10:58.445+0000][66][info ][gc,phases   ] GC(478)   Evacuate Collection Set: 8.8ms
[2026-01-26T07:10:58.445+0000][66][info ][gc,phases   ] GC(478)   Post Evacuate Collection Set: 1.3ms
[2026-01-26T07:10:58.446+0000][66][info ][gc,phases   ] GC(478)   Other: 1.2ms
[2026-01-26T07:10:58.446+0000][66][trace][gc,age      ] GC(478) Age table with threshold 15 (max threshold 15)
[2026-01-26T07:10:58.447+0000][66][trace][gc,age      ] GC(478) - age   1:   10747752 bytes,   10747752 total
[2026-01-26T07:10:58.447+0000][66][trace][gc,age      ] GC(478) - age   2:    5298720 bytes,   16046472 total
[2026-01-26T07:10:58.448+0000][66][trace][gc,age      ] GC(478) - age   3:   11280480 bytes,   27326952 total
[2026-01-26T07:10:58.448+0000][66][trace][gc,age      ] GC(478) - age   4:    3765720 bytes,   31092672 total
[2026-01-26T07:10:58.449+0000][66][trace][gc,age      ] GC(478) - age   5:     468576 bytes,   31561248 total
[2026-01-26T07:10:58.449+0000][66][trace][gc,age      ] GC(478) - age   6:      77520 bytes,   31638768 total
[2026-01-26T07:10:58.450+0000][66][trace][gc,age      ] GC(478) - age   7:      68984 bytes,   31707752 total
[2026-01-26T07:10:58.450+0000][66][trace][gc,age      ] GC(478) - age   8:       1104 bytes,   31708856 total
[2026-01-26T07:10:58.450+0000][66][trace][gc,age      ] GC(478) - age   9:     113232 bytes,   31822088 total
[2026-01-26T07:10:58.451+0000][66][trace][gc,age      ] GC(478) - age  10:        368 bytes,   31822456 total
[2026-01-26T07:10:58.451+0000][66][trace][gc,age      ] GC(478) - age  11:     274640 bytes,   32097096 total
[2026-01-26T07:10:58.452+0000][66][trace][gc,age      ] GC(478) - age  12:     107496 bytes,   32204592 total
[2026-01-26T07:10:58.452+0000][66][trace][gc,age      ] GC(478) - age  13:     150424 bytes,   32355016 total
[2026-01-26T07:10:58.453+0000][66][trace][gc,age      ] GC(478) - age  15:     102136 bytes,   32457152 total
[2026-01-26T07:10:58.453+0000][66][info ][gc,heap     ] GC(478) Eden regions: 145->0(144)
[2026-01-26T07:10:58.454+0000][66][info ][gc,heap     ] GC(478) Survivor regions: 8->9(20)
[2026-01-26T07:10:58.454+0000][66][info ][gc,heap     ] GC(478) Old regions: 43->43
[2026-01-26T07:10:58.455+0000][66][info ][gc,heap     ] GC(478) Humongous regions: 0->0
[2026-01-26T07:10:58.455+0000][66][info ][gc,metaspace] GC(478) Metaspace: 131061K(136896K)->131061K(136896K) NonClass: 113910K(117504K)->113910K(117504K) Class: 17151K(19392K)->17151K(19392K)
[2026-01-26T07:10:58.455+0000][66][info ][gc          ] GC(478) Pause Young (Normal) (G1 Evacuation Pause) 779M->203M(1024M) 23.996ms
[2026-01-26T07:10:58.456+0000][66][info ][gc,cpu      ] GC(478) User=0.03s Sys=0.01s Real=0.02s
[2026-01-26T07:10:58.456+0000][66][info ][safepoint   ] Safepoint "G1CollectForAllocation", Time since last: 1981468215 ns, Reaching safepoint: 72305 ns, Cleanup: 5901 ns, At safepoint: 24936638 ns, Total: 25014844 ns
[2026-01-26T07:11:01.260+0000][66][info ][gc,start    ] GC(479) Pause Young (Normal) (G1 Evacuation Pause)
[2026-01-26T07:11:01.260+0000][66][info ][gc,task     ] GC(479) Using 6 workers of 6 for evacuation
[2026-01-26T07:11:01.260+0000][66][debug][gc,age      ] GC(479) Desired survivor size 41943040 bytes, new threshold 15 (max threshold 15)
[2026-01-26T07:11:01.274+0000][66][info ][gc,phases   ] GC(479)   Pre Evacuate Collection Set: 0.6ms
[2026-01-26T07:11:01.275+0000][66][info ][gc,phases   ] GC(479)   Merge Heap Roots: 0.2ms
[2026-01-26T07:11:01.275+0000][66][info ][gc,phases   ] GC(479)   Evacuate Collection Set: 11.0ms
[2026-01-26T07:11:01.276+0000][66][info ][gc,phases   ] GC(479)   Post Evacuate Collection Set: 1.6ms
[2026-01-26T07:11:01.276+0000][66][info ][gc,phases   ] GC(479)   Other: 0.9ms
[2026-01-26T07:11:01.277+0000][66][trace][gc,age      ] GC(479) Age table with threshold 15 (max threshold 15)
[2026-01-26T07:11:01.277+0000][66][trace][gc,age      ] GC(479) - age   1:    8425504 bytes,    8425504 total
[2026-01-26T07:11:01.277+0000][66][trace][gc,age      ] GC(479) - age   2:    8525872 bytes,   16951376 total
[2026-01-26T07:11:01.278+0000][66][trace][gc,age      ] GC(479) - age   3:    4557528 bytes,   21508904 total
[2026-01-26T07:11:01.278+0000][66][trace][gc,age      ] GC(479) - age   4:    9888656 bytes,   31397560 total
[2026-01-26T07:11:01.278+0000][66][trace][gc,age      ] GC(479) - age   5:    3244896 bytes,   34642456 total
[2026-01-26T07:11:01.279+0000][66][trace][gc,age      ] GC(479) - age   6:     468248 bytes,   35110704 total
[2026-01-26T07:11:01.279+0000][66][trace][gc,age      ] GC(479) - age   7:      77520 bytes,   35188224 total
[2026-01-26T07:11:01.279+0000][66][trace][gc,age      ] GC(479) - age   8:      68184 bytes,   35256408 total
[2026-01-26T07:11:01.280+0000][66][trace][gc,age      ] GC(479) - age   9:       1104 bytes,   35257512 total
[2026-01-26T07:11:01.280+0000][66][trace][gc,age      ] GC(479) - age  10:     113232 bytes,   35370744 total
[2026-01-26T07:11:01.280+0000][66][trace][gc,age      ] GC(479) - age  11:        336 bytes,   35371080 total
[2026-01-26T07:11:01.281+0000][66][trace][gc,age      ] GC(479) - age  12:     274640 bytes,   35645720 total
[2026-01-26T07:11:01.281+0000][66][trace][gc,age      ] GC(479) - age  13:     107496 bytes,   35753216 total
[2026-01-26T07:11:01.281+0000][66][trace][gc,age      ] GC(479) - age  14:     150424 bytes,   35903640 total
[2026-01-26T07:11:01.281+0000][66][info ][gc,heap     ] GC(479) Eden regions: 144->0(143)
[2026-01-26T07:11:01.282+0000][66][info ][gc,heap     ] GC(479) Survivor regions: 9->10(20)
[2026-01-26T07:11:01.282+0000][66][info ][gc,heap     ] GC(479) Old regions: 43->43
[2026-01-26T07:11:01.282+0000][66][info ][gc,heap     ] GC(479) Humongous regions: 0->0
[2026-01-26T07:11:01.283+0000][66][info ][gc,metaspace] GC(479) Metaspace: 131073K(136896K)->131073K(136896K) NonClass: 113922K(117504K)->113922K(117504K) Class: 17151K(19392K)->17151K(19392K)
[2026-01-26T07:11:01.283+0000][66][info ][gc          ] GC(479) Pause Young (Normal) (G1 Evacuation Pause) 779M->207M(1024M) 23.444ms
[2026-01-26T07:11:01.284+0000][66][info ][gc,cpu      ] GC(479) User=0.05s Sys=0.01s Real=0.02s
[2026-01-26T07:11:01.284+0000][66][info ][safepoint   ] Safepoint "G1CollectForAllocation", Time since last: 2803114386 ns, Reaching safepoint: 192714 ns, Cleanup: 7400 ns, At safepoint: 24488707 ns, Total: 24688821 ns
[2026-01-26T07:11:04.254+0000][66][info ][gc,start    ] GC(480) Pause Young (Normal) (G1 Evacuation Pause)
[2026-01-26T07:11:04.254+0000][66][info ][gc,task     ] GC(480) Using 6 workers of 6 for evacuation
[2026-01-26T07:11:04.255+0000][66][debug][gc,age      ] GC(480) Desired survivor size 41943040 bytes, new threshold 15 (max threshold 15)
[2026-01-26T07:11:04.265+0000][66][info ][gc,phases   ] GC(480)   Pre Evacuate Collection Set: 0.5ms
[2026-01-26T07:11:04.265+0000][66][info ][gc,phases   ] GC(480)   Merge Heap Roots: 0.2ms
[2026-01-26T07:11:04.266+0000][66][info ][gc,phases   ] GC(480)   Evacuate Collection Set: 7.4ms
[2026-01-26T07:11:04.266+0000][66][info ][gc,phases   ] GC(480)   Post Evacuate Collection Set: 1.3ms
[2026-01-26T07:11:04.266+0000][66][info ][gc,phases   ] GC(480)   Other: 1.0ms
[2026-01-26T07:11:04.267+0000][66][trace][gc,age      ] GC(480) Age table with threshold 15 (max threshold 15)
[2026-01-26T07:11:04.267+0000][66][trace][gc,age      ] GC(480) - age   1:   11293928 bytes,   11293928 total
[2026-01-26T07:11:04.268+0000][66][trace][gc,age      ] GC(480) - age   2:    4942896 bytes,   16236824 total
[2026-01-26T07:11:04.268+0000][66][trace][gc,age      ] GC(480) - age   3:      84056 bytes,   16320880 total
[2026-01-26T07:11:04.268+0000][66][trace][gc,age      ] GC(480) - age   4:     304224 bytes,   16625104 total
[2026-01-26T07:11:04.269+0000][66][trace][gc,age      ] GC(480) - age   5:     751208 bytes,   17376312 total
[2026-01-26T07:11:04.269+0000][66][trace][gc,age      ] GC(480) - age   6:     238392 bytes,   17614704 total
[2026-01-26T07:11:04.270+0000][66][trace][gc,age      ] GC(480) - age   7:     465232 bytes,   18079936 total
[2026-01-26T07:11:04.270+0000][66][trace][gc,age      ] GC(480) - age   8:      74200 bytes,   18154136 total
[2026-01-26T07:11:04.270+0000][66][trace][gc,age      ] GC(480) - age   9:      68000 bytes,   18222136 total
[2026-01-26T07:11:04.271+0000][66][trace][gc,age      ] GC(480) - age  10:       1104 bytes,   18223240 total
[2026-01-26T07:11:04.271+0000][66][trace][gc,age      ] GC(480) - age  11:     113168 bytes,   18336408 total
[2026-01-26T07:11:04.272+0000][66][trace][gc,age      ] GC(480) - age  12:        336 bytes,   18336744 total
[2026-01-26T07:11:04.272+0000][66][trace][gc,age      ] GC(480) - age  13:     274640 bytes,   18611384 total
[2026-01-26T07:11:04.272+0000][66][trace][gc,age      ] GC(480) - age  14:     107496 bytes,   18718880 total
[2026-01-26T07:11:04.273+0000][66][trace][gc,age      ] GC(480) - age  15:     150424 bytes,   18869304 total
[2026-01-26T07:11:04.273+0000][66][info ][gc,heap     ] GC(480) Eden regions: 143->0(147)
[2026-01-26T07:11:04.274+0000][66][info ][gc,heap     ] GC(480) Survivor regions: 10->6(20)
[2026-01-26T07:11:04.274+0000][66][info ][gc,heap     ] GC(480) Old regions: 43->43
[2026-01-26T07:11:04.274+0000][66][info ][gc,heap     ] GC(480) Humongous regions: 0->0
[2026-01-26T07:11:04.275+0000][66][info ][gc,metaspace] GC(480) Metaspace: 131073K(136896K)->131073K(136896K) NonClass: 113922K(117504K)->113922K(117504K) Class: 17151K(19392K)->17151K(19392K)
[2026-01-26T07:11:04.275+0000][66][info ][gc          ] GC(480) Pause Young (Normal) (G1 Evacuation Pause) 779M->192M(1024M) 21.485ms
[2026-01-26T07:11:04.276+0000][66][info ][gc,cpu      ] GC(480) User=0.04s Sys=0.00s Real=0.02s
[2026-01-26T07:11:04.276+0000][66][info ][safepoint   ] Safepoint "G1CollectForAllocation", Time since last: 2971259174 ns, Reaching safepoint: 147110 ns, Cleanup: 6901 ns, At safepoint: 22602428 ns, Total: 22756439 ns
[2026-01-26T07:11:07.871+0000][66][info ][gc,start    ] GC(481) Pause Young (Normal) (G1 Evacuation Pause)
[2026-01-26T07:11:07.873+0000][66][info ][gc,task     ] GC(481) Using 6 workers of 6 for evacuation
[2026-01-26T07:11:07.873+0000][66][debug][gc,age      ] GC(481) Desired survivor size 41943040 bytes, new threshold 15 (max threshold 15)
[2026-01-26T07:11:07.890+0000][66][info ][gc,phases   ] GC(481)   Pre Evacuate Collection Set: 1.1ms
[2026-01-26T07:11:07.891+0000][66][info ][gc,phases   ] GC(481)   Merge Heap Roots: 0.3ms
[2026-01-26T07:11:07.891+0000][66][info ][gc,phases   ] GC(481)   Evacuate Collection Set: 11.7ms
[2026-01-26T07:11:07.891+0000][66][info ][gc,phases   ] GC(481)   Post Evacuate Collection Set: 2.7ms
[2026-01-26T07:11:07.892+0000][66][info ][gc,phases   ] GC(481)   Other: 1.2ms
[2026-01-26T07:11:07.893+0000][66][trace][gc,age      ] GC(481) Age table with threshold 15 (max threshold 15)
[2026-01-26T07:11:07.893+0000][66][trace][gc,age      ] GC(481) - age   1:   12503288 bytes,   12503288 total
[2026-01-26T07:11:07.893+0000][66][trace][gc,age      ] GC(481) - age   2:    6702936 bytes,   19206224 total
[2026-01-26T07:11:07.894+0000][66][trace][gc,age      ] GC(481) - age   3:    4936368 bytes,   24142592 total
[2026-01-26T07:11:07.894+0000][66][trace][gc,age      ] GC(481) - age   4:      78160 bytes,   24220752 total
[2026-01-26T07:11:07.895+0000][66][trace][gc,age      ] GC(481) - age   5:     199800 bytes,   24420552 total
[2026-01-26T07:11:07.895+0000][66][trace][gc,age      ] GC(481) - age   6:     751208 bytes,   25171760 total
[2026-01-26T07:11:07.896+0000][66][trace][gc,age      ] GC(481) - age   7:     238392 bytes,   25410152 total
[2026-01-26T07:11:07.896+0000][66][trace][gc,age      ] GC(481) - age   8:     465152 bytes,   25875304 total
[2026-01-26T07:11:07.896+0000][66][trace][gc,age      ] GC(481) - age   9:      74200 bytes,   25949504 total
[2026-01-26T07:11:07.897+0000][66][trace][gc,age      ] GC(481) - age  10:      68000 bytes,   26017504 total
[2026-01-26T07:11:07.897+0000][66][trace][gc,age      ] GC(481) - age  11:       1104 bytes,   26018608 total
[2026-01-26T07:11:07.898+0000][66][trace][gc,age      ] GC(481) - age  12:     113168 bytes,   26131776 total
[2026-01-26T07:11:07.898+0000][66][trace][gc,age      ] GC(481) - age  13:        336 bytes,   26132112 total
[2026-01-26T07:11:07.898+0000][66][trace][gc,age      ] GC(481) - age  14:     274640 bytes,   26406752 total
[2026-01-26T07:11:07.899+0000][66][trace][gc,age      ] GC(481) - age  15:     107496 bytes,   26514248 total
[2026-01-26T07:11:07.899+0000][66][info ][gc,heap     ] GC(481) Eden regions: 147->0(146)
[2026-01-26T07:11:07.900+0000][66][info ][gc,heap     ] GC(481) Survivor regions: 6->7(20)
[2026-01-26T07:11:07.900+0000][66][info ][gc,heap     ] GC(481) Old regions: 43->43
[2026-01-26T07:11:07.900+0000][66][info ][gc,heap     ] GC(481) Humongous regions: 0->0
[2026-01-26T07:11:07.901+0000][66][info ][gc,metaspace] GC(481) Metaspace: 131073K(136896K)->131073K(136896K) NonClass: 113922K(117504K)->113922K(117504K) Class: 17151K(19392K)->17151K(19392K)
[2026-01-26T07:11:07.901+0000][66][info ][gc          ] GC(481) Pause Young (Normal) (G1 Evacuation Pause) 780M->198M(1024M) 29.739ms
[2026-01-26T07:11:07.901+0000][66][info ][gc,cpu      ] GC(481) User=0.05s Sys=0.01s Real=0.03s
[2026-01-26T07:11:07.902+0000][66][info ][safepoint   ] Safepoint "G1CollectForAllocation", Time since last: 3594855305 ns, Reaching safepoint: 22401 ns, Cleanup: 5700 ns, At safepoint: 30956494 ns, Total: 30984595 ns
[2026-01-26T07:11:08.903+0000][66][info ][safepoint   ] Safepoint "Cleanup", Time since last: 1000881185 ns, Reaching safepoint: 182113 ns, Cleanup: 13400 ns, At safepoint: 64505 ns, Total: 260018 ns
[2026-01-26T07:11:12.758+0000][66][info ][gc,start    ] GC(482) Pause Young (Normal) (G1 Evacuation Pause)
[2026-01-26T07:11:12.759+0000][66][info ][gc,task     ] GC(482) Using 6 workers of 6 for evacuation
[2026-01-26T07:11:12.759+0000][66][debug][gc,age      ] GC(482) Desired survivor size 41943040 bytes, new threshold 15 (max threshold 15)
[2026-01-26T07:11:12.774+0000][66][info ][gc,phases   ] GC(482)   Pre Evacuate Collection Set: 0.6ms
[2026-01-26T07:11:12.774+0000][66][info ][gc,phases   ] GC(482)   Merge Heap Roots: 0.2ms
[2026-01-26T07:11:12.775+0000][66][info ][gc,phases   ] GC(482)   Evacuate Collection Set: 11.4ms
[2026-01-26T07:11:12.775+0000][66][info ][gc,phases   ] GC(482)   Post Evacuate Collection Set: 1.6ms
[2026-01-26T07:11:12.775+0000][66][info ][gc,phases   ] GC(482)   Other: 1.1ms
[2026-01-26T07:11:12.776+0000][66][trace][gc,age      ] GC(482) Age table with threshold 15 (max threshold 15)
[2026-01-26T07:11:12.776+0000][66][trace][gc,age      ] GC(482) - age   1:   15782656 bytes,   15782656 total
[2026-01-26T07:11:12.776+0000][66][trace][gc,age      ] GC(482) - age   2:    6346184 bytes,   22128840 total
[2026-01-26T07:11:12.777+0000][66][trace][gc,age      ] GC(482) - age   3:    5758448 bytes,   27887288 total
[2026-01-26T07:11:12.777+0000][66][trace][gc,age      ] GC(482) - age   4:    4278152 bytes,   32165440 total
[2026-01-26T07:11:12.777+0000][66][trace][gc,age      ] GC(482) - age   5:        208 bytes,   32165648 total
[2026-01-26T07:11:12.778+0000][66][trace][gc,age      ] GC(482) - age   6:     109144 bytes,   32274792 total
[2026-01-26T07:11:12.778+0000][66][trace][gc,age      ] GC(482) - age   7:     750240 bytes,   33025032 total
[2026-01-26T07:11:12.778+0000][66][trace][gc,age      ] GC(482) - age   8:     238080 bytes,   33263112 total
[2026-01-26T07:11:12.778+0000][66][trace][gc,age      ] GC(482) - age   9:     461072 bytes,   33724184 total
[2026-01-26T07:11:12.779+0000][66][trace][gc,age      ] GC(482) - age  10:      73864 bytes,   33798048 total
[2026-01-26T07:11:12.779+0000][66][trace][gc,age      ] GC(482) - age  11:      68000 bytes,   33866048 total
[2026-01-26T07:11:12.779+0000][66][trace][gc,age      ] GC(482) - age  12:       1104 bytes,   33867152 total
[2026-01-26T07:11:12.780+0000][66][trace][gc,age      ] GC(482) - age  13:     112792 bytes,   33979944 total
[2026-01-26T07:11:12.780+0000][66][trace][gc,age      ] GC(482) - age  14:        336 bytes,   33980280 total
[2026-01-26T07:11:12.780+0000][66][trace][gc,age      ] GC(482) - age  15:     274640 bytes,   34254920 total
[2026-01-26T07:11:12.780+0000][66][info ][gc,heap     ] GC(482) Eden regions: 146->0(144)
[2026-01-26T07:11:12.781+0000][66][info ][gc,heap     ] GC(482) Survivor regions: 7->9(20)
[2026-01-26T07:11:12.781+0000][66][info ][gc,heap     ] GC(482) Old regions: 43->43
[2026-01-26T07:11:12.781+0000][66][info ][gc,heap     ] GC(482) Humongous regions: 0->0
[2026-01-26T07:11:12.782+0000][66][info ][gc,metaspace] GC(482) Metaspace: 131073K(136896K)->131073K(136896K) NonClass: 113922K(117504K)->113922K(117504K) Class: 17151K(19392K)->17151K(19392K)
[2026-01-26T07:11:12.782+0000][66][info ][gc          ] GC(482) Pause Young (Normal) (G1 Evacuation Pause) 782M->206M(1024M) 23.531ms
[2026-01-26T07:11:12.782+0000][66][info ][gc,cpu      ] GC(482) User=0.06s Sys=0.00s Real=0.02s
[2026-01-26T07:11:12.783+0000][66][info ][safepoint   ] Safepoint "G1CollectForAllocation", Time since last: 3854932230 ns, Reaching safepoint: 201714 ns, Cleanup: 15701 ns, At safepoint: 24340801 ns, Total: 24558216 ns
[2026-01-26T07:11:17.864+0000][66][info ][gc,start    ] GC(483) Pause Young (Normal) (G1 Evacuation Pause)
[2026-01-26T07:11:17.865+0000][66][info ][gc,task     ] GC(483) Using 6 workers of 6 for evacuation
[2026-01-26T07:11:17.865+0000][66][debug][gc,age      ] GC(483) Desired survivor size 41943040 bytes, new threshold 15 (max threshold 15)
[2026-01-26T07:11:17.874+0000][66][info ][gc,phases   ] GC(483)   Pre Evacuate Collection Set: 0.3ms
[2026-01-26T07:11:17.874+0000][66][info ][gc,phases   ] GC(483)   Merge Heap Roots: 0.2ms
[2026-01-26T07:11:17.875+0000][66][info ][gc,phases   ] GC(483)   Evacuate Collection Set: 7.1ms
[2026-01-26T07:11:17.875+0000][66][info ][gc,phases   ] GC(483)   Post Evacuate Collection Set: 1.3ms
[2026-01-26T07:11:17.876+0000][66][info ][gc,phases   ] GC(483)   Other: 0.5ms
[2026-01-26T07:11:17.876+0000][66][trace][gc,age      ] GC(483) Age table with threshold 15 (max threshold 15)
[2026-01-26T07:11:17.877+0000][66][trace][gc,age      ] GC(483) - age   1:   13042312 bytes,   13042312 total
[2026-01-26T07:11:17.877+0000][66][trace][gc,age      ] GC(483) - age   2:    2562928 bytes,   15605240 total
[2026-01-26T07:11:17.878+0000][66][trace][gc,age      ] GC(483) - age   3:        792 bytes,   15606032 total
[2026-01-26T07:11:17.878+0000][66][trace][gc,age      ] GC(483) - age   4:     136232 bytes,   15742264 total
[2026-01-26T07:11:17.879+0000][66][trace][gc,age      ] GC(483) - age   5:       1840 bytes,   15744104 total
[2026-01-26T07:11:17.879+0000][66][trace][gc,age      ] GC(483) - age   6:        208 bytes,   15744312 total
[2026-01-26T07:11:17.880+0000][66][trace][gc,age      ] GC(483) - age   7:     109056 bytes,   15853368 total
[2026-01-26T07:11:17.880+0000][66][trace][gc,age      ] GC(483) - age   8:     747600 bytes,   16600968 total
[2026-01-26T07:11:17.880+0000][66][trace][gc,age      ] GC(483) - age   9:     238032 bytes,   16839000 total
[2026-01-26T07:11:17.881+0000][66][trace][gc,age      ] GC(483) - age  10:     460424 bytes,   17299424 total
[2026-01-26T07:11:17.881+0000][66][trace][gc,age      ] GC(483) - age  11:      72920 bytes,   17372344 total
[2026-01-26T07:11:17.882+0000][66][trace][gc,age      ] GC(483) - age  12:      68000 bytes,   17440344 total
[2026-01-26T07:11:17.882+0000][66][trace][gc,age      ] GC(483) - age  13:       1104 bytes,   17441448 total
[2026-01-26T07:11:17.882+0000][66][trace][gc,age      ] GC(483) - age  14:     112792 bytes,   17554240 total
[2026-01-26T07:11:17.883+0000][66][trace][gc,age      ] GC(483) - age  15:        336 bytes,   17554576 total
[2026-01-26T07:11:17.883+0000][66][info ][gc,heap     ] GC(483) Eden regions: 144->0(148)
[2026-01-26T07:11:17.883+0000][66][info ][gc,heap     ] GC(483) Survivor regions: 9->5(20)
[2026-01-26T07:11:17.884+0000][66][info ][gc,heap     ] GC(483) Old regions: 43->43
[2026-01-26T07:11:17.884+0000][66][info ][gc,heap     ] GC(483) Humongous regions: 0->0
[2026-01-26T07:11:17.884+0000][66][info ][gc,metaspace] GC(483) Metaspace: 131075K(136896K)->131075K(136896K) NonClass: 113924K(117504K)->113924K(117504K) Class: 17151K(19392K)->17151K(19392K)
[2026-01-26T07:11:17.884+0000][66][info ][gc          ] GC(483) Pause Young (Normal) (G1 Evacuation Pause) 782M->190M(1024M) 19.995ms
[2026-01-26T07:11:17.885+0000][66][info ][gc,cpu      ] GC(483) User=0.03s Sys=0.00s Real=0.02s
[2026-01-26T07:11:17.885+0000][66][info ][safepoint   ] Safepoint "G1CollectForAllocation", Time since last: 5081654051 ns, Reaching safepoint: 17601 ns, Cleanup: 12801 ns, At safepoint: 20651945 ns, Total: 20682347 ns
[2026-01-26T07:11:23.801+0000][66][info ][gc,start    ] GC(484) Pause Young (Normal) (G1 Evacuation Pause)
[2026-01-26T07:11:23.801+0000][66][info ][gc,task     ] GC(484) Using 6 workers of 6 for evacuation
[2026-01-26T07:11:23.802+0000][66][debug][gc,age      ] GC(484) Desired survivor size 41943040 bytes, new threshold 15 (max threshold 15)
[2026-01-26T07:11:23.812+0000][66][info ][gc,phases   ] GC(484)   Pre Evacuate Collection Set: 0.4ms
[2026-01-26T07:11:23.812+0000][66][info ][gc,phases   ] GC(484)   Merge Heap Roots: 0.1ms
[2026-01-26T07:11:23.812+0000][66][info ][gc,phases   ] GC(484)   Evacuate Collection Set: 8.1ms
[2026-01-26T07:11:23.813+0000][66][info ][gc,phases   ] GC(484)   Post Evacuate Collection Set: 1.1ms
[2026-01-26T07:11:23.813+0000][66][info ][gc,phases   ] GC(484)   Other: 0.8ms
[2026-01-26T07:11:23.814+0000][66][trace][gc,age      ] GC(484) Age table with threshold 15 (max threshold 15)
[2026-01-26T07:11:23.814+0000][66][trace][gc,age      ] GC(484) - age   1:   17705192 bytes,   17705192 total
[2026-01-26T07:11:23.814+0000][66][trace][gc,age      ] GC(484) - age   2:    8101792 bytes,   25806984 total
[2026-01-26T07:11:23.815+0000][66][trace][gc,age      ] GC(484) - age   3:    2557504 bytes,   28364488 total
[2026-01-26T07:11:23.815+0000][66][trace][gc,age      ] GC(484) - age   5:     136232 bytes,   28500720 total
[2026-01-26T07:11:23.815+0000][66][trace][gc,age      ] GC(484) - age   6:       1840 bytes,   28502560 total
[2026-01-26T07:11:23.815+0000][66][trace][gc,age      ] GC(484) - age   7:        208 bytes,   28502768 total
[2026-01-26T07:11:23.816+0000][66][trace][gc,age      ] GC(484) - age   8:        160 bytes,   28502928 total
[2026-01-26T07:11:23.816+0000][66][trace][gc,age      ] GC(484) - age   9:     189296 bytes,   28692224 total
[2026-01-26T07:11:23.816+0000][66][trace][gc,age      ] GC(484) - age  10:       6480 bytes,   28698704 total
[2026-01-26T07:11:23.817+0000][66][trace][gc,age      ] GC(484) - age  11:     243312 bytes,   28942016 total
[2026-01-26T07:11:23.817+0000][66][trace][gc,age      ] GC(484) - age  12:      72184 bytes,   29014200 total
[2026-01-26T07:11:23.817+0000][66][trace][gc,age      ] GC(484) - age  13:      67440 bytes,   29081640 total
[2026-01-26T07:11:23.817+0000][66][trace][gc,age      ] GC(484) - age  14:        920 bytes,   29082560 total
[2026-01-26T07:11:23.818+0000][66][trace][gc,age      ] GC(484) - age  15:     112488 bytes,   29195048 total
[2026-01-26T07:11:23.818+0000][66][info ][gc,heap     ] GC(484) Eden regions: 148->0(145)
[2026-01-26T07:11:23.818+0000][66][info ][gc,heap     ] GC(484) Survivor regions: 5->8(20)
[2026-01-26T07:11:23.818+0000][66][info ][gc,heap     ] GC(484) Old regions: 43->43
[2026-01-26T07:11:23.819+0000][66][info ][gc,heap     ] GC(484) Humongous regions: 0->0
[2026-01-26T07:11:23.819+0000][66][info ][gc,metaspace] GC(484) Metaspace: 131075K(136896K)->131075K(136896K) NonClass: 113924K(117504K)->113924K(117504K) Class: 17151K(19392K)->17151K(19392K)
[2026-01-26T07:11:23.819+0000][66][info ][gc          ] GC(484) Pause Young (Normal) (G1 Evacuation Pause) 782M->201M(1024M) 18.087ms
[2026-01-26T07:11:23.819+0000][66][info ][gc,cpu      ] GC(484) User=0.04s Sys=0.00s Real=0.02s
[2026-01-26T07:11:23.819+0000][66][info ][safepoint   ] Safepoint "G1CollectForAllocation", Time since last: 5915788011 ns, Reaching safepoint: 15501 ns, Cleanup: 11001 ns, At safepoint: 18526197 ns, Total: 18552699 ns
[2026-01-26T07:11:28.491+0000][66][info ][gc,start    ] GC(485) Pause Young (Normal) (G1 Evacuation Pause)
[2026-01-26T07:11:28.492+0000][66][info ][gc,task     ] GC(485) Using 6 workers of 6 for evacuation
[2026-01-26T07:11:28.492+0000][66][debug][gc,age      ] GC(485) Desired survivor size 41943040 bytes, new threshold 15 (max threshold 15)
[2026-01-26T07:11:28.499+0000][66][info ][gc,phases   ] GC(485)   Pre Evacuate Collection Set: 0.4ms
[2026-01-26T07:11:28.499+0000][66][info ][gc,phases   ] GC(485)   Merge Heap Roots: 0.2ms
[2026-01-26T07:11:28.500+0000][66][info ][gc,phases   ] GC(485)   Evacuate Collection Set: 4.6ms
[2026-01-26T07:11:28.500+0000][66][info ][gc,phases   ] GC(485)   Post Evacuate Collection Set: 1.0ms
[2026-01-26T07:11:28.500+0000][66][info ][gc,phases   ] GC(485)   Other: 0.8ms
[2026-01-26T07:11:28.501+0000][66][trace][gc,age      ] GC(485) Age table with threshold 15 (max threshold 15)
[2026-01-26T07:11:28.501+0000][66][trace][gc,age      ] GC(485) - age   1:   11085072 bytes,   11085072 total
[2026-01-26T07:11:28.502+0000][66][trace][gc,age      ] GC(485) - age   2:       3416 bytes,   11088488 total
[2026-01-26T07:11:28.502+0000][66][trace][gc,age      ] GC(485) - age   3:      85656 bytes,   11174144 total
[2026-01-26T07:11:28.502+0000][66][trace][gc,age      ] GC(485) - age   4:     261632 bytes,   11435776 total
[2026-01-26T07:11:28.503+0000][66][trace][gc,age      ] GC(485) - age   6:     133264 bytes,   11569040 total
[2026-01-26T07:11:28.503+0000][66][trace][gc,age      ] GC(485) - age   7:       1816 bytes,   11570856 total
[2026-01-26T07:11:28.503+0000][66][trace][gc,age      ] GC(485) - age   8:         32 bytes,   11570888 total
[2026-01-26T07:11:28.504+0000][66][trace][gc,age      ] GC(485) - age   9:         96 bytes,   11570984 total
[2026-01-26T07:11:28.504+0000][66][trace][gc,age      ] GC(485) - age  10:     189296 bytes,   11760280 total
[2026-01-26T07:11:28.504+0000][66][trace][gc,age      ] GC(485) - age  11:       6480 bytes,   11766760 total
[2026-01-26T07:11:28.505+0000][66][trace][gc,age      ] GC(485) - age  12:     152440 bytes,   11919200 total
[2026-01-26T07:11:28.505+0000][66][trace][gc,age      ] GC(485) - age  13:       5648 bytes,   11924848 total
[2026-01-26T07:11:28.505+0000][66][trace][gc,age      ] GC(485) - age  14:        872 bytes,   11925720 total
[2026-01-26T07:11:28.505+0000][66][trace][gc,age      ] GC(485) - age  15:        672 bytes,   11926392 total
[2026-01-26T07:11:28.506+0000][66][info ][gc,heap     ] GC(485) Eden regions: 145->0(149)
[2026-01-26T07:11:28.506+0000][66][info ][gc,heap     ] GC(485) Survivor regions: 8->4(20)
[2026-01-26T07:11:28.506+0000][66][info ][gc,heap     ] GC(485) Old regions: 43->43
[2026-01-26T07:11:28.507+0000][66][info ][gc,heap     ] GC(485) Humongous regions: 0->0
[2026-01-26T07:11:28.507+0000][66][info ][gc,metaspace] GC(485) Metaspace: 131075K(136896K)->131075K(136896K) NonClass: 113924K(117504K)->113924K(117504K) Class: 17151K(19392K)->17151K(19392K)
[2026-01-26T07:11:28.507+0000][66][info ][gc          ] GC(485) Pause Young (Normal) (G1 Evacuation Pause) 781M->184M(1024M) 15.971ms
[2026-01-26T07:11:28.507+0000][66][info ][gc,cpu      ] GC(485) User=0.02s Sys=0.01s Real=0.02s
[2026-01-26T07:11:28.508+0000][66][info ][safepoint   ] Safepoint "G1CollectForAllocation", Time since last: 4671847892 ns, Reaching safepoint: 15601 ns, Cleanup: 4100 ns, At safepoint: 16620139 ns, Total: 16639840 ns
[2026-01-26T07:11:35.075+0000][66][info ][gc,start    ] GC(486) Pause Young (Normal) (G1 Evacuation Pause)
[2026-01-26T07:11:35.076+0000][66][info ][gc,task     ] GC(486) Using 6 workers of 6 for evacuation
[2026-01-26T07:11:35.076+0000][66][debug][gc,age      ] GC(486) Desired survivor size 41943040 bytes, new threshold 15 (max threshold 15)
[2026-01-26T07:11:35.087+0000][66][info ][gc,phases   ] GC(486)   Pre Evacuate Collection Set: 0.3ms
[2026-01-26T07:11:35.088+0000][66][info ][gc,phases   ] GC(486)   Merge Heap Roots: 0.2ms
[2026-01-26T07:11:35.088+0000][66][info ][gc,phases   ] GC(486)   Evacuate Collection Set: 8.8ms
[2026-01-26T07:11:35.089+0000][66][info ][gc,phases   ] GC(486)   Post Evacuate Collection Set: 1.1ms
[2026-01-26T07:11:35.089+0000][66][info ][gc,phases   ] GC(486)   Other: 0.9ms
[2026-01-26T07:11:35.089+0000][66][trace][gc,age      ] GC(486) Age table with threshold 15 (max threshold 15)
[2026-01-26T07:11:35.090+0000][66][trace][gc,age      ] GC(486) - age   1:   21643328 bytes,   21643328 total
[2026-01-26T07:11:35.090+0000][66][trace][gc,age      ] GC(486) - age   2:    6910560 bytes,   28553888 total
[2026-01-26T07:11:35.090+0000][66][trace][gc,age      ] GC(486) - age   3:       2616 bytes,   28556504 total
[2026-01-26T07:11:35.091+0000][66][trace][gc,age      ] GC(486) - age   4:      85656 bytes,   28642160 total
[2026-01-26T07:11:35.091+0000][66][trace][gc,age      ] GC(486) - age   5:     261136 bytes,   28903296 total
[2026-01-26T07:11:35.091+0000][66][trace][gc,age      ] GC(486) - age   7:     132160 bytes,   29035456 total
[2026-01-26T07:11:35.092+0000][66][trace][gc,age      ] GC(486) - age   8:       1264 bytes,   29036720 total
[2026-01-26T07:11:35.092+0000][66][trace][gc,age      ] GC(486) - age   9:         32 bytes,   29036752 total
[2026-01-26T07:11:35.092+0000][66][trace][gc,age      ] GC(486) - age  10:         96 bytes,   29036848 total
[2026-01-26T07:11:35.093+0000][66][trace][gc,age      ] GC(486) - age  11:     189296 bytes,   29226144 total
[2026-01-26T07:11:35.093+0000][66][trace][gc,age      ] GC(486) - age  12:       6480 bytes,   29232624 total
[2026-01-26T07:11:35.093+0000][66][trace][gc,age      ] GC(486) - age  13:     152440 bytes,   29385064 total
[2026-01-26T07:11:35.094+0000][66][trace][gc,age      ] GC(486) - age  14:       5648 bytes,   29390712 total
[2026-01-26T07:11:35.094+0000][66][trace][gc,age      ] GC(486) - age  15:        872 bytes,   29391584 total
[2026-01-26T07:11:35.094+0000][66][info ][gc,heap     ] GC(486) Eden regions: 149->0(145)
[2026-01-26T07:11:35.094+0000][66][info ][gc,heap     ] GC(486) Survivor regions: 4->8(20)
[2026-01-26T07:11:35.094+0000][66][info ][gc,heap     ] GC(486) Old regions: 43->43
[2026-01-26T07:11:35.095+0000][66][info ][gc,heap     ] GC(486) Humongous regions: 0->0
[2026-01-26T07:11:35.095+0000][66][info ][gc,metaspace] GC(486) Metaspace: 131075K(136896K)->131075K(136896K) NonClass: 113924K(117504K)->113924K(117504K) Class: 17151K(19392K)->17151K(19392K)
[2026-01-26T07:11:35.095+0000][66][info ][gc          ] GC(486) Pause Young (Normal) (G1 Evacuation Pause) 780M->201M(1024M) 19.822ms
[2026-01-26T07:11:35.096+0000][66][info ][gc,cpu      ] GC(486) User=0.05s Sys=0.01s Real=0.02s
[2026-01-26T07:11:35.096+0000][66][info ][safepoint   ] Safepoint "G1CollectForAllocation", Time since last: 6569768767 ns, Reaching safepoint: 42602 ns, Cleanup: 4401 ns, At safepoint: 20456474 ns, Total: 20503477 ns
[2026-01-26T07:11:39.196+0000][66][info ][gc,start    ] GC(487) Pause Young (Normal) (G1 Evacuation Pause)
[2026-01-26T07:11:39.196+0000][66][info ][gc,task     ] GC(487) Using 6 workers of 6 for evacuation
[2026-01-26T07:11:39.197+0000][66][debug][gc,age      ] GC(487) Desired survivor size 41943040 bytes, new threshold 15 (max threshold 15)
[2026-01-26T07:11:39.208+0000][66][info ][gc,phases   ] GC(487)   Pre Evacuate Collection Set: 0.3ms
[2026-01-26T07:11:39.208+0000][66][info ][gc,phases   ] GC(487)   Merge Heap Roots: 0.1ms
[2026-01-26T07:11:39.209+0000][66][info ][gc,phases   ] GC(487)   Evacuate Collection Set: 9.5ms
[2026-01-26T07:11:39.209+0000][66][info ][gc,phases   ] GC(487)   Post Evacuate Collection Set: 1.0ms
[2026-01-26T07:11:39.210+0000][66][info ][gc,phases   ] GC(487)   Other: 0.9ms
[2026-01-26T07:11:39.210+0000][66][trace][gc,age      ] GC(487) Age table with threshold 15 (max threshold 15)
[2026-01-26T07:11:39.211+0000][66][trace][gc,age      ] GC(487) - age   1:   15481824 bytes,   15481824 total
[2026-01-26T07:11:39.211+0000][66][trace][gc,age      ] GC(487) - age   2:   13462192 bytes,   28944016 total
[2026-01-26T07:11:39.211+0000][66][trace][gc,age      ] GC(487) - age   3:    6253496 bytes,   35197512 total
[2026-01-26T07:11:39.212+0000][66][trace][gc,age      ] GC(487) - age   4:       2552 bytes,   35200064 total
[2026-01-26T07:11:39.212+0000][66][trace][gc,age      ] GC(487) - age   5:      84960 bytes,   35285024 total
[2026-01-26T07:11:39.212+0000][66][trace][gc,age      ] GC(487) - age   6:     260560 bytes,   35545584 total
[2026-01-26T07:11:39.213+0000][66][trace][gc,age      ] GC(487) - age   8:     132096 bytes,   35677680 total
[2026-01-26T07:11:39.213+0000][66][trace][gc,age      ] GC(487) - age   9:       1264 bytes,   35678944 total
[2026-01-26T07:11:39.213+0000][66][trace][gc,age      ] GC(487) - age  10:         32 bytes,   35678976 total
[2026-01-26T07:11:39.214+0000][66][trace][gc,age      ] GC(487) - age  11:         96 bytes,   35679072 total
[2026-01-26T07:11:39.214+0000][66][trace][gc,age      ] GC(487) - age  12:     188784 bytes,   35867856 total
[2026-01-26T07:11:39.214+0000][66][trace][gc,age      ] GC(487) - age  13:       6480 bytes,   35874336 total
[2026-01-26T07:11:39.215+0000][66][trace][gc,age      ] GC(487) - age  14:     152384 bytes,   36026720 total
[2026-01-26T07:11:39.215+0000][66][trace][gc,age      ] GC(487) - age  15:       5616 bytes,   36032336 total
[2026-01-26T07:11:39.215+0000][66][info ][gc,heap     ] GC(487) Eden regions: 145->0(143)
[2026-01-26T07:11:39.216+0000][66][info ][gc,heap     ] GC(487) Survivor regions: 8->10(20)
[2026-01-26T07:11:39.216+0000][66][info ][gc,heap     ] GC(487) Old regions: 43->43
[2026-01-26T07:11:39.217+0000][66][info ][gc,heap     ] GC(487) Humongous regions: 0->0
[2026-01-26T07:11:39.217+0000][66][info ][gc,metaspace] GC(487) Metaspace: 131079K(136896K)->131079K(136896K) NonClass: 113928K(117504K)->113928K(117504K) Class: 17151K(19392K)->17151K(19392K)
[2026-01-26T07:11:39.217+0000][66][info ][gc          ] GC(487) Pause Young (Normal) (G1 Evacuation Pause) 781M->209M(1024M) 21.516ms
[2026-01-26T07:11:39.218+0000][66][info ][gc,cpu      ] GC(487) User=0.05s Sys=0.01s Real=0.02s
[2026-01-26T07:11:39.218+0000][66][info ][safepoint   ] Safepoint "G1CollectForAllocation", Time since last: 4099806381 ns, Reaching safepoint: 16801 ns, Cleanup: 4700 ns, At safepoint: 22365603 ns, Total: 22387104 ns
[2026-01-26T07:11:41.443+0000][66][info ][safepoint   ] Safepoint "Cleanup", Time since last: 2224573577 ns, Reaching safepoint: 9001 ns, Cleanup: 8700 ns, At safepoint: 3901 ns, Total: 21602 ns
[2026-01-26T07:11:44.757+0000][66][info ][gc,start    ] GC(488) Pause Young (Normal) (G1 Evacuation Pause)
[2026-01-26T07:11:44.758+0000][66][info ][gc,task     ] GC(488) Using 6 workers of 6 for evacuation
[2026-01-26T07:11:44.758+0000][66][debug][gc,age      ] GC(488) Desired survivor size 41943040 bytes, new threshold 15 (max threshold 15)
[2026-01-26T07:11:44.766+0000][66][info ][gc,phases   ] GC(488)   Pre Evacuate Collection Set: 0.5ms
[2026-01-26T07:11:44.766+0000][66][info ][gc,phases   ] GC(488)   Merge Heap Roots: 0.2ms
[2026-01-26T07:11:44.766+0000][66][info ][gc,phases   ] GC(488)   Evacuate Collection Set: 5.1ms
[2026-01-26T07:11:44.767+0000][66][info ][gc,phases   ] GC(488)   Post Evacuate Collection Set: 1.4ms
[2026-01-26T07:11:44.767+0000][66][info ][gc,phases   ] GC(488)   Other: 0.9ms
[2026-01-26T07:11:44.767+0000][66][trace][gc,age      ] GC(488) Age table with threshold 15 (max threshold 15)
[2026-01-26T07:11:44.768+0000][66][trace][gc,age      ] GC(488) - age   1:    8506736 bytes,    8506736 total
[2026-01-26T07:11:44.768+0000][66][trace][gc,age      ] GC(488) - age   2:       3392 bytes,    8510128 total
[2026-01-26T07:11:44.769+0000][66][trace][gc,age      ] GC(488) - age   3:       1744 bytes,    8511872 total
[2026-01-26T07:11:44.769+0000][66][trace][gc,age      ] GC(488) - age   4:     254592 bytes,    8766464 total
[2026-01-26T07:11:44.770+0000][66][trace][gc,age      ] GC(488) - age   5:       1992 bytes,    8768456 total
[2026-01-26T07:11:44.770+0000][66][trace][gc,age      ] GC(488) - age   6:      81936 bytes,    8850392 total
[2026-01-26T07:11:44.770+0000][66][trace][gc,age      ] GC(488) - age   7:     256224 bytes,    9106616 total
[2026-01-26T07:11:44.771+0000][66][trace][gc,age      ] GC(488) - age   9:     132008 bytes,    9238624 total
[2026-01-26T07:11:44.771+0000][66][trace][gc,age      ] GC(488) - age  10:       1264 bytes,    9239888 total
[2026-01-26T07:11:44.772+0000][66][trace][gc,age      ] GC(488) - age  11:         32 bytes,    9239920 total
[2026-01-26T07:11:44.773+0000][66][trace][gc,age      ] GC(488) - age  12:         96 bytes,    9240016 total
[2026-01-26T07:11:44.774+0000][66][trace][gc,age      ] GC(488) - age  13:     188784 bytes,    9428800 total
[2026-01-26T07:11:44.774+0000][66][trace][gc,age      ] GC(488) - age  14:       6480 bytes,    9435280 total
[2026-01-26T07:11:44.775+0000][66][trace][gc,age      ] GC(488) - age  15:      70504 bytes,    9505784 total
[2026-01-26T07:11:44.775+0000][66][info ][gc,heap     ] GC(488) Eden regions: 143->0(150)
[2026-01-26T07:11:44.776+0000][66][info ][gc,heap     ] GC(488) Survivor regions: 10->3(20)
[2026-01-26T07:11:44.776+0000][66][info ][gc,heap     ] GC(488) Old regions: 43->43
[2026-01-26T07:11:44.777+0000][66][info ][gc,heap     ] GC(488) Humongous regions: 0->0
[2026-01-26T07:11:44.777+0000][66][info ][gc,metaspace] GC(488) Metaspace: 131079K(136896K)->131079K(136896K) NonClass: 113928K(117504K)->113928K(117504K) Class: 17151K(19392K)->17151K(19392K)
[2026-01-26T07:11:44.778+0000][66][info ][gc          ] GC(488) Pause Young (Normal) (G1 Evacuation Pause) 781M->181M(1024M) 20.504ms
[2026-01-26T07:11:44.778+0000][66][info ][gc,cpu      ] GC(488) User=0.02s Sys=0.00s Real=0.02s
[2026-01-26T07:11:44.778+0000][66][info ][safepoint   ] Safepoint "G1CollectForAllocation", Time since last: 3314356538 ns, Reaching safepoint: 19101 ns, Cleanup: 5001 ns, At safepoint: 21454899 ns, Total: 21479001 ns
[2026-01-26T07:11:50.591+0000][66][info ][gc,start    ] GC(489) Pause Young (Normal) (G1 Evacuation Pause)
[2026-01-26T07:11:50.592+0000][66][info ][gc,task     ] GC(489) Using 6 workers of 6 for evacuation
[2026-01-26T07:11:50.592+0000][66][debug][gc,age      ] GC(489) Desired survivor size 41943040 bytes, new threshold 15 (max threshold 15)
[2026-01-26T07:11:50.602+0000][66][info ][gc,phases   ] GC(489)   Pre Evacuate Collection Set: 0.4ms
[2026-01-26T07:11:50.602+0000][66][info ][gc,phases   ] GC(489)   Merge Heap Roots: 0.3ms
[2026-01-26T07:11:50.603+0000][66][info ][gc,phases   ] GC(489)   Evacuate Collection Set: 7.0ms
[2026-01-26T07:11:50.603+0000][66][info ][gc,phases   ] GC(489)   Post Evacuate Collection Set: 1.2ms
[2026-01-26T07:11:50.603+0000][66][info ][gc,phases   ] GC(489)   Other: 1.0ms
[2026-01-26T07:11:50.604+0000][66][trace][gc,age      ] GC(489) Age table with threshold 15 (max threshold 15)
[2026-01-26T07:11:50.604+0000][66][trace][gc,age      ] GC(489) - age   1:   19959528 bytes,   19959528 total
[2026-01-26T07:11:50.605+0000][66][trace][gc,age      ] GC(489) - age   2:    4770776 bytes,   24730304 total
[2026-01-26T07:11:50.605+0000][66][trace][gc,age      ] GC(489) - age   3:       3216 bytes,   24733520 total
[2026-01-26T07:11:50.606+0000][66][trace][gc,age      ] GC(489) - age   4:       1744 bytes,   24735264 total
[2026-01-26T07:11:50.606+0000][66][trace][gc,age      ] GC(489) - age   5:     254592 bytes,   24989856 total
[2026-01-26T07:11:50.606+0000][66][trace][gc,age      ] GC(489) - age   6:       1424 bytes,   24991280 total
[2026-01-26T07:11:50.607+0000][66][trace][gc,age      ] GC(489) - age   7:      81936 bytes,   25073216 total
[2026-01-26T07:11:50.607+0000][66][trace][gc,age      ] GC(489) - age   8:     256224 bytes,   25329440 total
[2026-01-26T07:11:50.607+0000][66][trace][gc,age      ] GC(489) - age  10:     132008 bytes,   25461448 total
[2026-01-26T07:11:50.608+0000][66][trace][gc,age      ] GC(489) - age  11:       1264 bytes,   25462712 total
[2026-01-26T07:11:50.608+0000][66][trace][gc,age      ] GC(489) - age  12:         32 bytes,   25462744 total
[2026-01-26T07:11:50.608+0000][66][trace][gc,age      ] GC(489) - age  13:         96 bytes,   25462840 total
[2026-01-26T07:11:50.609+0000][66][trace][gc,age      ] GC(489) - age  14:     188784 bytes,   25651624 total
[2026-01-26T07:11:50.609+0000][66][trace][gc,age      ] GC(489) - age  15:       6480 bytes,   25658104 total
[2026-01-26T07:11:50.609+0000][66][info ][gc,heap     ] GC(489) Eden regions: 150->0(146)
[2026-01-26T07:11:50.610+0000][66][info ][gc,heap     ] GC(489) Survivor regions: 3->7(20)
[2026-01-26T07:11:50.610+0000][66][info ][gc,heap     ] GC(489) Old regions: 43->43
[2026-01-26T07:11:50.610+0000][66][info ][gc,heap     ] GC(489) Humongous regions: 0->0
[2026-01-26T07:11:50.611+0000][66][info ][gc,metaspace] GC(489) Metaspace: 131079K(136896K)->131079K(136896K) NonClass: 113928K(117504K)->113928K(117504K) Class: 17151K(19392K)->17151K(19392K)
[2026-01-26T07:11:50.611+0000][66][info ][gc          ] GC(489) Pause Young (Normal) (G1 Evacuation Pause) 781M->198M(1024M) 19.727ms
[2026-01-26T07:11:50.611+0000][66][info ][gc,cpu      ] GC(489) User=0.04s Sys=0.00s Real=0.02s
[2026-01-26T07:11:50.612+0000][66][info ][safepoint   ] Safepoint "G1CollectForAllocation", Time since last: 5812779123 ns, Reaching safepoint: 17601 ns, Cleanup: 4601 ns, At safepoint: 20561047 ns, Total: 20583249 ns
[2026-01-26T07:11:54.911+0000][66][info ][gc,start    ] GC(490) Pause Young (Normal) (G1 Evacuation Pause)
[2026-01-26T07:11:54.911+0000][66][info ][gc,task     ] GC(490) Using 6 workers of 6 for evacuation
[2026-01-26T07:11:54.911+0000][66][debug][gc,age      ] GC(490) Desired survivor size 41943040 bytes, new threshold 15 (max threshold 15)
[2026-01-26T07:11:54.917+0000][66][info ][gc,phases   ] GC(490)   Pre Evacuate Collection Set: 0.3ms
[2026-01-26T07:11:54.918+0000][66][info ][gc,phases   ] GC(490)   Merge Heap Roots: 0.1ms
[2026-01-26T07:11:54.918+0000][66][info ][gc,phases   ] GC(490)   Evacuate Collection Set: 3.8ms
[2026-01-26T07:11:54.919+0000][66][info ][gc,phases   ] GC(490)   Post Evacuate Collection Set: 1.2ms
[2026-01-26T07:11:54.919+0000][66][info ][gc,phases   ] GC(490)   Other: 0.9ms
[2026-01-26T07:11:54.919+0000][66][trace][gc,age      ] GC(490) Age table with threshold 15 (max threshold 15)
[2026-01-26T07:11:54.920+0000][66][trace][gc,age      ] GC(490) - age   1:    9247400 bytes,    9247400 total
[2026-01-26T07:11:54.920+0000][66][trace][gc,age      ] GC(490) - age   2:       1368 bytes,    9248768 total
[2026-01-26T07:11:54.920+0000][66][trace][gc,age      ] GC(490) - age   3:     327656 bytes,    9576424 total
[2026-01-26T07:11:54.921+0000][66][trace][gc,age      ] GC(490) - age   4:       3152 bytes,    9579576 total
[2026-01-26T07:11:54.921+0000][66][trace][gc,age      ] GC(490) - age   5:       1744 bytes,    9581320 total
[2026-01-26T07:11:54.921+0000][66][trace][gc,age      ] GC(490) - age   6:     252432 bytes,    9833752 total
[2026-01-26T07:11:54.922+0000][66][trace][gc,age      ] GC(490) - age   7:       1424 bytes,    9835176 total
[2026-01-26T07:11:54.922+0000][66][trace][gc,age      ] GC(490) - age   8:      81936 bytes,    9917112 total
[2026-01-26T07:11:54.922+0000][66][trace][gc,age      ] GC(490) - age   9:     256224 bytes,   10173336 total
[2026-01-26T07:11:54.923+0000][66][trace][gc,age      ] GC(490) - age  11:     132008 bytes,   10305344 total
[2026-01-26T07:11:54.923+0000][66][trace][gc,age      ] GC(490) - age  12:       1264 bytes,   10306608 total
[2026-01-26T07:11:54.923+0000][66][trace][gc,age      ] GC(490) - age  13:         32 bytes,   10306640 total
[2026-01-26T07:11:54.923+0000][66][trace][gc,age      ] GC(490) - age  14:         96 bytes,   10306736 total
[2026-01-26T07:11:54.924+0000][66][trace][gc,age      ] GC(490) - age  15:     188536 bytes,   10495272 total
[2026-01-26T07:11:54.924+0000][66][info ][gc,heap     ] GC(490) Eden regions: 146->0(150)
[2026-01-26T07:11:54.924+0000][66][info ][gc,heap     ] GC(490) Survivor regions: 7->3(20)
[2026-01-26T07:11:54.924+0000][66][info ][gc,heap     ] GC(490) Old regions: 43->43
[2026-01-26T07:11:54.925+0000][66][info ][gc,heap     ] GC(490) Humongous regions: 0->0
[2026-01-26T07:11:54.925+0000][66][info ][gc,metaspace] GC(490) Metaspace: 131081K(136896K)->131081K(136896K) NonClass: 113929K(117504K)->113929K(117504K) Class: 17151K(19392K)->17151K(19392K)
[2026-01-26T07:11:54.925+0000][66][info ][gc          ] GC(490) Pause Young (Normal) (G1 Evacuation Pause) 782M->182M(1024M) 14.609ms
[2026-01-26T07:11:54.925+0000][66][info ][gc,cpu      ] GC(490) User=0.02s Sys=0.00s Real=0.02s
[2026-01-26T07:11:54.926+0000][66][info ][safepoint   ] Safepoint "G1CollectForAllocation", Time since last: 4298662301 ns, Reaching safepoint: 17101 ns, Cleanup: 4200 ns, At safepoint: 15209971 ns, Total: 15231272 ns
[2026-01-26T07:12:02.203+0000][66][info ][gc,start    ] GC(491) Pause Young (Normal) (G1 Evacuation Pause)
[2026-01-26T07:12:02.204+0000][66][info ][gc,task     ] GC(491) Using 6 workers of 6 for evacuation
[2026-01-26T07:12:02.204+0000][66][debug][gc,age      ] GC(491) Desired survivor size 41943040 bytes, new threshold 15 (max threshold 15)
[2026-01-26T07:12:02.214+0000][66][info ][gc,phases   ] GC(491)   Pre Evacuate Collection Set: 0.4ms
[2026-01-26T07:12:02.215+0000][66][info ][gc,phases   ] GC(491)   Merge Heap Roots: 0.1ms
[2026-01-26T07:12:02.215+0000][66][info ][gc,phases   ] GC(491)   Evacuate Collection Set: 7.7ms
[2026-01-26T07:12:02.216+0000][66][info ][gc,phases   ] GC(491)   Post Evacuate Collection Set: 1.2ms
[2026-01-26T07:12:02.216+0000][66][info ][gc,phases   ] GC(491)   Other: 0.9ms
[2026-01-26T07:12:02.216+0000][66][trace][gc,age      ] GC(491) Age table with threshold 15 (max threshold 15)
[2026-01-26T07:12:02.217+0000][66][trace][gc,age      ] GC(491) - age   1:   22573192 bytes,   22573192 total
[2026-01-26T07:12:02.217+0000][66][trace][gc,age      ] GC(491) - age   2:    4877936 bytes,   27451128 total
[2026-01-26T07:12:02.218+0000][66][trace][gc,age      ] GC(491) - age   3:       1128 bytes,   27452256 total
[2026-01-26T07:12:02.218+0000][66][trace][gc,age      ] GC(491) - age   4:     327560 bytes,   27779816 total
[2026-01-26T07:12:02.218+0000][66][trace][gc,age      ] GC(491) - age   5:       3152 bytes,   27782968 total
[2026-01-26T07:12:02.219+0000][66][trace][gc,age      ] GC(491) - age   6:        272 bytes,   27783240 total
[2026-01-26T07:12:02.219+0000][66][trace][gc,age      ] GC(491) - age   7:     252256 bytes,   28035496 total
[2026-01-26T07:12:02.219+0000][66][trace][gc,age      ] GC(491) - age   8:       1424 bytes,   28036920 total
[2026-01-26T07:12:02.220+0000][66][trace][gc,age      ] GC(491) - age   9:      81936 bytes,   28118856 total
[2026-01-26T07:12:02.220+0000][66][trace][gc,age      ] GC(491) - age  10:     256224 bytes,   28375080 total
[2026-01-26T07:12:02.221+0000][66][trace][gc,age      ] GC(491) - age  12:     132008 bytes,   28507088 total
[2026-01-26T07:12:02.221+0000][66][trace][gc,age      ] GC(491) - age  13:       1232 bytes,   28508320 total
[2026-01-26T07:12:02.221+0000][66][trace][gc,age      ] GC(491) - age  15:         96 bytes,   28508416 total
[2026-01-26T07:12:02.222+0000][66][info ][gc,heap     ] GC(491) Eden regions: 150->0(145)
[2026-01-26T07:12:02.222+0000][66][info ][gc,heap     ] GC(491) Survivor regions: 3->8(20)
[2026-01-26T07:12:02.222+0000][66][info ][gc,heap     ] GC(491) Old regions: 43->43
[2026-01-26T07:12:02.223+0000][66][info ][gc,heap     ] GC(491) Humongous regions: 0->0
[2026-01-26T07:12:02.223+0000][66][info ][gc,metaspace] GC(491) Metaspace: 131081K(136896K)->131081K(136896K) NonClass: 113929K(117504K)->113929K(117504K) Class: 17151K(19392K)->17151K(19392K)
[2026-01-26T07:12:02.223+0000][66][info ][gc          ] GC(491) Pause Young (Normal) (G1 Evacuation Pause) 782M->200M(1024M) 20.040ms
[2026-01-26T07:12:02.224+0000][66][info ][gc,cpu      ] GC(491) User=0.03s Sys=0.01s Real=0.02s
[2026-01-26T07:12:02.224+0000][66][info ][safepoint   ] Safepoint "G1CollectForAllocation", Time since last: 7279825452 ns, Reaching safepoint: 16801 ns, Cleanup: 5001 ns, At safepoint: 20806955 ns, Total: 20828757 ns
[2026-01-26T07:12:03.225+0000][66][info ][safepoint   ] Safepoint "Cleanup", Time since last: 1000504893 ns, Reaching safepoint: 46203 ns, Cleanup: 13701 ns, At safepoint: 7400 ns, Total: 67304 ns
[2026-01-26T07:12:05.404+0000][66][info ][safepoint   ] Safepoint "Cleanup", Time since last: 2179350961 ns, Reaching safepoint: 129409 ns, Cleanup: 10901 ns, At safepoint: 67405 ns, Total: 207715 ns
[2026-01-26T07:12:06.434+0000][66][info ][gc,start    ] GC(492) Pause Young (Normal) (G1 Evacuation Pause)
[2026-01-26T07:12:06.434+0000][66][info ][gc,task     ] GC(492) Using 6 workers of 6 for evacuation
[2026-01-26T07:12:06.435+0000][66][debug][gc,age      ] GC(492) Desired survivor size 41943040 bytes, new threshold 15 (max threshold 15)
[2026-01-26T07:12:06.447+0000][66][info ][gc,phases   ] GC(492)   Pre Evacuate Collection Set: 0.4ms
[2026-01-26T07:12:06.448+0000][66][info ][gc,phases   ] GC(492)   Merge Heap Roots: 0.2ms
[2026-01-26T07:12:06.448+0000][66][info ][gc,phases   ] GC(492)   Evacuate Collection Set: 10.4ms
[2026-01-26T07:12:06.449+0000][66][info ][gc,phases   ] GC(492)   Post Evacuate Collection Set: 1.3ms
[2026-01-26T07:12:06.449+0000][66][info ][gc,phases   ] GC(492)   Other: 0.9ms
[2026-01-26T07:12:06.449+0000][66][trace][gc,age      ] GC(492) Age table with threshold 15 (max threshold 15)
[2026-01-26T07:12:06.450+0000][66][trace][gc,age      ] GC(492) - age   1:   17868752 bytes,   17868752 total
[2026-01-26T07:12:06.450+0000][66][trace][gc,age      ] GC(492) - age   2:   12247056 bytes,   30115808 total
[2026-01-26T07:12:06.450+0000][66][trace][gc,age      ] GC(492) - age   3:    4332808 bytes,   34448616 total
[2026-01-26T07:12:06.451+0000][66][trace][gc,age      ] GC(492) - age   4:       1128 bytes,   34449744 total
[2026-01-26T07:12:06.451+0000][66][trace][gc,age      ] GC(492) - age   5:     326896 bytes,   34776640 total
[2026-01-26T07:12:06.451+0000][66][trace][gc,age      ] GC(492) - age   6:       2512 bytes,   34779152 total
[2026-01-26T07:12:06.452+0000][66][trace][gc,age      ] GC(492) - age   7:         88 bytes,   34779240 total
[2026-01-26T07:12:06.452+0000][66][trace][gc,age      ] GC(492) - age   8:     252008 bytes,   35031248 total
[2026-01-26T07:12:06.452+0000][66][trace][gc,age      ] GC(492) - age   9:       1424 bytes,   35032672 total
[2026-01-26T07:12:06.453+0000][66][trace][gc,age      ] GC(492) - age  10:      81336 bytes,   35114008 total
[2026-01-26T07:12:06.453+0000][66][trace][gc,age      ] GC(492) - age  11:      20584 bytes,   35134592 total
[2026-01-26T07:12:06.453+0000][66][trace][gc,age      ] GC(492) - age  13:     132008 bytes,   35266600 total
[2026-01-26T07:12:06.453+0000][66][trace][gc,age      ] GC(492) - age  14:       1232 bytes,   35267832 total
[2026-01-26T07:12:06.454+0000][66][info ][gc,heap     ] GC(492) Eden regions: 145->0(143)
[2026-01-26T07:12:06.454+0000][66][info ][gc,heap     ] GC(492) Survivor regions: 8->10(20)
[2026-01-26T07:12:06.454+0000][66][info ][gc,heap     ] GC(492) Old regions: 43->43
[2026-01-26T07:12:06.455+0000][66][info ][gc,heap     ] GC(492) Humongous regions: 0->0
[2026-01-26T07:12:06.455+0000][66][info ][gc,metaspace] GC(492) Metaspace: 131081K(136896K)->131081K(136896K) NonClass: 113929K(117504K)->113929K(117504K) Class: 17151K(19392K)->17151K(19392K)
[2026-01-26T07:12:06.455+0000][66][info ][gc          ] GC(492) Pause Young (Normal) (G1 Evacuation Pause) 780M->208M(1024M) 21.273ms
[2026-01-26T07:12:06.455+0000][66][info ][gc,cpu      ] GC(492) User=0.05s Sys=0.00s Real=0.02s
[2026-01-26T07:12:06.456+0000][66][info ][safepoint   ] Safepoint "G1CollectForAllocation", Time since last: 1029605097 ns, Reaching safepoint: 17301 ns, Cleanup: 14001 ns, At safepoint: 21925601 ns, Total: 21956903 ns
[2026-01-26T07:12:07.466+0000][66][info ][safepoint   ] Safepoint "Cleanup", Time since last: 1010662998 ns, Reaching safepoint: 8301 ns, Cleanup: 11201 ns, At safepoint: 35102 ns, Total: 54604 ns
[2026-01-26T07:12:09.317+0000][66][info ][safepoint   ] Safepoint "Cleanup", Time since last: 1849905959 ns, Reaching safepoint: 143010 ns, Cleanup: 19801 ns, At safepoint: 51704 ns, Total: 214515 ns
[2026-01-26T07:12:10.058+0000][66][info ][gc,start    ] GC(493) Pause Young (Normal) (G1 Evacuation Pause)
[2026-01-26T07:12:10.059+0000][66][info ][gc,task     ] GC(493) Using 6 workers of 6 for evacuation
[2026-01-26T07:12:10.059+0000][66][debug][gc,age      ] GC(493) Desired survivor size 41943040 bytes, new threshold 15 (max threshold 15)
[2026-01-26T07:12:10.067+0000][66][info ][gc,phases   ] GC(493)   Pre Evacuate Collection Set: 0.4ms
[2026-01-26T07:12:10.067+0000][66][info ][gc,phases   ] GC(493)   Merge Heap Roots: 0.2ms
[2026-01-26T07:12:10.068+0000][66][info ][gc,phases   ] GC(493)   Evacuate Collection Set: 5.1ms
[2026-01-26T07:12:10.068+0000][66][info ][gc,phases   ] GC(493)   Post Evacuate Collection Set: 1.3ms
[2026-01-26T07:12:10.068+0000][66][info ][gc,phases   ] GC(493)   Other: 0.9ms
[2026-01-26T07:12:10.069+0000][66][trace][gc,age      ] GC(493) Age table with threshold 15 (max threshold 15)
[2026-01-26T07:12:10.069+0000][66][trace][gc,age      ] GC(493) - age   1:   11624048 bytes,   11624048 total
[2026-01-26T07:12:10.069+0000][66][trace][gc,age      ] GC(493) - age   2:    3024800 bytes,   14648848 total
[2026-01-26T07:12:10.070+0000][66][trace][gc,age      ] GC(493) - age   3:       2640 bytes,   14651488 total
[2026-01-26T07:12:10.070+0000][66][trace][gc,age      ] GC(493) - age   4:      87400 bytes,   14738888 total
[2026-01-26T07:12:10.070+0000][66][trace][gc,age      ] GC(493) - age   5:       1128 bytes,   14740016 total
[2026-01-26T07:12:10.071+0000][66][trace][gc,age      ] GC(493) - age   6:     322152 bytes,   15062168 total
[2026-01-26T07:12:10.071+0000][66][trace][gc,age      ] GC(493) - age   7:       2512 bytes,   15064680 total
[2026-01-26T07:12:10.072+0000][66][trace][gc,age      ] GC(493) - age   8:         88 bytes,   15064768 total
[2026-01-26T07:12:10.072+0000][66][trace][gc,age      ] GC(493) - age   9:     252008 bytes,   15316776 total
[2026-01-26T07:12:10.072+0000][66][trace][gc,age      ] GC(493) - age  10:       1424 bytes,   15318200 total
[2026-01-26T07:12:10.073+0000][66][trace][gc,age      ] GC(493) - age  11:      81336 bytes,   15399536 total
[2026-01-26T07:12:10.073+0000][66][trace][gc,age      ] GC(493) - age  12:       1848 bytes,   15401384 total
[2026-01-26T07:12:10.073+0000][66][trace][gc,age      ] GC(493) - age  14:     132008 bytes,   15533392 total
[2026-01-26T07:12:10.074+0000][66][trace][gc,age      ] GC(493) - age  15:       1232 bytes,   15534624 total
[2026-01-26T07:12:10.074+0000][66][info ][gc,heap     ] GC(493) Eden regions: 143->0(148)
[2026-01-26T07:12:10.074+0000][66][info ][gc,heap     ] GC(493) Survivor regions: 10->5(20)
[2026-01-26T07:12:10.075+0000][66][info ][gc,heap     ] GC(493) Old regions: 43->43
[2026-01-26T07:12:10.075+0000][66][info ][gc,heap     ] GC(493) Humongous regions: 0->0
[2026-01-26T07:12:10.076+0000][66][info ][gc,metaspace] GC(493) Metaspace: 131084K(136896K)->131084K(136896K) NonClass: 113933K(117504K)->113933K(117504K) Class: 17151K(19392K)->17151K(19392K)
[2026-01-26T07:12:10.076+0000][66][info ][gc          ] GC(493) Pause Young (Normal) (G1 Evacuation Pause) 780M->188M(1024M) 17.837ms
[2026-01-26T07:12:10.076+0000][66][info ][gc,cpu      ] GC(493) User=0.03s Sys=0.00s Real=0.02s
[2026-01-26T07:12:10.077+0000][66][info ][safepoint   ] Safepoint "G1CollectForAllocation", Time since last: 741588175 ns, Reaching safepoint: 17201 ns, Cleanup: 4400 ns, At safepoint: 18776986 ns, Total: 18798587 ns
[2026-01-26T07:12:11.187+0000][66][info ][safepoint   ] Safepoint "Cleanup", Time since last: 1109847289 ns, Reaching safepoint: 108307 ns, Cleanup: 12601 ns, At safepoint: 29702 ns, Total: 150610 ns
[2026-01-26T07:12:17.428+0000][66][info ][gc,start    ] GC(494) Pause Young (Normal) (G1 Evacuation Pause)
[2026-01-26T07:12:17.429+0000][66][info ][gc,task     ] GC(494) Using 6 workers of 6 for evacuation
[2026-01-26T07:12:17.429+0000][66][debug][gc,age      ] GC(494) Desired survivor size 41943040 bytes, new threshold 15 (max threshold 15)
[2026-01-26T07:12:17.439+0000][66][info ][gc,phases   ] GC(494)   Pre Evacuate Collection Set: 0.4ms
[2026-01-26T07:12:17.440+0000][66][info ][gc,phases   ] GC(494)   Merge Heap Roots: 0.1ms
[2026-01-26T07:12:17.440+0000][66][info ][gc,phases   ] GC(494)   Evacuate Collection Set: 8.2ms
[2026-01-26T07:12:17.441+0000][66][info ][gc,phases   ] GC(494)   Post Evacuate Collection Set: 1.0ms
[2026-01-26T07:12:17.441+0000][66][info ][gc,phases   ] GC(494)   Other: 0.8ms
[2026-01-26T07:12:17.441+0000][66][trace][gc,age      ] GC(494) Age table with threshold 15 (max threshold 15)
[2026-01-26T07:12:17.442+0000][66][trace][gc,age      ] GC(494) - age   1:   23136048 bytes,   23136048 total
[2026-01-26T07:12:17.442+0000][66][trace][gc,age      ] GC(494) - age   2:    4831048 bytes,   27967096 total
[2026-01-26T07:12:17.443+0000][66][trace][gc,age      ] GC(494) - age   3:    3021224 bytes,   30988320 total
[2026-01-26T07:12:17.443+0000][66][trace][gc,age      ] GC(494) - age   4:       1776 bytes,   30990096 total
[2026-01-26T07:12:17.443+0000][66][trace][gc,age      ] GC(494) - age   5:      87400 bytes,   31077496 total
[2026-01-26T07:12:17.444+0000][66][trace][gc,age      ] GC(494) - age   6:        568 bytes,   31078064 total
[2026-01-26T07:12:17.444+0000][66][trace][gc,age      ] GC(494) - age   7:     317552 bytes,   31395616 total
[2026-01-26T07:12:17.444+0000][66][trace][gc,age      ] GC(494) - age   8:       2512 bytes,   31398128 total
[2026-01-26T07:12:17.445+0000][66][trace][gc,age      ] GC(494) - age  10:     252008 bytes,   31650136 total
[2026-01-26T07:12:17.445+0000][66][trace][gc,age      ] GC(494) - age  11:       1424 bytes,   31651560 total
[2026-01-26T07:12:17.445+0000][66][trace][gc,age      ] GC(494) - age  12:      81336 bytes,   31732896 total
[2026-01-26T07:12:17.446+0000][66][trace][gc,age      ] GC(494) - age  13:       1672 bytes,   31734568 total
[2026-01-26T07:12:17.446+0000][66][trace][gc,age      ] GC(494) - age  15:     132008 bytes,   31866576 total
[2026-01-26T07:12:17.446+0000][66][info ][gc,heap     ] GC(494) Eden regions: 148->0(144)
[2026-01-26T07:12:17.447+0000][66][info ][gc,heap     ] GC(494) Survivor regions: 5->9(20)
[2026-01-26T07:12:17.447+0000][66][info ][gc,heap     ] GC(494) Old regions: 43->43
[2026-01-26T07:12:17.447+0000][66][info ][gc,heap     ] GC(494) Humongous regions: 0->0
[2026-01-26T07:12:17.448+0000][66][info ][gc,metaspace] GC(494) Metaspace: 131084K(136896K)->131084K(136896K) NonClass: 113933K(117504K)->113933K(117504K) Class: 17151K(19392K)->17151K(19392K)
[2026-01-26T07:12:17.448+0000][66][info ][gc          ] GC(494) Pause Young (Normal) (G1 Evacuation Pause) 780M->204M(1024M) 19.390ms
[2026-01-26T07:12:17.448+0000][66][info ][gc,cpu      ] GC(494) User=0.05s Sys=0.00s Real=0.02s
[2026-01-26T07:12:17.449+0000][66][info ][safepoint   ] Safepoint "G1CollectForAllocation", Time since last: 6241450636 ns, Reaching safepoint: 16001 ns, Cleanup: 3900 ns, At safepoint: 20060660 ns, Total: 20080561 ns
[2026-01-26T07:12:19.056+0000][66][info ][safepoint   ] Safepoint "Cleanup", Time since last: 1607525144 ns, Reaching safepoint: 18901 ns, Cleanup: 12301 ns, At safepoint: 4500 ns, Total: 35702 ns
[2026-01-26T07:12:20.342+0000][66][info ][safepoint   ] Safepoint "Cleanup", Time since last: 1285882646 ns, Reaching safepoint: 7700 ns, Cleanup: 10201 ns, At safepoint: 3900 ns, Total: 21801 ns
[2026-01-26T07:12:22.231+0000][66][info ][gc,start    ] GC(495) Pause Young (Normal) (G1 Evacuation Pause)
[2026-01-26T07:12:22.231+0000][66][info ][gc,task     ] GC(495) Using 6 workers of 6 for evacuation
[2026-01-26T07:12:22.231+0000][66][debug][gc,age      ] GC(495) Desired survivor size 41943040 bytes, new threshold 15 (max threshold 15)
[2026-01-26T07:12:22.239+0000][66][info ][gc,phases   ] GC(495)   Pre Evacuate Collection Set: 0.4ms
[2026-01-26T07:12:22.239+0000][66][info ][gc,phases   ] GC(495)   Merge Heap Roots: 0.1ms
[2026-01-26T07:12:22.239+0000][66][info ][gc,phases   ] GC(495)   Evacuate Collection Set: 5.1ms
[2026-01-26T07:12:22.240+0000][66][info ][gc,phases   ] GC(495)   Post Evacuate Collection Set: 1.2ms
[2026-01-26T07:12:22.240+0000][66][info ][gc,phases   ] GC(495)   Other: 0.8ms
[2026-01-26T07:12:22.240+0000][66][trace][gc,age      ] GC(495) Age table with threshold 15 (max threshold 15)
[2026-01-26T07:12:22.241+0000][66][trace][gc,age      ] GC(495) - age   1:   14226072 bytes,   14226072 total
[2026-01-26T07:12:22.241+0000][66][trace][gc,age      ] GC(495) - age   2:       6432 bytes,   14232504 total
[2026-01-26T07:12:22.241+0000][66][trace][gc,age      ] GC(495) - age   3:     128856 bytes,   14361360 total
[2026-01-26T07:12:22.242+0000][66][trace][gc,age      ] GC(495) - age   4:      29320 bytes,   14390680 total
[2026-01-26T07:12:22.242+0000][66][trace][gc,age      ] GC(495) - age   5:       1776 bytes,   14392456 total
[2026-01-26T07:12:22.242+0000][66][trace][gc,age      ] GC(495) - age   6:      84584 bytes,   14477040 total
[2026-01-26T07:12:22.242+0000][66][trace][gc,age      ] GC(495) - age   8:     157048 bytes,   14634088 total
[2026-01-26T07:12:22.243+0000][66][trace][gc,age      ] GC(495) - age   9:       2176 bytes,   14636264 total
[2026-01-26T07:12:22.243+0000][66][trace][gc,age      ] GC(495) - age  11:     252008 bytes,   14888272 total
[2026-01-26T07:12:22.243+0000][66][trace][gc,age      ] GC(495) - age  12:       1240 bytes,   14889512 total
[2026-01-26T07:12:22.244+0000][66][trace][gc,age      ] GC(495) - age  13:      81336 bytes,   14970848 total
[2026-01-26T07:12:22.244+0000][66][trace][gc,age      ] GC(495) - age  14:       1672 bytes,   14972520 total
[2026-01-26T07:12:22.244+0000][66][info ][gc,heap     ] GC(495) Eden regions: 144->0(149)
[2026-01-26T07:12:22.244+0000][66][info ][gc,heap     ] GC(495) Survivor regions: 9->4(20)
[2026-01-26T07:12:22.245+0000][66][info ][gc,heap     ] GC(495) Old regions: 43->43
[2026-01-26T07:12:22.245+0000][66][info ][gc,heap     ] GC(495) Humongous regions: 0->0
[2026-01-26T07:12:22.245+0000][66][info ][gc,metaspace] GC(495) Metaspace: 131084K(136896K)->131084K(136896K) NonClass: 113933K(117504K)->113933K(117504K) Class: 17151K(19392K)->17151K(19392K)
[2026-01-26T07:12:22.245+0000][66][info ][gc          ] GC(495) Pause Young (Normal) (G1 Evacuation Pause) 780M->186M(1024M) 14.806ms
[2026-01-26T07:12:22.246+0000][66][info ][gc,cpu      ] GC(495) User=0.03s Sys=0.00s Real=0.02s
[2026-01-26T07:12:22.246+0000][66][info ][safepoint   ] Safepoint "G1CollectForAllocation", Time since last: 1888519773 ns, Reaching safepoint: 16802 ns, Cleanup: 4400 ns, At safepoint: 15313141 ns, Total: 15334343 ns
[2026-01-26T07:12:28.777+0000][66][info ][gc,start    ] GC(496) Pause Young (Normal) (G1 Evacuation Pause)
[2026-01-26T07:12:28.777+0000][66][info ][gc,task     ] GC(496) Using 6 workers of 6 for evacuation
[2026-01-26T07:12:28.778+0000][66][debug][gc,age      ] GC(496) Desired survivor size 41943040 bytes, new threshold 15 (max threshold 15)
[2026-01-26T07:12:28.788+0000][66][info ][gc,phases   ] GC(496)   Pre Evacuate Collection Set: 0.4ms
[2026-01-26T07:12:28.789+0000][66][info ][gc,phases   ] GC(496)   Merge Heap Roots: 0.1ms
[2026-01-26T07:12:28.789+0000][66][info ][gc,phases   ] GC(496)   Evacuate Collection Set: 8.6ms
[2026-01-26T07:12:28.790+0000][66][info ][gc,phases   ] GC(496)   Post Evacuate Collection Set: 1.0ms
[2026-01-26T07:12:28.790+0000][66][info ][gc,phases   ] GC(496)   Other: 0.9ms
[2026-01-26T07:12:28.790+0000][66][trace][gc,age      ] GC(496) Age table with threshold 15 (max threshold 15)
[2026-01-26T07:12:28.791+0000][66][trace][gc,age      ] GC(496) - age   1:   27141936 bytes,   27141936 total
[2026-01-26T07:12:28.791+0000][66][trace][gc,age      ] GC(496) - age   2:    7772272 bytes,   34914208 total
[2026-01-26T07:12:28.791+0000][66][trace][gc,age      ] GC(496) - age   3:       6256 bytes,   34920464 total
[2026-01-26T07:12:28.792+0000][66][trace][gc,age      ] GC(496) - age   4:     128856 bytes,   35049320 total
[2026-01-26T07:12:28.792+0000][66][trace][gc,age      ] GC(496) - age   5:      29320 bytes,   35078640 total
[2026-01-26T07:12:28.792+0000][66][trace][gc,age      ] GC(496) - age   6:       1600 bytes,   35080240 total
[2026-01-26T07:12:28.793+0000][66][trace][gc,age      ] GC(496) - age   7:      84560 bytes,   35164800 total
[2026-01-26T07:12:28.793+0000][66][trace][gc,age      ] GC(496) - age   9:     156536 bytes,   35321336 total
[2026-01-26T07:12:28.793+0000][66][trace][gc,age      ] GC(496) - age  10:       1304 bytes,   35322640 total
[2026-01-26T07:12:28.794+0000][66][trace][gc,age      ] GC(496) - age  12:     251624 bytes,   35574264 total
[2026-01-26T07:12:28.794+0000][66][trace][gc,age      ] GC(496) - age  13:       1064 bytes,   35575328 total
[2026-01-26T07:12:28.794+0000][66][trace][gc,age      ] GC(496) - age  14:      81336 bytes,   35656664 total
[2026-01-26T07:12:28.795+0000][66][trace][gc,age      ] GC(496) - age  15:       1672 bytes,   35658336 total
[2026-01-26T07:12:28.795+0000][66][info ][gc,heap     ] GC(496) Eden regions: 149->0(143)
[2026-01-26T07:12:28.795+0000][66][info ][gc,heap     ] GC(496) Survivor regions: 4->10(20)
[2026-01-26T07:12:28.795+0000][66][info ][gc,heap     ] GC(496) Old regions: 43->43
[2026-01-26T07:12:28.796+0000][66][info ][gc,heap     ] GC(496) Humongous regions: 0->0
[2026-01-26T07:12:28.796+0000][66][info ][gc,metaspace] GC(496) Metaspace: 131084K(136896K)->131084K(136896K) NonClass: 113933K(117504K)->113933K(117504K) Class: 17151K(19392K)->17151K(19392K)
[2026-01-26T07:12:28.796+0000][66][info ][gc          ] GC(496) Pause Young (Normal) (G1 Evacuation Pause) 782M->207M(1024M) 19.375ms
[2026-01-26T07:12:28.797+0000][66][info ][gc,cpu      ] GC(496) User=0.05s Sys=0.00s Real=0.02s
[2026-01-26T07:12:28.797+0000][66][info ][safepoint   ] Safepoint "G1CollectForAllocation", Time since last: 6531070824 ns, Reaching safepoint: 16001 ns, Cleanup: 4201 ns, At safepoint: 20033593 ns, Total: 20053795 ns
[2026-01-26T07:12:32.010+0000][66][info ][gc,start    ] GC(497) Pause Young (Normal) (G1 Evacuation Pause)
[2026-01-26T07:12:32.010+0000][66][info ][gc,task     ] GC(497) Using 6 workers of 6 for evacuation
[2026-01-26T07:12:32.011+0000][66][debug][gc,age      ] GC(497) Desired survivor size 41943040 bytes, new threshold 15 (max threshold 15)
[2026-01-26T07:12:32.024+0000][66][info ][gc,phases   ] GC(497)   Pre Evacuate Collection Set: 0.4ms
[2026-01-26T07:12:32.024+0000][66][info ][gc,phases   ] GC(497)   Merge Heap Roots: 0.1ms
[2026-01-26T07:12:32.024+0000][66][info ][gc,phases   ] GC(497)   Evacuate Collection Set: 11.1ms
[2026-01-26T07:12:32.025+0000][66][info ][gc,phases   ] GC(497)   Post Evacuate Collection Set: 1.0ms
[2026-01-26T07:12:32.025+0000][66][info ][gc,phases   ] GC(497)   Other: 0.8ms
[2026-01-26T07:12:32.026+0000][66][trace][gc,age      ] GC(497) Age table with threshold 15 (max threshold 15)
[2026-01-26T07:12:32.026+0000][66][trace][gc,age      ] GC(497) - age   1:   17297304 bytes,   17297304 total
[2026-01-26T07:12:32.026+0000][66][trace][gc,age      ] GC(497) - age   2:   18871352 bytes,   36168656 total
[2026-01-26T07:12:32.027+0000][66][trace][gc,age      ] GC(497) - age   3:    7059920 bytes,   43228576 total
[2026-01-26T07:12:32.027+0000][66][trace][gc,age      ] GC(497) - age   4:       6160 bytes,   43234736 total
[2026-01-26T07:12:32.027+0000][66][trace][gc,age      ] GC(497) - age   5:     128856 bytes,   43363592 total
[2026-01-26T07:12:32.028+0000][66][trace][gc,age      ] GC(497) - age   6:      29008 bytes,   43392600 total
[2026-01-26T07:12:32.028+0000][66][trace][gc,age      ] GC(497) - age   7:        128 bytes,   43392728 total
[2026-01-26T07:12:32.028+0000][66][trace][gc,age      ] GC(497) - age   8:      84312 bytes,   43477040 total
[2026-01-26T07:12:32.029+0000][66][trace][gc,age      ] GC(497) - age  10:     156536 bytes,   43633576 total
[2026-01-26T07:12:32.029+0000][66][trace][gc,age      ] GC(497) - age  11:       1304 bytes,   43634880 total
[2026-01-26T07:12:32.029+0000][66][trace][gc,age      ] GC(497) - age  13:     251624 bytes,   43886504 total
[2026-01-26T07:12:32.030+0000][66][trace][gc,age      ] GC(497) - age  14:       1064 bytes,   43887568 total
[2026-01-26T07:12:32.030+0000][66][trace][gc,age      ] GC(497) - age  15:      81336 bytes,   43968904 total
[2026-01-26T07:12:32.030+0000][66][info ][gc,heap     ] GC(497) Eden regions: 143->0(141)
[2026-01-26T07:12:32.031+0000][66][info ][gc,heap     ] GC(497) Survivor regions: 10->12(20)
[2026-01-26T07:12:32.031+0000][66][info ][gc,heap     ] GC(497) Old regions: 43->43
[2026-01-26T07:12:32.031+0000][66][info ][gc,heap     ] GC(497) Humongous regions: 0->0
[2026-01-26T07:12:32.031+0000][66][info ][gc,metaspace] GC(497) Metaspace: 131084K(136896K)->131084K(136896K) NonClass: 113933K(117504K)->113933K(117504K) Class: 17151K(19392K)->17151K(19392K)
[2026-01-26T07:12:32.032+0000][66][info ][gc          ] GC(497) Pause Young (Normal) (G1 Evacuation Pause) 779M->216M(1024M) 21.943ms
[2026-01-26T07:12:32.032+0000][66][info ][gc,cpu      ] GC(497) User=0.05s Sys=0.01s Real=0.03s
[2026-01-26T07:12:32.033+0000][66][info ][safepoint   ] Safepoint "G1CollectForAllocation", Time since last: 3214359403 ns, Reaching safepoint: 16401 ns, Cleanup: 4100 ns, At safepoint: 22841960 ns, Total: 22862461 ns
[2026-01-26T07:12:38.079+0000][66][info ][safepoint   ] Safepoint "Cleanup", Time since last: 6046783334 ns, Reaching safepoint: 9100 ns, Cleanup: 9701 ns, At safepoint: 3600 ns, Total: 22401 ns
[2026-01-26T07:12:38.399+0000][66][info ][gc,start    ] GC(498) Pause Young (Normal) (G1 Evacuation Pause)
[2026-01-26T07:12:38.400+0000][66][info ][gc,task     ] GC(498) Using 6 workers of 6 for evacuation
[2026-01-26T07:12:38.400+0000][66][debug][gc,age      ] GC(498) Desired survivor size 41943040 bytes, new threshold 3 (max threshold 15)
[2026-01-26T07:12:38.411+0000][66][info ][gc,phases   ] GC(498)   Pre Evacuate Collection Set: 0.3ms
[2026-01-26T07:12:38.411+0000][66][info ][gc,phases   ] GC(498)   Merge Heap Roots: 0.2ms
[2026-01-26T07:12:38.412+0000][66][info ][gc,phases   ] GC(498)   Evacuate Collection Set: 7.9ms
[2026-01-26T07:12:38.412+0000][66][info ][gc,phases   ] GC(498)   Post Evacuate Collection Set: 1.6ms
[2026-01-26T07:12:38.413+0000][66][info ][gc,phases   ] GC(498)   Other: 0.8ms
[2026-01-26T07:12:38.413+0000][66][trace][gc,age      ] GC(498) Age table with threshold 3 (max threshold 15)
[2026-01-26T07:12:38.414+0000][66][trace][gc,age      ] GC(498) - age   1:   15630320 bytes,   15630320 total
[2026-01-26T07:12:38.414+0000][66][trace][gc,age      ] GC(498) - age   2:    3927328 bytes,   19557648 total
[2026-01-26T07:12:38.415+0000][66][trace][gc,age      ] GC(498) - age   3:      20776 bytes,   19578424 total
[2026-01-26T07:12:38.415+0000][66][info ][gc,heap     ] GC(498) Eden regions: 141->0(147)
[2026-01-26T07:12:38.416+0000][66][info ][gc,heap     ] GC(498) Survivor regions: 12->6(20)
[2026-01-26T07:12:38.416+0000][66][info ][gc,heap     ] GC(498) Old regions: 43->44
[2026-01-26T07:12:38.417+0000][66][info ][gc,heap     ] GC(498) Humongous regions: 0->0
[2026-01-26T07:12:38.417+0000][66][info ][gc,metaspace] GC(498) Metaspace: 131084K(136896K)->131084K(136896K) NonClass: 113933K(117504K)->113933K(117504K) Class: 17151K(19392K)->17151K(19392K)
[2026-01-26T07:12:38.418+0000][66][info ][gc          ] GC(498) Pause Young (Normal) (G1 Evacuation Pause) 780M->195M(1024M) 18.348ms
[2026-01-26T07:12:38.418+0000][66][info ][gc,cpu      ] GC(498) User=0.04s Sys=0.00s Real=0.01s
[2026-01-26T07:12:38.419+0000][66][info ][safepoint   ] Safepoint "G1CollectForAllocation", Time since last: 319887239 ns, Reaching safepoint: 17001 ns, Cleanup: 4201 ns, At safepoint: 19321213 ns, Total: 19342415 ns
[2026-01-26T07:12:40.852+0000][66][info ][safepoint   ] Safepoint "Cleanup", Time since last: 2432881435 ns, Reaching safepoint: 121408 ns, Cleanup: 10400 ns, At safepoint: 64105 ns, Total: 195913 ns
[2026-01-26T07:12:44.762+0000][66][info ][gc,start    ] GC(499) Pause Young (Normal) (G1 Evacuation Pause)
[2026-01-26T07:12:44.763+0000][66][info ][gc,task     ] GC(499) Using 6 workers of 6 for evacuation
[2026-01-26T07:12:44.763+0000][66][debug][gc,age      ] GC(499) Desired survivor size 41943040 bytes, new threshold 15 (max threshold 15)
[2026-01-26T07:12:44.772+0000][66][info ][gc,phases   ] GC(499)   Pre Evacuate Collection Set: 0.4ms
[2026-01-26T07:12:44.772+0000][66][info ][gc,phases   ] GC(499)   Merge Heap Roots: 0.3ms
[2026-01-26T07:12:44.773+0000][66][info ][gc,phases   ] GC(499)   Evacuate Collection Set: 5.8ms
[2026-01-26T07:12:44.773+0000][66][info ][gc,phases   ] GC(499)   Post Evacuate Collection Set: 1.2ms
[2026-01-26T07:12:44.773+0000][66][info ][gc,phases   ] GC(499)   Other: 1.0ms
[2026-01-26T07:12:44.774+0000][66][trace][gc,age      ] GC(499) Age table with threshold 15 (max threshold 15)
[2026-01-26T07:12:44.774+0000][66][trace][gc,age      ] GC(499) - age   1:    7238672 bytes,    7238672 total
[2026-01-26T07:12:44.775+0000][66][trace][gc,age      ] GC(499) - age   2:     646752 bytes,    7885424 total
[2026-01-26T07:12:44.775+0000][66][trace][gc,age      ] GC(499) - age   3:       1840 bytes,    7887264 total
[2026-01-26T07:12:44.775+0000][66][trace][gc,age      ] GC(499) - age   4:      20000 bytes,    7907264 total
[2026-01-26T07:12:44.776+0000][66][info ][gc,heap     ] GC(499) Eden regions: 147->0(150)
[2026-01-26T07:12:44.776+0000][66][info ][gc,heap     ] GC(499) Survivor regions: 6->3(20)
[2026-01-26T07:12:44.777+0000][66][info ][gc,heap     ] GC(499) Old regions: 44->44
[2026-01-26T07:12:44.777+0000][66][info ][gc,heap     ] GC(499) Humongous regions: 0->0
[2026-01-26T07:12:44.777+0000][66][info ][gc,metaspace] GC(499) Metaspace: 131084K(136896K)->131084K(136896K) NonClass: 113933K(117504K)->113933K(117504K) Class: 17151K(19392K)->17151K(19392K)
[2026-01-26T07:12:44.778+0000][66][info ][gc          ] GC(499) Pause Young (Normal) (G1 Evacuation Pause) 783M->182M(1024M) 15.560ms
[2026-01-26T07:12:44.778+0000][66][info ][gc,cpu      ] GC(499) User=0.02s Sys=0.01s Real=0.01s
[2026-01-26T07:12:44.779+0000][66][info ][safepoint   ] Safepoint "G1CollectForAllocation", Time since last: 3910593758 ns, Reaching safepoint: 20001 ns, Cleanup: 5400 ns, At safepoint: 16656532 ns, Total: 16681933 ns
[2026-01-26T07:12:50.504+0000][66][info ][gc,start    ] GC(500) Pause Young (Normal) (G1 Evacuation Pause)
[2026-01-26T07:12:50.505+0000][66][info ][gc,task     ] GC(500) Using 6 workers of 6 for evacuation
[2026-01-26T07:12:50.505+0000][66][debug][gc,age      ] GC(500) Desired survivor size 41943040 bytes, new threshold 15 (max threshold 15)
[2026-01-26T07:12:50.514+0000][66][info ][gc,phases   ] GC(500)   Pre Evacuate Collection Set: 0.3ms
[2026-01-26T07:12:50.514+0000][66][info ][gc,phases   ] GC(500)   Merge Heap Roots: 0.2ms
[2026-01-26T07:12:50.514+0000][66][info ][gc,phases   ] GC(500)   Evacuate Collection Set: 6.5ms
[2026-01-26T07:12:50.515+0000][66][info ][gc,phases   ] GC(500)   Post Evacuate Collection Set: 1.2ms
[2026-01-26T07:12:50.515+0000][66][info ][gc,phases   ] GC(500)   Other: 0.6ms
[2026-01-26T07:12:50.515+0000][66][trace][gc,age      ] GC(500) Age table with threshold 15 (max threshold 15)
[2026-01-26T07:12:50.516+0000][66][trace][gc,age      ] GC(500) - age   1:   10608120 bytes,   10608120 total
[2026-01-26T07:12:50.516+0000][66][trace][gc,age      ] GC(500) - age   2:    1560824 bytes,   12168944 total
[2026-01-26T07:12:50.517+0000][66][trace][gc,age      ] GC(500) - age   3:     357576 bytes,   12526520 total
[2026-01-26T07:12:50.517+0000][66][trace][gc,age      ] GC(500) - age   4:       1808 bytes,   12528328 total
[2026-01-26T07:12:50.517+0000][66][trace][gc,age      ] GC(500) - age   5:      20000 bytes,   12548328 total
[2026-01-26T07:12:50.518+0000][66][info ][gc,heap     ] GC(500) Eden regions: 150->0(149)
[2026-01-26T07:12:50.518+0000][66][info ][gc,heap     ] GC(500) Survivor regions: 3->4(20)
[2026-01-26T07:12:50.519+0000][66][info ][gc,heap     ] GC(500) Old regions: 44->44
[2026-01-26T07:12:50.519+0000][66][info ][gc,heap     ] GC(500) Humongous regions: 0->0
[2026-01-26T07:12:50.519+0000][66][info ][gc,metaspace] GC(500) Metaspace: 131084K(136896K)->131084K(136896K) NonClass: 113933K(117504K)->113933K(117504K) Class: 17151K(19392K)->17151K(19392K)
[2026-01-26T07:12:50.520+0000][66][info ][gc          ] GC(500) Pause Young (Normal) (G1 Evacuation Pause) 782M->185M(1024M) 15.235ms
[2026-01-26T07:12:50.520+0000][66][info ][gc,cpu      ] GC(500) User=0.03s Sys=0.00s Real=0.02s
[2026-01-26T07:12:50.521+0000][66][info ][safepoint   ] Safepoint "G1CollectForAllocation", Time since last: 5725463768 ns, Reaching safepoint: 18201 ns, Cleanup: 5000 ns, At safepoint: 16096616 ns, Total: 16119817 ns
[2026-01-26T07:12:52.949+0000][66][info ][gc,start    ] GC(501) Pause Young (Normal) (G1 Evacuation Pause)
[2026-01-26T07:12:52.949+0000][66][info ][gc,task     ] GC(501) Using 6 workers of 6 for evacuation
[2026-01-26T07:12:52.949+0000][66][debug][gc,age      ] GC(501) Desired survivor size 41943040 bytes, new threshold 15 (max threshold 15)
[2026-01-26T07:12:52.960+0000][66][info ][gc,phases   ] GC(501)   Pre Evacuate Collection Set: 0.3ms
[2026-01-26T07:12:52.961+0000][66][info ][gc,phases   ] GC(501)   Merge Heap Roots: 0.2ms
[2026-01-26T07:12:52.961+0000][66][info ][gc,phases   ] GC(501)   Evacuate Collection Set: 8.7ms
[2026-01-26T07:12:52.961+0000][66][info ][gc,phases   ] GC(501)   Post Evacuate Collection Set: 1.1ms
[2026-01-26T07:12:52.962+0000][66][info ][gc,phases   ] GC(501)   Other: 0.9ms
[2026-01-26T07:12:52.962+0000][66][trace][gc,age      ] GC(501) Age table with threshold 15 (max threshold 15)
[2026-01-26T07:12:52.963+0000][66][trace][gc,age      ] GC(501) - age   1:    7669168 bytes,    7669168 total
[2026-01-26T07:12:52.963+0000][66][trace][gc,age      ] GC(501) - age   2:    7260360 bytes,   14929528 total
[2026-01-26T07:12:52.963+0000][66][trace][gc,age      ] GC(501) - age   3:    1555864 bytes,   16485392 total
[2026-01-26T07:12:52.964+0000][66][trace][gc,age      ] GC(501) - age   4:     357576 bytes,   16842968 total
[2026-01-26T07:12:52.964+0000][66][trace][gc,age      ] GC(501) - age   5:       1808 bytes,   16844776 total
[2026-01-26T07:12:52.964+0000][66][trace][gc,age      ] GC(501) - age   6:      20000 bytes,   16864776 total
[2026-01-26T07:12:52.965+0000][66][info ][gc,heap     ] GC(501) Eden regions: 149->0(148)
[2026-01-26T07:12:52.965+0000][66][info ][gc,heap     ] GC(501) Survivor regions: 4->5(20)
[2026-01-26T07:12:52.965+0000][66][info ][gc,heap     ] GC(501) Old regions: 44->44
[2026-01-26T07:12:52.966+0000][66][info ][gc,heap     ] GC(501) Humongous regions: 0->0
[2026-01-26T07:12:52.966+0000][66][info ][gc,metaspace] GC(501) Metaspace: 131084K(136896K)->131084K(136896K) NonClass: 113933K(117504K)->113933K(117504K) Class: 17151K(19392K)->17151K(19392K)
[2026-01-26T07:12:52.966+0000][66][info ][gc          ] GC(501) Pause Young (Normal) (G1 Evacuation Pause) 781M->191M(1024M) 17.953ms
[2026-01-26T07:12:52.967+0000][66][info ][gc,cpu      ] GC(501) User=0.02s Sys=0.01s Real=0.02s
[2026-01-26T07:12:52.967+0000][66][info ][safepoint   ] Safepoint "G1CollectForAllocation", Time since last: 2427962552 ns, Reaching safepoint: 18901 ns, Cleanup: 5001 ns, At safepoint: 18924712 ns, Total: 18948614 ns
[2026-01-26T07:12:54.968+0000][66][info ][safepoint   ] Safepoint "Cleanup", Time since last: 2000668084 ns, Reaching safepoint: 18501 ns, Cleanup: 15901 ns, At safepoint: 4300 ns, Total: 38702 ns
[2026-01-26T07:12:55.354+0000][66][info ][gc,start    ] GC(502) Pause Young (Normal) (G1 Evacuation Pause)
[2026-01-26T07:12:55.355+0000][66][info ][gc,task     ] GC(502) Using 6 workers of 6 for evacuation
[2026-01-26T07:12:55.355+0000][66][debug][gc,age      ] GC(502) Desired survivor size 41943040 bytes, new threshold 15 (max threshold 15)
[2026-01-26T07:12:55.366+0000][66][info ][gc,phases   ] GC(502)   Pre Evacuate Collection Set: 0.4ms
[2026-01-26T07:12:55.366+0000][66][info ][gc,phases   ] GC(502)   Merge Heap Roots: 0.2ms
[2026-01-26T07:12:55.367+0000][66][info ][gc,phases   ] GC(502)   Evacuate Collection Set: 8.4ms
[2026-01-26T07:12:55.367+0000][66][info ][gc,phases   ] GC(502)   Post Evacuate Collection Set: 1.2ms
[2026-01-26T07:12:55.368+0000][66][info ][gc,phases   ] GC(502)   Other: 0.8ms
[2026-01-26T07:12:55.368+0000][66][trace][gc,age      ] GC(502) Age table with threshold 15 (max threshold 15)
[2026-01-26T07:12:55.369+0000][66][trace][gc,age      ] GC(502) - age   1:   10813624 bytes,   10813624 total
[2026-01-26T07:12:55.369+0000][66][trace][gc,age      ] GC(502) - age   2:    3962384 bytes,   14776008 total
[2026-01-26T07:12:55.369+0000][66][trace][gc,age      ] GC(502) - age   3:    6435184 bytes,   21211192 total
[2026-01-26T07:12:55.370+0000][66][trace][gc,age      ] GC(502) - age   4:    1501232 bytes,   22712424 total
[2026-01-26T07:12:55.370+0000][66][trace][gc,age      ] GC(502) - age   5:     357576 bytes,   23070000 total
[2026-01-26T07:12:55.370+0000][66][trace][gc,age      ] GC(502) - age   6:       1808 bytes,   23071808 total
[2026-01-26T07:12:55.371+0000][66][trace][gc,age      ] GC(502) - age   7:      20000 bytes,   23091808 total
[2026-01-26T07:12:55.371+0000][66][info ][gc,heap     ] GC(502) Eden regions: 148->0(147)
[2026-01-26T07:12:55.372+0000][66][info ][gc,heap     ] GC(502) Survivor regions: 5->6(20)
[2026-01-26T07:12:55.372+0000][66][info ][gc,heap     ] GC(502) Old regions: 44->44
[2026-01-26T07:12:55.373+0000][66][info ][gc,heap     ] GC(502) Humongous regions: 0->0
[2026-01-26T07:12:55.373+0000][66][info ][gc,metaspace] GC(502) Metaspace: 131086K(136896K)->131086K(136896K) NonClass: 113935K(117504K)->113935K(117504K) Class: 17151K(19392K)->17151K(19392K)
[2026-01-26T07:12:55.373+0000][66][info ][gc          ] GC(502) Pause Young (Normal) (G1 Evacuation Pause) 783M->195M(1024M) 19.107ms
[2026-01-26T07:12:55.374+0000][66][info ][gc,cpu      ] GC(502) User=0.04s Sys=0.01s Real=0.02s
[2026-01-26T07:12:55.375+0000][66][info ][safepoint   ] Safepoint "G1CollectForAllocation", Time since last: 386072061 ns, Reaching safepoint: 132409 ns, Cleanup: 15301 ns, At safepoint: 20244783 ns, Total: 20392493 ns
[2026-01-26T07:12:58.903+0000][66][info ][gc,start    ] GC(503) Pause Young (Normal) (G1 Evacuation Pause)
[2026-01-26T07:12:58.904+0000][66][info ][gc,task     ] GC(503) Using 6 workers of 6 for evacuation
[2026-01-26T07:12:58.904+0000][66][debug][gc,age      ] GC(503) Desired survivor size 41943040 bytes, new threshold 15 (max threshold 15)
[2026-01-26T07:12:58.912+0000][66][info ][gc,phases   ] GC(503)   Pre Evacuate Collection Set: 0.4ms
[2026-01-26T07:12:58.912+0000][66][info ][gc,phases   ] GC(503)   Merge Heap Roots: 0.2ms
[2026-01-26T07:12:58.912+0000][66][info ][gc,phases   ] GC(503)   Evacuate Collection Set: 5.0ms
[2026-01-26T07:12:58.913+0000][66][info ][gc,phases   ] GC(503)   Post Evacuate Collection Set: 1.1ms
[2026-01-26T07:12:58.913+0000][66][info ][gc,phases   ] GC(503)   Other: 0.9ms
[2026-01-26T07:12:58.913+0000][66][trace][gc,age      ] GC(503) Age table with threshold 15 (max threshold 15)
[2026-01-26T07:12:58.914+0000][66][trace][gc,age      ] GC(503) - age   1:   10034376 bytes,   10034376 total
[2026-01-26T07:12:58.914+0000][66][trace][gc,age      ] GC(503) - age   2:     727960 bytes,   10762336 total
[2026-01-26T07:12:58.914+0000][66][trace][gc,age      ] GC(503) - age   3:      20808 bytes,   10783144 total
[2026-01-26T07:12:58.915+0000][66][trace][gc,age      ] GC(503) - age   4:     684944 bytes,   11468088 total
[2026-01-26T07:12:58.915+0000][66][trace][gc,age      ] GC(503) - age   5:     833672 bytes,   12301760 total
[2026-01-26T07:12:58.916+0000][66][trace][gc,age      ] GC(503) - age   6:     355576 bytes,   12657336 total
[2026-01-26T07:12:58.916+0000][66][trace][gc,age      ] GC(503) - age   7:       1808 bytes,   12659144 total
[2026-01-26T07:12:58.916+0000][66][trace][gc,age      ] GC(503) - age   8:      19824 bytes,   12678968 total
[2026-01-26T07:12:58.917+0000][66][info ][gc,heap     ] GC(503) Eden regions: 147->0(149)
[2026-01-26T07:12:58.917+0000][66][info ][gc,heap     ] GC(503) Survivor regions: 6->4(20)
[2026-01-26T07:12:58.917+0000][66][info ][gc,heap     ] GC(503) Old regions: 44->44
[2026-01-26T07:12:58.918+0000][66][info ][gc,heap     ] GC(503) Humongous regions: 0->0
[2026-01-26T07:12:58.918+0000][66][info ][gc,metaspace] GC(503) Metaspace: 131087K(136896K)->131087K(136896K) NonClass: 113935K(117504K)->113935K(117504K) Class: 17151K(19392K)->17151K(19392K)
[2026-01-26T07:12:58.918+0000][66][info ][gc          ] GC(503) Pause Young (Normal) (G1 Evacuation Pause) 783M->187M(1024M) 14.790ms
[2026-01-26T07:12:58.919+0000][66][info ][gc,cpu      ] GC(503) User=0.03s Sys=0.00s Real=0.01s
[2026-01-26T07:12:58.919+0000][66][info ][safepoint   ] Safepoint "G1CollectForAllocation", Time since last: 3528838849 ns, Reaching safepoint: 16701 ns, Cleanup: 14701 ns, At safepoint: 15585864 ns, Total: 15617266 ns
[2026-01-26T07:13:00.608+0000][66][info ][safepoint   ] Safepoint "Cleanup", Time since last: 1688649801 ns, Reaching safepoint: 20501 ns, Cleanup: 14401 ns, At safepoint: 4500 ns, Total: 39402 ns
[2026-01-26T07:13:04.352+0000][66][info ][gc,start    ] GC(504) Pause Young (Normal) (G1 Evacuation Pause)
[2026-01-26T07:13:04.352+0000][66][info ][gc,task     ] GC(504) Using 6 workers of 6 for evacuation
[2026-01-26T07:13:04.353+0000][66][debug][gc,age      ] GC(504) Desired survivor size 41943040 bytes, new threshold 15 (max threshold 15)
[2026-01-26T07:13:04.363+0000][66][info ][gc,phases   ] GC(504)   Pre Evacuate Collection Set: 0.4ms
[2026-01-26T07:13:04.363+0000][66][info ][gc,phases   ] GC(504)   Merge Heap Roots: 0.2ms
[2026-01-26T07:13:04.364+0000][66][info ][gc,phases   ] GC(504)   Evacuate Collection Set: 7.9ms
[2026-01-26T07:13:04.364+0000][66][info ][gc,phases   ] GC(504)   Post Evacuate Collection Set: 1.2ms
[2026-01-26T07:13:04.365+0000][66][info ][gc,phases   ] GC(504)   Other: 1.0ms
[2026-01-26T07:13:04.365+0000][66][trace][gc,age      ] GC(504) Age table with threshold 15 (max threshold 15)
[2026-01-26T07:13:04.365+0000][66][trace][gc,age      ] GC(504) - age   1:   19776384 bytes,   19776384 total
[2026-01-26T07:13:04.366+0000][66][trace][gc,age      ] GC(504) - age   2:    4856800 bytes,   24633184 total
[2026-01-26T07:13:04.366+0000][66][trace][gc,age      ] GC(504) - age   3:     604456 bytes,   25237640 total
[2026-01-26T07:13:04.367+0000][66][trace][gc,age      ] GC(504) - age   5:     593496 bytes,   25831136 total
[2026-01-26T07:13:04.367+0000][66][trace][gc,age      ] GC(504) - age   6:     833176 bytes,   26664312 total
[2026-01-26T07:13:04.367+0000][66][trace][gc,age      ] GC(504) - age   7:     355392 bytes,   27019704 total
[2026-01-26T07:13:04.368+0000][66][trace][gc,age      ] GC(504) - age   8:        336 bytes,   27020040 total
[2026-01-26T07:13:04.368+0000][66][trace][gc,age      ] GC(504) - age   9:      19824 bytes,   27039864 total
[2026-01-26T07:13:04.368+0000][66][info ][gc,heap     ] GC(504) Eden regions: 149->0(145)
[2026-01-26T07:13:04.369+0000][66][info ][gc,heap     ] GC(504) Survivor regions: 4->8(20)
[2026-01-26T07:13:04.369+0000][66][info ][gc,heap     ] GC(504) Old regions: 44->44
[2026-01-26T07:13:04.370+0000][66][info ][gc,heap     ] GC(504) Humongous regions: 0->0
[2026-01-26T07:13:04.370+0000][66][info ][gc,metaspace] GC(504) Metaspace: 131087K(136896K)->131087K(136896K) NonClass: 113935K(117504K)->113935K(117504K) Class: 17151K(19392K)->17151K(19392K)
[2026-01-26T07:13:04.370+0000][66][info ][gc          ] GC(504) Pause Young (Normal) (G1 Evacuation Pause) 783M->201M(1024M) 18.683ms
[2026-01-26T07:13:04.371+0000][66][info ][gc,cpu      ] GC(504) User=0.04s Sys=0.00s Real=0.02s
[2026-01-26T07:13:04.371+0000][66][info ][safepoint   ] Safepoint "G1CollectForAllocation", Time since last: 3746084102 ns, Reaching safepoint: 131208 ns, Cleanup: 5400 ns, At safepoint: 19496140 ns, Total: 19632748 ns
[2026-01-26T07:13:09.360+0000][66][info ][safepoint   ] Safepoint "Cleanup", Time since last: 4988636916 ns, Reaching safepoint: 128107 ns, Cleanup: 13601 ns, At safepoint: 50103 ns, Total: 191811 ns
[2026-01-26T07:13:09.543+0000][66][info ][gc,start    ] GC(505) Pause Young (Normal) (G1 Evacuation Pause)
[2026-01-26T07:13:09.543+0000][66][info ][gc,task     ] GC(505) Using 6 workers of 6 for evacuation
[2026-01-26T07:13:09.543+0000][66][debug][gc,age      ] GC(505) Desired survivor size 41943040 bytes, new threshold 15 (max threshold 15)
[2026-01-26T07:13:09.557+0000][66][info ][gc,phases   ] GC(505)   Pre Evacuate Collection Set: 0.3ms
[2026-01-26T07:13:09.557+0000][66][info ][gc,phases   ] GC(505)   Merge Heap Roots: 0.1ms
[2026-01-26T07:13:09.557+0000][66][info ][gc,phases   ] GC(505)   Evacuate Collection Set: 11.5ms
[2026-01-26T07:13:09.558+0000][66][info ][gc,phases   ] GC(505)   Post Evacuate Collection Set: 1.2ms
[2026-01-26T07:13:09.558+0000][66][info ][gc,phases   ] GC(505)   Other: 0.6ms
[2026-01-26T07:13:09.558+0000][66][trace][gc,age      ] GC(505) Age table with threshold 15 (max threshold 15)
[2026-01-26T07:13:09.558+0000][66][trace][gc,age      ] GC(505) - age   1:   18132872 bytes,   18132872 total
[2026-01-26T07:13:09.559+0000][66][trace][gc,age      ] GC(505) - age   2:   10367584 bytes,   28500456 total
[2026-01-26T07:13:09.559+0000][66][trace][gc,age      ] GC(505) - age   3:    4504448 bytes,   33004904 total
[2026-01-26T07:13:09.559+0000][66][trace][gc,age      ] GC(505) - age   4:     412736 bytes,   33417640 total
[2026-01-26T07:13:09.560+0000][66][trace][gc,age      ] GC(505) - age   6:     593408 bytes,   34011048 total
[2026-01-26T07:13:09.560+0000][66][trace][gc,age      ] GC(505) - age   7:     833040 bytes,   34844088 total
[2026-01-26T07:13:09.560+0000][66][trace][gc,age      ] GC(505) - age   8:     355144 bytes,   35199232 total
[2026-01-26T07:13:09.560+0000][66][trace][gc,age      ] GC(505) - age   9:        336 bytes,   35199568 total
[2026-01-26T07:13:09.561+0000][66][trace][gc,age      ] GC(505) - age  10:      19824 bytes,   35219392 total
[2026-01-26T07:13:09.561+0000][66][info ][gc,heap     ] GC(505) Eden regions: 145->0(143)
[2026-01-26T07:13:09.561+0000][66][info ][gc,heap     ] GC(505) Survivor regions: 8->10(20)
[2026-01-26T07:13:09.562+0000][66][info ][gc,heap     ] GC(505) Old regions: 44->44
[2026-01-26T07:13:09.562+0000][66][info ][gc,heap     ] GC(505) Humongous regions: 0->0
[2026-01-26T07:13:09.562+0000][66][info ][gc,metaspace] GC(505) Metaspace: 131087K(136896K)->131087K(136896K) NonClass: 113935K(117504K)->113935K(117504K) Class: 17151K(19392K)->17151K(19392K)
[2026-01-26T07:13:09.562+0000][66][info ][gc          ] GC(505) Pause Young (Normal) (G1 Evacuation Pause) 781M->210M(1024M) 19.868ms
[2026-01-26T07:13:09.563+0000][66][info ][gc,cpu      ] GC(505) User=0.05s Sys=0.01s Real=0.02s
[2026-01-26T07:13:09.563+0000][66][info ][safepoint   ] Safepoint "G1CollectForAllocation", Time since last: 182354063 ns, Reaching safepoint: 227713 ns, Cleanup: 5701 ns, At safepoint: 20563102 ns, Total: 20796516 ns
[2026-01-26T07:13:11.128+0000][66][info ][safepoint   ] Safepoint "Cleanup", Time since last: 1564812834 ns, Reaching safepoint: 7501 ns, Cleanup: 10200 ns, At safepoint: 8501 ns, Total: 26202 ns
[2026-01-26T07:13:12.235+0000][66][info ][safepoint   ] Safepoint "Cleanup", Time since last: 1106674919 ns, Reaching safepoint: 148111 ns, Cleanup: 17801 ns, At safepoint: 92807 ns, Total: 258719 ns
[2026-01-26T07:13:16.553+0000][66][info ][safepoint   ] Safepoint "Cleanup", Time since last: 4318583729 ns, Reaching safepoint: 16501 ns, Cleanup: 11501 ns, At safepoint: 3800 ns, Total: 31802 ns
[2026-01-26T07:13:16.850+0000][66][info ][gc,start    ] GC(506) Pause Young (Normal) (G1 Evacuation Pause)
[2026-01-26T07:13:16.850+0000][66][info ][gc,task     ] GC(506) Using 6 workers of 6 for evacuation
[2026-01-26T07:13:16.850+0000][66][debug][gc,age      ] GC(506) Desired survivor size 41943040 bytes, new threshold 15 (max threshold 15)
[2026-01-26T07:13:16.860+0000][66][info ][gc,phases   ] GC(506)   Pre Evacuate Collection Set: 0.4ms
[2026-01-26T07:13:16.860+0000][66][info ][gc,phases   ] GC(506)   Merge Heap Roots: 0.1ms
[2026-01-26T07:13:16.861+0000][66][info ][gc,phases   ] GC(506)   Evacuate Collection Set: 7.4ms
[2026-01-26T07:13:16.861+0000][66][info ][gc,phases   ] GC(506)   Post Evacuate Collection Set: 1.2ms
[2026-01-26T07:13:16.861+0000][66][info ][gc,phases   ] GC(506)   Other: 0.8ms
[2026-01-26T07:13:16.862+0000][66][trace][gc,age      ] GC(506) Age table with threshold 15 (max threshold 15)
[2026-01-26T07:13:16.862+0000][66][trace][gc,age      ] GC(506) - age   1:   21698208 bytes,   21698208 total
[2026-01-26T07:13:16.862+0000][66][trace][gc,age      ] GC(506) - age   2:    3855384 bytes,   25553592 total
[2026-01-26T07:13:16.863+0000][66][trace][gc,age      ] GC(506) - age   3:     100320 bytes,   25653912 total
[2026-01-26T07:13:16.863+0000][66][trace][gc,age      ] GC(506) - age   4:      96368 bytes,   25750280 total
[2026-01-26T07:13:16.864+0000][66][trace][gc,age      ] GC(506) - age   5:        832 bytes,   25751112 total
[2026-01-26T07:13:16.864+0000][66][trace][gc,age      ] GC(506) - age   7:      60896 bytes,   25812008 total
[2026-01-26T07:13:16.864+0000][66][trace][gc,age      ] GC(506) - age   8:     197256 bytes,   26009264 total
[2026-01-26T07:13:16.865+0000][66][trace][gc,age      ] GC(506) - age   9:     100256 bytes,   26109520 total
[2026-01-26T07:13:16.865+0000][66][trace][gc,age      ] GC(506) - age  10:        336 bytes,   26109856 total
[2026-01-26T07:13:16.865+0000][66][trace][gc,age      ] GC(506) - age  11:      19248 bytes,   26129104 total
[2026-01-26T07:13:16.866+0000][66][info ][gc,heap     ] GC(506) Eden regions: 143->0(145)
[2026-01-26T07:13:16.866+0000][66][info ][gc,heap     ] GC(506) Survivor regions: 10->8(20)
[2026-01-26T07:13:16.866+0000][66][info ][gc,heap     ] GC(506) Old regions: 44->44
[2026-01-26T07:13:16.867+0000][66][info ][gc,heap     ] GC(506) Humongous regions: 0->0
[2026-01-26T07:13:16.867+0000][66][info ][gc,metaspace] GC(506) Metaspace: 131094K(136896K)->131094K(136896K) NonClass: 113942K(117504K)->113942K(117504K) Class: 17151K(19392K)->17151K(19392K)
[2026-01-26T07:13:16.867+0000][66][info ][gc          ] GC(506) Pause Young (Normal) (G1 Evacuation Pause) 782M->201M(1024M) 17.549ms
[2026-01-26T07:13:16.867+0000][66][info ][gc,cpu      ] GC(506) User=0.04s Sys=0.00s Real=0.01s
[2026-01-26T07:13:16.868+0000][66][info ][safepoint   ] Safepoint "G1CollectForAllocation", Time since last: 296080721 ns, Reaching safepoint: 16101 ns, Cleanup: 4601 ns, At safepoint: 18250008 ns, Total: 18270710 ns
[2026-01-26T07:13:21.712+0000][66][info ][gc,start    ] GC(507) Pause Young (Normal) (G1 Evacuation Pause)
[2026-01-26T07:13:21.712+0000][66][info ][gc,task     ] GC(507) Using 6 workers of 6 for evacuation
[2026-01-26T07:13:21.713+0000][66][debug][gc,age      ] GC(507) Desired survivor size 41943040 bytes, new threshold 15 (max threshold 15)
[2026-01-26T07:13:21.725+0000][66][info ][gc,phases   ] GC(507)   Pre Evacuate Collection Set: 0.4ms
[2026-01-26T07:13:21.726+0000][66][info ][gc,phases   ] GC(507)   Merge Heap Roots: 0.2ms
[2026-01-26T07:13:21.726+0000][66][info ][gc,phases   ] GC(507)   Evacuate Collection Set: 9.7ms
[2026-01-26T07:13:21.726+0000][66][info ][gc,phases   ] GC(507)   Post Evacuate Collection Set: 1.4ms
[2026-01-26T07:13:21.727+0000][66][info ][gc,phases   ] GC(507)   Other: 0.9ms
[2026-01-26T07:13:21.727+0000][66][trace][gc,age      ] GC(507) Age table with threshold 15 (max threshold 15)
[2026-01-26T07:13:21.727+0000][66][trace][gc,age      ] GC(507) - age   1:   19148976 bytes,   19148976 total
[2026-01-26T07:13:21.728+0000][66][trace][gc,age      ] GC(507) - age   2:   12171832 bytes,   31320808 total
[2026-01-26T07:13:21.728+0000][66][trace][gc,age      ] GC(507) - age   3:    3421256 bytes,   34742064 total
[2026-01-26T07:13:21.728+0000][66][trace][gc,age      ] GC(507) - age   4:     100320 bytes,   34842384 total
[2026-01-26T07:13:21.729+0000][66][trace][gc,age      ] GC(507) - age   5:      96368 bytes,   34938752 total
[2026-01-26T07:13:21.729+0000][66][trace][gc,age      ] GC(507) - age   6:        832 bytes,   34939584 total
[2026-01-26T07:13:21.729+0000][66][trace][gc,age      ] GC(507) - age   8:      60080 bytes,   34999664 total
[2026-01-26T07:13:21.730+0000][66][trace][gc,age      ] GC(507) - age   9:     197256 bytes,   35196920 total
[2026-01-26T07:13:21.730+0000][66][trace][gc,age      ] GC(507) - age  10:      99944 bytes,   35296864 total
[2026-01-26T07:13:21.730+0000][66][trace][gc,age      ] GC(507) - age  11:        336 bytes,   35297200 total
[2026-01-26T07:13:21.731+0000][66][trace][gc,age      ] GC(507) - age  12:      19248 bytes,   35316448 total
[2026-01-26T07:13:21.731+0000][66][info ][gc,heap     ] GC(507) Eden regions: 145->0(143)
[2026-01-26T07:13:21.731+0000][66][info ][gc,heap     ] GC(507) Survivor regions: 8->10(20)
[2026-01-26T07:13:21.732+0000][66][info ][gc,heap     ] GC(507) Old regions: 44->44
[2026-01-26T07:13:21.732+0000][66][info ][gc,heap     ] GC(507) Humongous regions: 0->0
[2026-01-26T07:13:21.732+0000][66][info ][gc,metaspace] GC(507) Metaspace: 131094K(136896K)->131094K(136896K) NonClass: 113942K(117504K)->113942K(117504K) Class: 17151K(19392K)->17151K(19392K)
[2026-01-26T07:13:21.733+0000][66][info ][gc          ] GC(507) Pause Young (Normal) (G1 Evacuation Pause) 781M->209M(1024M) 20.534ms
[2026-01-26T07:13:21.733+0000][66][info ][gc,cpu      ] GC(507) User=0.05s Sys=0.01s Real=0.02s
[2026-01-26T07:13:21.733+0000][66][info ][safepoint   ] Safepoint "G1CollectForAllocation", Time since last: 4844015926 ns, Reaching safepoint: 131110 ns, Cleanup: 5700 ns, At safepoint: 21269991 ns, Total: 21406801 ns
[2026-01-26T07:13:27.244+0000][66][info ][gc,start    ] GC(508) Pause Young (Normal) (G1 Evacuation Pause)
[2026-01-26T07:13:27.245+0000][66][info ][gc,task     ] GC(508) Using 6 workers of 6 for evacuation
[2026-01-26T07:13:27.245+0000][66][debug][gc,age      ] GC(508) Desired survivor size 41943040 bytes, new threshold 15 (max threshold 15)
[2026-01-26T07:13:27.253+0000][66][info ][gc,phases   ] GC(508)   Pre Evacuate Collection Set: 0.4ms
[2026-01-26T07:13:27.254+0000][66][info ][gc,phases   ] GC(508)   Merge Heap Roots: 0.2ms
[2026-01-26T07:13:27.254+0000][66][info ][gc,phases   ] GC(508)   Evacuate Collection Set: 6.3ms
[2026-01-26T07:13:27.255+0000][66][info ][gc,phases   ] GC(508)   Post Evacuate Collection Set: 1.2ms
[2026-01-26T07:13:27.255+0000][66][info ][gc,phases   ] GC(508)   Other: 0.7ms
[2026-01-26T07:13:27.255+0000][66][trace][gc,age      ] GC(508) Age table with threshold 15 (max threshold 15)
[2026-01-26T07:13:27.256+0000][66][trace][gc,age      ] GC(508) - age   1:   15684624 bytes,   15684624 total
[2026-01-26T07:13:27.256+0000][66][trace][gc,age      ] GC(508) - age   2:    2900256 bytes,   18584880 total
[2026-01-26T07:13:27.257+0000][66][trace][gc,age      ] GC(508) - age   3:     152696 bytes,   18737576 total
[2026-01-26T07:13:27.257+0000][66][trace][gc,age      ] GC(508) - age   4:       1288 bytes,   18738864 total
[2026-01-26T07:13:27.257+0000][66][trace][gc,age      ] GC(508) - age   5:     100320 bytes,   18839184 total
[2026-01-26T07:13:27.258+0000][66][trace][gc,age      ] GC(508) - age   6:      93872 bytes,   18933056 total
[2026-01-26T07:13:27.258+0000][66][trace][gc,age      ] GC(508) - age   7:        808 bytes,   18933864 total
[2026-01-26T07:13:27.258+0000][66][trace][gc,age      ] GC(508) - age   9:      60064 bytes,   18993928 total
[2026-01-26T07:13:27.259+0000][66][trace][gc,age      ] GC(508) - age  10:     136488 bytes,   19130416 total
[2026-01-26T07:13:27.259+0000][66][trace][gc,age      ] GC(508) - age  11:      99944 bytes,   19230360 total
[2026-01-26T07:13:27.259+0000][66][trace][gc,age      ] GC(508) - age  12:        336 bytes,   19230696 total
[2026-01-26T07:13:27.259+0000][66][trace][gc,age      ] GC(508) - age  13:      18688 bytes,   19249384 total
[2026-01-26T07:13:27.260+0000][66][info ][gc,heap     ] GC(508) Eden regions: 143->0(147)
[2026-01-26T07:13:27.260+0000][66][info ][gc,heap     ] GC(508) Survivor regions: 10->6(20)
[2026-01-26T07:13:27.260+0000][66][info ][gc,heap     ] GC(508) Old regions: 44->44
[2026-01-26T07:13:27.261+0000][66][info ][gc,heap     ] GC(508) Humongous regions: 0->0
[2026-01-26T07:13:27.261+0000][66][info ][gc,metaspace] GC(508) Metaspace: 131094K(136896K)->131094K(136896K) NonClass: 113942K(117504K)->113942K(117504K) Class: 17151K(19392K)->17151K(19392K)
[2026-01-26T07:13:27.261+0000][66][info ][gc          ] GC(508) Pause Young (Normal) (G1 Evacuation Pause) 781M->194M(1024M) 17.052ms
[2026-01-26T07:13:27.262+0000][66][info ][gc,cpu      ] GC(508) User=0.03s Sys=0.01s Real=0.02s
[2026-01-26T07:13:27.262+0000][66][info ][safepoint   ] Safepoint "G1CollectForAllocation", Time since last: 5510981879 ns, Reaching safepoint: 19101 ns, Cleanup: 5201 ns, At safepoint: 17721133 ns, Total: 17745435 ns
[2026-01-26T07:13:33.481+0000][66][info ][gc,start    ] GC(509) Pause Young (Normal) (G1 Evacuation Pause)
[2026-01-26T07:13:33.482+0000][66][info ][gc,task     ] GC(509) Using 6 workers of 6 for evacuation
[2026-01-26T07:13:33.482+0000][66][debug][gc,age      ] GC(509) Desired survivor size 41943040 bytes, new threshold 15 (max threshold 15)
[2026-01-26T07:13:33.493+0000][66][info ][gc,phases   ] GC(509)   Pre Evacuate Collection Set: 0.3ms
[2026-01-26T07:13:33.494+0000][66][info ][gc,phases   ] GC(509)   Merge Heap Roots: 0.1ms
[2026-01-26T07:13:33.494+0000][66][info ][gc,phases   ] GC(509)   Evacuate Collection Set: 9.2ms
[2026-01-26T07:13:33.494+0000][66][info ][gc,phases   ] GC(509)   Post Evacuate Collection Set: 1.1ms
[2026-01-26T07:13:33.495+0000][66][info ][gc,phases   ] GC(509)   Other: 0.8ms
[2026-01-26T07:13:33.495+0000][66][trace][gc,age      ] GC(509) Age table with threshold 15 (max threshold 15)
[2026-01-26T07:13:33.495+0000][66][trace][gc,age      ] GC(509) - age   1:   22074808 bytes,   22074808 total
[2026-01-26T07:13:33.496+0000][66][trace][gc,age      ] GC(509) - age   2:    9374624 bytes,   31449432 total
[2026-01-26T07:13:33.496+0000][66][trace][gc,age      ] GC(509) - age   3:    2730816 bytes,   34180248 total
[2026-01-26T07:13:33.496+0000][66][trace][gc,age      ] GC(509) - age   4:     152200 bytes,   34332448 total
[2026-01-26T07:13:33.497+0000][66][trace][gc,age      ] GC(509) - age   5:       1288 bytes,   34333736 total
[2026-01-26T07:13:33.497+0000][66][trace][gc,age      ] GC(509) - age   6:      98664 bytes,   34432400 total
[2026-01-26T07:13:33.497+0000][66][trace][gc,age      ] GC(509) - age   7:      93872 bytes,   34526272 total
[2026-01-26T07:13:33.498+0000][66][trace][gc,age      ] GC(509) - age   8:        808 bytes,   34527080 total
[2026-01-26T07:13:33.498+0000][66][trace][gc,age      ] GC(509) - age  10:      60064 bytes,   34587144 total
[2026-01-26T07:13:33.498+0000][66][trace][gc,age      ] GC(509) - age  11:     135920 bytes,   34723064 total
[2026-01-26T07:13:33.498+0000][66][trace][gc,age      ] GC(509) - age  12:      99104 bytes,   34822168 total
[2026-01-26T07:13:33.498+0000][66][trace][gc,age      ] GC(509) - age  13:        336 bytes,   34822504 total
[2026-01-26T07:13:33.499+0000][66][trace][gc,age      ] GC(509) - age  14:      18656 bytes,   34841160 total
[2026-01-26T07:13:33.499+0000][66][info ][gc,heap     ] GC(509) Eden regions: 147->0(144)
[2026-01-26T07:13:33.499+0000][66][info ][gc,heap     ] GC(509) Survivor regions: 6->9(20)
[2026-01-26T07:13:33.499+0000][66][info ][gc,heap     ] GC(509) Old regions: 44->44
[2026-01-26T07:13:33.500+0000][66][info ][gc,heap     ] GC(509) Humongous regions: 0->0
[2026-01-26T07:13:33.500+0000][66][info ][gc,metaspace] GC(509) Metaspace: 131094K(136896K)->131094K(136896K) NonClass: 113942K(117504K)->113942K(117504K) Class: 17151K(19392K)->17151K(19392K)
[2026-01-26T07:13:33.500+0000][66][info ][gc          ] GC(509) Pause Young (Normal) (G1 Evacuation Pause) 782M->207M(1024M) 19.106ms
[2026-01-26T07:13:33.500+0000][66][info ][gc,cpu      ] GC(509) User=0.06s Sys=0.00s Real=0.02s
[2026-01-26T07:13:33.501+0000][66][info ][safepoint   ] Safepoint "G1CollectForAllocation", Time since last: 6221054163 ns, Reaching safepoint: 17402 ns, Cleanup: 4600 ns, At safepoint: 19672269 ns, Total: 19694271 ns
[2026-01-26T07:13:35.053+0000][66][info ][safepoint   ] Safepoint "Cleanup", Time since last: 1552450881 ns, Reaching safepoint: 171412 ns, Cleanup: 14201 ns, At safepoint: 51603 ns, Total: 237216 ns
[2026-01-26T07:13:38.601+0000][66][info ][gc,start    ] GC(510) Pause Young (Normal) (G1 Evacuation Pause)
[2026-01-26T07:13:38.601+0000][66][info ][gc,task     ] GC(510) Using 6 workers of 6 for evacuation
[2026-01-26T07:13:38.602+0000][66][debug][gc,age      ] GC(510) Desired survivor size 41943040 bytes, new threshold 15 (max threshold 15)
[2026-01-26T07:13:38.611+0000][66][info ][gc,phases   ] GC(510)   Pre Evacuate Collection Set: 0.6ms
[2026-01-26T07:13:38.611+0000][66][info ][gc,phases   ] GC(510)   Merge Heap Roots: 0.2ms
[2026-01-26T07:13:38.612+0000][66][info ][gc,phases   ] GC(510)   Evacuate Collection Set: 5.6ms
[2026-01-26T07:13:38.612+0000][66][info ][gc,phases   ] GC(510)   Post Evacuate Collection Set: 1.7ms
[2026-01-26T07:13:38.613+0000][66][info ][gc,phases   ] GC(510)   Other: 1.0ms
[2026-01-26T07:13:38.613+0000][66][trace][gc,age      ] GC(510) Age table with threshold 15 (max threshold 15)
[2026-01-26T07:13:38.614+0000][66][trace][gc,age      ] GC(510) - age   1:   11661392 bytes,   11661392 total
[2026-01-26T07:13:38.614+0000][66][trace][gc,age      ] GC(510) - age   2:       5312 bytes,   11666704 total
[2026-01-26T07:13:38.615+0000][66][trace][gc,age      ] GC(510) - age   3:     247624 bytes,   11914328 total
[2026-01-26T07:13:38.615+0000][66][trace][gc,age      ] GC(510) - age   4:       1888 bytes,   11916216 total
[2026-01-26T07:13:38.616+0000][66][trace][gc,age      ] GC(510) - age   5:     149640 bytes,   12065856 total
[2026-01-26T07:13:38.616+0000][66][trace][gc,age      ] GC(510) - age   6:       1264 bytes,   12067120 total
[2026-01-26T07:13:38.616+0000][66][trace][gc,age      ] GC(510) - age   7:      98664 bytes,   12165784 total
[2026-01-26T07:13:38.617+0000][66][trace][gc,age      ] GC(510) - age   8:      93624 bytes,   12259408 total
[2026-01-26T07:13:38.617+0000][66][trace][gc,age      ] GC(510) - age   9:        808 bytes,   12260216 total
[2026-01-26T07:13:38.618+0000][66][trace][gc,age      ] GC(510) - age  11:      60000 bytes,   12320216 total
[2026-01-26T07:13:38.618+0000][66][trace][gc,age      ] GC(510) - age  12:     135888 bytes,   12456104 total
[2026-01-26T07:13:38.619+0000][66][trace][gc,age      ] GC(510) - age  13:      99008 bytes,   12555112 total
[2026-01-26T07:13:38.619+0000][66][trace][gc,age      ] GC(510) - age  14:        336 bytes,   12555448 total
[2026-01-26T07:13:38.619+0000][66][trace][gc,age      ] GC(510) - age  15:      18656 bytes,   12574104 total
[2026-01-26T07:13:38.620+0000][66][info ][gc,heap     ] GC(510) Eden regions: 144->0(149)
[2026-01-26T07:13:38.620+0000][66][info ][gc,heap     ] GC(510) Survivor regions: 9->4(20)
[2026-01-26T07:13:38.620+0000][66][info ][gc,heap     ] GC(510) Old regions: 44->44
[2026-01-26T07:13:38.621+0000][66][info ][gc,heap     ] GC(510) Humongous regions: 0->0
[2026-01-26T07:13:38.621+0000][66][info ][gc,metaspace] GC(510) Metaspace: 131095K(136896K)->131095K(136896K) NonClass: 113943K(117504K)->113943K(117504K) Class: 17151K(19392K)->17151K(19392K)
[2026-01-26T07:13:38.621+0000][66][info ][gc          ] GC(510) Pause Young (Normal) (G1 Evacuation Pause) 783M->188M(1024M) 20.311ms
[2026-01-26T07:13:38.622+0000][66][info ][gc,cpu      ] GC(510) User=0.02s Sys=0.01s Real=0.02s
[2026-01-26T07:13:38.622+0000][66][info ][safepoint   ] Safepoint "G1CollectForAllocation", Time since last: 3547535731 ns, Reaching safepoint: 23602 ns, Cleanup: 6400 ns, At safepoint: 21303782 ns, Total: 21333784 ns
[2026-01-26T07:13:43.247+0000][66][info ][safepoint   ] Safepoint "Cleanup", Time since last: 4624975992 ns, Reaching safepoint: 19402 ns, Cleanup: 13300 ns, At safepoint: 4201 ns, Total: 36903 ns
[2026-01-26T07:13:44.481+0000][66][info ][gc,start    ] GC(511) Pause Young (Normal) (G1 Evacuation Pause)
[2026-01-26T07:13:44.481+0000][66][info ][gc,task     ] GC(511) Using 6 workers of 6 for evacuation
[2026-01-26T07:13:44.482+0000][66][debug][gc,age      ] GC(511) Desired survivor size 41943040 bytes, new threshold 15 (max threshold 15)
[2026-01-26T07:13:44.489+0000][66][info ][gc,phases   ] GC(511)   Pre Evacuate Collection Set: 0.4ms
[2026-01-26T07:13:44.490+0000][66][info ][gc,phases   ] GC(511)   Merge Heap Roots: 0.2ms
[2026-01-26T07:13:44.490+0000][66][info ][gc,phases   ] GC(511)   Evacuate Collection Set: 4.6ms
[2026-01-26T07:13:44.491+0000][66][info ][gc,phases   ] GC(511)   Post Evacuate Collection Set: 1.4ms
[2026-01-26T07:13:44.491+0000][66][info ][gc,phases   ] GC(511)   Other: 1.2ms
[2026-01-26T07:13:44.492+0000][66][trace][gc,age      ] GC(511) Age table with threshold 15 (max threshold 15)
[2026-01-26T07:13:44.492+0000][66][trace][gc,age      ] GC(511) - age   1:    8899824 bytes,    8899824 total
[2026-01-26T07:13:44.493+0000][66][trace][gc,age      ] GC(511) - age   2:     458656 bytes,    9358480 total
[2026-01-26T07:13:44.493+0000][66][trace][gc,age      ] GC(511) - age   3:       3328 bytes,    9361808 total
[2026-01-26T07:13:44.494+0000][66][trace][gc,age      ] GC(511) - age   4:     245864 bytes,    9607672 total
[2026-01-26T07:13:44.494+0000][66][trace][gc,age      ] GC(511) - age   5:       1304 bytes,    9608976 total
[2026-01-26T07:13:44.494+0000][66][trace][gc,age      ] GC(511) - age   6:     145328 bytes,    9754304 total
[2026-01-26T07:13:44.495+0000][66][trace][gc,age      ] GC(511) - age   7:       1264 bytes,    9755568 total
[2026-01-26T07:13:44.495+0000][66][trace][gc,age      ] GC(511) - age   8:      98576 bytes,    9854144 total
[2026-01-26T07:13:44.496+0000][66][trace][gc,age      ] GC(511) - age   9:      93624 bytes,    9947768 total
[2026-01-26T07:13:44.496+0000][66][trace][gc,age      ] GC(511) - age  10:        808 bytes,    9948576 total
[2026-01-26T07:13:44.497+0000][66][trace][gc,age      ] GC(511) - age  12:      60000 bytes,   10008576 total
[2026-01-26T07:13:44.497+0000][66][trace][gc,age      ] GC(511) - age  13:      65672 bytes,   10074248 total
[2026-01-26T07:13:44.497+0000][66][trace][gc,age      ] GC(511) - age  14:      98352 bytes,   10172600 total
[2026-01-26T07:13:44.498+0000][66][info ][gc,heap     ] GC(511) Eden regions: 149->0(150)
[2026-01-26T07:13:44.498+0000][66][info ][gc,heap     ] GC(511) Survivor regions: 4->3(20)
[2026-01-26T07:13:44.498+0000][66][info ][gc,heap     ] GC(511) Old regions: 44->44
[2026-01-26T07:13:44.499+0000][66][info ][gc,heap     ] GC(511) Humongous regions: 0->0
[2026-01-26T07:13:44.499+0000][66][info ][gc,metaspace] GC(511) Metaspace: 131095K(136896K)->131095K(136896K) NonClass: 113944K(117504K)->113944K(117504K) Class: 17151K(19392K)->17151K(19392K)
[2026-01-26T07:13:44.500+0000][66][info ][gc          ] GC(511) Pause Young (Normal) (G1 Evacuation Pause) 784M->183M(1024M) 18.705ms
[2026-01-26T07:13:44.500+0000][66][info ][gc,cpu      ] GC(511) User=0.02s Sys=0.01s Real=0.02s
[2026-01-26T07:13:44.501+0000][66][info ][safepoint   ] Safepoint "G1CollectForAllocation", Time since last: 1233537684 ns, Reaching safepoint: 20502 ns, Cleanup: 5200 ns, At safepoint: 19670476 ns, Total: 19696178 ns
[2026-01-26T07:13:50.796+0000][66][info ][gc,start    ] GC(512) Pause Young (Normal) (G1 Evacuation Pause)
[2026-01-26T07:13:50.796+0000][66][info ][gc,task     ] GC(512) Using 6 workers of 6 for evacuation
[2026-01-26T07:13:50.797+0000][66][debug][gc,age      ] GC(512) Desired survivor size 41943040 bytes, new threshold 15 (max threshold 15)
[2026-01-26T07:13:50.803+0000][66][info ][gc,phases   ] GC(512)   Pre Evacuate Collection Set: 0.4ms
[2026-01-26T07:13:50.804+0000][66][info ][gc,phases   ] GC(512)   Merge Heap Roots: 0.1ms
[2026-01-26T07:13:50.804+0000][66][info ][gc,phases   ] GC(512)   Evacuate Collection Set: 4.4ms
[2026-01-26T07:13:50.805+0000][66][info ][gc,phases   ] GC(512)   Post Evacuate Collection Set: 1.2ms
[2026-01-26T07:13:50.805+0000][66][info ][gc,phases   ] GC(512)   Other: 1.0ms
[2026-01-26T07:13:50.805+0000][66][trace][gc,age      ] GC(512) Age table with threshold 15 (max threshold 15)
[2026-01-26T07:13:50.806+0000][66][trace][gc,age      ] GC(512) - age   1:   11916440 bytes,   11916440 total
[2026-01-26T07:13:50.806+0000][66][trace][gc,age      ] GC(512) - age   2:     237120 bytes,   12153560 total
[2026-01-26T07:13:50.806+0000][66][trace][gc,age      ] GC(512) - age   3:     352264 bytes,   12505824 total
[2026-01-26T07:13:50.807+0000][66][trace][gc,age      ] GC(512) - age   4:       3328 bytes,   12509152 total
[2026-01-26T07:13:50.807+0000][66][trace][gc,age      ] GC(512) - age   5:     245864 bytes,   12755016 total
[2026-01-26T07:13:50.807+0000][66][trace][gc,age      ] GC(512) - age   6:        736 bytes,   12755752 total
[2026-01-26T07:13:50.807+0000][66][trace][gc,age      ] GC(512) - age   7:     145080 bytes,   12900832 total
[2026-01-26T07:13:50.808+0000][66][trace][gc,age      ] GC(512) - age   8:       1264 bytes,   12902096 total
[2026-01-26T07:13:50.808+0000][66][trace][gc,age      ] GC(512) - age   9:      98576 bytes,   13000672 total
[2026-01-26T07:13:50.808+0000][66][trace][gc,age      ] GC(512) - age  10:      93624 bytes,   13094296 total
[2026-01-26T07:13:50.809+0000][66][trace][gc,age      ] GC(512) - age  11:        808 bytes,   13095104 total
[2026-01-26T07:13:50.809+0000][66][trace][gc,age      ] GC(512) - age  13:      60000 bytes,   13155104 total
[2026-01-26T07:13:50.809+0000][66][trace][gc,age      ] GC(512) - age  14:      65432 bytes,   13220536 total
[2026-01-26T07:13:50.809+0000][66][trace][gc,age      ] GC(512) - age  15:      98352 bytes,   13318888 total
[2026-01-26T07:13:50.810+0000][66][info ][gc,heap     ] GC(512) Eden regions: 150->0(149)
[2026-01-26T07:13:50.810+0000][66][info ][gc,heap     ] GC(512) Survivor regions: 3->4(20)
[2026-01-26T07:13:50.810+0000][66][info ][gc,heap     ] GC(512) Old regions: 44->44
[2026-01-26T07:13:50.810+0000][66][info ][gc,heap     ] GC(512) Humongous regions: 0->0
[2026-01-26T07:13:50.811+0000][66][info ][gc,metaspace] GC(512) Metaspace: 131095K(136896K)->131095K(136896K) NonClass: 113944K(117504K)->113944K(117504K) Class: 17151K(19392K)->17151K(19392K)
[2026-01-26T07:13:50.811+0000][66][info ][gc          ] GC(512) Pause Young (Normal) (G1 Evacuation Pause) 783M->187M(1024M) 15.310ms
[2026-01-26T07:13:50.811+0000][66][info ][gc,cpu      ] GC(512) User=0.02s Sys=0.00s Real=0.01s
[2026-01-26T07:13:50.812+0000][66][info ][safepoint   ] Safepoint "G1CollectForAllocation", Time since last: 6295074954 ns, Reaching safepoint: 15501 ns, Cleanup: 3900 ns, At safepoint: 15895613 ns, Total: 15915014 ns
[2026-01-26T07:13:56.562+0000][66][info ][gc,start    ] GC(513) Pause Young (Normal) (G1 Evacuation Pause)
[2026-01-26T07:13:56.563+0000][66][info ][gc,task     ] GC(513) Using 6 workers of 6 for evacuation
[2026-01-26T07:13:56.563+0000][66][debug][gc,age      ] GC(513) Desired survivor size 41943040 bytes, new threshold 15 (max threshold 15)
[2026-01-26T07:13:56.573+0000][66][info ][gc,phases   ] GC(513)   Pre Evacuate Collection Set: 0.4ms
[2026-01-26T07:13:56.574+0000][66][info ][gc,phases   ] GC(513)   Merge Heap Roots: 0.1ms
[2026-01-26T07:13:56.574+0000][66][info ][gc,phases   ] GC(513)   Evacuate Collection Set: 8.0ms
[2026-01-26T07:13:56.575+0000][66][info ][gc,phases   ] GC(513)   Post Evacuate Collection Set: 1.1ms
[2026-01-26T07:13:56.575+0000][66][info ][gc,phases   ] GC(513)   Other: 0.9ms
[2026-01-26T07:13:56.576+0000][66][trace][gc,age      ] GC(513) Age table with threshold 15 (max threshold 15)
[2026-01-26T07:13:56.576+0000][66][trace][gc,age      ] GC(513) - age   1:   20632680 bytes,   20632680 total
[2026-01-26T07:13:56.576+0000][66][trace][gc,age      ] GC(513) - age   2:    6980144 bytes,   27612824 total
[2026-01-26T07:13:56.577+0000][66][trace][gc,age      ] GC(513) - age   3:     236384 bytes,   27849208 total
[2026-01-26T07:13:56.577+0000][66][trace][gc,age      ] GC(513) - age   4:     352264 bytes,   28201472 total
[2026-01-26T07:13:56.578+0000][66][trace][gc,age      ] GC(513) - age   5:       3328 bytes,   28204800 total
[2026-01-26T07:13:56.578+0000][66][trace][gc,age      ] GC(513) - age   6:     245864 bytes,   28450664 total
[2026-01-26T07:13:56.578+0000][66][trace][gc,age      ] GC(513) - age   7:        736 bytes,   28451400 total
[2026-01-26T07:13:56.579+0000][66][trace][gc,age      ] GC(513) - age   8:     145080 bytes,   28596480 total
[2026-01-26T07:13:56.579+0000][66][trace][gc,age      ] GC(513) - age   9:       1264 bytes,   28597744 total
[2026-01-26T07:13:56.580+0000][66][trace][gc,age      ] GC(513) - age  10:      98576 bytes,   28696320 total
[2026-01-26T07:13:56.580+0000][66][trace][gc,age      ] GC(513) - age  11:      93624 bytes,   28789944 total
[2026-01-26T07:13:56.580+0000][66][trace][gc,age      ] GC(513) - age  12:        808 bytes,   28790752 total
[2026-01-26T07:13:56.581+0000][66][trace][gc,age      ] GC(513) - age  14:      60000 bytes,   28850752 total
[2026-01-26T07:13:56.581+0000][66][trace][gc,age      ] GC(513) - age  15:      65432 bytes,   28916184 total
[2026-01-26T07:13:56.582+0000][66][info ][gc,heap     ] GC(513) Eden regions: 149->0(145)
[2026-01-26T07:13:56.582+0000][66][info ][gc,heap     ] GC(513) Survivor regions: 4->8(20)
[2026-01-26T07:13:56.582+0000][66][info ][gc,heap     ] GC(513) Old regions: 44->44
[2026-01-26T07:13:56.583+0000][66][info ][gc,heap     ] GC(513) Humongous regions: 0->0
[2026-01-26T07:13:56.583+0000][66][info ][gc,metaspace] GC(513) Metaspace: 131095K(136896K)->131095K(136896K) NonClass: 113944K(117504K)->113944K(117504K) Class: 17151K(19392K)->17151K(19392K)
[2026-01-26T07:13:56.583+0000][66][info ][gc          ] GC(513) Pause Young (Normal) (G1 Evacuation Pause) 783M->202M(1024M) 21.326ms
[2026-01-26T07:13:56.584+0000][66][info ][gc,cpu      ] GC(513) User=0.05s Sys=0.00s Real=0.02s
[2026-01-26T07:13:56.584+0000][66][info ][safepoint   ] Safepoint "G1CollectForAllocation", Time since last: 5750444140 ns, Reaching safepoint: 16801 ns, Cleanup: 4301 ns, At safepoint: 22128348 ns, Total: 22149450 ns
[2026-01-26T07:14:00.042+0000][66][info ][safepoint   ] Safepoint "Cleanup", Time since last: 3457417992 ns, Reaching safepoint: 156311 ns, Cleanup: 9601 ns, At safepoint: 62204 ns, Total: 228116 ns
[2026-01-26T07:14:01.186+0000][66][info ][safepoint   ] Safepoint "Cleanup", Time since last: 1144488932 ns, Reaching safepoint: 21101 ns, Cleanup: 12601 ns, At safepoint: 3000 ns, Total: 36702 ns
[2026-01-26T07:14:01.898+0000][66][info ][gc,start    ] GC(514) Pause Young (Normal) (G1 Evacuation Pause)
[2026-01-26T07:14:01.899+0000][66][info ][gc,task     ] GC(514) Using 6 workers of 6 for evacuation
[2026-01-26T07:14:01.899+0000][66][debug][gc,age      ] GC(514) Desired survivor size 41943040 bytes, new threshold 15 (max threshold 15)
[2026-01-26T07:14:01.906+0000][66][info ][gc,phases   ] GC(514)   Pre Evacuate Collection Set: 0.4ms
[2026-01-26T07:14:01.906+0000][66][info ][gc,phases   ] GC(514)   Merge Heap Roots: 0.1ms
[2026-01-26T07:14:01.907+0000][66][info ][gc,phases   ] GC(514)   Evacuate Collection Set: 4.4ms
[2026-01-26T07:14:01.907+0000][66][info ][gc,phases   ] GC(514)   Post Evacuate Collection Set: 1.0ms
[2026-01-26T07:14:01.907+0000][66][info ][gc,phases   ] GC(514)   Other: 0.9ms
[2026-01-26T07:14:01.908+0000][66][trace][gc,age      ] GC(514) Age table with threshold 15 (max threshold 15)
[2026-01-26T07:14:01.908+0000][66][trace][gc,age      ] GC(514) - age   1:    9635600 bytes,    9635600 total
[2026-01-26T07:14:01.909+0000][66][trace][gc,age      ] GC(514) - age   2:        392 bytes,    9635992 total
[2026-01-26T07:14:01.909+0000][66][trace][gc,age      ] GC(514) - age   3:      77816 bytes,    9713808 total
[2026-01-26T07:14:01.909+0000][66][trace][gc,age      ] GC(514) - age   4:     234000 bytes,    9947808 total
[2026-01-26T07:14:01.910+0000][66][trace][gc,age      ] GC(514) - age   5:     349600 bytes,   10297408 total
[2026-01-26T07:14:01.910+0000][66][trace][gc,age      ] GC(514) - age   6:       1856 bytes,   10299264 total
[2026-01-26T07:14:01.910+0000][66][trace][gc,age      ] GC(514) - age   7:     245688 bytes,   10544952 total
[2026-01-26T07:14:01.911+0000][66][trace][gc,age      ] GC(514) - age   8:        736 bytes,   10545688 total
[2026-01-26T07:14:01.911+0000][66][trace][gc,age      ] GC(514) - age   9:     145080 bytes,   10690768 total
[2026-01-26T07:14:01.911+0000][66][trace][gc,age      ] GC(514) - age  10:       1264 bytes,   10692032 total
[2026-01-26T07:14:01.911+0000][66][trace][gc,age      ] GC(514) - age  11:      98544 bytes,   10790576 total
[2026-01-26T07:14:01.912+0000][66][trace][gc,age      ] GC(514) - age  12:      93592 bytes,   10884168 total
[2026-01-26T07:14:01.912+0000][66][trace][gc,age      ] GC(514) - age  13:        808 bytes,   10884976 total
[2026-01-26T07:14:01.912+0000][66][trace][gc,age      ] GC(514) - age  15:      60000 bytes,   10944976 total
[2026-01-26T07:14:01.913+0000][66][info ][gc,heap     ] GC(514) Eden regions: 145->0(150)
[2026-01-26T07:14:01.913+0000][66][info ][gc,heap     ] GC(514) Survivor regions: 8->3(20)
[2026-01-26T07:14:01.913+0000][66][info ][gc,heap     ] GC(514) Old regions: 44->44
[2026-01-26T07:14:01.914+0000][66][info ][gc,heap     ] GC(514) Humongous regions: 0->0
[2026-01-26T07:14:01.914+0000][66][info ][gc,metaspace] GC(514) Metaspace: 131097K(136896K)->131097K(136896K) NonClass: 113945K(117504K)->113945K(117504K) Class: 17151K(19392K)->17151K(19392K)
[2026-01-26T07:14:01.915+0000][66][info ][gc          ] GC(514) Pause Young (Normal) (G1 Evacuation Pause) 782M->184M(1024M) 16.287ms
[2026-01-26T07:14:01.915+0000][66][info ][gc,cpu      ] GC(514) User=0.02s Sys=0.00s Real=0.02s
[2026-01-26T07:14:01.915+0000][66][info ][safepoint   ] Safepoint "G1CollectForAllocation", Time since last: 714017418 ns, Reaching safepoint: 16801 ns, Cleanup: 4700 ns, At safepoint: 17182494 ns, Total: 17203995 ns
[2026-01-26T07:14:08.008+0000][66][info ][gc,start    ] GC(515) Pause Young (Normal) (G1 Evacuation Pause)
[2026-01-26T07:14:08.009+0000][66][info ][gc,task     ] GC(515) Using 6 workers of 6 for evacuation
[2026-01-26T07:14:08.009+0000][66][debug][gc,age      ] GC(515) Desired survivor size 41943040 bytes, new threshold 15 (max threshold 15)
[2026-01-26T07:14:08.022+0000][66][info ][gc,phases   ] GC(515)   Pre Evacuate Collection Set: 0.5ms
[2026-01-26T07:14:08.023+0000][66][info ][gc,phases   ] GC(515)   Merge Heap Roots: 0.2ms
[2026-01-26T07:14:08.023+0000][66][info ][gc,phases   ] GC(515)   Evacuate Collection Set: 9.5ms
[2026-01-26T07:14:08.023+0000][66][info ][gc,phases   ] GC(515)   Post Evacuate Collection Set: 1.6ms
[2026-01-26T07:14:08.024+0000][66][info ][gc,phases   ] GC(515)   Other: 1.2ms
[2026-01-26T07:14:08.024+0000][66][trace][gc,age      ] GC(515) Age table with threshold 15 (max threshold 15)
[2026-01-26T07:14:08.025+0000][66][trace][gc,age      ] GC(515) - age   1:   22535752 bytes,   22535752 total
[2026-01-26T07:14:08.025+0000][66][trace][gc,age      ] GC(515) - age   2:    6028352 bytes,   28564104 total
[2026-01-26T07:14:08.025+0000][66][trace][gc,age      ] GC(515) - age   3:         32 bytes,   28564136 total
[2026-01-26T07:14:08.026+0000][66][trace][gc,age      ] GC(515) - age   4:      77816 bytes,   28641952 total
[2026-01-26T07:14:08.026+0000][66][trace][gc,age      ] GC(515) - age   5:     233600 bytes,   28875552 total
[2026-01-26T07:14:08.027+0000][66][trace][gc,age      ] GC(515) - age   6:     349600 bytes,   29225152 total
[2026-01-26T07:14:08.027+0000][66][trace][gc,age      ] GC(515) - age   7:       1672 bytes,   29226824 total
[2026-01-26T07:14:08.027+0000][66][trace][gc,age      ] GC(515) - age   8:     245688 bytes,   29472512 total
[2026-01-26T07:14:08.028+0000][66][trace][gc,age      ] GC(515) - age   9:        736 bytes,   29473248 total
[2026-01-26T07:14:08.028+0000][66][trace][gc,age      ] GC(515) - age  10:     145080 bytes,   29618328 total
[2026-01-26T07:14:08.029+0000][66][trace][gc,age      ] GC(515) - age  11:       1264 bytes,   29619592 total
[2026-01-26T07:14:08.029+0000][66][trace][gc,age      ] GC(515) - age  12:      98544 bytes,   29718136 total
[2026-01-26T07:14:08.029+0000][66][trace][gc,age      ] GC(515) - age  13:      93592 bytes,   29811728 total
[2026-01-26T07:14:08.030+0000][66][trace][gc,age      ] GC(515) - age  14:        808 bytes,   29812536 total
[2026-01-26T07:14:08.030+0000][66][info ][gc,heap     ] GC(515) Eden regions: 150->0(145)
[2026-01-26T07:14:08.031+0000][66][info ][gc,heap     ] GC(515) Survivor regions: 3->8(20)
[2026-01-26T07:14:08.031+0000][66][info ][gc,heap     ] GC(515) Old regions: 44->44
[2026-01-26T07:14:08.031+0000][66][info ][gc,heap     ] GC(515) Humongous regions: 0->0
[2026-01-26T07:14:08.032+0000][66][info ][gc,metaspace] GC(515) Metaspace: 131097K(136896K)->131097K(136896K) NonClass: 113945K(117504K)->113945K(117504K) Class: 17151K(19392K)->17151K(19392K)
[2026-01-26T07:14:08.032+0000][66][info ][gc          ] GC(515) Pause Young (Normal) (G1 Evacuation Pause) 784M->203M(1024M) 24.318ms
[2026-01-26T07:14:08.033+0000][66][info ][gc,cpu      ] GC(515) User=0.05s Sys=0.00s Real=0.02s
[2026-01-26T07:14:08.033+0000][66][info ][safepoint   ] Safepoint "G1CollectForAllocation", Time since last: 6092120939 ns, Reaching safepoint: 53204 ns, Cleanup: 6501 ns, At safepoint: 25447668 ns, Total: 25507373 ns
[2026-01-26T07:14:11.918+0000][66][info ][gc,start    ] GC(516) Pause Young (Normal) (G1 Evacuation Pause)
[2026-01-26T07:14:11.918+0000][66][info ][gc,task     ] GC(516) Using 6 workers of 6 for evacuation
[2026-01-26T07:14:11.919+0000][66][debug][gc,age      ] GC(516) Desired survivor size 41943040 bytes, new threshold 15 (max threshold 15)
[2026-01-26T07:14:11.932+0000][66][info ][gc,phases   ] GC(516)   Pre Evacuate Collection Set: 0.3ms
[2026-01-26T07:14:11.932+0000][66][info ][gc,phases   ] GC(516)   Merge Heap Roots: 0.2ms
[2026-01-26T07:14:11.932+0000][66][info ][gc,phases   ] GC(516)   Evacuate Collection Set: 10.8ms
[2026-01-26T07:14:11.933+0000][66][info ][gc,phases   ] GC(516)   Post Evacuate Collection Set: 1.2ms
[2026-01-26T07:14:11.933+0000][66][info ][gc,phases   ] GC(516)   Other: 0.8ms
[2026-01-26T07:14:11.934+0000][66][trace][gc,age      ] GC(516) Age table with threshold 15 (max threshold 15)
[2026-01-26T07:14:11.934+0000][66][trace][gc,age      ] GC(516) - age   1:   16973064 bytes,   16973064 total
[2026-01-26T07:14:11.934+0000][66][trace][gc,age      ] GC(516) - age   2:   14706176 bytes,   31679240 total
[2026-01-26T07:14:11.935+0000][66][trace][gc,age      ] GC(516) - age   3:    5348904 bytes,   37028144 total
[2026-01-26T07:14:11.935+0000][66][trace][gc,age      ] GC(516) - age   4:         32 bytes,   37028176 total
[2026-01-26T07:14:11.935+0000][66][trace][gc,age      ] GC(516) - age   5:      76696 bytes,   37104872 total
[2026-01-26T07:14:11.936+0000][66][trace][gc,age      ] GC(516) - age   6:     229320 bytes,   37334192 total
[2026-01-26T07:14:11.936+0000][66][trace][gc,age      ] GC(516) - age   7:     349600 bytes,   37683792 total
[2026-01-26T07:14:11.936+0000][66][trace][gc,age      ] GC(516) - age   8:       1584 bytes,   37685376 total
[2026-01-26T07:14:11.937+0000][66][trace][gc,age      ] GC(516) - age   9:     245688 bytes,   37931064 total
[2026-01-26T07:14:11.937+0000][66][trace][gc,age      ] GC(516) - age  10:        736 bytes,   37931800 total
[2026-01-26T07:14:11.937+0000][66][trace][gc,age      ] GC(516) - age  11:     144904 bytes,   38076704 total
[2026-01-26T07:14:11.938+0000][66][trace][gc,age      ] GC(516) - age  12:       1264 bytes,   38077968 total
[2026-01-26T07:14:11.938+0000][66][trace][gc,age      ] GC(516) - age  13:      98544 bytes,   38176512 total
[2026-01-26T07:14:11.938+0000][66][trace][gc,age      ] GC(516) - age  14:      93592 bytes,   38270104 total
[2026-01-26T07:14:11.938+0000][66][trace][gc,age      ] GC(516) - age  15:        808 bytes,   38270912 total
[2026-01-26T07:14:11.939+0000][66][info ][gc,heap     ] GC(516) Eden regions: 145->0(143)
[2026-01-26T07:14:11.939+0000][66][info ][gc,heap     ] GC(516) Survivor regions: 8->10(20)
[2026-01-26T07:14:11.939+0000][66][info ][gc,heap     ] GC(516) Old regions: 44->44
[2026-01-26T07:14:11.939+0000][66][info ][gc,heap     ] GC(516) Humongous regions: 0->0
[2026-01-26T07:14:11.940+0000][66][info ][gc,metaspace] GC(516) Metaspace: 131098K(136896K)->131098K(136896K) NonClass: 113947K(117504K)->113947K(117504K) Class: 17151K(19392K)->17151K(19392K)
[2026-01-26T07:14:11.940+0000][66][info ][gc          ] GC(516) Pause Young (Normal) (G1 Evacuation Pause) 783M->212M(1024M) 22.073ms
[2026-01-26T07:14:11.940+0000][66][info ][gc,cpu      ] GC(516) User=0.05s Sys=0.01s Real=0.02s
[2026-01-26T07:14:11.941+0000][66][info ][safepoint   ] Safepoint "G1CollectForAllocation", Time since last: 3884613631 ns, Reaching safepoint: 241616 ns, Cleanup: 5001 ns, At safepoint: 22797984 ns, Total: 23044601 ns
[2026-01-26T07:14:16.975+0000][66][info ][gc,start    ] GC(517) Pause Young (Normal) (G1 Evacuation Pause)
[2026-01-26T07:14:16.976+0000][66][info ][gc,task     ] GC(517) Using 6 workers of 6 for evacuation
[2026-01-26T07:14:16.976+0000][66][debug][gc,age      ] GC(517) Desired survivor size 41943040 bytes, new threshold 15 (max threshold 15)
[2026-01-26T07:14:16.985+0000][66][info ][gc,phases   ] GC(517)   Pre Evacuate Collection Set: 0.4ms
[2026-01-26T07:14:16.986+0000][66][info ][gc,phases   ] GC(517)   Merge Heap Roots: 0.2ms
[2026-01-26T07:14:16.986+0000][66][info ][gc,phases   ] GC(517)   Evacuate Collection Set: 6.7ms
[2026-01-26T07:14:16.987+0000][66][info ][gc,phases   ] GC(517)   Post Evacuate Collection Set: 1.2ms
[2026-01-26T07:14:16.987+0000][66][info ][gc,phases   ] GC(517)   Other: 1.1ms
[2026-01-26T07:14:16.988+0000][66][trace][gc,age      ] GC(517) Age table with threshold 15 (max threshold 15)
[2026-01-26T07:14:16.988+0000][66][trace][gc,age      ] GC(517) - age   1:   16907648 bytes,   16907648 total
[2026-01-26T07:14:16.988+0000][66][trace][gc,age      ] GC(517) - age   2:    3232824 bytes,   20140472 total
[2026-01-26T07:14:16.989+0000][66][trace][gc,age      ] GC(517) - age   3:       3952 bytes,   20144424 total
[2026-01-26T07:14:16.989+0000][66][trace][gc,age      ] GC(517) - age   4:      96992 bytes,   20241416 total
[2026-01-26T07:14:16.990+0000][66][trace][gc,age      ] GC(517) - age   5:         32 bytes,   20241448 total
[2026-01-26T07:14:16.990+0000][66][trace][gc,age      ] GC(517) - age   6:      74592 bytes,   20316040 total
[2026-01-26T07:14:16.991+0000][66][trace][gc,age      ] GC(517) - age   7:     229128 bytes,   20545168 total
[2026-01-26T07:14:16.991+0000][66][trace][gc,age      ] GC(517) - age   8:     349600 bytes,   20894768 total
[2026-01-26T07:14:16.992+0000][66][trace][gc,age      ] GC(517) - age   9:       1584 bytes,   20896352 total
[2026-01-26T07:14:16.992+0000][66][trace][gc,age      ] GC(517) - age  10:     245688 bytes,   21142040 total
[2026-01-26T07:14:16.992+0000][66][trace][gc,age      ] GC(517) - age  11:        736 bytes,   21142776 total
[2026-01-26T07:14:16.993+0000][66][trace][gc,age      ] GC(517) - age  12:     144904 bytes,   21287680 total
[2026-01-26T07:14:16.993+0000][66][trace][gc,age      ] GC(517) - age  13:       1264 bytes,   21288944 total
[2026-01-26T07:14:16.994+0000][66][trace][gc,age      ] GC(517) - age  14:      98544 bytes,   21387488 total
[2026-01-26T07:14:16.994+0000][66][trace][gc,age      ] GC(517) - age  15:      93592 bytes,   21481080 total
[2026-01-26T07:14:16.994+0000][66][info ][gc,heap     ] GC(517) Eden regions: 143->0(147)
[2026-01-26T07:14:16.995+0000][66][info ][gc,heap     ] GC(517) Survivor regions: 10->6(20)
[2026-01-26T07:14:16.995+0000][66][info ][gc,heap     ] GC(517) Old regions: 44->44
[2026-01-26T07:14:16.996+0000][66][info ][gc,heap     ] GC(517) Humongous regions: 0->0
[2026-01-26T07:14:16.996+0000][66][info ][gc,metaspace] GC(517) Metaspace: 131098K(136896K)->131098K(136896K) NonClass: 113947K(117504K)->113947K(117504K) Class: 17151K(19392K)->17151K(19392K)
[2026-01-26T07:14:16.997+0000][66][info ][gc          ] GC(517) Pause Young (Normal) (G1 Evacuation Pause) 784M->195M(1024M) 21.563ms
[2026-01-26T07:14:16.997+0000][66][info ][gc,cpu      ] GC(517) User=0.03s Sys=0.00s Real=0.02s
[2026-01-26T07:14:16.997+0000][66][info ][safepoint   ] Safepoint "G1CollectForAllocation", Time since last: 5034325657 ns, Reaching safepoint: 18601 ns, Cleanup: 4601 ns, At safepoint: 22371159 ns, Total: 22394361 ns
[2026-01-26T07:14:21.996+0000][66][info ][gc,start    ] GC(518) Pause Young (Normal) (G1 Evacuation Pause)
[2026-01-26T07:14:21.996+0000][66][info ][gc,task     ] GC(518) Using 6 workers of 6 for evacuation
[2026-01-26T07:14:21.997+0000][66][debug][gc,age      ] GC(518) Desired survivor size 41943040 bytes, new threshold 15 (max threshold 15)
[2026-01-26T07:14:22.008+0000][66][info ][gc,phases   ] GC(518)   Pre Evacuate Collection Set: 0.3ms
[2026-01-26T07:14:22.009+0000][66][info ][gc,phases   ] GC(518)   Merge Heap Roots: 0.1ms
[2026-01-26T07:14:22.009+0000][66][info ][gc,phases   ] GC(518)   Evacuate Collection Set: 9.5ms
[2026-01-26T07:14:22.009+0000][66][info ][gc,phases   ] GC(518)   Post Evacuate Collection Set: 1.2ms
[2026-01-26T07:14:22.010+0000][66][info ][gc,phases   ] GC(518)   Other: 0.9ms
[2026-01-26T07:14:22.010+0000][66][trace][gc,age      ] GC(518) Age table with threshold 15 (max threshold 15)
[2026-01-26T07:14:22.011+0000][66][trace][gc,age      ] GC(518) - age   1:   21961232 bytes,   21961232 total
[2026-01-26T07:14:22.011+0000][66][trace][gc,age      ] GC(518) - age   2:   10445824 bytes,   32407056 total
[2026-01-26T07:14:22.012+0000][66][trace][gc,age      ] GC(518) - age   3:    3231552 bytes,   35638608 total
[2026-01-26T07:14:22.012+0000][66][trace][gc,age      ] GC(518) - age   4:       3952 bytes,   35642560 total
[2026-01-26T07:14:22.013+0000][66][trace][gc,age      ] GC(518) - age   5:      96992 bytes,   35739552 total
[2026-01-26T07:14:22.013+0000][66][trace][gc,age      ] GC(518) - age   6:         32 bytes,   35739584 total
[2026-01-26T07:14:22.013+0000][66][trace][gc,age      ] GC(518) - age   7:      74024 bytes,   35813608 total
[2026-01-26T07:14:22.014+0000][66][trace][gc,age      ] GC(518) - age   8:     229128 bytes,   36042736 total
[2026-01-26T07:14:22.014+0000][66][trace][gc,age      ] GC(518) - age   9:     348224 bytes,   36390960 total
[2026-01-26T07:14:22.015+0000][66][trace][gc,age      ] GC(518) - age  10:       1024 bytes,   36391984 total
[2026-01-26T07:14:22.015+0000][66][trace][gc,age      ] GC(518) - age  11:     245688 bytes,   36637672 total
[2026-01-26T07:14:22.015+0000][66][trace][gc,age      ] GC(518) - age  12:        552 bytes,   36638224 total
[2026-01-26T07:14:22.016+0000][66][trace][gc,age      ] GC(518) - age  13:     144872 bytes,   36783096 total
[2026-01-26T07:14:22.016+0000][66][trace][gc,age      ] GC(518) - age  14:       1264 bytes,   36784360 total
[2026-01-26T07:14:22.016+0000][66][trace][gc,age      ] GC(518) - age  15:      98544 bytes,   36882904 total
[2026-01-26T07:14:22.017+0000][66][info ][gc,heap     ] GC(518) Eden regions: 147->0(143)
[2026-01-26T07:14:22.017+0000][66][info ][gc,heap     ] GC(518) Survivor regions: 6->10(20)
[2026-01-26T07:14:22.017+0000][66][info ][gc,heap     ] GC(518) Old regions: 44->44
[2026-01-26T07:14:22.018+0000][66][info ][gc,heap     ] GC(518) Humongous regions: 0->0
[2026-01-26T07:14:22.018+0000][66][info ][gc,metaspace] GC(518) Metaspace: 131098K(136896K)->131098K(136896K) NonClass: 113947K(117504K)->113947K(117504K) Class: 17151K(19392K)->17151K(19392K)
[2026-01-26T07:14:22.018+0000][66][info ][gc          ] GC(518) Pause Young (Normal) (G1 Evacuation Pause) 783M->212M(1024M) 22.241ms
[2026-01-26T07:14:22.018+0000][66][info ][gc,cpu      ] GC(518) User=0.05s Sys=0.00s Real=0.02s
[2026-01-26T07:14:22.019+0000][66][info ][safepoint   ] Safepoint "G1CollectForAllocation", Time since last: 4998343277 ns, Reaching safepoint: 16801 ns, Cleanup: 3801 ns, At safepoint: 22892151 ns, Total: 22912753 ns
[2026-01-26T07:14:24.153+0000][66][info ][safepoint   ] Safepoint "Cleanup", Time since last: 2134708737 ns, Reaching safepoint: 11400 ns, Cleanup: 10101 ns, At safepoint: 4600 ns, Total: 26101 ns
[2026-01-26T07:14:25.736+0000][66][info ][safepoint   ] Safepoint "Cleanup", Time since last: 1582973324 ns, Reaching safepoint: 18002 ns, Cleanup: 12101 ns, At safepoint: 2900 ns, Total: 33003 ns
[2026-01-26T07:14:26.006+0000][66][info ][gc,start    ] GC(519) Pause Young (Normal) (G1 Evacuation Pause)
[2026-01-26T07:14:26.007+0000][66][info ][gc,task     ] GC(519) Using 6 workers of 6 for evacuation
[2026-01-26T07:14:26.007+0000][66][debug][gc,age      ] GC(519) Desired survivor size 41943040 bytes, new threshold 15 (max threshold 15)
[2026-01-26T07:14:26.027+0000][66][info ][gc,phases   ] GC(519)   Pre Evacuate Collection Set: 0.3ms
[2026-01-26T07:14:26.028+0000][66][info ][gc,phases   ] GC(519)   Merge Heap Roots: 0.2ms
[2026-01-26T07:14:26.028+0000][66][info ][gc,phases   ] GC(519)   Evacuate Collection Set: 18.1ms
[2026-01-26T07:14:26.028+0000][66][info ][gc,phases   ] GC(519)   Post Evacuate Collection Set: 1.2ms
[2026-01-26T07:14:26.029+0000][66][info ][gc,phases   ] GC(519)   Other: 1.0ms
[2026-01-26T07:14:26.029+0000][66][trace][gc,age      ] GC(519) Age table with threshold 15 (max threshold 15)
[2026-01-26T07:14:26.032+0000][66][trace][gc,age      ] GC(519) - age   1:   17483304 bytes,   17483304 total
[2026-01-26T07:14:26.033+0000][66][trace][gc,age      ] GC(519) - age   2:   12133288 bytes,   29616592 total
[2026-01-26T07:14:26.033+0000][66][trace][gc,age      ] GC(519) - age   3:    9640416 bytes,   39257008 total
[2026-01-26T07:14:26.034+0000][66][trace][gc,age      ] GC(519) - age   4:    2879608 bytes,   42136616 total
[2026-01-26T07:14:26.034+0000][66][trace][gc,age      ] GC(519) - age   5:       3952 bytes,   42140568 total
[2026-01-26T07:14:26.036+0000][66][trace][gc,age      ] GC(519) - age   6:      96352 bytes,   42236920 total
[2026-01-26T07:14:26.037+0000][66][trace][gc,age      ] GC(519) - age   7:         32 bytes,   42236952 total
[2026-01-26T07:14:26.037+0000][66][trace][gc,age      ] GC(519) - age   8:      74024 bytes,   42310976 total
[2026-01-26T07:14:26.038+0000][66][trace][gc,age      ] GC(519) - age   9:     228584 bytes,   42539560 total
[2026-01-26T07:14:26.038+0000][66][trace][gc,age      ] GC(519) - age  10:      93288 bytes,   42632848 total
[2026-01-26T07:14:26.038+0000][66][trace][gc,age      ] GC(519) - age  11:        992 bytes,   42633840 total
[2026-01-26T07:14:26.039+0000][66][trace][gc,age      ] GC(519) - age  12:     244912 bytes,   42878752 total
[2026-01-26T07:14:26.039+0000][66][trace][gc,age      ] GC(519) - age  13:        552 bytes,   42879304 total
[2026-01-26T07:14:26.040+0000][66][trace][gc,age      ] GC(519) - age  14:      80008 bytes,   42959312 total
[2026-01-26T07:14:26.040+0000][66][trace][gc,age      ] GC(519) - age  15:        952 bytes,   42960264 total
[2026-01-26T07:14:26.040+0000][66][info ][gc,heap     ] GC(519) Eden regions: 143->0(141)
[2026-01-26T07:14:26.041+0000][66][info ][gc,heap     ] GC(519) Survivor regions: 10->12(20)
[2026-01-26T07:14:26.042+0000][66][info ][gc,heap     ] GC(519) Old regions: 44->44
[2026-01-26T07:14:26.042+0000][66][info ][gc,heap     ] GC(519) Humongous regions: 0->0
[2026-01-26T07:14:26.043+0000][66][info ][gc,metaspace] GC(519) Metaspace: 131100K(136896K)->131100K(136896K) NonClass: 113948K(117504K)->113948K(117504K) Class: 17151K(19392K)->17151K(19392K)
[2026-01-26T07:14:26.044+0000][66][info ][gc          ] GC(519) Pause Young (Normal) (G1 Evacuation Pause) 784M->219M(1024M) 37.442ms
[2026-01-26T07:14:26.044+0000][66][info ][gc,cpu      ] GC(519) User=0.07s Sys=0.00s Real=0.03s
[2026-01-26T07:14:26.047+0000][66][info ][safepoint   ] Safepoint "G1CollectForAllocation", Time since last: 269419541 ns, Reaching safepoint: 234316 ns, Cleanup: 7401 ns, At safepoint: 40821846 ns, Total: 41063563 ns
[2026-01-26T07:14:31.831+0000][66][info ][gc,start    ] GC(520) Pause Young (Normal) (G1 Evacuation Pause)
[2026-01-26T07:14:31.832+0000][66][info ][gc,task     ] GC(520) Using 6 workers of 6 for evacuation
[2026-01-26T07:14:31.832+0000][66][debug][gc,age      ] GC(520) Desired survivor size 41943040 bytes, new threshold 4 (max threshold 15)
[2026-01-26T07:14:31.843+0000][66][info ][gc,phases   ] GC(520)   Pre Evacuate Collection Set: 0.7ms
[2026-01-26T07:14:31.844+0000][66][info ][gc,phases   ] GC(520)   Merge Heap Roots: 0.2ms
[2026-01-26T07:14:31.844+0000][66][info ][gc,phases   ] GC(520)   Evacuate Collection Set: 8.0ms
[2026-01-26T07:14:31.845+0000][66][info ][gc,phases   ] GC(520)   Post Evacuate Collection Set: 1.3ms
[2026-01-26T07:14:31.845+0000][66][info ][gc,phases   ] GC(520)   Other: 1.1ms
[2026-01-26T07:14:31.846+0000][66][trace][gc,age      ] GC(520) Age table with threshold 4 (max threshold 15)
[2026-01-26T07:14:31.846+0000][66][trace][gc,age      ] GC(520) - age   1:   17962392 bytes,   17962392 total
[2026-01-26T07:14:31.847+0000][66][trace][gc,age      ] GC(520) - age   2:    4459808 bytes,   22422200 total
[2026-01-26T07:14:31.847+0000][66][trace][gc,age      ] GC(520) - age   3:       5056 bytes,   22427256 total
[2026-01-26T07:14:31.848+0000][66][trace][gc,age      ] GC(520) - age   4:     102072 bytes,   22529328 total
[2026-01-26T07:14:31.848+0000][66][info ][gc,heap     ] GC(520) Eden regions: 141->0(147)
[2026-01-26T07:14:31.849+0000][66][info ][gc,heap     ] GC(520) Survivor regions: 12->6(20)
[2026-01-26T07:14:31.849+0000][66][info ][gc,heap     ] GC(520) Old regions: 44->44
[2026-01-26T07:14:31.850+0000][66][info ][gc,heap     ] GC(520) Humongous regions: 0->0
[2026-01-26T07:14:31.850+0000][66][info ][gc,metaspace] GC(520) Metaspace: 131105K(136896K)->131105K(136896K) NonClass: 113953K(117504K)->113953K(117504K) Class: 17151K(19392K)->17151K(19392K)
[2026-01-26T07:14:31.851+0000][66][info ][gc          ] GC(520) Pause Young (Normal) (G1 Evacuation Pause) 783M->197M(1024M) 19.444ms
[2026-01-26T07:14:31.851+0000][66][info ][gc,cpu      ] GC(520) User=0.04s Sys=0.01s Real=0.02s
[2026-01-26T07:14:31.852+0000][66][info ][safepoint   ] Safepoint "G1CollectForAllocation", Time since last: 5786413633 ns, Reaching safepoint: 24102 ns, Cleanup: 5500 ns, At safepoint: 20528125 ns, Total: 20557727 ns
[2026-01-26T07:14:36.996+0000][66][info ][gc,start    ] GC(521) Pause Young (Normal) (G1 Evacuation Pause)
[2026-01-26T07:14:36.997+0000][66][info ][gc,task     ] GC(521) Using 6 workers of 6 for evacuation
[2026-01-26T07:14:36.997+0000][66][debug][gc,age      ] GC(521) Desired survivor size 41943040 bytes, new threshold 15 (max threshold 15)
[2026-01-26T07:14:37.012+0000][66][info ][gc,phases   ] GC(521)   Pre Evacuate Collection Set: 0.5ms
[2026-01-26T07:14:37.012+0000][66][info ][gc,phases   ] GC(521)   Merge Heap Roots: 0.2ms
[2026-01-26T07:14:37.013+0000][66][info ][gc,phases   ] GC(521)   Evacuate Collection Set: 11.5ms
[2026-01-26T07:14:37.013+0000][66][info ][gc,phases   ] GC(521)   Post Evacuate Collection Set: 1.6ms
[2026-01-26T07:14:37.013+0000][66][info ][gc,phases   ] GC(521)   Other: 1.1ms
[2026-01-26T07:14:37.014+0000][66][trace][gc,age      ] GC(521) Age table with threshold 15 (max threshold 15)
[2026-01-26T07:14:37.014+0000][66][trace][gc,age      ] GC(521) - age   1:   22422800 bytes,   22422800 total
[2026-01-26T07:14:37.015+0000][66][trace][gc,age      ] GC(521) - age   2:   11193400 bytes,   33616200 total
[2026-01-26T07:14:37.015+0000][66][trace][gc,age      ] GC(521) - age   3:    4459120 bytes,   38075320 total
[2026-01-26T07:14:37.015+0000][66][trace][gc,age      ] GC(521) - age   4:       4872 bytes,   38080192 total
[2026-01-26T07:14:37.016+0000][66][trace][gc,age      ] GC(521) - age   5:     102072 bytes,   38182264 total
[2026-01-26T07:14:37.016+0000][66][info ][gc,heap     ] GC(521) Eden regions: 147->0(142)
[2026-01-26T07:14:37.017+0000][66][info ][gc,heap     ] GC(521) Survivor regions: 6->11(20)
[2026-01-26T07:14:37.017+0000][66][info ][gc,heap     ] GC(521) Old regions: 44->44
[2026-01-26T07:14:37.017+0000][66][info ][gc,heap     ] GC(521) Humongous regions: 0->0
[2026-01-26T07:14:37.017+0000][66][info ][gc,metaspace] GC(521) Metaspace: 131105K(136896K)->131105K(136896K) NonClass: 113953K(117504K)->113953K(117504K) Class: 17151K(19392K)->17151K(19392K)
[2026-01-26T07:14:37.018+0000][66][info ][gc          ] GC(521) Pause Young (Normal) (G1 Evacuation Pause) 785M->214M(1024M) 21.395ms
[2026-01-26T07:14:37.018+0000][66][info ][gc,cpu      ] GC(521) User=0.06s Sys=0.01s Real=0.02s
[2026-01-26T07:14:37.018+0000][66][info ][safepoint   ] Safepoint "G1CollectForAllocation", Time since last: 5144358311 ns, Reaching safepoint: 47703 ns, Cleanup: 4800 ns, At safepoint: 22232844 ns, Total: 22285347 ns
[2026-01-26T07:14:41.522+0000][66][info ][gc,start    ] GC(522) Pause Young (Normal) (G1 Evacuation Pause)
[2026-01-26T07:14:41.522+0000][66][info ][gc,task     ] GC(522) Using 6 workers of 6 for evacuation
[2026-01-26T07:14:41.522+0000][66][debug][gc,age      ] GC(522) Desired survivor size 41943040 bytes, new threshold 15 (max threshold 15)
[2026-01-26T07:14:41.530+0000][66][info ][gc,phases   ] GC(522)   Pre Evacuate Collection Set: 0.3ms
[2026-01-26T07:14:41.531+0000][66][info ][gc,phases   ] GC(522)   Merge Heap Roots: 0.2ms
[2026-01-26T07:14:41.531+0000][66][info ][gc,phases   ] GC(522)   Evacuate Collection Set: 5.8ms
[2026-01-26T07:14:41.531+0000][66][info ][gc,phases   ] GC(522)   Post Evacuate Collection Set: 1.2ms
[2026-01-26T07:14:41.532+0000][66][info ][gc,phases   ] GC(522)   Other: 0.6ms
[2026-01-26T07:14:41.532+0000][66][trace][gc,age      ] GC(522) Age table with threshold 15 (max threshold 15)
[2026-01-26T07:14:41.532+0000][66][trace][gc,age      ] GC(522) - age   1:   10688976 bytes,   10688976 total
[2026-01-26T07:14:41.532+0000][66][trace][gc,age      ] GC(522) - age   2:       1160 bytes,   10690136 total
[2026-01-26T07:14:41.533+0000][66][trace][gc,age      ] GC(522) - age   3:      60248 bytes,   10750384 total
[2026-01-26T07:14:41.533+0000][66][trace][gc,age      ] GC(522) - age   4:      67920 bytes,   10818304 total
[2026-01-26T07:14:41.533+0000][66][trace][gc,age      ] GC(522) - age   5:       3288 bytes,   10821592 total
[2026-01-26T07:14:41.534+0000][66][trace][gc,age      ] GC(522) - age   6:      99832 bytes,   10921424 total
[2026-01-26T07:14:41.534+0000][66][info ][gc,heap     ] GC(522) Eden regions: 142->0(149)
[2026-01-26T07:14:41.534+0000][66][info ][gc,heap     ] GC(522) Survivor regions: 11->4(20)
[2026-01-26T07:14:41.535+0000][66][info ][gc,heap     ] GC(522) Old regions: 44->44
[2026-01-26T07:14:41.535+0000][66][info ][gc,heap     ] GC(522) Humongous regions: 0->0
[2026-01-26T07:14:41.536+0000][66][info ][gc,metaspace] GC(522) Metaspace: 131105K(136896K)->131105K(136896K) NonClass: 113953K(117504K)->113953K(117504K) Class: 17151K(19392K)->17151K(19392K)
[2026-01-26T07:14:41.536+0000][66][info ][gc          ] GC(522) Pause Young (Normal) (G1 Evacuation Pause) 782M->187M(1024M) 14.149ms
[2026-01-26T07:14:41.536+0000][66][info ][gc,cpu      ] GC(522) User=0.03s Sys=0.01s Real=0.02s
[2026-01-26T07:14:41.537+0000][66][info ][safepoint   ] Safepoint "G1CollectForAllocation", Time since last: 4503162064 ns, Reaching safepoint: 128109 ns, Cleanup: 5400 ns, At safepoint: 15068348 ns, Total: 15201857 ns
[2026-01-26T07:14:46.592+0000][66][info ][gc,start    ] GC(523) Pause Young (Normal) (G1 Evacuation Pause)
[2026-01-26T07:14:46.593+0000][66][info ][gc,task     ] GC(523) Using 6 workers of 6 for evacuation
[2026-01-26T07:14:46.593+0000][66][debug][gc,age      ] GC(523) Desired survivor size 41943040 bytes, new threshold 15 (max threshold 15)
[2026-01-26T07:14:46.600+0000][66][info ][gc,phases   ] GC(523)   Pre Evacuate Collection Set: 0.4ms
[2026-01-26T07:14:46.601+0000][66][info ][gc,phases   ] GC(523)   Merge Heap Roots: 0.1ms
[2026-01-26T07:14:46.601+0000][66][info ][gc,phases   ] GC(523)   Evacuate Collection Set: 4.6ms
[2026-01-26T07:14:46.601+0000][66][info ][gc,phases   ] GC(523)   Post Evacuate Collection Set: 1.1ms
[2026-01-26T07:14:46.602+0000][66][info ][gc,phases   ] GC(523)   Other: 1.0ms
[2026-01-26T07:14:46.602+0000][66][trace][gc,age      ] GC(523) Age table with threshold 15 (max threshold 15)
[2026-01-26T07:14:46.603+0000][66][trace][gc,age      ] GC(523) - age   1:   10877480 bytes,   10877480 total
[2026-01-26T07:14:46.603+0000][66][trace][gc,age      ] GC(523) - age   2:     119064 bytes,   10996544 total
[2026-01-26T07:14:46.604+0000][66][trace][gc,age      ] GC(523) - age   3:        624 bytes,   10997168 total
[2026-01-26T07:14:46.604+0000][66][trace][gc,age      ] GC(523) - age   4:      57560 bytes,   11054728 total
[2026-01-26T07:14:46.604+0000][66][trace][gc,age      ] GC(523) - age   5:      67896 bytes,   11122624 total
[2026-01-26T07:14:46.605+0000][66][trace][gc,age      ] GC(523) - age   6:       2488 bytes,   11125112 total
[2026-01-26T07:14:46.605+0000][66][trace][gc,age      ] GC(523) - age   7:      99832 bytes,   11224944 total
[2026-01-26T07:14:46.606+0000][66][info ][gc,heap     ] GC(523) Eden regions: 149->0(150)
[2026-01-26T07:14:46.606+0000][66][info ][gc,heap     ] GC(523) Survivor regions: 4->3(20)
[2026-01-26T07:14:46.606+0000][66][info ][gc,heap     ] GC(523) Old regions: 44->44
[2026-01-26T07:14:46.607+0000][66][info ][gc,heap     ] GC(523) Humongous regions: 0->0
[2026-01-26T07:14:46.607+0000][66][info ][gc,metaspace] GC(523) Metaspace: 131105K(136896K)->131105K(136896K) NonClass: 113953K(117504K)->113953K(117504K) Class: 17151K(19392K)->17151K(19392K)
[2026-01-26T07:14:46.607+0000][66][info ][gc          ] GC(523) Pause Young (Normal) (G1 Evacuation Pause) 783M->185M(1024M) 15.106ms
[2026-01-26T07:14:46.608+0000][66][info ][gc,cpu      ] GC(523) User=0.01s Sys=0.01s Real=0.01s
[2026-01-26T07:14:46.608+0000][66][info ][safepoint   ] Safepoint "G1CollectForAllocation", Time since last: 5055431976 ns, Reaching safepoint: 17001 ns, Cleanup: 4601 ns, At safepoint: 15968116 ns, Total: 15989718 ns
[2026-01-26T07:14:47.609+0000][66][info ][safepoint   ] Safepoint "Cleanup", Time since last: 1000579166 ns, Reaching safepoint: 172512 ns, Cleanup: 12501 ns, At safepoint: 43203 ns, Total: 228216 ns
[2026-01-26T07:14:51.586+0000][66][info ][gc,start    ] GC(524) Pause Young (Normal) (G1 Evacuation Pause)
[2026-01-26T07:14:51.586+0000][66][info ][gc,task     ] GC(524) Using 6 workers of 6 for evacuation
[2026-01-26T07:14:51.587+0000][66][debug][gc,age      ] GC(524) Desired survivor size 41943040 bytes, new threshold 15 (max threshold 15)
[2026-01-26T07:14:51.599+0000][66][info ][gc,phases   ] GC(524)   Pre Evacuate Collection Set: 0.4ms
[2026-01-26T07:14:51.600+0000][66][info ][gc,phases   ] GC(524)   Merge Heap Roots: 0.2ms
[2026-01-26T07:14:51.600+0000][66][info ][gc,phases   ] GC(524)   Evacuate Collection Set: 10.1ms
[2026-01-26T07:14:51.600+0000][66][info ][gc,phases   ] GC(524)   Post Evacuate Collection Set: 1.4ms
[2026-01-26T07:14:51.600+0000][66][info ][gc,phases   ] GC(524)   Other: 0.8ms
[2026-01-26T07:14:51.601+0000][66][trace][gc,age      ] GC(524) Age table with threshold 15 (max threshold 15)
[2026-01-26T07:14:51.601+0000][66][trace][gc,age      ] GC(524) - age   1:   17249264 bytes,   17249264 total
[2026-01-26T07:14:51.601+0000][66][trace][gc,age      ] GC(524) - age   2:    6570128 bytes,   23819392 total
[2026-01-26T07:14:51.601+0000][66][trace][gc,age      ] GC(524) - age   3:     118440 bytes,   23937832 total
[2026-01-26T07:14:51.602+0000][66][trace][gc,age      ] GC(524) - age   4:        624 bytes,   23938456 total
[2026-01-26T07:14:51.602+0000][66][trace][gc,age      ] GC(524) - age   5:      57560 bytes,   23996016 total
[2026-01-26T07:14:51.602+0000][66][trace][gc,age      ] GC(524) - age   6:      67488 bytes,   24063504 total
[2026-01-26T07:14:51.602+0000][66][trace][gc,age      ] GC(524) - age   7:       1920 bytes,   24065424 total
[2026-01-26T07:14:51.603+0000][66][trace][gc,age      ] GC(524) - age   8:      99584 bytes,   24165008 total
[2026-01-26T07:14:51.603+0000][66][info ][gc,heap     ] GC(524) Eden regions: 150->0(146)
[2026-01-26T07:14:51.603+0000][66][info ][gc,heap     ] GC(524) Survivor regions: 3->7(20)
[2026-01-26T07:14:51.604+0000][66][info ][gc,heap     ] GC(524) Old regions: 44->44
[2026-01-26T07:14:51.604+0000][66][info ][gc,heap     ] GC(524) Humongous regions: 0->0
[2026-01-26T07:14:51.604+0000][66][info ][gc,metaspace] GC(524) Metaspace: 131105K(136896K)->131105K(136896K) NonClass: 113953K(117504K)->113953K(117504K) Class: 17151K(19392K)->17151K(19392K)
[2026-01-26T07:14:51.604+0000][66][info ][gc          ] GC(524) Pause Young (Normal) (G1 Evacuation Pause) 785M->199M(1024M) 18.673ms
[2026-01-26T07:14:51.605+0000][66][info ][gc,cpu      ] GC(524) User=0.04s Sys=0.00s Real=0.02s
[2026-01-26T07:14:51.605+0000][66][info ][safepoint   ] Safepoint "G1CollectForAllocation", Time since last: 3976685873 ns, Reaching safepoint: 20701 ns, Cleanup: 5200 ns, At safepoint: 19582870 ns, Total: 19608771 ns
[2026-01-26T07:14:55.820+0000][66][info ][gc,start    ] GC(525) Pause Young (Normal) (G1 Evacuation Pause)
[2026-01-26T07:14:55.821+0000][66][info ][gc,task     ] GC(525) Using 6 workers of 6 for evacuation
[2026-01-26T07:14:55.821+0000][66][debug][gc,age      ] GC(525) Desired survivor size 41943040 bytes, new threshold 15 (max threshold 15)
[2026-01-26T07:14:55.829+0000][66][info ][gc,phases   ] GC(525)   Pre Evacuate Collection Set: 0.5ms
[2026-01-26T07:14:55.830+0000][66][info ][gc,phases   ] GC(525)   Merge Heap Roots: 0.2ms
[2026-01-26T07:14:55.830+0000][66][info ][gc,phases   ] GC(525)   Evacuate Collection Set: 5.4ms
[2026-01-26T07:14:55.830+0000][66][info ][gc,phases   ] GC(525)   Post Evacuate Collection Set: 1.2ms
[2026-01-26T07:14:55.831+0000][66][info ][gc,phases   ] GC(525)   Other: 1.1ms
[2026-01-26T07:14:55.831+0000][66][trace][gc,age      ] GC(525) Age table with threshold 15 (max threshold 15)
[2026-01-26T07:14:55.831+0000][66][trace][gc,age      ] GC(525) - age   1:   13327224 bytes,   13327224 total
[2026-01-26T07:14:55.832+0000][66][trace][gc,age      ] GC(525) - age   2:     590464 bytes,   13917688 total
[2026-01-26T07:14:55.832+0000][66][trace][gc,age      ] GC(525) - age   3:     526552 bytes,   14444240 total
[2026-01-26T07:14:55.832+0000][66][trace][gc,age      ] GC(525) - age   4:      73200 bytes,   14517440 total
[2026-01-26T07:14:55.833+0000][66][trace][gc,age      ] GC(525) - age   5:        624 bytes,   14518064 total
[2026-01-26T07:14:55.833+0000][66][trace][gc,age      ] GC(525) - age   6:      57560 bytes,   14575624 total
[2026-01-26T07:14:55.833+0000][66][trace][gc,age      ] GC(525) - age   7:      67488 bytes,   14643112 total
[2026-01-26T07:14:55.834+0000][66][trace][gc,age      ] GC(525) - age   8:       1920 bytes,   14645032 total
[2026-01-26T07:14:55.834+0000][66][trace][gc,age      ] GC(525) - age   9:      99584 bytes,   14744616 total
[2026-01-26T07:14:55.834+0000][66][info ][gc,heap     ] GC(525) Eden regions: 146->0(149)
[2026-01-26T07:14:55.835+0000][66][info ][gc,heap     ] GC(525) Survivor regions: 7->4(20)
[2026-01-26T07:14:55.835+0000][66][info ][gc,heap     ] GC(525) Old regions: 44->44
[2026-01-26T07:14:55.836+0000][66][info ][gc,heap     ] GC(525) Humongous regions: 0->0
[2026-01-26T07:14:55.836+0000][66][info ][gc,metaspace] GC(525) Metaspace: 131105K(136896K)->131105K(136896K) NonClass: 113953K(117504K)->113953K(117504K) Class: 17151K(19392K)->17151K(19392K)
[2026-01-26T07:14:55.836+0000][66][info ][gc          ] GC(525) Pause Young (Normal) (G1 Evacuation Pause) 783M->189M(1024M) 16.141ms
[2026-01-26T07:14:55.837+0000][66][info ][gc,cpu      ] GC(525) User=0.03s Sys=0.00s Real=0.02s
[2026-01-26T07:14:55.837+0000][66][info ][safepoint   ] Safepoint "G1CollectForAllocation", Time since last: 4214546046 ns, Reaching safepoint: 347325 ns, Cleanup: 5600 ns, At safepoint: 17111996 ns, Total: 17464921 ns
[2026-01-26T07:14:58.451+0000][66][info ][gc,start    ] GC(526) Pause Young (Normal) (G1 Evacuation Pause)
[2026-01-26T07:14:58.452+0000][66][info ][gc,task     ] GC(526) Using 6 workers of 6 for evacuation
[2026-01-26T07:14:58.452+0000][66][debug][gc,age      ] GC(526) Desired survivor size 41943040 bytes, new threshold 15 (max threshold 15)
[2026-01-26T07:14:58.461+0000][66][info ][gc,phases   ] GC(526)   Pre Evacuate Collection Set: 0.3ms
[2026-01-26T07:14:58.461+0000][66][info ][gc,phases   ] GC(526)   Merge Heap Roots: 0.1ms
[2026-01-26T07:14:58.462+0000][66][info ][gc,phases   ] GC(526)   Evacuate Collection Set: 6.9ms
[2026-01-26T07:14:58.462+0000][66][info ][gc,phases   ] GC(526)   Post Evacuate Collection Set: 1.2ms
[2026-01-26T07:14:58.463+0000][66][info ][gc,phases   ] GC(526)   Other: 0.8ms
[2026-01-26T07:14:58.463+0000][66][trace][gc,age      ] GC(526) Age table with threshold 15 (max threshold 15)
[2026-01-26T07:14:58.463+0000][66][trace][gc,age      ] GC(526) - age   1:   11045944 bytes,   11045944 total
[2026-01-26T07:14:58.464+0000][66][trace][gc,age      ] GC(526) - age   2:    8974296 bytes,   20020240 total
[2026-01-26T07:14:58.464+0000][66][trace][gc,age      ] GC(526) - age   3:     590112 bytes,   20610352 total
[2026-01-26T07:14:58.465+0000][66][trace][gc,age      ] GC(526) - age   4:     526552 bytes,   21136904 total
[2026-01-26T07:14:58.465+0000][66][trace][gc,age      ] GC(526) - age   5:      73200 bytes,   21210104 total
[2026-01-26T07:14:58.465+0000][66][trace][gc,age      ] GC(526) - age   6:        624 bytes,   21210728 total
[2026-01-26T07:14:58.466+0000][66][trace][gc,age      ] GC(526) - age   7:      57384 bytes,   21268112 total
[2026-01-26T07:14:58.466+0000][66][trace][gc,age      ] GC(526) - age   8:      67488 bytes,   21335600 total
[2026-01-26T07:14:58.466+0000][66][trace][gc,age      ] GC(526) - age   9:       1920 bytes,   21337520 total
[2026-01-26T07:14:58.467+0000][66][trace][gc,age      ] GC(526) - age  10:      99584 bytes,   21437104 total
[2026-01-26T07:14:58.467+0000][66][info ][gc,heap     ] GC(526) Eden regions: 149->0(147)
[2026-01-26T07:14:58.467+0000][66][info ][gc,heap     ] GC(526) Survivor regions: 4->6(20)
[2026-01-26T07:14:58.467+0000][66][info ][gc,heap     ] GC(526) Old regions: 44->44
[2026-01-26T07:14:58.468+0000][66][info ][gc,heap     ] GC(526) Humongous regions: 0->0
[2026-01-26T07:14:58.468+0000][66][info ][gc,metaspace] GC(526) Metaspace: 131105K(136896K)->131105K(136896K) NonClass: 113953K(117504K)->113953K(117504K) Class: 17151K(19392K)->17151K(19392K)
[2026-01-26T07:14:58.469+0000][66][info ][gc          ] GC(526) Pause Young (Normal) (G1 Evacuation Pause) 785M->195M(1024M) 17.395ms
[2026-01-26T07:14:58.469+0000][66][info ][gc,cpu      ] GC(526) User=0.03s Sys=0.00s Real=0.01s
[2026-01-26T07:14:58.469+0000][66][info ][safepoint   ] Safepoint "G1CollectForAllocation", Time since last: 2613575981 ns, Reaching safepoint: 156911 ns, Cleanup: 5600 ns, At safepoint: 18166170 ns, Total: 18328681 ns
[2026-01-26T07:15:00.305+0000][66][info ][gc,start    ] GC(527) Pause Young (Normal) (G1 Evacuation Pause)
[2026-01-26T07:15:00.305+0000][66][info ][gc,task     ] GC(527) Using 6 workers of 6 for evacuation
[2026-01-26T07:15:00.306+0000][66][debug][gc,age      ] GC(527) Desired survivor size 41943040 bytes, new threshold 15 (max threshold 15)
[2026-01-26T07:15:00.316+0000][66][info ][gc,phases   ] GC(527)   Pre Evacuate Collection Set: 0.5ms
[2026-01-26T07:15:00.316+0000][66][info ][gc,phases   ] GC(527)   Merge Heap Roots: 0.2ms
[2026-01-26T07:15:00.317+0000][66][info ][gc,phases   ] GC(527)   Evacuate Collection Set: 8.2ms
[2026-01-26T07:15:00.317+0000][66][info ][gc,phases   ] GC(527)   Post Evacuate Collection Set: 1.2ms
[2026-01-26T07:15:00.317+0000][66][info ][gc,phases   ] GC(527)   Other: 0.8ms
[2026-01-26T07:15:00.318+0000][66][trace][gc,age      ] GC(527) Age table with threshold 15 (max threshold 15)
[2026-01-26T07:15:00.318+0000][66][trace][gc,age      ] GC(527) - age   1:   12944240 bytes,   12944240 total
[2026-01-26T07:15:00.318+0000][66][trace][gc,age      ] GC(527) - age   2:    4879128 bytes,   17823368 total
[2026-01-26T07:15:00.319+0000][66][trace][gc,age      ] GC(527) - age   3:    8605512 bytes,   26428880 total
[2026-01-26T07:15:00.319+0000][66][trace][gc,age      ] GC(527) - age   4:     590112 bytes,   27018992 total
[2026-01-26T07:15:00.319+0000][66][trace][gc,age      ] GC(527) - age   5:     526552 bytes,   27545544 total
[2026-01-26T07:15:00.320+0000][66][trace][gc,age      ] GC(527) - age   6:      73200 bytes,   27618744 total
[2026-01-26T07:15:00.320+0000][66][trace][gc,age      ] GC(527) - age   7:        624 bytes,   27619368 total
[2026-01-26T07:15:00.320+0000][66][trace][gc,age      ] GC(527) - age   8:      57384 bytes,   27676752 total
[2026-01-26T07:15:00.320+0000][66][trace][gc,age      ] GC(527) - age   9:      67488 bytes,   27744240 total
[2026-01-26T07:15:00.321+0000][66][trace][gc,age      ] GC(527) - age  10:       1920 bytes,   27746160 total
[2026-01-26T07:15:00.321+0000][66][trace][gc,age      ] GC(527) - age  11:      99584 bytes,   27845744 total
[2026-01-26T07:15:00.321+0000][66][info ][gc,heap     ] GC(527) Eden regions: 147->0(145)
[2026-01-26T07:15:00.322+0000][66][info ][gc,heap     ] GC(527) Survivor regions: 6->8(20)
[2026-01-26T07:15:00.322+0000][66][info ][gc,heap     ] GC(527) Old regions: 44->44
[2026-01-26T07:15:00.322+0000][66][info ][gc,heap     ] GC(527) Humongous regions: 0->0
[2026-01-26T07:15:00.322+0000][66][info ][gc,metaspace] GC(527) Metaspace: 131105K(136896K)->131105K(136896K) NonClass: 113953K(117504K)->113953K(117504K) Class: 17151K(19392K)->17151K(19392K)
[2026-01-26T07:15:00.323+0000][66][info ][gc          ] GC(527) Pause Young (Normal) (G1 Evacuation Pause) 783M->202M(1024M) 17.880ms
[2026-01-26T07:15:00.323+0000][66][info ][gc,cpu      ] GC(527) User=0.04s Sys=0.00s Real=0.02s
[2026-01-26T07:15:00.323+0000][66][info ][safepoint   ] Safepoint "G1CollectForAllocation", Time since last: 1835295582 ns, Reaching safepoint: 134709 ns, Cleanup: 6101 ns, At safepoint: 18574698 ns, Total: 18715508 ns
[2026-01-26T07:15:02.499+0000][66][info ][gc,start    ] GC(528) Pause Young (Normal) (G1 Evacuation Pause)
[2026-01-26T07:15:02.499+0000][66][info ][gc,task     ] GC(528) Using 6 workers of 6 for evacuation
[2026-01-26T07:15:02.500+0000][66][debug][gc,age      ] GC(528) Desired survivor size 41943040 bytes, new threshold 15 (max threshold 15)
[2026-01-26T07:15:02.511+0000][66][info ][gc,phases   ] GC(528)   Pre Evacuate Collection Set: 0.4ms
[2026-01-26T07:15:02.512+0000][66][info ][gc,phases   ] GC(528)   Merge Heap Roots: 0.2ms
[2026-01-26T07:15:02.512+0000][66][info ][gc,phases   ] GC(528)   Evacuate Collection Set: 8.9ms
[2026-01-26T07:15:02.513+0000][66][info ][gc,phases   ] GC(528)   Post Evacuate Collection Set: 1.2ms
[2026-01-26T07:15:02.513+0000][66][info ][gc,phases   ] GC(528)   Other: 0.9ms
[2026-01-26T07:15:02.513+0000][66][trace][gc,age      ] GC(528) Age table with threshold 15 (max threshold 15)
[2026-01-26T07:15:02.514+0000][66][trace][gc,age      ] GC(528) - age   1:   10463768 bytes,   10463768 total
[2026-01-26T07:15:02.514+0000][66][trace][gc,age      ] GC(528) - age   2:    6724056 bytes,   17187824 total
[2026-01-26T07:15:02.514+0000][66][trace][gc,age      ] GC(528) - age   3:    4352912 bytes,   21540736 total
[2026-01-26T07:15:02.515+0000][66][trace][gc,age      ] GC(528) - age   4:    8588472 bytes,   30129208 total
[2026-01-26T07:15:02.515+0000][66][trace][gc,age      ] GC(528) - age   5:     589680 bytes,   30718888 total
[2026-01-26T07:15:02.515+0000][66][trace][gc,age      ] GC(528) - age   6:     526456 bytes,   31245344 total
[2026-01-26T07:15:02.516+0000][66][trace][gc,age      ] GC(528) - age   7:      73200 bytes,   31318544 total
[2026-01-26T07:15:02.516+0000][66][trace][gc,age      ] GC(528) - age   8:        256 bytes,   31318800 total
[2026-01-26T07:15:02.516+0000][66][trace][gc,age      ] GC(528) - age   9:      56280 bytes,   31375080 total
[2026-01-26T07:15:02.517+0000][66][trace][gc,age      ] GC(528) - age  10:      67488 bytes,   31442568 total
[2026-01-26T07:15:02.517+0000][66][trace][gc,age      ] GC(528) - age  11:       1920 bytes,   31444488 total
[2026-01-26T07:15:02.517+0000][66][trace][gc,age      ] GC(528) - age  12:      99584 bytes,   31544072 total
[2026-01-26T07:15:02.518+0000][66][info ][gc,heap     ] GC(528) Eden regions: 145->0(144)
[2026-01-26T07:15:02.518+0000][66][info ][gc,heap     ] GC(528) Survivor regions: 8->9(20)
[2026-01-26T07:15:02.519+0000][66][info ][gc,heap     ] GC(528) Old regions: 44->44
[2026-01-26T07:15:02.519+0000][66][info ][gc,heap     ] GC(528) Humongous regions: 0->0
[2026-01-26T07:15:02.519+0000][66][info ][gc,metaspace] GC(528) Metaspace: 131105K(136896K)->131105K(136896K) NonClass: 113953K(117504K)->113953K(117504K) Class: 17151K(19392K)->17151K(19392K)
[2026-01-26T07:15:02.520+0000][66][info ][gc          ] GC(528) Pause Young (Normal) (G1 Evacuation Pause) 782M->206M(1024M) 20.667ms
[2026-01-26T07:15:02.520+0000][66][info ][gc,cpu      ] GC(528) User=0.04s Sys=0.01s Real=0.02s
[2026-01-26T07:15:02.520+0000][66][info ][safepoint   ] Safepoint "G1CollectForAllocation", Time since last: 2177600217 ns, Reaching safepoint: 18601 ns, Cleanup: 4500 ns, At safepoint: 21469570 ns, Total: 21492671 ns
[2026-01-26T07:15:03.521+0000][66][info ][safepoint   ] Safepoint "Cleanup", Time since last: 1000410814 ns, Reaching safepoint: 18402 ns, Cleanup: 11401 ns, At safepoint: 2800 ns, Total: 32603 ns
[2026-01-26T07:15:05.507+0000][66][info ][gc,start    ] GC(529) Pause Young (Normal) (G1 Evacuation Pause)
[2026-01-26T07:15:05.507+0000][66][info ][gc,task     ] GC(529) Using 6 workers of 6 for evacuation
[2026-01-26T07:15:05.508+0000][66][debug][gc,age      ] GC(529) Desired survivor size 41943040 bytes, new threshold 15 (max threshold 15)
[2026-01-26T07:15:05.521+0000][66][info ][gc,phases   ] GC(529)   Pre Evacuate Collection Set: 0.5ms
[2026-01-26T07:15:05.522+0000][66][info ][gc,phases   ] GC(529)   Merge Heap Roots: 0.3ms
[2026-01-26T07:15:05.523+0000][66][info ][gc,phases   ] GC(529)   Evacuate Collection Set: 11.1ms
[2026-01-26T07:15:05.523+0000][66][info ][gc,phases   ] GC(529)   Post Evacuate Collection Set: 1.3ms
[2026-01-26T07:15:05.523+0000][66][info ][gc,phases   ] GC(529)   Other: 1.1ms
[2026-01-26T07:15:05.524+0000][66][trace][gc,age      ] GC(529) Age table with threshold 15 (max threshold 15)
[2026-01-26T07:15:05.524+0000][66][trace][gc,age      ] GC(529) - age   1:   13805032 bytes,   13805032 total
[2026-01-26T07:15:05.525+0000][66][trace][gc,age      ] GC(529) - age   2:    4352496 bytes,   18157528 total
[2026-01-26T07:15:05.525+0000][66][trace][gc,age      ] GC(529) - age   3:    5511096 bytes,   23668624 total
[2026-01-26T07:15:05.526+0000][66][trace][gc,age      ] GC(529) - age   4:    4003904 bytes,   27672528 total
[2026-01-26T07:15:05.526+0000][66][trace][gc,age      ] GC(529) - age   5:    7909056 bytes,   35581584 total
[2026-01-26T07:15:05.526+0000][66][trace][gc,age      ] GC(529) - age   6:     589648 bytes,   36171232 total
[2026-01-26T07:15:05.527+0000][66][trace][gc,age      ] GC(529) - age   7:     526456 bytes,   36697688 total
[2026-01-26T07:15:05.527+0000][66][trace][gc,age      ] GC(529) - age   8:      72608 bytes,   36770296 total
[2026-01-26T07:15:05.527+0000][66][trace][gc,age      ] GC(529) - age   9:         72 bytes,   36770368 total
[2026-01-26T07:15:05.528+0000][66][trace][gc,age      ] GC(529) - age  10:      56032 bytes,   36826400 total
[2026-01-26T07:15:05.528+0000][66][trace][gc,age      ] GC(529) - age  11:      67488 bytes,   36893888 total
[2026-01-26T07:15:05.528+0000][66][trace][gc,age      ] GC(529) - age  12:       1920 bytes,   36895808 total
[2026-01-26T07:15:05.529+0000][66][trace][gc,age      ] GC(529) - age  13:      99584 bytes,   36995392 total
[2026-01-26T07:15:05.529+0000][66][info ][gc,heap     ] GC(529) Eden regions: 144->0(143)
[2026-01-26T07:15:05.530+0000][66][info ][gc,heap     ] GC(529) Survivor regions: 9->10(20)
[2026-01-26T07:15:05.530+0000][66][info ][gc,heap     ] GC(529) Old regions: 44->44
[2026-01-26T07:15:05.530+0000][66][info ][gc,heap     ] GC(529) Humongous regions: 0->0
[2026-01-26T07:15:05.531+0000][66][info ][gc,metaspace] GC(529) Metaspace: 131105K(136896K)->131105K(136896K) NonClass: 113953K(117504K)->113953K(117504K) Class: 17151K(19392K)->17151K(19392K)
[2026-01-26T07:15:05.531+0000][66][info ][gc          ] GC(529) Pause Young (Normal) (G1 Evacuation Pause) 782M->212M(1024M) 24.570ms
[2026-01-26T07:15:05.532+0000][66][info ][gc,cpu      ] GC(529) User=0.05s Sys=0.01s Real=0.03s
[2026-01-26T07:15:05.532+0000][66][info ][safepoint   ] Safepoint "G1CollectForAllocation", Time since last: 1985434374 ns, Reaching safepoint: 204714 ns, Cleanup: 6900 ns, At safepoint: 25555151 ns, Total: 25766765 ns
[2026-01-26T07:15:09.115+0000][66][info ][gc,start    ] GC(530) Pause Young (Normal) (G1 Evacuation Pause)
[2026-01-26T07:15:09.116+0000][66][info ][gc,task     ] GC(530) Using 6 workers of 6 for evacuation
[2026-01-26T07:15:09.116+0000][66][debug][gc,age      ] GC(530) Desired survivor size 41943040 bytes, new threshold 15 (max threshold 15)
[2026-01-26T07:15:09.124+0000][66][info ][gc,phases   ] GC(530)   Pre Evacuate Collection Set: 0.4ms
[2026-01-26T07:15:09.125+0000][66][info ][gc,phases   ] GC(530)   Merge Heap Roots: 0.2ms
[2026-01-26T07:15:09.125+0000][66][info ][gc,phases   ] GC(530)   Evacuate Collection Set: 5.8ms
[2026-01-26T07:15:09.126+0000][66][info ][gc,phases   ] GC(530)   Post Evacuate Collection Set: 1.3ms
[2026-01-26T07:15:09.126+0000][66][info ][gc,phases   ] GC(530)   Other: 0.8ms
[2026-01-26T07:15:09.127+0000][66][trace][gc,age      ] GC(530) Age table with threshold 15 (max threshold 15)
[2026-01-26T07:15:09.127+0000][66][trace][gc,age      ] GC(530) - age   1:   10841352 bytes,   10841352 total
[2026-01-26T07:15:09.127+0000][66][trace][gc,age      ] GC(530) - age   2:    3072248 bytes,   13913600 total
[2026-01-26T07:15:09.128+0000][66][trace][gc,age      ] GC(530) - age   3:      98984 bytes,   14012584 total
[2026-01-26T07:15:09.128+0000][66][trace][gc,age      ] GC(530) - age   4:      12080 bytes,   14024664 total
[2026-01-26T07:15:09.128+0000][66][trace][gc,age      ] GC(530) - age   5:      27976 bytes,   14052640 total
[2026-01-26T07:15:09.129+0000][66][trace][gc,age      ] GC(530) - age   6:     674952 bytes,   14727592 total
[2026-01-26T07:15:09.129+0000][66][trace][gc,age      ] GC(530) - age   7:     588936 bytes,   15316528 total
[2026-01-26T07:15:09.130+0000][66][trace][gc,age      ] GC(530) - age   8:     523664 bytes,   15840192 total
[2026-01-26T07:15:09.130+0000][66][trace][gc,age      ] GC(530) - age   9:      70208 bytes,   15910400 total
[2026-01-26T07:15:09.130+0000][66][trace][gc,age      ] GC(530) - age  10:         72 bytes,   15910472 total
[2026-01-26T07:15:09.131+0000][66][trace][gc,age      ] GC(530) - age  11:      56032 bytes,   15966504 total
[2026-01-26T07:15:09.131+0000][66][trace][gc,age      ] GC(530) - age  12:      67488 bytes,   16033992 total
[2026-01-26T07:15:09.131+0000][66][trace][gc,age      ] GC(530) - age  13:       1920 bytes,   16035912 total
[2026-01-26T07:15:09.132+0000][66][trace][gc,age      ] GC(530) - age  14:      99584 bytes,   16135496 total
[2026-01-26T07:15:09.132+0000][66][info ][gc,heap     ] GC(530) Eden regions: 143->0(148)
[2026-01-26T07:15:09.132+0000][66][info ][gc,heap     ] GC(530) Survivor regions: 10->5(20)
[2026-01-26T07:15:09.133+0000][66][info ][gc,heap     ] GC(530) Old regions: 44->44
[2026-01-26T07:15:09.133+0000][66][info ][gc,heap     ] GC(530) Humongous regions: 0->0
[2026-01-26T07:15:09.133+0000][66][info ][gc,metaspace] GC(530) Metaspace: 131105K(136896K)->131105K(136896K) NonClass: 113953K(117504K)->113953K(117504K) Class: 17151K(19392K)->17151K(19392K)
[2026-01-26T07:15:09.133+0000][66][info ][gc          ] GC(530) Pause Young (Normal) (G1 Evacuation Pause) 784M->192M(1024M) 18.026ms
[2026-01-26T07:15:09.134+0000][66][info ][gc,cpu      ] GC(530) User=0.03s Sys=0.00s Real=0.02s
[2026-01-26T07:15:09.134+0000][66][info ][safepoint   ] Safepoint "G1CollectForAllocation", Time since last: 3583302905 ns, Reaching safepoint: 18301 ns, Cleanup: 5101 ns, At safepoint: 18813688 ns, Total: 18837090 ns
[2026-01-26T07:15:11.031+0000][66][info ][safepoint   ] Safepoint "Cleanup", Time since last: 1897061841 ns, Reaching safepoint: 174212 ns, Cleanup: 13501 ns, At safepoint: 45903 ns, Total: 233616 ns
[2026-01-26T07:15:13.536+0000][66][info ][gc,start    ] GC(531) Pause Young (Normal) (G1 Evacuation Pause)
[2026-01-26T07:15:13.537+0000][66][info ][gc,task     ] GC(531) Using 6 workers of 6 for evacuation
[2026-01-26T07:15:13.537+0000][66][debug][gc,age      ] GC(531) Desired survivor size 41943040 bytes, new threshold 15 (max threshold 15)
[2026-01-26T07:15:13.549+0000][66][info ][gc,phases   ] GC(531)   Pre Evacuate Collection Set: 0.4ms
[2026-01-26T07:15:13.549+0000][66][info ][gc,phases   ] GC(531)   Merge Heap Roots: 0.3ms
[2026-01-26T07:15:13.550+0000][66][info ][gc,phases   ] GC(531)   Evacuate Collection Set: 8.9ms
[2026-01-26T07:15:13.550+0000][66][info ][gc,phases   ] GC(531)   Post Evacuate Collection Set: 1.3ms
[2026-01-26T07:15:13.551+0000][66][info ][gc,phases   ] GC(531)   Other: 1.0ms
[2026-01-26T07:15:13.551+0000][66][trace][gc,age      ] GC(531) Age table with threshold 15 (max threshold 15)
[2026-01-26T07:15:13.551+0000][66][trace][gc,age      ] GC(531) - age   1:   18862800 bytes,   18862800 total
[2026-01-26T07:15:13.552+0000][66][trace][gc,age      ] GC(531) - age   2:    5376504 bytes,   24239304 total
[2026-01-26T07:15:13.552+0000][66][trace][gc,age      ] GC(531) - age   3:    2989264 bytes,   27228568 total
[2026-01-26T07:15:13.553+0000][66][trace][gc,age      ] GC(531) - age   4:       1560 bytes,   27230128 total
[2026-01-26T07:15:13.553+0000][66][trace][gc,age      ] GC(531) - age   5:         32 bytes,   27230160 total
[2026-01-26T07:15:13.553+0000][66][trace][gc,age      ] GC(531) - age   6:        320 bytes,   27230480 total
[2026-01-26T07:15:13.554+0000][66][trace][gc,age      ] GC(531) - age   7:     605232 bytes,   27835712 total
[2026-01-26T07:15:13.554+0000][66][trace][gc,age      ] GC(531) - age   8:     588656 bytes,   28424368 total
[2026-01-26T07:15:13.554+0000][66][trace][gc,age      ] GC(531) - age   9:     520624 bytes,   28944992 total
[2026-01-26T07:15:13.555+0000][66][trace][gc,age      ] GC(531) - age  10:      68720 bytes,   29013712 total
[2026-01-26T07:15:13.555+0000][66][trace][gc,age      ] GC(531) - age  11:         72 bytes,   29013784 total
[2026-01-26T07:15:13.555+0000][66][trace][gc,age      ] GC(531) - age  12:      56032 bytes,   29069816 total
[2026-01-26T07:15:13.555+0000][66][trace][gc,age      ] GC(531) - age  13:      67488 bytes,   29137304 total
[2026-01-26T07:15:13.556+0000][66][trace][gc,age      ] GC(531) - age  14:       1360 bytes,   29138664 total
[2026-01-26T07:15:13.556+0000][66][trace][gc,age      ] GC(531) - age  15:      99584 bytes,   29238248 total
[2026-01-26T07:15:13.556+0000][66][info ][gc,heap     ] GC(531) Eden regions: 148->0(145)
[2026-01-26T07:15:13.557+0000][66][info ][gc,heap     ] GC(531) Survivor regions: 5->8(20)
[2026-01-26T07:15:13.557+0000][66][info ][gc,heap     ] GC(531) Old regions: 44->44
[2026-01-26T07:15:13.557+0000][66][info ][gc,heap     ] GC(531) Humongous regions: 0->0
[2026-01-26T07:15:13.558+0000][66][info ][gc,metaspace] GC(531) Metaspace: 131105K(136896K)->131105K(136896K) NonClass: 113953K(117504K)->113953K(117504K) Class: 17151K(19392K)->17151K(19392K)
[2026-01-26T07:15:13.558+0000][66][info ][gc          ] GC(531) Pause Young (Normal) (G1 Evacuation Pause) 784M->204M(1024M) 21.653ms
[2026-01-26T07:15:13.558+0000][66][info ][gc,cpu      ] GC(531) User=0.04s Sys=0.01s Real=0.02s
[2026-01-26T07:15:13.559+0000][66][info ][safepoint   ] Safepoint "G1CollectForAllocation", Time since last: 2504922472 ns, Reaching safepoint: 18202 ns, Cleanup: 4900 ns, At safepoint: 22533575 ns, Total: 22556677 ns
[2026-01-26T07:15:16.566+0000][66][info ][safepoint   ] Safepoint "Cleanup", Time since last: 3006366219 ns, Reaching safepoint: 129809 ns, Cleanup: 11701 ns, At safepoint: 41803 ns, Total: 183313 ns
[2026-01-26T07:15:18.908+0000][66][info ][gc,start    ] GC(532) Pause Young (Normal) (G1 Evacuation Pause)
[2026-01-26T07:15:18.908+0000][66][info ][gc,task     ] GC(532) Using 6 workers of 6 for evacuation
[2026-01-26T07:15:18.908+0000][66][debug][gc,age      ] GC(532) Desired survivor size 41943040 bytes, new threshold 15 (max threshold 15)
[2026-01-26T07:15:18.922+0000][66][info ][gc,phases   ] GC(532)   Pre Evacuate Collection Set: 0.5ms
[2026-01-26T07:15:18.923+0000][66][info ][gc,phases   ] GC(532)   Merge Heap Roots: 0.2ms
[2026-01-26T07:15:18.923+0000][66][info ][gc,phases   ] GC(532)   Evacuate Collection Set: 11.0ms
[2026-01-26T07:15:18.924+0000][66][info ][gc,phases   ] GC(532)   Post Evacuate Collection Set: 1.5ms
[2026-01-26T07:15:18.924+0000][66][info ][gc,phases   ] GC(532)   Other: 0.9ms
[2026-01-26T07:15:18.925+0000][66][trace][gc,age      ] GC(532) Age table with threshold 15 (max threshold 15)
[2026-01-26T07:15:18.926+0000][66][trace][gc,age      ] GC(532) - age   1:   16514480 bytes,   16514480 total
[2026-01-26T07:15:18.926+0000][66][trace][gc,age      ] GC(532) - age   2:   10177776 bytes,   26692256 total
[2026-01-26T07:15:18.927+0000][66][trace][gc,age      ] GC(532) - age   3:    4931064 bytes,   31623320 total
[2026-01-26T07:15:18.927+0000][66][trace][gc,age      ] GC(532) - age   4:    2505448 bytes,   34128768 total
[2026-01-26T07:15:18.928+0000][66][trace][gc,age      ] GC(532) - age   5:       1560 bytes,   34130328 total
[2026-01-26T07:15:18.928+0000][66][trace][gc,age      ] GC(532) - age   6:         32 bytes,   34130360 total
[2026-01-26T07:15:18.929+0000][66][trace][gc,age      ] GC(532) - age   7:        320 bytes,   34130680 total
[2026-01-26T07:15:18.929+0000][66][trace][gc,age      ] GC(532) - age   8:     605144 bytes,   34735824 total
[2026-01-26T07:15:18.930+0000][66][trace][gc,age      ] GC(532) - age   9:     587488 bytes,   35323312 total
[2026-01-26T07:15:18.930+0000][66][trace][gc,age      ] GC(532) - age  10:     520488 bytes,   35843800 total
[2026-01-26T07:15:18.931+0000][66][trace][gc,age      ] GC(532) - age  11:      66168 bytes,   35909968 total
[2026-01-26T07:15:18.932+0000][66][trace][gc,age      ] GC(532) - age  12:         72 bytes,   35910040 total
[2026-01-26T07:15:18.932+0000][66][trace][gc,age      ] GC(532) - age  13:      56032 bytes,   35966072 total
[2026-01-26T07:15:18.933+0000][66][trace][gc,age      ] GC(532) - age  14:      66664 bytes,   36032736 total
[2026-01-26T07:15:18.933+0000][66][trace][gc,age      ] GC(532) - age  15:       1360 bytes,   36034096 total
[2026-01-26T07:15:18.934+0000][66][info ][gc,heap     ] GC(532) Eden regions: 145->0(143)
[2026-01-26T07:15:18.934+0000][66][info ][gc,heap     ] GC(532) Survivor regions: 8->10(20)
[2026-01-26T07:15:18.935+0000][66][info ][gc,heap     ] GC(532) Old regions: 44->44
[2026-01-26T07:15:18.935+0000][66][info ][gc,heap     ] GC(532) Humongous regions: 0->0
[2026-01-26T07:15:18.936+0000][66][info ][gc,metaspace] GC(532) Metaspace: 131105K(136896K)->131105K(136896K) NonClass: 113954K(117504K)->113954K(117504K) Class: 17151K(19392K)->17151K(19392K)
[2026-01-26T07:15:18.936+0000][66][info ][gc          ] GC(532) Pause Young (Normal) (G1 Evacuation Pause) 784M->211M(1024M) 28.805ms
[2026-01-26T07:15:18.937+0000][66][info ][gc,cpu      ] GC(532) User=0.05s Sys=0.01s Real=0.03s
[2026-01-26T07:15:18.938+0000][66][info ][safepoint   ] Safepoint "G1CollectForAllocation", Time since last: 2341938792 ns, Reaching safepoint: 22402 ns, Cleanup: 5200 ns, At safepoint: 30180221 ns, Total: 30207823 ns
[2026-01-26T07:15:24.084+0000][66][info ][gc,start    ] GC(533) Pause Young (Normal) (G1 Evacuation Pause)
[2026-01-26T07:15:24.085+0000][66][info ][gc,task     ] GC(533) Using 6 workers of 6 for evacuation
[2026-01-26T07:15:24.085+0000][66][debug][gc,age      ] GC(533) Desired survivor size 41943040 bytes, new threshold 15 (max threshold 15)
[2026-01-26T07:15:24.093+0000][66][info ][gc,phases   ] GC(533)   Pre Evacuate Collection Set: 0.3ms
[2026-01-26T07:15:24.094+0000][66][info ][gc,phases   ] GC(533)   Merge Heap Roots: 0.1ms
[2026-01-26T07:15:24.094+0000][66][info ][gc,phases   ] GC(533)   Evacuate Collection Set: 6.7ms
[2026-01-26T07:15:24.095+0000][66][info ][gc,phases   ] GC(533)   Post Evacuate Collection Set: 1.1ms
[2026-01-26T07:15:24.095+0000][66][info ][gc,phases   ] GC(533)   Other: 0.5ms
[2026-01-26T07:15:24.095+0000][66][trace][gc,age      ] GC(533) Age table with threshold 15 (max threshold 15)
[2026-01-26T07:15:24.096+0000][66][trace][gc,age      ] GC(533) - age   1:   15122352 bytes,   15122352 total
[2026-01-26T07:15:24.096+0000][66][trace][gc,age      ] GC(533) - age   2:    2686416 bytes,   17808768 total
[2026-01-26T07:15:24.097+0000][66][trace][gc,age      ] GC(533) - age   3:       9792 bytes,   17818560 total
[2026-01-26T07:15:24.097+0000][66][trace][gc,age      ] GC(533) - age   4:      59448 bytes,   17878008 total
[2026-01-26T07:15:24.097+0000][66][trace][gc,age      ] GC(533) - age   5:        944 bytes,   17878952 total
[2026-01-26T07:15:24.098+0000][66][trace][gc,age      ] GC(533) - age   6:       1560 bytes,   17880512 total
[2026-01-26T07:15:24.098+0000][66][trace][gc,age      ] GC(533) - age   7:         32 bytes,   17880544 total
[2026-01-26T07:15:24.098+0000][66][trace][gc,age      ] GC(533) - age   8:        320 bytes,   17880864 total
[2026-01-26T07:15:24.099+0000][66][trace][gc,age      ] GC(533) - age   9:     602504 bytes,   18483368 total
[2026-01-26T07:15:24.099+0000][66][trace][gc,age      ] GC(533) - age  10:     587464 bytes,   19070832 total
[2026-01-26T07:15:24.099+0000][66][trace][gc,age      ] GC(533) - age  11:     520488 bytes,   19591320 total
[2026-01-26T07:15:24.099+0000][66][trace][gc,age      ] GC(533) - age  12:      66168 bytes,   19657488 total
[2026-01-26T07:15:24.100+0000][66][trace][gc,age      ] GC(533) - age  13:         72 bytes,   19657560 total
[2026-01-26T07:15:24.100+0000][66][trace][gc,age      ] GC(533) - age  14:      56032 bytes,   19713592 total
[2026-01-26T07:15:24.100+0000][66][trace][gc,age      ] GC(533) - age  15:      66488 bytes,   19780080 total
[2026-01-26T07:15:24.101+0000][66][info ][gc,heap     ] GC(533) Eden regions: 143->0(147)
[2026-01-26T07:15:24.101+0000][66][info ][gc,heap     ] GC(533) Survivor regions: 10->6(20)
[2026-01-26T07:15:24.101+0000][66][info ][gc,heap     ] GC(533) Old regions: 44->44
[2026-01-26T07:15:24.102+0000][66][info ][gc,heap     ] GC(533) Humongous regions: 0->0
[2026-01-26T07:15:24.102+0000][66][info ][gc,metaspace] GC(533) Metaspace: 131105K(136896K)->131105K(136896K) NonClass: 113954K(117504K)->113954K(117504K) Class: 17151K(19392K)->17151K(19392K)
[2026-01-26T07:15:24.102+0000][66][info ][gc          ] GC(533) Pause Young (Normal) (G1 Evacuation Pause) 783M->195M(1024M) 17.969ms
[2026-01-26T07:15:24.103+0000][66][info ][gc,cpu      ] GC(533) User=0.03s Sys=0.00s Real=0.02s
[2026-01-26T07:15:24.103+0000][66][info ][safepoint   ] Safepoint "G1CollectForAllocation", Time since last: 5146562047 ns, Reaching safepoint: 19001 ns, Cleanup: 4201 ns, At safepoint: 18696214 ns, Total: 18719416 ns
[2026-01-26T07:15:28.149+0000][66][info ][safepoint   ] Safepoint "Cleanup", Time since last: 4045932154 ns, Reaching safepoint: 21801 ns, Cleanup: 14401 ns, At safepoint: 3800 ns, Total: 40002 ns
[2026-01-26T07:15:31.009+0000][66][info ][gc,start    ] GC(534) Pause Young (Normal) (G1 Evacuation Pause)
[2026-01-26T07:15:31.010+0000][66][info ][gc,task     ] GC(534) Using 6 workers of 6 for evacuation
[2026-01-26T07:15:31.010+0000][66][debug][gc,age      ] GC(534) Desired survivor size 41943040 bytes, new threshold 15 (max threshold 15)
[2026-01-26T07:15:31.022+0000][66][info ][gc,phases   ] GC(534)   Pre Evacuate Collection Set: 0.4ms
[2026-01-26T07:15:31.022+0000][66][info ][gc,phases   ] GC(534)   Merge Heap Roots: 0.1ms
[2026-01-26T07:15:31.022+0000][66][info ][gc,phases   ] GC(534)   Evacuate Collection Set: 9.4ms
[2026-01-26T07:15:31.023+0000][66][info ][gc,phases   ] GC(534)   Post Evacuate Collection Set: 0.9ms
[2026-01-26T07:15:31.023+0000][66][info ][gc,phases   ] GC(534)   Other: 0.9ms
[2026-01-26T07:15:31.023+0000][66][trace][gc,age      ] GC(534) Age table with threshold 15 (max threshold 15)
[2026-01-26T07:15:31.024+0000][66][trace][gc,age      ] GC(534) - age   1:   23753920 bytes,   23753920 total
[2026-01-26T07:15:31.024+0000][66][trace][gc,age      ] GC(534) - age   2:    8830320 bytes,   32584240 total
[2026-01-26T07:15:31.024+0000][66][trace][gc,age      ] GC(534) - age   3:    2643472 bytes,   35227712 total
[2026-01-26T07:15:31.024+0000][66][trace][gc,age      ] GC(534) - age   4:       5720 bytes,   35233432 total
[2026-01-26T07:15:31.025+0000][66][trace][gc,age      ] GC(534) - age   5:      58760 bytes,   35292192 total
[2026-01-26T07:15:31.025+0000][66][trace][gc,age      ] GC(534) - age   6:        944 bytes,   35293136 total
[2026-01-26T07:15:31.025+0000][66][trace][gc,age      ] GC(534) - age   7:       1192 bytes,   35294328 total
[2026-01-26T07:15:31.026+0000][66][trace][gc,age      ] GC(534) - age   8:         32 bytes,   35294360 total
[2026-01-26T07:15:31.026+0000][66][trace][gc,age      ] GC(534) - age   9:         96 bytes,   35294456 total
[2026-01-26T07:15:31.026+0000][66][trace][gc,age      ] GC(534) - age  10:      56512 bytes,   35350968 total
[2026-01-26T07:15:31.027+0000][66][trace][gc,age      ] GC(534) - age  11:     264536 bytes,   35615504 total
[2026-01-26T07:15:31.027+0000][66][trace][gc,age      ] GC(534) - age  12:     202872 bytes,   35818376 total
[2026-01-26T07:15:31.027+0000][66][trace][gc,age      ] GC(534) - age  13:      65848 bytes,   35884224 total
[2026-01-26T07:15:31.028+0000][66][trace][gc,age      ] GC(534) - age  14:         72 bytes,   35884296 total
[2026-01-26T07:15:31.028+0000][66][trace][gc,age      ] GC(534) - age  15:      55696 bytes,   35939992 total
[2026-01-26T07:15:31.028+0000][66][info ][gc,heap     ] GC(534) Eden regions: 147->0(143)
[2026-01-26T07:15:31.029+0000][66][info ][gc,heap     ] GC(534) Survivor regions: 6->10(20)
[2026-01-26T07:15:31.029+0000][66][info ][gc,heap     ] GC(534) Old regions: 44->44
[2026-01-26T07:15:31.029+0000][66][info ][gc,heap     ] GC(534) Humongous regions: 0->0
[2026-01-26T07:15:31.030+0000][66][info ][gc,metaspace] GC(534) Metaspace: 131105K(136896K)->131105K(136896K) NonClass: 113954K(117504K)->113954K(117504K) Class: 17151K(19392K)->17151K(19392K)
[2026-01-26T07:15:31.030+0000][66][info ][gc          ] GC(534) Pause Young (Normal) (G1 Evacuation Pause) 783M->212M(1024M) 20.477ms
[2026-01-26T07:15:31.030+0000][66][info ][gc,cpu      ] GC(534) User=0.05s Sys=0.00s Real=0.02s
[2026-01-26T07:15:31.031+0000][66][info ][safepoint   ] Safepoint "G1CollectForAllocation", Time since last: 2860443919 ns, Reaching safepoint: 16501 ns, Cleanup: 4300 ns, At safepoint: 21277563 ns, Total: 21298364 ns
[2026-01-26T07:15:36.161+0000][66][info ][gc,start    ] GC(535) Pause Young (Normal) (G1 Evacuation Pause)
[2026-01-26T07:15:36.162+0000][66][info ][gc,task     ] GC(535) Using 6 workers of 6 for evacuation
[2026-01-26T07:15:36.162+0000][66][debug][gc,age      ] GC(535) Desired survivor size 41943040 bytes, new threshold 15 (max threshold 15)
[2026-01-26T07:15:36.170+0000][66][info ][gc,phases   ] GC(535)   Pre Evacuate Collection Set: 0.6ms
[2026-01-26T07:15:36.171+0000][66][info ][gc,phases   ] GC(535)   Merge Heap Roots: 0.2ms
[2026-01-26T07:15:36.172+0000][66][info ][gc,phases   ] GC(535)   Evacuate Collection Set: 5.4ms
[2026-01-26T07:15:36.172+0000][66][info ][gc,phases   ] GC(535)   Post Evacuate Collection Set: 1.5ms
[2026-01-26T07:15:36.173+0000][66][info ][gc,phases   ] GC(535)   Other: 1.0ms
[2026-01-26T07:15:36.173+0000][66][trace][gc,age      ] GC(535) Age table with threshold 15 (max threshold 15)
[2026-01-26T07:15:36.174+0000][66][trace][gc,age      ] GC(535) - age   1:   12287872 bytes,   12287872 total
[2026-01-26T07:15:36.174+0000][66][trace][gc,age      ] GC(535) - age   2:       2176 bytes,   12290048 total
[2026-01-26T07:15:36.175+0000][66][trace][gc,age      ] GC(535) - age   3:      59088 bytes,   12349136 total
[2026-01-26T07:15:36.175+0000][66][trace][gc,age      ] GC(535) - age   4:       5168 bytes,   12354304 total
[2026-01-26T07:15:36.175+0000][66][trace][gc,age      ] GC(535) - age   5:       5360 bytes,   12359664 total
[2026-01-26T07:15:36.176+0000][66][trace][gc,age      ] GC(535) - age   6:      56040 bytes,   12415704 total
[2026-01-26T07:15:36.176+0000][66][trace][gc,age      ] GC(535) - age   7:        648 bytes,   12416352 total
[2026-01-26T07:15:36.177+0000][66][trace][gc,age      ] GC(535) - age   8:         88 bytes,   12416440 total
[2026-01-26T07:15:36.177+0000][66][trace][gc,age      ] GC(535) - age   9:         32 bytes,   12416472 total
[2026-01-26T07:15:36.178+0000][66][trace][gc,age      ] GC(535) - age  10:         96 bytes,   12416568 total
[2026-01-26T07:15:36.178+0000][66][trace][gc,age      ] GC(535) - age  11:      56232 bytes,   12472800 total
[2026-01-26T07:15:36.179+0000][66][trace][gc,age      ] GC(535) - age  12:     264536 bytes,   12737336 total
[2026-01-26T07:15:36.179+0000][66][trace][gc,age      ] GC(535) - age  13:     202744 bytes,   12940080 total
[2026-01-26T07:15:36.179+0000][66][trace][gc,age      ] GC(535) - age  14:      11576 bytes,   12951656 total
[2026-01-26T07:15:36.180+0000][66][trace][gc,age      ] GC(535) - age  15:         72 bytes,   12951728 total
[2026-01-26T07:15:36.180+0000][66][info ][gc,heap     ] GC(535) Eden regions: 143->0(149)
[2026-01-26T07:15:36.181+0000][66][info ][gc,heap     ] GC(535) Survivor regions: 10->4(20)
[2026-01-26T07:15:36.181+0000][66][info ][gc,heap     ] GC(535) Old regions: 44->44
[2026-01-26T07:15:36.181+0000][66][info ][gc,heap     ] GC(535) Humongous regions: 0->0
[2026-01-26T07:15:36.182+0000][66][info ][gc,metaspace] GC(535) Metaspace: 131106K(136896K)->131106K(136896K) NonClass: 113954K(117504K)->113954K(117504K) Class: 17151K(19392K)->17151K(19392K)
[2026-01-26T07:15:36.182+0000][66][info ][gc          ] GC(535) Pause Young (Normal) (G1 Evacuation Pause) 784M->189M(1024M) 21.058ms
[2026-01-26T07:15:36.183+0000][66][info ][gc,cpu      ] GC(535) User=0.03s Sys=0.00s Real=0.02s
[2026-01-26T07:15:36.183+0000][66][info ][safepoint   ] Safepoint "G1CollectForAllocation", Time since last: 5132411173 ns, Reaching safepoint: 58004 ns, Cleanup: 6000 ns, At safepoint: 21978201 ns, Total: 22042205 ns
[2026-01-26T07:15:41.226+0000][66][info ][gc,start    ] GC(536) Pause Young (Normal) (G1 Evacuation Pause)
[2026-01-26T07:15:41.226+0000][66][info ][gc,task     ] GC(536) Using 6 workers of 6 for evacuation
[2026-01-26T07:15:41.226+0000][66][debug][gc,age      ] GC(536) Desired survivor size 41943040 bytes, new threshold 15 (max threshold 15)
[2026-01-26T07:15:41.235+0000][66][info ][gc,phases   ] GC(536)   Pre Evacuate Collection Set: 0.3ms
[2026-01-26T07:15:41.235+0000][66][info ][gc,phases   ] GC(536)   Merge Heap Roots: 0.1ms
[2026-01-26T07:15:41.236+0000][66][info ][gc,phases   ] GC(536)   Evacuate Collection Set: 7.1ms
[2026-01-26T07:15:41.236+0000][66][info ][gc,phases   ] GC(536)   Post Evacuate Collection Set: 1.2ms
[2026-01-26T07:15:41.236+0000][66][info ][gc,phases   ] GC(536)   Other: 0.5ms
[2026-01-26T07:15:41.237+0000][66][trace][gc,age      ] GC(536) Age table with threshold 15 (max threshold 15)
[2026-01-26T07:15:41.237+0000][66][trace][gc,age      ] GC(536) - age   1:   16153488 bytes,   16153488 total
[2026-01-26T07:15:41.237+0000][66][trace][gc,age      ] GC(536) - age   2:    7316328 bytes,   23469816 total
[2026-01-26T07:15:41.238+0000][66][trace][gc,age      ] GC(536) - age   3:       1992 bytes,   23471808 total
[2026-01-26T07:15:41.238+0000][66][trace][gc,age      ] GC(536) - age   4:      59088 bytes,   23530896 total
[2026-01-26T07:15:41.238+0000][66][trace][gc,age      ] GC(536) - age   5:       4536 bytes,   23535432 total
[2026-01-26T07:15:41.239+0000][66][trace][gc,age      ] GC(536) - age   6:       5360 bytes,   23540792 total
[2026-01-26T07:15:41.239+0000][66][trace][gc,age      ] GC(536) - age   7:      56040 bytes,   23596832 total
[2026-01-26T07:15:41.239+0000][66][trace][gc,age      ] GC(536) - age   8:        648 bytes,   23597480 total
[2026-01-26T07:15:41.239+0000][66][trace][gc,age      ] GC(536) - age   9:         88 bytes,   23597568 total
[2026-01-26T07:15:41.240+0000][66][trace][gc,age      ] GC(536) - age  10:         32 bytes,   23597600 total
[2026-01-26T07:15:41.240+0000][66][trace][gc,age      ] GC(536) - age  11:         96 bytes,   23597696 total
[2026-01-26T07:15:41.240+0000][66][trace][gc,age      ] GC(536) - age  12:      56232 bytes,   23653928 total
[2026-01-26T07:15:41.240+0000][66][trace][gc,age      ] GC(536) - age  13:     264536 bytes,   23918464 total
[2026-01-26T07:15:41.240+0000][66][trace][gc,age      ] GC(536) - age  14:     202208 bytes,   24120672 total
[2026-01-26T07:15:41.241+0000][66][trace][gc,age      ] GC(536) - age  15:      11504 bytes,   24132176 total
[2026-01-26T07:15:41.241+0000][66][info ][gc,heap     ] GC(536) Eden regions: 149->0(146)
[2026-01-26T07:15:41.241+0000][66][info ][gc,heap     ] GC(536) Survivor regions: 4->7(20)
[2026-01-26T07:15:41.241+0000][66][info ][gc,heap     ] GC(536) Old regions: 44->44
[2026-01-26T07:15:41.241+0000][66][info ][gc,heap     ] GC(536) Humongous regions: 0->0
[2026-01-26T07:15:41.242+0000][66][info ][gc,metaspace] GC(536) Metaspace: 131108K(136896K)->131108K(136896K) NonClass: 113956K(117504K)->113956K(117504K) Class: 17152K(19392K)->17152K(19392K)
[2026-01-26T07:15:41.242+0000][66][info ][gc          ] GC(536) Pause Young (Normal) (G1 Evacuation Pause) 785M->199M(1024M) 16.174ms
[2026-01-26T07:15:41.242+0000][66][info ][gc,cpu      ] GC(536) User=0.03s Sys=0.00s Real=0.02s
[2026-01-26T07:15:41.242+0000][66][info ][safepoint   ] Safepoint "G1CollectForAllocation", Time since last: 5042524605 ns, Reaching safepoint: 16201 ns, Cleanup: 4101 ns, At safepoint: 16684739 ns, Total: 16705041 ns
[2026-01-26T07:15:43.503+0000][66][info ][safepoint   ] Safepoint "Cleanup", Time since last: 2260941998 ns, Reaching safepoint: 8401 ns, Cleanup: 10201 ns, At safepoint: 7100 ns, Total: 25702 ns
[2026-01-26T07:15:44.957+0000][66][info ][safepoint   ] Safepoint "Cleanup", Time since last: 1453283565 ns, Reaching safepoint: 133409 ns, Cleanup: 14301 ns, At safepoint: 49803 ns, Total: 197513 ns
[2026-01-26T07:15:48.211+0000][66][info ][gc,start    ] GC(537) Pause Young (Normal) (G1 Evacuation Pause)
[2026-01-26T07:15:48.212+0000][66][info ][gc,task     ] GC(537) Using 6 workers of 6 for evacuation
[2026-01-26T07:15:48.212+0000][66][debug][gc,age      ] GC(537) Desired survivor size 41943040 bytes, new threshold 15 (max threshold 15)
[2026-01-26T07:15:48.218+0000][66][info ][gc,phases   ] GC(537)   Pre Evacuate Collection Set: 0.4ms
[2026-01-26T07:15:48.219+0000][66][info ][gc,phases   ] GC(537)   Merge Heap Roots: 0.3ms
[2026-01-26T07:15:48.219+0000][66][info ][gc,phases   ] GC(537)   Evacuate Collection Set: 3.8ms
[2026-01-26T07:15:48.219+0000][66][info ][gc,phases   ] GC(537)   Post Evacuate Collection Set: 1.2ms
[2026-01-26T07:15:48.220+0000][66][info ][gc,phases   ] GC(537)   Other: 0.7ms
[2026-01-26T07:15:48.220+0000][66][trace][gc,age      ] GC(537) Age table with threshold 15 (max threshold 15)
[2026-01-26T07:15:48.220+0000][66][trace][gc,age      ] GC(537) - age   1:    7010600 bytes,    7010600 total
[2026-01-26T07:15:48.221+0000][66][trace][gc,age      ] GC(537) - age   2:       3192 bytes,    7013792 total
[2026-01-26T07:15:48.221+0000][66][trace][gc,age      ] GC(537) - age   3:     262720 bytes,    7276512 total
[2026-01-26T07:15:48.221+0000][66][trace][gc,age      ] GC(537) - age   4:       1992 bytes,    7278504 total
[2026-01-26T07:15:48.222+0000][66][trace][gc,age      ] GC(537) - age   5:      57024 bytes,    7335528 total
[2026-01-26T07:15:48.222+0000][66][trace][gc,age      ] GC(537) - age   6:       2176 bytes,    7337704 total
[2026-01-26T07:15:48.222+0000][66][trace][gc,age      ] GC(537) - age   7:        384 bytes,    7338088 total
[2026-01-26T07:15:48.223+0000][66][trace][gc,age      ] GC(537) - age   8:      55728 bytes,    7393816 total
[2026-01-26T07:15:48.223+0000][66][trace][gc,age      ] GC(537) - age   9:        648 bytes,    7394464 total
[2026-01-26T07:15:48.224+0000][66][trace][gc,age      ] GC(537) - age  10:         88 bytes,    7394552 total
[2026-01-26T07:15:48.224+0000][66][trace][gc,age      ] GC(537) - age  11:         32 bytes,    7394584 total
[2026-01-26T07:15:48.224+0000][66][trace][gc,age      ] GC(537) - age  12:         96 bytes,    7394680 total
[2026-01-26T07:15:48.225+0000][66][trace][gc,age      ] GC(537) - age  13:      56232 bytes,    7450912 total
[2026-01-26T07:15:48.225+0000][66][trace][gc,age      ] GC(537) - age  14:      10312 bytes,    7461224 total
[2026-01-26T07:15:48.225+0000][66][trace][gc,age      ] GC(537) - age  15:     120744 bytes,    7581968 total
[2026-01-26T07:15:48.226+0000][66][info ][gc,heap     ] GC(537) Eden regions: 146->0(150)
[2026-01-26T07:15:48.226+0000][66][info ][gc,heap     ] GC(537) Survivor regions: 7->3(20)
[2026-01-26T07:15:48.227+0000][66][info ][gc,heap     ] GC(537) Old regions: 44->44
[2026-01-26T07:15:48.227+0000][66][info ][gc,heap     ] GC(537) Humongous regions: 0->0
[2026-01-26T07:15:48.227+0000][66][info ][gc,metaspace] GC(537) Metaspace: 131112K(136896K)->131112K(136896K) NonClass: 113960K(117504K)->113960K(117504K) Class: 17152K(19392K)->17152K(19392K)
[2026-01-26T07:15:48.228+0000][66][info ][gc          ] GC(537) Pause Young (Normal) (G1 Evacuation Pause) 783M->183M(1024M) 16.278ms
[2026-01-26T07:15:48.228+0000][66][info ][gc,cpu      ] GC(537) User=0.03s Sys=0.00s Real=0.02s
[2026-01-26T07:15:48.229+0000][66][info ][safepoint   ] Safepoint "G1CollectForAllocation", Time since last: 3254658484 ns, Reaching safepoint: 19001 ns, Cleanup: 5000 ns, At safepoint: 17208800 ns, Total: 17232801 ns
[2026-01-26T07:15:53.556+0000][66][info ][gc,start    ] GC(538) Pause Young (Normal) (G1 Evacuation Pause)
[2026-01-26T07:15:53.556+0000][66][info ][gc,task     ] GC(538) Using 6 workers of 6 for evacuation
[2026-01-26T07:15:53.557+0000][66][debug][gc,age      ] GC(538) Desired survivor size 41943040 bytes, new threshold 15 (max threshold 15)
[2026-01-26T07:15:53.566+0000][66][info ][gc,phases   ] GC(538)   Pre Evacuate Collection Set: 0.5ms
[2026-01-26T07:15:53.567+0000][66][info ][gc,phases   ] GC(538)   Merge Heap Roots: 0.2ms
[2026-01-26T07:15:53.567+0000][66][info ][gc,phases   ] GC(538)   Evacuate Collection Set: 7.2ms
[2026-01-26T07:15:53.567+0000][66][info ][gc,phases   ] GC(538)   Post Evacuate Collection Set: 1.2ms
[2026-01-26T07:15:53.568+0000][66][info ][gc,phases   ] GC(538)   Other: 1.0ms
[2026-01-26T07:15:53.568+0000][66][trace][gc,age      ] GC(538) Age table with threshold 15 (max threshold 15)
[2026-01-26T07:15:53.569+0000][66][trace][gc,age      ] GC(538) - age   1:   17432504 bytes,   17432504 total
[2026-01-26T07:15:53.569+0000][66][trace][gc,age      ] GC(538) - age   2:    3972880 bytes,   21405384 total
[2026-01-26T07:15:53.569+0000][66][trace][gc,age      ] GC(538) - age   3:       2984 bytes,   21408368 total
[2026-01-26T07:15:53.570+0000][66][trace][gc,age      ] GC(538) - age   4:     262720 bytes,   21671088 total
[2026-01-26T07:15:53.570+0000][66][trace][gc,age      ] GC(538) - age   5:       1992 bytes,   21673080 total
[2026-01-26T07:15:53.571+0000][66][trace][gc,age      ] GC(538) - age   6:      57024 bytes,   21730104 total
[2026-01-26T07:15:53.571+0000][66][trace][gc,age      ] GC(538) - age   7:        496 bytes,   21730600 total
[2026-01-26T07:15:53.571+0000][66][trace][gc,age      ] GC(538) - age   8:        384 bytes,   21730984 total
[2026-01-26T07:15:53.572+0000][66][trace][gc,age      ] GC(538) - age   9:      55728 bytes,   21786712 total
[2026-01-26T07:15:53.572+0000][66][trace][gc,age      ] GC(538) - age  10:        648 bytes,   21787360 total
[2026-01-26T07:15:53.572+0000][66][trace][gc,age      ] GC(538) - age  11:         88 bytes,   21787448 total
[2026-01-26T07:15:53.573+0000][66][trace][gc,age      ] GC(538) - age  12:         32 bytes,   21787480 total
[2026-01-26T07:15:53.573+0000][66][trace][gc,age      ] GC(538) - age  13:         96 bytes,   21787576 total
[2026-01-26T07:15:53.573+0000][66][trace][gc,age      ] GC(538) - age  14:      56232 bytes,   21843808 total
[2026-01-26T07:15:53.574+0000][66][trace][gc,age      ] GC(538) - age  15:      10312 bytes,   21854120 total
[2026-01-26T07:15:53.574+0000][66][info ][gc,heap     ] GC(538) Eden regions: 150->0(147)
[2026-01-26T07:15:53.574+0000][66][info ][gc,heap     ] GC(538) Survivor regions: 3->6(20)
[2026-01-26T07:15:53.575+0000][66][info ][gc,heap     ] GC(538) Old regions: 44->44
[2026-01-26T07:15:53.575+0000][66][info ][gc,heap     ] GC(538) Humongous regions: 0->0
[2026-01-26T07:15:53.575+0000][66][info ][gc,metaspace] GC(538) Metaspace: 131112K(136896K)->131112K(136896K) NonClass: 113960K(117504K)->113960K(117504K) Class: 17152K(19392K)->17152K(19392K)
[2026-01-26T07:15:53.576+0000][66][info ][gc          ] GC(538) Pause Young (Normal) (G1 Evacuation Pause) 783M->196M(1024M) 20.206ms
[2026-01-26T07:15:53.576+0000][66][info ][gc,cpu      ] GC(538) User=0.04s Sys=0.00s Real=0.02s
[2026-01-26T07:15:53.577+0000][66][info ][safepoint   ] Safepoint "G1CollectForAllocation", Time since last: 5326917932 ns, Reaching safepoint: 18301 ns, Cleanup: 4600 ns, At safepoint: 20999467 ns, Total: 21022368 ns
[2026-01-26T07:15:57.495+0000][66][info ][gc,start    ] GC(539) Pause Young (Normal) (G1 Evacuation Pause)
[2026-01-26T07:15:57.496+0000][66][info ][gc,task     ] GC(539) Using 6 workers of 6 for evacuation
[2026-01-26T07:15:57.496+0000][66][debug][gc,age      ] GC(539) Desired survivor size 41943040 bytes, new threshold 15 (max threshold 15)
[2026-01-26T07:15:57.508+0000][66][info ][gc,phases   ] GC(539)   Pre Evacuate Collection Set: 0.4ms
[2026-01-26T07:15:57.509+0000][66][info ][gc,phases   ] GC(539)   Merge Heap Roots: 0.2ms
[2026-01-26T07:15:57.509+0000][66][info ][gc,phases   ] GC(539)   Evacuate Collection Set: 9.7ms
[2026-01-26T07:15:57.510+0000][66][info ][gc,phases   ] GC(539)   Post Evacuate Collection Set: 1.3ms
[2026-01-26T07:15:57.510+0000][66][info ][gc,phases   ] GC(539)   Other: 1.0ms
[2026-01-26T07:15:57.511+0000][66][trace][gc,age      ] GC(539) Age table with threshold 15 (max threshold 15)
[2026-01-26T07:15:57.511+0000][66][trace][gc,age      ] GC(539) - age   1:   13768048 bytes,   13768048 total
[2026-01-26T07:15:57.512+0000][66][trace][gc,age      ] GC(539) - age   2:   10657808 bytes,   24425856 total
[2026-01-26T07:15:57.512+0000][66][trace][gc,age      ] GC(539) - age   3:    3407688 bytes,   27833544 total
[2026-01-26T07:15:57.513+0000][66][trace][gc,age      ] GC(539) - age   4:       2984 bytes,   27836528 total
[2026-01-26T07:15:57.513+0000][66][trace][gc,age      ] GC(539) - age   5:     262720 bytes,   28099248 total
[2026-01-26T07:15:57.513+0000][66][trace][gc,age      ] GC(539) - age   6:       1816 bytes,   28101064 total
[2026-01-26T07:15:57.514+0000][66][trace][gc,age      ] GC(539) - age   7:      56776 bytes,   28157840 total
[2026-01-26T07:15:57.514+0000][66][trace][gc,age      ] GC(539) - age   8:        496 bytes,   28158336 total
[2026-01-26T07:15:57.514+0000][66][trace][gc,age      ] GC(539) - age   9:        384 bytes,   28158720 total
[2026-01-26T07:15:57.515+0000][66][trace][gc,age      ] GC(539) - age  10:      55728 bytes,   28214448 total
[2026-01-26T07:15:57.515+0000][66][trace][gc,age      ] GC(539) - age  11:        648 bytes,   28215096 total
[2026-01-26T07:15:57.516+0000][66][trace][gc,age      ] GC(539) - age  12:         88 bytes,   28215184 total
[2026-01-26T07:15:57.516+0000][66][trace][gc,age      ] GC(539) - age  13:         32 bytes,   28215216 total
[2026-01-26T07:15:57.516+0000][66][trace][gc,age      ] GC(539) - age  14:         64 bytes,   28215280 total
[2026-01-26T07:15:57.517+0000][66][trace][gc,age      ] GC(539) - age  15:      56232 bytes,   28271512 total
[2026-01-26T07:15:57.517+0000][66][info ][gc,heap     ] GC(539) Eden regions: 147->0(145)
[2026-01-26T07:15:57.517+0000][66][info ][gc,heap     ] GC(539) Survivor regions: 6->8(20)
[2026-01-26T07:15:57.518+0000][66][info ][gc,heap     ] GC(539) Old regions: 44->44
[2026-01-26T07:15:57.518+0000][66][info ][gc,heap     ] GC(539) Humongous regions: 0->0
[2026-01-26T07:15:57.518+0000][66][info ][gc,metaspace] GC(539) Metaspace: 131112K(136896K)->131112K(136896K) NonClass: 113960K(117504K)->113960K(117504K) Class: 17152K(19392K)->17152K(19392K)
[2026-01-26T07:15:57.519+0000][66][info ][gc          ] GC(539) Pause Young (Normal) (G1 Evacuation Pause) 784M->202M(1024M) 23.479ms
[2026-01-26T07:15:57.519+0000][66][info ][gc,cpu      ] GC(539) User=0.04s Sys=0.01s Real=0.03s
[2026-01-26T07:15:57.520+0000][66][info ][safepoint   ] Safepoint "G1CollectForAllocation", Time since last: 3918638638 ns, Reaching safepoint: 20101 ns, Cleanup: 5301 ns, At safepoint: 24361801 ns, Total: 24387203 ns
[2026-01-26T07:16:01.447+0000][66][info ][gc,start    ] GC(540) Pause Young (Normal) (G1 Evacuation Pause)
[2026-01-26T07:16:01.447+0000][66][info ][gc,task     ] GC(540) Using 6 workers of 6 for evacuation
[2026-01-26T07:16:01.448+0000][66][debug][gc,age      ] GC(540) Desired survivor size 41943040 bytes, new threshold 15 (max threshold 15)
[2026-01-26T07:16:01.455+0000][66][info ][gc,phases   ] GC(540)   Pre Evacuate Collection Set: 0.4ms
[2026-01-26T07:16:01.456+0000][66][info ][gc,phases   ] GC(540)   Merge Heap Roots: 0.2ms
[2026-01-26T07:16:01.456+0000][66][info ][gc,phases   ] GC(540)   Evacuate Collection Set: 5.4ms
[2026-01-26T07:16:01.456+0000][66][info ][gc,phases   ] GC(540)   Post Evacuate Collection Set: 1.2ms
[2026-01-26T07:16:01.457+0000][66][info ][gc,phases   ] GC(540)   Other: 0.8ms
[2026-01-26T07:16:01.457+0000][66][trace][gc,age      ] GC(540) Age table with threshold 15 (max threshold 15)
[2026-01-26T07:16:01.457+0000][66][trace][gc,age      ] GC(540) - age   1:   12271648 bytes,   12271648 total
[2026-01-26T07:16:01.458+0000][66][trace][gc,age      ] GC(540) - age   2:    2153184 bytes,   14424832 total
[2026-01-26T07:16:01.458+0000][66][trace][gc,age      ] GC(540) - age   3:       2072 bytes,   14426904 total
[2026-01-26T07:16:01.458+0000][66][trace][gc,age      ] GC(540) - age   4:     354536 bytes,   14781440 total
[2026-01-26T07:16:01.458+0000][66][trace][gc,age      ] GC(540) - age   5:       2984 bytes,   14784424 total
[2026-01-26T07:16:01.459+0000][66][trace][gc,age      ] GC(540) - age   6:     260192 bytes,   15044616 total
[2026-01-26T07:16:01.459+0000][66][trace][gc,age      ] GC(540) - age   7:       1448 bytes,   15046064 total
[2026-01-26T07:16:01.459+0000][66][trace][gc,age      ] GC(540) - age   8:      56776 bytes,   15102840 total
[2026-01-26T07:16:01.460+0000][66][trace][gc,age      ] GC(540) - age   9:        496 bytes,   15103336 total
[2026-01-26T07:16:01.460+0000][66][trace][gc,age      ] GC(540) - age  10:        384 bytes,   15103720 total
[2026-01-26T07:16:01.460+0000][66][trace][gc,age      ] GC(540) - age  11:      55664 bytes,   15159384 total
[2026-01-26T07:16:01.461+0000][66][trace][gc,age      ] GC(540) - age  12:        336 bytes,   15159720 total
[2026-01-26T07:16:01.461+0000][66][trace][gc,age      ] GC(540) - age  13:         88 bytes,   15159808 total
[2026-01-26T07:16:01.461+0000][66][trace][gc,age      ] GC(540) - age  15:         64 bytes,   15159872 total
[2026-01-26T07:16:01.461+0000][66][info ][gc,heap     ] GC(540) Eden regions: 145->0(148)
[2026-01-26T07:16:01.462+0000][66][info ][gc,heap     ] GC(540) Survivor regions: 8->5(20)
[2026-01-26T07:16:01.462+0000][66][info ][gc,heap     ] GC(540) Old regions: 44->44
[2026-01-26T07:16:01.462+0000][66][info ][gc,heap     ] GC(540) Humongous regions: 0->0
[2026-01-26T07:16:01.463+0000][66][info ][gc,metaspace] GC(540) Metaspace: 131112K(136896K)->131112K(136896K) NonClass: 113960K(117504K)->113960K(117504K) Class: 17152K(19392K)->17152K(19392K)
[2026-01-26T07:16:01.463+0000][66][info ][gc          ] GC(540) Pause Young (Normal) (G1 Evacuation Pause) 782M->190M(1024M) 16.064ms
[2026-01-26T07:16:01.463+0000][66][info ][gc,cpu      ] GC(540) User=0.02s Sys=0.00s Real=0.01s
[2026-01-26T07:16:01.464+0000][66][info ][safepoint   ] Safepoint "G1CollectForAllocation", Time since last: 3927246327 ns, Reaching safepoint: 17602 ns, Cleanup: 4200 ns, At safepoint: 16698052 ns, Total: 16719854 ns
[2026-01-26T07:16:05.710+0000][66][info ][gc,start    ] GC(541) Pause Young (Normal) (G1 Evacuation Pause)
[2026-01-26T07:16:05.711+0000][66][info ][gc,task     ] GC(541) Using 6 workers of 6 for evacuation
[2026-01-26T07:16:05.711+0000][66][debug][gc,age      ] GC(541) Desired survivor size 41943040 bytes, new threshold 15 (max threshold 15)
[2026-01-26T07:16:05.722+0000][66][info ][gc,phases   ] GC(541)   Pre Evacuate Collection Set: 0.4ms
[2026-01-26T07:16:05.722+0000][66][info ][gc,phases   ] GC(541)   Merge Heap Roots: 0.2ms
[2026-01-26T07:16:05.723+0000][66][info ][gc,phases   ] GC(541)   Evacuate Collection Set: 8.4ms
[2026-01-26T07:16:05.723+0000][66][info ][gc,phases   ] GC(541)   Post Evacuate Collection Set: 1.3ms
[2026-01-26T07:16:05.723+0000][66][info ][gc,phases   ] GC(541)   Other: 0.8ms
[2026-01-26T07:16:05.724+0000][66][trace][gc,age      ] GC(541) Age table with threshold 15 (max threshold 15)
[2026-01-26T07:16:05.724+0000][66][trace][gc,age      ] GC(541) - age   1:   19004504 bytes,   19004504 total
[2026-01-26T07:16:05.725+0000][66][trace][gc,age      ] GC(541) - age   2:    7047352 bytes,   26051856 total
[2026-01-26T07:16:05.725+0000][66][trace][gc,age      ] GC(541) - age   3:    2150824 bytes,   28202680 total
[2026-01-26T07:16:05.725+0000][66][trace][gc,age      ] GC(541) - age   4:       1672 bytes,   28204352 total
[2026-01-26T07:16:05.726+0000][66][trace][gc,age      ] GC(541) - age   5:     354136 bytes,   28558488 total
[2026-01-26T07:16:05.726+0000][66][trace][gc,age      ] GC(541) - age   6:       2984 bytes,   28561472 total
[2026-01-26T07:16:05.726+0000][66][trace][gc,age      ] GC(541) - age   7:     259272 bytes,   28820744 total
[2026-01-26T07:16:05.727+0000][66][trace][gc,age      ] GC(541) - age   8:       1448 bytes,   28822192 total
[2026-01-26T07:16:05.727+0000][66][trace][gc,age      ] GC(541) - age   9:      56776 bytes,   28878968 total
[2026-01-26T07:16:05.727+0000][66][trace][gc,age      ] GC(541) - age  10:        496 bytes,   28879464 total
[2026-01-26T07:16:05.728+0000][66][trace][gc,age      ] GC(541) - age  11:        384 bytes,   28879848 total
[2026-01-26T07:16:05.728+0000][66][trace][gc,age      ] GC(541) - age  12:      55664 bytes,   28935512 total
[2026-01-26T07:16:05.728+0000][66][trace][gc,age      ] GC(541) - age  13:        336 bytes,   28935848 total
[2026-01-26T07:16:05.729+0000][66][trace][gc,age      ] GC(541) - age  14:         88 bytes,   28935936 total
[2026-01-26T07:16:05.729+0000][66][info ][gc,heap     ] GC(541) Eden regions: 148->0(145)
[2026-01-26T07:16:05.729+0000][66][info ][gc,heap     ] GC(541) Survivor regions: 5->8(20)
[2026-01-26T07:16:05.730+0000][66][info ][gc,heap     ] GC(541) Old regions: 44->44
[2026-01-26T07:16:05.730+0000][66][info ][gc,heap     ] GC(541) Humongous regions: 0->0
[2026-01-26T07:16:05.730+0000][66][info ][gc,metaspace] GC(541) Metaspace: 131112K(136896K)->131112K(136896K) NonClass: 113960K(117504K)->113960K(117504K) Class: 17152K(19392K)->17152K(19392K)
[2026-01-26T07:16:05.730+0000][66][info ][gc          ] GC(541) Pause Young (Normal) (G1 Evacuation Pause) 782M->204M(1024M) 20.240ms
[2026-01-26T07:16:05.731+0000][66][info ][gc,cpu      ] GC(541) User=0.04s Sys=0.01s Real=0.02s
[2026-01-26T07:16:05.731+0000][66][info ][safepoint   ] Safepoint "G1CollectForAllocation", Time since last: 4248790007 ns, Reaching safepoint: 40503 ns, Cleanup: 4701 ns, At safepoint: 20901441 ns, Total: 20946645 ns
[2026-01-26T07:16:10.139+0000][66][info ][gc,start    ] GC(542) Pause Young (Normal) (G1 Evacuation Pause)
[2026-01-26T07:16:10.144+0000][66][info ][gc,task     ] GC(542) Using 6 workers of 6 for evacuation
[2026-01-26T07:16:10.145+0000][66][debug][gc,age      ] GC(542) Desired survivor size 41943040 bytes, new threshold 15 (max threshold 15)
[2026-01-26T07:16:10.158+0000][66][info ][gc,phases   ] GC(542)   Pre Evacuate Collection Set: 0.3ms
[2026-01-26T07:16:10.158+0000][66][info ][gc,phases   ] GC(542)   Merge Heap Roots: 0.1ms
[2026-01-26T07:16:10.158+0000][66][info ][gc,phases   ] GC(542)   Evacuate Collection Set: 10.6ms
[2026-01-26T07:16:10.159+0000][66][info ][gc,phases   ] GC(542)   Post Evacuate Collection Set: 1.2ms
[2026-01-26T07:16:10.159+0000][66][info ][gc,phases   ] GC(542)   Other: 0.7ms
[2026-01-26T07:16:10.160+0000][66][trace][gc,age      ] GC(542) Age table with threshold 15 (max threshold 15)
[2026-01-26T07:16:10.160+0000][66][trace][gc,age      ] GC(542) - age   1:   17683896 bytes,   17683896 total
[2026-01-26T07:16:10.160+0000][66][trace][gc,age      ] GC(542) - age   2:    8859152 bytes,   26543048 total
[2026-01-26T07:16:10.161+0000][66][trace][gc,age      ] GC(542) - age   3:    6135400 bytes,   32678448 total
[2026-01-26T07:16:10.161+0000][66][trace][gc,age      ] GC(542) - age   4:    1805288 bytes,   34483736 total
[2026-01-26T07:16:10.161+0000][66][trace][gc,age      ] GC(542) - age   5:       1672 bytes,   34485408 total
[2026-01-26T07:16:10.162+0000][66][trace][gc,age      ] GC(542) - age   6:     354136 bytes,   34839544 total
[2026-01-26T07:16:10.162+0000][66][trace][gc,age      ] GC(542) - age   7:       2984 bytes,   34842528 total
[2026-01-26T07:16:10.162+0000][66][trace][gc,age      ] GC(542) - age   8:     259024 bytes,   35101552 total
[2026-01-26T07:16:10.163+0000][66][trace][gc,age      ] GC(542) - age   9:       1448 bytes,   35103000 total
[2026-01-26T07:16:10.163+0000][66][trace][gc,age      ] GC(542) - age  10:      56776 bytes,   35159776 total
[2026-01-26T07:16:10.164+0000][66][trace][gc,age      ] GC(542) - age  11:        496 bytes,   35160272 total
[2026-01-26T07:16:10.164+0000][66][trace][gc,age      ] GC(542) - age  12:        384 bytes,   35160656 total
[2026-01-26T07:16:10.164+0000][66][trace][gc,age      ] GC(542) - age  13:      55664 bytes,   35216320 total
[2026-01-26T07:16:10.164+0000][66][trace][gc,age      ] GC(542) - age  14:        336 bytes,   35216656 total
[2026-01-26T07:16:10.165+0000][66][trace][gc,age      ] GC(542) - age  15:         88 bytes,   35216744 total
[2026-01-26T07:16:10.165+0000][66][info ][gc,heap     ] GC(542) Eden regions: 145->0(143)
[2026-01-26T07:16:10.165+0000][66][info ][gc,heap     ] GC(542) Survivor regions: 8->10(20)
[2026-01-26T07:16:10.165+0000][66][info ][gc,heap     ] GC(542) Old regions: 44->44
[2026-01-26T07:16:10.166+0000][66][info ][gc,heap     ] GC(542) Humongous regions: 0->0
[2026-01-26T07:16:10.166+0000][66][info ][gc,metaspace] GC(542) Metaspace: 131112K(136896K)->131112K(136896K) NonClass: 113960K(117504K)->113960K(117504K) Class: 17152K(19392K)->17152K(19392K)
[2026-01-26T07:16:10.166+0000][66][info ][gc          ] GC(542) Pause Young (Normal) (G1 Evacuation Pause) 784M->210M(1024M) 27.555ms
[2026-01-26T07:16:10.166+0000][66][info ][gc,cpu      ] GC(542) User=0.05s Sys=0.00s Real=0.03s
[2026-01-26T07:16:10.167+0000][66][info ][safepoint   ] Safepoint "G1CollectForAllocation", Time since last: 4407566901 ns, Reaching safepoint: 16201 ns, Cleanup: 4301 ns, At safepoint: 28197570 ns, Total: 28218072 ns
[2026-01-26T07:16:12.506+0000][66][info ][safepoint   ] Safepoint "Cleanup", Time since last: 2339142116 ns, Reaching safepoint: 29702 ns, Cleanup: 16901 ns, At safepoint: 3601 ns, Total: 50204 ns
[2026-01-26T07:16:13.748+0000][66][info ][safepoint   ] Safepoint "Cleanup", Time since last: 1241954058 ns, Reaching safepoint: 175112 ns, Cleanup: 15701 ns, At safepoint: 76005 ns, Total: 266818 ns
[2026-01-26T07:16:13.771+0000][66][info ][gc,start    ] GC(543) Pause Young (Normal) (G1 Evacuation Pause)
[2026-01-26T07:16:13.772+0000][66][info ][gc,task     ] GC(543) Using 6 workers of 6 for evacuation
[2026-01-26T07:16:13.772+0000][66][debug][gc,age      ] GC(543) Desired survivor size 41943040 bytes, new threshold 15 (max threshold 15)
[2026-01-26T07:16:13.781+0000][66][info ][gc,phases   ] GC(543)   Pre Evacuate Collection Set: 0.6ms
[2026-01-26T07:16:13.782+0000][66][info ][gc,phases   ] GC(543)   Merge Heap Roots: 0.2ms
[2026-01-26T07:16:13.782+0000][66][info ][gc,phases   ] GC(543)   Evacuate Collection Set: 6.4ms
[2026-01-26T07:16:13.783+0000][66][info ][gc,phases   ] GC(543)   Post Evacuate Collection Set: 1.5ms
[2026-01-26T07:16:13.783+0000][66][info ][gc,phases   ] GC(543)   Other: 0.8ms
[2026-01-26T07:16:13.784+0000][66][trace][gc,age      ] GC(543) Age table with threshold 15 (max threshold 15)
[2026-01-26T07:16:13.784+0000][66][trace][gc,age      ] GC(543) - age   1:    9853600 bytes,    9853600 total
[2026-01-26T07:16:13.784+0000][66][trace][gc,age      ] GC(543) - age   2:    2199848 bytes,   12053448 total
[2026-01-26T07:16:13.785+0000][66][trace][gc,age      ] GC(543) - age   3:       1184 bytes,   12054632 total
[2026-01-26T07:16:13.785+0000][66][trace][gc,age      ] GC(543) - age   4:     340752 bytes,   12395384 total
[2026-01-26T07:16:13.786+0000][66][trace][gc,age      ] GC(543) - age   5:        568 bytes,   12395952 total
[2026-01-26T07:16:13.786+0000][66][trace][gc,age      ] GC(543) - age   6:       1392 bytes,   12397344 total
[2026-01-26T07:16:13.787+0000][66][trace][gc,age      ] GC(543) - age   7:     346096 bytes,   12743440 total
[2026-01-26T07:16:13.787+0000][66][trace][gc,age      ] GC(543) - age   8:       2984 bytes,   12746424 total
[2026-01-26T07:16:13.787+0000][66][trace][gc,age      ] GC(543) - age   9:     258936 bytes,   13005360 total
[2026-01-26T07:16:13.788+0000][66][trace][gc,age      ] GC(543) - age  10:       1448 bytes,   13006808 total
[2026-01-26T07:16:13.788+0000][66][trace][gc,age      ] GC(543) - age  11:      56776 bytes,   13063584 total
[2026-01-26T07:16:13.789+0000][66][trace][gc,age      ] GC(543) - age  12:        464 bytes,   13064048 total
[2026-01-26T07:16:13.789+0000][66][trace][gc,age      ] GC(543) - age  13:        208 bytes,   13064256 total
[2026-01-26T07:16:13.789+0000][66][trace][gc,age      ] GC(543) - age  14:      55664 bytes,   13119920 total
[2026-01-26T07:16:13.790+0000][66][trace][gc,age      ] GC(543) - age  15:        336 bytes,   13120256 total
[2026-01-26T07:16:13.790+0000][66][info ][gc,heap     ] GC(543) Eden regions: 143->0(149)
[2026-01-26T07:16:13.790+0000][66][info ][gc,heap     ] GC(543) Survivor regions: 10->4(20)
[2026-01-26T07:16:13.791+0000][66][info ][gc,heap     ] GC(543) Old regions: 44->44
[2026-01-26T07:16:13.791+0000][66][info ][gc,heap     ] GC(543) Humongous regions: 0->0
[2026-01-26T07:16:13.792+0000][66][info ][gc,metaspace] GC(543) Metaspace: 131151K(136896K)->131151K(136896K) NonClass: 113992K(117504K)->113992K(117504K) Class: 17159K(19392K)->17159K(19392K)
[2026-01-26T07:16:13.792+0000][66][info ][gc          ] GC(543) Pause Young (Normal) (G1 Evacuation Pause) 782M->189M(1024M) 20.806ms
[2026-01-26T07:16:13.792+0000][66][info ][gc,cpu      ] GC(543) User=0.03s Sys=0.01s Real=0.02s
[2026-01-26T07:16:13.793+0000][66][info ][safepoint   ] Safepoint "G1CollectForAllocation", Time since last: 22913819 ns, Reaching safepoint: 19802 ns, Cleanup: 5200 ns, At safepoint: 21832748 ns, Total: 21857750 ns
[2026-01-26T07:16:15.082+0000][66][info ][safepoint   ] Safepoint "Cleanup", Time since last: 1288475647 ns, Reaching safepoint: 111708 ns, Cleanup: 9701 ns, At safepoint: 58704 ns, Total: 180113 ns
[2026-01-26T07:16:15.763+0000][66][info ][safepoint   ] Safepoint "ICBufferFull", Time since last: 681208773 ns, Reaching safepoint: 138110 ns, Cleanup: 201214 ns, At safepoint: 50004 ns, Total: 389328 ns
[2026-01-26T07:16:17.614+0000][66][info ][safepoint   ] Safepoint "Cleanup", Time since last: 1851009998 ns, Reaching safepoint: 18702 ns, Cleanup: 154110 ns, At safepoint: 35003 ns, Total: 207815 ns
[2026-01-26T07:16:18.731+0000][66][info ][safepoint   ] Safepoint "Cleanup", Time since last: 1116007721 ns, Reaching safepoint: 9401 ns, Cleanup: 39102 ns, At safepoint: 4301 ns, Total: 52804 ns
[2026-01-26T07:16:19.810+0000][66][info ][safepoint   ] Safepoint "Cleanup", Time since last: 1079195617 ns, Reaching safepoint: 7001 ns, Cleanup: 52404 ns, At safepoint: 34402 ns, Total: 93807 ns
[2026-01-26T07:16:21.234+0000][66][info ][safepoint   ] Safepoint "Cleanup", Time since last: 1424507537 ns, Reaching safepoint: 32103 ns, Cleanup: 68505 ns, At safepoint: 9600 ns, Total: 110208 ns
[2026-01-26T07:16:23.020+0000][66][info ][safepoint   ] Safepoint "Cleanup", Time since last: 1785581102 ns, Reaching safepoint: 17401 ns, Cleanup: 11201 ns, At safepoint: 3600 ns, Total: 32202 ns
[2026-01-26T07:16:28.021+0000][66][info ][safepoint   ] Safepoint "Cleanup", Time since last: 5001172668 ns, Reaching safepoint: 15101 ns, Cleanup: 9901 ns, At safepoint: 2600 ns, Total: 27602 ns
[2026-01-26T07:16:32.021+0000][66][info ][safepoint   ] Safepoint "Cleanup", Time since last: 4001098798 ns, Reaching safepoint: 18101 ns, Cleanup: 12801 ns, At safepoint: 3300 ns, Total: 34202 ns
[2026-01-26T07:17:12.785+0000][66][info ][safepoint   ] Safepoint "Cleanup", Time since last: 40768111487 ns, Reaching safepoint: 92610 ns, Cleanup: 30003 ns, At safepoint: 9301 ns, Total: 131914 ns
[2026-01-26T07:17:20.788+0000][66][info ][safepoint   ] Safepoint "Cleanup", Time since last: 8003194770 ns, Reaching safepoint: 33104 ns, Cleanup: 23802 ns, At safepoint: 9201 ns, Total: 66107 ns
[2026-01-26T07:18:27.803+0000][66][info ][safepoint   ] Safepoint "Cleanup", Time since last: 67017239458 ns, Reaching safepoint: 28700 ns, Cleanup: 19501 ns, At safepoint: 8900 ns, Total: 57101 ns
[2026-01-26T07:19:22.811+0000][66][info ][safepoint   ] Safepoint "Cleanup", Time since last: 55014215783 ns, Reaching safepoint: 81409 ns, Cleanup: 14402 ns, At safepoint: 4200 ns, Total: 100011 ns
[2026-01-26T07:19:35.812+0000][66][info ][safepoint   ] Safepoint "Cleanup", Time since last: 13003166351 ns, Reaching safepoint: 21602 ns, Cleanup: 14902 ns, At safepoint: 5200 ns, Total: 41704 ns
[2026-01-26T07:20:42.820+0000][66][info ][safepoint   ] Safepoint "Cleanup", Time since last: 67014759990 ns, Reaching safepoint: 46905 ns, Cleanup: 13201 ns, At safepoint: 2700 ns, Total: 62806 ns
[2026-01-26T07:21:12.823+0000][66][info ][safepoint   ] Safepoint "Cleanup", Time since last: 30006953277 ns, Reaching safepoint: 87013 ns, Cleanup: 24304 ns, At safepoint: 9001 ns, Total: 120318 ns
[2026-01-26T07:21:21.389+0000][66][info ][safepoint   ] Safepoint "Cleanup", Time since last: 8565167823 ns, Reaching safepoint: 89112 ns, Cleanup: 5401 ns, At safepoint: 28204 ns, Total: 122717 ns
[2026-01-26T07:21:22.937+0000][66][info ][safepoint   ] Safepoint "Cleanup", Time since last: 1548026329 ns, Reaching safepoint: 33705 ns, Cleanup: 47606 ns, At safepoint: 9101 ns, Total: 90412 ns
[2026-01-26T07:21:32.939+0000][66][info ][safepoint   ] Safepoint "Cleanup", Time since last: 10003807732 ns, Reaching safepoint: 34403 ns, Cleanup: 22703 ns, At safepoint: 8601 ns, Total: 65707 ns
[2026-01-26T07:21:42.942+0000][66][info ][safepoint   ] Safepoint "Cleanup", Time since last: 10003593344 ns, Reaching safepoint: 40504 ns, Cleanup: 10001 ns, At safepoint: 2700 ns, Total: 53205 ns
[2026-01-26T07:22:13.037+0000][66][info ][safepoint   ] Safepoint "Cleanup", Time since last: 30099274696 ns, Reaching safepoint: 94309 ns, Cleanup: 21903 ns, At safepoint: 9401 ns, Total: 125613 ns
[2026-01-26T07:25:03.052+0000][66][info ][safepoint   ] Safepoint "Cleanup", Time since last: 170033699486 ns, Reaching safepoint: 77698 ns, Cleanup: 11100 ns, At safepoint: 3400 ns, Total: 92198 ns
[2026-01-26T07:25:13.055+0000][66][info ][safepoint   ] Safepoint "Cleanup", Time since last: 10002526229 ns, Reaching safepoint: 36407 ns, Cleanup: 11502 ns, At safepoint: 2700 ns, Total: 50609 ns
[2026-01-26T07:25:19.056+0000][66][info ][safepoint   ] Safepoint "Cleanup", Time since last: 6001606742 ns, Reaching safepoint: 20602 ns, Cleanup: 13502 ns, At safepoint: 4201 ns, Total: 38305 ns
[2026-01-26T07:30:43.094+0000][66][info ][safepoint   ] Safepoint "Cleanup", Time since last: 324072096803 ns, Reaching safepoint: 430573 ns, Cleanup: 26204 ns, At safepoint: 11202 ns, Total: 467979 ns
[2026-01-26T07:32:01.347+0000][66][info ][gc,start    ] GC(544) Pause Young (Normal) (G1 Evacuation Pause)
[2026-01-26T07:32:01.348+0000][66][info ][gc,task     ] GC(544) Using 6 workers of 6 for evacuation
[2026-01-26T07:32:01.348+0000][66][debug][gc,age      ] GC(544) Desired survivor size 41943040 bytes, new threshold 15 (max threshold 15)
[2026-01-26T07:32:01.356+0000][66][info ][gc,phases   ] GC(544)   Pre Evacuate Collection Set: 0.5ms
[2026-01-26T07:32:01.357+0000][66][info ][gc,phases   ] GC(544)   Merge Heap Roots: 0.3ms
[2026-01-26T07:32:01.357+0000][66][info ][gc,phases   ] GC(544)   Evacuate Collection Set: 5.6ms
[2026-01-26T07:32:01.357+0000][66][info ][gc,phases   ] GC(544)   Post Evacuate Collection Set: 2.1ms
[2026-01-26T07:32:01.357+0000][66][info ][gc,phases   ] GC(544)   Other: 0.5ms
[2026-01-26T07:32:01.357+0000][66][trace][gc,age      ] GC(544) Age table with threshold 15 (max threshold 15)
[2026-01-26T07:32:01.357+0000][66][trace][gc,age      ] GC(544) - age   1:     957520 bytes,     957520 total
[2026-01-26T07:32:01.357+0000][66][trace][gc,age      ] GC(544) - age   2:      84040 bytes,    1041560 total
[2026-01-26T07:32:01.357+0000][66][trace][gc,age      ] GC(544) - age   3:        648 bytes,    1042208 total
[2026-01-26T07:32:01.358+0000][66][trace][gc,age      ] GC(544) - age   5:      81608 bytes,    1123816 total
[2026-01-26T07:32:01.358+0000][66][trace][gc,age      ] GC(544) - age   6:        336 bytes,    1124152 total
[2026-01-26T07:32:01.358+0000][66][trace][gc,age      ] GC(544) - age   7:        480 bytes,    1124632 total
[2026-01-26T07:32:01.358+0000][66][trace][gc,age      ] GC(544) - age   8:      80664 bytes,    1205296 total
[2026-01-26T07:32:01.358+0000][66][trace][gc,age      ] GC(544) - age   9:       1080 bytes,    1206376 total
[2026-01-26T07:32:01.358+0000][66][trace][gc,age      ] GC(544) - age  10:     258936 bytes,    1465312 total
[2026-01-26T07:32:01.358+0000][66][trace][gc,age      ] GC(544) - age  11:       1064 bytes,    1466376 total
[2026-01-26T07:32:01.358+0000][66][trace][gc,age      ] GC(544) - age  12:      56384 bytes,    1522760 total
[2026-01-26T07:32:01.358+0000][66][trace][gc,age      ] GC(544) - age  13:        464 bytes,    1523224 total
[2026-01-26T07:32:01.359+0000][66][trace][gc,age      ] GC(544) - age  14:        208 bytes,    1523432 total
[2026-01-26T07:32:01.359+0000][66][trace][gc,age      ] GC(544) - age  15:      55664 bytes,    1579096 total
[2026-01-26T07:32:01.359+0000][66][info ][gc,heap     ] GC(544) Eden regions: 149->0(152)
[2026-01-26T07:32:01.359+0000][66][info ][gc,heap     ] GC(544) Survivor regions: 4->1(20)
[2026-01-26T07:32:01.359+0000][66][info ][gc,heap     ] GC(544) Old regions: 44->44
[2026-01-26T07:32:01.359+0000][66][info ][gc,heap     ] GC(544) Humongous regions: 0->0
[2026-01-26T07:32:01.359+0000][66][info ][gc,metaspace] GC(544) Metaspace: 131495K(136896K)->131495K(136896K) NonClass: 114289K(117504K)->114289K(117504K) Class: 17206K(19392K)->17206K(19392K)
[2026-01-26T07:32:01.359+0000][66][info ][gc          ] GC(544) Pause Young (Normal) (G1 Evacuation Pause) 785M->176M(1024M) 12.363ms
[2026-01-26T07:32:01.360+0000][66][info ][gc,cpu      ] GC(544) User=0.01s Sys=0.01s Real=0.01s
[2026-01-26T07:32:01.360+0000][66][info ][safepoint   ] Safepoint "G1CollectForAllocation", Time since last: 78259455536 ns, Reaching safepoint: 17902 ns, Cleanup: 23702 ns, At safepoint: 12912609 ns, Total: 12954213 ns
[2026-01-26T07:32:02.414+0000][66][info ][safepoint   ] Safepoint "Cleanup", Time since last: 1055956393 ns, Reaching safepoint: 5801 ns, Cleanup: 24502 ns, At safepoint: 2100 ns, Total: 32403 ns
[2026-01-26T07:32:04.200+0000][66][info ][safepoint   ] Safepoint "Cleanup", Time since last: 1786645430 ns, Reaching safepoint: 37104 ns, Cleanup: 65007 ns, At safepoint: 8600 ns, Total: 110711 ns
[2026-01-26T07:34:43.556+0000][66][info ][safepoint   ] Safepoint "Cleanup", Time since last: 159373255185 ns, Reaching safepoint: 88410 ns, Cleanup: 26603 ns, At safepoint: 8601 ns, Total: 123614 ns
[2026-01-26T07:35:13.563+0000][66][info ][safepoint   ] Safepoint "Cleanup", Time since last: 30008488720 ns, Reaching safepoint: 73108 ns, Cleanup: 18202 ns, At safepoint: 13901 ns, Total: 105211 ns
[2026-01-26T07:37:06.279+0000][66][info ][safepoint   ] Safepoint "Cleanup", Time since last: 112728581946 ns, Reaching safepoint: 8701 ns, Cleanup: 5901 ns, At safepoint: 43904 ns, Total: 58506 ns
[2026-01-26T07:37:07.579+0000][66][info ][safepoint   ] Safepoint "Cleanup", Time since last: 1299248578 ns, Reaching safepoint: 31403 ns, Cleanup: 22002 ns, At safepoint: 9201 ns, Total: 62606 ns
[2026-01-26T07:37:43.582+0000][66][info ][safepoint   ] Safepoint "Cleanup", Time since last: 36009070448 ns, Reaching safepoint: 39304 ns, Cleanup: 11402 ns, At safepoint: 4800 ns, Total: 55506 ns
[2026-01-26T07:43:13.873+0000][66][info ][safepoint   ] Safepoint "Cleanup", Time since last: 330320801525 ns, Reaching safepoint: 97109 ns, Cleanup: 33604 ns, At safepoint: 12601 ns, Total: 143314 ns
[2026-01-26T07:50:58.940+0000][66][info ][safepoint   ] Safepoint "Cleanup", Time since last: 465108228412 ns, Reaching safepoint: 25001 ns, Cleanup: 16201 ns, At safepoint: 3000 ns, Total: 44202 ns
[2026-01-26T07:51:58.453+0000][66][info ][safepoint   ] Safepoint "Cleanup", Time since last: 59518110791 ns, Reaching safepoint: 38203 ns, Cleanup: 72406 ns, At safepoint: 13701 ns, Total: 124310 ns
[2026-01-26T07:53:13.463+0000][66][info ][safepoint   ] Safepoint "Cleanup", Time since last: 75018963919 ns, Reaching safepoint: 72208 ns, Cleanup: 24402 ns, At safepoint: 9301 ns, Total: 105911 ns
[2026-01-26T07:53:28.467+0000][66][info ][safepoint   ] Safepoint "Cleanup", Time since last: 15004723559 ns, Reaching safepoint: 35904 ns, Cleanup: 108910 ns, At safepoint: 9401 ns, Total: 154215 ns
[2026-01-26T07:53:37.468+0000][66][info ][safepoint   ] Safepoint "Cleanup", Time since last: 9003376592 ns, Reaching safepoint: 40301 ns, Cleanup: 27201 ns, At safepoint: 9200 ns, Total: 76702 ns
[2026-01-26T07:53:58.473+0000][66][info ][safepoint   ] Safepoint "Cleanup", Time since last: 21005318718 ns, Reaching safepoint: 36304 ns, Cleanup: 25602 ns, At safepoint: 9501 ns, Total: 71407 ns
[2026-01-26T07:54:11.476+0000][66][info ][safepoint   ] Safepoint "Cleanup", Time since last: 13004632804 ns, Reaching safepoint: 36803 ns, Cleanup: 23203 ns, At safepoint: 8200 ns, Total: 68206 ns
[2026-01-26T07:54:13.478+0000][66][info ][safepoint   ] Safepoint "Cleanup", Time since last: 2001730014 ns, Reaching safepoint: 34303 ns, Cleanup: 32203 ns, At safepoint: 9501 ns, Total: 76007 ns
[2026-01-26T07:54:37.481+0000][66][info ][safepoint   ] Safepoint "Cleanup", Time since last: 24005203318 ns, Reaching safepoint: 54905 ns, Cleanup: 13401 ns, At safepoint: 4700 ns, Total: 73006 ns
[2026-01-26T07:54:43.483+0000][66][info ][safepoint   ] Safepoint "Cleanup", Time since last: 6002212946 ns, Reaching safepoint: 33403 ns, Cleanup: 21702 ns, At safepoint: 8801 ns, Total: 63906 ns
[2026-01-26T07:54:44.484+0000][66][info ][safepoint   ] Safepoint "Cleanup", Time since last: 1001424746 ns, Reaching safepoint: 33103 ns, Cleanup: 23302 ns, At safepoint: 8901 ns, Total: 65306 ns
[2026-01-26T07:54:52.488+0000][66][info ][safepoint   ] Safepoint "Cleanup", Time since last: 8003243212 ns, Reaching safepoint: 15401 ns, Cleanup: 30003 ns, At safepoint: 2700 ns, Total: 48104 ns
[2026-01-26T07:55:30.492+0000][66][info ][safepoint   ] Safepoint "Cleanup", Time since last: 38008350777 ns, Reaching safepoint: 48005 ns, Cleanup: 19701 ns, At safepoint: 3801 ns, Total: 71507 ns
[2026-01-26T07:55:34.492+0000][66][info ][safepoint   ] Safepoint "Cleanup", Time since last: 4001195008 ns, Reaching safepoint: 14002 ns, Cleanup: 52205 ns, At safepoint: 3200 ns, Total: 69407 ns
[2026-01-26T07:55:35.492+0000][66][info ][safepoint   ] Safepoint "Cleanup", Time since last: 1000650485 ns, Reaching safepoint: 34103 ns, Cleanup: 49305 ns, At safepoint: 9401 ns, Total: 92809 ns
[2026-01-26T07:55:41.495+0000][66][info ][safepoint   ] Safepoint "Cleanup", Time since last: 6002566269 ns, Reaching safepoint: 22403 ns, Cleanup: 12301 ns, At safepoint: 3500 ns, Total: 38204 ns
[2026-01-26T07:56:18.500+0000][66][info ][safepoint   ] Safepoint "Cleanup", Time since last: 37008738927 ns, Reaching safepoint: 34704 ns, Cleanup: 23503 ns, At safepoint: 8701 ns, Total: 66908 ns
[2026-01-26T07:56:57.507+0000][66][info ][safepoint   ] Safepoint "Cleanup", Time since last: 39008486249 ns, Reaching safepoint: 38803 ns, Cleanup: 10201 ns, At safepoint: 2900 ns, Total: 51904 ns
[2026-01-26T07:57:01.508+0000][66][info ][safepoint   ] Safepoint "Cleanup", Time since last: 4001460002 ns, Reaching safepoint: 33202 ns, Cleanup: 22701 ns, At safepoint: 8701 ns, Total: 64604 ns
[2026-01-26T07:58:08.512+0000][66][info ][safepoint   ] Safepoint "Cleanup", Time since last: 67013375554 ns, Reaching safepoint: 28102 ns, Cleanup: 13902 ns, At safepoint: 3800 ns, Total: 45804 ns
[2026-01-26T07:59:26.253+0000][66][info ][safepoint   ] Safepoint "Cleanup", Time since last: 77746446036 ns, Reaching safepoint: 6301 ns, Cleanup: 4600 ns, At safepoint: 2200 ns, Total: 13101 ns
[2026-01-26T07:59:27.254+0000][66][info ][safepoint   ] Safepoint "Cleanup", Time since last: 1000789041 ns, Reaching safepoint: 32803 ns, Cleanup: 53605 ns, At safepoint: 8501 ns, Total: 94909 ns
[2026-01-26T08:01:57.273+0000][66][info ][safepoint   ] Safepoint "Cleanup", Time since last: 150033790438 ns, Reaching safepoint: 103411 ns, Cleanup: 36803 ns, At safepoint: 10001 ns, Total: 150215 ns
[2026-01-26T08:02:27.277+0000][66][info ][safepoint   ] Safepoint "Cleanup", Time since last: 30006592705 ns, Reaching safepoint: 15901 ns, Cleanup: 22401 ns, At safepoint: 2500 ns, Total: 40802 ns
[2026-01-26T08:02:28.278+0000][66][info ][safepoint   ] Safepoint "Cleanup", Time since last: 1000596205 ns, Reaching safepoint: 37002 ns, Cleanup: 31901 ns, At safepoint: 6701 ns, Total: 75604 ns
[2026-01-26T08:02:58.999+0000][66][info ][safepoint   ] Safepoint "Cleanup", Time since last: 30725499932 ns, Reaching safepoint: 26503 ns, Cleanup: 15701 ns, At safepoint: 2401 ns, Total: 44605 ns
[2026-01-26T08:03:00.523+0000][66][info ][safepoint   ] Safepoint "Cleanup", Time since last: 1523812213 ns, Reaching safepoint: 32003 ns, Cleanup: 56106 ns, At safepoint: 9400 ns, Total: 97509 ns
[2026-01-26T08:03:05.524+0000][66][info ][safepoint   ] Safepoint "Cleanup", Time since last: 5002133370 ns, Reaching safepoint: 16401 ns, Cleanup: 9301 ns, At safepoint: 2900 ns, Total: 28602 ns
[2026-01-26T08:03:25.529+0000][66][info ][safepoint   ] Safepoint "Cleanup", Time since last: 20004881843 ns, Reaching safepoint: 18102 ns, Cleanup: 10701 ns, At safepoint: 3200 ns, Total: 32003 ns
[2026-01-26T08:09:27.568+0000][66][info ][safepoint   ] Safepoint "Cleanup", Time since last: 362085372291 ns, Reaching safepoint: 66508 ns, Cleanup: 12602 ns, At safepoint: 30603 ns, Total: 109713 ns
[2026-01-26T08:22:15.645+0000][66][info ][safepoint   ] Safepoint "Cleanup", Time since last: 768172232524 ns, Reaching safepoint: 133409 ns, Cleanup: 11501 ns, At safepoint: 29702 ns, Total: 174612 ns
[2026-01-26T08:26:02.655+0000][66][info ][safepoint   ] Safepoint "Cleanup", Time since last: 227039396286 ns, Reaching safepoint: 45703 ns, Cleanup: 80505 ns, At safepoint: 5201 ns, Total: 131409 ns
[2026-01-26T08:26:57.663+0000][66][info ][safepoint   ] Safepoint "Cleanup", Time since last: 55010415902 ns, Reaching safepoint: 139409 ns, Cleanup: 24301 ns, At safepoint: 18501 ns, Total: 182211 ns
[2026-01-26T08:37:49.726+0000][66][info ][safepoint   ] Safepoint "Cleanup", Time since last: 652137423931 ns, Reaching safepoint: 766945 ns, Cleanup: 113207 ns, At safepoint: 33802 ns, Total: 913954 ns
[2026-01-26T09:30:42.993+0000][66][info ][safepoint   ] Safepoint "Cleanup", Time since last: 3173667324601 ns, Reaching safepoint: 2197020 ns, Cleanup: 249025 ns, At safepoint: 152815 ns, Total: 2598860 ns
[2026-01-26T09:31:42.999+0000][66][info ][safepoint   ] Safepoint "Cleanup", Time since last: 60015806135 ns, Reaching safepoint: 136716 ns, Cleanup: 11002 ns, At safepoint: 9101 ns, Total: 156819 ns
[2026-01-26T09:34:01.013+0000][66][info ][safepoint   ] Safepoint "Cleanup", Time since last: 138028932928 ns, Reaching safepoint: 120214 ns, Cleanup: 13302 ns, At safepoint: 3800 ns, Total: 137316 ns
[2026-01-26T09:45:38.045+0000][66][info ][safepoint   ] Safepoint "Cleanup", Time since last: 697141687646 ns, Reaching safepoint: 256741 ns, Cleanup: 221636 ns, At safepoint: 11601 ns, Total: 489978 ns
[2026-01-26T09:46:01.051+0000][66][info ][safepoint   ] Safepoint "Cleanup", Time since last: 23006156547 ns, Reaching safepoint: 51507 ns, Cleanup: 12101 ns, At safepoint: 4201 ns, Total: 67809 ns
[2026-01-26T10:19:04.253+0000][66][info ][safepoint   ] Safepoint "Cleanup", Time since last: 1983446543407 ns, Reaching safepoint: 113108 ns, Cleanup: 19201 ns, At safepoint: 15002 ns, Total: 147311 ns
[2026-01-26T10:19:48.259+0000][66][info ][safepoint   ] Safepoint "Cleanup", Time since last: 44009473844 ns, Reaching safepoint: 275036 ns, Cleanup: 85512 ns, At safepoint: 39505 ns, Total: 400053 ns
[2026-01-26T10:19:49.264+0000][66][info ][safepoint   ] Safepoint "Cleanup", Time since last: 1005182906 ns, Reaching safepoint: 34304 ns, Cleanup: 55208 ns, At safepoint: 4700 ns, Total: 94212 ns
[2026-01-26T10:19:50.264+0000][66][info ][safepoint   ] Safepoint "Cleanup", Time since last: 1000549495 ns, Reaching safepoint: 14701 ns, Cleanup: 20303 ns, At safepoint: 2901 ns, Total: 37905 ns
[2026-01-26T10:19:51.283+0000][66][info ][safepoint   ] Safepoint "Cleanup", Time since last: 1000478584 ns, Reaching safepoint: 17789349 ns, Cleanup: 71109 ns, At safepoint: 64309 ns, Total: 17924767 ns
[2026-01-26T10:19:52.482+0000][66][info ][safepoint   ] Safepoint "Cleanup", Time since last: 1198822270 ns, Reaching safepoint: 25104 ns, Cleanup: 59208 ns, At safepoint: 4600 ns, Total: 88912 ns
[2026-01-26T10:19:53.919+0000][66][info ][safepoint   ] Safepoint "Cleanup", Time since last: 1437416541 ns, Reaching safepoint: 17803 ns, Cleanup: 30904 ns, At safepoint: 3900 ns, Total: 52607 ns
[2026-01-26T10:19:55.410+0000][66][info ][safepoint   ] Safepoint "Cleanup", Time since last: 1490920744 ns, Reaching safepoint: 20103 ns, Cleanup: 20303 ns, At safepoint: 4200 ns, Total: 44606 ns
[2026-01-26T10:20:11.409+0000][66][info ][safepoint   ] Safepoint "Cleanup", Time since last: 16004306578 ns, Reaching safepoint: 41105 ns, Cleanup: 9802 ns, At safepoint: 3000 ns, Total: 53907 ns
[2026-01-26T10:20:20.068+0000][66][info ][safepoint   ] Safepoint "Cleanup", Time since last: 8659354998 ns, Reaching safepoint: 32705 ns, Cleanup: 31704 ns, At safepoint: 9002 ns, Total: 73411 ns
[2026-01-26T10:24:55.627+0000][66][info ][safepoint   ] Safepoint "Cleanup", Time since last: 275600901899 ns, Reaching safepoint: 11403 ns, Cleanup: 18504 ns, At safepoint: 2500 ns, Total: 32407 ns
[2026-01-26T10:26:26.297+0000][66][info ][safepoint   ] Safepoint "Cleanup", Time since last: 90683109164 ns, Reaching safepoint: 102515 ns, Cleanup: 23603 ns, At safepoint: 19103 ns, Total: 145221 ns
[2026-01-26T10:34:42.349+0000][66][info ][safepoint   ] Safepoint "Cleanup", Time since last: 496123429758 ns, Reaching safepoint: 91211 ns, Cleanup: 31304 ns, At safepoint: 11402 ns, Total: 133917 ns
[2026-01-26T10:37:21.185+0000][66][info ][safepoint   ] Safepoint "Cleanup", Time since last: 158858536518 ns, Reaching safepoint: 9402 ns, Cleanup: 11303 ns, At safepoint: 35108 ns, Total: 55813 ns
[2026-01-26T10:37:22.567+0000][66][info ][safepoint   ] Safepoint "Cleanup", Time since last: 1382150815 ns, Reaching safepoint: 24405 ns, Cleanup: 28007 ns, At safepoint: 4300 ns, Total: 56712 ns
[2026-01-26T10:37:23.593+0000][66][info ][safepoint   ] Safepoint "Cleanup", Time since last: 1025526203 ns, Reaching safepoint: 24804 ns, Cleanup: 24004 ns, At safepoint: 3500 ns, Total: 52308 ns
[2026-01-26T10:37:25.593+0000][66][info ][safepoint   ] Safepoint "Cleanup", Time since last: 2000805797 ns, Reaching safepoint: 28104 ns, Cleanup: 52709 ns, At safepoint: 4501 ns, Total: 85314 ns
[2026-01-26T10:37:26.890+0000][66][info ][safepoint   ] Safepoint "Cleanup", Time since last: 1296304585 ns, Reaching safepoint: 145823 ns, Cleanup: 68211 ns, At safepoint: 43507 ns, Total: 257541 ns
[2026-01-26T10:37:28.108+0000][66][info ][safepoint   ] Safepoint "Cleanup", Time since last: 1218326566 ns, Reaching safepoint: 23904 ns, Cleanup: 40906 ns, At safepoint: 3901 ns, Total: 68711 ns
[2026-01-26T10:37:29.109+0000][66][info ][safepoint   ] Safepoint "Cleanup", Time since last: 1000607931 ns, Reaching safepoint: 25905 ns, Cleanup: 16402 ns, At safepoint: 4201 ns, Total: 46508 ns
[2026-01-26T10:37:30.137+0000][66][info ][safepoint   ] Safepoint "Cleanup", Time since last: 1028250005 ns, Reaching safepoint: 34005 ns, Cleanup: 20704 ns, At safepoint: 4800 ns, Total: 59509 ns
[2026-01-26T10:37:34.134+0000][66][info ][safepoint   ] Safepoint "Cleanup", Time since last: 4001115480 ns, Reaching safepoint: 151509 ns, Cleanup: 68403 ns, At safepoint: 57203 ns, Total: 277115 ns
[2026-01-26T10:37:35.135+0000][66][info ][safepoint   ] Safepoint "Cleanup", Time since last: 1000482612 ns, Reaching safepoint: 112907 ns, Cleanup: 14801 ns, At safepoint: 30601 ns, Total: 158309 ns
[2026-01-26T10:37:36.135+0000][66][info ][safepoint   ] Safepoint "Cleanup", Time since last: 1000527315 ns, Reaching safepoint: 130907 ns, Cleanup: 52603 ns, At safepoint: 36902 ns, Total: 220412 ns
[2026-01-26T10:37:37.136+0000][66][info ][safepoint   ] Safepoint "Cleanup", Time since last: 1000537615 ns, Reaching safepoint: 234813 ns, Cleanup: 65304 ns, At safepoint: 34302 ns, Total: 334419 ns
[2026-01-26T10:37:37.243+0000][66][info ][gc,start    ] GC(545) Pause Young (Normal) (G1 Evacuation Pause)
[2026-01-26T10:37:37.245+0000][66][info ][gc,task     ] GC(545) Using 6 workers of 6 for evacuation
[2026-01-26T10:37:37.246+0000][66][debug][gc,age      ] GC(545) Desired survivor size 41943040 bytes, new threshold 15 (max threshold 15)
[2026-01-26T10:37:37.342+0000][66][info ][gc,phases   ] GC(545)   Pre Evacuate Collection Set: 3.8ms
[2026-01-26T10:37:37.342+0000][66][info ][gc,phases   ] GC(545)   Merge Heap Roots: 1.2ms
[2026-01-26T10:37:37.343+0000][66][info ][gc,phases   ] GC(545)   Evacuate Collection Set: 75.9ms
[2026-01-26T10:37:37.343+0000][66][info ][gc,phases   ] GC(545)   Post Evacuate Collection Set: 12.5ms
[2026-01-26T10:37:37.344+0000][66][info ][gc,phases   ] GC(545)   Other: 3.4ms
[2026-01-26T10:37:37.344+0000][66][trace][gc,age      ] GC(545) Age table with threshold 15 (max threshold 15)
[2026-01-26T10:37:37.344+0000][66][trace][gc,age      ] GC(545) - age   1:   12181992 bytes,   12181992 total
[2026-01-26T10:37:37.344+0000][66][trace][gc,age      ] GC(545) - age   2:     262256 bytes,   12444248 total
[2026-01-26T10:37:37.345+0000][66][trace][gc,age      ] GC(545) - age   3:      17368 bytes,   12461616 total
[2026-01-26T10:37:37.345+0000][66][trace][gc,age      ] GC(545) - age   4:        648 bytes,   12462264 total
[2026-01-26T10:37:37.345+0000][66][trace][gc,age      ] GC(545) - age   6:       1760 bytes,   12464024 total
[2026-01-26T10:37:37.346+0000][66][trace][gc,age      ] GC(545) - age   7:        336 bytes,   12464360 total
[2026-01-26T10:37:37.346+0000][66][trace][gc,age      ] GC(545) - age   8:        480 bytes,   12464840 total
[2026-01-26T10:37:37.346+0000][66][trace][gc,age      ] GC(545) - age   9:       4544 bytes,   12469384 total
[2026-01-26T10:37:37.347+0000][66][trace][gc,age      ] GC(545) - age  10:       1080 bytes,   12470464 total
[2026-01-26T10:37:37.347+0000][66][trace][gc,age      ] GC(545) - age  11:       1672 bytes,   12472136 total
[2026-01-26T10:37:37.347+0000][66][trace][gc,age      ] GC(545) - age  12:        760 bytes,   12472896 total
[2026-01-26T10:37:37.348+0000][66][trace][gc,age      ] GC(545) - age  13:       1592 bytes,   12474488 total
[2026-01-26T10:37:37.348+0000][66][trace][gc,age      ] GC(545) - age  14:        400 bytes,   12474888 total
[2026-01-26T10:37:37.348+0000][66][trace][gc,age      ] GC(545) - age  15:        208 bytes,   12475096 total
[2026-01-26T10:37:37.348+0000][66][info ][gc,heap     ] GC(545) Eden regions: 152->0(149)
[2026-01-26T10:37:37.349+0000][66][info ][gc,heap     ] GC(545) Survivor regions: 1->4(20)
[2026-01-26T10:37:37.349+0000][66][info ][gc,heap     ] GC(545) Old regions: 44->44
[2026-01-26T10:37:37.349+0000][66][info ][gc,heap     ] GC(545) Humongous regions: 0->0
[2026-01-26T10:37:37.350+0000][66][info ][gc,metaspace] GC(545) Metaspace: 132344K(137152K)->132344K(137152K) NonClass: 115065K(117760K)->115065K(117760K) Class: 17279K(19392K)->17279K(19392K)
[2026-01-26T10:37:37.350+0000][66][info ][gc          ] GC(545) Pause Young (Normal) (G1 Evacuation Pause) 784M->186M(1024M) 106.942ms
[2026-01-26T10:37:37.351+0000][66][info ][gc,cpu      ] GC(545) User=0.48s Sys=0.02s Real=0.11s
[2026-01-26T10:37:37.351+0000][66][info ][safepoint   ] Safepoint "G1CollectForAllocation", Time since last: 106057695 ns, Reaching safepoint: 22601 ns, Cleanup: 5900 ns, At safepoint: 108727844 ns, Total: 108756345 ns
[2026-01-26T10:37:38.504+0000][66][info ][safepoint   ] Safepoint "Cleanup", Time since last: 1152189345 ns, Reaching safepoint: 138307 ns, Cleanup: 21302 ns, At safepoint: 77104 ns, Total: 236713 ns
[2026-01-26T10:37:39.577+0000][66][info ][safepoint   ] Safepoint "Cleanup", Time since last: 1073153008 ns, Reaching safepoint: 8903 ns, Cleanup: 18904 ns, At safepoint: 3301 ns, Total: 31108 ns
[2026-01-26T10:37:40.791+0000][66][info ][safepoint   ] Safepoint "Cleanup", Time since last: 1214248918 ns, Reaching safepoint: 17004 ns, Cleanup: 25807 ns, At safepoint: 13403 ns, Total: 56214 ns
[2026-01-26T10:37:41.804+0000][66][info ][safepoint   ] Safepoint "Cleanup", Time since last: 1012754649 ns, Reaching safepoint: 132032 ns, Cleanup: 70117 ns, At safepoint: 80120 ns, Total: 282269 ns
[2026-01-26T10:37:43.053+0000][66][info ][safepoint   ] Safepoint "Cleanup", Time since last: 1248180466 ns, Reaching safepoint: 28907 ns, Cleanup: 304475 ns, At safepoint: 20805 ns, Total: 354187 ns
[2026-01-26T10:37:44.053+0000][66][info ][safepoint   ] Safepoint "Cleanup", Time since last: 1000181455 ns, Reaching safepoint: 11303 ns, Cleanup: 12903 ns, At safepoint: 41710 ns, Total: 65916 ns
[2026-01-26T10:37:46.054+0000][66][info ][safepoint   ] Safepoint "Cleanup", Time since last: 2000755407 ns, Reaching safepoint: 23006 ns, Cleanup: 19005 ns, At safepoint: 4601 ns, Total: 46612 ns
[2026-01-26T10:37:49.055+0000][66][info ][safepoint   ] Safepoint "Cleanup", Time since last: 3000984930 ns, Reaching safepoint: 20104 ns, Cleanup: 14502 ns, At safepoint: 4101 ns, Total: 38707 ns
[2026-01-26T10:37:50.055+0000][66][info ][safepoint   ] Safepoint "Cleanup", Time since last: 1000574590 ns, Reaching safepoint: 18103 ns, Cleanup: 14003 ns, At safepoint: 37106 ns, Total: 69212 ns
[2026-01-26T10:37:54.057+0000][66][info ][safepoint   ] Safepoint "Cleanup", Time since last: 4001027640 ns, Reaching safepoint: 148326 ns, Cleanup: 17803 ns, At safepoint: 64811 ns, Total: 230940 ns
[2026-01-26T10:37:55.247+0000][66][info ][gc,start    ] GC(546) Pause Young (Normal) (G1 Evacuation Pause)
[2026-01-26T10:37:55.248+0000][66][info ][gc,task     ] GC(546) Using 6 workers of 6 for evacuation
[2026-01-26T10:37:55.248+0000][66][debug][gc,age      ] GC(546) Desired survivor size 41943040 bytes, new threshold 15 (max threshold 15)
[2026-01-26T10:37:55.274+0000][66][info ][gc,phases   ] GC(546)   Pre Evacuate Collection Set: 0.4ms
[2026-01-26T10:37:55.274+0000][66][info ][gc,phases   ] GC(546)   Merge Heap Roots: 0.3ms
[2026-01-26T10:37:55.274+0000][66][info ][gc,phases   ] GC(546)   Evacuate Collection Set: 22.7ms
[2026-01-26T10:37:55.275+0000][66][info ][gc,phases   ] GC(546)   Post Evacuate Collection Set: 1.2ms
[2026-01-26T10:37:55.275+0000][66][info ][gc,phases   ] GC(546)   Other: 0.9ms
[2026-01-26T10:37:55.276+0000][66][trace][gc,age      ] GC(546) Age table with threshold 15 (max threshold 15)
[2026-01-26T10:37:55.276+0000][66][trace][gc,age      ] GC(546) - age   1:   20055568 bytes,   20055568 total
[2026-01-26T10:37:55.276+0000][66][trace][gc,age      ] GC(546) - age   2:    1200760 bytes,   21256328 total
[2026-01-26T10:37:55.277+0000][66][trace][gc,age      ] GC(546) - age   3:     237248 bytes,   21493576 total
[2026-01-26T10:37:55.277+0000][66][trace][gc,age      ] GC(546) - age   4:      16912 bytes,   21510488 total
[2026-01-26T10:37:55.277+0000][66][trace][gc,age      ] GC(546) - age   5:        648 bytes,   21511136 total
[2026-01-26T10:37:55.278+0000][66][trace][gc,age      ] GC(546) - age   7:       1760 bytes,   21512896 total
[2026-01-26T10:37:55.278+0000][66][trace][gc,age      ] GC(546) - age   8:        336 bytes,   21513232 total
[2026-01-26T10:37:55.278+0000][66][trace][gc,age      ] GC(546) - age   9:        480 bytes,   21513712 total
[2026-01-26T10:37:55.279+0000][66][trace][gc,age      ] GC(546) - age  10:       4544 bytes,   21518256 total
[2026-01-26T10:37:55.279+0000][66][trace][gc,age      ] GC(546) - age  11:       1080 bytes,   21519336 total
[2026-01-26T10:37:55.279+0000][66][trace][gc,age      ] GC(546) - age  12:       1672 bytes,   21521008 total
[2026-01-26T10:37:55.279+0000][66][trace][gc,age      ] GC(546) - age  13:        760 bytes,   21521768 total
[2026-01-26T10:37:55.280+0000][66][trace][gc,age      ] GC(546) - age  14:       1592 bytes,   21523360 total
[2026-01-26T10:37:55.280+0000][66][trace][gc,age      ] GC(546) - age  15:        400 bytes,   21523760 total
[2026-01-26T10:37:55.280+0000][66][info ][gc,heap     ] GC(546) Eden regions: 149->0(147)
[2026-01-26T10:37:55.280+0000][66][info ][gc,heap     ] GC(546) Survivor regions: 4->6(20)
[2026-01-26T10:37:55.281+0000][66][info ][gc,heap     ] GC(546) Old regions: 44->44
[2026-01-26T10:37:55.281+0000][66][info ][gc,heap     ] GC(546) Humongous regions: 0->0
[2026-01-26T10:37:55.283+0000][66][info ][gc,metaspace] GC(546) Metaspace: 132390K(137152K)->132390K(137152K) NonClass: 115109K(117760K)->115109K(117760K) Class: 17281K(19392K)->17281K(19392K)
[2026-01-26T10:37:55.284+0000][66][info ][gc          ] GC(546) Pause Young (Normal) (G1 Evacuation Pause) 782M->195M(1024M) 36.122ms
[2026-01-26T10:37:55.284+0000][66][info ][gc,cpu      ] GC(546) User=0.11s Sys=0.01s Real=0.04s
[2026-01-26T10:37:55.284+0000][66][info ][safepoint   ] Safepoint "G1CollectForAllocation", Time since last: 1190788285 ns, Reaching safepoint: 23203 ns, Cleanup: 5501 ns, At safepoint: 36764572 ns, Total: 36793276 ns
[2026-01-26T10:38:06.699+0000][66][info ][gc,start    ] GC(547) Pause Young (Normal) (G1 Evacuation Pause)
[2026-01-26T10:38:06.699+0000][66][info ][gc,task     ] GC(547) Using 6 workers of 6 for evacuation
[2026-01-26T10:38:06.699+0000][66][debug][gc,age      ] GC(547) Desired survivor size 41943040 bytes, new threshold 15 (max threshold 15)
[2026-01-26T10:38:06.747+0000][66][info ][gc,phases   ] GC(547)   Pre Evacuate Collection Set: 0.4ms
[2026-01-26T10:38:06.747+0000][66][info ][gc,phases   ] GC(547)   Merge Heap Roots: 0.1ms
[2026-01-26T10:38:06.748+0000][66][info ][gc,phases   ] GC(547)   Evacuate Collection Set: 44.7ms
[2026-01-26T10:38:06.748+0000][66][info ][gc,phases   ] GC(547)   Post Evacuate Collection Set: 1.6ms
[2026-01-26T10:38:06.748+0000][66][info ][gc,phases   ] GC(547)   Other: 0.7ms
[2026-01-26T10:38:06.748+0000][66][trace][gc,age      ] GC(547) Age table with threshold 15 (max threshold 15)
[2026-01-26T10:38:06.749+0000][66][trace][gc,age      ] GC(547) - age   1:   35254104 bytes,   35254104 total
[2026-01-26T10:38:06.749+0000][66][trace][gc,age      ] GC(547) - age   2:    3207480 bytes,   38461584 total
[2026-01-26T10:38:06.749+0000][66][trace][gc,age      ] GC(547) - age   3:    1199448 bytes,   39661032 total
[2026-01-26T10:38:06.750+0000][66][trace][gc,age      ] GC(547) - age   4:     237248 bytes,   39898280 total
[2026-01-26T10:38:06.750+0000][66][trace][gc,age      ] GC(547) - age   5:      16912 bytes,   39915192 total
[2026-01-26T10:38:06.750+0000][66][trace][gc,age      ] GC(547) - age   6:        648 bytes,   39915840 total
[2026-01-26T10:38:06.750+0000][66][trace][gc,age      ] GC(547) - age   8:       1760 bytes,   39917600 total
[2026-01-26T10:38:06.751+0000][66][trace][gc,age      ] GC(547) - age   9:        336 bytes,   39917936 total
[2026-01-26T10:38:06.751+0000][66][trace][gc,age      ] GC(547) - age  10:        480 bytes,   39918416 total
[2026-01-26T10:38:06.751+0000][66][trace][gc,age      ] GC(547) - age  11:       4544 bytes,   39922960 total
[2026-01-26T10:38:06.752+0000][66][trace][gc,age      ] GC(547) - age  12:       1080 bytes,   39924040 total
[2026-01-26T10:38:06.752+0000][66][trace][gc,age      ] GC(547) - age  13:       1672 bytes,   39925712 total
[2026-01-26T10:38:06.752+0000][66][trace][gc,age      ] GC(547) - age  14:        760 bytes,   39926472 total
[2026-01-26T10:38:06.752+0000][66][trace][gc,age      ] GC(547) - age  15:       1592 bytes,   39928064 total
[2026-01-26T10:38:06.753+0000][66][info ][gc,heap     ] GC(547) Eden regions: 147->0(143)
[2026-01-26T10:38:06.753+0000][66][info ][gc,heap     ] GC(547) Survivor regions: 6->10(20)
[2026-01-26T10:38:06.753+0000][66][info ][gc,heap     ] GC(547) Old regions: 44->44
[2026-01-26T10:38:06.754+0000][66][info ][gc,heap     ] GC(547) Humongous regions: 0->0
[2026-01-26T10:38:06.754+0000][66][info ][gc,metaspace] GC(547) Metaspace: 132390K(137152K)->132390K(137152K) NonClass: 115109K(117760K)->115109K(117760K) Class: 17281K(19392K)->17281K(19392K)
[2026-01-26T10:38:06.754+0000][66][info ][gc          ] GC(547) Pause Young (Normal) (G1 Evacuation Pause) 783M->212M(1024M) 55.578ms
[2026-01-26T10:38:06.754+0000][66][info ][gc,cpu      ] GC(547) User=0.23s Sys=0.02s Real=0.06s
[2026-01-26T10:38:06.755+0000][66][info ][safepoint   ] Safepoint "G1CollectForAllocation", Time since last: 11418834629 ns, Reaching safepoint: 126697 ns, Cleanup: 6400 ns, At safepoint: 56391831 ns, Total: 56524928 ns
[2026-01-26T10:38:13.183+0000][66][info ][gc,start    ] GC(548) Pause Young (Normal) (G1 Evacuation Pause)
[2026-01-26T10:38:13.183+0000][66][info ][gc,task     ] GC(548) Using 6 workers of 6 for evacuation
[2026-01-26T10:38:13.184+0000][66][debug][gc,age      ] GC(548) Desired survivor size 41943040 bytes, new threshold 15 (max threshold 15)
[2026-01-26T10:38:13.199+0000][66][info ][gc,phases   ] GC(548)   Pre Evacuate Collection Set: 0.5ms
[2026-01-26T10:38:13.199+0000][66][info ][gc,phases   ] GC(548)   Merge Heap Roots: 0.3ms
[2026-01-26T10:38:13.200+0000][66][info ][gc,phases   ] GC(548)   Evacuate Collection Set: 11.9ms
[2026-01-26T10:38:13.200+0000][66][info ][gc,phases   ] GC(548)   Post Evacuate Collection Set: 1.4ms
[2026-01-26T10:38:13.201+0000][66][info ][gc,phases   ] GC(548)   Other: 1.3ms
[2026-01-26T10:38:13.201+0000][66][trace][gc,age      ] GC(548) Age table with threshold 15 (max threshold 15)
[2026-01-26T10:38:13.201+0000][66][trace][gc,age      ] GC(548) - age   1:   20264552 bytes,   20264552 total
[2026-01-26T10:38:13.202+0000][66][trace][gc,age      ] GC(548) - age   2:    2281560 bytes,   22546112 total
[2026-01-26T10:38:13.202+0000][66][trace][gc,age      ] GC(548) - age   3:     637872 bytes,   23183984 total
[2026-01-26T10:38:13.203+0000][66][trace][gc,age      ] GC(548) - age   4:    1198880 bytes,   24382864 total
[2026-01-26T10:38:13.203+0000][66][trace][gc,age      ] GC(548) - age   5:     237248 bytes,   24620112 total
[2026-01-26T10:38:13.203+0000][66][trace][gc,age      ] GC(548) - age   6:      16912 bytes,   24637024 total
[2026-01-26T10:38:13.203+0000][66][trace][gc,age      ] GC(548) - age   7:        648 bytes,   24637672 total
[2026-01-26T10:38:13.204+0000][66][trace][gc,age      ] GC(548) - age   9:       1760 bytes,   24639432 total
[2026-01-26T10:38:13.204+0000][66][trace][gc,age      ] GC(548) - age  10:        336 bytes,   24639768 total
[2026-01-26T10:38:13.204+0000][66][trace][gc,age      ] GC(548) - age  11:        480 bytes,   24640248 total
[2026-01-26T10:38:13.204+0000][66][trace][gc,age      ] GC(548) - age  12:       4544 bytes,   24644792 total
[2026-01-26T10:38:13.205+0000][66][trace][gc,age      ] GC(548) - age  13:       1080 bytes,   24645872 total
[2026-01-26T10:38:13.205+0000][66][trace][gc,age      ] GC(548) - age  14:       1672 bytes,   24647544 total
[2026-01-26T10:38:13.205+0000][66][trace][gc,age      ] GC(548) - age  15:        760 bytes,   24648304 total
[2026-01-26T10:38:13.205+0000][66][info ][gc,heap     ] GC(548) Eden regions: 143->0(146)
[2026-01-26T10:38:13.206+0000][66][info ][gc,heap     ] GC(548) Survivor regions: 10->7(20)
[2026-01-26T10:38:13.206+0000][66][info ][gc,heap     ] GC(548) Old regions: 44->44
[2026-01-26T10:38:13.206+0000][66][info ][gc,heap     ] GC(548) Humongous regions: 0->0
[2026-01-26T10:38:13.206+0000][66][info ][gc,metaspace] GC(548) Metaspace: 132390K(137152K)->132390K(137152K) NonClass: 115109K(117760K)->115109K(117760K) Class: 17281K(19392K)->17281K(19392K)
[2026-01-26T10:38:13.207+0000][66][info ][gc          ] GC(548) Pause Young (Normal) (G1 Evacuation Pause) 784M->199M(1024M) 23.754ms
[2026-01-26T10:38:13.207+0000][66][info ][gc,cpu      ] GC(548) User=0.05s Sys=0.01s Real=0.03s
[2026-01-26T10:38:13.207+0000][66][info ][safepoint   ] Safepoint "G1CollectForAllocation", Time since last: 6427936510 ns, Reaching safepoint: 21706 ns, Cleanup: 7002 ns, At safepoint: 24464713 ns, Total: 24493421 ns
[2026-01-26T10:38:15.208+0000][66][info ][safepoint   ] Safepoint "Cleanup", Time since last: 2000670712 ns, Reaching safepoint: 18305 ns, Cleanup: 16004 ns, At safepoint: 33110 ns, Total: 67419 ns
[2026-01-26T10:38:19.209+0000][66][info ][safepoint   ] Safepoint "Cleanup", Time since last: 4001172392 ns, Reaching safepoint: 132521 ns, Cleanup: 13402 ns, At safepoint: 38206 ns, Total: 184129 ns
[2026-01-26T10:38:19.802+0000][66][info ][gc,start    ] GC(549) Pause Young (Normal) (G1 Evacuation Pause)
[2026-01-26T10:38:19.802+0000][66][info ][gc,task     ] GC(549) Using 6 workers of 6 for evacuation
[2026-01-26T10:38:19.803+0000][66][debug][gc,age      ] GC(549) Desired survivor size 41943040 bytes, new threshold 15 (max threshold 15)
[2026-01-26T10:38:19.845+0000][66][info ][gc,phases   ] GC(549)   Pre Evacuate Collection Set: 0.4ms
[2026-01-26T10:38:19.845+0000][66][info ][gc,phases   ] GC(549)   Merge Heap Roots: 0.2ms
[2026-01-26T10:38:19.847+0000][66][info ][gc,phases   ] GC(549)   Evacuate Collection Set: 38.1ms
[2026-01-26T10:38:19.848+0000][66][info ][gc,phases   ] GC(549)   Post Evacuate Collection Set: 2.5ms
[2026-01-26T10:38:19.851+0000][66][info ][gc,phases   ] GC(549)   Other: 1.3ms
[2026-01-26T10:38:19.851+0000][66][trace][gc,age      ] GC(549) Age table with threshold 15 (max threshold 15)
[2026-01-26T10:38:19.852+0000][66][trace][gc,age      ] GC(549) - age   1:   31841688 bytes,   31841688 total
[2026-01-26T10:38:19.852+0000][66][trace][gc,age      ] GC(549) - age   2:   10511576 bytes,   42353264 total
[2026-01-26T10:38:19.853+0000][66][trace][gc,age      ] GC(549) - age   3:    2202784 bytes,   44556048 total
[2026-01-26T10:38:19.853+0000][66][trace][gc,age      ] GC(549) - age   4:     636888 bytes,   45192936 total
[2026-01-26T10:38:19.853+0000][66][trace][gc,age      ] GC(549) - age   5:    1198280 bytes,   46391216 total
[2026-01-26T10:38:19.854+0000][66][trace][gc,age      ] GC(549) - age   6:     237248 bytes,   46628464 total
[2026-01-26T10:38:19.854+0000][66][trace][gc,age      ] GC(549) - age   7:      16912 bytes,   46645376 total
[2026-01-26T10:38:19.855+0000][66][trace][gc,age      ] GC(549) - age   8:        648 bytes,   46646024 total
[2026-01-26T10:38:19.855+0000][66][trace][gc,age      ] GC(549) - age  10:       1760 bytes,   46647784 total
[2026-01-26T10:38:19.856+0000][66][trace][gc,age      ] GC(549) - age  11:        336 bytes,   46648120 total
[2026-01-26T10:38:19.856+0000][66][trace][gc,age      ] GC(549) - age  12:        480 bytes,   46648600 total
[2026-01-26T10:38:19.856+0000][66][trace][gc,age      ] GC(549) - age  13:       4544 bytes,   46653144 total
[2026-01-26T10:38:19.857+0000][66][trace][gc,age      ] GC(549) - age  14:       1080 bytes,   46654224 total
[2026-01-26T10:38:19.857+0000][66][trace][gc,age      ] GC(549) - age  15:       1672 bytes,   46655896 total
[2026-01-26T10:38:19.857+0000][66][info ][gc,heap     ] GC(549) Eden regions: 146->0(140)
[2026-01-26T10:38:19.858+0000][66][info ][gc,heap     ] GC(549) Survivor regions: 7->13(20)
[2026-01-26T10:38:19.858+0000][66][info ][gc,heap     ] GC(549) Old regions: 44->44
[2026-01-26T10:38:19.859+0000][66][info ][gc,heap     ] GC(549) Humongous regions: 0->0
[2026-01-26T10:38:19.859+0000][66][info ][gc,metaspace] GC(549) Metaspace: 132390K(137152K)->132390K(137152K) NonClass: 115109K(117760K)->115109K(117760K) Class: 17281K(19392K)->17281K(19392K)
[2026-01-26T10:38:19.860+0000][66][info ][gc          ] GC(549) Pause Young (Normal) (G1 Evacuation Pause) 783M->222M(1024M) 58.054ms
[2026-01-26T10:38:19.860+0000][66][info ][gc,cpu      ] GC(549) User=0.18s Sys=0.00s Real=0.06s
[2026-01-26T10:38:19.861+0000][66][info ][safepoint   ] Safepoint "G1CollectForAllocation", Time since last: 592135533 ns, Reaching safepoint: 25004 ns, Cleanup: 16302 ns, At safepoint: 59035397 ns, Total: 59076703 ns
[2026-01-26T10:38:22.849+0000][66][info ][gc,start    ] GC(550) Pause Young (Normal) (G1 Evacuation Pause)
[2026-01-26T10:38:22.849+0000][66][info ][gc,task     ] GC(550) Using 6 workers of 6 for evacuation
[2026-01-26T10:38:22.850+0000][66][debug][gc,age      ] GC(550) Desired survivor size 41943040 bytes, new threshold 2 (max threshold 15)
[2026-01-26T10:38:22.898+0000][66][info ][gc,phases   ] GC(550)   Pre Evacuate Collection Set: 0.4ms
[2026-01-26T10:38:22.898+0000][66][info ][gc,phases   ] GC(550)   Merge Heap Roots: 0.2ms
[2026-01-26T10:38:22.898+0000][66][info ][gc,phases   ] GC(550)   Evacuate Collection Set: 44.8ms
[2026-01-26T10:38:22.899+0000][66][info ][gc,phases   ] GC(550)   Post Evacuate Collection Set: 1.7ms
[2026-01-26T10:38:22.899+0000][66][info ][gc,phases   ] GC(550)   Other: 1.0ms
[2026-01-26T10:38:22.899+0000][66][trace][gc,age      ] GC(550) Age table with threshold 2 (max threshold 15)
[2026-01-26T10:38:22.900+0000][66][trace][gc,age      ] GC(550) - age   1:   12582080 bytes,   12582080 total
[2026-01-26T10:38:22.900+0000][66][trace][gc,age      ] GC(550) - age   2:   23310504 bytes,   35892584 total
[2026-01-26T10:38:22.900+0000][66][info ][gc,heap     ] GC(550) Eden regions: 140->0(142)
[2026-01-26T10:38:22.901+0000][66][info ][gc,heap     ] GC(550) Survivor regions: 13->11(20)
[2026-01-26T10:38:22.901+0000][66][info ][gc,heap     ] GC(550) Old regions: 44->47
[2026-01-26T10:38:22.901+0000][66][info ][gc,heap     ] GC(550) Humongous regions: 0->0
[2026-01-26T10:38:22.902+0000][66][info ][gc,metaspace] GC(550) Metaspace: 132390K(137152K)->132390K(137152K) NonClass: 115109K(117760K)->115109K(117760K) Class: 17281K(19392K)->17281K(19392K)
[2026-01-26T10:38:22.902+0000][66][info ][gc          ] GC(550) Pause Young (Normal) (G1 Evacuation Pause) 782M->228M(1024M) 53.299ms
[2026-01-26T10:38:22.902+0000][66][info ][gc,cpu      ] GC(550) User=0.25s Sys=0.00s Real=0.05s
[2026-01-26T10:38:22.903+0000][66][info ][safepoint   ] Safepoint "G1CollectForAllocation", Time since last: 2988046241 ns, Reaching safepoint: 20603 ns, Cleanup: 5301 ns, At safepoint: 54231940 ns, Total: 54257844 ns
[2026-01-26T10:38:24.055+0000][66][info ][safepoint   ] Safepoint "Cleanup", Time since last: 1152479686 ns, Reaching safepoint: 7201 ns, Cleanup: 9002 ns, At safepoint: 3300 ns, Total: 19503 ns
[2026-01-26T10:38:28.468+0000][66][info ][gc,start    ] GC(551) Pause Young (Normal) (G1 Evacuation Pause)
[2026-01-26T10:38:28.469+0000][66][info ][gc,task     ] GC(551) Using 6 workers of 6 for evacuation
[2026-01-26T10:38:28.470+0000][66][debug][gc,age      ] GC(551) Desired survivor size 41943040 bytes, new threshold 15 (max threshold 15)
[2026-01-26T10:38:28.490+0000][66][info ][gc,phases   ] GC(551)   Pre Evacuate Collection Set: 0.5ms
[2026-01-26T10:38:28.491+0000][66][info ][gc,phases   ] GC(551)   Merge Heap Roots: 0.2ms
[2026-01-26T10:38:28.491+0000][66][info ][gc,phases   ] GC(551)   Evacuate Collection Set: 18.3ms
[2026-01-26T10:38:28.492+0000][66][info ][gc,phases   ] GC(551)   Post Evacuate Collection Set: 1.3ms
[2026-01-26T10:38:28.492+0000][66][info ][gc,phases   ] GC(551)   Other: 1.0ms
[2026-01-26T10:38:28.493+0000][66][trace][gc,age      ] GC(551) Age table with threshold 15 (max threshold 15)
[2026-01-26T10:38:28.494+0000][66][trace][gc,age      ] GC(551) - age   1:   16083584 bytes,   16083584 total
[2026-01-26T10:38:28.494+0000][66][trace][gc,age      ] GC(551) - age   2:   10422832 bytes,   26506416 total
[2026-01-26T10:38:28.494+0000][66][trace][gc,age      ] GC(551) - age   3:   23310264 bytes,   49816680 total
[2026-01-26T10:38:28.495+0000][66][info ][gc,heap     ] GC(551) Eden regions: 142->0(139)
[2026-01-26T10:38:28.495+0000][66][info ][gc,heap     ] GC(551) Survivor regions: 11->14(20)
[2026-01-26T10:38:28.496+0000][66][info ][gc,heap     ] GC(551) Old regions: 47->47
[2026-01-26T10:38:28.496+0000][66][info ][gc,heap     ] GC(551) Humongous regions: 0->0
[2026-01-26T10:38:28.497+0000][66][info ][gc,metaspace] GC(551) Metaspace: 132390K(137152K)->132390K(137152K) NonClass: 115109K(117760K)->115109K(117760K) Class: 17281K(19392K)->17281K(19392K)
[2026-01-26T10:38:28.497+0000][66][info ][gc          ] GC(551) Pause Young (Normal) (G1 Evacuation Pause) 796M->241M(1024M) 28.600ms
[2026-01-26T10:38:28.497+0000][66][info ][gc,cpu      ] GC(551) User=0.09s Sys=0.01s Real=0.02s
[2026-01-26T10:38:28.498+0000][66][info ][safepoint   ] Safepoint "G1CollectForAllocation", Time since last: 4412917428 ns, Reaching safepoint: 18701 ns, Cleanup: 4901 ns, At safepoint: 29584807 ns, Total: 29608409 ns
[2026-01-26T10:38:29.499+0000][66][info ][safepoint   ] Safepoint "Cleanup", Time since last: 1000668599 ns, Reaching safepoint: 22702 ns, Cleanup: 30704 ns, At safepoint: 4900 ns, Total: 58306 ns
[2026-01-26T10:38:31.422+0000][66][info ][safepoint   ] Safepoint "Cleanup", Time since last: 1922618699 ns, Reaching safepoint: 140114 ns, Cleanup: 21002 ns, At safepoint: 49905 ns, Total: 211021 ns
[2026-01-26T10:38:34.773+0000][66][info ][gc,start    ] GC(552) Pause Young (Normal) (G1 Evacuation Pause)
[2026-01-26T10:38:34.774+0000][66][info ][gc,task     ] GC(552) Using 6 workers of 6 for evacuation
[2026-01-26T10:38:34.774+0000][66][debug][gc,age      ] GC(552) Desired survivor size 41943040 bytes, new threshold 3 (max threshold 15)
[2026-01-26T10:38:34.843+0000][66][info ][gc,phases   ] GC(552)   Pre Evacuate Collection Set: 0.4ms
[2026-01-26T10:38:34.843+0000][66][info ][gc,phases   ] GC(552)   Merge Heap Roots: 0.2ms
[2026-01-26T10:38:34.844+0000][66][info ][gc,phases   ] GC(552)   Evacuate Collection Set: 66.1ms
[2026-01-26T10:38:34.844+0000][66][info ][gc,phases   ] GC(552)   Post Evacuate Collection Set: 1.5ms
[2026-01-26T10:38:34.844+0000][66][info ][gc,phases   ] GC(552)   Other: 1.1ms
[2026-01-26T10:38:34.845+0000][66][trace][gc,age      ] GC(552) Age table with threshold 3 (max threshold 15)
[2026-01-26T10:38:34.845+0000][66][trace][gc,age      ] GC(552) - age   1:   19361952 bytes,   19361952 total
[2026-01-26T10:38:34.845+0000][66][trace][gc,age      ] GC(552) - age   2:    9834544 bytes,   29196496 total
[2026-01-26T10:38:34.845+0000][66][trace][gc,age      ] GC(552) - age   3:   10234888 bytes,   39431384 total
[2026-01-26T10:38:34.846+0000][66][info ][gc,heap     ] GC(552) Eden regions: 139->0(142)
[2026-01-26T10:38:34.846+0000][66][info ][gc,heap     ] GC(552) Survivor regions: 14->11(20)
[2026-01-26T10:38:34.846+0000][66][info ][gc,heap     ] GC(552) Old regions: 47->53
[2026-01-26T10:38:34.846+0000][66][info ][gc,heap     ] GC(552) Humongous regions: 0->0
[2026-01-26T10:38:34.847+0000][66][info ][gc,metaspace] GC(552) Metaspace: 132395K(137152K)->132395K(137152K) NonClass: 115113K(117760K)->115113K(117760K) Class: 17281K(19392K)->17281K(19392K)
[2026-01-26T10:38:34.847+0000][66][info ][gc          ] GC(552) Pause Young (Normal) (G1 Evacuation Pause) 797M->251M(1024M) 74.008ms
[2026-01-26T10:38:34.847+0000][66][info ][gc,cpu      ] GC(552) User=0.38s Sys=0.00s Real=0.08s
[2026-01-26T10:38:34.848+0000][66][info ][safepoint   ] Safepoint "G1CollectForAllocation", Time since last: 3355732547 ns, Reaching safepoint: 20002 ns, Cleanup: 5301 ns, At safepoint: 74708293 ns, Total: 74733596 ns
[2026-01-26T10:38:38.907+0000][66][info ][safepoint   ] Safepoint "Cleanup", Time since last: 4058746437 ns, Reaching safepoint: 11302 ns, Cleanup: 11902 ns, At safepoint: 3900 ns, Total: 27104 ns
[2026-01-26T10:38:41.319+0000][66][info ][safepoint   ] Safepoint "Cleanup", Time since last: 2411921413 ns, Reaching safepoint: 15903 ns, Cleanup: 44006 ns, At safepoint: 3901 ns, Total: 63810 ns
[2026-01-26T10:38:42.319+0000][66][info ][safepoint   ] Safepoint "Cleanup", Time since last: 1000602960 ns, Reaching safepoint: 16703 ns, Cleanup: 24804 ns, At safepoint: 3600 ns, Total: 45107 ns
[2026-01-26T10:43:20.087+0000][66][info ][safepoint   ] Safepoint "Cleanup", Time since last: 277809902633 ns, Reaching safepoint: 68211 ns, Cleanup: 28104 ns, At safepoint: 4301 ns, Total: 100616 ns
[2026-01-26T10:43:45.560+0000][66][info ][safepoint   ] Safepoint "Cleanup", Time since last: 25477546317 ns, Reaching safepoint: 94014 ns, Cleanup: 10202 ns, At safepoint: 28004 ns, Total: 132220 ns
[2026-01-26T10:43:46.885+0000][66][info ][safepoint   ] Safepoint "Cleanup", Time since last: 1325180359 ns, Reaching safepoint: 15402 ns, Cleanup: 11002 ns, At safepoint: 2700 ns, Total: 29104 ns
[2026-01-26T10:58:55.098+0000][66][info ][safepoint   ] Safepoint "Cleanup", Time since last: 908335373881 ns, Reaching safepoint: 10602 ns, Cleanup: 20003 ns, At safepoint: 2900 ns, Total: 33505 ns
[2026-01-26T10:58:55.387+0000][66][info ][gc,start    ] GC(553) Pause Young (Concurrent Start) (G1 Evacuation Pause)
[2026-01-26T10:58:55.387+0000][66][info ][gc,task     ] GC(553) Using 6 workers of 6 for evacuation
[2026-01-26T10:58:55.387+0000][66][debug][gc,age      ] GC(553) Desired survivor size 41943040 bytes, new threshold 15 (max threshold 15)
[2026-01-26T10:58:55.411+0000][66][info ][gc,phases   ] GC(553)   Pre Evacuate Collection Set: 1.2ms
[2026-01-26T10:58:55.411+0000][66][info ][gc,phases   ] GC(553)   Merge Heap Roots: 0.3ms
[2026-01-26T10:58:55.411+0000][66][info ][gc,phases   ] GC(553)   Evacuate Collection Set: 19.6ms
[2026-01-26T10:58:55.412+0000][66][info ][gc,phases   ] GC(553)   Post Evacuate Collection Set: 1.7ms
[2026-01-26T10:58:55.412+0000][66][info ][gc,phases   ] GC(553)   Other: 1.0ms
[2026-01-26T10:58:55.412+0000][66][trace][gc,age      ] GC(553) Age table with threshold 15 (max threshold 15)
[2026-01-26T10:58:55.412+0000][66][trace][gc,age      ] GC(553) - age   1:     971520 bytes,     971520 total
[2026-01-26T10:58:55.413+0000][66][trace][gc,age      ] GC(553) - age   2:       3776 bytes,     975296 total
[2026-01-26T10:58:55.413+0000][66][trace][gc,age      ] GC(553) - age   3:     163752 bytes,    1139048 total
[2026-01-26T10:58:55.413+0000][66][trace][gc,age      ] GC(553) - age   4:    4646232 bytes,    5785280 total
[2026-01-26T10:58:55.413+0000][66][info ][gc,heap     ] GC(553) Eden regions: 142->0(150)
[2026-01-26T10:58:55.413+0000][66][info ][gc,heap     ] GC(553) Survivor regions: 11->3(20)
[2026-01-26T10:58:55.414+0000][66][info ][gc,heap     ] GC(553) Old regions: 53->53
[2026-01-26T10:58:55.414+0000][66][info ][gc,heap     ] GC(553) Humongous regions: 0->0
[2026-01-26T10:58:55.414+0000][66][info ][gc,metaspace] GC(553) Metaspace: 133865K(137472K)->133865K(137472K) NonClass: 116333K(118080K)->116333K(118080K) Class: 17532K(19392K)->17532K(19392K)
[2026-01-26T10:58:55.414+0000][66][info ][gc          ] GC(553) Pause Young (Concurrent Start) (G1 Evacuation Pause) 819M->218M(1024M) 27.767ms
[2026-01-26T10:58:55.415+0000][66][info ][gc,cpu      ] GC(553) User=0.07s Sys=0.01s Real=0.03s
[2026-01-26T10:58:55.415+0000][66][info ][gc          ] GC(554) Concurrent Mark Cycle
[2026-01-26T10:58:55.415+0000][66][info ][safepoint   ] Safepoint "G1CollectForAllocation", Time since last: 288169660 ns, Reaching safepoint: 12201 ns, Cleanup: 45507 ns, At safepoint: 28617839 ns, Total: 28675547 ns
[2026-01-26T10:58:55.415+0000][66][info ][gc,marking  ] GC(554) Concurrent Scan Root Regions
[2026-01-26T10:58:55.434+0000][66][info ][gc,marking  ] GC(554) Concurrent Scan Root Regions 19.045ms
[2026-01-26T10:58:55.435+0000][66][info ][gc,marking  ] GC(554) Concurrent Mark
[2026-01-26T10:58:55.435+0000][66][info ][gc,marking  ] GC(554) Concurrent Mark From Roots
[2026-01-26T10:58:55.435+0000][66][info ][gc,task     ] GC(554) Using 2 workers of 2 for marking
[2026-01-26T10:58:55.627+0000][66][info ][gc,marking  ] GC(554) Concurrent Mark From Roots 192.537ms
[2026-01-26T10:58:55.628+0000][66][info ][gc,marking  ] GC(554) Concurrent Preclean
[2026-01-26T10:58:55.628+0000][66][info ][gc,marking  ] GC(554) Concurrent Preclean 0.624ms
[2026-01-26T10:58:55.628+0000][66][info ][gc,start    ] GC(554) Pause Remark
[2026-01-26T10:58:55.819+0000][66][info ][gc          ] GC(554) Pause Remark 221M->207M(1024M) 190.628ms
[2026-01-26T10:58:55.819+0000][66][info ][gc,cpu      ] GC(554) User=0.87s Sys=0.00s Real=0.19s
[2026-01-26T10:58:55.820+0000][66][info ][safepoint   ] Safepoint "G1PauseRemark", Time since last: 213320318 ns, Reaching safepoint: 16002 ns, Cleanup: 21803 ns, At safepoint: 191104738 ns, Total: 191142543 ns
[2026-01-26T10:58:55.820+0000][66][info ][gc,marking  ] GC(554) Concurrent Mark 385.239ms
[2026-01-26T10:58:55.820+0000][66][info ][gc,marking  ] GC(554) Concurrent Rebuild Remembered Sets and Scrub Regions
[2026-01-26T10:58:55.872+0000][66][info ][gc,marking  ] GC(554) Concurrent Rebuild Remembered Sets and Scrub Regions 52.116ms
[2026-01-26T10:58:55.873+0000][66][info ][gc,start    ] GC(554) Pause Cleanup
[2026-01-26T10:58:55.873+0000][66][info ][gc          ] GC(554) Pause Cleanup 207M->207M(1024M) 0.576ms
[2026-01-26T10:58:55.873+0000][66][info ][gc,cpu      ] GC(554) User=0.00s Sys=0.00s Real=0.01s
[2026-01-26T10:58:55.874+0000][66][info ][safepoint   ] Safepoint "G1PauseCleanup", Time since last: 52993810 ns, Reaching safepoint: 10301 ns, Cleanup: 31004 ns, At safepoint: 1127551 ns, Total: 1168856 ns
[2026-01-26T10:58:55.874+0000][66][info ][gc,marking  ] GC(554) Concurrent Clear Claimed Marks
[2026-01-26T10:58:55.874+0000][66][info ][gc,marking  ] GC(554) Concurrent Clear Claimed Marks 0.370ms
[2026-01-26T10:58:55.875+0000][66][info ][gc,marking  ] GC(554) Concurrent Cleanup for Next Mark
[2026-01-26T10:58:55.898+0000][66][info ][gc,marking  ] GC(554) Concurrent Cleanup for Next Mark 23.000ms
[2026-01-26T10:58:55.898+0000][66][info ][gc          ] GC(554) Concurrent Mark Cycle 482.874ms
[2026-01-26T10:58:56.874+0000][66][info ][safepoint   ] Safepoint "Cleanup", Time since last: 1000440716 ns, Reaching safepoint: 20303 ns, Cleanup: 14102 ns, At safepoint: 2800 ns, Total: 37205 ns
[2026-01-26T10:58:57.875+0000][66][info ][safepoint   ] Safepoint "Cleanup", Time since last: 1000541229 ns, Reaching safepoint: 19003 ns, Cleanup: 11901 ns, At safepoint: 3701 ns, Total: 34605 ns
[2026-01-26T10:58:59.876+0000][66][info ][safepoint   ] Safepoint "Cleanup", Time since last: 2000786318 ns, Reaching safepoint: 16202 ns, Cleanup: 13802 ns, At safepoint: 2901 ns, Total: 32905 ns
[2026-01-26T10:59:04.872+0000][66][info ][safepoint   ] Safepoint "Cleanup", Time since last: 5001693537 ns, Reaching safepoint: 35704 ns, Cleanup: 25704 ns, At safepoint: 9101 ns, Total: 70509 ns
[2026-01-26T10:59:10.875+0000][66][info ][safepoint   ] Safepoint "Cleanup", Time since last: 6002515950 ns, Reaching safepoint: 19904 ns, Cleanup: 12603 ns, At safepoint: 2500 ns, Total: 35007 ns
[2026-01-26T11:00:04.744+0000][66][info ][safepoint   ] Safepoint "Cleanup", Time since last: 53876678405 ns, Reaching safepoint: 17303 ns, Cleanup: 33005 ns, At safepoint: 2700 ns, Total: 53008 ns
[2026-01-26T11:01:39.749+0000][66][info ][safepoint   ] Safepoint "Cleanup", Time since last: 95019775791 ns, Reaching safepoint: 54606 ns, Cleanup: 17302 ns, At safepoint: 4201 ns, Total: 76109 ns
[2026-01-26T11:01:53.753+0000][66][info ][safepoint   ] Safepoint "Cleanup", Time since last: 14003500541 ns, Reaching safepoint: 97915 ns, Cleanup: 25904 ns, At safepoint: 21203 ns, Total: 145022 ns
[2026-01-26T11:04:01.727+0000][66][info ][safepoint   ] Safepoint "Cleanup", Time since last: 127991909419 ns, Reaching safepoint: 16002 ns, Cleanup: 49306 ns, At safepoint: 48706 ns, Total: 114014 ns
[2026-01-26T11:04:02.987+0000][66][info ][safepoint   ] Safepoint "Cleanup", Time since last: 1264667942 ns, Reaching safepoint: 22003 ns, Cleanup: 44906 ns, At safepoint: 4600 ns, Total: 71509 ns
[2026-01-26T11:04:04.988+0000][66][info ][safepoint   ] Safepoint "Cleanup", Time since last: 2000946282 ns, Reaching safepoint: 15702 ns, Cleanup: 10202 ns, At safepoint: 2600 ns, Total: 28504 ns
[2026-01-26T11:04:19.948+0000][66][info ][safepoint   ] Safepoint "Cleanup", Time since last: 14960248975 ns, Reaching safepoint: 39205 ns, Cleanup: 23804 ns, At safepoint: 9401 ns, Total: 72410 ns
[2026-01-26T11:04:34.947+0000][66][info ][safepoint   ] Safepoint "Cleanup", Time since last: 15004478315 ns, Reaching safepoint: 47607 ns, Cleanup: 107616 ns, At safepoint: 24303 ns, Total: 179526 ns
[2026-01-26T11:05:23.956+0000][66][info ][safepoint   ] Safepoint "Cleanup", Time since last: 49011509274 ns, Reaching safepoint: 38805 ns, Cleanup: 22604 ns, At safepoint: 9501 ns, Total: 70910 ns
[2026-01-26T11:09:05.372+0000][66][info ][safepoint   ] Safepoint "Cleanup", Time since last: 221451608216 ns, Reaching safepoint: 10201 ns, Cleanup: 6501 ns, At safepoint: 2100 ns, Total: 18802 ns
[2026-01-26T11:09:06.688+0000][66][info ][safepoint   ] Safepoint "Cleanup", Time since last: 1315891112 ns, Reaching safepoint: 16102 ns, Cleanup: 14202 ns, At safepoint: 2700 ns, Total: 33004 ns
[2026-01-26T11:10:08.604+0000][66][info ][safepoint   ] Safepoint "Cleanup", Time since last: 61925728703 ns, Reaching safepoint: 6701 ns, Cleanup: 17203 ns, At safepoint: 1800 ns, Total: 25704 ns
[2026-01-26T11:10:09.656+0000][66][info ][safepoint   ] Safepoint "Cleanup", Time since last: 1052166990 ns, Reaching safepoint: 16802 ns, Cleanup: 38106 ns, At safepoint: 3100 ns, Total: 58008 ns
[2026-01-26T11:10:24.177+0000][66][info ][safepoint   ] Safepoint "Cleanup", Time since last: 14520841464 ns, Reaching safepoint: 18303 ns, Cleanup: 22403 ns, At safepoint: 3301 ns, Total: 44007 ns
[2026-01-26T11:21:35.235+0000][66][info ][safepoint   ] Safepoint "Cleanup", Time since last: 671151240694 ns, Reaching safepoint: 83107 ns, Cleanup: 7800 ns, At safepoint: 22402 ns, Total: 113309 ns
[2026-01-26T11:45:03.347+0000][66][info ][safepoint   ] Safepoint "Cleanup", Time since last: 1408293859894 ns, Reaching safepoint: 294439 ns, Cleanup: 20903 ns, At safepoint: 9501 ns, Total: 324843 ns
[2026-01-26T11:48:26.370+0000][66][info ][safepoint   ] Safepoint "Cleanup", Time since last: 203045204728 ns, Reaching safepoint: 35505 ns, Cleanup: 11401 ns, At safepoint: 3501 ns, Total: 50407 ns
[2026-01-26T11:59:27.427+0000][66][info ][safepoint   ] Safepoint "Cleanup", Time since last: 661152753692 ns, Reaching safepoint: 55010 ns, Cleanup: 13602 ns, At safepoint: 5301 ns, Total: 73913 ns
[2026-01-26T12:00:36.430+0000][66][info ][safepoint   ] Safepoint "Cleanup", Time since last: 69015668127 ns, Reaching safepoint: 44708 ns, Cleanup: 9201 ns, At safepoint: 4801 ns, Total: 58710 ns
[2026-01-26T12:04:01.447+0000][66][info ][safepoint   ] Safepoint "Cleanup", Time since last: 205043674110 ns, Reaching safepoint: 231528 ns, Cleanup: 107713 ns, At safepoint: 89811 ns, Total: 429052 ns
[2026-01-26T12:04:02.977+0000][66][info ][safepoint   ] Safepoint "Cleanup", Time since last: 1529614311 ns, Reaching safepoint: 47906 ns, Cleanup: 51606 ns, At safepoint: 8902 ns, Total: 108414 ns
[2026-01-26T12:04:19.431+0000][66][info ][safepoint   ] Safepoint "Cleanup", Time since last: 16459380306 ns, Reaching safepoint: 66513 ns, Cleanup: 9302 ns, At safepoint: 6301 ns, Total: 82116 ns
[2026-01-26T12:05:53.439+0000][66][info ][safepoint   ] Safepoint "Cleanup", Time since last: 94020472570 ns, Reaching safepoint: 105115 ns, Cleanup: 12702 ns, At safepoint: 7901 ns, Total: 125718 ns
[2026-01-26T12:09:05.386+0000][66][info ][safepoint   ] Safepoint "Cleanup", Time since last: 191976029905 ns, Reaching safepoint: 25301 ns, Cleanup: 43101 ns, At safepoint: 18801 ns, Total: 87203 ns
[2026-01-26T13:04:00.535+0000][66][info ][safepoint   ] Safepoint "Cleanup", Time since last: 3295590630536 ns, Reaching safepoint: 10901 ns, Cleanup: 8801 ns, At safepoint: 2300 ns, Total: 22002 ns
[2026-01-26T13:04:01.539+0000][66][info ][safepoint   ] Safepoint "Cleanup", Time since last: 1003949245 ns, Reaching safepoint: 10601 ns, Cleanup: 59303 ns, At safepoint: 19802 ns, Total: 89706 ns
[2026-01-26T13:04:02.938+0000][66][info ][safepoint   ] Safepoint "Cleanup", Time since last: 1399259556 ns, Reaching safepoint: 16601 ns, Cleanup: 26702 ns, At safepoint: 2800 ns, Total: 46103 ns
[2026-01-26T13:04:04.068+0000][66][info ][safepoint   ] Safepoint "Cleanup", Time since last: 1133631795 ns, Reaching safepoint: 136208 ns, Cleanup: 23601 ns, At safepoint: 30702 ns, Total: 190511 ns
[2026-01-26T13:04:05.442+0000][66][info ][safepoint   ] Safepoint "Cleanup", Time since last: 1374243763 ns, Reaching safepoint: 8200 ns, Cleanup: 12701 ns, At safepoint: 2200 ns, Total: 23101 ns
[2026-01-26T13:04:06.765+0000][66][info ][safepoint   ] Safepoint "Cleanup", Time since last: 1322126254 ns, Reaching safepoint: 170609 ns, Cleanup: 6101 ns, At safepoint: 31401 ns, Total: 208111 ns
[2026-01-26T13:04:08.288+0000][66][info ][safepoint   ] Safepoint "Cleanup", Time since last: 1523165489 ns, Reaching safepoint: 21801 ns, Cleanup: 57903 ns, At safepoint: 2601 ns, Total: 82305 ns
[2026-01-26T13:04:10.073+0000][66][info ][safepoint   ] Safepoint "Cleanup", Time since last: 1785021001 ns, Reaching safepoint: 13701 ns, Cleanup: 18201 ns, At safepoint: 19801 ns, Total: 51703 ns
[2026-01-26T13:04:11.074+0000][66][info ][safepoint   ] Safepoint "Cleanup", Time since last: 1000493469 ns, Reaching safepoint: 16701 ns, Cleanup: 24102 ns, At safepoint: 5700 ns, Total: 46503 ns
[2026-01-26T13:04:12.479+0000][66][info ][safepoint   ] Safepoint "Cleanup", Time since last: 1404761976 ns, Reaching safepoint: 32502 ns, Cleanup: 32102 ns, At safepoint: 7300 ns, Total: 71904 ns
[2026-01-26T13:09:10.177+0000][66][info ][safepoint   ] Safepoint "Cleanup", Time since last: 297729315609 ns, Reaching safepoint: 107406 ns, Cleanup: 28202 ns, At safepoint: 20101 ns, Total: 155709 ns
[2026-01-26T13:09:14.975+0000][66][info ][safepoint   ] Safepoint "Cleanup", Time since last: 4798122495 ns, Reaching safepoint: 13300 ns, Cleanup: 9101 ns, At safepoint: 2000 ns, Total: 24401 ns
[2026-01-26T13:09:16.357+0000][66][info ][safepoint   ] Safepoint "Cleanup", Time since last: 1381567620 ns, Reaching safepoint: 17201 ns, Cleanup: 14101 ns, At safepoint: 3401 ns, Total: 34703 ns
[2026-01-26T13:18:33.430+0000][66][info ][safepoint   ] Safepoint "Cleanup", Time since last: 557151494968 ns, Reaching safepoint: 39904 ns, Cleanup: 22802 ns, At safepoint: 8701 ns, Total: 71407 ns
[2026-01-26T13:18:48.435+0000][66][info ][safepoint   ] Safepoint "Cleanup", Time since last: 15004458513 ns, Reaching safepoint: 18702 ns, Cleanup: 9901 ns, At safepoint: 2900 ns, Total: 31503 ns
[2026-01-26T13:28:26.490+0000][66][info ][safepoint   ] Safepoint "Cleanup", Time since last: 578133411905 ns, Reaching safepoint: 17102 ns, Cleanup: 10901 ns, At safepoint: 25803 ns, Total: 53806 ns
[2026-01-26T13:40:19.555+0000][66][info ][safepoint   ] Safepoint "Cleanup", Time since last: 713166133022 ns, Reaching safepoint: 109111 ns, Cleanup: 23103 ns, At safepoint: 10301 ns, Total: 142515 ns
[2026-01-26T13:48:56.614+0000][66][info ][safepoint   ] Safepoint "Cleanup", Time since last: 517114365922 ns, Reaching safepoint: 94809 ns, Cleanup: 24302 ns, At safepoint: 8600 ns, Total: 127711 ns
[2026-01-26T14:03:59.715+0000][66][info ][safepoint   ] Safepoint "Cleanup", Time since last: 903199915253 ns, Reaching safepoint: 57904 ns, Cleanup: 13602 ns, At safepoint: 3100 ns, Total: 74606 ns
[2026-01-26T14:04:01.258+0000][66][info ][safepoint   ] Safepoint "Cleanup", Time since last: 1542905379 ns, Reaching safepoint: 22001 ns, Cleanup: 15001 ns, At safepoint: 4401 ns, Total: 41403 ns
[2026-01-26T14:04:18.259+0000][66][info ][safepoint   ] Safepoint "Cleanup", Time since last: 17004066830 ns, Reaching safepoint: 47304 ns, Cleanup: 13201 ns, At safepoint: 5601 ns, Total: 66106 ns
[2026-01-26T14:13:26.054+0000][66][info ][gc,start    ] GC(555) Pause Young (Prepare Mixed) (G1 Evacuation Pause)
[2026-01-26T14:13:26.056+0000][66][info ][gc,task     ] GC(555) Using 6 workers of 6 for evacuation
[2026-01-26T14:13:26.057+0000][66][debug][gc,age      ] GC(555) Desired survivor size 41943040 bytes, new threshold 15 (max threshold 15)
[2026-01-26T14:13:26.097+0000][66][info ][gc,phases   ] GC(555)   Pre Evacuate Collection Set: 3.1ms
[2026-01-26T14:13:26.097+0000][66][info ][gc,phases   ] GC(555)   Merge Heap Roots: 1.2ms
[2026-01-26T14:13:26.097+0000][66][info ][gc,phases   ] GC(555)   Evacuate Collection Set: 27.8ms
[2026-01-26T14:13:26.097+0000][66][info ][gc,phases   ] GC(555)   Post Evacuate Collection Set: 6.7ms
[2026-01-26T14:13:26.098+0000][66][info ][gc,phases   ] GC(555)   Other: 2.2ms
[2026-01-26T14:13:26.098+0000][66][trace][gc,age      ] GC(555) Age table with threshold 15 (max threshold 15)
[2026-01-26T14:13:26.098+0000][66][trace][gc,age      ] GC(555) - age   1:    2507920 bytes,    2507920 total
[2026-01-26T14:13:26.098+0000][66][trace][gc,age      ] GC(555) - age   2:     399256 bytes,    2907176 total
[2026-01-26T14:13:26.098+0000][66][trace][gc,age      ] GC(555) - age   3:       2808 bytes,    2909984 total
[2026-01-26T14:13:26.099+0000][66][trace][gc,age      ] GC(555) - age   4:       7384 bytes,    2917368 total
[2026-01-26T14:13:26.099+0000][66][trace][gc,age      ] GC(555) - age   5:      34208 bytes,    2951576 total
[2026-01-26T14:13:26.099+0000][66][info ][gc,heap     ] GC(555) Eden regions: 150->0(152)
[2026-01-26T14:13:26.099+0000][66][info ][gc,heap     ] GC(555) Survivor regions: 3->1(20)
[2026-01-26T14:13:26.099+0000][66][info ][gc,heap     ] GC(555) Old regions: 49->49
[2026-01-26T14:13:26.100+0000][66][info ][gc,heap     ] GC(555) Humongous regions: 0->0
[2026-01-26T14:13:26.100+0000][66][info ][gc,metaspace] GC(555) Metaspace: 135405K(138304K)->135405K(138304K) NonClass: 117601K(118912K)->117601K(118912K) Class: 17803K(19392K)->17803K(19392K)
[2026-01-26T14:13:26.100+0000][66][info ][gc          ] GC(555) Pause Young (Prepare Mixed) (G1 Evacuation Pause) 805M->199M(1024M) 45.750ms
[2026-01-26T14:13:26.100+0000][66][info ][gc,cpu      ] GC(555) User=0.18s Sys=0.01s Real=0.05s
[2026-01-26T14:13:26.101+0000][66][info ][safepoint   ] Safepoint "G1CollectForAllocation", Time since last: 547863278135 ns, Reaching safepoint: 15303 ns, Cleanup: 3700 ns, At safepoint: 48258672 ns, Total: 48277675 ns
[2026-01-26T14:53:34.247+0000][66][info ][safepoint   ] Safepoint "Cleanup", Time since last: 2408545996726 ns, Reaching safepoint: 86615 ns, Cleanup: 19603 ns, At safepoint: 14702 ns, Total: 120920 ns
[2026-01-26T15:04:00.186+0000][66][info ][safepoint   ] Safepoint "Cleanup", Time since last: 626035194344 ns, Reaching safepoint: 5601 ns, Cleanup: 13902 ns, At safepoint: 1901 ns, Total: 21404 ns
[2026-01-26T15:04:01.418+0000][66][info ][safepoint   ] Safepoint "Cleanup", Time since last: 1232073519 ns, Reaching safepoint: 18303 ns, Cleanup: 16002 ns, At safepoint: 24704 ns, Total: 59009 ns
[2026-01-26T15:04:02.735+0000][66][info ][safepoint   ] Safepoint "Cleanup", Time since last: 1316336760 ns, Reaching safepoint: 6001 ns, Cleanup: 17303 ns, At safepoint: 2300 ns, Total: 25604 ns
[2026-01-26T15:04:03.769+0000][66][info ][safepoint   ] Safepoint "Cleanup", Time since last: 1037688165 ns, Reaching safepoint: 5801 ns, Cleanup: 6901 ns, At safepoint: 1900 ns, Total: 14602 ns
[2026-01-26T15:04:04.954+0000][66][info ][safepoint   ] Safepoint "Cleanup", Time since last: 1184702545 ns, Reaching safepoint: 14902 ns, Cleanup: 7201 ns, At safepoint: 2100 ns, Total: 24203 ns
[2026-01-26T15:04:06.826+0000][66][info ][safepoint   ] Safepoint "Cleanup", Time since last: 1872338850 ns, Reaching safepoint: 17703 ns, Cleanup: 20203 ns, At safepoint: 2500 ns, Total: 40406 ns
[2026-01-26T15:04:08.758+0000][66][info ][safepoint   ] Safepoint "Cleanup", Time since last: 1931531537 ns, Reaching safepoint: 24604 ns, Cleanup: 90614 ns, At safepoint: 7801 ns, Total: 123019 ns
[2026-01-26T15:04:10.537+0000][66][info ][safepoint   ] Safepoint "Cleanup", Time since last: 1779218277 ns, Reaching safepoint: 34505 ns, Cleanup: 33705 ns, At safepoint: 7501 ns, Total: 75711 ns
[2026-01-26T15:09:01.587+0000][66][info ][safepoint   ] Safepoint "Cleanup", Time since last: 291092027406 ns, Reaching safepoint: 20803 ns, Cleanup: 11301 ns, At safepoint: 30105 ns, Total: 62209 ns
[2026-01-26T15:09:09.464+0000][66][info ][safepoint   ] Safepoint "Cleanup", Time since last: 7882324630 ns, Reaching safepoint: 132308 ns, Cleanup: 7800 ns, At safepoint: 25702 ns, Total: 165810 ns
[2026-01-26T15:09:14.682+0000][66][info ][safepoint   ] Safepoint "Cleanup", Time since last: 5218154906 ns, Reaching safepoint: 8601 ns, Cleanup: 8401 ns, At safepoint: 3301 ns, Total: 20303 ns
[2026-01-26T16:03:58.912+0000][66][info ][safepoint   ] Safepoint "Cleanup", Time since last: 3284738174718 ns, Reaching safepoint: 96611 ns, Cleanup: 7301 ns, At safepoint: 24203 ns, Total: 128115 ns
[2026-01-26T16:04:00.119+0000][66][info ][safepoint   ] Safepoint "Cleanup", Time since last: 1206808125 ns, Reaching safepoint: 18902 ns, Cleanup: 15302 ns, At safepoint: 2800 ns, Total: 37004 ns
[2026-01-26T16:09:04.188+0000][66][info ][safepoint   ] Safepoint "Cleanup", Time since last: 304114480521 ns, Reaching safepoint: 6300 ns, Cleanup: 6401 ns, At safepoint: 17802 ns, Total: 30503 ns
[2026-01-26T16:44:23.829+0000][66][info ][safepoint   ] Safepoint "Cleanup", Time since last: 2119924062046 ns, Reaching safepoint: 36404 ns, Cleanup: 57506 ns, At safepoint: 67408 ns, Total: 161318 ns
[2026-01-26T17:03:58.400+0000][66][info ][safepoint   ] Safepoint "Cleanup", Time since last: 1174712196471 ns, Reaching safepoint: 8601 ns, Cleanup: 13802 ns, At safepoint: 18502 ns, Total: 40905 ns
[2026-01-26T17:03:59.404+0000][66][info ][safepoint   ] Safepoint "Cleanup", Time since last: 1003656767 ns, Reaching safepoint: 7801 ns, Cleanup: 15302 ns, At safepoint: 21102 ns, Total: 44205 ns
[2026-01-26T17:04:00.931+0000][66][info ][safepoint   ] Safepoint "Cleanup", Time since last: 1527405414 ns, Reaching safepoint: 5901 ns, Cleanup: 34604 ns, At safepoint: 19002 ns, Total: 59507 ns
[2026-01-26T17:04:03.652+0000][66][info ][safepoint   ] Safepoint "Cleanup", Time since last: 2720351716 ns, Reaching safepoint: 25002 ns, Cleanup: 6901 ns, At safepoint: 9301 ns, Total: 41204 ns
[2026-01-26T17:04:05.619+0000][66][info ][safepoint   ] Safepoint "Cleanup", Time since last: 1973222166 ns, Reaching safepoint: 20901 ns, Cleanup: 14401 ns, At safepoint: 3400 ns, Total: 38702 ns
[2026-01-26T17:04:07.620+0000][66][info ][safepoint   ] Safepoint "Cleanup", Time since last: 2000709425 ns, Reaching safepoint: 17402 ns, Cleanup: 23901 ns, At safepoint: 3100 ns, Total: 44403 ns
[2026-01-26T17:04:08.621+0000][66][info ][safepoint   ] Safepoint "Cleanup", Time since last: 1000409117 ns, Reaching safepoint: 15701 ns, Cleanup: 16301 ns, At safepoint: 2300 ns, Total: 34302 ns
[2026-01-26T17:04:09.611+0000][66][info ][gc,start    ] GC(556) Pause Young (Mixed) (G1 Evacuation Pause)
[2026-01-26T17:04:09.612+0000][66][info ][gc,task     ] GC(556) Using 6 workers of 6 for evacuation
[2026-01-26T17:04:09.613+0000][66][debug][gc,age      ] GC(556) Desired survivor size 41943040 bytes, new threshold 15 (max threshold 15)
[2026-01-26T17:04:09.680+0000][66][info ][gc,phases   ] GC(556)   Pre Evacuate Collection Set: 0.6ms
[2026-01-26T17:04:09.681+0000][66][info ][gc,phases   ] GC(556)   Merge Heap Roots: 0.3ms
[2026-01-26T17:04:09.681+0000][66][info ][gc,phases   ] GC(556)   Evacuate Collection Set: 63.3ms
[2026-01-26T17:04:09.681+0000][66][info ][gc,phases   ] GC(556)   Post Evacuate Collection Set: 2.8ms
[2026-01-26T17:04:09.681+0000][66][info ][gc,phases   ] GC(556)   Other: 0.9ms
[2026-01-26T17:04:09.682+0000][66][trace][gc,age      ] GC(556) Age table with threshold 15 (max threshold 15)
[2026-01-26T17:04:09.682+0000][66][trace][gc,age      ] GC(556) - age   1:   12952384 bytes,   12952384 total
[2026-01-26T17:04:09.682+0000][66][trace][gc,age      ] GC(556) - age   2:     792808 bytes,   13745192 total
[2026-01-26T17:04:09.682+0000][66][trace][gc,age      ] GC(556) - age   3:     395848 bytes,   14141040 total
[2026-01-26T17:04:09.682+0000][66][trace][gc,age      ] GC(556) - age   4:       2808 bytes,   14143848 total
[2026-01-26T17:04:09.683+0000][66][trace][gc,age      ] GC(556) - age   5:       7320 bytes,   14151168 total
[2026-01-26T17:04:09.683+0000][66][trace][gc,age      ] GC(556) - age   6:      34208 bytes,   14185376 total
[2026-01-26T17:04:09.683+0000][66][info ][gc,heap     ] GC(556) Eden regions: 152->0(149)
[2026-01-26T17:04:09.683+0000][66][info ][gc,heap     ] GC(556) Survivor regions: 1->4(20)
[2026-01-26T17:04:09.683+0000][66][info ][gc,heap     ] GC(556) Old regions: 49->35
[2026-01-26T17:04:09.683+0000][66][info ][gc,heap     ] GC(556) Humongous regions: 0->0
[2026-01-26T17:04:09.684+0000][66][info ][gc,metaspace] GC(556) Metaspace: 135533K(138432K)->135533K(138432K) NonClass: 117729K(119040K)->117729K(119040K) Class: 17804K(19392K)->17804K(19392K)
[2026-01-26T17:04:09.684+0000][66][info ][gc          ] GC(556) Pause Young (Mixed) (G1 Evacuation Pause) 807M->153M(1024M) 72.540ms
[2026-01-26T17:04:09.684+0000][66][info ][gc,cpu      ] GC(556) User=0.22s Sys=0.01s Real=0.07s
[2026-01-26T17:04:09.684+0000][66][info ][safepoint   ] Safepoint "G1CollectForAllocation", Time since last: 990283320 ns, Reaching safepoint: 202814 ns, Cleanup: 4400 ns, At safepoint: 73107729 ns, Total: 73314943 ns
[2026-01-26T17:04:11.278+0000][66][info ][safepoint   ] Safepoint "Cleanup", Time since last: 1593241396 ns, Reaching safepoint: 193713 ns, Cleanup: 27002 ns, At safepoint: 45203 ns, Total: 265918 ns
[2026-01-26T17:04:12.556+0000][66][info ][safepoint   ] Safepoint "Cleanup", Time since last: 1278125501 ns, Reaching safepoint: 18103 ns, Cleanup: 33504 ns, At safepoint: 2700 ns, Total: 54307 ns
[2026-01-26T17:04:14.556+0000][66][info ][safepoint   ] Safepoint "Cleanup", Time since last: 2000528806 ns, Reaching safepoint: 18702 ns, Cleanup: 11802 ns, At safepoint: 3300 ns, Total: 33804 ns
[2026-01-26T17:04:17.475+0000][66][info ][gc,start    ] GC(557) Pause Young (Normal) (G1 Evacuation Pause)
[2026-01-26T17:04:17.476+0000][66][info ][gc,task     ] GC(557) Using 6 workers of 6 for evacuation
[2026-01-26T17:04:17.476+0000][66][debug][gc,age      ] GC(557) Desired survivor size 41943040 bytes, new threshold 15 (max threshold 15)
[2026-01-26T17:04:17.512+0000][66][info ][gc,phases   ] GC(557)   Pre Evacuate Collection Set: 0.4ms
[2026-01-26T17:04:17.513+0000][66][info ][gc,phases   ] GC(557)   Merge Heap Roots: 0.1ms
[2026-01-26T17:04:17.513+0000][66][info ][gc,phases   ] GC(557)   Evacuate Collection Set: 34.2ms
[2026-01-26T17:04:17.513+0000][66][info ][gc,phases   ] GC(557)   Post Evacuate Collection Set: 1.1ms
[2026-01-26T17:04:17.513+0000][66][info ][gc,phases   ] GC(557)   Other: 0.7ms
[2026-01-26T17:04:17.514+0000][66][trace][gc,age      ] GC(557) Age table with threshold 15 (max threshold 15)
[2026-01-26T17:04:17.514+0000][66][trace][gc,age      ] GC(557) - age   1:   31202784 bytes,   31202784 total
[2026-01-26T17:04:17.514+0000][66][trace][gc,age      ] GC(557) - age   2:    3157096 bytes,   34359880 total
[2026-01-26T17:04:17.515+0000][66][trace][gc,age      ] GC(557) - age   3:     673664 bytes,   35033544 total
[2026-01-26T17:04:17.515+0000][66][trace][gc,age      ] GC(557) - age   4:     379632 bytes,   35413176 total
[2026-01-26T17:04:17.515+0000][66][trace][gc,age      ] GC(557) - age   5:       2808 bytes,   35415984 total
[2026-01-26T17:04:17.515+0000][66][trace][gc,age      ] GC(557) - age   6:       7320 bytes,   35423304 total
[2026-01-26T17:04:17.516+0000][66][trace][gc,age      ] GC(557) - age   7:      34208 bytes,   35457512 total
[2026-01-26T17:04:17.516+0000][66][info ][gc,heap     ] GC(557) Eden regions: 149->0(144)
[2026-01-26T17:04:17.516+0000][66][info ][gc,heap     ] GC(557) Survivor regions: 4->9(20)
[2026-01-26T17:04:17.516+0000][66][info ][gc,heap     ] GC(557) Old regions: 35->35
[2026-01-26T17:04:17.517+0000][66][info ][gc,heap     ] GC(557) Humongous regions: 0->0
[2026-01-26T17:04:17.517+0000][66][info ][gc,metaspace] GC(557) Metaspace: 135607K(138560K)->135607K(138560K) NonClass: 117803K(119168K)->117803K(119168K) Class: 17804K(19392K)->17804K(19392K)
[2026-01-26T17:04:17.517+0000][66][info ][gc          ] GC(557) Pause Young (Normal) (G1 Evacuation Pause) 749M->173M(1024M) 41.841ms
[2026-01-26T17:04:17.517+0000][66][info ][gc,cpu      ] GC(557) User=0.19s Sys=0.01s Real=0.05s
[2026-01-26T17:04:17.518+0000][66][info ][safepoint   ] Safepoint "G1CollectForAllocation", Time since last: 2918859133 ns, Reaching safepoint: 16703 ns, Cleanup: 3200 ns, At safepoint: 42447120 ns, Total: 42467023 ns
[2026-01-26T17:04:19.521+0000][66][info ][safepoint   ] Safepoint "Cleanup", Time since last: 2002871494 ns, Reaching safepoint: 19702 ns, Cleanup: 11901 ns, At safepoint: 3501 ns, Total: 35104 ns
[2026-01-26T17:04:22.327+0000][66][info ][safepoint   ] Safepoint "Cleanup", Time since last: 2805753970 ns, Reaching safepoint: 108413 ns, Cleanup: 15202 ns, At safepoint: 47406 ns, Total: 171021 ns
[2026-01-26T17:04:23.037+0000][66][info ][gc,start    ] GC(558) Pause Young (Concurrent Start) (G1 Evacuation Pause)
[2026-01-26T17:04:23.037+0000][66][info ][gc,task     ] GC(558) Using 6 workers of 6 for evacuation
[2026-01-26T17:04:23.037+0000][66][debug][gc,age      ] GC(558) Desired survivor size 41943040 bytes, new threshold 15 (max threshold 15)
[2026-01-26T17:04:23.079+0000][66][info ][gc,phases   ] GC(558)   Pre Evacuate Collection Set: 1.1ms
[2026-01-26T17:04:23.080+0000][66][info ][gc,phases   ] GC(558)   Merge Heap Roots: 0.2ms
[2026-01-26T17:04:23.080+0000][66][info ][gc,phases   ] GC(558)   Evacuate Collection Set: 39.0ms
[2026-01-26T17:04:23.081+0000][66][info ][gc,phases   ] GC(558)   Post Evacuate Collection Set: 1.2ms
[2026-01-26T17:04:23.081+0000][66][info ][gc,phases   ] GC(558)   Other: 1.1ms
[2026-01-26T17:04:23.081+0000][66][trace][gc,age      ] GC(558) Age table with threshold 15 (max threshold 15)
[2026-01-26T17:04:23.081+0000][66][trace][gc,age      ] GC(558) - age   1:   34923512 bytes,   34923512 total
[2026-01-26T17:04:23.082+0000][66][trace][gc,age      ] GC(558) - age   2:   16719496 bytes,   51643008 total
[2026-01-26T17:04:23.082+0000][66][trace][gc,age      ] GC(558) - age   3:    3153032 bytes,   54796040 total
[2026-01-26T17:04:23.082+0000][66][trace][gc,age      ] GC(558) - age   4:     673584 bytes,   55469624 total
[2026-01-26T17:04:23.083+0000][66][trace][gc,age      ] GC(558) - age   5:     379632 bytes,   55849256 total
[2026-01-26T17:04:23.083+0000][66][trace][gc,age      ] GC(558) - age   6:       2808 bytes,   55852064 total
[2026-01-26T17:04:23.083+0000][66][trace][gc,age      ] GC(558) - age   7:       7320 bytes,   55859384 total
[2026-01-26T17:04:23.083+0000][66][trace][gc,age      ] GC(558) - age   8:      34208 bytes,   55893592 total
[2026-01-26T17:04:23.084+0000][66][info ][gc,heap     ] GC(558) Eden regions: 144->0(138)
[2026-01-26T17:04:23.084+0000][66][info ][gc,heap     ] GC(558) Survivor regions: 9->15(20)
[2026-01-26T17:04:23.084+0000][66][info ][gc,heap     ] GC(558) Old regions: 35->35
[2026-01-26T17:04:23.084+0000][66][info ][gc,heap     ] GC(558) Humongous regions: 0->0
[2026-01-26T17:04:23.085+0000][66][info ][gc,metaspace] GC(558) Metaspace: 135608K(138560K)->135608K(138560K) NonClass: 117804K(119168K)->117804K(119168K) Class: 17804K(19392K)->17804K(19392K)
[2026-01-26T17:04:23.085+0000][66][info ][gc          ] GC(558) Pause Young (Concurrent Start) (G1 Evacuation Pause) 749M->196M(1024M) 48.533ms
[2026-01-26T17:04:23.085+0000][66][info ][gc,cpu      ] GC(558) User=0.22s Sys=0.00s Real=0.05s
[2026-01-26T17:04:23.086+0000][66][info ][gc          ] GC(559) Concurrent Mark Cycle
[2026-01-26T17:04:23.086+0000][66][info ][safepoint   ] Safepoint "G1CollectForAllocation", Time since last: 709925893 ns, Reaching safepoint: 18803 ns, Cleanup: 13301 ns, At safepoint: 49424764 ns, Total: 49456868 ns
[2026-01-26T17:04:23.086+0000][66][info ][gc,marking  ] GC(559) Concurrent Scan Root Regions
[2026-01-26T17:04:23.112+0000][66][info ][gc,marking  ] GC(559) Concurrent Scan Root Regions 25.887ms
[2026-01-26T17:04:23.112+0000][66][info ][gc,marking  ] GC(559) Concurrent Mark
[2026-01-26T17:04:23.113+0000][66][info ][gc,marking  ] GC(559) Concurrent Mark From Roots
[2026-01-26T17:04:23.113+0000][66][info ][gc,task     ] GC(559) Using 2 workers of 2 for marking
[2026-01-26T17:04:23.446+0000][66][info ][gc,marking  ] GC(559) Concurrent Mark From Roots 333.611ms
[2026-01-26T17:04:23.447+0000][66][info ][gc,marking  ] GC(559) Concurrent Preclean
[2026-01-26T17:04:23.448+0000][66][info ][gc,marking  ] GC(559) Concurrent Preclean 0.768ms
[2026-01-26T17:04:23.448+0000][66][info ][gc,start    ] GC(559) Pause Remark
[2026-01-26T17:04:23.526+0000][66][info ][gc          ] GC(559) Pause Remark 347M->343M(1024M) 78.268ms
[2026-01-26T17:04:23.527+0000][66][info ][gc,cpu      ] GC(559) User=0.30s Sys=0.01s Real=0.08s
[2026-01-26T17:04:23.527+0000][66][info ][safepoint   ] Safepoint "G1PauseRemark", Time since last: 362015712 ns, Reaching safepoint: 20202 ns, Cleanup: 4801 ns, At safepoint: 78891978 ns, Total: 78916981 ns
[2026-01-26T17:04:23.527+0000][66][info ][gc,marking  ] GC(559) Concurrent Mark 414.648ms
[2026-01-26T17:04:23.527+0000][66][info ][gc,marking  ] GC(559) Concurrent Rebuild Remembered Sets and Scrub Regions
[2026-01-26T17:04:23.605+0000][66][info ][gc,marking  ] GC(559) Concurrent Rebuild Remembered Sets and Scrub Regions 78.119ms
[2026-01-26T17:04:23.606+0000][66][info ][gc,start    ] GC(559) Pause Cleanup
[2026-01-26T17:04:23.607+0000][66][info ][gc          ] GC(559) Pause Cleanup 375M->375M(1024M) 0.614ms
[2026-01-26T17:04:23.607+0000][66][info ][gc,cpu      ] GC(559) User=0.01s Sys=0.00s Real=0.00s
[2026-01-26T17:04:23.607+0000][66][info ][safepoint   ] Safepoint "G1PauseCleanup", Time since last: 79099404 ns, Reaching safepoint: 20203 ns, Cleanup: 136316 ns, At safepoint: 1306461 ns, Total: 1462980 ns
[2026-01-26T17:04:23.608+0000][66][info ][gc,marking  ] GC(559) Concurrent Clear Claimed Marks
[2026-01-26T17:04:23.608+0000][66][info ][gc,marking  ] GC(559) Concurrent Clear Claimed Marks 0.533ms
[2026-01-26T17:04:23.609+0000][66][info ][gc,marking  ] GC(559) Concurrent Cleanup for Next Mark
[2026-01-26T17:04:23.654+0000][66][info ][gc,marking  ] GC(559) Concurrent Cleanup for Next Mark 45.289ms
[2026-01-26T17:04:23.654+0000][66][info ][gc          ] GC(559) Concurrent Mark Cycle 568.674ms
[2026-01-26T17:04:24.713+0000][66][info ][safepoint   ] Safepoint "Cleanup", Time since last: 1105046666 ns, Reaching safepoint: 109114 ns, Cleanup: 26203 ns, At safepoint: 53207 ns, Total: 188524 ns
[2026-01-26T17:04:26.245+0000][66][info ][gc,start    ] GC(560) Pause Young (Prepare Mixed) (G1 Evacuation Pause)
[2026-01-26T17:04:26.246+0000][66][info ][gc,task     ] GC(560) Using 6 workers of 6 for evacuation
[2026-01-26T17:04:26.246+0000][66][debug][gc,age      ] GC(560) Desired survivor size 41943040 bytes, new threshold 2 (max threshold 15)
[2026-01-26T17:04:26.262+0000][66][info ][gc,phases   ] GC(560)   Pre Evacuate Collection Set: 0.4ms
[2026-01-26T17:04:26.262+0000][66][info ][gc,phases   ] GC(560)   Merge Heap Roots: 0.1ms
[2026-01-26T17:04:26.263+0000][66][info ][gc,phases   ] GC(560)   Evacuate Collection Set: 13.8ms
[2026-01-26T17:04:26.263+0000][66][info ][gc,phases   ] GC(560)   Post Evacuate Collection Set: 1.2ms
[2026-01-26T17:04:26.264+0000][66][info ][gc,phases   ] GC(560)   Other: 0.9ms
[2026-01-26T17:04:26.264+0000][66][trace][gc,age      ] GC(560) Age table with threshold 2 (max threshold 15)
[2026-01-26T17:04:26.264+0000][66][trace][gc,age      ] GC(560) - age   1:   11170816 bytes,   11170816 total
[2026-01-26T17:04:26.265+0000][66][trace][gc,age      ] GC(560) - age   2:    7778704 bytes,   18949520 total
[2026-01-26T17:04:26.265+0000][66][info ][gc,heap     ] GC(560) Eden regions: 138->0(147)
[2026-01-26T17:04:26.265+0000][66][info ][gc,heap     ] GC(560) Survivor regions: 15->6(20)
[2026-01-26T17:04:26.266+0000][66][info ][gc,heap     ] GC(560) Old regions: 34->35
[2026-01-26T17:04:26.266+0000][66][info ][gc,heap     ] GC(560) Humongous regions: 0->0
[2026-01-26T17:04:26.266+0000][66][info ][gc,metaspace] GC(560) Metaspace: 135608K(138560K)->135608K(138560K) NonClass: 117804K(119168K)->117804K(119168K) Class: 17804K(19392K)->17804K(19392K)
[2026-01-26T17:04:26.266+0000][66][info ][gc          ] GC(560) Pause Young (Prepare Mixed) (G1 Evacuation Pause) 744M->162M(1024M) 21.360ms
[2026-01-26T17:04:26.267+0000][66][info ][gc,cpu      ] GC(560) User=0.08s Sys=0.00s Real=0.02s
[2026-01-26T17:04:26.267+0000][66][info ][safepoint   ] Safepoint "G1CollectForAllocation", Time since last: 1532248876 ns, Reaching safepoint: 19902 ns, Cleanup: 34804 ns, At safepoint: 21997299 ns, Total: 22052005 ns
[2026-01-26T17:04:28.268+0000][66][info ][safepoint   ] Safepoint "Cleanup", Time since last: 2000544626 ns, Reaching safepoint: 20003 ns, Cleanup: 11501 ns, At safepoint: 30404 ns, Total: 61908 ns
[2026-01-26T17:04:30.993+0000][66][info ][safepoint   ] Safepoint "Cleanup", Time since last: 2724985965 ns, Reaching safepoint: 113012 ns, Cleanup: 10402 ns, At safepoint: 31003 ns, Total: 154417 ns
[2026-01-26T17:04:31.631+0000][66][info ][gc,start    ] GC(561) Pause Young (Mixed) (G1 Evacuation Pause)
[2026-01-26T17:04:31.631+0000][66][info ][gc,task     ] GC(561) Using 6 workers of 6 for evacuation
[2026-01-26T17:04:31.632+0000][66][debug][gc,age      ] GC(561) Desired survivor size 41943040 bytes, new threshold 15 (max threshold 15)
[2026-01-26T17:04:31.647+0000][66][info ][gc,phases   ] GC(561)   Pre Evacuate Collection Set: 0.3ms
[2026-01-26T17:04:31.648+0000][66][info ][gc,phases   ] GC(561)   Merge Heap Roots: 0.1ms
[2026-01-26T17:04:31.648+0000][66][info ][gc,phases   ] GC(561)   Evacuate Collection Set: 13.5ms
[2026-01-26T17:04:31.648+0000][66][info ][gc,phases   ] GC(561)   Post Evacuate Collection Set: 1.1ms
[2026-01-26T17:04:31.649+0000][66][info ][gc,phases   ] GC(561)   Other: 0.7ms
[2026-01-26T17:04:31.649+0000][66][trace][gc,age      ] GC(561) Age table with threshold 15 (max threshold 15)
[2026-01-26T17:04:31.649+0000][66][trace][gc,age      ] GC(561) - age   1:   19257408 bytes,   19257408 total
[2026-01-26T17:04:31.650+0000][66][trace][gc,age      ] GC(561) - age   2:    6559960 bytes,   25817368 total
[2026-01-26T17:04:31.650+0000][66][trace][gc,age      ] GC(561) - age   3:    5871336 bytes,   31688704 total
[2026-01-26T17:04:31.651+0000][66][info ][gc,heap     ] GC(561) Eden regions: 147->0(145)
[2026-01-26T17:04:31.651+0000][66][info ][gc,heap     ] GC(561) Survivor regions: 6->8(20)
[2026-01-26T17:04:31.651+0000][66][info ][gc,heap     ] GC(561) Old regions: 35->32
[2026-01-26T17:04:31.651+0000][66][info ][gc,heap     ] GC(561) Humongous regions: 0->0
[2026-01-26T17:04:31.652+0000][66][info ][gc,metaspace] GC(561) Metaspace: 135608K(138560K)->135608K(138560K) NonClass: 117804K(119168K)->117804K(119168K) Class: 17804K(19392K)->17804K(19392K)
[2026-01-26T17:04:31.652+0000][66][info ][gc          ] GC(561) Pause Young (Mixed) (G1 Evacuation Pause) 750M->157M(1024M) 21.157ms
[2026-01-26T17:04:31.653+0000][66][info ][gc,cpu      ] GC(561) User=0.07s Sys=0.00s Real=0.02s
[2026-01-26T17:04:31.653+0000][66][info ][safepoint   ] Safepoint "G1CollectForAllocation", Time since last: 638259397 ns, Reaching safepoint: 42505 ns, Cleanup: 9901 ns, At safepoint: 21824941 ns, Total: 21877347 ns
[2026-01-26T17:04:33.154+0000][66][info ][safepoint   ] Safepoint "Cleanup", Time since last: 1501021308 ns, Reaching safepoint: 177020 ns, Cleanup: 15601 ns, At safepoint: 84310 ns, Total: 276931 ns
[2026-01-26T17:04:34.150+0000][66][info ][safepoint   ] Safepoint "Cleanup", Time since last: 1000593428 ns, Reaching safepoint: 20702 ns, Cleanup: 25203 ns, At safepoint: 29903 ns, Total: 75808 ns
[2026-01-26T17:04:35.150+0000][66][info ][safepoint   ] Safepoint "Cleanup", Time since last: 1000540323 ns, Reaching safepoint: 21002 ns, Cleanup: 19202 ns, At safepoint: 4401 ns, Total: 44605 ns
[2026-01-26T17:04:36.164+0000][66][info ][safepoint   ] Safepoint "Cleanup", Time since last: 1013667391 ns, Reaching safepoint: 116613 ns, Cleanup: 19102 ns, At safepoint: 64707 ns, Total: 200422 ns
[2026-01-26T17:04:37.179+0000][66][info ][safepoint   ] Safepoint "Cleanup", Time since last: 1014313445 ns, Reaching safepoint: 27903 ns, Cleanup: 25903 ns, At safepoint: 3600 ns, Total: 57406 ns
[2026-01-26T17:04:37.677+0000][66][info ][gc,start    ] GC(562) Pause Young (Concurrent Start) (G1 Evacuation Pause)
[2026-01-26T17:04:37.677+0000][66][info ][gc,task     ] GC(562) Using 6 workers of 6 for evacuation
[2026-01-26T17:04:37.678+0000][66][debug][gc,age      ] GC(562) Desired survivor size 41943040 bytes, new threshold 15 (max threshold 15)
[2026-01-26T17:04:37.684+0000][66][info ][gc,phases   ] GC(562)   Pre Evacuate Collection Set: 0.4ms
[2026-01-26T17:04:37.684+0000][66][info ][gc,phases   ] GC(562)   Merge Heap Roots: 0.2ms
[2026-01-26T17:04:37.685+0000][66][info ][gc,phases   ] GC(562)   Evacuate Collection Set: 3.6ms
[2026-01-26T17:04:37.685+0000][66][info ][gc,phases   ] GC(562)   Post Evacuate Collection Set: 1.3ms
[2026-01-26T17:04:37.686+0000][66][info ][gc,phases   ] GC(562)   Other: 1.0ms
[2026-01-26T17:04:37.686+0000][66][trace][gc,age      ] GC(562) Age table with threshold 15 (max threshold 15)
[2026-01-26T17:04:37.686+0000][66][trace][gc,age      ] GC(562) - age   1:    2923992 bytes,    2923992 total
[2026-01-26T17:04:37.687+0000][66][trace][gc,age      ] GC(562) - age   2:    1955272 bytes,    4879264 total
[2026-01-26T17:04:37.687+0000][66][trace][gc,age      ] GC(562) - age   3:    1112320 bytes,    5991584 total
[2026-01-26T17:04:37.688+0000][66][trace][gc,age      ] GC(562) - age   4:     197240 bytes,    6188824 total
[2026-01-26T17:04:37.688+0000][66][info ][gc,heap     ] GC(562) Eden regions: 145->0(151)
[2026-01-26T17:04:37.688+0000][66][info ][gc,heap     ] GC(562) Survivor regions: 8->2(20)
[2026-01-26T17:04:37.689+0000][66][info ][gc,heap     ] GC(562) Old regions: 32->32
[2026-01-26T17:04:37.689+0000][66][info ][gc,heap     ] GC(562) Humongous regions: 0->0
[2026-01-26T17:04:37.690+0000][66][info ][gc,metaspace] GC(562) Metaspace: 135642K(138560K)->135642K(138560K) NonClass: 117838K(119168K)->117838K(119168K) Class: 17804K(19392K)->17804K(19392K)
[2026-01-26T17:04:37.690+0000][66][info ][gc          ] GC(562) Pause Young (Concurrent Start) (G1 Evacuation Pause) 737M->133M(1024M) 13.311ms
[2026-01-26T17:04:37.690+0000][66][info ][gc          ] GC(563) Concurrent Mark Cycle
[2026-01-26T17:04:37.691+0000][66][info ][gc,marking  ] GC(563) Concurrent Scan Root Regions
[2026-01-26T17:04:37.690+0000][66][info ][gc,cpu      ] GC(562) User=0.01s Sys=0.02s Real=0.01s
[2026-01-26T17:04:37.692+0000][66][info ][safepoint   ] Safepoint "G1CollectForAllocation", Time since last: 498046539 ns, Reaching safepoint: 21502 ns, Cleanup: 4801 ns, At safepoint: 15046399 ns, Total: 15072702 ns
[2026-01-26T17:04:37.693+0000][66][info ][gc,marking  ] GC(563) Concurrent Scan Root Regions 2.344ms
[2026-01-26T17:04:37.694+0000][66][info ][gc,marking  ] GC(563) Concurrent Mark
[2026-01-26T17:04:37.694+0000][66][info ][gc,marking  ] GC(563) Concurrent Mark From Roots
[2026-01-26T17:04:37.694+0000][66][info ][gc,task     ] GC(563) Using 2 workers of 2 for marking
[2026-01-26T17:04:37.765+0000][66][info ][gc,marking  ] GC(563) Concurrent Mark From Roots 71.286ms
[2026-01-26T17:04:37.766+0000][66][info ][gc,marking  ] GC(563) Concurrent Preclean
[2026-01-26T17:04:37.766+0000][66][info ][gc,marking  ] GC(563) Concurrent Preclean 0.908ms
[2026-01-26T17:04:37.767+0000][66][info ][gc,start    ] GC(563) Pause Remark
[2026-01-26T17:04:38.185+0000][66][info ][gc,mmu      ] GC(563) MMU target violated: 201.0ms (200.0ms/201.0ms)
[2026-01-26T17:04:38.185+0000][66][info ][gc          ] GC(563) Pause Remark 157M->157M(1024M) 418.432ms
[2026-01-26T17:04:38.186+0000][66][info ][gc,cpu      ] GC(563) User=1.46s Sys=0.08s Real=0.42s
[2026-01-26T17:04:38.187+0000][66][info ][safepoint   ] Safepoint "G1PauseRemark", Time since last: 75222994 ns, Reaching safepoint: 22203 ns, Cleanup: 4500 ns, At safepoint: 420414173 ns, Total: 420440876 ns
[2026-01-26T17:04:38.190+0000][66][info ][gc,marking  ] GC(563) Concurrent Mark 496.641ms
[2026-01-26T17:04:38.191+0000][66][info ][gc,marking  ] GC(563) Concurrent Rebuild Remembered Sets and Scrub Regions
[2026-01-26T17:04:38.296+0000][66][info ][gc,marking  ] GC(563) Concurrent Rebuild Remembered Sets and Scrub Regions 104.979ms
[2026-01-26T17:04:38.296+0000][66][info ][gc,start    ] GC(563) Pause Cleanup
[2026-01-26T17:04:38.297+0000][66][info ][gc          ] GC(563) Pause Cleanup 179M->179M(1024M) 0.598ms
[2026-01-26T17:04:38.297+0000][66][info ][gc,cpu      ] GC(563) User=0.00s Sys=0.00s Real=0.00s
[2026-01-26T17:04:38.298+0000][66][info ][safepoint   ] Safepoint "G1PauseCleanup", Time since last: 108561058 ns, Reaching safepoint: 317636 ns, Cleanup: 51606 ns, At safepoint: 1351353 ns, Total: 1720595 ns
[2026-01-26T17:04:38.298+0000][66][info ][gc,marking  ] GC(563) Concurrent Clear Claimed Marks
[2026-01-26T17:04:38.299+0000][66][info ][gc,marking  ] GC(563) Concurrent Clear Claimed Marks 0.545ms
[2026-01-26T17:04:38.299+0000][66][info ][gc,marking  ] GC(563) Concurrent Cleanup for Next Mark
[2026-01-26T17:04:38.301+0000][66][info ][gc,marking  ] GC(563) Concurrent Cleanup for Next Mark 1.537ms
[2026-01-26T17:04:38.301+0000][66][info ][gc          ] GC(563) Concurrent Mark Cycle 610.470ms
[2026-01-26T17:04:39.298+0000][66][info ][safepoint   ] Safepoint "Cleanup", Time since last: 1000524177 ns, Reaching safepoint: 123214 ns, Cleanup: 10902 ns, At safepoint: 33603 ns, Total: 167719 ns
[2026-01-26T17:04:40.172+0000][66][info ][gc,start    ] GC(564) Pause Young (Prepare Mixed) (G1 Evacuation Pause)
[2026-01-26T17:04:40.172+0000][66][info ][gc,task     ] GC(564) Using 6 workers of 6 for evacuation
[2026-01-26T17:04:40.173+0000][66][debug][gc,age      ] GC(564) Desired survivor size 41943040 bytes, new threshold 15 (max threshold 15)
[2026-01-26T17:04:40.178+0000][66][info ][gc,phases   ] GC(564)   Pre Evacuate Collection Set: 0.4ms
[2026-01-26T17:04:40.178+0000][66][info ][gc,phases   ] GC(564)   Merge Heap Roots: 0.2ms
[2026-01-26T17:04:40.179+0000][66][info ][gc,phases   ] GC(564)   Evacuate Collection Set: 3.0ms
[2026-01-26T17:04:40.179+0000][66][info ][gc,phases   ] GC(564)   Post Evacuate Collection Set: 1.2ms
[2026-01-26T17:04:40.179+0000][66][info ][gc,phases   ] GC(564)   Other: 0.8ms
[2026-01-26T17:04:40.180+0000][66][trace][gc,age      ] GC(564) Age table with threshold 15 (max threshold 15)
[2026-01-26T17:04:40.180+0000][66][trace][gc,age      ] GC(564) - age   1:     673072 bytes,     673072 total
[2026-01-26T17:04:40.180+0000][66][trace][gc,age      ] GC(564) - age   2:    2496176 bytes,    3169248 total
[2026-01-26T17:04:40.180+0000][66][trace][gc,age      ] GC(564) - age   3:    1954768 bytes,    5124016 total
[2026-01-26T17:04:40.181+0000][66][trace][gc,age      ] GC(564) - age   4:    1111056 bytes,    6235072 total
[2026-01-26T17:04:40.181+0000][66][trace][gc,age      ] GC(564) - age   5:     181768 bytes,    6416840 total
[2026-01-26T17:04:40.181+0000][66][info ][gc,heap     ] GC(564) Eden regions: 151->0(151)
[2026-01-26T17:04:40.181+0000][66][info ][gc,heap     ] GC(564) Survivor regions: 2->2(20)
[2026-01-26T17:04:40.182+0000][66][info ][gc,heap     ] GC(564) Old regions: 32->32
[2026-01-26T17:04:40.182+0000][66][info ][gc,heap     ] GC(564) Humongous regions: 0->0
[2026-01-26T17:04:40.182+0000][66][info ][gc,metaspace] GC(564) Metaspace: 135582K(138560K)->135582K(138560K) NonClass: 117795K(119168K)->117795K(119168K) Class: 17787K(19392K)->17787K(19392K)
[2026-01-26T17:04:40.183+0000][66][info ][gc          ] GC(564) Pause Young (Prepare Mixed) (G1 Evacuation Pause) 737M->132M(1024M) 10.517ms
[2026-01-26T17:04:40.183+0000][66][info ][gc,cpu      ] GC(564) User=0.02s Sys=0.00s Real=0.00s
[2026-01-26T17:04:40.183+0000][66][info ][safepoint   ] Safepoint "G1CollectForAllocation", Time since last: 873646051 ns, Reaching safepoint: 18602 ns, Cleanup: 3901 ns, At safepoint: 11164961 ns, Total: 11187464 ns
[2026-01-26T17:04:41.874+0000][66][info ][safepoint   ] Safepoint "Cleanup", Time since last: 1690459684 ns, Reaching safepoint: 127314 ns, Cleanup: 42205 ns, At safepoint: 36604 ns, Total: 206123 ns
[2026-01-26T17:04:42.875+0000][66][info ][safepoint   ] Safepoint "Cleanup", Time since last: 1000611288 ns, Reaching safepoint: 128414 ns, Cleanup: 23303 ns, At safepoint: 33604 ns, Total: 185321 ns
[2026-01-26T17:04:45.611+0000][66][info ][safepoint   ] Safepoint "Cleanup", Time since last: 2736359052 ns, Reaching safepoint: 18202 ns, Cleanup: 16702 ns, At safepoint: 9301 ns, Total: 44205 ns
[2026-01-26T17:04:46.651+0000][66][info ][safepoint   ] Safepoint "Cleanup", Time since last: 1039986097 ns, Reaching safepoint: 21502 ns, Cleanup: 11402 ns, At safepoint: 3100 ns, Total: 36004 ns
[2026-01-26T17:09:36.041+0000][66][info ][safepoint   ] Safepoint "Cleanup", Time since last: 289437200327 ns, Reaching safepoint: 18702 ns, Cleanup: 10901 ns, At safepoint: 3100 ns, Total: 32703 ns
[2026-01-26T17:09:38.896+0000][66][info ][safepoint   ] Safepoint "Cleanup", Time since last: 2854446800 ns, Reaching safepoint: 7101 ns, Cleanup: 8401 ns, At safepoint: 1900 ns, Total: 17402 ns
[2026-01-26T17:09:40.302+0000][66][info ][safepoint   ] Safepoint "Cleanup", Time since last: 1406822379 ns, Reaching safepoint: 39904 ns, Cleanup: 32503 ns, At safepoint: 10401 ns, Total: 82808 ns
[2026-01-26T17:53:23.484+0000][66][info ][safepoint   ] Safepoint "Cleanup", Time since last: 2623549139829 ns, Reaching safepoint: 17903 ns, Cleanup: 9501 ns, At safepoint: 26003 ns, Total: 53407 ns
[2026-01-26T17:58:22.507+0000][66][info ][safepoint   ] Safepoint "Cleanup", Time since last: 299069686445 ns, Reaching safepoint: 106513 ns, Cleanup: 24203 ns, At safepoint: 10002 ns, Total: 140718 ns
[2026-01-26T18:03:58.319+0000][66][info ][safepoint   ] Safepoint "Cleanup", Time since last: 335858816238 ns, Reaching safepoint: 93311 ns, Cleanup: 9402 ns, At safepoint: 35104 ns, Total: 137817 ns
[2026-01-26T18:03:59.552+0000][66][info ][safepoint   ] Safepoint "Cleanup", Time since last: 1233428799 ns, Reaching safepoint: 24304 ns, Cleanup: 17502 ns, At safepoint: 4800 ns, Total: 46606 ns
[2026-01-26T18:08:22.712+0000][66][info ][safepoint   ] Safepoint "Cleanup", Time since last: 263201732050 ns, Reaching safepoint: 16903 ns, Cleanup: 9302 ns, At safepoint: 24105 ns, Total: 50310 ns
[2026-01-26T18:27:04.991+0000][66][info ][safepoint   ] Safepoint "Cleanup", Time since last: 1122459230801 ns, Reaching safepoint: 53007 ns, Cleanup: 10001 ns, At safepoint: 5301 ns, Total: 68309 ns
[2026-01-26T18:59:45.117+0000][66][info ][safepoint   ] Safepoint "Cleanup", Time since last: 1960409530910 ns, Reaching safepoint: 31604 ns, Cleanup: 19303 ns, At safepoint: 61107 ns, Total: 112014 ns
[2026-01-26T19:03:57.147+0000][66][info ][safepoint   ] Safepoint "Cleanup", Time since last: 252064005318 ns, Reaching safepoint: 17703 ns, Cleanup: 11701 ns, At safepoint: 2800 ns, Total: 32204 ns
[2026-01-26T19:03:58.396+0000][66][info ][safepoint   ] Safepoint "Cleanup", Time since last: 1248964286 ns, Reaching safepoint: 5700 ns, Cleanup: 30204 ns, At safepoint: 17402 ns, Total: 53306 ns
[2026-01-26T19:03:59.624+0000][66][info ][safepoint   ] Safepoint "Cleanup", Time since last: 1227226416 ns, Reaching safepoint: 20202 ns, Cleanup: 12202 ns, At safepoint: 2500 ns, Total: 34904 ns
[2026-01-26T19:04:01.069+0000][66][info ][safepoint   ] Safepoint "Cleanup", Time since last: 1445492721 ns, Reaching safepoint: 17902 ns, Cleanup: 15902 ns, At safepoint: 2601 ns, Total: 36405 ns
[2026-01-26T19:04:03.596+0000][66][info ][safepoint   ] Safepoint "Cleanup", Time since last: 2526695575 ns, Reaching safepoint: 17202 ns, Cleanup: 17502 ns, At safepoint: 2501 ns, Total: 37205 ns
[2026-01-26T19:04:05.211+0000][66][info ][safepoint   ] Safepoint "Cleanup", Time since last: 1617325954 ns, Reaching safepoint: 41805 ns, Cleanup: 28004 ns, At safepoint: 4200 ns, Total: 74009 ns
[2026-01-26T19:04:06.659+0000][66][info ][safepoint   ] Safepoint "Cleanup", Time since last: 1448712510 ns, Reaching safepoint: 17902 ns, Cleanup: 14402 ns, At safepoint: 2900 ns, Total: 35204 ns
[2026-01-26T19:08:22.435+0000][66][info ][safepoint   ] Safepoint "Cleanup", Time since last: 255802635248 ns, Reaching safepoint: 23802 ns, Cleanup: 13701 ns, At safepoint: 4301 ns, Total: 41804 ns
[2026-01-26T19:09:08.658+0000][66][info ][safepoint   ] Safepoint "Cleanup", Time since last: 46231818204 ns, Reaching safepoint: 6900 ns, Cleanup: 6600 ns, At safepoint: 1700 ns, Total: 15200 ns
[2026-01-26T19:09:22.662+0000][66][info ][safepoint   ] Safepoint "Cleanup", Time since last: 14003910799 ns, Reaching safepoint: 37906 ns, Cleanup: 61009 ns, At safepoint: 74911 ns, Total: 173826 ns
[2026-01-26T19:13:22.664+0000][66][info ][safepoint   ] Safepoint "Cleanup", Time since last: 240028104006 ns, Reaching safepoint: 23602 ns, Cleanup: 10801 ns, At safepoint: 3001 ns, Total: 37404 ns
[2026-01-26T19:18:22.695+0000][66][info ][safepoint   ] Safepoint "Cleanup", Time since last: 300066249468 ns, Reaching safepoint: 19902 ns, Cleanup: 12102 ns, At safepoint: 30303 ns, Total: 62307 ns
[2026-01-26T20:03:57.050+0000][66][info ][gc,start    ] GC(565) Pause Young (Mixed) (G1 Evacuation Pause)
[2026-01-26T20:03:57.050+0000][66][info ][gc,task     ] GC(565) Using 6 workers of 6 for evacuation
[2026-01-26T20:03:57.050+0000][66][debug][gc,age      ] GC(565) Desired survivor size 41943040 bytes, new threshold 15 (max threshold 15)
[2026-01-26T20:03:57.067+0000][66][info ][gc,phases   ] GC(565)   Pre Evacuate Collection Set: 0.4ms
[2026-01-26T20:03:57.068+0000][66][info ][gc,phases   ] GC(565)   Merge Heap Roots: 0.4ms
[2026-01-26T20:03:57.068+0000][66][info ][gc,phases   ] GC(565)   Evacuate Collection Set: 13.9ms
[2026-01-26T20:03:57.068+0000][66][info ][gc,phases   ] GC(565)   Post Evacuate Collection Set: 2.2ms
[2026-01-26T20:03:57.068+0000][66][info ][gc,phases   ] GC(565)   Other: 0.6ms
[2026-01-26T20:03:57.069+0000][66][trace][gc,age      ] GC(565) Age table with threshold 15 (max threshold 15)
[2026-01-26T20:03:57.069+0000][66][trace][gc,age      ] GC(565) - age   1:    1399944 bytes,    1399944 total
[2026-01-26T20:03:57.069+0000][66][trace][gc,age      ] GC(565) - age   2:      16616 bytes,    1416560 total
[2026-01-26T20:03:57.069+0000][66][trace][gc,age      ] GC(565) - age   3:     159016 bytes,    1575576 total
[2026-01-26T20:03:57.069+0000][66][trace][gc,age      ] GC(565) - age   4:     141456 bytes,    1717032 total
[2026-01-26T20:03:57.070+0000][66][trace][gc,age      ] GC(565) - age   5:       9984 bytes,    1727016 total
[2026-01-26T20:03:57.070+0000][66][trace][gc,age      ] GC(565) - age   6:      20544 bytes,    1747560 total
[2026-01-26T20:03:57.070+0000][66][info ][gc,heap     ] GC(565) Eden regions: 151->0(152)
[2026-01-26T20:03:57.070+0000][66][info ][gc,heap     ] GC(565) Survivor regions: 2->1(20)
[2026-01-26T20:03:57.070+0000][66][info ][gc,heap     ] GC(565) Old regions: 32->30
[2026-01-26T20:03:57.070+0000][66][info ][gc,heap     ] GC(565) Humongous regions: 0->0
[2026-01-26T20:03:57.070+0000][66][info ][gc,metaspace] GC(565) Metaspace: 135711K(138624K)->135711K(138624K) NonClass: 117922K(119232K)->117922K(119232K) Class: 17788K(19392K)->17788K(19392K)
[2026-01-26T20:03:57.070+0000][66][info ][gc          ] GC(565) Pause Young (Mixed) (G1 Evacuation Pause) 736M->120M(1024M) 20.833ms
[2026-01-26T20:03:57.070+0000][66][info ][gc,cpu      ] GC(565) User=0.07s Sys=0.00s Real=0.02s
[2026-01-26T20:03:57.071+0000][66][info ][safepoint   ] Safepoint "G1CollectForAllocation", Time since last: 2734725911349 ns, Reaching safepoint: 13402 ns, Cleanup: 3500 ns, At safepoint: 21191751 ns, Total: 21208653 ns
[2026-01-26T20:18:29.381+0000][66][info ][safepoint   ] Safepoint "Cleanup", Time since last: 872431901127 ns, Reaching safepoint: 40005 ns, Cleanup: 25903 ns, At safepoint: 79111 ns, Total: 145019 ns
[2026-01-26T20:28:29.450+0000][66][info ][safepoint   ] Safepoint "Cleanup", Time since last: 600134545728 ns, Reaching safepoint: 52305 ns, Cleanup: 9801 ns, At safepoint: 3301 ns, Total: 65407 ns
[2026-01-26T20:38:28.515+0000][66][info ][safepoint   ] Safepoint "Cleanup", Time since last: 599137718137 ns, Reaching safepoint: 16601 ns, Cleanup: 9001 ns, At safepoint: 28403 ns, Total: 54005 ns
[2026-01-26T21:03:56.366+0000][66][info ][safepoint   ] Safepoint "Cleanup", Time since last: 1528084466845 ns, Reaching safepoint: 7101 ns, Cleanup: 12902 ns, At safepoint: 2100 ns, Total: 22103 ns
[2026-01-26T21:03:58.583+0000][66][info ][safepoint   ] Safepoint "Cleanup", Time since last: 2217081777 ns, Reaching safepoint: 17202 ns, Cleanup: 12602 ns, At safepoint: 3000 ns, Total: 32804 ns
[2026-01-26T21:09:03.042+0000][66][info ][safepoint   ] Safepoint "Cleanup", Time since last: 304495567254 ns, Reaching safepoint: 88110 ns, Cleanup: 6100 ns, At safepoint: 29704 ns, Total: 123914 ns
[2026-01-26T21:09:04.415+0000][66][info ][safepoint   ] Safepoint "Cleanup", Time since last: 1373347572 ns, Reaching safepoint: 32603 ns, Cleanup: 18303 ns, At safepoint: 7400 ns, Total: 58306 ns
[2026-01-26T21:40:04.236+0000][66][info ][safepoint   ] Safepoint "Cleanup", Time since last: 1860079671845 ns, Reaching safepoint: 39703 ns, Cleanup: 23302 ns, At safepoint: 78607 ns, Total: 141612 ns
[2026-01-26T21:57:34.347+0000][66][info ][safepoint   ] Safepoint "Cleanup", Time since last: 1050239282514 ns, Reaching safepoint: 43804 ns, Cleanup: 9901 ns, At safepoint: 5000 ns, Total: 58705 ns
[2026-01-26T22:53:21.013+0000][66][info ][safepoint   ] Safepoint "Cleanup", Time since last: 3347112833283 ns, Reaching safepoint: 22202 ns, Cleanup: 10601 ns, At safepoint: 29502 ns, Total: 62305 ns
[2026-01-26T23:03:57.621+0000][66][info ][safepoint   ] Safepoint "Cleanup", Time since last: 636674409785 ns, Reaching safepoint: 42704 ns, Cleanup: 34403 ns, At safepoint: 9301 ns, Total: 86408 ns
[2026-01-27T00:03:56.420+0000][66][info ][safepoint   ] Safepoint "Cleanup", Time since last: 3599326594401 ns, Reaching safepoint: 20402 ns, Cleanup: 17802 ns, At safepoint: 2500 ns, Total: 40704 ns
[2026-01-27T00:08:57.216+0000][66][info ][safepoint   ] Safepoint "Cleanup", Time since last: 300824704554 ns, Reaching safepoint: 7801 ns, Cleanup: 8701 ns, At safepoint: 25602 ns, Total: 42104 ns
[2026-01-27T00:09:04.219+0000][66][info ][safepoint   ] Safepoint "Cleanup", Time since last: 7002692560 ns, Reaching safepoint: 18601 ns, Cleanup: 9801 ns, At safepoint: 3400 ns, Total: 31802 ns
[2026-01-27T00:16:51.180+0000][66][info ][gc,start    ] GC(566) Pause Young (Concurrent Start) (G1 Evacuation Pause)
[2026-01-27T00:16:51.181+0000][66][info ][gc,task     ] GC(566) Using 6 workers of 6 for evacuation
[2026-01-27T00:16:51.182+0000][66][debug][gc,age      ] GC(566) Desired survivor size 41943040 bytes, new threshold 15 (max threshold 15)
[2026-01-27T00:16:51.195+0000][66][info ][gc,phases   ] GC(566)   Pre Evacuate Collection Set: 2.9ms
[2026-01-27T00:16:51.195+0000][66][info ][gc,phases   ] GC(566)   Merge Heap Roots: 0.5ms
[2026-01-27T00:16:51.195+0000][66][info ][gc,phases   ] GC(566)   Evacuate Collection Set: 5.1ms
[2026-01-27T00:16:51.196+0000][66][info ][gc,phases   ] GC(566)   Post Evacuate Collection Set: 2.6ms
[2026-01-27T00:16:51.196+0000][66][info ][gc,phases   ] GC(566)   Other: 2.4ms
[2026-01-27T00:16:51.196+0000][66][trace][gc,age      ] GC(566) Age table with threshold 15 (max threshold 15)
[2026-01-27T00:16:51.196+0000][66][trace][gc,age      ] GC(566) - age   1:     130312 bytes,     130312 total
[2026-01-27T00:16:51.197+0000][66][trace][gc,age      ] GC(566) - age   2:    1116136 bytes,    1246448 total
[2026-01-27T00:16:51.197+0000][66][trace][gc,age      ] GC(566) - age   3:      16616 bytes,    1263064 total
[2026-01-27T00:16:51.198+0000][66][trace][gc,age      ] GC(566) - age   4:      60048 bytes,    1323112 total
[2026-01-27T00:16:51.198+0000][66][trace][gc,age      ] GC(566) - age   5:     141392 bytes,    1464504 total
[2026-01-27T00:16:51.198+0000][66][trace][gc,age      ] GC(566) - age   6:       9984 bytes,    1474488 total
[2026-01-27T00:16:51.198+0000][66][trace][gc,age      ] GC(566) - age   7:      20544 bytes,    1495032 total
[2026-01-27T00:16:51.199+0000][66][info ][gc,heap     ] GC(566) Eden regions: 152->0(152)
[2026-01-27T00:16:51.199+0000][66][info ][gc,heap     ] GC(566) Survivor regions: 1->1(20)
[2026-01-27T00:16:51.199+0000][66][info ][gc,heap     ] GC(566) Old regions: 30->30
[2026-01-27T00:16:51.200+0000][66][info ][gc,heap     ] GC(566) Humongous regions: 0->0
[2026-01-27T00:16:51.200+0000][66][info ][gc,metaspace] GC(566) Metaspace: 135734K(138688K)->135734K(138688K) NonClass: 117945K(119296K)->117945K(119296K) Class: 17788K(19392K)->17788K(19392K)
[2026-01-27T00:16:51.200+0000][66][info ][gc          ] GC(566) Pause Young (Concurrent Start) (G1 Evacuation Pause) 728M->119M(1024M) 19.640ms
[2026-01-27T00:16:51.200+0000][66][info ][gc,cpu      ] GC(566) User=0.02s Sys=0.00s Real=0.02s
[2026-01-27T00:16:51.201+0000][66][info ][safepoint   ] Safepoint "G1CollectForAllocation", Time since last: 467017041899 ns, Reaching safepoint: 37105 ns, Cleanup: 8501 ns, At safepoint: 20193170 ns, Total: 20238776 ns
[2026-01-27T00:16:51.200+0000][66][info ][gc          ] GC(567) Concurrent Mark Cycle
[2026-01-27T00:16:51.201+0000][66][info ][gc,marking  ] GC(567) Concurrent Scan Root Regions
[2026-01-27T00:16:51.209+0000][66][info ][gc,marking  ] GC(567) Concurrent Scan Root Regions 8.064ms
[2026-01-27T00:16:51.209+0000][66][info ][gc,marking  ] GC(567) Concurrent Mark
[2026-01-27T00:16:51.210+0000][66][info ][gc,marking  ] GC(567) Concurrent Mark From Roots
[2026-01-27T00:16:51.210+0000][66][info ][gc,task     ] GC(567) Using 2 workers of 2 for marking
[2026-01-27T00:16:51.285+0000][66][info ][gc,marking  ] GC(567) Concurrent Mark From Roots 74.970ms
[2026-01-27T00:16:51.285+0000][66][info ][gc,marking  ] GC(567) Concurrent Preclean
[2026-01-27T00:16:51.286+0000][66][info ][gc,marking  ] GC(567) Concurrent Preclean 0.529ms
[2026-01-27T00:16:51.286+0000][66][info ][gc,start    ] GC(567) Pause Remark
[2026-01-27T00:16:51.297+0000][66][info ][gc          ] GC(567) Pause Remark 119M->119M(1024M) 10.814ms
[2026-01-27T00:16:51.297+0000][66][info ][gc,cpu      ] GC(567) User=0.04s Sys=0.00s Real=0.01s
[2026-01-27T00:16:51.297+0000][66][info ][safepoint   ] Safepoint "G1PauseRemark", Time since last: 85414772 ns, Reaching safepoint: 25103 ns, Cleanup: 4700 ns, At safepoint: 11335143 ns, Total: 11364946 ns
[2026-01-27T00:16:51.298+0000][66][info ][gc,marking  ] GC(567) Concurrent Mark 88.111ms
[2026-01-27T00:16:51.298+0000][66][info ][gc,marking  ] GC(567) Concurrent Rebuild Remembered Sets and Scrub Regions
[2026-01-27T00:16:51.328+0000][66][info ][gc,marking  ] GC(567) Concurrent Rebuild Remembered Sets and Scrub Regions 30.277ms
[2026-01-27T00:16:51.328+0000][66][info ][gc,start    ] GC(567) Pause Cleanup
[2026-01-27T00:16:51.329+0000][66][info ][gc          ] GC(567) Pause Cleanup 119M->119M(1024M) 0.459ms
[2026-01-27T00:16:51.329+0000][66][info ][gc,cpu      ] GC(567) User=0.00s Sys=0.00s Real=0.01s
[2026-01-27T00:16:51.329+0000][66][info ][safepoint   ] Safepoint "G1PauseCleanup", Time since last: 30967242 ns, Reaching safepoint: 14101 ns, Cleanup: 4301 ns, At safepoint: 996327 ns, Total: 1014729 ns
[2026-01-27T00:16:51.330+0000][66][info ][gc,marking  ] GC(567) Concurrent Clear Claimed Marks
[2026-01-27T00:16:51.330+0000][66][info ][gc,marking  ] GC(567) Concurrent Clear Claimed Marks 0.336ms
[2026-01-27T00:16:51.330+0000][66][info ][gc,marking  ] GC(567) Concurrent Cleanup for Next Mark
[2026-01-27T00:16:51.355+0000][66][info ][gc,marking  ] GC(567) Concurrent Cleanup for Next Mark 25.341ms
[2026-01-27T00:16:51.356+0000][66][info ][gc          ] GC(567) Concurrent Mark Cycle 155.311ms
[2026-01-27T00:19:43.340+0000][66][info ][safepoint   ] Safepoint "Cleanup", Time since last: 172036265250 ns, Reaching safepoint: 52407 ns, Cleanup: 11701 ns, At safepoint: 6601 ns, Total: 70709 ns
[2026-01-27T00:44:20.470+0000][66][info ][safepoint   ] Safepoint "Cleanup", Time since last: 1477349508624 ns, Reaching safepoint: 20303 ns, Cleanup: 11801 ns, At safepoint: 33304 ns, Total: 65408 ns
[2026-01-27T00:59:51.584+0000][66][info ][safepoint   ] Safepoint "Cleanup", Time since last: 931208506005 ns, Reaching safepoint: 16502 ns, Cleanup: 12701 ns, At safepoint: 2500 ns, Total: 31703 ns
[2026-01-27T01:29:50.999+0000][66][info ][safepoint   ] Safepoint "Cleanup", Time since last: 1799660644575 ns, Reaching safepoint: 163825 ns, Cleanup: 27104 ns, At safepoint: 8602 ns, Total: 199531 ns
[2026-01-27T01:37:51.021+0000][66][info ][safepoint   ] Safepoint "Cleanup", Time since last: 480100319724 ns, Reaching safepoint: 21303 ns, Cleanup: 22704 ns, At safepoint: 3000 ns, Total: 47007 ns
[2026-01-27T02:03:53.839+0000][66][info ][safepoint   ] Safepoint "Cleanup", Time since last: 1563019433535 ns, Reaching safepoint: 5700 ns, Cleanup: 34104 ns, At safepoint: 2300 ns, Total: 42104 ns
[2026-01-27T02:03:55.317+0000][66][info ][safepoint   ] Safepoint "Cleanup", Time since last: 1477665379 ns, Reaching safepoint: 20003 ns, Cleanup: 14501 ns, At safepoint: 2200 ns, Total: 36704 ns
[2026-01-27T03:03:53.344+0000][66][info ][safepoint   ] Safepoint "Cleanup", Time since last: 3598565574000 ns, Reaching safepoint: 5401 ns, Cleanup: 6301 ns, At safepoint: 2201 ns, Total: 13903 ns
[2026-01-27T03:03:54.346+0000][66][info ][safepoint   ] Safepoint "Cleanup", Time since last: 1002155531 ns, Reaching safepoint: 92715 ns, Cleanup: 8701 ns, At safepoint: 21203 ns, Total: 122619 ns
[2026-01-27T03:03:55.354+0000][66][info ][safepoint   ] Safepoint "Cleanup", Time since last: 1007258136 ns, Reaching safepoint: 14902 ns, Cleanup: 14702 ns, At safepoint: 2201 ns, Total: 31805 ns
[2026-01-27T03:03:56.354+0000][66][info ][safepoint   ] Safepoint "Cleanup", Time since last: 1000436160 ns, Reaching safepoint: 16803 ns, Cleanup: 29705 ns, At safepoint: 2700 ns, Total: 49208 ns
[2026-01-27T03:03:58.235+0000][66][info ][safepoint   ] Safepoint "Cleanup", Time since last: 1880654494 ns, Reaching safepoint: 6101 ns, Cleanup: 6201 ns, At safepoint: 2000 ns, Total: 14302 ns
[2026-01-27T03:03:59.902+0000][66][info ][safepoint   ] Safepoint "Cleanup", Time since last: 1667451869 ns, Reaching safepoint: 16803 ns, Cleanup: 22304 ns, At safepoint: 2800 ns, Total: 41907 ns
[2026-01-27T03:04:01.763+0000][66][info ][safepoint   ] Safepoint "Cleanup", Time since last: 1860154831 ns, Reaching safepoint: 18002 ns, Cleanup: 12202 ns, At safepoint: 2601 ns, Total: 32805 ns
[2026-01-27T03:09:01.150+0000][66][info ][safepoint   ] Safepoint "Cleanup", Time since last: 299430136927 ns, Reaching safepoint: 15602 ns, Cleanup: 8001 ns, At safepoint: 25903 ns, Total: 49506 ns
[2026-01-27T03:09:02.151+0000][66][info ][safepoint   ] Safepoint "Cleanup", Time since last: 1000514745 ns, Reaching safepoint: 17000 ns, Cleanup: 9400 ns, At safepoint: 2900 ns, Total: 29300 ns
[2026-01-27T03:11:06.281+0000][66][info ][safepoint   ] Safepoint "Cleanup", Time since last: 124145938913 ns, Reaching safepoint: 35603 ns, Cleanup: 20602 ns, At safepoint: 80307 ns, Total: 136512 ns
