[2026-01-27T03:41:47.240+0000][68][info][gc,init] CardTable entry size: 512
[2026-01-27T03:41:47.245+0000][68][info][gc     ] Using G1
[2026-01-27T03:41:48.103+0000][68][info][gc,init] Version: 21.0.1+12-29 (release)
[2026-01-27T03:41:48.104+0000][68][info][gc,init] CPUs: 6 total, 6 available
[2026-01-27T03:41:48.104+0000][68][info][gc,init] Memory: 7912M
[2026-01-27T03:41:48.105+0000][68][info][gc,init] Large Page Support: Disabled
[2026-01-27T03:41:48.105+0000][68][info][gc,init] NUMA Support: Disabled
[2026-01-27T03:41:48.105+0000][68][info][gc,init] Compressed Oops: Enabled (32-bit)
[2026-01-27T03:41:48.106+0000][68][info][gc,init] Heap Region Size: 4M
[2026-01-27T03:41:48.106+0000][68][info][gc,init] Heap Min Capacity: 1G
[2026-01-27T03:41:48.107+0000][68][info][gc,init] Heap Initial Capacity: 1G
[2026-01-27T03:41:48.107+0000][68][info][gc,init] Heap Max Capacity: 1G
[2026-01-27T03:41:48.107+0000][68][info][gc,init] Pre-touch: Enabled
[2026-01-27T03:41:48.108+0000][68][info][gc,init] Parallel Workers: 6
[2026-01-27T03:41:48.108+0000][68][info][gc,init] Concurrent Workers: 2
[2026-01-27T03:41:48.108+0000][68][info][gc,init] Concurrent Refinement Workers: 6
[2026-01-27T03:41:48.109+0000][68][info][gc,init] Periodic GC: Disabled
[2026-01-27T03:41:48.147+0000][68][info][gc,metaspace] CDS archive(s) mapped at: [0x00007b0307000000-0x00007b0307ca5000-0x00007b0307ca5000), size 13258752, SharedBaseAddress: 0x00007b0307000000, ArchiveRelocationMode: 1.
[2026-01-27T03:41:48.148+0000][68][info][gc,metaspace] Compressed class space mapped at: 0x00007b0308000000-0x00007b0348000000, reserved size: 1073741824
[2026-01-27T03:41:48.149+0000][68][info][gc,metaspace] Narrow klass base: 0x00007b0307000000, Narrow klass shift: 0, Narrow klass range: 0x100000000
[2026-01-27T03:41:48.725+0000][68][info][safepoint   ] Safepoint "ICBufferFull", Time since last: 557706090 ns, Reaching safepoint: 5200 ns, Cleanup: 370795 ns, At safepoint: 478293 ns, Total: 854288 ns
[2026-01-27T03:41:49.380+0000][68][info][safepoint   ] Safepoint "ICBufferFull", Time since last: 655026410 ns, Reaching safepoint: 5800 ns, Cleanup: 170197 ns, At safepoint: 5100 ns, Total: 181097 ns
[2026-01-27T03:41:49.541+0000][68][info][gc,start    ] GC(0) Pause Young (Normal) (G1 Evacuation Pause)
[2026-01-27T03:41:49.541+0000][68][info][gc,task     ] GC(0) Using 6 workers of 6 for evacuation
[2026-01-27T03:41:49.541+0000][68][debug][gc,age      ] GC(0) Desired survivor size 4194304 bytes, new threshold 15 (max threshold 15)
[2026-01-27T03:41:49.547+0000][68][info ][gc,phases   ] GC(0)   Pre Evacuate Collection Set: 0.4ms
[2026-01-27T03:41:49.548+0000][68][info ][gc,phases   ] GC(0)   Merge Heap Roots: 0.3ms
[2026-01-27T03:41:49.548+0000][68][info ][gc,phases   ] GC(0)   Evacuate Collection Set: 3.3ms
[2026-01-27T03:41:49.548+0000][68][info ][gc,phases   ] GC(0)   Post Evacuate Collection Set: 1.4ms
[2026-01-27T03:41:49.549+0000][68][info ][gc,phases   ] GC(0)   Other: 0.8ms
[2026-01-27T03:41:49.549+0000][68][trace][gc,age      ] GC(0) Age table with threshold 15 (max threshold 15)
[2026-01-27T03:41:49.550+0000][68][trace][gc,age      ] GC(0) - age   1:    4531992 bytes,    4531992 total
[2026-01-27T03:41:49.550+0000][68][info ][gc,heap     ] GC(0) Eden regions: 12->0(17)
[2026-01-27T03:41:49.550+0000][68][info ][gc,heap     ] GC(0) Survivor regions: 0->2(2)
[2026-01-27T03:41:49.550+0000][68][info ][gc,heap     ] GC(0) Old regions: 1->1
[2026-01-27T03:41:49.551+0000][68][info ][gc,heap     ] GC(0) Humongous regions: 0->0
[2026-01-27T03:41:49.551+0000][68][info ][gc,metaspace] GC(0) Metaspace: 7682K(7936K)->7682K(7936K) NonClass: 6771K(6912K)->6771K(6912K) Class: 911K(1024K)->911K(1024K)
[2026-01-27T03:41:49.551+0000][68][info ][gc          ] GC(0) Pause Young (Normal) (G1 Evacuation Pause) 49M->5M(1024M) 10.599ms
[2026-01-27T03:41:49.551+0000][68][info ][gc,cpu      ] GC(0) User=0.02s Sys=0.00s Real=0.01s
[2026-01-27T03:41:49.552+0000][68][info ][safepoint   ] Safepoint "G1CollectForAllocation", Time since last: 160265327 ns, Reaching safepoint: 5000 ns, Cleanup: 46000 ns, At safepoint: 11243840 ns, Total: 11294840 ns
[2026-01-27T03:41:50.008+0000][68][info ][safepoint   ] Safepoint "ICBufferFull", Time since last: 455662138 ns, Reaching safepoint: 5200 ns, Cleanup: 186597 ns, At safepoint: 5800 ns, Total: 197597 ns
[2026-01-27T03:41:50.834+0000][68][info ][safepoint   ] Safepoint "ICBufferFull", Time since last: 826020589 ns, Reaching safepoint: 160797 ns, Cleanup: 152198 ns, At safepoint: 57899 ns, Total: 370894 ns
[2026-01-27T03:41:51.845+0000][68][info ][gc,start    ] GC(1) Pause Young (Normal) (G1 Evacuation Pause)
[2026-01-27T03:41:51.846+0000][68][info ][gc,task     ] GC(1) Using 6 workers of 6 for evacuation
[2026-01-27T03:41:51.846+0000][68][debug][gc,age      ] GC(1) Desired survivor size 6291456 bytes, new threshold 15 (max threshold 15)
[2026-01-27T03:41:51.862+0000][68][info ][gc,phases   ] GC(1)   Pre Evacuate Collection Set: 0.3ms
[2026-01-27T03:41:51.863+0000][68][info ][gc,phases   ] GC(1)   Merge Heap Roots: 0.1ms
[2026-01-27T03:41:51.863+0000][68][info ][gc,phases   ] GC(1)   Evacuate Collection Set: 12.5ms
[2026-01-27T03:41:51.864+0000][68][info ][gc,phases   ] GC(1)   Post Evacuate Collection Set: 2.5ms
[2026-01-27T03:41:51.864+0000][68][info ][gc,phases   ] GC(1)   Other: 1.0ms
[2026-01-27T03:41:51.865+0000][68][trace][gc,age      ] GC(1) Age table with threshold 15 (max threshold 15)
[2026-01-27T03:41:51.865+0000][68][trace][gc,age      ] GC(1) - age   1:    4530304 bytes,    4530304 total
[2026-01-27T03:41:51.865+0000][68][trace][gc,age      ] GC(1) - age   2:    4451120 bytes,    8981424 total
[2026-01-27T03:41:51.866+0000][68][info ][gc,heap     ] GC(1) Eden regions: 17->0(55)
[2026-01-27T03:41:51.866+0000][68][info ][gc,heap     ] GC(1) Survivor regions: 2->3(3)
[2026-01-27T03:41:51.867+0000][68][info ][gc,heap     ] GC(1) Old regions: 1->1
[2026-01-27T03:41:51.867+0000][68][info ][gc,heap     ] GC(1) Humongous regions: 0->0
[2026-01-27T03:41:51.867+0000][68][info ][gc,metaspace] GC(1) Metaspace: 18297K(18880K)->18297K(18880K) NonClass: 16325K(16640K)->16325K(16640K) Class: 1972K(2240K)->1972K(2240K)
[2026-01-27T03:41:51.868+0000][68][info ][gc          ] GC(1) Pause Young (Normal) (G1 Evacuation Pause) 73M->10M(1024M) 22.308ms
[2026-01-27T03:41:51.868+0000][68][info ][gc,cpu      ] GC(1) User=0.05s Sys=0.01s Real=0.02s
[2026-01-27T03:41:51.869+0000][68][info ][safepoint   ] Safepoint "G1CollectForAllocation", Time since last: 1011176864 ns, Reaching safepoint: 6500 ns, Cleanup: 269996 ns, At safepoint: 23275770 ns, Total: 23552266 ns
[2026-01-27T03:41:53.011+0000][68][info ][safepoint   ] Safepoint "ICBufferFull", Time since last: 1142208305 ns, Reaching safepoint: 142598 ns, Cleanup: 164498 ns, At safepoint: 95698 ns, Total: 402794 ns
[2026-01-27T03:41:53.413+0000][68][info ][gc,start    ] GC(2) Pause Young (Concurrent Start) (Metadata GC Threshold)
[2026-01-27T03:41:53.413+0000][68][info ][gc,task     ] GC(2) Using 6 workers of 6 for evacuation
[2026-01-27T03:41:53.414+0000][68][debug][gc,age      ] GC(2) Desired survivor size 16777216 bytes, new threshold 15 (max threshold 15)
[2026-01-27T03:41:53.428+0000][68][info ][gc,phases   ] GC(2)   Pre Evacuate Collection Set: 0.3ms
[2026-01-27T03:41:53.429+0000][68][info ][gc,phases   ] GC(2)   Merge Heap Roots: 0.3ms
[2026-01-27T03:41:53.429+0000][68][info ][gc,phases   ] GC(2)   Evacuate Collection Set: 11.1ms
[2026-01-27T03:41:53.430+0000][68][info ][gc,phases   ] GC(2)   Post Evacuate Collection Set: 2.7ms
[2026-01-27T03:41:53.430+0000][68][info ][gc,phases   ] GC(2)   Other: 0.9ms
[2026-01-27T03:41:53.430+0000][68][trace][gc,age      ] GC(2) Age table with threshold 15 (max threshold 15)
[2026-01-27T03:41:53.431+0000][68][trace][gc,age      ] GC(2) - age   1:    3238656 bytes,    3238656 total
[2026-01-27T03:41:53.431+0000][68][trace][gc,age      ] GC(2) - age   2:    3642168 bytes,    6880824 total
[2026-01-27T03:41:53.432+0000][68][trace][gc,age      ] GC(2) - age   3:    4435032 bytes,   11315856 total
[2026-01-27T03:41:53.432+0000][68][info ][gc,heap     ] GC(2) Eden regions: 42->0(149)
[2026-01-27T03:41:53.432+0000][68][info ][gc,heap     ] GC(2) Survivor regions: 3->4(8)
[2026-01-27T03:41:53.433+0000][68][info ][gc,heap     ] GC(2) Old regions: 1->1
[2026-01-27T03:41:53.433+0000][68][info ][gc,heap     ] GC(2) Humongous regions: 0->0
[2026-01-27T03:41:53.434+0000][68][info ][gc,metaspace] GC(2) Metaspace: 21001K(21504K)->21001K(21504K) NonClass: 18755K(19008K)->18755K(19008K) Class: 2246K(2496K)->2246K(2496K)
[2026-01-27T03:41:53.434+0000][68][info ][gc          ] GC(2) Pause Young (Concurrent Start) (Metadata GC Threshold) 177M->13M(1024M) 21.302ms
[2026-01-27T03:41:53.434+0000][68][info ][gc,cpu      ] GC(2) User=0.05s Sys=0.00s Real=0.02s
[2026-01-27T03:41:53.434+0000][68][info ][gc          ] GC(3) Concurrent Mark Cycle
[2026-01-27T03:41:53.435+0000][68][info ][gc,marking  ] GC(3) Concurrent Scan Root Regions
[2026-01-27T03:41:53.435+0000][68][info ][safepoint   ] Safepoint "CollectForMetadataAllocation", Time since last: 401168213 ns, Reaching safepoint: 5999 ns, Cleanup: 126799 ns, At safepoint: 22437882 ns, Total: 22570680 ns
[2026-01-27T03:41:53.443+0000][68][info ][gc,marking  ] GC(3) Concurrent Scan Root Regions 7.484ms
[2026-01-27T03:41:53.443+0000][68][info ][gc,marking  ] GC(3) Concurrent Mark
[2026-01-27T03:41:53.443+0000][68][info ][gc,marking  ] GC(3) Concurrent Mark From Roots
[2026-01-27T03:41:53.444+0000][68][info ][gc,task     ] GC(3) Using 2 workers of 2 for marking
[2026-01-27T03:41:53.447+0000][68][info ][gc,marking  ] GC(3) Concurrent Mark From Roots 3.294ms
[2026-01-27T03:41:53.448+0000][68][info ][gc,marking  ] GC(3) Concurrent Preclean
[2026-01-27T03:41:53.449+0000][68][info ][gc,marking  ] GC(3) Concurrent Preclean 1.398ms
[2026-01-27T03:41:53.450+0000][68][info ][gc,start    ] GC(3) Pause Remark
[2026-01-27T03:41:53.455+0000][68][info ][gc          ] GC(3) Pause Remark 16M->16M(1024M) 4.865ms
[2026-01-27T03:41:53.455+0000][68][info ][gc,cpu      ] GC(3) User=0.01s Sys=0.00s Real=0.00s
[2026-01-27T03:41:53.456+0000][68][info ][safepoint   ] Safepoint "G1PauseRemark", Time since last: 14709291 ns, Reaching safepoint: 131298 ns, Cleanup: 15300 ns, At safepoint: 5810918 ns, Total: 5957516 ns
[2026-01-27T03:41:53.457+0000][68][info ][gc,marking  ] GC(3) Concurrent Mark 13.595ms
[2026-01-27T03:41:53.457+0000][68][info ][gc,marking  ] GC(3) Concurrent Rebuild Remembered Sets and Scrub Regions
[2026-01-27T03:41:53.460+0000][68][info ][gc,marking  ] GC(3) Concurrent Rebuild Remembered Sets and Scrub Regions 2.554ms
[2026-01-27T03:41:53.461+0000][68][info ][gc,start    ] GC(3) Pause Cleanup
[2026-01-27T03:41:53.461+0000][68][info ][gc          ] GC(3) Pause Cleanup 16M->16M(1024M) 0.728ms
[2026-01-27T03:41:53.462+0000][68][info ][gc,cpu      ] GC(3) User=0.00s Sys=0.00s Real=0.00s
[2026-01-27T03:41:53.462+0000][68][info ][safepoint   ] Safepoint "G1PauseCleanup", Time since last: 4765732 ns, Reaching safepoint: 123898 ns, Cleanup: 5800 ns, At safepoint: 1717376 ns, Total: 1847074 ns
[2026-01-27T03:41:53.465+0000][68][info ][gc,marking  ] GC(3) Concurrent Clear Claimed Marks
[2026-01-27T03:41:53.469+0000][68][info ][gc,marking  ] GC(3) Concurrent Clear Claimed Marks 3.781ms
[2026-01-27T03:41:53.469+0000][68][info ][gc,marking  ] GC(3) Concurrent Cleanup for Next Mark
[2026-01-27T03:41:53.471+0000][68][info ][gc,marking  ] GC(3) Concurrent Cleanup for Next Mark 1.929ms
[2026-01-27T03:41:53.472+0000][68][info ][gc          ] GC(3) Concurrent Mark Cycle 37.824ms
[2026-01-27T03:41:54.464+0000][68][info ][safepoint   ] Safepoint "Cleanup", Time since last: 1001683598 ns, Reaching safepoint: 4100 ns, Cleanup: 112998 ns, At safepoint: 49599 ns, Total: 166697 ns
[2026-01-27T03:41:55.374+0000][68][info ][safepoint   ] Safepoint "ICBufferFull", Time since last: 909881500 ns, Reaching safepoint: 5700 ns, Cleanup: 152197 ns, At safepoint: 3900 ns, Total: 161797 ns
[2026-01-27T03:41:56.707+0000][68][info ][safepoint   ] Safepoint "Cleanup", Time since last: 1332524407 ns, Reaching safepoint: 4500 ns, Cleanup: 173798 ns, At safepoint: 71799 ns, Total: 250097 ns
[2026-01-27T03:41:57.091+0000][68][info ][gc,start    ] GC(4) Pause Young (Prepare Mixed) (G1 Evacuation Pause)
[2026-01-27T03:41:57.092+0000][68][info ][gc,task     ] GC(4) Using 6 workers of 6 for evacuation
[2026-01-27T03:41:57.092+0000][68][debug][gc,age      ] GC(4) Desired survivor size 41943040 bytes, new threshold 15 (max threshold 15)
[2026-01-27T03:41:57.114+0000][68][info ][gc,phases   ] GC(4)   Pre Evacuate Collection Set: 0.3ms
[2026-01-27T03:41:57.114+0000][68][info ][gc,phases   ] GC(4)   Merge Heap Roots: 0.2ms
[2026-01-27T03:41:57.115+0000][68][info ][gc,phases   ] GC(4)   Evacuate Collection Set: 18.5ms
[2026-01-27T03:41:57.115+0000][68][info ][gc,phases   ] GC(4)   Post Evacuate Collection Set: 2.7ms
[2026-01-27T03:41:57.115+0000][68][info ][gc,phases   ] GC(4)   Other: 0.8ms
[2026-01-27T03:41:57.116+0000][68][trace][gc,age      ] GC(4) Age table with threshold 15 (max threshold 15)
[2026-01-27T03:41:57.116+0000][68][trace][gc,age      ] GC(4) - age   1:   11991672 bytes,   11991672 total
[2026-01-27T03:41:57.116+0000][68][trace][gc,age      ] GC(4) - age   2:    3064360 bytes,   15056032 total
[2026-01-27T03:41:57.117+0000][68][trace][gc,age      ] GC(4) - age   3:    3637240 bytes,   18693272 total
[2026-01-27T03:41:57.117+0000][68][trace][gc,age      ] GC(4) - age   4:    4434040 bytes,   23127312 total
[2026-01-27T03:41:57.117+0000][68][info ][gc,heap     ] GC(4) Eden regions: 149->0(132)
[2026-01-27T03:41:57.118+0000][68][info ][gc,heap     ] GC(4) Survivor regions: 4->6(20)
[2026-01-27T03:41:57.118+0000][68][info ][gc,heap     ] GC(4) Old regions: 1->1
[2026-01-27T03:41:57.118+0000][68][info ][gc,heap     ] GC(4) Humongous regions: 0->0
[2026-01-27T03:41:57.119+0000][68][info ][gc,metaspace] GC(4) Metaspace: 30716K(31488K)->30716K(31488K) NonClass: 27295K(27712K)->27295K(27712K) Class: 3421K(3776K)->3421K(3776K)
[2026-01-27T03:41:57.119+0000][68][info ][gc          ] GC(4) Pause Young (Prepare Mixed) (G1 Evacuation Pause) 609M->24M(1024M) 28.022ms
[2026-01-27T03:41:57.119+0000][68][info ][gc,cpu      ] GC(4) User=0.10s Sys=0.00s Real=0.03s
[2026-01-27T03:41:57.120+0000][68][info ][safepoint   ] Safepoint "G1CollectForAllocation", Time since last: 383772559 ns, Reaching safepoint: 178697 ns, Cleanup: 67899 ns, At safepoint: 28813492 ns, Total: 29060088 ns
[2026-01-27T03:41:58.121+0000][68][info ][safepoint   ] Safepoint "Cleanup", Time since last: 1000562215 ns, Reaching safepoint: 131998 ns, Cleanup: 127098 ns, At safepoint: 41700 ns, Total: 300796 ns
[2026-01-27T03:41:58.512+0000][68][info ][gc,start    ] GC(5) Pause Young (Mixed) (Metadata GC Threshold)
[2026-01-27T03:41:58.513+0000][68][info ][gc,task     ] GC(5) Using 6 workers of 6 for evacuation
[2026-01-27T03:41:58.513+0000][68][debug][gc,age      ] GC(5) Desired survivor size 37748736 bytes, new threshold 15 (max threshold 15)
[2026-01-27T03:41:58.544+0000][68][info ][gc,phases   ] GC(5)   Pre Evacuate Collection Set: 0.4ms
[2026-01-27T03:41:58.544+0000][68][info ][gc,phases   ] GC(5)   Merge Heap Roots: 0.2ms
[2026-01-27T03:41:58.544+0000][68][info ][gc,phases   ] GC(5)   Evacuate Collection Set: 26.6ms
[2026-01-27T03:41:58.545+0000][68][info ][gc,phases   ] GC(5)   Post Evacuate Collection Set: 2.8ms
[2026-01-27T03:41:58.545+0000][68][info ][gc,phases   ] GC(5)   Other: 0.9ms
[2026-01-27T03:41:58.545+0000][68][trace][gc,age      ] GC(5) Age table with threshold 15 (max threshold 15)
[2026-01-27T03:41:58.546+0000][68][trace][gc,age      ] GC(5) - age   1:    5833640 bytes,    5833640 total
[2026-01-27T03:41:58.546+0000][68][trace][gc,age      ] GC(5) - age   2:   11939856 bytes,   17773496 total
[2026-01-27T03:41:58.546+0000][68][trace][gc,age      ] GC(5) - age   3:    3063544 bytes,   20837040 total
[2026-01-27T03:41:58.547+0000][68][trace][gc,age      ] GC(5) - age   4:    3636904 bytes,   24473944 total
[2026-01-27T03:41:58.547+0000][68][trace][gc,age      ] GC(5) - age   5:    4433976 bytes,   28907920 total
[2026-01-27T03:41:58.547+0000][68][info ][gc,heap     ] GC(5) Eden regions: 66->0(109)
[2026-01-27T03:41:58.548+0000][68][info ][gc,heap     ] GC(5) Survivor regions: 6->8(18)
[2026-01-27T03:41:58.548+0000][68][info ][gc,heap     ] GC(5) Old regions: 1->1
[2026-01-27T03:41:58.548+0000][68][info ][gc,heap     ] GC(5) Humongous regions: 0->0
[2026-01-27T03:41:58.549+0000][68][info ][gc,metaspace] GC(5) Metaspace: 35291K(36096K)->35291K(36096K) NonClass: 31332K(31808K)->31332K(31808K) Class: 3958K(4288K)->3958K(4288K)
[2026-01-27T03:41:58.549+0000][68][info ][gc          ] GC(5) Pause Young (Mixed) (Metadata GC Threshold) 288M->30M(1024M) 37.065ms
[2026-01-27T03:41:58.549+0000][68][info ][gc,cpu      ] GC(5) User=0.15s Sys=0.01s Real=0.04s
[2026-01-27T03:41:58.550+0000][68][info ][safepoint   ] Safepoint "CollectForMetadataAllocation", Time since last: 391063259 ns, Reaching safepoint: 133298 ns, Cleanup: 58299 ns, At safepoint: 38098260 ns, Total: 38289857 ns
[2026-01-27T03:41:58.589+0000][68][info ][gc,start    ] GC(6) Pause Young (Concurrent Start) (Metadata GC Threshold)
[2026-01-27T03:41:58.590+0000][68][info ][gc,task     ] GC(6) Using 6 workers of 6 for evacuation
[2026-01-27T03:41:58.590+0000][68][debug][gc,age      ] GC(6) Desired survivor size 31457280 bytes, new threshold 15 (max threshold 15)
[2026-01-27T03:41:58.613+0000][68][info ][gc,phases   ] GC(6)   Pre Evacuate Collection Set: 0.4ms
[2026-01-27T03:41:58.614+0000][68][info ][gc,phases   ] GC(6)   Merge Heap Roots: 0.1ms
[2026-01-27T03:41:58.614+0000][68][info ][gc,phases   ] GC(6)   Evacuate Collection Set: 19.5ms
[2026-01-27T03:41:58.615+0000][68][info ][gc,phases   ] GC(6)   Post Evacuate Collection Set: 2.3ms
[2026-01-27T03:41:58.615+0000][68][info ][gc,phases   ] GC(6)   Other: 0.9ms
[2026-01-27T03:41:58.615+0000][68][trace][gc,age      ] GC(6) Age table with threshold 15 (max threshold 15)
[2026-01-27T03:41:58.616+0000][68][trace][gc,age      ] GC(6) - age   1:      70776 bytes,      70776 total
[2026-01-27T03:41:58.616+0000][68][trace][gc,age      ] GC(6) - age   2:    5767920 bytes,    5838696 total
[2026-01-27T03:41:58.616+0000][68][trace][gc,age      ] GC(6) - age   3:   11939824 bytes,   17778520 total
[2026-01-27T03:41:58.617+0000][68][trace][gc,age      ] GC(6) - age   4:    3063512 bytes,   20842032 total
[2026-01-27T03:41:58.617+0000][68][trace][gc,age      ] GC(6) - age   5:    3636184 bytes,   24478216 total
[2026-01-27T03:41:58.618+0000][68][trace][gc,age      ] GC(6) - age   6:    4433816 bytes,   28912032 total
[2026-01-27T03:41:58.618+0000][68][info ][gc,heap     ] GC(6) Eden regions: 1->0(122)
[2026-01-27T03:41:58.618+0000][68][info ][gc,heap     ] GC(6) Survivor regions: 8->8(15)
[2026-01-27T03:41:58.619+0000][68][info ][gc,heap     ] GC(6) Old regions: 1->1
[2026-01-27T03:41:58.619+0000][68][info ][gc,heap     ] GC(6) Humongous regions: 0->0
[2026-01-27T03:41:58.619+0000][68][info ][gc,metaspace] GC(6) Metaspace: 35573K(36416K)->35573K(36416K) NonClass: 31589K(32064K)->31589K(32064K) Class: 3983K(4352K)->3983K(4352K)
[2026-01-27T03:41:58.620+0000][68][info ][gc          ] GC(6) Pause Young (Concurrent Start) (Metadata GC Threshold) 33M->31M(1024M) 30.611ms
[2026-01-27T03:41:58.620+0000][68][info ][gc,cpu      ] GC(6) User=0.09s Sys=0.00s Real=0.03s
[2026-01-27T03:41:58.620+0000][68][info ][gc          ] GC(7) Concurrent Mark Cycle
[2026-01-27T03:41:58.621+0000][68][info ][gc,marking  ] GC(7) Concurrent Scan Root Regions
[2026-01-27T03:41:58.621+0000][68][info ][safepoint   ] Safepoint "CollectForMetadataAllocation", Time since last: 38957748 ns, Reaching safepoint: 7700 ns, Cleanup: 14300 ns, At safepoint: 31732350 ns, Total: 31754350 ns
[2026-01-27T03:41:58.638+0000][68][info ][gc,marking  ] GC(7) Concurrent Scan Root Regions 17.073ms
[2026-01-27T03:41:58.638+0000][68][info ][gc,marking  ] GC(7) Concurrent Mark
[2026-01-27T03:41:58.643+0000][68][info ][gc,marking  ] GC(7) Concurrent Mark From Roots
[2026-01-27T03:41:58.645+0000][68][info ][gc,task     ] GC(7) Using 2 workers of 2 for marking
[2026-01-27T03:41:58.650+0000][68][info ][gc,marking  ] GC(7) Concurrent Mark From Roots 6.435ms
[2026-01-27T03:41:58.650+0000][68][info ][gc,marking  ] GC(7) Concurrent Preclean
[2026-01-27T03:41:58.651+0000][68][info ][gc,marking  ] GC(7) Concurrent Preclean 0.433ms
[2026-01-27T03:41:58.652+0000][68][info ][gc,start    ] GC(7) Pause Remark
[2026-01-27T03:41:58.660+0000][68][info ][gc          ] GC(7) Pause Remark 35M->35M(1024M) 8.188ms
[2026-01-27T03:41:58.660+0000][68][info ][gc,cpu      ] GC(7) User=0.02s Sys=0.01s Real=0.01s
[2026-01-27T03:41:58.661+0000][68][info ][safepoint   ] Safepoint "G1PauseRemark", Time since last: 30584767 ns, Reaching safepoint: 129598 ns, Cleanup: 6100 ns, At safepoint: 9016372 ns, Total: 9152070 ns
[2026-01-27T03:41:58.661+0000][68][info ][gc,marking  ] GC(7) Concurrent Mark 22.528ms
[2026-01-27T03:41:58.661+0000][68][info ][gc,marking  ] GC(7) Concurrent Rebuild Remembered Sets and Scrub Regions
[2026-01-27T03:41:58.663+0000][68][info ][gc,marking  ] GC(7) Concurrent Rebuild Remembered Sets and Scrub Regions 1.989ms
[2026-01-27T03:41:58.665+0000][68][info ][gc,start    ] GC(7) Pause Cleanup
[2026-01-27T03:41:58.666+0000][68][info ][gc          ] GC(7) Pause Cleanup 35M->35M(1024M) 0.950ms
[2026-01-27T03:41:58.666+0000][68][info ][gc,cpu      ] GC(7) User=0.00s Sys=0.00s Real=0.01s
[2026-01-27T03:41:58.666+0000][68][info ][safepoint   ] Safepoint "G1PauseCleanup", Time since last: 3899745 ns, Reaching safepoint: 188897 ns, Cleanup: 16500 ns, At safepoint: 1690976 ns, Total: 1896373 ns
[2026-01-27T03:41:58.667+0000][68][info ][gc,marking  ] GC(7) Concurrent Clear Claimed Marks
[2026-01-27T03:41:58.667+0000][68][info ][gc,marking  ] GC(7) Concurrent Clear Claimed Marks 0.469ms
[2026-01-27T03:41:58.668+0000][68][info ][gc,marking  ] GC(7) Concurrent Cleanup for Next Mark
[2026-01-27T03:41:58.670+0000][68][info ][gc,marking  ] GC(7) Concurrent Cleanup for Next Mark 1.788ms
[2026-01-27T03:41:58.670+0000][68][info ][gc          ] GC(7) Concurrent Mark Cycle 50.040ms
[2026-01-27T03:41:59.667+0000][68][info ][safepoint   ] Safepoint "Cleanup", Time since last: 1000543123 ns, Reaching safepoint: 150898 ns, Cleanup: 128798 ns, At safepoint: 105498 ns, Total: 385194 ns
[2026-01-27T03:42:00.282+0000][68][info ][gc,start    ] GC(8) Pause Young (Normal) (G1 Evacuation Pause)
[2026-01-27T03:42:00.283+0000][68][info ][gc,task     ] GC(8) Using 6 workers of 6 for evacuation
[2026-01-27T03:42:00.283+0000][68][debug][gc,age      ] GC(8) Desired survivor size 35651584 bytes, new threshold 15 (max threshold 15)
[2026-01-27T03:42:00.314+0000][68][info ][gc,phases   ] GC(8)   Pre Evacuate Collection Set: 0.3ms
[2026-01-27T03:42:00.315+0000][68][info ][gc,phases   ] GC(8)   Merge Heap Roots: 0.1ms
[2026-01-27T03:42:00.315+0000][68][info ][gc,phases   ] GC(8)   Evacuate Collection Set: 25.0ms
[2026-01-27T03:42:00.315+0000][68][info ][gc,phases   ] GC(8)   Post Evacuate Collection Set: 5.1ms
[2026-01-27T03:42:00.316+0000][68][info ][gc,phases   ] GC(8)   Other: 0.8ms
[2026-01-27T03:42:00.316+0000][68][trace][gc,age      ] GC(8) Age table with threshold 15 (max threshold 15)
[2026-01-27T03:42:00.316+0000][68][trace][gc,age      ] GC(8) - age   1:    4434624 bytes,    4434624 total
[2026-01-27T03:42:00.317+0000][68][trace][gc,age      ] GC(8) - age   2:      61328 bytes,    4495952 total
[2026-01-27T03:42:00.317+0000][68][trace][gc,age      ] GC(8) - age   3:    5765000 bytes,   10260952 total
[2026-01-27T03:42:00.317+0000][68][trace][gc,age      ] GC(8) - age   4:   11930912 bytes,   22191864 total
[2026-01-27T03:42:00.318+0000][68][trace][gc,age      ] GC(8) - age   5:    3036528 bytes,   25228392 total
[2026-01-27T03:42:00.318+0000][68][trace][gc,age      ] GC(8) - age   6:    3628824 bytes,   28857216 total
[2026-01-27T03:42:00.318+0000][68][trace][gc,age      ] GC(8) - age   7:    4426200 bytes,   33283416 total
[2026-01-27T03:42:00.319+0000][68][info ][gc,heap     ] GC(8) Eden regions: 122->0(144)
[2026-01-27T03:42:00.319+0000][68][info ][gc,heap     ] GC(8) Survivor regions: 8->9(17)
[2026-01-27T03:42:00.319+0000][68][info ][gc,heap     ] GC(8) Old regions: 1->1
[2026-01-27T03:42:00.320+0000][68][info ][gc,heap     ] GC(8) Humongous regions: 0->0
[2026-01-27T03:42:00.320+0000][68][info ][gc,metaspace] GC(8) Metaspace: 37610K(38528K)->37610K(38528K) NonClass: 33352K(33920K)->33352K(33920K) Class: 4257K(4608K)->4257K(4608K)
[2026-01-27T03:42:00.320+0000][68][info ][gc          ] GC(8) Pause Young (Normal) (G1 Evacuation Pause) 519M->36M(1024M) 37.888ms
[2026-01-27T03:42:00.321+0000][68][info ][gc,cpu      ] GC(8) User=0.10s Sys=0.02s Real=0.04s
[2026-01-27T03:42:00.321+0000][68][info ][safepoint   ] Safepoint "G1CollectForAllocation", Time since last: 614983086 ns, Reaching safepoint: 9700 ns, Cleanup: 39199 ns, At safepoint: 38744851 ns, Total: 38793750 ns
[2026-01-27T03:42:01.322+0000][68][info ][safepoint   ] Safepoint "Cleanup", Time since last: 1000625922 ns, Reaching safepoint: 153098 ns, Cleanup: 183797 ns, At safepoint: 53899 ns, Total: 390794 ns
[2026-01-27T03:42:02.892+0000][68][info ][safepoint   ] Safepoint "Cleanup", Time since last: 1569725258 ns, Reaching safepoint: 144798 ns, Cleanup: 214597 ns, At safepoint: 74399 ns, Total: 433794 ns
[2026-01-27T03:42:03.895+0000][68][info ][safepoint   ] Safepoint "Cleanup", Time since last: 1000588522 ns, Reaching safepoint: 2361466 ns, Cleanup: 55100 ns, At safepoint: 59699 ns, Total: 2476265 ns
[2026-01-27T03:42:04.900+0000][68][info ][safepoint   ] Safepoint "Cleanup", Time since last: 1004704463 ns, Reaching safepoint: 133999 ns, Cleanup: 48399 ns, At safepoint: 84499 ns, Total: 266897 ns
[2026-01-27T03:42:06.303+0000][68][info ][safepoint   ] Safepoint "Cleanup", Time since last: 1402515938 ns, Reaching safepoint: 7800 ns, Cleanup: 141098 ns, At safepoint: 4200 ns, Total: 153098 ns
[2026-01-27T03:42:07.767+0000][68][info ][safepoint   ] Safepoint "Cleanup", Time since last: 1445871055 ns, Reaching safepoint: 4500 ns, Cleanup: 136198 ns, At safepoint: 45499 ns, Total: 186197 ns
[2026-01-27T03:42:07.861+0000][68][info ][gc,start    ] GC(9) Pause Young (Concurrent Start) (Metadata GC Threshold)
[2026-01-27T03:42:07.862+0000][68][info ][gc,task     ] GC(9) Using 6 workers of 6 for evacuation
[2026-01-27T03:42:07.862+0000][68][debug][gc,age      ] GC(9) Desired survivor size 41943040 bytes, new threshold 15 (max threshold 15)
[2026-01-27T03:42:07.926+0000][68][info ][gc,phases   ] GC(9)   Pre Evacuate Collection Set: 0.4ms
[2026-01-27T03:42:07.926+0000][68][info ][gc,phases   ] GC(9)   Merge Heap Roots: 0.1ms
[2026-01-27T03:42:07.927+0000][68][info ][gc,phases   ] GC(9)   Evacuate Collection Set: 58.2ms
[2026-01-27T03:42:07.927+0000][68][info ][gc,phases   ] GC(9)   Post Evacuate Collection Set: 4.3ms
[2026-01-27T03:42:07.927+0000][68][info ][gc,phases   ] GC(9)   Other: 1.0ms
[2026-01-27T03:42:07.928+0000][68][trace][gc,age      ] GC(9) Age table with threshold 15 (max threshold 15)
[2026-01-27T03:42:07.928+0000][68][trace][gc,age      ] GC(9) - age   1:   24998928 bytes,   24998928 total
[2026-01-27T03:42:07.928+0000][68][trace][gc,age      ] GC(9) - age   2:    4359496 bytes,   29358424 total
[2026-01-27T03:42:07.929+0000][68][trace][gc,age      ] GC(9) - age   3:      58816 bytes,   29417240 total
[2026-01-27T03:42:07.929+0000][68][trace][gc,age      ] GC(9) - age   4:    5740096 bytes,   35157336 total
[2026-01-27T03:42:07.929+0000][68][trace][gc,age      ] GC(9) - age   5:   11864816 bytes,   47022152 total
[2026-01-27T03:42:07.930+0000][68][trace][gc,age      ] GC(9) - age   6:    2894376 bytes,   49916528 total
[2026-01-27T03:42:07.930+0000][68][trace][gc,age      ] GC(9) - age   7:    3577216 bytes,   53493744 total
[2026-01-27T03:42:07.930+0000][68][trace][gc,age      ] GC(9) - age   8:    4415504 bytes,   57909248 total
[2026-01-27T03:42:07.931+0000][68][info ][gc,heap     ] GC(9) Eden regions: 116->0(138)
[2026-01-27T03:42:07.931+0000][68][info ][gc,heap     ] GC(9) Survivor regions: 9->15(20)
[2026-01-27T03:42:07.931+0000][68][info ][gc,heap     ] GC(9) Old regions: 1->1
[2026-01-27T03:42:07.932+0000][68][info ][gc,heap     ] GC(9) Humongous regions: 0->0
[2026-01-27T03:42:07.932+0000][68][info ][gc,metaspace] GC(9) Metaspace: 59576K(60928K)->59576K(60928K) NonClass: 52344K(53184K)->52344K(53184K) Class: 7231K(7744K)->7231K(7744K)
[2026-01-27T03:42:07.932+0000][68][info ][gc          ] GC(9) Pause Young (Concurrent Start) (Metadata GC Threshold) 498M->60M(1024M) 71.207ms
[2026-01-27T03:42:07.933+0000][68][info ][gc,cpu      ] GC(9) User=0.25s Sys=0.01s Real=0.07s
[2026-01-27T03:42:07.933+0000][68][info ][gc          ] GC(10) Concurrent Mark Cycle
[2026-01-27T03:42:07.939+0000][68][info ][gc,marking  ] GC(10) Concurrent Scan Root Regions
[2026-01-27T03:42:07.933+0000][68][info ][safepoint   ] Safepoint "CollectForMetadataAllocation", Time since last: 94311367 ns, Reaching safepoint: 7400 ns, Cleanup: 20899 ns, At safepoint: 72278878 ns, Total: 72307177 ns
[2026-01-27T03:42:07.980+0000][68][info ][gc,marking  ] GC(10) Concurrent Scan Root Regions 40.540ms
[2026-01-27T03:42:07.980+0000][68][info ][gc,marking  ] GC(10) Concurrent Mark
[2026-01-27T03:42:07.981+0000][68][info ][gc,marking  ] GC(10) Concurrent Mark From Roots
[2026-01-27T03:42:07.982+0000][68][info ][gc,task     ] GC(10) Using 2 workers of 2 for marking
[2026-01-27T03:42:07.987+0000][68][info ][gc,marking  ] GC(10) Concurrent Mark From Roots 6.004ms
[2026-01-27T03:42:07.991+0000][68][info ][gc,marking  ] GC(10) Concurrent Preclean
[2026-01-27T03:42:07.997+0000][68][info ][gc,marking  ] GC(10) Concurrent Preclean 6.768ms
[2026-01-27T03:42:07.999+0000][68][info ][gc,start    ] GC(10) Pause Remark
[2026-01-27T03:42:08.023+0000][68][info ][gc          ] GC(10) Pause Remark 63M->63M(1024M) 24.645ms
[2026-01-27T03:42:08.025+0000][68][info ][gc,cpu      ] GC(10) User=0.04s Sys=0.01s Real=0.03s
[2026-01-27T03:42:08.025+0000][68][info ][safepoint   ] Safepoint "G1PauseRemark", Time since last: 64956182 ns, Reaching safepoint: 146198 ns, Cleanup: 16900 ns, At safepoint: 26713822 ns, Total: 26876920 ns
[2026-01-27T03:42:08.026+0000][68][info ][gc,marking  ] GC(10) Concurrent Mark 45.623ms
[2026-01-27T03:42:08.029+0000][68][info ][gc,marking  ] GC(10) Concurrent Rebuild Remembered Sets and Scrub Regions
[2026-01-27T03:42:08.032+0000][68][info ][gc,marking  ] GC(10) Concurrent Rebuild Remembered Sets and Scrub Regions 2.775ms
[2026-01-27T03:42:08.034+0000][68][info ][gc,start    ] GC(10) Pause Cleanup
[2026-01-27T03:42:08.035+0000][68][info ][gc          ] GC(10) Pause Cleanup 63M->63M(1024M) 0.741ms
[2026-01-27T03:42:08.036+0000][68][info ][gc,cpu      ] GC(10) User=0.00s Sys=0.00s Real=0.01s
[2026-01-27T03:42:08.036+0000][68][info ][safepoint   ] Safepoint "G1PauseCleanup", Time since last: 8876474 ns, Reaching safepoint: 177598 ns, Cleanup: 20400 ns, At safepoint: 1896273 ns, Total: 2094271 ns
[2026-01-27T03:42:08.044+0000][68][info ][gc,marking  ] GC(10) Concurrent Clear Claimed Marks
[2026-01-27T03:42:08.045+0000][68][info ][gc,marking  ] GC(10) Concurrent Clear Claimed Marks 1.499ms
[2026-01-27T03:42:08.048+0000][68][info ][gc,marking  ] GC(10) Concurrent Cleanup for Next Mark
[2026-01-27T03:42:08.052+0000][68][info ][gc,marking  ] GC(10) Concurrent Cleanup for Next Mark 3.734ms
[2026-01-27T03:42:08.053+0000][68][info ][gc          ] GC(10) Concurrent Mark Cycle 120.397ms
[2026-01-27T03:42:09.038+0000][68][info ][safepoint   ] Safepoint "Cleanup", Time since last: 1001777035 ns, Reaching safepoint: 124898 ns, Cleanup: 41000 ns, At safepoint: 46499 ns, Total: 212397 ns
[2026-01-27T03:42:10.040+0000][68][info ][safepoint   ] Safepoint "Cleanup", Time since last: 1001000246 ns, Reaching safepoint: 152798 ns, Cleanup: 123598 ns, At safepoint: 55000 ns, Total: 331396 ns
[2026-01-27T03:42:12.042+0000][68][info ][safepoint   ] Safepoint "Cleanup", Time since last: 2002359687 ns, Reaching safepoint: 177398 ns, Cleanup: 29799 ns, At safepoint: 86099 ns, Total: 293296 ns
[2026-01-27T03:42:13.265+0000][68][info ][safepoint   ] Safepoint "Cleanup", Time since last: 1222901009 ns, Reaching safepoint: 3899 ns, Cleanup: 92699 ns, At safepoint: 39300 ns, Total: 135898 ns
[2026-01-27T03:42:14.464+0000][68][info ][safepoint   ] Safepoint "Cleanup", Time since last: 1198326281 ns, Reaching safepoint: 838788 ns, Cleanup: 78499 ns, At safepoint: 55699 ns, Total: 972986 ns
[2026-01-27T03:42:15.727+0000][68][info ][gc,start    ] GC(11) Pause Young (Concurrent Start) (Metadata GC Threshold)
[2026-01-27T03:42:15.731+0000][68][info ][gc,task     ] GC(11) Using 6 workers of 6 for evacuation
[2026-01-27T03:42:15.731+0000][68][debug][gc,age      ] GC(11) Desired survivor size 41943040 bytes, new threshold 5 (max threshold 15)
[2026-01-27T03:42:15.790+0000][68][info ][gc,phases   ] GC(11)   Pre Evacuate Collection Set: 0.3ms
[2026-01-27T03:42:15.791+0000][68][info ][gc,phases   ] GC(11)   Merge Heap Roots: 0.2ms
[2026-01-27T03:42:15.791+0000][68][info ][gc,phases   ] GC(11)   Evacuate Collection Set: 52.6ms
[2026-01-27T03:42:15.791+0000][68][info ][gc,phases   ] GC(11)   Post Evacuate Collection Set: 4.8ms
[2026-01-27T03:42:15.792+0000][68][info ][gc,phases   ] GC(11)   Other: 1.0ms
[2026-01-27T03:42:15.792+0000][68][trace][gc,age      ] GC(11) Age table with threshold 5 (max threshold 15)
[2026-01-27T03:42:15.792+0000][68][trace][gc,age      ] GC(11) - age   1:   14183896 bytes,   14183896 total
[2026-01-27T03:42:15.793+0000][68][trace][gc,age      ] GC(11) - age   2:   24511816 bytes,   38695712 total
[2026-01-27T03:42:15.793+0000][68][trace][gc,age      ] GC(11) - age   3:    4308664 bytes,   43004376 total
[2026-01-27T03:42:15.793+0000][68][trace][gc,age      ] GC(11) - age   4:      58496 bytes,   43062872 total
[2026-01-27T03:42:15.794+0000][68][trace][gc,age      ] GC(11) - age   5:    5722112 bytes,   48784984 total
[2026-01-27T03:42:15.794+0000][68][info ][gc,heap     ] GC(11) Eden regions: 130->0(140)
[2026-01-27T03:42:15.794+0000][68][info ][gc,heap     ] GC(11) Survivor regions: 15->13(20)
[2026-01-27T03:42:15.795+0000][68][info ][gc,heap     ] GC(11) Old regions: 1->7
[2026-01-27T03:42:15.795+0000][68][info ][gc,heap     ] GC(11) Humongous regions: 0->0
[2026-01-27T03:42:15.795+0000][68][info ][gc,metaspace] GC(11) Metaspace: 100147K(101888K)->100147K(101888K) NonClass: 87092K(88128K)->87092K(88128K) Class: 13055K(13760K)->13055K(13760K)
[2026-01-27T03:42:15.796+0000][68][info ][gc          ] GC(11) Pause Young (Concurrent Start) (Metadata GC Threshold) 578M->74M(1024M) 68.192ms
[2026-01-27T03:42:15.796+0000][68][info ][gc,cpu      ] GC(11) User=0.28s Sys=0.01s Real=0.07s
[2026-01-27T03:42:15.796+0000][68][info ][gc          ] GC(12) Concurrent Mark Cycle
[2026-01-27T03:42:15.797+0000][68][info ][gc,marking  ] GC(12) Concurrent Scan Root Regions
[2026-01-27T03:42:15.797+0000][68][info ][safepoint   ] Safepoint "CollectForMetadataAllocation", Time since last: 1262674710 ns, Reaching safepoint: 7600 ns, Cleanup: 116799 ns, At safepoint: 69334123 ns, Total: 69458522 ns
[2026-01-27T03:42:15.841+0000][68][info ][gc,marking  ] GC(12) Concurrent Scan Root Regions 44.600ms
[2026-01-27T03:42:15.842+0000][68][info ][gc,marking  ] GC(12) Concurrent Mark
[2026-01-27T03:42:15.842+0000][68][info ][gc,marking  ] GC(12) Concurrent Mark From Roots
[2026-01-27T03:42:15.842+0000][68][info ][gc,task     ] GC(12) Using 2 workers of 2 for marking
[2026-01-27T03:42:15.846+0000][68][info ][gc,marking  ] GC(12) Concurrent Mark From Roots 3.683ms
[2026-01-27T03:42:15.846+0000][68][info ][gc,marking  ] GC(12) Concurrent Preclean
[2026-01-27T03:42:15.847+0000][68][info ][gc,marking  ] GC(12) Concurrent Preclean 0.409ms
[2026-01-27T03:42:15.848+0000][68][info ][gc,start    ] GC(12) Pause Remark
[2026-01-27T03:42:15.857+0000][68][info ][gc          ] GC(12) Pause Remark 79M->79M(1024M) 9.777ms
[2026-01-27T03:42:15.858+0000][68][info ][gc,cpu      ] GC(12) User=0.03s Sys=0.00s Real=0.01s
[2026-01-27T03:42:15.858+0000][68][info ][safepoint   ] Safepoint "G1PauseRemark", Time since last: 50554587 ns, Reaching safepoint: 304396 ns, Cleanup: 13700 ns, At safepoint: 10884047 ns, Total: 11202143 ns
[2026-01-27T03:42:15.859+0000][68][info ][gc,marking  ] GC(12) Concurrent Mark 17.153ms
[2026-01-27T03:42:15.859+0000][68][info ][gc,marking  ] GC(12) Concurrent Rebuild Remembered Sets and Scrub Regions
[2026-01-27T03:42:15.870+0000][68][info ][gc,marking  ] GC(12) Concurrent Rebuild Remembered Sets and Scrub Regions 10.965ms
[2026-01-27T03:42:15.872+0000][68][info ][gc,start    ] GC(12) Pause Cleanup
[2026-01-27T03:42:15.873+0000][68][info ][gc          ] GC(12) Pause Cleanup 79M->79M(1024M) 0.702ms
[2026-01-27T03:42:15.873+0000][68][info ][gc,cpu      ] GC(12) User=0.00s Sys=0.00s Real=0.00s
[2026-01-27T03:42:15.874+0000][68][info ][safepoint   ] Safepoint "G1PauseCleanup", Time since last: 13785205 ns, Reaching safepoint: 132998 ns, Cleanup: 19700 ns, At safepoint: 1562178 ns, Total: 1714876 ns
[2026-01-27T03:42:15.874+0000][68][info ][gc,marking  ] GC(12) Concurrent Clear Claimed Marks
[2026-01-27T03:42:15.875+0000][68][info ][gc,marking  ] GC(12) Concurrent Clear Claimed Marks 0.502ms
[2026-01-27T03:42:15.875+0000][68][info ][gc,marking  ] GC(12) Concurrent Cleanup for Next Mark
[2026-01-27T03:42:15.878+0000][68][info ][gc,marking  ] GC(12) Concurrent Cleanup for Next Mark 2.449ms
[2026-01-27T03:42:15.878+0000][68][info ][gc          ] GC(12) Concurrent Mark Cycle 82.347ms
[2026-01-27T03:42:17.022+0000][68][info ][safepoint   ] Safepoint "Cleanup", Time since last: 1148059525 ns, Reaching safepoint: 249696 ns, Cleanup: 141098 ns, At safepoint: 42100 ns, Total: 432894 ns
[2026-01-27T03:42:18.066+0000][68][info ][safepoint   ] Safepoint "Cleanup", Time since last: 1043359500 ns, Reaching safepoint: 4100 ns, Cleanup: 77299 ns, At safepoint: 43299 ns, Total: 124698 ns
[2026-01-27T03:42:18.517+0000][68][info ][safepoint   ] Safepoint "ICBufferFull", Time since last: 451262242 ns, Reaching safepoint: 8000 ns, Cleanup: 136698 ns, At safepoint: 83099 ns, Total: 227797 ns
[2026-01-27T03:42:19.600+0000][68][info ][safepoint   ] Safepoint "Cleanup", Time since last: 1082933142 ns, Reaching safepoint: 7500 ns, Cleanup: 126898 ns, At safepoint: 5700 ns, Total: 140098 ns
[2026-01-27T03:42:20.817+0000][68][info ][safepoint   ] Safepoint "Cleanup", Time since last: 1216328163 ns, Reaching safepoint: 5500 ns, Cleanup: 114099 ns, At safepoint: 40999 ns, Total: 160598 ns
[2026-01-27T03:42:21.910+0000][68][info ][safepoint   ] Safepoint "ICBufferFull", Time since last: 1092010114 ns, Reaching safepoint: 597492 ns, Cleanup: 178097 ns, At safepoint: 52400 ns, Total: 827989 ns
[2026-01-27T03:42:22.911+0000][68][info ][safepoint   ] Safepoint "Cleanup", Time since last: 1001237218 ns, Reaching safepoint: 144698 ns, Cleanup: 78199 ns, At safepoint: 45899 ns, Total: 268796 ns
[2026-01-27T03:42:24.262+0000][68][info ][safepoint   ] Safepoint "Cleanup", Time since last: 1350910746 ns, Reaching safepoint: 17300 ns, Cleanup: 107599 ns, At safepoint: 4500 ns, Total: 129399 ns
[2026-01-27T03:42:25.572+0000][68][info ][safepoint   ] Safepoint "Cleanup", Time since last: 1310027417 ns, Reaching safepoint: 6799 ns, Cleanup: 67800 ns, At safepoint: 82298 ns, Total: 156897 ns
[2026-01-27T03:42:27.011+0000][68][info ][safepoint   ] Safepoint "Cleanup", Time since last: 1438649322 ns, Reaching safepoint: 13600 ns, Cleanup: 68299 ns, At safepoint: 3600 ns, Total: 85499 ns
[2026-01-27T03:42:28.291+0000][68][info ][safepoint   ] Safepoint "Cleanup", Time since last: 1279950037 ns, Reaching safepoint: 6200 ns, Cleanup: 100398 ns, At safepoint: 42400 ns, Total: 148998 ns
[2026-01-27T03:42:29.360+0000][68][info ][safepoint   ] Safepoint "Cleanup", Time since last: 1068219891 ns, Reaching safepoint: 6600 ns, Cleanup: 114999 ns, At safepoint: 76499 ns, Total: 198098 ns
[2026-01-27T03:42:30.469+0000][68][info ][safepoint   ] Safepoint "Cleanup", Time since last: 1109210152 ns, Reaching safepoint: 5400 ns, Cleanup: 84699 ns, At safepoint: 32899 ns, Total: 122998 ns
[2026-01-27T03:42:31.790+0000][68][info ][safepoint   ] Safepoint "Cleanup", Time since last: 1321157251 ns, Reaching safepoint: 13800 ns, Cleanup: 23599 ns, At safepoint: 4200 ns, Total: 41599 ns
[2026-01-27T03:42:32.791+0000][68][info ][safepoint   ] Safepoint "Cleanup", Time since last: 1000690002 ns, Reaching safepoint: 15000 ns, Cleanup: 13499 ns, At safepoint: 3500 ns, Total: 31999 ns
[2026-01-27T03:42:51.283+0000][68][info ][safepoint   ] Safepoint "Cleanup", Time since last: 18492920053 ns, Reaching safepoint: 13500 ns, Cleanup: 19899 ns, At safepoint: 3700 ns, Total: 37099 ns
[2026-01-27T03:42:52.284+0000][68][info ][safepoint   ] Safepoint "Cleanup", Time since last: 1000635980 ns, Reaching safepoint: 13100 ns, Cleanup: 13899 ns, At safepoint: 3000 ns, Total: 29999 ns
[2026-01-27T03:42:53.285+0000][68][info ][safepoint   ] Safepoint "Cleanup", Time since last: 1000763077 ns, Reaching safepoint: 13399 ns, Cleanup: 10400 ns, At safepoint: 3700 ns, Total: 27499 ns
[2026-01-27T03:42:54.285+0000][68][info ][safepoint   ] Safepoint "Cleanup", Time since last: 1000606999 ns, Reaching safepoint: 14630 ns, Cleanup: 26053 ns, At safepoint: 24049 ns, Total: 64732 ns
[2026-01-27T03:43:05.287+0000][68][info ][safepoint   ] Safepoint "Cleanup", Time since last: 11001938737 ns, Reaching safepoint: 47199 ns, Cleanup: 13000 ns, At safepoint: 3600 ns, Total: 63799 ns
[2026-01-27T03:43:07.288+0000][68][info ][safepoint   ] Safepoint "Cleanup", Time since last: 2000698617 ns, Reaching safepoint: 14199 ns, Cleanup: 44800 ns, At safepoint: 4300 ns, Total: 63299 ns
[2026-01-27T03:43:08.288+0000][68][info ][safepoint   ] Safepoint "Cleanup", Time since last: 1000586557 ns, Reaching safepoint: 14600 ns, Cleanup: 13300 ns, At safepoint: 2800 ns, Total: 30700 ns
[2026-01-27T03:43:15.289+0000][68][info ][safepoint   ] Safepoint "Cleanup", Time since last: 7001491450 ns, Reaching safepoint: 31000 ns, Cleanup: 15200 ns, At safepoint: 3900 ns, Total: 50100 ns
[2026-01-27T03:43:18.290+0000][68][info ][safepoint   ] Safepoint "Cleanup", Time since last: 3000912092 ns, Reaching safepoint: 16803 ns, Cleanup: 16003 ns, At safepoint: 3100 ns, Total: 35906 ns
[2026-01-27T03:43:24.292+0000][68][info ][safepoint   ] Safepoint "Cleanup", Time since last: 6001383206 ns, Reaching safepoint: 13700 ns, Cleanup: 12701 ns, At safepoint: 3600 ns, Total: 30001 ns
[2026-01-27T03:43:25.292+0000][68][info ][safepoint   ] Safepoint "Cleanup", Time since last: 1000645894 ns, Reaching safepoint: 13500 ns, Cleanup: 12600 ns, At safepoint: 3400 ns, Total: 29500 ns
[2026-01-27T03:43:27.293+0000][68][info ][safepoint   ] Safepoint "Cleanup", Time since last: 2000755380 ns, Reaching safepoint: 13800 ns, Cleanup: 13900 ns, At safepoint: 3301 ns, Total: 31001 ns
[2026-01-27T03:43:34.295+0000][68][info ][safepoint   ] Safepoint "Cleanup", Time since last: 7001677597 ns, Reaching safepoint: 48100 ns, Cleanup: 16000 ns, At safepoint: 4800 ns, Total: 68900 ns
[2026-01-27T03:43:35.295+0000][68][info ][safepoint   ] Safepoint "Cleanup", Time since last: 1000658274 ns, Reaching safepoint: 14300 ns, Cleanup: 12400 ns, At safepoint: 3900 ns, Total: 30600 ns
[2026-01-27T03:43:44.296+0000][68][info ][safepoint   ] Safepoint "Cleanup", Time since last: 9001789921 ns, Reaching safepoint: 41504 ns, Cleanup: 12001 ns, At safepoint: 3600 ns, Total: 57105 ns
[2026-01-27T03:43:45.296+0000][68][info ][safepoint   ] Safepoint "Cleanup", Time since last: 1000570873 ns, Reaching safepoint: 15201 ns, Cleanup: 12401 ns, At safepoint: 2500 ns, Total: 30102 ns
[2026-01-27T03:43:46.297+0000][68][info ][safepoint   ] Safepoint "Cleanup", Time since last: 1000640379 ns, Reaching safepoint: 13301 ns, Cleanup: 13401 ns, At safepoint: 3300 ns, Total: 30002 ns
[2026-01-27T03:43:48.312+0000][68][info ][safepoint   ] Safepoint "Cleanup", Time since last: 2014987510 ns, Reaching safepoint: 13401 ns, Cleanup: 14300 ns, At safepoint: 3300 ns, Total: 31001 ns
[2026-01-27T03:43:51.313+0000][68][info ][safepoint   ] Safepoint "Cleanup", Time since last: 3000951393 ns, Reaching safepoint: 15102 ns, Cleanup: 12701 ns, At safepoint: 3301 ns, Total: 31104 ns
[2026-01-27T03:44:02.315+0000][68][info ][safepoint   ] Safepoint "Cleanup", Time since last: 11002070065 ns, Reaching safepoint: 14500 ns, Cleanup: 12700 ns, At safepoint: 3200 ns, Total: 30400 ns
[2026-01-27T03:44:05.316+0000][68][info ][safepoint   ] Safepoint "Cleanup", Time since last: 3000860601 ns, Reaching safepoint: 14300 ns, Cleanup: 12400 ns, At safepoint: 3700 ns, Total: 30400 ns
[2026-01-27T03:44:07.317+0000][68][info ][safepoint   ] Safepoint "Cleanup", Time since last: 2000774376 ns, Reaching safepoint: 14499 ns, Cleanup: 11800 ns, At safepoint: 2800 ns, Total: 29099 ns
[2026-01-27T03:44:08.316+0000][68][info ][safepoint   ] Safepoint "Cleanup", Time since last: 1000658046 ns, Reaching safepoint: 39599 ns, Cleanup: 35498 ns, At safepoint: 4500 ns, Total: 79597 ns
[2026-01-27T03:44:10.317+0000][68][info ][safepoint   ] Safepoint "Cleanup", Time since last: 2000761615 ns, Reaching safepoint: 13399 ns, Cleanup: 11800 ns, At safepoint: 3100 ns, Total: 28299 ns
[2026-01-27T03:44:12.317+0000][68][info ][safepoint   ] Safepoint "Cleanup", Time since last: 2000638180 ns, Reaching safepoint: 13701 ns, Cleanup: 11500 ns, At safepoint: 3400 ns, Total: 28601 ns
[2026-01-27T03:44:13.318+0000][68][info ][safepoint   ] Safepoint "Cleanup", Time since last: 1000588154 ns, Reaching safepoint: 14900 ns, Cleanup: 12901 ns, At safepoint: 2500 ns, Total: 30301 ns
[2026-01-27T03:44:14.319+0000][68][info ][safepoint   ] Safepoint "Cleanup", Time since last: 1000577316 ns, Reaching safepoint: 44108 ns, Cleanup: 13403 ns, At safepoint: 6701 ns, Total: 64212 ns
[2026-01-27T03:44:21.320+0000][68][info ][safepoint   ] Safepoint "Cleanup", Time since last: 7001502553 ns, Reaching safepoint: 17201 ns, Cleanup: 14200 ns, At safepoint: 3401 ns, Total: 34802 ns
[2026-01-27T03:44:22.321+0000][68][info ][safepoint   ] Safepoint "Cleanup", Time since last: 1000527657 ns, Reaching safepoint: 14200 ns, Cleanup: 11901 ns, At safepoint: 3100 ns, Total: 29201 ns
[2026-01-27T03:44:23.321+0000][68][info ][safepoint   ] Safepoint "Cleanup", Time since last: 1000576687 ns, Reaching safepoint: 14201 ns, Cleanup: 13500 ns, At safepoint: 3001 ns, Total: 30702 ns
[2026-01-27T03:44:24.322+0000][68][info ][safepoint   ] Safepoint "Cleanup", Time since last: 1000686192 ns, Reaching safepoint: 14101 ns, Cleanup: 16600 ns, At safepoint: 2701 ns, Total: 33402 ns
[2026-01-27T03:44:43.324+0000][68][info ][safepoint   ] Safepoint "Cleanup", Time since last: 19003226893 ns, Reaching safepoint: 124694 ns, Cleanup: 19499 ns, At safepoint: 4100 ns, Total: 148293 ns
[2026-01-27T03:44:51.343+0000][68][info ][safepoint   ] Safepoint "Cleanup", Time since last: 8018976196 ns, Reaching safepoint: 13301 ns, Cleanup: 13400 ns, At safepoint: 3200 ns, Total: 29901 ns
[2026-01-27T03:44:58.344+0000][68][info ][safepoint   ] Safepoint "Cleanup", Time since last: 7001550899 ns, Reaching safepoint: 14400 ns, Cleanup: 13401 ns, At safepoint: 3100 ns, Total: 30901 ns
[2026-01-27T03:45:20.346+0000][68][info ][safepoint   ] Safepoint "Cleanup", Time since last: 22003625341 ns, Reaching safepoint: 16100 ns, Cleanup: 15401 ns, At safepoint: 3400 ns, Total: 34901 ns
[2026-01-27T03:45:21.346+0000][68][info ][safepoint   ] Safepoint "Cleanup", Time since last: 1000584085 ns, Reaching safepoint: 13901 ns, Cleanup: 15300 ns, At safepoint: 3101 ns, Total: 32302 ns
[2026-01-27T03:45:22.347+0000][68][info ][safepoint   ] Safepoint "Cleanup", Time since last: 1000626286 ns, Reaching safepoint: 16401 ns, Cleanup: 12801 ns, At safepoint: 3000 ns, Total: 32202 ns
[2026-01-27T03:45:36.350+0000][68][info ][safepoint   ] Safepoint "Cleanup", Time since last: 14002627326 ns, Reaching safepoint: 14801 ns, Cleanup: 13200 ns, At safepoint: 3101 ns, Total: 31102 ns
[2026-01-27T03:45:51.351+0000][68][info ][safepoint   ] Safepoint "Cleanup", Time since last: 15002693646 ns, Reaching safepoint: 12701 ns, Cleanup: 12101 ns, At safepoint: 34403 ns, Total: 59205 ns
[2026-01-27T03:46:24.354+0000][68][info ][safepoint   ] Safepoint "Cleanup", Time since last: 33005356648 ns, Reaching safepoint: 21101 ns, Cleanup: 15401 ns, At safepoint: 3000 ns, Total: 39502 ns
[2026-01-27T03:47:01.872+0000][68][info ][safepoint   ] Safepoint "Cleanup", Time since last: 37519715639 ns, Reaching safepoint: 10201 ns, Cleanup: 72604 ns, At safepoint: 35602 ns, Total: 118407 ns
[2026-01-27T03:47:03.270+0000][68][info ][safepoint   ] Safepoint "Cleanup", Time since last: 1398425385 ns, Reaching safepoint: 16601 ns, Cleanup: 106705 ns, At safepoint: 38402 ns, Total: 161708 ns
[2026-01-27T03:47:21.271+0000][68][info ][safepoint   ] Safepoint "Cleanup", Time since last: 18002988875 ns, Reaching safepoint: 16001 ns, Cleanup: 13200 ns, At safepoint: 2700 ns, Total: 31901 ns
[2026-01-27T03:47:25.272+0000][68][info ][safepoint   ] Safepoint "Cleanup", Time since last: 4001058094 ns, Reaching safepoint: 15901 ns, Cleanup: 13301 ns, At safepoint: 3900 ns, Total: 33102 ns
[2026-01-27T03:47:28.273+0000][68][info ][safepoint   ] Safepoint "Cleanup", Time since last: 3000916837 ns, Reaching safepoint: 14801 ns, Cleanup: 13400 ns, At safepoint: 2600 ns, Total: 30801 ns
[2026-01-27T03:47:32.274+0000][68][info ][safepoint   ] Safepoint "Cleanup", Time since last: 4001062715 ns, Reaching safepoint: 13301 ns, Cleanup: 9000 ns, At safepoint: 2600 ns, Total: 24901 ns
[2026-01-27T03:47:34.275+0000][68][info ][safepoint   ] Safepoint "Cleanup", Time since last: 2000738669 ns, Reaching safepoint: 16201 ns, Cleanup: 13500 ns, At safepoint: 3501 ns, Total: 33202 ns
[2026-01-27T03:47:47.284+0000][68][info ][safepoint   ] Safepoint "Cleanup", Time since last: 13010739171 ns, Reaching safepoint: 53602 ns, Cleanup: 15401 ns, At safepoint: 3800 ns, Total: 72803 ns
[2026-01-27T03:48:23.437+0000][68][info ][safepoint   ] Safepoint "Cleanup", Time since last: 36155223343 ns, Reaching safepoint: 13900 ns, Cleanup: 12801 ns, At safepoint: 2600 ns, Total: 29301 ns
[2026-01-27T03:48:45.438+0000][68][info ][safepoint   ] Safepoint "Cleanup", Time since last: 22003394840 ns, Reaching safepoint: 51502 ns, Cleanup: 15401 ns, At safepoint: 8000 ns, Total: 74903 ns
[2026-01-27T03:49:56.445+0000][68][info ][safepoint   ] Safepoint "Cleanup", Time since last: 71010273526 ns, Reaching safepoint: 17201 ns, Cleanup: 13901 ns, At safepoint: 4700 ns, Total: 35802 ns
[2026-01-27T03:50:07.447+0000][68][info ][safepoint   ] Safepoint "Cleanup", Time since last: 11001932546 ns, Reaching safepoint: 15000 ns, Cleanup: 12901 ns, At safepoint: 2700 ns, Total: 30601 ns
[2026-01-27T03:50:48.450+0000][68][info ][safepoint   ] Safepoint "Cleanup", Time since last: 41006651058 ns, Reaching safepoint: 15901 ns, Cleanup: 14401 ns, At safepoint: 3500 ns, Total: 33802 ns
[2026-01-27T03:50:53.451+0000][68][info ][safepoint   ] Safepoint "Cleanup", Time since last: 5001094729 ns, Reaching safepoint: 13801 ns, Cleanup: 12301 ns, At safepoint: 3200 ns, Total: 29302 ns
[2026-01-27T03:50:54.451+0000][68][info ][safepoint   ] Safepoint "Cleanup", Time since last: 1000582925 ns, Reaching safepoint: 16001 ns, Cleanup: 12501 ns, At safepoint: 3800 ns, Total: 32302 ns
[2026-01-27T03:51:16.453+0000][68][info ][safepoint   ] Safepoint "Cleanup", Time since last: 22003517952 ns, Reaching safepoint: 43903 ns, Cleanup: 11800 ns, At safepoint: 6701 ns, Total: 62404 ns
[2026-01-27T03:51:18.454+0000][68][info ][safepoint   ] Safepoint "Cleanup", Time since last: 2000801069 ns, Reaching safepoint: 13801 ns, Cleanup: 12901 ns, At safepoint: 3100 ns, Total: 29802 ns
[2026-01-27T03:51:21.455+0000][68][info ][safepoint   ] Safepoint "Cleanup", Time since last: 3000878819 ns, Reaching safepoint: 16601 ns, Cleanup: 15801 ns, At safepoint: 2600 ns, Total: 35002 ns
[2026-01-27T03:51:23.455+0000][68][info ][safepoint   ] Safepoint "Cleanup", Time since last: 2000772677 ns, Reaching safepoint: 13301 ns, Cleanup: 12001 ns, At safepoint: 2900 ns, Total: 28202 ns
[2026-01-27T03:51:26.456+0000][68][info ][safepoint   ] Safepoint "Cleanup", Time since last: 3000935653 ns, Reaching safepoint: 18901 ns, Cleanup: 12401 ns, At safepoint: 3500 ns, Total: 34802 ns
[2026-01-27T03:51:51.459+0000][68][info ][safepoint   ] Safepoint "Cleanup", Time since last: 25004480963 ns, Reaching safepoint: 14001 ns, Cleanup: 12800 ns, At safepoint: 3400 ns, Total: 30201 ns
[2026-01-27T03:52:07.869+0000][68][info ][safepoint   ] Safepoint "Cleanup", Time since last: 16412063173 ns, Reaching safepoint: 5201 ns, Cleanup: 13100 ns, At safepoint: 3000 ns, Total: 21301 ns
[2026-01-27T03:52:09.158+0000][68][info ][safepoint   ] Safepoint "Cleanup", Time since last: 1289014340 ns, Reaching safepoint: 14600 ns, Cleanup: 11901 ns, At safepoint: 3000 ns, Total: 29501 ns
[2026-01-27T03:52:15.159+0000][68][info ][safepoint   ] Safepoint "Cleanup", Time since last: 6001441608 ns, Reaching safepoint: 49003 ns, Cleanup: 12401 ns, At safepoint: 4700 ns, Total: 66104 ns
[2026-01-27T03:52:21.161+0000][68][info ][safepoint   ] Safepoint "Cleanup", Time since last: 6001275282 ns, Reaching safepoint: 173009 ns, Cleanup: 9201 ns, At safepoint: 41302 ns, Total: 223512 ns
[2026-01-27T03:52:50.599+0000][68][info ][safepoint   ] Safepoint "Cleanup", Time since last: 29439814310 ns, Reaching safepoint: 21302 ns, Cleanup: 15000 ns, At safepoint: 3601 ns, Total: 39903 ns
[2026-01-27T03:53:15.603+0000][68][info ][safepoint   ] Safepoint "Cleanup", Time since last: 25006460428 ns, Reaching safepoint: 44503 ns, Cleanup: 15400 ns, At safepoint: 4601 ns, Total: 64504 ns
[2026-01-27T03:53:16.604+0000][68][info ][safepoint   ] Safepoint "Cleanup", Time since last: 1000789417 ns, Reaching safepoint: 15400 ns, Cleanup: 12601 ns, At safepoint: 3300 ns, Total: 31301 ns
[2026-01-27T03:53:56.609+0000][68][info ][safepoint   ] Safepoint "Cleanup", Time since last: 40006683251 ns, Reaching safepoint: 14400 ns, Cleanup: 12501 ns, At safepoint: 3400 ns, Total: 30301 ns
[2026-01-27T03:54:17.611+0000][68][info ][safepoint   ] Safepoint "Cleanup", Time since last: 21003427525 ns, Reaching safepoint: 43602 ns, Cleanup: 11101 ns, At safepoint: 6000 ns, Total: 60703 ns
[2026-01-27T03:54:18.611+0000][68][info ][safepoint   ] Safepoint "Cleanup", Time since last: 1000546999 ns, Reaching safepoint: 14501 ns, Cleanup: 15701 ns, At safepoint: 3400 ns, Total: 33602 ns
[2026-01-27T03:54:21.612+0000][68][info ][safepoint   ] Safepoint "Cleanup", Time since last: 3000954861 ns, Reaching safepoint: 14000 ns, Cleanup: 33002 ns, At safepoint: 3700 ns, Total: 50702 ns
[2026-01-27T03:55:06.617+0000][68][info ][safepoint   ] Safepoint "Cleanup", Time since last: 45006684994 ns, Reaching safepoint: 47202 ns, Cleanup: 11601 ns, At safepoint: 4100 ns, Total: 62903 ns
[2026-01-27T03:55:24.618+0000][68][info ][safepoint   ] Safepoint "Cleanup", Time since last: 18002878094 ns, Reaching safepoint: 71703 ns, Cleanup: 19301 ns, At safepoint: 4301 ns, Total: 95305 ns
[2026-01-27T03:56:37.625+0000][68][info ][safepoint   ] Safepoint "Cleanup", Time since last: 73011089479 ns, Reaching safepoint: 47402 ns, Cleanup: 14001 ns, At safepoint: 3400 ns, Total: 64803 ns
[2026-01-27T03:56:51.626+0000][68][info ][safepoint   ] Safepoint "Cleanup", Time since last: 14002605669 ns, Reaching safepoint: 45503 ns, Cleanup: 12900 ns, At safepoint: 3501 ns, Total: 61904 ns
[2026-01-27T03:57:20.629+0000][68][info ][safepoint   ] Safepoint "Cleanup", Time since last: 29004580414 ns, Reaching safepoint: 14901 ns, Cleanup: 12400 ns, At safepoint: 2601 ns, Total: 29902 ns
[2026-01-27T03:57:21.629+0000][68][info ][safepoint   ] Safepoint "Cleanup", Time since last: 1000579915 ns, Reaching safepoint: 15800 ns, Cleanup: 12201 ns, At safepoint: 2700 ns, Total: 30701 ns
[2026-01-27T03:57:32.631+0000][68][info ][safepoint   ] Safepoint "Cleanup", Time since last: 11002104509 ns, Reaching safepoint: 17701 ns, Cleanup: 12301 ns, At safepoint: 2400 ns, Total: 32402 ns
[2026-01-27T03:57:37.632+0000][68][info ][safepoint   ] Safepoint "Cleanup", Time since last: 5001049462 ns, Reaching safepoint: 15300 ns, Cleanup: 12301 ns, At safepoint: 2900 ns, Total: 30501 ns
[2026-01-27T03:58:23.636+0000][68][info ][safepoint   ] Safepoint "Cleanup", Time since last: 46007189939 ns, Reaching safepoint: 14801 ns, Cleanup: 14200 ns, At safepoint: 3801 ns, Total: 32802 ns
[2026-01-27T03:58:24.636+0000][68][info ][safepoint   ] Safepoint "Cleanup", Time since last: 1000572046 ns, Reaching safepoint: 13200 ns, Cleanup: 12401 ns, At safepoint: 3200 ns, Total: 28801 ns
[2026-01-27T03:58:26.637+0000][68][info ][safepoint   ] Safepoint "Cleanup", Time since last: 2000771272 ns, Reaching safepoint: 14901 ns, Cleanup: 12001 ns, At safepoint: 3500 ns, Total: 30402 ns
[2026-01-27T03:58:34.639+0000][68][info ][safepoint   ] Safepoint "Cleanup", Time since last: 8001737898 ns, Reaching safepoint: 16401 ns, Cleanup: 14100 ns, At safepoint: 4101 ns, Total: 34602 ns
[2026-01-27T03:59:47.645+0000][68][info ][safepoint   ] Safepoint "Cleanup", Time since last: 73011011285 ns, Reaching safepoint: 44502 ns, Cleanup: 11801 ns, At safepoint: 3800 ns, Total: 60103 ns
[2026-01-27T04:00:24.648+0000][68][info ][safepoint   ] Safepoint "Cleanup", Time since last: 37005754810 ns, Reaching safepoint: 41403 ns, Cleanup: 11700 ns, At safepoint: 3400 ns, Total: 56503 ns
[2026-01-27T04:00:51.650+0000][68][info ][safepoint   ] Safepoint "Cleanup", Time since last: 27004122895 ns, Reaching safepoint: 43302 ns, Cleanup: 12601 ns, At safepoint: 7001 ns, Total: 62904 ns
[2026-01-27T04:01:30.654+0000][68][info ][safepoint   ] Safepoint "Cleanup", Time since last: 39006110322 ns, Reaching safepoint: 46703 ns, Cleanup: 11101 ns, At safepoint: 2700 ns, Total: 60504 ns
[2026-01-27T04:01:51.656+0000][68][info ][safepoint   ] Safepoint "Cleanup", Time since last: 21003339336 ns, Reaching safepoint: 15301 ns, Cleanup: 11900 ns, At safepoint: 2600 ns, Total: 29801 ns
[2026-01-27T04:01:57.657+0000][68][info ][safepoint   ] Safepoint "Cleanup", Time since last: 6001256005 ns, Reaching safepoint: 15901 ns, Cleanup: 14201 ns, At safepoint: 2900 ns, Total: 33002 ns
[2026-01-27T04:02:14.659+0000][68][info ][safepoint   ] Safepoint "Cleanup", Time since last: 17002992553 ns, Reaching safepoint: 16001 ns, Cleanup: 13000 ns, At safepoint: 3301 ns, Total: 32302 ns
[2026-01-27T04:02:23.660+0000][68][info ][safepoint   ] Safepoint "Cleanup", Time since last: 9001745980 ns, Reaching safepoint: 15601 ns, Cleanup: 14701 ns, At safepoint: 3100 ns, Total: 33402 ns
[2026-01-27T04:02:30.662+0000][68][info ][safepoint   ] Safepoint "Cleanup", Time since last: 7001609312 ns, Reaching safepoint: 15701 ns, Cleanup: 13801 ns, At safepoint: 3400 ns, Total: 32902 ns
[2026-01-27T04:02:54.664+0000][68][info ][safepoint   ] Safepoint "Cleanup", Time since last: 24003941759 ns, Reaching safepoint: 24901 ns, Cleanup: 62304 ns, At safepoint: 4800 ns, Total: 92005 ns
[2026-01-27T04:03:02.666+0000][68][info ][safepoint   ] Safepoint "Cleanup", Time since last: 8001517104 ns, Reaching safepoint: 19501 ns, Cleanup: 12201 ns, At safepoint: 3000 ns, Total: 34702 ns
[2026-01-27T04:03:22.667+0000][68][info ][safepoint   ] Safepoint "Cleanup", Time since last: 20003387260 ns, Reaching safepoint: 16001 ns, Cleanup: 13201 ns, At safepoint: 3100 ns, Total: 32302 ns
[2026-01-27T04:03:23.668+0000][68][info ][safepoint   ] Safepoint "Cleanup", Time since last: 1000642034 ns, Reaching safepoint: 15801 ns, Cleanup: 12401 ns, At safepoint: 3000 ns, Total: 31202 ns
[2026-01-27T04:03:47.670+0000][68][info ][safepoint   ] Safepoint "Cleanup", Time since last: 24003935480 ns, Reaching safepoint: 89404 ns, Cleanup: 13501 ns, At safepoint: 4200 ns, Total: 107105 ns
[2026-01-27T04:04:32.676+0000][68][info ][safepoint   ] Safepoint "Cleanup", Time since last: 45007837620 ns, Reaching safepoint: 50502 ns, Cleanup: 16401 ns, At safepoint: 4800 ns, Total: 71703 ns
[2026-01-27T04:04:54.678+0000][68][info ][safepoint   ] Safepoint "Cleanup", Time since last: 22003585890 ns, Reaching safepoint: 15600 ns, Cleanup: 12801 ns, At safepoint: 3500 ns, Total: 31901 ns
[2026-01-27T04:05:53.683+0000][68][info ][safepoint   ] Safepoint "Cleanup", Time since last: 59009113334 ns, Reaching safepoint: 15401 ns, Cleanup: 12601 ns, At safepoint: 3400 ns, Total: 31402 ns
[2026-01-27T04:06:33.688+0000][68][info ][safepoint   ] Safepoint "Cleanup", Time since last: 40006442852 ns, Reaching safepoint: 50802 ns, Cleanup: 12601 ns, At safepoint: 3900 ns, Total: 67303 ns
[2026-01-27T04:06:37.687+0000][68][info ][safepoint   ] Safepoint "Cleanup", Time since last: 4001447032 ns, Reaching safepoint: 44302 ns, Cleanup: 14301 ns, At safepoint: 6300 ns, Total: 64903 ns
[2026-01-27T04:06:53.690+0000][68][info ][safepoint   ] Safepoint "Cleanup", Time since last: 16002621217 ns, Reaching safepoint: 19701 ns, Cleanup: 15501 ns, At safepoint: 3700 ns, Total: 38902 ns
[2026-01-27T04:06:54.691+0000][68][info ][safepoint   ] Safepoint "Cleanup", Time since last: 1000769253 ns, Reaching safepoint: 15801 ns, Cleanup: 12401 ns, At safepoint: 3600 ns, Total: 31802 ns
[2026-01-27T04:07:22.693+0000][68][info ][safepoint   ] Safepoint "Cleanup", Time since last: 28004470844 ns, Reaching safepoint: 17101 ns, Cleanup: 12301 ns, At safepoint: 2900 ns, Total: 32302 ns
[2026-01-27T04:09:51.706+0000][68][info ][safepoint   ] Safepoint "Cleanup", Time since last: 149022450910 ns, Reaching safepoint: 30901 ns, Cleanup: 14601 ns, At safepoint: 4200 ns, Total: 49702 ns
[2026-01-27T04:11:21.714+0000][68][info ][safepoint   ] Safepoint "Cleanup", Time since last: 90013779283 ns, Reaching safepoint: 47402 ns, Cleanup: 16301 ns, At safepoint: 6901 ns, Total: 70604 ns
[2026-01-27T04:12:07.716+0000][68][info ][safepoint   ] Safepoint "Cleanup", Time since last: 46006814924 ns, Reaching safepoint: 15000 ns, Cleanup: 13301 ns, At safepoint: 2700 ns, Total: 31001 ns
[2026-01-27T04:12:21.719+0000][68][info ][safepoint   ] Safepoint "Cleanup", Time since last: 14002587050 ns, Reaching safepoint: 20401 ns, Cleanup: 14401 ns, At safepoint: 3000 ns, Total: 37802 ns
[2026-01-27T04:12:51.722+0000][68][info ][safepoint   ] Safepoint "Cleanup", Time since last: 30005027841 ns, Reaching safepoint: 343819 ns, Cleanup: 16701 ns, At safepoint: 3900 ns, Total: 364420 ns
[2026-01-27T04:13:10.724+0000][68][info ][safepoint   ] Safepoint "Cleanup", Time since last: 19003314720 ns, Reaching safepoint: 46303 ns, Cleanup: 12400 ns, At safepoint: 8401 ns, Total: 67104 ns
[2026-01-27T04:13:52.729+0000][68][info ][safepoint   ] Safepoint "Cleanup", Time since last: 42006649200 ns, Reaching safepoint: 15800 ns, Cleanup: 12401 ns, At safepoint: 2700 ns, Total: 30901 ns
[2026-01-27T04:13:53.729+0000][68][info ][safepoint   ] Safepoint "Cleanup", Time since last: 1000552382 ns, Reaching safepoint: 15200 ns, Cleanup: 12301 ns, At safepoint: 3300 ns, Total: 30801 ns
[2026-01-27T04:14:17.731+0000][68][info ][safepoint   ] Safepoint "Cleanup", Time since last: 24003794045 ns, Reaching safepoint: 44803 ns, Cleanup: 12301 ns, At safepoint: 3700 ns, Total: 60804 ns
[2026-01-27T04:14:21.732+0000][68][info ][safepoint   ] Safepoint "Cleanup", Time since last: 4000871869 ns, Reaching safepoint: 16501 ns, Cleanup: 13401 ns, At safepoint: 3000 ns, Total: 32902 ns
[2026-01-27T04:14:55.736+0000][68][info ][safepoint   ] Safepoint "Cleanup", Time since last: 34005357279 ns, Reaching safepoint: 14801 ns, Cleanup: 9500 ns, At safepoint: 3801 ns, Total: 28102 ns
[2026-01-27T04:15:24.738+0000][68][info ][safepoint   ] Safepoint "Cleanup", Time since last: 29004246900 ns, Reaching safepoint: 45203 ns, Cleanup: 12600 ns, At safepoint: 3601 ns, Total: 61404 ns
[2026-01-27T04:16:00.741+0000][68][info ][safepoint   ] Safepoint "Cleanup", Time since last: 36005771456 ns, Reaching safepoint: 15101 ns, Cleanup: 11400 ns, At safepoint: 3201 ns, Total: 29702 ns
[2026-01-27T04:17:07.746+0000][68][info ][safepoint   ] Safepoint "Cleanup", Time since last: 67010615084 ns, Reaching safepoint: 15201 ns, Cleanup: 14101 ns, At safepoint: 3200 ns, Total: 32502 ns
[2026-01-27T04:17:53.752+0000][68][info ][safepoint   ] Safepoint "Cleanup", Time since last: 46007255711 ns, Reaching safepoint: 15600 ns, Cleanup: 13801 ns, At safepoint: 3700 ns, Total: 33101 ns
[2026-01-27T04:18:13.753+0000][68][info ][safepoint   ] Safepoint "Cleanup", Time since last: 20003522304 ns, Reaching safepoint: 45803 ns, Cleanup: 13000 ns, At safepoint: 4100 ns, Total: 62903 ns
[2026-01-27T04:18:32.756+0000][68][info ][safepoint   ] Safepoint "Cleanup", Time since last: 19003361457 ns, Reaching safepoint: 89206 ns, Cleanup: 13801 ns, At safepoint: 5000 ns, Total: 108007 ns
[2026-01-27T04:18:51.758+0000][68][info ][safepoint   ] Safepoint "Cleanup", Time since last: 19003527339 ns, Reaching safepoint: 21301 ns, Cleanup: 11701 ns, At safepoint: 3600 ns, Total: 36602 ns
[2026-01-27T04:18:54.759+0000][68][info ][safepoint   ] Safepoint "Cleanup", Time since last: 3000939240 ns, Reaching safepoint: 16001 ns, Cleanup: 14401 ns, At safepoint: 3000 ns, Total: 33402 ns
[2026-01-27T04:19:21.762+0000][68][info ][safepoint   ] Safepoint "Cleanup", Time since last: 27004602285 ns, Reaching safepoint: 58803 ns, Cleanup: 12301 ns, At safepoint: 7000 ns, Total: 78104 ns
[2026-01-27T04:21:24.773+0000][68][info ][safepoint   ] Safepoint "Cleanup", Time since last: 123019371300 ns, Reaching safepoint: 46302 ns, Cleanup: 13101 ns, At safepoint: 3500 ns, Total: 62903 ns
[2026-01-27T04:21:53.777+0000][68][info ][safepoint   ] Safepoint "Cleanup", Time since last: 29004758503 ns, Reaching safepoint: 16000 ns, Cleanup: 18001 ns, At safepoint: 2501 ns, Total: 36502 ns
[2026-01-27T04:22:21.779+0000][68][info ][safepoint   ] Safepoint "Cleanup", Time since last: 28004981156 ns, Reaching safepoint: 16200 ns, Cleanup: 16401 ns, At safepoint: 3701 ns, Total: 36302 ns
[2026-01-27T04:22:27.781+0000][68][info ][safepoint   ] Safepoint "Cleanup", Time since last: 6001463693 ns, Reaching safepoint: 15301 ns, Cleanup: 12500 ns, At safepoint: 3600 ns, Total: 31401 ns
[2026-01-27T04:23:02.786+0000][68][info ][safepoint   ] Safepoint "Cleanup", Time since last: 35006910825 ns, Reaching safepoint: 54003 ns, Cleanup: 13701 ns, At safepoint: 3500 ns, Total: 71204 ns
[2026-01-27T04:23:21.787+0000][68][info ][safepoint   ] Safepoint "Cleanup", Time since last: 19003634488 ns, Reaching safepoint: 18401 ns, Cleanup: 14901 ns, At safepoint: 3900 ns, Total: 37202 ns
[2026-01-27T04:24:14.793+0000][68][info ][safepoint   ] Safepoint "Cleanup", Time since last: 53009208232 ns, Reaching safepoint: 47103 ns, Cleanup: 13200 ns, At safepoint: 3401 ns, Total: 63704 ns
[2026-01-27T04:26:44.808+0000][68][info ][safepoint   ] Safepoint "Cleanup", Time since last: 150024902433 ns, Reaching safepoint: 71003 ns, Cleanup: 15201 ns, At safepoint: 5300 ns, Total: 91504 ns
[2026-01-27T04:26:51.809+0000][68][info ][safepoint   ] Safepoint "Cleanup", Time since last: 7001484290 ns, Reaching safepoint: 18001 ns, Cleanup: 16501 ns, At safepoint: 3400 ns, Total: 37902 ns
[2026-01-27T04:26:53.810+0000][68][info ][safepoint   ] Safepoint "Cleanup", Time since last: 2000948225 ns, Reaching safepoint: 16701 ns, Cleanup: 16301 ns, At safepoint: 3100 ns, Total: 36102 ns
[2026-01-27T04:28:24.819+0000][68][info ][safepoint   ] Safepoint "Cleanup", Time since last: 91015307564 ns, Reaching safepoint: 16801 ns, Cleanup: 13900 ns, At safepoint: 3101 ns, Total: 33802 ns
[2026-01-27T04:29:23.824+0000][68][info ][safepoint   ] Safepoint "Cleanup", Time since last: 59008988369 ns, Reaching safepoint: 56903 ns, Cleanup: 14301 ns, At safepoint: 4000 ns, Total: 75204 ns
[2026-01-27T04:30:22.831+0000][68][info ][safepoint   ] Safepoint "Cleanup", Time since last: 59009946051 ns, Reaching safepoint: 54703 ns, Cleanup: 14901 ns, At safepoint: 4100 ns, Total: 73704 ns
[2026-01-27T04:30:34.833+0000][68][info ][safepoint   ] Safepoint "Cleanup", Time since last: 12002285951 ns, Reaching safepoint: 53003 ns, Cleanup: 12100 ns, At safepoint: 3300 ns, Total: 68403 ns
[2026-01-27T04:32:24.840+0000][68][info ][safepoint   ] Safepoint "Cleanup", Time since last: 110015578493 ns, Reaching safepoint: 16601 ns, Cleanup: 16400 ns, At safepoint: 3201 ns, Total: 36202 ns
[2026-01-27T04:32:51.843+0000][68][info ][safepoint   ] Safepoint "Cleanup", Time since last: 27004549882 ns, Reaching safepoint: 20201 ns, Cleanup: 54303 ns, At safepoint: 5801 ns, Total: 80305 ns
[2026-01-27T04:39:51.880+0000][68][info ][safepoint   ] Safepoint "Cleanup", Time since last: 420064183654 ns, Reaching safepoint: 60604 ns, Cleanup: 40202 ns, At safepoint: 5501 ns, Total: 106307 ns
[2026-01-27T04:40:51.885+0000][68][info ][safepoint   ] Safepoint "Cleanup", Time since last: 60009212749 ns, Reaching safepoint: 20101 ns, Cleanup: 12601 ns, At safepoint: 2700 ns, Total: 35402 ns
[2026-01-27T04:41:51.890+0000][68][info ][safepoint   ] Safepoint "Cleanup", Time since last: 60009167373 ns, Reaching safepoint: 35402 ns, Cleanup: 13601 ns, At safepoint: 3200 ns, Total: 52203 ns
[2026-01-27T04:42:21.892+0000][68][info ][safepoint   ] Safepoint "Cleanup", Time since last: 30004365807 ns, Reaching safepoint: 16401 ns, Cleanup: 14801 ns, At safepoint: 2900 ns, Total: 34102 ns
[2026-01-27T04:43:21.897+0000][68][info ][safepoint   ] Safepoint "Cleanup", Time since last: 60008829530 ns, Reaching safepoint: 18801 ns, Cleanup: 13501 ns, At safepoint: 4300 ns, Total: 36602 ns
[2026-01-27T04:45:21.907+0000][68][info ][safepoint   ] Safepoint "Cleanup", Time since last: 120018208435 ns, Reaching safepoint: 106806 ns, Cleanup: 13601 ns, At safepoint: 4500 ns, Total: 124907 ns
[2026-01-27T04:45:23.908+0000][68][info ][safepoint   ] Safepoint "Cleanup", Time since last: 2000761223 ns, Reaching safepoint: 13501 ns, Cleanup: 11401 ns, At safepoint: 2700 ns, Total: 27602 ns
[2026-01-27T04:45:51.910+0000][68][info ][safepoint   ] Safepoint "Cleanup", Time since last: 28004136370 ns, Reaching safepoint: 20002 ns, Cleanup: 14100 ns, At safepoint: 3301 ns, Total: 37403 ns
[2026-01-27T04:46:21.913+0000][68][info ][safepoint   ] Safepoint "Cleanup", Time since last: 30004465429 ns, Reaching safepoint: 57603 ns, Cleanup: 13101 ns, At safepoint: 3400 ns, Total: 74104 ns
[2026-01-27T04:46:51.916+0000][68][info ][safepoint   ] Safepoint "Cleanup", Time since last: 30005277995 ns, Reaching safepoint: 28502 ns, Cleanup: 14401 ns, At safepoint: 3400 ns, Total: 46303 ns
[2026-01-27T04:46:54.917+0000][68][info ][safepoint   ] Safepoint "Cleanup", Time since last: 3001008441 ns, Reaching safepoint: 26702 ns, Cleanup: 16701 ns, At safepoint: 3400 ns, Total: 46803 ns
[2026-01-27T04:46:58.918+0000][68][info ][safepoint   ] Safepoint "Cleanup", Time since last: 4001123309 ns, Reaching safepoint: 23801 ns, Cleanup: 13401 ns, At safepoint: 3300 ns, Total: 40502 ns
[2026-01-27T04:47:01.919+0000][68][info ][safepoint   ] Safepoint "Cleanup", Time since last: 3000986570 ns, Reaching safepoint: 177411 ns, Cleanup: 13500 ns, At safepoint: 42303 ns, Total: 233214 ns
[2026-01-27T04:47:03.901+0000][68][info ][safepoint   ] Safepoint "Cleanup", Time since last: 1981840625 ns, Reaching safepoint: 16501 ns, Cleanup: 235914 ns, At safepoint: 6600 ns, Total: 259015 ns
[2026-01-27T04:47:04.536+0000][68][info ][gc,start    ] GC(13) Pause Young (Normal) (G1 Evacuation Pause)
[2026-01-27T04:47:04.538+0000][68][info ][gc,task     ] GC(13) Using 6 workers of 6 for evacuation
[2026-01-27T04:47:04.538+0000][68][debug][gc,age      ] GC(13) Desired survivor size 41943040 bytes, new threshold 3 (max threshold 15)
[2026-01-27T04:47:05.173+0000][68][info ][gc,mmu      ] GC(13) MMU target violated: 201.0ms (200.0ms/201.0ms)
[2026-01-27T04:47:05.174+0000][68][info ][gc,phases   ] GC(13)   Pre Evacuate Collection Set: 5.9ms
[2026-01-27T04:47:05.174+0000][68][info ][gc,phases   ] GC(13)   Merge Heap Roots: 1.0ms
[2026-01-27T04:47:05.175+0000][68][info ][gc,phases   ] GC(13)   Evacuate Collection Set: 609.6ms
[2026-01-27T04:47:05.175+0000][68][info ][gc,phases   ] GC(13)   Post Evacuate Collection Set: 16.9ms
[2026-01-27T04:47:05.175+0000][68][info ][gc,phases   ] GC(13)   Other: 3.4ms
[2026-01-27T04:47:05.176+0000][68][trace][gc,age      ] GC(13) Age table with threshold 3 (max threshold 15)
[2026-01-27T04:47:05.176+0000][68][trace][gc,age      ] GC(13) - age   1:   15508352 bytes,   15508352 total
[2026-01-27T04:47:05.176+0000][68][trace][gc,age      ] GC(13) - age   2:   13216032 bytes,   28724384 total
[2026-01-27T04:47:05.176+0000][68][trace][gc,age      ] GC(13) - age   3:   24398384 bytes,   53122768 total
[2026-01-27T04:47:05.177+0000][68][info ][gc,heap     ] GC(13) Eden regions: 140->0(1)
[2026-01-27T04:47:05.177+0000][68][info ][gc,heap     ] GC(13) Survivor regions: 13->14(20)
[2026-01-27T04:47:05.177+0000][68][info ][gc,heap     ] GC(13) Old regions: 7->9
[2026-01-27T04:47:05.178+0000][68][info ][gc,heap     ] GC(13) Humongous regions: 0->0
[2026-01-27T04:47:05.178+0000][68][info ][gc,metaspace] GC(13) Metaspace: 129371K(132800K)->129371K(132800K) NonClass: 111795K(113664K)->111795K(113664K) Class: 17575K(19136K)->17575K(19136K)
[2026-01-27T04:47:05.178+0000][68][info ][gc          ] GC(13) Pause Young (Normal) (G1 Evacuation Pause) 634M->92M(1024M) 642.387ms
[2026-01-27T04:47:05.179+0000][68][info ][gc,cpu      ] GC(13) User=3.69s Sys=0.02s Real=0.64s
[2026-01-27T04:47:05.179+0000][68][info ][safepoint   ] Safepoint "G1CollectForAllocation", Time since last: 632770626 ns, Reaching safepoint: 16601 ns, Cleanup: 33302 ns, At safepoint: 645037337 ns, Total: 645087240 ns
[2026-01-27T04:47:05.189+0000][68][info ][gc,start    ] GC(14) Pause Young (Normal) (G1 Evacuation Pause)
[2026-01-27T04:47:05.189+0000][68][info ][gc,task     ] GC(14) Using 6 workers of 6 for evacuation
[2026-01-27T04:47:05.190+0000][68][debug][gc,age      ] GC(14) Desired survivor size 4194304 bytes, new threshold 1 (max threshold 15)
[2026-01-27T04:47:05.328+0000][68][info ][gc,phases   ] GC(14)   Pre Evacuate Collection Set: 0.3ms
[2026-01-27T04:47:05.328+0000][68][info ][gc,phases   ] GC(14)   Merge Heap Roots: 0.2ms
[2026-01-27T04:47:05.328+0000][68][info ][gc,phases   ] GC(14)   Evacuate Collection Set: 135.2ms
[2026-01-27T04:47:05.329+0000][68][info ][gc,phases   ] GC(14)   Post Evacuate Collection Set: 1.9ms
[2026-01-27T04:47:05.329+0000][68][info ][gc,phases   ] GC(14)   Other: 0.7ms
[2026-01-27T04:47:05.329+0000][68][trace][gc,age      ] GC(14) Age table with threshold 1 (max threshold 15)
[2026-01-27T04:47:05.330+0000][68][trace][gc,age      ] GC(14) - age   1:       4280 bytes,       4280 total
[2026-01-27T04:47:05.330+0000][68][info ][gc,heap     ] GC(14) Eden regions: 1->0(151)
[2026-01-27T04:47:05.330+0000][68][info ][gc,heap     ] GC(14) Survivor regions: 14->2(2)
[2026-01-27T04:47:05.331+0000][68][info ][gc,heap     ] GC(14) Old regions: 9->23
[2026-01-27T04:47:05.331+0000][68][info ][gc,heap     ] GC(14) Humongous regions: 0->0
[2026-01-27T04:47:05.331+0000][68][info ][gc,metaspace] GC(14) Metaspace: 129371K(132800K)->129371K(132800K) NonClass: 111795K(113664K)->111795K(113664K) Class: 17575K(19136K)->17575K(19136K)
[2026-01-27T04:47:05.331+0000][68][info ][gc          ] GC(14) Pause Young (Normal) (G1 Evacuation Pause) 96M->94M(1024M) 142.545ms
[2026-01-27T04:47:05.332+0000][68][info ][gc,cpu      ] GC(14) User=0.79s Sys=0.02s Real=0.15s
[2026-01-27T04:47:05.332+0000][68][info ][safepoint   ] Safepoint "G1CollectForAllocation", Time since last: 8493593 ns, Reaching safepoint: 968357 ns, Cleanup: 5700 ns, At safepoint: 143316418 ns, Total: 144290475 ns
[2026-01-27T04:47:06.333+0000][68][info ][safepoint   ] Safepoint "Cleanup", Time since last: 1001055001 ns, Reaching safepoint: 19101 ns, Cleanup: 50803 ns, At safepoint: 4100 ns, Total: 74004 ns
[2026-01-27T04:47:21.334+0000][68][info ][safepoint   ] Safepoint "Cleanup", Time since last: 15002900016 ns, Reaching safepoint: 16001 ns, Cleanup: 15801 ns, At safepoint: 3000 ns, Total: 34802 ns
[2026-01-27T04:47:42.336+0000][68][info ][safepoint   ] Safepoint "Cleanup", Time since last: 21003932267 ns, Reaching safepoint: 117907 ns, Cleanup: 56803 ns, At safepoint: 100006 ns, Total: 274716 ns
[2026-01-27T04:48:22.445+0000][68][info ][safepoint   ] Safepoint "Cleanup", Time since last: 40110778238 ns, Reaching safepoint: 18601 ns, Cleanup: 14401 ns, At safepoint: 4300 ns, Total: 37302 ns
[2026-01-27T04:48:46.447+0000][68][info ][safepoint   ] Safepoint "Cleanup", Time since last: 24004322064 ns, Reaching safepoint: 50303 ns, Cleanup: 15201 ns, At safepoint: 7500 ns, Total: 73004 ns
[2026-01-27T04:50:58.463+0000][68][info ][safepoint   ] Safepoint "Cleanup", Time since last: 132024143826 ns, Reaching safepoint: 92706 ns, Cleanup: 58104 ns, At safepoint: 68004 ns, Total: 218814 ns
[2026-01-27T04:52:07.471+0000][68][info ][safepoint   ] Safepoint "Cleanup", Time since last: 69012398440 ns, Reaching safepoint: 65403 ns, Cleanup: 78205 ns, At safepoint: 57503 ns, Total: 201111 ns
[2026-01-27T04:52:09.010+0000][68][info ][safepoint   ] Safepoint "Cleanup", Time since last: 1541275608 ns, Reaching safepoint: 17601 ns, Cleanup: 25802 ns, At safepoint: 3000 ns, Total: 46403 ns
[2026-01-27T04:59:24.655+0000][68][info ][safepoint   ] Safepoint "Cleanup", Time since last: 435673780907 ns, Reaching safepoint: 73004 ns, Cleanup: 121808 ns, At safepoint: 77904 ns, Total: 272716 ns
[2026-01-27T04:59:51.652+0000][68][info ][safepoint   ] Safepoint "Cleanup", Time since last: 27005322882 ns, Reaching safepoint: 17301 ns, Cleanup: 16801 ns, At safepoint: 39903 ns, Total: 74005 ns
[2026-01-27T05:00:54.665+0000][68][info ][safepoint   ] Safepoint "Cleanup", Time since last: 63011428209 ns, Reaching safepoint: 16401 ns, Cleanup: 13401 ns, At safepoint: 3400 ns, Total: 33202 ns
[2026-01-27T05:04:23.685+0000][68][info ][safepoint   ] Safepoint "Cleanup", Time since last: 209033789251 ns, Reaching safepoint: 66204 ns, Cleanup: 88505 ns, At safepoint: 26902 ns, Total: 181611 ns
[2026-01-27T05:04:51.688+0000][68][info ][safepoint   ] Safepoint "Cleanup", Time since last: 28005149329 ns, Reaching safepoint: 20702 ns, Cleanup: 111506 ns, At safepoint: 37003 ns, Total: 169211 ns
[2026-01-27T05:05:21.692+0000][68][info ][safepoint   ] Safepoint "Cleanup", Time since last: 30005210018 ns, Reaching safepoint: 83305 ns, Cleanup: 13701 ns, At safepoint: 8800 ns, Total: 105806 ns
[2026-01-27T05:05:52.695+0000][68][info ][safepoint   ] Safepoint "Cleanup", Time since last: 31005562235 ns, Reaching safepoint: 17702 ns, Cleanup: 96205 ns, At safepoint: 30102 ns, Total: 144009 ns
[2026-01-27T05:11:21.723+0000][68][info ][safepoint   ] Safepoint "Cleanup", Time since last: 329050359169 ns, Reaching safepoint: 76005 ns, Cleanup: 93506 ns, At safepoint: 37202 ns, Total: 206713 ns
[2026-01-27T05:12:13.728+0000][68][info ][safepoint   ] Safepoint "Cleanup", Time since last: 52008812734 ns, Reaching safepoint: 48403 ns, Cleanup: 12800 ns, At safepoint: 6401 ns, Total: 67604 ns
[2026-01-27T05:13:15.735+0000][68][info ][safepoint   ] Safepoint "Cleanup", Time since last: 62010934064 ns, Reaching safepoint: 49603 ns, Cleanup: 12600 ns, At safepoint: 68204 ns, Total: 130407 ns
[2026-01-27T05:14:06.742+0000][68][info ][safepoint   ] Safepoint "Cleanup", Time since last: 51009239944 ns, Reaching safepoint: 131107 ns, Cleanup: 85805 ns, At safepoint: 49903 ns, Total: 266815 ns
[2026-01-27T05:14:23.744+0000][68][info ][safepoint   ] Safepoint "Cleanup", Time since last: 17003999822 ns, Reaching safepoint: 33402 ns, Cleanup: 155313 ns, At safepoint: 36303 ns, Total: 225018 ns
[2026-01-27T05:14:51.747+0000][68][info ][safepoint   ] Safepoint "Cleanup", Time since last: 28004483529 ns, Reaching safepoint: 23002 ns, Cleanup: 12401 ns, At safepoint: 59105 ns, Total: 94508 ns
[2026-01-27T05:15:21.749+0000][68][info ][safepoint   ] Safepoint "Cleanup", Time since last: 30004313497 ns, Reaching safepoint: 54704 ns, Cleanup: 13100 ns, At safepoint: 3401 ns, Total: 71205 ns
[2026-01-27T05:15:51.752+0000][68][info ][safepoint   ] Safepoint "Cleanup", Time since last: 30004697982 ns, Reaching safepoint: 16501 ns, Cleanup: 15001 ns, At safepoint: 60403 ns, Total: 91905 ns
[2026-01-27T05:16:54.758+0000][68][info ][safepoint   ] Safepoint "Cleanup", Time since last: 63010150484 ns, Reaching safepoint: 19701 ns, Cleanup: 18801 ns, At safepoint: 4001 ns, Total: 42503 ns
[2026-01-27T05:18:21.765+0000][68][info ][safepoint   ] Safepoint "Cleanup", Time since last: 87013645820 ns, Reaching safepoint: 16701 ns, Cleanup: 18501 ns, At safepoint: 35402 ns, Total: 70604 ns
[2026-01-27T05:19:57.772+0000][68][info ][safepoint   ] Safepoint "Cleanup", Time since last: 96013550803 ns, Reaching safepoint: 22202 ns, Cleanup: 13401 ns, At safepoint: 58503 ns, Total: 94106 ns
[2026-01-27T05:22:21.782+0000][68][info ][safepoint   ] Safepoint "Cleanup", Time since last: 144019446108 ns, Reaching safepoint: 31202 ns, Cleanup: 17801 ns, At safepoint: 4501 ns, Total: 53504 ns
[2026-01-27T05:30:42.824+0000][68][info ][safepoint   ] Safepoint "Cleanup", Time since last: 501077977166 ns, Reaching safepoint: 69004 ns, Cleanup: 13601 ns, At safepoint: 70104 ns, Total: 152709 ns
[2026-01-27T05:32:23.834+0000][68][info ][safepoint   ] Safepoint "Cleanup", Time since last: 101016401544 ns, Reaching safepoint: 29002 ns, Cleanup: 14600 ns, At safepoint: 3201 ns, Total: 46803 ns
[2026-01-27T05:32:53.836+0000][68][info ][safepoint   ] Safepoint "Cleanup", Time since last: 30004495716 ns, Reaching safepoint: 17702 ns, Cleanup: 14500 ns, At safepoint: 3501 ns, Total: 35703 ns
[2026-01-27T05:35:21.850+0000][68][info ][safepoint   ] Safepoint "Cleanup", Time since last: 148023953763 ns, Reaching safepoint: 138008 ns, Cleanup: 14401 ns, At safepoint: 39103 ns, Total: 191512 ns
[2026-01-27T05:37:07.862+0000][68][info ][safepoint   ] Safepoint "Cleanup", Time since last: 106017763458 ns, Reaching safepoint: 28701 ns, Cleanup: 12901 ns, At safepoint: 3400 ns, Total: 45002 ns
[2026-01-27T05:39:47.875+0000][68][info ][safepoint   ] Safepoint "Cleanup", Time since last: 160025418817 ns, Reaching safepoint: 60004 ns, Cleanup: 14901 ns, At safepoint: 8000 ns, Total: 82905 ns
[2026-01-27T05:41:51.887+0000][68][info ][safepoint   ] Safepoint "Cleanup", Time since last: 124021065347 ns, Reaching safepoint: 16901 ns, Cleanup: 13601 ns, At safepoint: 94406 ns, Total: 124908 ns
[2026-01-27T05:43:20.896+0000][68][info ][safepoint   ] Safepoint "Cleanup", Time since last: 89015122236 ns, Reaching safepoint: 36503 ns, Cleanup: 12900 ns, At safepoint: 3501 ns, Total: 52904 ns
[2026-01-27T05:43:21.897+0000][68][info ][safepoint   ] Safepoint "Cleanup", Time since last: 1000710132 ns, Reaching safepoint: 17301 ns, Cleanup: 12701 ns, At safepoint: 3300 ns, Total: 33302 ns
[2026-01-27T05:43:51.900+0000][68][info ][safepoint   ] Safepoint "Cleanup", Time since last: 30005382439 ns, Reaching safepoint: 20201 ns, Cleanup: 14601 ns, At safepoint: 150410 ns, Total: 185212 ns
[2026-01-27T05:47:01.919+0000][68][info ][safepoint   ] Safepoint "Cleanup", Time since last: 190032244346 ns, Reaching safepoint: 19202 ns, Cleanup: 39702 ns, At safepoint: 51403 ns, Total: 110307 ns
[2026-01-27T05:47:03.705+0000][68][info ][safepoint   ] Safepoint "Cleanup", Time since last: 1785125350 ns, Reaching safepoint: 582837 ns, Cleanup: 164410 ns, At safepoint: 48603 ns, Total: 795850 ns
[2026-01-27T05:47:04.706+0000][68][info ][safepoint   ] Safepoint "Cleanup", Time since last: 1001075736 ns, Reaching safepoint: 18301 ns, Cleanup: 46503 ns, At safepoint: 4000 ns, Total: 68804 ns
[2026-01-27T05:47:20.708+0000][68][info ][safepoint   ] Safepoint "Cleanup", Time since last: 16003226101 ns, Reaching safepoint: 17001 ns, Cleanup: 13001 ns, At safepoint: 41202 ns, Total: 71204 ns
[2026-01-27T05:47:21.708+0000][68][info ][safepoint   ] Safepoint "Cleanup", Time since last: 1000658545 ns, Reaching safepoint: 17801 ns, Cleanup: 13501 ns, At safepoint: 3100 ns, Total: 34402 ns
[2026-01-27T05:47:23.709+0000][68][info ][safepoint   ] Safepoint "Cleanup", Time since last: 2000894698 ns, Reaching safepoint: 34902 ns, Cleanup: 15101 ns, At safepoint: 3600 ns, Total: 53603 ns
[2026-01-27T05:47:54.443+0000][68][info ][safepoint   ] Safepoint "Cleanup", Time since last: 30735174482 ns, Reaching safepoint: 19501 ns, Cleanup: 12501 ns, At safepoint: 4000 ns, Total: 36002 ns
[2026-01-27T05:48:22.445+0000][68][info ][safepoint   ] Safepoint "Cleanup", Time since last: 28004987215 ns, Reaching safepoint: 17801 ns, Cleanup: 16501 ns, At safepoint: 4100 ns, Total: 38402 ns
[2026-01-27T05:50:53.460+0000][68][info ][safepoint   ] Safepoint "Cleanup", Time since last: 151024710159 ns, Reaching safepoint: 34002 ns, Cleanup: 15801 ns, At safepoint: 97006 ns, Total: 146809 ns
[2026-01-27T05:52:07.613+0000][68][info ][safepoint   ] Safepoint "Cleanup", Time since last: 74157574405 ns, Reaching safepoint: 6600 ns, Cleanup: 10101 ns, At safepoint: 3100 ns, Total: 19801 ns
[2026-01-27T05:52:08.909+0000][68][info ][safepoint   ] Safepoint "Cleanup", Time since last: 1298021351 ns, Reaching safepoint: 19301 ns, Cleanup: 15501 ns, At safepoint: 4301 ns, Total: 39103 ns
[2026-01-27T05:58:56.652+0000][68][info ][safepoint   ] Safepoint "Cleanup", Time since last: 407769950781 ns, Reaching safepoint: 36302 ns, Cleanup: 13001 ns, At safepoint: 181911 ns, Total: 231214 ns
[2026-01-27T06:01:22.664+0000][68][info ][safepoint   ] Safepoint "Cleanup", Time since last: 146023059220 ns, Reaching safepoint: 125008 ns, Cleanup: 14501 ns, At safepoint: 13501 ns, Total: 153010 ns
[2026-01-27T06:06:56.698+0000][68][info ][safepoint   ] Safepoint "Cleanup", Time since last: 334056500748 ns, Reaching safepoint: 93606 ns, Cleanup: 15501 ns, At safepoint: 5800 ns, Total: 114907 ns
[2026-01-27T06:10:22.717+0000][68][info ][safepoint   ] Safepoint "Cleanup", Time since last: 206034178460 ns, Reaching safepoint: 53903 ns, Cleanup: 13301 ns, At safepoint: 7301 ns, Total: 74505 ns
[2026-01-27T06:20:22.772+0000][68][info ][safepoint   ] Safepoint "Cleanup", Time since last: 600096630657 ns, Reaching safepoint: 75105 ns, Cleanup: 15501 ns, At safepoint: 5400 ns, Total: 96006 ns
[2026-01-27T06:22:23.784+0000][68][info ][safepoint   ] Safepoint "Cleanup", Time since last: 121020350312 ns, Reaching safepoint: 34703 ns, Cleanup: 13400 ns, At safepoint: 2800 ns, Total: 50903 ns
[2026-01-27T06:33:22.845+0000][68][info ][safepoint   ] Safepoint "Cleanup", Time since last: 659105243585 ns, Reaching safepoint: 36103 ns, Cleanup: 15200 ns, At safepoint: 36003 ns, Total: 87306 ns
[2026-01-27T06:38:22.877+0000][68][info ][safepoint   ] Safepoint "Cleanup", Time since last: 300053495167 ns, Reaching safepoint: 23901 ns, Cleanup: 13601 ns, At safepoint: 4500 ns, Total: 42002 ns
[2026-01-27T06:46:52.918+0000][68][info ][safepoint   ] Safepoint "Cleanup", Time since last: 510082245463 ns, Reaching safepoint: 72406 ns, Cleanup: 14201 ns, At safepoint: 5200 ns, Total: 91807 ns
[2026-01-27T06:46:57.919+0000][68][info ][safepoint   ] Safepoint "Cleanup", Time since last: 5001483932 ns, Reaching safepoint: 19401 ns, Cleanup: 16901 ns, At safepoint: 4501 ns, Total: 40803 ns
[2026-01-27T06:47:01.921+0000][68][info ][safepoint   ] Safepoint "Cleanup", Time since last: 4001054114 ns, Reaching safepoint: 362123 ns, Cleanup: 145510 ns, At safepoint: 72805 ns, Total: 580438 ns
[2026-01-27T06:47:03.549+0000][68][info ][safepoint   ] Safepoint "Cleanup", Time since last: 1628092244 ns, Reaching safepoint: 17801 ns, Cleanup: 115507 ns, At safepoint: 7601 ns, Total: 140909 ns
[2026-01-27T06:47:04.550+0000][68][info ][safepoint   ] Safepoint "Cleanup", Time since last: 1000675281 ns, Reaching safepoint: 19902 ns, Cleanup: 24301 ns, At safepoint: 4100 ns, Total: 48303 ns
[2026-01-27T06:49:22.462+0000][68][info ][safepoint   ] Safepoint "Cleanup", Time since last: 137925187708 ns, Reaching safepoint: 53503 ns, Cleanup: 15301 ns, At safepoint: 3900 ns, Total: 72704 ns
[2026-01-27T06:49:52.465+0000][68][info ][safepoint   ] Safepoint "Cleanup", Time since last: 30005198613 ns, Reaching safepoint: 53003 ns, Cleanup: 100205 ns, At safepoint: 13501 ns, Total: 166709 ns
[2026-01-27T06:50:10.466+0000][68][info ][safepoint   ] Safepoint "Cleanup", Time since last: 18003343894 ns, Reaching safepoint: 22101 ns, Cleanup: 12301 ns, At safepoint: 3200 ns, Total: 37602 ns
[2026-01-27T06:50:14.467+0000][68][info ][safepoint   ] Safepoint "Cleanup", Time since last: 4001042165 ns, Reaching safepoint: 18101 ns, Cleanup: 11201 ns, At safepoint: 2900 ns, Total: 32202 ns
[2026-01-27T06:50:23.469+0000][68][info ][safepoint   ] Safepoint "Cleanup", Time since last: 9001943667 ns, Reaching safepoint: 60603 ns, Cleanup: 12901 ns, At safepoint: 3900 ns, Total: 77404 ns
[2026-01-27T06:52:07.341+0000][68][info ][safepoint   ] Safepoint "Cleanup", Time since last: 103879279012 ns, Reaching safepoint: 8201 ns, Cleanup: 9900 ns, At safepoint: 3800 ns, Total: 21901 ns
[2026-01-27T06:52:08.866+0000][68][info ][safepoint   ] Safepoint "Cleanup", Time since last: 1527927555 ns, Reaching safepoint: 15301 ns, Cleanup: 14401 ns, At safepoint: 3200 ns, Total: 32902 ns
[2026-01-27T06:52:22.868+0000][68][info ][safepoint   ] Safepoint "Cleanup", Time since last: 14002488258 ns, Reaching safepoint: 17501 ns, Cleanup: 14801 ns, At safepoint: 3400 ns, Total: 35702 ns
[2026-01-27T06:53:23.604+0000][68][info ][safepoint   ] Safepoint "Cleanup", Time since last: 60741004618 ns, Reaching safepoint: 16701 ns, Cleanup: 13501 ns, At safepoint: 3300 ns, Total: 33502 ns
[2026-01-27T06:53:52.607+0000][68][info ][safepoint   ] Safepoint "Cleanup", Time since last: 29004480288 ns, Reaching safepoint: 47303 ns, Cleanup: 12101 ns, At safepoint: 3400 ns, Total: 62804 ns
[2026-01-27T06:54:53.611+0000][68][info ][safepoint   ] Safepoint "Cleanup", Time since last: 61009845525 ns, Reaching safepoint: 55303 ns, Cleanup: 13301 ns, At safepoint: 7501 ns, Total: 76105 ns
[2026-01-27T06:57:12.620+0000][68][info ][safepoint   ] Safepoint "Cleanup", Time since last: 139020634638 ns, Reaching safepoint: 16801 ns, Cleanup: 12501 ns, At safepoint: 3300 ns, Total: 32602 ns
[2026-01-27T07:08:22.668+0000][68][info ][safepoint   ] Safepoint "Cleanup", Time since last: 670101727166 ns, Reaching safepoint: 66404 ns, Cleanup: 14601 ns, At safepoint: 8101 ns, Total: 89106 ns
[2026-01-27T07:21:52.745+0000][68][info ][safepoint   ] Safepoint "Cleanup", Time since last: 810136610850 ns, Reaching safepoint: 84204 ns, Cleanup: 19301 ns, At safepoint: 5300 ns, Total: 108805 ns
[2026-01-27T07:25:52.769+0000][68][info ][safepoint   ] Safepoint "Cleanup", Time since last: 240040013639 ns, Reaching safepoint: 122906 ns, Cleanup: 14101 ns, At safepoint: 5000 ns, Total: 142007 ns
[2026-01-27T07:25:53.769+0000][68][info ][safepoint   ] Safepoint "Cleanup", Time since last: 1000634316 ns, Reaching safepoint: 17201 ns, Cleanup: 12900 ns, At safepoint: 3801 ns, Total: 33902 ns
[2026-01-27T07:31:52.808+0000][68][info ][safepoint   ] Safepoint "Cleanup", Time since last: 359063700380 ns, Reaching safepoint: 51502 ns, Cleanup: 19201 ns, At safepoint: 5100 ns, Total: 75803 ns
[2026-01-27T07:31:53.856+0000][68][info ][safepoint   ] Safepoint "Cleanup", Time since last: 1048325715 ns, Reaching safepoint: 24202 ns, Cleanup: 19501 ns, At safepoint: 6100 ns, Total: 49803 ns
[2026-01-27T07:47:01.732+0000][68][info ][safepoint   ] Safepoint "Cleanup", Time since last: 907940320604 ns, Reaching safepoint: 179810 ns, Cleanup: 16800 ns, At safepoint: 72404 ns, Total: 269014 ns
[2026-01-27T07:47:03.193+0000][68][info ][safepoint   ] Safepoint "Cleanup", Time since last: 1460605609 ns, Reaching safepoint: 17701 ns, Cleanup: 22101 ns, At safepoint: 3900 ns, Total: 43702 ns
[2026-01-27T07:47:04.194+0000][68][info ][safepoint   ] Safepoint "Cleanup", Time since last: 1000678070 ns, Reaching safepoint: 17100 ns, Cleanup: 132407 ns, At safepoint: 6301 ns, Total: 155808 ns
[2026-01-27T07:52:07.358+0000][68][info ][safepoint   ] Safepoint "Cleanup", Time since last: 303185046472 ns, Reaching safepoint: 6500 ns, Cleanup: 8301 ns, At safepoint: 29601 ns, Total: 44402 ns
[2026-01-27T07:52:08.835+0000][68][info ][safepoint   ] Safepoint "Cleanup", Time since last: 1479215189 ns, Reaching safepoint: 16001 ns, Cleanup: 11700 ns, At safepoint: 3300 ns, Total: 31001 ns
[2026-01-27T07:52:23.838+0000][68][info ][safepoint   ] Safepoint "Cleanup", Time since last: 15002572322 ns, Reaching safepoint: 16001 ns, Cleanup: 15701 ns, At safepoint: 3800 ns, Total: 35502 ns
[2026-01-27T07:56:23.604+0000][68][info ][safepoint   ] Safepoint "Cleanup", Time since last: 239781604020 ns, Reaching safepoint: 49102 ns, Cleanup: 11501 ns, At safepoint: 6600 ns, Total: 67203 ns
[2026-01-27T07:58:23.615+0000][68][info ][safepoint   ] Safepoint "Cleanup", Time since last: 120018617988 ns, Reaching safepoint: 16701 ns, Cleanup: 124806 ns, At safepoint: 5200 ns, Total: 146707 ns
[2026-01-27T08:01:20.631+0000][68][info ][safepoint   ] Safepoint "Cleanup", Time since last: 177027954250 ns, Reaching safepoint: 130507 ns, Cleanup: 48903 ns, At safepoint: 11800 ns, Total: 191210 ns
[2026-01-27T08:08:27.670+0000][68][info ][safepoint   ] Safepoint "Cleanup", Time since last: 427065831362 ns, Reaching safepoint: 38002 ns, Cleanup: 13800 ns, At safepoint: 38602 ns, Total: 90404 ns
[2026-01-27T08:10:24.680+0000][68][info ][safepoint   ] Safepoint "Cleanup", Time since last: 117017741362 ns, Reaching safepoint: 44902 ns, Cleanup: 11801 ns, At safepoint: 3100 ns, Total: 59803 ns
[2026-01-27T08:10:53.683+0000][68][info ][safepoint   ] Safepoint "Cleanup", Time since last: 29004313924 ns, Reaching safepoint: 47002 ns, Cleanup: 12101 ns, At safepoint: 6800 ns, Total: 65903 ns
[2026-01-27T08:14:23.697+0000][68][info ][safepoint   ] Safepoint "Cleanup", Time since last: 210027495097 ns, Reaching safepoint: 52302 ns, Cleanup: 13501 ns, At safepoint: 3200 ns, Total: 69003 ns
[2026-01-27T08:14:53.700+0000][68][info ][safepoint   ] Safepoint "Cleanup", Time since last: 30004881448 ns, Reaching safepoint: 46703 ns, Cleanup: 14000 ns, At safepoint: 3601 ns, Total: 64304 ns
[2026-01-27T08:32:23.137+0000][68][info ][gc,start    ] GC(15) Pause Young (Normal) (G1 Evacuation Pause)
[2026-01-27T08:32:23.139+0000][68][info ][gc,task     ] GC(15) Using 6 workers of 6 for evacuation
[2026-01-27T08:32:23.139+0000][68][debug][gc,age      ] GC(15) Desired survivor size 41943040 bytes, new threshold 15 (max threshold 15)
[2026-01-27T08:32:23.223+0000][68][info ][gc,phases   ] GC(15)   Pre Evacuate Collection Set: 4.8ms
[2026-01-27T08:32:23.224+0000][68][info ][gc,phases   ] GC(15)   Merge Heap Roots: 0.8ms
[2026-01-27T08:32:23.224+0000][68][info ][gc,phases   ] GC(15)   Evacuate Collection Set: 56.5ms
[2026-01-27T08:32:23.224+0000][68][info ][gc,phases   ] GC(15)   Post Evacuate Collection Set: 18.2ms
[2026-01-27T08:32:23.225+0000][68][info ][gc,phases   ] GC(15)   Other: 4.4ms
[2026-01-27T08:32:23.225+0000][68][trace][gc,age      ] GC(15) Age table with threshold 15 (max threshold 15)
[2026-01-27T08:32:23.225+0000][68][trace][gc,age      ] GC(15) - age   1:     373288 bytes,     373288 total
[2026-01-27T08:32:23.225+0000][68][info ][gc,heap     ] GC(15) Eden regions: 151->0(140)
[2026-01-27T08:32:23.226+0000][68][info ][gc,heap     ] GC(15) Survivor regions: 2->1(20)
[2026-01-27T08:32:23.226+0000][68][info ][gc,heap     ] GC(15) Old regions: 23->23
[2026-01-27T08:32:23.226+0000][68][info ][gc,heap     ] GC(15) Humongous regions: 0->0
[2026-01-27T08:32:23.227+0000][68][info ][gc,metaspace] GC(15) Metaspace: 129791K(133248K)->129791K(133248K) NonClass: 112213K(114112K)->112213K(114112K) Class: 17578K(19136K)->17578K(19136K)
[2026-01-27T08:32:23.227+0000][68][info ][gc          ] GC(15) Pause Young (Normal) (G1 Evacuation Pause) 698M->91M(1024M) 90.324ms
[2026-01-27T08:32:23.228+0000][68][info ][gc,cpu      ] GC(15) User=0.23s Sys=0.02s Real=0.09s
[2026-01-27T08:32:23.228+0000][68][info ][safepoint   ] Safepoint "G1CollectForAllocation", Time since last: 1049502161698 ns, Reaching safepoint: 33802 ns, Cleanup: 6900 ns, At safepoint: 93484915 ns, Total: 93525617 ns
[2026-01-27T08:33:53.239+0000][68][info ][safepoint   ] Safepoint "Cleanup", Time since last: 90016338537 ns, Reaching safepoint: 57903 ns, Cleanup: 12200 ns, At safepoint: 7601 ns, Total: 77704 ns
[2026-01-27T08:34:28.244+0000][68][info ][safepoint   ] Safepoint "Cleanup", Time since last: 35006391854 ns, Reaching safepoint: 156309 ns, Cleanup: 19101 ns, At safepoint: 16401 ns, Total: 191811 ns
[2026-01-27T08:37:12.262+0000][68][info ][safepoint   ] Safepoint "Cleanup", Time since last: 164029418192 ns, Reaching safepoint: 18701 ns, Cleanup: 14401 ns, At safepoint: 33502 ns, Total: 66604 ns
[2026-01-27T08:47:02.110+0000][68][info ][safepoint   ] Safepoint "Cleanup", Time since last: 589882883276 ns, Reaching safepoint: 2197519 ns, Cleanup: 22601 ns, At safepoint: 138407 ns, Total: 2358527 ns
[2026-01-27T08:47:03.652+0000][68][info ][safepoint   ] Safepoint "Cleanup", Time since last: 1541930948 ns, Reaching safepoint: 226813 ns, Cleanup: 146408 ns, At safepoint: 78304 ns, Total: 451525 ns
[2026-01-27T08:47:04.935+0000][68][info ][safepoint   ] Safepoint "ICBufferFull", Time since last: 1282003014 ns, Reaching safepoint: 18401 ns, Cleanup: 175110 ns, At safepoint: 5900 ns, Total: 199411 ns
[2026-01-27T08:47:05.935+0000][68][info ][safepoint   ] Safepoint "Cleanup", Time since last: 1000709526 ns, Reaching safepoint: 24501 ns, Cleanup: 87505 ns, At safepoint: 5700 ns, Total: 117706 ns
[2026-01-27T08:47:06.936+0000][68][info ][safepoint   ] Safepoint "Cleanup", Time since last: 1000741060 ns, Reaching safepoint: 22302 ns, Cleanup: 34501 ns, At safepoint: 4301 ns, Total: 61104 ns
[2026-01-27T08:47:07.937+0000][68][info ][safepoint   ] Safepoint "Cleanup", Time since last: 1000656855 ns, Reaching safepoint: 144608 ns, Cleanup: 43303 ns, At safepoint: 49402 ns, Total: 237313 ns
[2026-01-27T08:47:09.033+0000][68][info ][safepoint   ] Safepoint "Cleanup", Time since last: 1000656256 ns, Reaching safepoint: 97271335 ns, Cleanup: 67503 ns, At safepoint: 156409 ns, Total: 97495247 ns
[2026-01-27T08:47:10.035+0000][68][info ][safepoint   ] Safepoint "Cleanup", Time since last: 1001395295 ns, Reaching safepoint: 21001 ns, Cleanup: 19402 ns, At safepoint: 3500 ns, Total: 43903 ns
[2026-01-27T08:47:12.035+0000][68][info ][safepoint   ] Safepoint "Cleanup", Time since last: 2000850886 ns, Reaching safepoint: 18901 ns, Cleanup: 17201 ns, At safepoint: 3700 ns, Total: 39802 ns
[2026-01-27T08:47:13.075+0000][68][info ][safepoint   ] Safepoint "Cleanup", Time since last: 1039943371 ns, Reaching safepoint: 8400 ns, Cleanup: 18801 ns, At safepoint: 4200 ns, Total: 31401 ns
[2026-01-27T08:47:14.178+0000][68][info ][safepoint   ] Safepoint "Cleanup", Time since last: 1102095916 ns, Reaching safepoint: 9001 ns, Cleanup: 18401 ns, At safepoint: 41302 ns, Total: 68704 ns
[2026-01-27T08:47:15.983+0000][68][info ][safepoint   ] Safepoint "Cleanup", Time since last: 1805661784 ns, Reaching safepoint: 20901 ns, Cleanup: 164309 ns, At safepoint: 7500 ns, Total: 192710 ns
[2026-01-27T08:47:16.984+0000][68][info ][safepoint   ] Safepoint "Cleanup", Time since last: 1000670058 ns, Reaching safepoint: 20401 ns, Cleanup: 27101 ns, At safepoint: 4701 ns, Total: 52203 ns
[2026-01-27T08:47:18.208+0000][68][info ][safepoint   ] Safepoint "Cleanup", Time since last: 1223613056 ns, Reaching safepoint: 8501 ns, Cleanup: 77904 ns, At safepoint: 46603 ns, Total: 133008 ns
[2026-01-27T08:47:19.712+0000][68][info ][safepoint   ] Safepoint "Cleanup", Time since last: 1504088352 ns, Reaching safepoint: 173609 ns, Cleanup: 152609 ns, At safepoint: 66903 ns, Total: 393121 ns
[2026-01-27T08:47:20.713+0000][68][info ][safepoint   ] Safepoint "Cleanup", Time since last: 1000918171 ns, Reaching safepoint: 19701 ns, Cleanup: 20701 ns, At safepoint: 3900 ns, Total: 44302 ns
[2026-01-27T08:47:21.714+0000][68][info ][safepoint   ] Safepoint "Cleanup", Time since last: 1000646096 ns, Reaching safepoint: 22402 ns, Cleanup: 87704 ns, At safepoint: 4401 ns, Total: 114507 ns
[2026-01-27T08:47:23.162+0000][68][info ][safepoint   ] Safepoint "Cleanup", Time since last: 1448113799 ns, Reaching safepoint: 19601 ns, Cleanup: 41302 ns, At safepoint: 5001 ns, Total: 65904 ns
[2026-01-27T08:47:24.163+0000][68][info ][safepoint   ] Safepoint "Cleanup", Time since last: 1000725271 ns, Reaching safepoint: 18801 ns, Cleanup: 17101 ns, At safepoint: 3700 ns, Total: 39602 ns
[2026-01-27T08:47:27.164+0000][68][info ][safepoint   ] Safepoint "Cleanup", Time since last: 3001041752 ns, Reaching safepoint: 18601 ns, Cleanup: 15301 ns, At safepoint: 3300 ns, Total: 37202 ns
[2026-01-27T08:47:47.166+0000][68][info ][safepoint   ] Safepoint "Cleanup", Time since last: 20003812848 ns, Reaching safepoint: 21501 ns, Cleanup: 17001 ns, At safepoint: 4600 ns, Total: 43102 ns
[2026-01-27T08:48:14.363+0000][68][info ][safepoint   ] Safepoint "Cleanup", Time since last: 27199152664 ns, Reaching safepoint: 19301 ns, Cleanup: 14200 ns, At safepoint: 4600 ns, Total: 38101 ns
[2026-01-27T08:48:32.367+0000][68][info ][safepoint   ] Safepoint "Cleanup", Time since last: 18003610617 ns, Reaching safepoint: 17801 ns, Cleanup: 13201 ns, At safepoint: 3300 ns, Total: 34302 ns
[2026-01-27T08:49:14.371+0000][68][info ][safepoint   ] Safepoint "Cleanup", Time since last: 42008118796 ns, Reaching safepoint: 106906 ns, Cleanup: 15201 ns, At safepoint: 5500 ns, Total: 127607 ns
[2026-01-27T08:52:22.521+0000][68][info ][safepoint   ] Safepoint "Cleanup", Time since last: 188160864446 ns, Reaching safepoint: 13901 ns, Cleanup: 20901 ns, At safepoint: 33502 ns, Total: 68304 ns
[2026-01-27T08:52:23.948+0000][68][info ][safepoint   ] Safepoint "Cleanup", Time since last: 1427091428 ns, Reaching safepoint: 17501 ns, Cleanup: 26202 ns, At safepoint: 2900 ns, Total: 46603 ns
[2026-01-27T08:52:27.361+0000][68][info ][safepoint   ] Safepoint "Cleanup", Time since last: 3413459530 ns, Reaching safepoint: 6700 ns, Cleanup: 10300 ns, At safepoint: 3001 ns, Total: 20001 ns
[2026-01-27T08:52:28.856+0000][68][info ][safepoint   ] Safepoint "Cleanup", Time since last: 1494655139 ns, Reaching safepoint: 17301 ns, Cleanup: 12801 ns, At safepoint: 3100 ns, Total: 33202 ns
[2026-01-27T08:53:54.546+0000][68][info ][safepoint   ] Safepoint "Cleanup", Time since last: 85695382200 ns, Reaching safepoint: 53403 ns, Cleanup: 18001 ns, At safepoint: 7600 ns, Total: 79004 ns
[2026-01-27T08:55:52.557+0000][68][info ][safepoint   ] Safepoint "Cleanup", Time since last: 118018682546 ns, Reaching safepoint: 49602 ns, Cleanup: 12301 ns, At safepoint: 3300 ns, Total: 65203 ns
[2026-01-27T08:55:54.557+0000][68][info ][safepoint   ] Safepoint "Cleanup", Time since last: 2000792349 ns, Reaching safepoint: 15201 ns, Cleanup: 13301 ns, At safepoint: 2900 ns, Total: 31402 ns
[2026-01-27T09:02:24.593+0000][68][info ][safepoint   ] Safepoint "Cleanup", Time since last: 390061513200 ns, Reaching safepoint: 111707 ns, Cleanup: 18501 ns, At safepoint: 5100 ns, Total: 135308 ns
[2026-01-27T09:13:54.660+0000][68][info ][safepoint   ] Safepoint "Cleanup", Time since last: 690113613075 ns, Reaching safepoint: 78104 ns, Cleanup: 14701 ns, At safepoint: 5100 ns, Total: 97905 ns
[2026-01-27T09:14:07.663+0000][68][info ][safepoint   ] Safepoint "Cleanup", Time since last: 13002804161 ns, Reaching safepoint: 18001 ns, Cleanup: 13701 ns, At safepoint: 4400 ns, Total: 36102 ns
[2026-01-27T09:26:23.704+0000][68][info ][safepoint   ] Safepoint "Cleanup", Time since last: 736108448723 ns, Reaching safepoint: 169514 ns, Cleanup: 16101 ns, At safepoint: 5800 ns, Total: 191415 ns
[2026-01-27T09:27:54.711+0000][68][info ][safepoint   ] Safepoint "Cleanup", Time since last: 91015488195 ns, Reaching safepoint: 50204 ns, Cleanup: 12701 ns, At safepoint: 3900 ns, Total: 66805 ns
[2026-01-27T09:31:37.728+0000][68][info ][safepoint   ] Safepoint "Cleanup", Time since last: 223034903575 ns, Reaching safepoint: 120408 ns, Cleanup: 14601 ns, At safepoint: 12101 ns, Total: 147110 ns
[2026-01-27T09:32:19.729+0000][68][info ][safepoint   ] Safepoint "Cleanup", Time since last: 42006432197 ns, Reaching safepoint: 17602 ns, Cleanup: 13301 ns, At safepoint: 33702 ns, Total: 64605 ns
[2026-01-27T09:41:54.771+0000][68][info ][safepoint   ] Safepoint "Cleanup", Time since last: 575091327615 ns, Reaching safepoint: 129910 ns, Cleanup: 16801 ns, At safepoint: 7001 ns, Total: 153712 ns
[2026-01-27T09:42:17.773+0000][68][info ][safepoint   ] Safepoint "Cleanup", Time since last: 23004177632 ns, Reaching safepoint: 50703 ns, Cleanup: 12801 ns, At safepoint: 8301 ns, Total: 71805 ns
[2026-01-27T09:42:19.774+0000][68][info ][safepoint   ] Safepoint "Cleanup", Time since last: 2000846881 ns, Reaching safepoint: 17401 ns, Cleanup: 12501 ns, At safepoint: 3900 ns, Total: 33802 ns
[2026-01-27T09:43:03.779+0000][68][info ][safepoint   ] Safepoint "Cleanup", Time since last: 44007592381 ns, Reaching safepoint: 17201 ns, Cleanup: 7600 ns, At safepoint: 3601 ns, Total: 28402 ns
[2026-01-27T09:47:00.800+0000][68][info ][safepoint   ] Safepoint "Cleanup", Time since last: 237041524658 ns, Reaching safepoint: 316224 ns, Cleanup: 19602 ns, At safepoint: 52404 ns, Total: 388230 ns
[2026-01-27T09:47:02.742+0000][68][info ][safepoint   ] Safepoint "Cleanup", Time since last: 1941522511 ns, Reaching safepoint: 19001 ns, Cleanup: 38303 ns, At safepoint: 3600 ns, Total: 60904 ns
[2026-01-27T09:47:03.745+0000][68][info ][safepoint   ] Safepoint "Cleanup", Time since last: 1002797047 ns, Reaching safepoint: 18201 ns, Cleanup: 187814 ns, At safepoint: 7401 ns, Total: 213416 ns
[2026-01-27T09:48:24.324+0000][68][info ][safepoint   ] Safepoint "Cleanup", Time since last: 80586285906 ns, Reaching safepoint: 22901 ns, Cleanup: 16702 ns, At safepoint: 93007 ns, Total: 132610 ns
[2026-01-27T10:06:24.545+0000][68][info ][safepoint   ] Safepoint "Cleanup", Time since last: 1080311622963 ns, Reaching safepoint: 71706 ns, Cleanup: 14401 ns, At safepoint: 8400 ns, Total: 94507 ns
[2026-01-27T10:06:54.548+0000][68][info ][safepoint   ] Safepoint "Cleanup", Time since last: 30005803490 ns, Reaching safepoint: 54404 ns, Cleanup: 13501 ns, At safepoint: 8100 ns, Total: 76005 ns
[2026-01-27T10:08:54.561+0000][68][info ][safepoint   ] Safepoint "Cleanup", Time since last: 120022757529 ns, Reaching safepoint: 97307 ns, Cleanup: 16301 ns, At safepoint: 10001 ns, Total: 123609 ns
[2026-01-27T10:10:31.571+0000][68][info ][safepoint   ] Safepoint "Cleanup", Time since last: 97017274368 ns, Reaching safepoint: 71205 ns, Cleanup: 19002 ns, At safepoint: 11501 ns, Total: 101708 ns
[2026-01-27T10:20:24.615+0000][68][info ][safepoint   ] Safepoint "Cleanup", Time since last: 593096759169 ns, Reaching safepoint: 87209 ns, Cleanup: 16701 ns, At safepoint: 9801 ns, Total: 113711 ns
[2026-01-27T10:24:24.632+0000][68][info ][safepoint   ] Safepoint "Cleanup", Time since last: 240037161007 ns, Reaching safepoint: 58204 ns, Cleanup: 15402 ns, At safepoint: 9100 ns, Total: 82706 ns
[2026-01-27T10:35:54.685+0000][68][info ][safepoint   ] Safepoint "Cleanup", Time since last: 690111372133 ns, Reaching safepoint: 73106 ns, Cleanup: 14202 ns, At safepoint: 7900 ns, Total: 95208 ns
[2026-01-27T10:36:27.688+0000][68][info ][safepoint   ] Safepoint "Cleanup", Time since last: 33005037660 ns, Reaching safepoint: 63804 ns, Cleanup: 13201 ns, At safepoint: 3601 ns, Total: 80606 ns
[2026-01-27T10:46:22.733+0000][68][info ][safepoint   ] Safepoint "Cleanup", Time since last: 595092812369 ns, Reaching safepoint: 67204 ns, Cleanup: 12801 ns, At safepoint: 4200 ns, Total: 84205 ns
[2026-01-27T10:47:00.738+0000][68][info ][safepoint   ] Safepoint "Cleanup", Time since last: 38006449742 ns, Reaching safepoint: 606341 ns, Cleanup: 13801 ns, At safepoint: 45604 ns, Total: 665746 ns
[2026-01-27T10:47:02.212+0000][68][info ][safepoint   ] Safepoint "Cleanup", Time since last: 1474035654 ns, Reaching safepoint: 214815 ns, Cleanup: 193314 ns, At safepoint: 91906 ns, Total: 500035 ns
[2026-01-27T10:47:03.657+0000][68][info ][safepoint   ] Safepoint "Cleanup", Time since last: 1444160586 ns, Reaching safepoint: 18702 ns, Cleanup: 187813 ns, At safepoint: 8100 ns, Total: 214615 ns
[2026-01-27T10:47:04.657+0000][68][info ][safepoint   ] Safepoint "Cleanup", Time since last: 1000604677 ns, Reaching safepoint: 18701 ns, Cleanup: 19602 ns, At safepoint: 4100 ns, Total: 42403 ns
[2026-01-27T10:47:05.658+0000][68][info ][safepoint   ] Safepoint "Cleanup", Time since last: 1000498269 ns, Reaching safepoint: 19002 ns, Cleanup: 55103 ns, At safepoint: 4201 ns, Total: 78306 ns
[2026-01-27T10:47:07.659+0000][68][info ][safepoint   ] Safepoint "Cleanup", Time since last: 2000770223 ns, Reaching safepoint: 17101 ns, Cleanup: 12801 ns, At safepoint: 3300 ns, Total: 33202 ns
[2026-01-27T10:47:11.146+0000][68][info ][safepoint   ] Safepoint "Cleanup", Time since last: 3489787238 ns, Reaching safepoint: 7800 ns, Cleanup: 20402 ns, At safepoint: 37202 ns, Total: 65404 ns
[2026-01-27T10:47:12.155+0000][68][info ][safepoint   ] Safepoint "Cleanup", Time since last: 1008703026 ns, Reaching safepoint: 19901 ns, Cleanup: 35203 ns, At safepoint: 3800 ns, Total: 58904 ns
[2026-01-27T10:47:13.156+0000][68][info ][safepoint   ] Safepoint "Cleanup", Time since last: 1000662575 ns, Reaching safepoint: 16201 ns, Cleanup: 31602 ns, At safepoint: 3801 ns, Total: 51604 ns
[2026-01-27T10:47:15.149+0000][68][info ][safepoint   ] Safepoint "Cleanup", Time since last: 1992932076 ns, Reaching safepoint: 134809 ns, Cleanup: 80706 ns, At safepoint: 46703 ns, Total: 262218 ns
[2026-01-27T10:47:16.150+0000][68][info ][safepoint   ] Safepoint "Cleanup", Time since last: 1000721047 ns, Reaching safepoint: 15701 ns, Cleanup: 30002 ns, At safepoint: 3400 ns, Total: 49103 ns
[2026-01-27T10:47:17.579+0000][68][info ][safepoint   ] Safepoint "Cleanup", Time since last: 1429097220 ns, Reaching safepoint: 19501 ns, Cleanup: 24502 ns, At safepoint: 3700 ns, Total: 47703 ns
[2026-01-27T10:47:22.580+0000][68][info ][safepoint   ] Safepoint "Cleanup", Time since last: 5001525048 ns, Reaching safepoint: 49804 ns, Cleanup: 13401 ns, At safepoint: 7100 ns, Total: 70305 ns
[2026-01-27T10:47:25.582+0000][68][info ][safepoint   ] Safepoint "Cleanup", Time since last: 3001056850 ns, Reaching safepoint: 16801 ns, Cleanup: 14701 ns, At safepoint: 3700 ns, Total: 35202 ns
[2026-01-27T10:48:12.305+0000][68][info ][safepoint   ] Safepoint "Cleanup", Time since last: 46729010479 ns, Reaching safepoint: 15201 ns, Cleanup: 11501 ns, At safepoint: 3500 ns, Total: 30202 ns
[2026-01-27T10:52:17.320+0000][68][info ][safepoint   ] Safepoint "Cleanup", Time since last: 245034184709 ns, Reaching safepoint: 16001 ns, Cleanup: 10801 ns, At safepoint: 3500 ns, Total: 30302 ns
[2026-01-27T10:52:18.332+0000][68][info ][safepoint   ] Safepoint "Cleanup", Time since last: 1011174542 ns, Reaching safepoint: 9701 ns, Cleanup: 23502 ns, At safepoint: 37102 ns, Total: 70305 ns
[2026-01-27T10:52:19.337+0000][68][info ][safepoint   ] Safepoint "Cleanup", Time since last: 1005556951 ns, Reaching safepoint: 7401 ns, Cleanup: 77105 ns, At safepoint: 37103 ns, Total: 121609 ns
[2026-01-27T10:52:21.225+0000][68][info ][safepoint   ] Safepoint "Cleanup", Time since last: 1887685345 ns, Reaching safepoint: 19401 ns, Cleanup: 19602 ns, At safepoint: 3900 ns, Total: 42903 ns
[2026-01-27T10:52:25.226+0000][68][info ][safepoint   ] Safepoint "Cleanup", Time since last: 4001095167 ns, Reaching safepoint: 49403 ns, Cleanup: 14101 ns, At safepoint: 3500 ns, Total: 67004 ns
[2026-01-27T10:52:33.228+0000][68][info ][safepoint   ] Safepoint "Cleanup", Time since last: 8001710408 ns, Reaching safepoint: 17502 ns, Cleanup: 12600 ns, At safepoint: 2901 ns, Total: 33003 ns
[2026-01-27T10:55:55.474+0000][68][info ][safepoint   ] Safepoint "Cleanup", Time since last: 202262950491 ns, Reaching safepoint: 130610 ns, Cleanup: 15201 ns, At safepoint: 11300 ns, Total: 157111 ns
[2026-01-27T10:57:20.480+0000][68][info ][safepoint   ] Safepoint "Cleanup", Time since last: 85013089662 ns, Reaching safepoint: 22002 ns, Cleanup: 13701 ns, At safepoint: 3000 ns, Total: 38703 ns
[2026-01-27T11:00:25.492+0000][68][info ][safepoint   ] Safepoint "Cleanup", Time since last: 185026616715 ns, Reaching safepoint: 37303 ns, Cleanup: 13801 ns, At safepoint: 41503 ns, Total: 92607 ns
[2026-01-27T11:03:25.506+0000][68][info ][safepoint   ] Safepoint "Cleanup", Time since last: 180028738807 ns, Reaching safepoint: 34503 ns, Cleanup: 14501 ns, At safepoint: 38002 ns, Total: 87006 ns
[2026-01-27T11:04:25.511+0000][68][info ][safepoint   ] Safepoint "Cleanup", Time since last: 60009489076 ns, Reaching safepoint: 27502 ns, Cleanup: 13200 ns, At safepoint: 42704 ns, Total: 83406 ns
[2026-01-27T11:07:42.524+0000][68][info ][safepoint   ] Safepoint "Cleanup", Time since last: 197030239671 ns, Reaching safepoint: 60904 ns, Cleanup: 14601 ns, At safepoint: 4400 ns, Total: 79905 ns
[2026-01-27T11:10:25.539+0000][68][info ][safepoint   ] Safepoint "Cleanup", Time since last: 163026902937 ns, Reaching safepoint: 139410 ns, Cleanup: 16401 ns, At safepoint: 15401 ns, Total: 171212 ns
[2026-01-27T11:13:55.562+0000][68][info ][safepoint   ] Safepoint "Cleanup", Time since last: 210040430125 ns, Reaching safepoint: 66305 ns, Cleanup: 17501 ns, At safepoint: 9301 ns, Total: 93107 ns
[2026-01-27T11:14:55.569+0000][68][info ][safepoint   ] Safepoint "Cleanup", Time since last: 60011512669 ns, Reaching safepoint: 69705 ns, Cleanup: 13201 ns, At safepoint: 4301 ns, Total: 87207 ns
[2026-01-27T11:16:26.714+0000][68][info ][gc,start    ] GC(16) Pause Young (Normal) (G1 Evacuation Pause)
[2026-01-27T11:16:26.716+0000][68][info ][gc,task     ] GC(16) Using 6 workers of 6 for evacuation
[2026-01-27T11:16:26.718+0000][68][debug][gc,age      ] GC(16) Desired survivor size 37748736 bytes, new threshold 15 (max threshold 15)
[2026-01-27T11:16:26.820+0000][68][info ][gc,phases   ] GC(16)   Pre Evacuate Collection Set: 5.6ms
[2026-01-27T11:16:26.821+0000][68][info ][gc,phases   ] GC(16)   Merge Heap Roots: 1.9ms
[2026-01-27T11:16:26.821+0000][68][info ][gc,phases   ] GC(16)   Evacuate Collection Set: 76.5ms
[2026-01-27T11:16:26.822+0000][68][info ][gc,phases   ] GC(16)   Post Evacuate Collection Set: 16.6ms
[2026-01-27T11:16:26.822+0000][68][info ][gc,phases   ] GC(16)   Other: 4.0ms
[2026-01-27T11:16:26.822+0000][68][trace][gc,age      ] GC(16) Age table with threshold 15 (max threshold 15)
[2026-01-27T11:16:26.823+0000][68][trace][gc,age      ] GC(16) - age   1:    1926784 bytes,    1926784 total
[2026-01-27T11:16:26.823+0000][68][trace][gc,age      ] GC(16) - age   2:     261688 bytes,    2188472 total
[2026-01-27T11:16:26.823+0000][68][info ][gc,heap     ] GC(16) Eden regions: 143->0(138)
[2026-01-27T11:16:26.824+0000][68][info ][gc,heap     ] GC(16) Survivor regions: 1->1(18)
[2026-01-27T11:16:26.824+0000][68][info ][gc,heap     ] GC(16) Old regions: 23->23
[2026-01-27T11:16:26.824+0000][68][info ][gc,heap     ] GC(16) Humongous regions: 0->0
[2026-01-27T11:16:26.825+0000][68][info ][gc,metaspace] GC(16) Metaspace: 131509K(134976K)->131509K(134976K) NonClass: 113756K(115648K)->113756K(115648K) Class: 17752K(19328K)->17752K(19328K)
[2026-01-27T11:16:26.825+0000][68][info ][gc          ] GC(16) Pause Young (Normal) (G1 Evacuation Pause) 663M->91M(1024M) 111.374ms
[2026-01-27T11:16:26.826+0000][68][info ][gc,cpu      ] GC(16) User=0.45s Sys=0.00s Real=0.12s
[2026-01-27T11:16:26.827+0000][68][info ][safepoint   ] Safepoint "G1CollectForAllocation", Time since last: 91150770060 ns, Reaching safepoint: 32902 ns, Cleanup: 7101 ns, At safepoint: 115254166 ns, Total: 115294169 ns
[2026-01-27T11:21:22.306+0000][68][info ][safepoint   ] Safepoint "Cleanup", Time since last: 295509503269 ns, Reaching safepoint: 77706 ns, Cleanup: 14601 ns, At safepoint: 41403 ns, Total: 133710 ns
[2026-01-27T11:21:23.307+0000][68][info ][safepoint   ] Safepoint "Cleanup", Time since last: 1000745730 ns, Reaching safepoint: 23102 ns, Cleanup: 17901 ns, At safepoint: 4100 ns, Total: 45103 ns
[2026-01-27T11:21:25.307+0000][68][info ][safepoint   ] Safepoint "Cleanup", Time since last: 2000773308 ns, Reaching safepoint: 17602 ns, Cleanup: 17501 ns, At safepoint: 4100 ns, Total: 39203 ns
[2026-01-27T11:39:28.386+0000][68][info ][safepoint   ] Safepoint "Cleanup", Time since last: 1083189325563 ns, Reaching safepoint: 94907 ns, Cleanup: 48904 ns, At safepoint: 17001 ns, Total: 160812 ns
[2026-01-27T11:47:01.161+0000][68][info ][safepoint   ] Safepoint "Cleanup", Time since last: 452820320079 ns, Reaching safepoint: 193314 ns, Cleanup: 104208 ns, At safepoint: 44903 ns, Total: 342425 ns
[2026-01-27T11:47:02.690+0000][68][info ][safepoint   ] Safepoint "Cleanup", Time since last: 1528351188 ns, Reaching safepoint: 23102 ns, Cleanup: 39003 ns, At safepoint: 4100 ns, Total: 66205 ns
[2026-01-27T11:47:04.328+0000][68][info ][safepoint   ] Safepoint "Cleanup", Time since last: 1638019417 ns, Reaching safepoint: 21101 ns, Cleanup: 31502 ns, At safepoint: 4601 ns, Total: 57204 ns
[2026-01-27T11:47:17.328+0000][68][info ][safepoint   ] Safepoint "Cleanup", Time since last: 13002780665 ns, Reaching safepoint: 22101 ns, Cleanup: 13601 ns, At safepoint: 4100 ns, Total: 39802 ns
[2026-01-27T11:47:26.330+0000][68][info ][safepoint   ] Safepoint "Cleanup", Time since last: 9002178249 ns, Reaching safepoint: 27602 ns, Cleanup: 19301 ns, At safepoint: 3501 ns, Total: 50404 ns
[2026-01-27T11:52:07.219+0000][68][info ][safepoint   ] Safepoint "Cleanup", Time since last: 280915638329 ns, Reaching safepoint: 148312 ns, Cleanup: 16601 ns, At safepoint: 53404 ns, Total: 218317 ns
[2026-01-27T11:52:08.825+0000][68][info ][safepoint   ] Safepoint "Cleanup", Time since last: 1606254926 ns, Reaching safepoint: 40603 ns, Cleanup: 23202 ns, At safepoint: 4601 ns, Total: 68406 ns
[2026-01-27T11:54:26.544+0000][68][info ][safepoint   ] Safepoint "Cleanup", Time since last: 137732584992 ns, Reaching safepoint: 88907 ns, Cleanup: 13401 ns, At safepoint: 42904 ns, Total: 145212 ns
[2026-01-27T12:08:56.610+0000][68][info ][safepoint   ] Safepoint "Cleanup", Time since last: 870148291614 ns, Reaching safepoint: 175213 ns, Cleanup: 19102 ns, At safepoint: 5300 ns, Total: 199615 ns
[2026-01-27T12:16:26.638+0000][68][info ][safepoint   ] Safepoint "Cleanup", Time since last: 450069565531 ns, Reaching safepoint: 86206 ns, Cleanup: 15101 ns, At safepoint: 8601 ns, Total: 109908 ns
[2026-01-27T12:29:26.691+0000][68][info ][safepoint   ] Safepoint "Cleanup", Time since last: 780120143657 ns, Reaching safepoint: 70806 ns, Cleanup: 14901 ns, At safepoint: 8501 ns, Total: 94208 ns
[2026-01-27T12:46:59.766+0000][68][info ][safepoint   ] Safepoint "Cleanup", Time since last: 1053161728196 ns, Reaching safepoint: 306922 ns, Cleanup: 78605 ns, At safepoint: 64205 ns, Total: 449732 ns
[2026-01-27T12:47:02.528+0000][68][info ][safepoint   ] Safepoint "Cleanup", Time since last: 2761401932 ns, Reaching safepoint: 18002 ns, Cleanup: 22201 ns, At safepoint: 4000 ns, Total: 44203 ns
[2026-01-27T12:52:07.452+0000][68][info ][safepoint   ] Safepoint "Cleanup", Time since last: 304949162200 ns, Reaching safepoint: 5901 ns, Cleanup: 9000 ns, At safepoint: 3200 ns, Total: 18101 ns
[2026-01-27T12:52:08.530+0000][68][info ][safepoint   ] Safepoint "Cleanup", Time since last: 1077477716 ns, Reaching safepoint: 19202 ns, Cleanup: 16801 ns, At safepoint: 3800 ns, Total: 39803 ns
[2026-01-27T13:27:56.578+0000][68][info ][safepoint   ] Safepoint "Cleanup", Time since last: 2148219798594 ns, Reaching safepoint: 50804 ns, Cleanup: 12201 ns, At safepoint: 7000 ns, Total: 70005 ns
[2026-01-27T13:27:58.579+0000][68][info ][safepoint   ] Safepoint "Cleanup", Time since last: 2000828235 ns, Reaching safepoint: 17501 ns, Cleanup: 12401 ns, At safepoint: 3500 ns, Total: 33402 ns
[2026-01-27T13:30:56.591+0000][68][info ][safepoint   ] Safepoint "Cleanup", Time since last: 178026654169 ns, Reaching safepoint: 51004 ns, Cleanup: 13501 ns, At safepoint: 7700 ns, Total: 72205 ns
[2026-01-27T13:36:56.622+0000][68][info ][safepoint   ] Safepoint "Cleanup", Time since last: 360059163845 ns, Reaching safepoint: 48903 ns, Cleanup: 12001 ns, At safepoint: 8101 ns, Total: 69005 ns
[2026-01-27T13:42:18.829+0000][68][info ][safepoint   ] Safepoint "Cleanup", Time since last: 322233155148 ns, Reaching safepoint: 19602 ns, Cleanup: 12100 ns, At safepoint: 32503 ns, Total: 64205 ns
[2026-01-27T13:46:59.569+0000][68][info ][safepoint   ] Safepoint "Cleanup", Time since last: 280760197692 ns, Reaching safepoint: 125108 ns, Cleanup: 27502 ns, At safepoint: 46803 ns, Total: 199413 ns
[2026-01-27T13:47:00.978+0000][68][info ][safepoint   ] Safepoint "Cleanup", Time since last: 1409537501 ns, Reaching safepoint: 16101 ns, Cleanup: 16501 ns, At safepoint: 2900 ns, Total: 35502 ns
[2026-01-27T13:47:01.979+0000][68][info ][safepoint   ] Safepoint "Cleanup", Time since last: 1000701864 ns, Reaching safepoint: 18501 ns, Cleanup: 16901 ns, At safepoint: 3801 ns, Total: 39203 ns
[2026-01-27T13:47:27.093+0000][68][info ][safepoint   ] Safepoint "Cleanup", Time since last: 25116214623 ns, Reaching safepoint: 52704 ns, Cleanup: 13201 ns, At safepoint: 7300 ns, Total: 73205 ns
[2026-01-27T13:50:58.109+0000][68][info ][safepoint   ] Safepoint "Cleanup", Time since last: 211032382459 ns, Reaching safepoint: 50003 ns, Cleanup: 11801 ns, At safepoint: 3600 ns, Total: 65404 ns
[2026-01-27T13:52:02.131+0000][68][info ][safepoint   ] Safepoint "Cleanup", Time since last: 64027058708 ns, Reaching safepoint: 7401 ns, Cleanup: 8400 ns, At safepoint: 3100 ns, Total: 18901 ns
[2026-01-27T13:52:03.421+0000][68][info ][safepoint   ] Safepoint "Cleanup", Time since last: 1289501656 ns, Reaching safepoint: 17601 ns, Cleanup: 16001 ns, At safepoint: 3701 ns, Total: 37303 ns
[2026-01-27T13:52:27.246+0000][68][info ][safepoint   ] Safepoint "Cleanup", Time since last: 23827281003 ns, Reaching safepoint: 83606 ns, Cleanup: 12601 ns, At safepoint: 8800 ns, Total: 105007 ns
[2026-01-27T14:11:27.326+0000][68][info ][safepoint   ] Safepoint "Cleanup", Time since last: 1140169897712 ns, Reaching safepoint: 17902 ns, Cleanup: 12501 ns, At safepoint: 37302 ns, Total: 67705 ns
[2026-01-27T14:23:18.376+0000][68][info ][safepoint   ] Safepoint "Cleanup", Time since last: 711106892018 ns, Reaching safepoint: 18201 ns, Cleanup: 12801 ns, At safepoint: 3500 ns, Total: 34502 ns
[2026-01-27T14:32:20.414+0000][68][info ][safepoint   ] Safepoint "Cleanup", Time since last: 542080610005 ns, Reaching safepoint: 17101 ns, Cleanup: 12601 ns, At safepoint: 34603 ns, Total: 64305 ns
[2026-01-27T14:34:27.421+0000][68][info ][safepoint   ] Safepoint "Cleanup", Time since last: 127017355301 ns, Reaching safepoint: 50103 ns, Cleanup: 15901 ns, At safepoint: 7101 ns, Total: 73105 ns
[2026-01-27T14:42:51.449+0000][68][info ][safepoint   ] Safepoint "Cleanup", Time since last: 504068310105 ns, Reaching safepoint: 54704 ns, Cleanup: 14601 ns, At safepoint: 3600 ns, Total: 72905 ns
[2026-01-27T14:46:58.467+0000][68][info ][safepoint   ] Safepoint "Cleanup", Time since last: 247037300257 ns, Reaching safepoint: 18101 ns, Cleanup: 22902 ns, At safepoint: 3700 ns, Total: 44703 ns
[2026-01-27T14:46:58.837+0000][68][info ][gc,start    ] GC(17) Pause Young (Normal) (G1 Evacuation Pause)
[2026-01-27T14:46:58.839+0000][68][info ][gc,task     ] GC(17) Using 6 workers of 6 for evacuation
[2026-01-27T14:46:58.839+0000][68][debug][gc,age      ] GC(17) Desired survivor size 37748736 bytes, new threshold 15 (max threshold 15)
[2026-01-27T14:46:58.890+0000][68][info ][gc,phases   ] GC(17)   Pre Evacuate Collection Set: 3.6ms
[2026-01-27T14:46:58.890+0000][68][info ][gc,phases   ] GC(17)   Merge Heap Roots: 0.8ms
[2026-01-27T14:46:58.890+0000][68][info ][gc,phases   ] GC(17)   Evacuate Collection Set: 37.8ms
[2026-01-27T14:46:58.891+0000][68][info ][gc,phases   ] GC(17)   Post Evacuate Collection Set: 7.1ms
[2026-01-27T14:46:58.891+0000][68][info ][gc,phases   ] GC(17)   Other: 1.9ms
[2026-01-27T14:46:58.891+0000][68][trace][gc,age      ] GC(17) Age table with threshold 15 (max threshold 15)
[2026-01-27T14:46:58.891+0000][68][trace][gc,age      ] GC(17) - age   1:     235816 bytes,     235816 total
[2026-01-27T14:46:58.892+0000][68][trace][gc,age      ] GC(17) - age   2:    1785808 bytes,    2021624 total
[2026-01-27T14:46:58.892+0000][68][trace][gc,age      ] GC(17) - age   3:     261568 bytes,    2283192 total
[2026-01-27T14:46:58.892+0000][68][info ][gc,heap     ] GC(17) Eden regions: 140->0(152)
[2026-01-27T14:46:58.892+0000][68][info ][gc,heap     ] GC(17) Survivor regions: 1->1(18)
[2026-01-27T14:46:58.893+0000][68][info ][gc,heap     ] GC(17) Old regions: 23->23
[2026-01-27T14:46:58.893+0000][68][info ][gc,heap     ] GC(17) Humongous regions: 0->0
[2026-01-27T14:46:58.893+0000][68][info ][gc,metaspace] GC(17) Metaspace: 131574K(134976K)->131574K(134976K) NonClass: 113821K(115648K)->113821K(115648K) Class: 17752K(19328K)->17752K(19328K)
[2026-01-27T14:46:58.894+0000][68][info ][gc          ] GC(17) Pause Young (Normal) (G1 Evacuation Pause) 651M->91M(1024M) 56.244ms
[2026-01-27T14:46:58.894+0000][68][info ][gc,cpu      ] GC(17) User=0.22s Sys=0.00s Real=0.05s
[2026-01-27T14:46:58.894+0000][68][info ][safepoint   ] Safepoint "G1CollectForAllocation", Time since last: 369393714 ns, Reaching safepoint: 16901 ns, Cleanup: 4900 ns, At safepoint: 58216200 ns, Total: 58238001 ns
[2026-01-27T14:47:00.262+0000][68][info ][safepoint   ] Safepoint "Cleanup", Time since last: 1367525505 ns, Reaching safepoint: 16101 ns, Cleanup: 13301 ns, At safepoint: 3801 ns, Total: 33203 ns
[2026-01-27T14:47:01.263+0000][68][info ][safepoint   ] Safepoint "Cleanup", Time since last: 1000758676 ns, Reaching safepoint: 18201 ns, Cleanup: 20302 ns, At safepoint: 4200 ns, Total: 42703 ns
[2026-01-27T14:52:01.871+0000][68][info ][safepoint   ] Safepoint "Cleanup", Time since last: 300631912859 ns, Reaching safepoint: 9601 ns, Cleanup: 12501 ns, At safepoint: 32502 ns, Total: 54604 ns
[2026-01-27T14:52:03.372+0000][68][info ][safepoint   ] Safepoint "Cleanup", Time since last: 1501340370 ns, Reaching safepoint: 17502 ns, Cleanup: 15301 ns, At safepoint: 3700 ns, Total: 36503 ns
[2026-01-27T15:01:22.160+0000][68][info ][safepoint   ] Safepoint "Cleanup", Time since last: 558834170984 ns, Reaching safepoint: 17701 ns, Cleanup: 13201 ns, At safepoint: 3400 ns, Total: 34302 ns
[2026-01-27T15:01:57.164+0000][68][info ][safepoint   ] Safepoint "Cleanup", Time since last: 35005792610 ns, Reaching safepoint: 83906 ns, Cleanup: 12701 ns, At safepoint: 4500 ns, Total: 101107 ns
[2026-01-27T15:02:15.164+0000][68][info ][safepoint   ] Safepoint "Cleanup", Time since last: 18003360630 ns, Reaching safepoint: 18901 ns, Cleanup: 13101 ns, At safepoint: 78805 ns, Total: 110807 ns
[2026-01-27T15:13:57.221+0000][68][info ][safepoint   ] Safepoint "Cleanup", Time since last: 702111451953 ns, Reaching safepoint: 49404 ns, Cleanup: 12401 ns, At safepoint: 8300 ns, Total: 70105 ns
[2026-01-27T15:16:27.234+0000][68][info ][safepoint   ] Safepoint "Cleanup", Time since last: 150026098625 ns, Reaching safepoint: 62504 ns, Cleanup: 13701 ns, At safepoint: 7801 ns, Total: 84006 ns
[2026-01-27T15:18:03.244+0000][68][info ][safepoint   ] Safepoint "Cleanup", Time since last: 96016722172 ns, Reaching safepoint: 54704 ns, Cleanup: 14701 ns, At safepoint: 3800 ns, Total: 73205 ns
[2026-01-27T15:22:18.264+0000][68][info ][safepoint   ] Safepoint "Cleanup", Time since last: 255041145902 ns, Reaching safepoint: 19102 ns, Cleanup: 12800 ns, At safepoint: 37503 ns, Total: 69405 ns
[2026-01-27T15:44:58.364+0000][68][info ][safepoint   ] Safepoint "Cleanup", Time since last: 1360204463938 ns, Reaching safepoint: 52304 ns, Cleanup: 13000 ns, At safepoint: 6501 ns, Total: 71805 ns
[2026-01-27T15:46:58.373+0000][68][info ][safepoint   ] Safepoint "Cleanup", Time since last: 120018125124 ns, Reaching safepoint: 16801 ns, Cleanup: 13101 ns, At safepoint: 4000 ns, Total: 33902 ns
[2026-01-27T15:47:00.002+0000][68][info ][safepoint   ] Safepoint "Cleanup", Time since last: 1628759039 ns, Reaching safepoint: 18901 ns, Cleanup: 26802 ns, At safepoint: 4000 ns, Total: 49703 ns
[2026-01-27T15:47:01.700+0000][68][info ][safepoint   ] Safepoint "Cleanup", Time since last: 1697921341 ns, Reaching safepoint: 21802 ns, Cleanup: 238716 ns, At safepoint: 23302 ns, Total: 283820 ns
[2026-01-27T15:47:02.701+0000][68][info ][safepoint   ] Safepoint "Cleanup", Time since last: 1000505324 ns, Reaching safepoint: 18401 ns, Cleanup: 16201 ns, At safepoint: 3900 ns, Total: 38502 ns
[2026-01-27T15:47:03.701+0000][68][info ][safepoint   ] Safepoint "Cleanup", Time since last: 1000573788 ns, Reaching safepoint: 19201 ns, Cleanup: 24902 ns, At safepoint: 4500 ns, Total: 48603 ns
[2026-01-27T15:47:08.423+0000][68][info ][safepoint   ] Safepoint "Cleanup", Time since last: 4722201520 ns, Reaching safepoint: 8201 ns, Cleanup: 8600 ns, At safepoint: 3701 ns, Total: 20502 ns
[2026-01-27T15:47:09.498+0000][68][info ][safepoint   ] Safepoint "Cleanup", Time since last: 1077183667 ns, Reaching safepoint: 8001 ns, Cleanup: 22902 ns, At safepoint: 3900 ns, Total: 34803 ns
[2026-01-27T15:47:10.506+0000][68][info ][safepoint   ] Safepoint "Cleanup", Time since last: 1007107315 ns, Reaching safepoint: 19701 ns, Cleanup: 15401 ns, At safepoint: 43903 ns, Total: 79005 ns
[2026-01-27T15:47:11.508+0000][68][info ][safepoint   ] Safepoint "Cleanup", Time since last: 1002422509 ns, Reaching safepoint: 6900 ns, Cleanup: 48303 ns, At safepoint: 3301 ns, Total: 58504 ns
[2026-01-27T15:47:13.226+0000][68][info ][safepoint   ] Safepoint "Cleanup", Time since last: 1717205893 ns, Reaching safepoint: 237115 ns, Cleanup: 43403 ns, At safepoint: 101507 ns, Total: 382025 ns
[2026-01-27T15:47:14.822+0000][68][info ][safepoint   ] Safepoint "Cleanup", Time since last: 1596543892 ns, Reaching safepoint: 19802 ns, Cleanup: 24801 ns, At safepoint: 3400 ns, Total: 48003 ns
[2026-01-27T15:51:57.842+0000][68][info ][safepoint   ] Safepoint "Cleanup", Time since last: 283043259499 ns, Reaching safepoint: 49803 ns, Cleanup: 12501 ns, At safepoint: 7100 ns, Total: 69404 ns
[2026-01-27T15:52:11.843+0000][68][info ][safepoint   ] Safepoint "Cleanup", Time since last: 14002586942 ns, Reaching safepoint: 17001 ns, Cleanup: 11201 ns, At safepoint: 3100 ns, Total: 31302 ns
[2026-01-27T15:52:12.843+0000][68][info ][safepoint   ] Safepoint "Cleanup", Time since last: 1000552459 ns, Reaching safepoint: 17601 ns, Cleanup: 12701 ns, At safepoint: 3300 ns, Total: 33602 ns
[2026-01-27T15:52:16.816+0000][68][info ][safepoint   ] Safepoint "Cleanup", Time since last: 3973015047 ns, Reaching safepoint: 6801 ns, Cleanup: 12001 ns, At safepoint: 29902 ns, Total: 48704 ns
[2026-01-27T15:52:18.250+0000][68][info ][safepoint   ] Safepoint "Cleanup", Time since last: 1433674442 ns, Reaching safepoint: 18601 ns, Cleanup: 23201 ns, At safepoint: 2801 ns, Total: 44603 ns
[2026-01-27T15:52:27.252+0000][68][info ][safepoint   ] Safepoint "Cleanup", Time since last: 9001830149 ns, Reaching safepoint: 45003 ns, Cleanup: 58304 ns, At safepoint: 14801 ns, Total: 118108 ns
[2026-01-27T15:57:17.992+0000][68][info ][safepoint   ] Safepoint "Cleanup", Time since last: 290765676733 ns, Reaching safepoint: 17801 ns, Cleanup: 12301 ns, At safepoint: 2600 ns, Total: 32702 ns
[2026-01-27T16:07:18.035+0000][68][info ][safepoint   ] Safepoint "Cleanup", Time since last: 600093758777 ns, Reaching safepoint: 47703 ns, Cleanup: 28202 ns, At safepoint: 40302 ns, Total: 116207 ns
[2026-01-27T16:46:58.195+0000][68][info ][safepoint   ] Safepoint "Cleanup", Time since last: 2380354666788 ns, Reaching safepoint: 120807 ns, Cleanup: 14501 ns, At safepoint: 36002 ns, Total: 171310 ns
[2026-01-27T16:46:59.452+0000][68][info ][safepoint   ] Safepoint "Cleanup", Time since last: 1257190811 ns, Reaching safepoint: 6400 ns, Cleanup: 36103 ns, At safepoint: 32901 ns, Total: 75404 ns
[2026-01-27T16:47:00.841+0000][68][info ][safepoint   ] Safepoint "Cleanup", Time since last: 1388230636 ns, Reaching safepoint: 78405 ns, Cleanup: 43103 ns, At safepoint: 5700 ns, Total: 127208 ns
[2026-01-27T16:47:01.841+0000][68][info ][safepoint   ] Safepoint "Cleanup", Time since last: 1000670972 ns, Reaching safepoint: 19001 ns, Cleanup: 89006 ns, At safepoint: 6700 ns, Total: 114707 ns
[2026-01-27T16:47:02.842+0000][68][info ][safepoint   ] Safepoint "Cleanup", Time since last: 1000633370 ns, Reaching safepoint: 20201 ns, Cleanup: 52803 ns, At safepoint: 4701 ns, Total: 77705 ns
[2026-01-27T16:47:06.923+0000][68][info ][safepoint   ] Safepoint "Cleanup", Time since last: 4081151992 ns, Reaching safepoint: 34302 ns, Cleanup: 10800 ns, At safepoint: 3501 ns, Total: 48603 ns
[2026-01-27T16:47:08.636+0000][68][info ][safepoint   ] Safepoint "Cleanup", Time since last: 1712755456 ns, Reaching safepoint: 22101 ns, Cleanup: 34702 ns, At safepoint: 4200 ns, Total: 61003 ns
[2026-01-27T16:47:09.646+0000][68][info ][safepoint   ] Safepoint "Cleanup", Time since last: 1012095419 ns, Reaching safepoint: 18501 ns, Cleanup: 30902 ns, At safepoint: 4301 ns, Total: 53704 ns
[2026-01-27T16:47:11.583+0000][68][info ][safepoint   ] Safepoint "Cleanup", Time since last: 1936868334 ns, Reaching safepoint: 509530 ns, Cleanup: 36003 ns, At safepoint: 44302 ns, Total: 589835 ns
[2026-01-27T16:47:12.584+0000][68][info ][safepoint   ] Safepoint "Cleanup", Time since last: 1000670639 ns, Reaching safepoint: 20001 ns, Cleanup: 27802 ns, At safepoint: 4600 ns, Total: 52403 ns
[2026-01-27T16:47:14.210+0000][68][info ][safepoint   ] Safepoint "Cleanup", Time since last: 1626118514 ns, Reaching safepoint: 19101 ns, Cleanup: 32002 ns, At safepoint: 4101 ns, Total: 55204 ns
[2026-01-27T16:52:16.608+0000][68][info ][safepoint   ] Safepoint "Cleanup", Time since last: 302420134869 ns, Reaching safepoint: 5901 ns, Cleanup: 9000 ns, At safepoint: 3501 ns, Total: 18402 ns
[2026-01-27T16:52:18.242+0000][68][info ][safepoint   ] Safepoint "Cleanup", Time since last: 1634338180 ns, Reaching safepoint: 19502 ns, Cleanup: 20701 ns, At safepoint: 4200 ns, Total: 44403 ns
[2026-01-27T17:28:57.965+0000][68][info ][safepoint   ] Safepoint "Cleanup", Time since last: 2199886746205 ns, Reaching safepoint: 52603 ns, Cleanup: 12401 ns, At safepoint: 8001 ns, Total: 73005 ns
[2026-01-27T17:32:16.978+0000][68][info ][safepoint   ] Safepoint "Cleanup", Time since last: 199028434829 ns, Reaching safepoint: 16701 ns, Cleanup: 13901 ns, At safepoint: 3900 ns, Total: 34502 ns
[2026-01-27T17:42:22.028+0000][68][info ][safepoint   ] Safepoint "Cleanup", Time since last: 605096999647 ns, Reaching safepoint: 17901 ns, Cleanup: 13801 ns, At safepoint: 73705 ns, Total: 105407 ns
[2026-01-27T17:46:58.050+0000][68][info ][safepoint   ] Safepoint "Cleanup", Time since last: 276043846101 ns, Reaching safepoint: 20102 ns, Cleanup: 26802 ns, At safepoint: 3200 ns, Total: 50104 ns
[2026-01-27T17:46:59.640+0000][68][info ][safepoint   ] Safepoint "Cleanup", Time since last: 1589571430 ns, Reaching safepoint: 142910 ns, Cleanup: 27402 ns, At safepoint: 69205 ns, Total: 239517 ns
[2026-01-27T17:47:00.640+0000][68][info ][safepoint   ] Safepoint "Cleanup", Time since last: 1000497999 ns, Reaching safepoint: 18001 ns, Cleanup: 25702 ns, At safepoint: 3500 ns, Total: 47203 ns
[2026-01-27T17:47:16.723+0000][68][info ][gc,start    ] GC(18) Pause Young (Normal) (G1 Evacuation Pause)
[2026-01-27T17:47:16.723+0000][68][info ][gc,task     ] GC(18) Using 6 workers of 6 for evacuation
[2026-01-27T17:47:16.723+0000][68][debug][gc,age      ] GC(18) Desired survivor size 41943040 bytes, new threshold 15 (max threshold 15)
[2026-01-27T17:47:16.735+0000][68][info ][gc,phases   ] GC(18)   Pre Evacuate Collection Set: 0.6ms
[2026-01-27T17:47:16.736+0000][68][info ][gc,phases   ] GC(18)   Merge Heap Roots: 0.3ms
[2026-01-27T17:47:16.736+0000][68][info ][gc,phases   ] GC(18)   Evacuate Collection Set: 8.6ms
[2026-01-27T17:47:16.736+0000][68][info ][gc,phases   ] GC(18)   Post Evacuate Collection Set: 1.7ms
[2026-01-27T17:47:16.737+0000][68][info ][gc,phases   ] GC(18)   Other: 0.9ms
[2026-01-27T17:47:16.737+0000][68][trace][gc,age      ] GC(18) Age table with threshold 15 (max threshold 15)
[2026-01-27T17:47:16.737+0000][68][trace][gc,age      ] GC(18) - age   1:    1770288 bytes,    1770288 total
[2026-01-27T17:47:16.738+0000][68][trace][gc,age      ] GC(18) - age   2:      27136 bytes,    1797424 total
[2026-01-27T17:47:16.738+0000][68][trace][gc,age      ] GC(18) - age   3:     649176 bytes,    2446600 total
[2026-01-27T17:47:16.738+0000][68][trace][gc,age      ] GC(18) - age   4:     261312 bytes,    2707912 total
[2026-01-27T17:47:16.739+0000][68][info ][gc,heap     ] GC(18) Eden regions: 152->0(152)
[2026-01-27T17:47:16.739+0000][68][info ][gc,heap     ] GC(18) Survivor regions: 1->1(20)
[2026-01-27T17:47:16.739+0000][68][info ][gc,heap     ] GC(18) Old regions: 23->23
[2026-01-27T17:47:16.739+0000][68][info ][gc,heap     ] GC(18) Humongous regions: 0->0
[2026-01-27T17:47:16.739+0000][68][info ][gc,metaspace] GC(18) Metaspace: 132079K(135552K)->132079K(135552K) NonClass: 114324K(116224K)->114324K(116224K) Class: 17755K(19328K)->17755K(19328K)
[2026-01-27T17:47:16.740+0000][68][info ][gc          ] GC(18) Pause Young (Normal) (G1 Evacuation Pause) 699M->91M(1024M) 17.019ms
[2026-01-27T17:47:16.740+0000][68][info ][gc,cpu      ] GC(18) User=0.05s Sys=0.00s Real=0.02s
[2026-01-27T17:47:16.740+0000][68][info ][safepoint   ] Safepoint "G1CollectForAllocation", Time since last: 16084398666 ns, Reaching safepoint: 12601 ns, Cleanup: 3300 ns, At safepoint: 17562896 ns, Total: 17578797 ns
[2026-01-27T17:52:01.434+0000][68][info ][safepoint   ] Safepoint "Cleanup", Time since last: 284714722604 ns, Reaching safepoint: 6301 ns, Cleanup: 9900 ns, At safepoint: 32303 ns, Total: 48504 ns
[2026-01-27T17:52:02.905+0000][68][info ][safepoint   ] Safepoint "Cleanup", Time since last: 1471147028 ns, Reaching safepoint: 19301 ns, Cleanup: 14101 ns, At safepoint: 4301 ns, Total: 37703 ns
[2026-01-27T17:52:21.624+0000][68][info ][safepoint   ] Safepoint "Cleanup", Time since last: 18722026065 ns, Reaching safepoint: 18401 ns, Cleanup: 12701 ns, At safepoint: 2900 ns, Total: 34002 ns
[2026-01-27T18:27:28.774+0000][68][info ][safepoint   ] Safepoint "Cleanup", Time since last: 2107312118835 ns, Reaching safepoint: 18601 ns, Cleanup: 17901 ns, At safepoint: 3101 ns, Total: 39603 ns
[2026-01-27T18:46:59.852+0000][68][info ][safepoint   ] Safepoint "Cleanup", Time since last: 1171166670519 ns, Reaching safepoint: 15701 ns, Cleanup: 13601 ns, At safepoint: 4000 ns, Total: 33302 ns
[2026-01-27T18:47:01.371+0000][68][info ][safepoint   ] Safepoint "Cleanup", Time since last: 1519045480 ns, Reaching safepoint: 19202 ns, Cleanup: 17501 ns, At safepoint: 3600 ns, Total: 40303 ns
[2026-01-27T18:47:02.371+0000][68][info ][safepoint   ] Safepoint "Cleanup", Time since last: 1000583269 ns, Reaching safepoint: 19101 ns, Cleanup: 15501 ns, At safepoint: 3601 ns, Total: 38203 ns
[2026-01-27T18:47:17.314+0000][68][info ][safepoint   ] Safepoint "Cleanup", Time since last: 14945626730 ns, Reaching safepoint: 15101 ns, Cleanup: 12401 ns, At safepoint: 2800 ns, Total: 30302 ns
[2026-01-27T18:57:16.490+0000][68][info ][safepoint   ] Safepoint "Cleanup", Time since last: 599221068713 ns, Reaching safepoint: 17402 ns, Cleanup: 13800 ns, At safepoint: 35303 ns, Total: 66505 ns
[2026-01-27T19:07:16.536+0000][68][info ][safepoint   ] Safepoint "Cleanup", Time since last: 600092351115 ns, Reaching safepoint: 17501 ns, Cleanup: 12301 ns, At safepoint: 34202 ns, Total: 64004 ns
[2026-01-27T19:09:28.547+0000][68][info ][safepoint   ] Safepoint "Cleanup", Time since last: 132019884105 ns, Reaching safepoint: 48703 ns, Cleanup: 14101 ns, At safepoint: 4001 ns, Total: 66805 ns
[2026-01-27T19:27:09.614+0000][68][info ][safepoint   ] Safepoint "Cleanup", Time since last: 1061147037902 ns, Reaching safepoint: 47803 ns, Cleanup: 13901 ns, At safepoint: 6300 ns, Total: 68004 ns
[2026-01-27T19:46:57.414+0000][68][info ][safepoint   ] Safepoint "Cleanup", Time since last: 1187890984681 ns, Reaching safepoint: 6901 ns, Cleanup: 8900 ns, At safepoint: 33603 ns, Total: 49404 ns
[2026-01-27T19:52:01.494+0000][68][info ][safepoint   ] Safepoint "Cleanup", Time since last: 304103484176 ns, Reaching safepoint: 28002 ns, Cleanup: 9101 ns, At safepoint: 3100 ns, Total: 40203 ns
[2026-01-27T19:52:02.691+0000][68][info ][safepoint   ] Safepoint "Cleanup", Time since last: 1196563462 ns, Reaching safepoint: 17101 ns, Cleanup: 15301 ns, At safepoint: 2800 ns, Total: 35202 ns
[2026-01-27T19:52:19.299+0000][68][info ][safepoint   ] Safepoint "Cleanup", Time since last: 16610537620 ns, Reaching safepoint: 17601 ns, Cleanup: 13001 ns, At safepoint: 2900 ns, Total: 33502 ns
[2026-01-27T20:46:58.788+0000][68][info ][safepoint   ] Safepoint "Cleanup", Time since last: 3279765808798 ns, Reaching safepoint: 125507 ns, Cleanup: 11601 ns, At safepoint: 38202 ns, Total: 175310 ns
[2026-01-27T20:46:59.789+0000][68][info ][safepoint   ] Safepoint "Cleanup", Time since last: 1000737611 ns, Reaching safepoint: 18101 ns, Cleanup: 19401 ns, At safepoint: 3800 ns, Total: 41302 ns
[2026-01-27T20:52:01.380+0000][68][info ][safepoint   ] Safepoint "Cleanup", Time since last: 301617592422 ns, Reaching safepoint: 34102 ns, Cleanup: 13001 ns, At safepoint: 34102 ns, Total: 81205 ns
[2026-01-27T20:52:02.572+0000][68][info ][safepoint   ] Safepoint "Cleanup", Time since last: 1191547399 ns, Reaching safepoint: 19501 ns, Cleanup: 18601 ns, At safepoint: 3000 ns, Total: 41102 ns
[2026-01-27T21:36:51.308+0000][68][info ][safepoint   ] Safepoint "Cleanup", Time since last: 2688948506585 ns, Reaching safepoint: 46703 ns, Cleanup: 12700 ns, At safepoint: 3600 ns, Total: 63003 ns
[2026-01-27T21:46:56.485+0000][68][info ][safepoint   ] Safepoint "Cleanup", Time since last: 605219247114 ns, Reaching safepoint: 7000 ns, Cleanup: 11901 ns, At safepoint: 30002 ns, Total: 48903 ns
[2026-01-27T21:46:58.203+0000][68][info ][safepoint   ] Safepoint "Cleanup", Time since last: 1718644672 ns, Reaching safepoint: 19701 ns, Cleanup: 26302 ns, At safepoint: 3500 ns, Total: 49503 ns
[2026-01-27T21:50:12.430+0000][68][info ][gc,start    ] GC(19) Pause Young (Normal) (G1 Evacuation Pause)
[2026-01-27T21:50:12.431+0000][68][info ][gc,task     ] GC(19) Using 6 workers of 6 for evacuation
[2026-01-27T21:50:12.431+0000][68][debug][gc,age      ] GC(19) Desired survivor size 41943040 bytes, new threshold 15 (max threshold 15)
[2026-01-27T21:50:12.445+0000][68][info ][gc,phases   ] GC(19)   Pre Evacuate Collection Set: 0.5ms
[2026-01-27T21:50:12.445+0000][68][info ][gc,phases   ] GC(19)   Merge Heap Roots: 0.4ms
[2026-01-27T21:50:12.446+0000][68][info ][gc,phases   ] GC(19)   Evacuate Collection Set: 9.6ms
[2026-01-27T21:50:12.446+0000][68][info ][gc,phases   ] GC(19)   Post Evacuate Collection Set: 2.8ms
[2026-01-27T21:50:12.447+0000][68][info ][gc,phases   ] GC(19)   Other: 0.8ms
[2026-01-27T21:50:12.447+0000][68][trace][gc,age      ] GC(19) Age table with threshold 15 (max threshold 15)
[2026-01-27T21:50:12.447+0000][68][trace][gc,age      ] GC(19) - age   1:     340376 bytes,     340376 total
[2026-01-27T21:50:12.448+0000][68][trace][gc,age      ] GC(19) - age   2:    1383024 bytes,    1723400 total
[2026-01-27T21:50:12.448+0000][68][trace][gc,age      ] GC(19) - age   3:      26344 bytes,    1749744 total
[2026-01-27T21:50:12.448+0000][68][trace][gc,age      ] GC(19) - age   4:     632648 bytes,    2382392 total
[2026-01-27T21:50:12.449+0000][68][trace][gc,age      ] GC(19) - age   5:     261280 bytes,    2643672 total
[2026-01-27T21:50:12.449+0000][68][info ][gc,heap     ] GC(19) Eden regions: 152->0(152)
[2026-01-27T21:50:12.449+0000][68][info ][gc,heap     ] GC(19) Survivor regions: 1->1(20)
[2026-01-27T21:50:12.450+0000][68][info ][gc,heap     ] GC(19) Old regions: 23->23
[2026-01-27T21:50:12.450+0000][68][info ][gc,heap     ] GC(19) Humongous regions: 0->0
[2026-01-27T21:50:12.450+0000][68][info ][gc,metaspace] GC(19) Metaspace: 132170K(135616K)->132170K(135616K) NonClass: 114414K(116288K)->114414K(116288K) Class: 17756K(19328K)->17756K(19328K)
[2026-01-27T21:50:12.450+0000][68][info ][gc          ] GC(19) Pause Young (Normal) (G1 Evacuation Pause) 699M->91M(1024M) 20.044ms
[2026-01-27T21:50:12.451+0000][68][info ][gc,cpu      ] GC(19) User=0.06s Sys=0.01s Real=0.02s
[2026-01-27T21:50:12.451+0000][68][info ][safepoint   ] Safepoint "G1CollectForAllocation", Time since last: 194241888336 ns, Reaching safepoint: 26002 ns, Cleanup: 4200 ns, At safepoint: 20831156 ns, Total: 20861358 ns
[2026-01-27T21:50:51.455+0000][68][info ][safepoint   ] Safepoint "Cleanup", Time since last: 39005598229 ns, Reaching safepoint: 54503 ns, Cleanup: 13201 ns, At safepoint: 4201 ns, Total: 71905 ns
[2026-01-27T21:52:01.342+0000][68][info ][safepoint   ] Safepoint "Cleanup", Time since last: 69892044079 ns, Reaching safepoint: 6600 ns, Cleanup: 8601 ns, At safepoint: 3500 ns, Total: 18701 ns
[2026-01-27T21:52:02.427+0000][68][info ][safepoint   ] Safepoint "Cleanup", Time since last: 1084467117 ns, Reaching safepoint: 17201 ns, Cleanup: 13500 ns, At safepoint: 2601 ns, Total: 33302 ns
[2026-01-27T22:32:16.135+0000][68][info ][safepoint   ] Safepoint "Cleanup", Time since last: 2413892762838 ns, Reaching safepoint: 18501 ns, Cleanup: 12301 ns, At safepoint: 36903 ns, Total: 67705 ns
[2026-01-27T22:46:56.194+0000][68][info ][safepoint   ] Safepoint "Cleanup", Time since last: 880131147963 ns, Reaching safepoint: 17701 ns, Cleanup: 12301 ns, At safepoint: 3800 ns, Total: 33802 ns
[2026-01-27T22:46:58.333+0000][68][info ][safepoint   ] Safepoint "Cleanup", Time since last: 2139106175 ns, Reaching safepoint: 8101 ns, Cleanup: 25001 ns, At safepoint: 33803 ns, Total: 66905 ns
[2026-01-27T22:46:59.732+0000][68][info ][safepoint   ] Safepoint "Cleanup", Time since last: 1398447272 ns, Reaching safepoint: 19201 ns, Cleanup: 36403 ns, At safepoint: 3700 ns, Total: 59304 ns
[2026-01-27T22:47:00.732+0000][68][info ][safepoint   ] Safepoint "Cleanup", Time since last: 1000579661 ns, Reaching safepoint: 17702 ns, Cleanup: 24901 ns, At safepoint: 4101 ns, Total: 46704 ns
[2026-01-27T22:47:01.734+0000][68][info ][safepoint   ] Safepoint "Cleanup", Time since last: 1000583561 ns, Reaching safepoint: 682450 ns, Cleanup: 14701 ns, At safepoint: 44703 ns, Total: 741854 ns
[2026-01-27T22:47:06.734+0000][68][info ][safepoint   ] Safepoint "Cleanup", Time since last: 5000434125 ns, Reaching safepoint: 39603 ns, Cleanup: 14901 ns, At safepoint: 4601 ns, Total: 59105 ns
[2026-01-27T22:47:07.750+0000][68][info ][safepoint   ] Safepoint "Cleanup", Time since last: 1016240417 ns, Reaching safepoint: 19201 ns, Cleanup: 27102 ns, At safepoint: 4100 ns, Total: 50403 ns
[2026-01-27T22:47:08.751+0000][68][info ][safepoint   ] Safepoint "Cleanup", Time since last: 1000713648 ns, Reaching safepoint: 18902 ns, Cleanup: 28301 ns, At safepoint: 4101 ns, Total: 51304 ns
[2026-01-27T22:47:10.477+0000][68][info ][safepoint   ] Safepoint "Cleanup", Time since last: 1728120566 ns, Reaching safepoint: 17401 ns, Cleanup: 36403 ns, At safepoint: 5000 ns, Total: 58804 ns
[2026-01-27T22:47:12.002+0000][68][info ][safepoint   ] Safepoint "Cleanup", Time since last: 1525035145 ns, Reaching safepoint: 24001 ns, Cleanup: 30502 ns, At safepoint: 3700 ns, Total: 58203 ns
[2026-01-27T22:47:20.004+0000][68][info ][safepoint   ] Safepoint "Cleanup", Time since last: 8001715866 ns, Reaching safepoint: 20102 ns, Cleanup: 16001 ns, At safepoint: 4500 ns, Total: 40603 ns
[2026-01-27T22:52:10.870+0000][68][info ][safepoint   ] Safepoint "Cleanup", Time since last: 290890211141 ns, Reaching safepoint: 6800 ns, Cleanup: 15202 ns, At safepoint: 3700 ns, Total: 25702 ns
[2026-01-27T22:52:12.244+0000][68][info ][safepoint   ] Safepoint "Cleanup", Time since last: 1373809642 ns, Reaching safepoint: 17001 ns, Cleanup: 12201 ns, At safepoint: 3400 ns, Total: 32602 ns
[2026-01-27T22:52:16.157+0000][68][info ][safepoint   ] Safepoint "Cleanup", Time since last: 3913166800 ns, Reaching safepoint: 6601 ns, Cleanup: 8200 ns, At safepoint: 3700 ns, Total: 18501 ns
[2026-01-27T22:52:17.248+0000][68][info ][safepoint   ] Safepoint "Cleanup", Time since last: 1090384596 ns, Reaching safepoint: 17302 ns, Cleanup: 13401 ns, At safepoint: 3800 ns, Total: 34503 ns
[2026-01-27T23:08:15.872+0000][68][info ][safepoint   ] Safepoint "Cleanup", Time since last: 958703935955 ns, Reaching safepoint: 17901 ns, Cleanup: 12301 ns, At safepoint: 34303 ns, Total: 64505 ns
[2026-01-27T23:28:15.965+0000][68][info ][safepoint   ] Safepoint "Cleanup", Time since last: 1200189839757 ns, Reaching safepoint: 18002 ns, Cleanup: 12400 ns, At safepoint: 35203 ns, Total: 65605 ns
[2026-01-27T23:46:56.722+0000][68][info ][safepoint   ] Safepoint "Cleanup", Time since last: 1120845235214 ns, Reaching safepoint: 139609 ns, Cleanup: 13201 ns, At safepoint: 112908 ns, Total: 265718 ns
[2026-01-27T23:46:57.722+0000][68][info ][safepoint   ] Safepoint "Cleanup", Time since last: 1000674884 ns, Reaching safepoint: 17302 ns, Cleanup: 12901 ns, At safepoint: 3300 ns, Total: 33503 ns
[2026-01-27T23:52:00.856+0000][68][info ][safepoint   ] Safepoint "Cleanup", Time since last: 303157390248 ns, Reaching safepoint: 29502 ns, Cleanup: 7801 ns, At safepoint: 2900 ns, Total: 40203 ns
[2026-01-27T23:52:02.127+0000][68][info ][safepoint   ] Safepoint "Cleanup", Time since last: 1271034635 ns, Reaching safepoint: 17701 ns, Cleanup: 17001 ns, At safepoint: 4200 ns, Total: 38902 ns
[2026-01-28T00:46:55.894+0000][68][info ][safepoint   ] Safepoint "Cleanup", Time since last: 3294027207855 ns, Reaching safepoint: 18702 ns, Cleanup: 10400 ns, At safepoint: 2901 ns, Total: 32003 ns
[2026-01-28T00:46:57.139+0000][68][info ][safepoint   ] Safepoint "Cleanup", Time since last: 1245125914 ns, Reaching safepoint: 8701 ns, Cleanup: 19401 ns, At safepoint: 11501 ns, Total: 39603 ns
[2026-01-28T00:46:58.540+0000][68][info ][safepoint   ] Safepoint "Cleanup", Time since last: 1400734139 ns, Reaching safepoint: 20002 ns, Cleanup: 42602 ns, At safepoint: 4401 ns, Total: 67005 ns
[2026-01-28T00:46:59.541+0000][68][info ][safepoint   ] Safepoint "Cleanup", Time since last: 1000631535 ns, Reaching safepoint: 20301 ns, Cleanup: 20902 ns, At safepoint: 3500 ns, Total: 44703 ns
[2026-01-28T00:47:00.541+0000][68][info ][safepoint   ] Safepoint "Cleanup", Time since last: 1000728842 ns, Reaching safepoint: 19801 ns, Cleanup: 26402 ns, At safepoint: 4500 ns, Total: 50703 ns
[2026-01-28T00:47:06.694+0000][68][info ][safepoint   ] Safepoint "Cleanup", Time since last: 6151993872 ns, Reaching safepoint: 124308 ns, Cleanup: 24902 ns, At safepoint: 36803 ns, Total: 186013 ns
[2026-01-28T00:47:07.694+0000][68][info ][safepoint   ] Safepoint "Cleanup", Time since last: 1000776245 ns, Reaching safepoint: 27302 ns, Cleanup: 44703 ns, At safepoint: 4900 ns, Total: 76905 ns
[2026-01-28T00:47:09.520+0000][68][info ][safepoint   ] Safepoint "Cleanup", Time since last: 1825499713 ns, Reaching safepoint: 17502 ns, Cleanup: 36202 ns, At safepoint: 3300 ns, Total: 57004 ns
[2026-01-28T00:47:10.521+0000][68][info ][safepoint   ] Safepoint "Cleanup", Time since last: 1000569442 ns, Reaching safepoint: 176912 ns, Cleanup: 18201 ns, At safepoint: 93006 ns, Total: 288119 ns
[2026-01-28T00:47:11.995+0000][68][info ][safepoint   ] Safepoint "Cleanup", Time since last: 1476973711 ns, Reaching safepoint: 19801 ns, Cleanup: 16701 ns, At safepoint: 4000 ns, Total: 40502 ns
[2026-01-28T00:52:11.394+0000][68][info ][safepoint   ] Safepoint "Cleanup", Time since last: 299421431098 ns, Reaching safepoint: 17901 ns, Cleanup: 18701 ns, At safepoint: 2600 ns, Total: 39202 ns
[2026-01-28T00:52:16.990+0000][68][info ][safepoint   ] Safepoint "Cleanup", Time since last: 5595200233 ns, Reaching safepoint: 21302 ns, Cleanup: 15101 ns, At safepoint: 3200 ns, Total: 39603 ns
[2026-01-28T00:59:54.550+0000][68][info ][safepoint   ] Safepoint "Cleanup", Time since last: 457599409210 ns, Reaching safepoint: 16801 ns, Cleanup: 15501 ns, At safepoint: 2600 ns, Total: 34902 ns
[2026-01-28T01:07:21.576+0000][68][info ][safepoint   ] Safepoint "Cleanup", Time since last: 447066150902 ns, Reaching safepoint: 17001 ns, Cleanup: 12001 ns, At safepoint: 31402 ns, Total: 60404 ns
[2026-01-28T01:12:21.591+0000][68][info ][safepoint   ] Safepoint "Cleanup", Time since last: 300040970747 ns, Reaching safepoint: 18401 ns, Cleanup: 13201 ns, At safepoint: 34102 ns, Total: 65704 ns
[2026-01-28T01:29:29.433+0000][68][info ][gc,start    ] GC(20) Pause Young (Normal) (G1 Evacuation Pause)
[2026-01-28T01:29:29.433+0000][68][info ][gc,task     ] GC(20) Using 6 workers of 6 for evacuation
[2026-01-28T01:29:29.434+0000][68][debug][gc,age      ] GC(20) Desired survivor size 41943040 bytes, new threshold 15 (max threshold 15)
[2026-01-28T01:29:29.446+0000][68][info ][gc,phases   ] GC(20)   Pre Evacuate Collection Set: 0.5ms
[2026-01-28T01:29:29.446+0000][68][info ][gc,phases   ] GC(20)   Merge Heap Roots: 0.3ms
[2026-01-28T01:29:29.446+0000][68][info ][gc,phases   ] GC(20)   Evacuate Collection Set: 7.7ms
[2026-01-28T01:29:29.447+0000][68][info ][gc,phases   ] GC(20)   Post Evacuate Collection Set: 3.0ms
[2026-01-28T01:29:29.447+0000][68][info ][gc,phases   ] GC(20)   Other: 0.7ms
[2026-01-28T01:29:29.448+0000][68][trace][gc,age      ] GC(20) Age table with threshold 15 (max threshold 15)
[2026-01-28T01:29:29.448+0000][68][trace][gc,age      ] GC(20) - age   1:    1562224 bytes,    1562224 total
[2026-01-28T01:29:29.448+0000][68][trace][gc,age      ] GC(20) - age   2:      10696 bytes,    1572920 total
[2026-01-28T01:29:29.449+0000][68][trace][gc,age      ] GC(20) - age   3:     305840 bytes,    1878760 total
[2026-01-28T01:29:29.449+0000][68][trace][gc,age      ] GC(20) - age   4:      26016 bytes,    1904776 total
[2026-01-28T01:29:29.450+0000][68][trace][gc,age      ] GC(20) - age   5:     620416 bytes,    2525192 total
[2026-01-28T01:29:29.450+0000][68][trace][gc,age      ] GC(20) - age   6:     244712 bytes,    2769904 total
[2026-01-28T01:29:29.451+0000][68][info ][gc,heap     ] GC(20) Eden regions: 152->0(152)
[2026-01-28T01:29:29.451+0000][68][info ][gc,heap     ] GC(20) Survivor regions: 1->1(20)
[2026-01-28T01:29:29.451+0000][68][info ][gc,heap     ] GC(20) Old regions: 23->23
[2026-01-28T01:29:29.452+0000][68][info ][gc,heap     ] GC(20) Humongous regions: 0->0
[2026-01-28T01:29:29.452+0000][68][info ][gc,metaspace] GC(20) Metaspace: 132530K(135936K)->132530K(135936K) NonClass: 114771K(116608K)->114771K(116608K) Class: 17758K(19328K)->17758K(19328K)
[2026-01-28T01:29:29.452+0000][68][info ][gc          ] GC(20) Pause Young (Normal) (G1 Evacuation Pause) 699M->92M(1024M) 19.401ms
[2026-01-28T01:29:29.453+0000][68][info ][gc,cpu      ] GC(20) User=0.03s Sys=0.01s Real=0.02s
[2026-01-28T01:29:29.453+0000][68][info ][safepoint   ] Safepoint "G1CollectForAllocation", Time since last: 1027929034061 ns, Reaching safepoint: 70604 ns, Cleanup: 5101 ns, At safepoint: 20185268 ns, Total: 20260973 ns
[2026-01-28T01:29:54.461+0000][68][info ][safepoint   ] Safepoint "Cleanup", Time since last: 25010200738 ns, Reaching safepoint: 69504 ns, Cleanup: 67704 ns, At safepoint: 5600 ns, Total: 142808 ns
[2026-01-28T01:37:54.495+0000][68][info ][safepoint   ] Safepoint "Cleanup", Time since last: 480074345938 ns, Reaching safepoint: 19001 ns, Cleanup: 20301 ns, At safepoint: 3500 ns, Total: 42802 ns
[2026-01-28T01:37:59.496+0000][68][info ][safepoint   ] Safepoint "Cleanup", Time since last: 5001342025 ns, Reaching safepoint: 17501 ns, Cleanup: 13801 ns, At safepoint: 3800 ns, Total: 35102 ns
[2026-01-28T01:38:28.869+0000][68][info ][safepoint   ] Safepoint "Cleanup", Time since last: 29375455486 ns, Reaching safepoint: 6200 ns, Cleanup: 12001 ns, At safepoint: 3300 ns, Total: 21501 ns
[2026-01-28T01:43:58.896+0000][68][info ][safepoint   ] Safepoint "Cleanup", Time since last: 330054298352 ns, Reaching safepoint: 54104 ns, Cleanup: 12400 ns, At safepoint: 8101 ns, Total: 74605 ns
[2026-01-28T01:46:55.577+0000][68][info ][safepoint   ] Safepoint "Cleanup", Time since last: 176696172767 ns, Reaching safepoint: 6301 ns, Cleanup: 12501 ns, At safepoint: 29901 ns, Total: 48703 ns
[2026-01-28T01:47:59.148+0000][68][info ][safepoint   ] Safepoint "Cleanup", Time since last: 63575006391 ns, Reaching safepoint: 44302 ns, Cleanup: 11401 ns, At safepoint: 6800 ns, Total: 62503 ns
[2026-01-28T01:59:29.331+0000][68][info ][safepoint   ] Safepoint "Cleanup", Time since last: 690235250727 ns, Reaching safepoint: 48402 ns, Cleanup: 13901 ns, At safepoint: 7500 ns, Total: 69803 ns
[2026-01-28T02:05:59.367+0000][68][info ][safepoint   ] Safepoint "Cleanup", Time since last: 390062092196 ns, Reaching safepoint: 50003 ns, Cleanup: 12501 ns, At safepoint: 3700 ns, Total: 66204 ns
[2026-01-28T02:18:29.426+0000][68][info ][safepoint   ] Safepoint "Cleanup", Time since last: 750111752495 ns, Reaching safepoint: 18201 ns, Cleanup: 13201 ns, At safepoint: 37802 ns, Total: 69204 ns
[2026-01-28T02:46:55.539+0000][68][info ][safepoint   ] Safepoint "Cleanup", Time since last: 1706240659624 ns, Reaching safepoint: 7200 ns, Cleanup: 11101 ns, At safepoint: 3400 ns, Total: 21701 ns
[2026-01-28T02:52:00.413+0000][68][info ][safepoint   ] Safepoint "Cleanup", Time since last: 304897053559 ns, Reaching safepoint: 32002 ns, Cleanup: 12501 ns, At safepoint: 9401 ns, Total: 53904 ns
[2026-01-28T03:37:14.307+0000][68][info ][safepoint   ] Safepoint "Cleanup", Time since last: 2714105766251 ns, Reaching safepoint: 17601 ns, Cleanup: 14201 ns, At safepoint: 33602 ns, Total: 65404 ns
[2026-01-28T03:46:55.323+0000][68][info ][safepoint   ] Safepoint "Cleanup", Time since last: 581059272129 ns, Reaching safepoint: 133108 ns, Cleanup: 12601 ns, At safepoint: 72505 ns, Total: 218214 ns
[2026-01-28T03:46:56.818+0000][68][info ][safepoint   ] Safepoint "Cleanup", Time since last: 1494959022 ns, Reaching safepoint: 19301 ns, Cleanup: 17901 ns, At safepoint: 4500 ns, Total: 41702 ns
[2026-01-28T03:52:00.712+0000][68][info ][safepoint   ] Safepoint "Cleanup", Time since last: 303916598107 ns, Reaching safepoint: 16701 ns, Cleanup: 13702 ns, At safepoint: 7900 ns, Total: 38303 ns
[2026-01-28T04:25:09.139+0000][68][info ][safepoint   ] Safepoint "Cleanup", Time since last: 1988582453162 ns, Reaching safepoint: 76004 ns, Cleanup: 13601 ns, At safepoint: 8500 ns, Total: 98105 ns
[2026-01-28T04:46:55.561+0000][68][info ][safepoint   ] Safepoint "Cleanup", Time since last: 1306532927445 ns, Reaching safepoint: 16801 ns, Cleanup: 9001 ns, At safepoint: 3500 ns, Total: 29302 ns
[2026-01-28T04:46:56.764+0000][68][info ][safepoint   ] Safepoint "Cleanup", Time since last: 1202354197 ns, Reaching safepoint: 115409 ns, Cleanup: 76906 ns, At safepoint: 81907 ns, Total: 274222 ns
[2026-01-28T04:46:58.157+0000][68][info ][safepoint   ] Safepoint "Cleanup", Time since last: 1393455770 ns, Reaching safepoint: 21002 ns, Cleanup: 24602 ns, At safepoint: 3900 ns, Total: 49504 ns
[2026-01-28T04:46:59.292+0000][68][info ][safepoint   ] Safepoint "Cleanup", Time since last: 1133632264 ns, Reaching safepoint: 500339 ns, Cleanup: 57704 ns, At safepoint: 109209 ns, Total: 667252 ns
[2026-01-28T04:47:00.293+0000][68][info ][safepoint   ] Safepoint "Cleanup", Time since last: 1000758261 ns, Reaching safepoint: 19201 ns, Cleanup: 178714 ns, At safepoint: 42403 ns, Total: 240318 ns
[2026-01-28T04:47:01.293+0000][68][info ][safepoint   ] Safepoint "Cleanup", Time since last: 1000557345 ns, Reaching safepoint: 21902 ns, Cleanup: 15301 ns, At safepoint: 4301 ns, Total: 41504 ns
[2026-01-28T04:47:07.946+0000][68][info ][safepoint   ] Safepoint "Cleanup", Time since last: 6652195813 ns, Reaching safepoint: 188915 ns, Cleanup: 31002 ns, At safepoint: 49704 ns, Total: 269621 ns
[2026-01-28T04:47:09.339+0000][68][info ][safepoint   ] Safepoint "Cleanup", Time since last: 1393123605 ns, Reaching safepoint: 9100 ns, Cleanup: 28002 ns, At safepoint: 42804 ns, Total: 79906 ns
[2026-01-28T04:47:11.292+0000][68][info ][safepoint   ] Safepoint "Cleanup", Time since last: 1953357733 ns, Reaching safepoint: 22502 ns, Cleanup: 27002 ns, At safepoint: 4501 ns, Total: 54005 ns
[2026-01-28T04:47:13.290+0000][68][info ][safepoint   ] Safepoint "Cleanup", Time since last: 2000764840 ns, Reaching safepoint: 22702 ns, Cleanup: 33802 ns, At safepoint: 4001 ns, Total: 60505 ns
[2026-01-28T04:47:14.654+0000][68][info ][safepoint   ] Safepoint "Cleanup", Time since last: 1363845277 ns, Reaching safepoint: 20701 ns, Cleanup: 19002 ns, At safepoint: 4900 ns, Total: 44603 ns
[2026-01-28T04:47:18.655+0000][68][info ][safepoint   ] Safepoint "Cleanup", Time since last: 4001233095 ns, Reaching safepoint: 23602 ns, Cleanup: 16702 ns, At safepoint: 4100 ns, Total: 44404 ns
[2026-01-28T04:52:12.041+0000][68][info ][safepoint   ] Safepoint "Cleanup", Time since last: 293410711529 ns, Reaching safepoint: 161510 ns, Cleanup: 19601 ns, At safepoint: 12501 ns, Total: 193612 ns
[2026-01-28T04:52:16.327+0000][68][info ][safepoint   ] Safepoint "Cleanup", Time since last: 4286323677 ns, Reaching safepoint: 15001 ns, Cleanup: 11300 ns, At safepoint: 37703 ns, Total: 64004 ns
[2026-01-28T04:52:18.157+0000][68][info ][safepoint   ] Safepoint "Cleanup", Time since last: 1830477314 ns, Reaching safepoint: 20602 ns, Cleanup: 21501 ns, At safepoint: 4500 ns, Total: 46603 ns
[2026-01-28T04:52:21.158+0000][68][info ][safepoint   ] Safepoint "Cleanup", Time since last: 3000956899 ns, Reaching safepoint: 17201 ns, Cleanup: 13601 ns, At safepoint: 3301 ns, Total: 34103 ns
[2026-01-28T05:04:01.074+0000][68][info ][gc,start    ] GC(21) Pause Young (Normal) (G1 Evacuation Pause)
[2026-01-28T05:04:01.076+0000][68][info ][gc,task     ] GC(21) Using 6 workers of 6 for evacuation
[2026-01-28T05:04:01.077+0000][68][debug][gc,age      ] GC(21) Desired survivor size 41943040 bytes, new threshold 15 (max threshold 15)
[2026-01-28T05:04:01.178+0000][68][info ][gc,phases   ] GC(21)   Pre Evacuate Collection Set: 4.8ms
[2026-01-28T05:04:01.179+0000][68][info ][gc,phases   ] GC(21)   Merge Heap Roots: 1.0ms
[2026-01-28T05:04:01.179+0000][68][info ][gc,phases   ] GC(21)   Evacuate Collection Set: 73.6ms
[2026-01-28T05:04:01.179+0000][68][info ][gc,phases   ] GC(21)   Post Evacuate Collection Set: 19.9ms
[2026-01-28T05:04:01.180+0000][68][info ][gc,phases   ] GC(21)   Other: 3.2ms
[2026-01-28T05:04:01.180+0000][68][trace][gc,age      ] GC(21) Age table with threshold 15 (max threshold 15)
[2026-01-28T05:04:01.180+0000][68][trace][gc,age      ] GC(21) - age   1:    1549456 bytes,    1549456 total
[2026-01-28T05:04:01.180+0000][68][trace][gc,age      ] GC(21) - age   2:      56256 bytes,    1605712 total
[2026-01-28T05:04:01.181+0000][68][trace][gc,age      ] GC(21) - age   3:       9584 bytes,    1615296 total
[2026-01-28T05:04:01.181+0000][68][trace][gc,age      ] GC(21) - age   4:     131960 bytes,    1747256 total
[2026-01-28T05:04:01.181+0000][68][trace][gc,age      ] GC(21) - age   5:      25952 bytes,    1773208 total
[2026-01-28T05:04:01.181+0000][68][trace][gc,age      ] GC(21) - age   6:     619960 bytes,    2393168 total
[2026-01-28T05:04:01.182+0000][68][trace][gc,age      ] GC(21) - age   7:     228392 bytes,    2621560 total
[2026-01-28T05:04:01.182+0000][68][info ][gc,heap     ] GC(21) Eden regions: 152->0(152)
[2026-01-28T05:04:01.182+0000][68][info ][gc,heap     ] GC(21) Survivor regions: 1->1(20)
[2026-01-28T05:04:01.183+0000][68][info ][gc,heap     ] GC(21) Old regions: 23->23
[2026-01-28T05:04:01.183+0000][68][info ][gc,heap     ] GC(21) Humongous regions: 0->0
[2026-01-28T05:04:01.183+0000][68][info ][gc,metaspace] GC(21) Metaspace: 133436K(136896K)->133436K(136896K) NonClass: 115548K(117440K)->115548K(117440K) Class: 17887K(19456K)->17887K(19456K)
[2026-01-28T05:04:01.184+0000][68][info ][gc          ] GC(21) Pause Young (Normal) (G1 Evacuation Pause) 700M->91M(1024M) 109.454ms
[2026-01-28T05:04:01.184+0000][68][info ][gc,cpu      ] GC(21) User=0.47s Sys=0.00s Real=0.11s
[2026-01-28T05:04:01.184+0000][68][info ][safepoint   ] Safepoint "G1CollectForAllocation", Time since last: 699973305792 ns, Reaching safepoint: 51604 ns, Cleanup: 6200 ns, At safepoint: 112563318 ns, Total: 112621122 ns
[2026-01-28T05:10:39.755+0000][68][info ][safepoint   ] Safepoint "Cleanup", Time since last: 398604348396 ns, Reaching safepoint: 17901 ns, Cleanup: 13101 ns, At safepoint: 4901 ns, Total: 35903 ns
[2026-01-28T05:10:40.996+0000][68][info ][safepoint   ] Safepoint "Cleanup", Time since last: 1241056322 ns, Reaching safepoint: 24602 ns, Cleanup: 34403 ns, At safepoint: 4500 ns, Total: 63505 ns
[2026-01-28T05:10:59.002+0000][68][info ][safepoint   ] Safepoint "Cleanup", Time since last: 18008438697 ns, Reaching safepoint: 121709 ns, Cleanup: 14601 ns, At safepoint: 6801 ns, Total: 143111 ns
[2026-01-28T05:11:56.006+0000][68][info ][safepoint   ] Safepoint "Cleanup", Time since last: 57011636849 ns, Reaching safepoint: 71008 ns, Cleanup: 19503 ns, At safepoint: 4400 ns, Total: 94911 ns
[2026-01-28T05:12:14.006+0000][68][info ][safepoint   ] Safepoint "Cleanup", Time since last: 18003397545 ns, Reaching safepoint: 39004 ns, Cleanup: 17102 ns, At safepoint: 42704 ns, Total: 98810 ns
[2026-01-28T05:20:29.278+0000][68][info ][gc,start    ] GC(22) Pause Young (Concurrent Start) (CodeCache GC Threshold)
[2026-01-28T05:20:29.278+0000][68][info ][gc,task     ] GC(22) Using 6 workers of 6 for evacuation
[2026-01-28T05:20:29.279+0000][68][debug][gc,age      ] GC(22) Desired survivor size 41943040 bytes, new threshold 15 (max threshold 15)
[2026-01-28T05:20:29.418+0000][68][info ][gc,phases   ] GC(22)   Pre Evacuate Collection Set: 1.9ms
[2026-01-28T05:20:29.418+0000][68][info ][gc,phases   ] GC(22)   Merge Heap Roots: 0.5ms
[2026-01-28T05:20:29.419+0000][68][info ][gc,phases   ] GC(22)   Evacuate Collection Set: 134.0ms
[2026-01-28T05:20:29.419+0000][68][info ][gc,phases   ] GC(22)   Post Evacuate Collection Set: 2.1ms
[2026-01-28T05:20:29.419+0000][68][info ][gc,phases   ] GC(22)   Other: 1.3ms
[2026-01-28T05:20:29.419+0000][68][trace][gc,age      ] GC(22) Age table with threshold 15 (max threshold 15)
[2026-01-28T05:20:29.420+0000][68][trace][gc,age      ] GC(22) - age   1:      60552 bytes,      60552 total
[2026-01-28T05:20:29.420+0000][68][trace][gc,age      ] GC(22) - age   2:    1429912 bytes,    1490464 total
[2026-01-28T05:20:29.420+0000][68][trace][gc,age      ] GC(22) - age   3:      23040 bytes,    1513504 total
[2026-01-28T05:20:29.420+0000][68][trace][gc,age      ] GC(22) - age   4:       9496 bytes,    1523000 total
[2026-01-28T05:20:29.420+0000][68][trace][gc,age      ] GC(22) - age   5:     131248 bytes,    1654248 total
[2026-01-28T05:20:29.421+0000][68][trace][gc,age      ] GC(22) - age   6:      25952 bytes,    1680200 total
[2026-01-28T05:20:29.421+0000][68][trace][gc,age      ] GC(22) - age   7:     619960 bytes,    2300160 total
[2026-01-28T05:20:29.421+0000][68][trace][gc,age      ] GC(22) - age   8:     196088 bytes,    2496248 total
[2026-01-28T05:20:29.421+0000][68][info ][gc,heap     ] GC(22) Eden regions: 9->0(152)
[2026-01-28T05:20:29.421+0000][68][info ][gc,heap     ] GC(22) Survivor regions: 1->1(20)
[2026-01-28T05:20:29.422+0000][68][info ][gc,heap     ] GC(22) Old regions: 23->23
[2026-01-28T05:20:29.422+0000][68][info ][gc,heap     ] GC(22) Humongous regions: 0->0
[2026-01-28T05:20:29.422+0000][68][info ][gc,metaspace] GC(22) Metaspace: 133583K(137088K)->133583K(137088K) NonClass: 115670K(117568K)->115670K(117568K) Class: 17913K(19520K)->17913K(19520K)
[2026-01-28T05:20:29.422+0000][68][info ][gc          ] GC(22) Pause Young (Concurrent Start) (CodeCache GC Threshold) 124M->91M(1024M) 144.482ms
[2026-01-28T05:20:29.423+0000][68][info ][gc,cpu      ] GC(22) User=0.30s Sys=0.02s Real=0.14s
[2026-01-28T05:20:29.423+0000][68][info ][gc          ] GC(23) Concurrent Mark Cycle
[2026-01-28T05:20:29.423+0000][68][info ][safepoint   ] Safepoint "G1TryInitiateConcMark", Time since last: 495323209444 ns, Reaching safepoint: 69807 ns, Cleanup: 5601 ns, At safepoint: 145445543 ns, Total: 145520951 ns
[2026-01-28T05:20:29.424+0000][68][info ][gc,marking  ] GC(23) Concurrent Scan Root Regions
[2026-01-28T05:20:29.497+0000][68][info ][gc,marking  ] GC(23) Concurrent Scan Root Regions 73.728ms
[2026-01-28T05:20:29.498+0000][68][info ][gc,marking  ] GC(23) Concurrent Mark
[2026-01-28T05:20:29.498+0000][68][info ][gc,marking  ] GC(23) Concurrent Mark From Roots
[2026-01-28T05:20:29.498+0000][68][info ][gc,task     ] GC(23) Using 2 workers of 2 for marking
[2026-01-28T05:20:29.881+0000][68][info ][gc,marking  ] GC(23) Concurrent Mark From Roots 383.393ms
[2026-01-28T05:20:29.882+0000][68][info ][gc,marking  ] GC(23) Concurrent Preclean
[2026-01-28T05:20:29.883+0000][68][info ][gc,marking  ] GC(23) Concurrent Preclean 0.992ms
[2026-01-28T05:20:29.883+0000][68][info ][gc,start    ] GC(23) Pause Remark
[2026-01-28T05:20:30.358+0000][68][info ][gc,mmu      ] GC(23) MMU target violated: 201.0ms (200.0ms/201.0ms)
[2026-01-28T05:20:30.358+0000][68][info ][gc          ] GC(23) Pause Remark 91M->91M(1024M) 474.894ms
[2026-01-28T05:20:30.359+0000][68][info ][gc,cpu      ] GC(23) User=2.20s Sys=0.00s Real=0.48s
[2026-01-28T05:20:30.360+0000][68][info ][safepoint   ] Safepoint "G1PauseRemark", Time since last: 460360901 ns, Reaching safepoint: 17701 ns, Cleanup: 4101 ns, At safepoint: 476108355 ns, Total: 476130157 ns
[2026-01-28T05:20:30.360+0000][68][info ][gc,marking  ] GC(23) Concurrent Mark 862.351ms
[2026-01-28T05:20:30.360+0000][68][info ][gc,marking  ] GC(23) Concurrent Rebuild Remembered Sets and Scrub Regions
[2026-01-28T05:20:30.437+0000][68][info ][gc,marking  ] GC(23) Concurrent Rebuild Remembered Sets and Scrub Regions 76.336ms
[2026-01-28T05:20:30.440+0000][68][info ][gc,start    ] GC(23) Pause Cleanup
[2026-01-28T05:20:30.441+0000][68][info ][gc          ] GC(23) Pause Cleanup 95M->95M(1024M) 0.859ms
[2026-01-28T05:20:30.441+0000][68][info ][gc,cpu      ] GC(23) User=0.00s Sys=0.00s Real=0.00s
[2026-01-28T05:20:30.441+0000][68][info ][safepoint   ] Safepoint "G1PauseCleanup", Time since last: 78084815 ns, Reaching safepoint: 2150712 ns, Cleanup: 20702 ns, At safepoint: 1588757 ns, Total: 3760171 ns
[2026-01-28T05:20:30.442+0000][68][info ][gc,marking  ] GC(23) Concurrent Clear Claimed Marks
[2026-01-28T05:20:30.442+0000][68][info ][gc,marking  ] GC(23) Concurrent Clear Claimed Marks 0.460ms
[2026-01-28T05:20:30.443+0000][68][info ][gc,marking  ] GC(23) Concurrent Cleanup for Next Mark
[2026-01-28T05:20:30.493+0000][68][info ][gc,marking  ] GC(23) Concurrent Cleanup for Next Mark 50.732ms
[2026-01-28T05:20:30.494+0000][68][info ][gc          ] GC(23) Concurrent Mark Cycle 1070.593ms
[2026-01-28T05:21:14.160+0000][68][info ][safepoint   ] Safepoint "Cleanup", Time since last: 43725124867 ns, Reaching safepoint: 53505 ns, Cleanup: 12302 ns, At safepoint: 3400 ns, Total: 69207 ns
[2026-01-28T05:22:48.166+0000][68][info ][safepoint   ] Safepoint "Cleanup", Time since last: 94015103942 ns, Reaching safepoint: 53906 ns, Cleanup: 14201 ns, At safepoint: 7401 ns, Total: 75508 ns
[2026-01-28T05:46:55.085+0000][68][info ][safepoint   ] Safepoint "Cleanup", Time since last: 1447067894482 ns, Reaching safepoint: 16501 ns, Cleanup: 26202 ns, At safepoint: 67205 ns, Total: 109908 ns
[2026-01-28T05:46:56.614+0000][68][info ][safepoint   ] Safepoint "Cleanup", Time since last: 1528376793 ns, Reaching safepoint: 20701 ns, Cleanup: 56704 ns, At safepoint: 3701 ns, Total: 81106 ns
[2026-01-28T05:47:17.615+0000][68][info ][safepoint   ] Safepoint "Cleanup", Time since last: 21003531262 ns, Reaching safepoint: 18001 ns, Cleanup: 20001 ns, At safepoint: 4800 ns, Total: 42802 ns
[2026-01-28T05:49:00.010+0000][68][info ][safepoint   ] Safepoint "Cleanup", Time since last: 102404304170 ns, Reaching safepoint: 60405 ns, Cleanup: 16901 ns, At safepoint: 7100 ns, Total: 84406 ns
[2026-01-28T05:52:01.136+0000][68][info ][safepoint   ] Safepoint "Cleanup", Time since last: 181142022599 ns, Reaching safepoint: 12201 ns, Cleanup: 9901 ns, At safepoint: 2900 ns, Total: 25002 ns
[2026-01-28T06:15:08.273+0000][68][info ][safepoint   ] Safepoint "Cleanup", Time since last: 1387255257885 ns, Reaching safepoint: 79404 ns, Cleanup: 16201 ns, At safepoint: 8800 ns, Total: 104405 ns
[2026-01-28T06:36:28.372+0000][68][info ][safepoint   ] Safepoint "Cleanup", Time since last: 1280200511226 ns, Reaching safepoint: 92507 ns, Cleanup: 17201 ns, At safepoint: 5501 ns, Total: 115209 ns
[2026-01-28T06:36:40.374+0000][68][info ][safepoint   ] Safepoint "Cleanup", Time since last: 12002399883 ns, Reaching safepoint: 19501 ns, Cleanup: 13802 ns, At safepoint: 3100 ns, Total: 36403 ns
[2026-01-28T06:42:29.395+0000][68][info ][safepoint   ] Safepoint "Cleanup", Time since last: 349050693431 ns, Reaching safepoint: 40203 ns, Cleanup: 13501 ns, At safepoint: 36903 ns, Total: 90607 ns
[2026-01-28T06:46:54.411+0000][68][info ][safepoint   ] Safepoint "Cleanup", Time since last: 265038889946 ns, Reaching safepoint: 220317 ns, Cleanup: 18601 ns, At safepoint: 102508 ns, Total: 341426 ns
[2026-01-28T06:46:56.093+0000][68][info ][safepoint   ] Safepoint "Cleanup", Time since last: 1681753791 ns, Reaching safepoint: 110108 ns, Cleanup: 123710 ns, At safepoint: 57404 ns, Total: 291222 ns
[2026-01-28T06:46:57.534+0000][68][info ][safepoint   ] Safepoint "Cleanup", Time since last: 1440920205 ns, Reaching safepoint: 17701 ns, Cleanup: 34303 ns, At safepoint: 3200 ns, Total: 55204 ns
[2026-01-28T06:46:58.535+0000][68][info ][safepoint   ] Safepoint "Cleanup", Time since last: 1000626375 ns, Reaching safepoint: 22602 ns, Cleanup: 21001 ns, At safepoint: 5001 ns, Total: 48604 ns
[2026-01-28T06:46:59.536+0000][68][info ][safepoint   ] Safepoint "Cleanup", Time since last: 1000704780 ns, Reaching safepoint: 141411 ns, Cleanup: 24002 ns, At safepoint: 47603 ns, Total: 213016 ns
[2026-01-28T06:47:00.537+0000][68][info ][safepoint   ] Safepoint "Cleanup", Time since last: 1000624675 ns, Reaching safepoint: 127110 ns, Cleanup: 15401 ns, At safepoint: 40103 ns, Total: 182614 ns
[2026-01-28T06:47:06.053+0000][68][info ][safepoint   ] Safepoint "Cleanup", Time since last: 5516419423 ns, Reaching safepoint: 18101 ns, Cleanup: 22002 ns, At safepoint: 3300 ns, Total: 43403 ns
[2026-01-28T06:47:07.054+0000][68][info ][safepoint   ] Safepoint "Cleanup", Time since last: 1000603178 ns, Reaching safepoint: 16301 ns, Cleanup: 18801 ns, At safepoint: 4101 ns, Total: 39203 ns
[2026-01-28T06:47:08.918+0000][68][info ][safepoint   ] Safepoint "Cleanup", Time since last: 1864350403 ns, Reaching safepoint: 161813 ns, Cleanup: 32902 ns, At safepoint: 42503 ns, Total: 237218 ns
[2026-01-28T06:47:09.919+0000][68][info ][safepoint   ] Safepoint "Cleanup", Time since last: 1000676683 ns, Reaching safepoint: 17302 ns, Cleanup: 25301 ns, At safepoint: 35903 ns, Total: 78506 ns
[2026-01-28T06:47:11.486+0000][68][info ][safepoint   ] Safepoint "Cleanup", Time since last: 1567393870 ns, Reaching safepoint: 18901 ns, Cleanup: 18602 ns, At safepoint: 2900 ns, Total: 40403 ns
[2026-01-28T06:52:11.100+0000][68][info ][safepoint   ] Safepoint "Cleanup", Time since last: 299651538822 ns, Reaching safepoint: 24603 ns, Cleanup: 14601 ns, At safepoint: 4501 ns, Total: 43705 ns
[2026-01-28T06:52:12.666+0000][68][info ][safepoint   ] Safepoint "Cleanup", Time since last: 1568982261 ns, Reaching safepoint: 18302 ns, Cleanup: 74507 ns, At safepoint: 6001 ns, Total: 98810 ns
[2026-01-28T07:46:54.469+0000][68][info ][safepoint   ] Safepoint "Cleanup", Time since last: 3282108300069 ns, Reaching safepoint: 808258 ns, Cleanup: 166712 ns, At safepoint: 151411 ns, Total: 1126381 ns
[2026-01-28T07:46:56.222+0000][68][info ][safepoint   ] Safepoint "Cleanup", Time since last: 1753333775 ns, Reaching safepoint: 244418 ns, Cleanup: 19201 ns, At safepoint: 69105 ns, Total: 332724 ns
[2026-01-28T07:57:00.171+0000][68][info ][safepoint   ] Safepoint "Cleanup", Time since last: 603997872802 ns, Reaching safepoint: 122908 ns, Cleanup: 52004 ns, At safepoint: 47504 ns, Total: 222416 ns
[2026-01-28T08:46:54.400+0000][68][info ][safepoint   ] Safepoint "Cleanup", Time since last: 2994470667918 ns, Reaching safepoint: 791057 ns, Cleanup: 442632 ns, At safepoint: 120608 ns, Total: 1354297 ns
[2026-01-28T08:46:55.976+0000][68][info ][safepoint   ] Safepoint "Cleanup", Time since last: 1575765148 ns, Reaching safepoint: 169812 ns, Cleanup: 13101 ns, At safepoint: 47503 ns, Total: 230416 ns
[2026-01-28T08:46:57.589+0000][68][info ][safepoint   ] Safepoint "Cleanup", Time since last: 1613253530 ns, Reaching safepoint: 19501 ns, Cleanup: 126909 ns, At safepoint: 6701 ns, Total: 153111 ns
[2026-01-28T08:46:58.590+0000][68][info ][safepoint   ] Safepoint "Cleanup", Time since last: 1000585472 ns, Reaching safepoint: 16001 ns, Cleanup: 10901 ns, At safepoint: 3900 ns, Total: 30802 ns
[2026-01-28T08:46:59.590+0000][68][info ][safepoint   ] Safepoint "Cleanup", Time since last: 1000555070 ns, Reaching safepoint: 18301 ns, Cleanup: 22002 ns, At safepoint: 3400 ns, Total: 43703 ns
[2026-01-28T08:47:06.650+0000][68][info ][safepoint   ] Safepoint "Cleanup", Time since last: 7059585405 ns, Reaching safepoint: 21002 ns, Cleanup: 87406 ns, At safepoint: 42803 ns, Total: 151211 ns
[2026-01-28T08:47:08.058+0000][68][info ][safepoint   ] Safepoint "Cleanup", Time since last: 1407725875 ns, Reaching safepoint: 7400 ns, Cleanup: 19502 ns, At safepoint: 3600 ns, Total: 30502 ns
[2026-01-28T08:47:09.574+0000][68][info ][gc,start    ] GC(24) Pause Young (Prepare Mixed) (G1 Evacuation Pause)
[2026-01-28T08:47:09.576+0000][68][info ][gc,task     ] GC(24) Using 6 workers of 6 for evacuation
[2026-01-28T08:47:09.577+0000][68][debug][gc,age      ] GC(24) Desired survivor size 41943040 bytes, new threshold 15 (max threshold 15)
[2026-01-28T08:47:09.701+0000][68][info ][gc,phases   ] GC(24)   Pre Evacuate Collection Set: 4.6ms
[2026-01-28T08:47:09.701+0000][68][info ][gc,phases   ] GC(24)   Merge Heap Roots: 1.8ms
[2026-01-28T08:47:09.702+0000][68][info ][gc,phases   ] GC(24)   Evacuate Collection Set: 89.3ms
[2026-01-28T08:47:09.702+0000][68][info ][gc,phases   ] GC(24)   Post Evacuate Collection Set: 26.0ms
[2026-01-28T08:47:09.703+0000][68][info ][gc,phases   ] GC(24)   Other: 3.4ms
[2026-01-28T08:47:09.703+0000][68][trace][gc,age      ] GC(24) Age table with threshold 15 (max threshold 15)
[2026-01-28T08:47:09.703+0000][68][trace][gc,age      ] GC(24) - age   1:    3006760 bytes,    3006760 total
[2026-01-28T08:47:09.704+0000][68][trace][gc,age      ] GC(24) - age   2:      41912 bytes,    3048672 total
[2026-01-28T08:47:09.704+0000][68][trace][gc,age      ] GC(24) - age   3:     336384 bytes,    3385056 total
[2026-01-28T08:47:09.704+0000][68][trace][gc,age      ] GC(24) - age   4:      21312 bytes,    3406368 total
[2026-01-28T08:47:09.705+0000][68][trace][gc,age      ] GC(24) - age   5:       9176 bytes,    3415544 total
[2026-01-28T08:47:09.705+0000][68][trace][gc,age      ] GC(24) - age   6:      73200 bytes,    3488744 total
[2026-01-28T08:47:09.705+0000][68][trace][gc,age      ] GC(24) - age   7:      25920 bytes,    3514664 total
[2026-01-28T08:47:09.705+0000][68][trace][gc,age      ] GC(24) - age   8:     519384 bytes,    4034048 total
[2026-01-28T08:47:09.706+0000][68][trace][gc,age      ] GC(24) - age   9:     194592 bytes,    4228640 total
[2026-01-28T08:47:09.706+0000][68][info ][gc,heap     ] GC(24) Eden regions: 152->0(151)
[2026-01-28T08:47:09.706+0000][68][info ][gc,heap     ] GC(24) Survivor regions: 1->2(20)
[2026-01-28T08:47:09.707+0000][68][info ][gc,heap     ] GC(24) Old regions: 23->23
[2026-01-28T08:47:09.707+0000][68][info ][gc,heap     ] GC(24) Humongous regions: 0->0
[2026-01-28T08:47:09.708+0000][68][info ][gc,metaspace] GC(24) Metaspace: 131305K(137088K)->131305K(137088K) NonClass: 114007K(117568K)->114007K(117568K) Class: 17297K(19520K)->17297K(19520K)
[2026-01-28T08:47:09.708+0000][68][info ][gc          ] GC(24) Pause Young (Prepare Mixed) (G1 Evacuation Pause) 699M->93M(1024M) 134.148ms
[2026-01-28T08:47:09.709+0000][68][info ][gc,cpu      ] GC(24) User=0.64s Sys=0.00s Real=0.14s
[2026-01-28T08:47:09.709+0000][68][info ][safepoint   ] Safepoint "G1CollectForAllocation", Time since last: 1513410565 ns, Reaching safepoint: 191214 ns, Cleanup: 25301 ns, At safepoint: 137619554 ns, Total: 137836069 ns
[2026-01-28T08:47:10.710+0000][68][info ][safepoint   ] Safepoint "Cleanup", Time since last: 1000507113 ns, Reaching safepoint: 18201 ns, Cleanup: 14401 ns, At safepoint: 3500 ns, Total: 36102 ns
[2026-01-28T08:47:12.699+0000][68][info ][safepoint   ] Safepoint "Cleanup", Time since last: 1991843774 ns, Reaching safepoint: 18002 ns, Cleanup: 26501 ns, At safepoint: 4301 ns, Total: 48804 ns
[2026-01-28T08:52:15.790+0000][68][info ][safepoint   ] Safepoint "Cleanup", Time since last: 303115427313 ns, Reaching safepoint: 164112 ns, Cleanup: 10300 ns, At safepoint: 44003 ns, Total: 218415 ns
[2026-01-28T08:52:17.283+0000][68][info ][safepoint   ] Safepoint "Cleanup", Time since last: 1493166271 ns, Reaching safepoint: 17301 ns, Cleanup: 16401 ns, At safepoint: 3400 ns, Total: 37102 ns
[2026-01-28T08:59:31.130+0000][68][info ][safepoint   ] Safepoint "Cleanup", Time since last: 433880004033 ns, Reaching safepoint: 64005 ns, Cleanup: 69705 ns, At safepoint: 14501 ns, Total: 148211 ns
[2026-01-28T09:23:01.246+0000][68][info ][safepoint   ] Safepoint "Cleanup", Time since last: 1410227144824 ns, Reaching safepoint: 41403 ns, Cleanup: 14500 ns, At safepoint: 45003 ns, Total: 100906 ns
[2026-01-28T09:38:16.322+0000][68][info ][safepoint   ] Safepoint "Cleanup", Time since last: 915143168173 ns, Reaching safepoint: 308019 ns, Cleanup: 133608 ns, At safepoint: 137708 ns, Total: 579335 ns
[2026-01-28T09:38:50.643+0000][68][info ][safepoint   ] Safepoint "Cleanup", Time since last: 34323256722 ns, Reaching safepoint: 59804 ns, Cleanup: 15201 ns, At safepoint: 8801 ns, Total: 83806 ns
[2026-01-28T09:40:09.834+0000][68][info ][safepoint   ] Safepoint "Cleanup", Time since last: 79012885716 ns, Reaching safepoint: 182804066 ns, Cleanup: 96806 ns, At safepoint: 90206 ns, Total: 182991078 ns
[2026-01-28T09:40:11.121+0000][68][info ][safepoint   ] Safepoint "ICBufferFull", Time since last: 1286261290 ns, Reaching safepoint: 15301 ns, Cleanup: 195012 ns, At safepoint: 6000 ns, Total: 216313 ns
[2026-01-28T09:40:12.122+0000][68][info ][safepoint   ] Safepoint "Cleanup", Time since last: 1000630161 ns, Reaching safepoint: 28002 ns, Cleanup: 115507 ns, At safepoint: 6400 ns, Total: 149909 ns
[2026-01-28T09:40:13.133+0000][68][info ][safepoint   ] Safepoint "Cleanup", Time since last: 1015068182 ns, Reaching safepoint: 23201 ns, Cleanup: 16801 ns, At safepoint: 3401 ns, Total: 43403 ns
[2026-01-28T09:40:40.138+0000][68][info ][safepoint   ] Safepoint "Cleanup", Time since last: 27004807117 ns, Reaching safepoint: 52905 ns, Cleanup: 12201 ns, At safepoint: 7401 ns, Total: 72507 ns
[2026-01-28T09:41:01.713+0000][68][info ][safepoint   ] Safepoint "Cleanup", Time since last: 21576502354 ns, Reaching safepoint: 59704 ns, Cleanup: 67605 ns, At safepoint: 7000 ns, Total: 134309 ns
[2026-01-28T09:41:02.714+0000][68][info ][safepoint   ] Safepoint "Cleanup", Time since last: 1000609311 ns, Reaching safepoint: 23702 ns, Cleanup: 63504 ns, At safepoint: 4301 ns, Total: 91507 ns
[2026-01-28T09:41:31.716+0000][68][info ][safepoint   ] Safepoint "Cleanup", Time since last: 29004703846 ns, Reaching safepoint: 65804 ns, Cleanup: 14301 ns, At safepoint: 4000 ns, Total: 84105 ns
[2026-01-28T09:42:01.719+0000][68][info ][safepoint   ] Safepoint "Cleanup", Time since last: 30005092966 ns, Reaching safepoint: 68804 ns, Cleanup: 16301 ns, At safepoint: 7601 ns, Total: 92706 ns
[2026-01-28T09:42:12.735+0000][68][info ][safepoint   ] Safepoint "Cleanup", Time since last: 11018644678 ns, Reaching safepoint: 23302 ns, Cleanup: 14901 ns, At safepoint: 3100 ns, Total: 41303 ns
[2026-01-28T09:42:55.740+0000][68][info ][safepoint   ] Safepoint "Cleanup", Time since last: 43006841392 ns, Reaching safepoint: 68305 ns, Cleanup: 13800 ns, At safepoint: 3801 ns, Total: 85906 ns
[2026-01-28T09:44:31.747+0000][68][info ][safepoint   ] Safepoint "Cleanup", Time since last: 96014074043 ns, Reaching safepoint: 195513 ns, Cleanup: 15301 ns, At safepoint: 14001 ns, Total: 224815 ns
[2026-01-28T09:46:53.757+0000][68][info ][safepoint   ] Safepoint "Cleanup", Time since last: 142021277364 ns, Reaching safepoint: 164211 ns, Cleanup: 84405 ns, At safepoint: 58604 ns, Total: 307220 ns
[2026-01-28T09:46:55.249+0000][68][info ][safepoint   ] Safepoint "Cleanup", Time since last: 1491840191 ns, Reaching safepoint: 130009 ns, Cleanup: 82206 ns, At safepoint: 42303 ns, Total: 254518 ns
[2026-01-28T09:46:56.250+0000][68][info ][safepoint   ] Safepoint "Cleanup", Time since last: 1000609646 ns, Reaching safepoint: 20801 ns, Cleanup: 12901 ns, At safepoint: 3900 ns, Total: 37602 ns
[2026-01-28T09:47:12.250+0000][68][info ][safepoint   ] Safepoint "Cleanup", Time since last: 16003236631 ns, Reaching safepoint: 21602 ns, Cleanup: 14401 ns, At safepoint: 31802 ns, Total: 67805 ns
[2026-01-28T09:51:56.062+0000][68][info ][safepoint   ] Safepoint "Cleanup", Time since last: 283833121861 ns, Reaching safepoint: 209723 ns, Cleanup: 10501 ns, At safepoint: 55207 ns, Total: 275431 ns
[2026-01-28T09:51:57.145+0000][68][info ][safepoint   ] Safepoint "Cleanup", Time since last: 1082623909 ns, Reaching safepoint: 25202 ns, Cleanup: 23501 ns, At safepoint: 3300 ns, Total: 52003 ns
[2026-01-28T09:53:14.089+0000][68][info ][safepoint   ] Safepoint "Cleanup", Time since last: 76950746987 ns, Reaching safepoint: 158011 ns, Cleanup: 47104 ns, At safepoint: 49803 ns, Total: 254918 ns
[2026-01-28T10:07:01.143+0000][68][info ][safepoint   ] Safepoint "Cleanup", Time since last: 827125178447 ns, Reaching safepoint: 110107 ns, Cleanup: 36203 ns, At safepoint: 5800 ns, Total: 152110 ns
[2026-01-28T10:07:05.145+0000][68][info ][safepoint   ] Safepoint "Cleanup", Time since last: 4001109519 ns, Reaching safepoint: 21602 ns, Cleanup: 194213 ns, At safepoint: 6200 ns, Total: 222015 ns
[2026-01-28T10:07:09.146+0000][68][info ][safepoint   ] Safepoint "Cleanup", Time since last: 4001046169 ns, Reaching safepoint: 28002 ns, Cleanup: 38403 ns, At safepoint: 4600 ns, Total: 71005 ns
[2026-01-28T10:07:10.147+0000][68][info ][safepoint   ] Safepoint "Cleanup", Time since last: 1000996893 ns, Reaching safepoint: 22402 ns, Cleanup: 34602 ns, At safepoint: 3400 ns, Total: 60404 ns
[2026-01-28T10:07:13.145+0000][68][info ][safepoint   ] Safepoint "Cleanup", Time since last: 3000864679 ns, Reaching safepoint: 175412 ns, Cleanup: 17201 ns, At safepoint: 70905 ns, Total: 263518 ns
[2026-01-28T10:07:14.146+0000][68][info ][safepoint   ] Safepoint "Cleanup", Time since last: 1000714420 ns, Reaching safepoint: 60804 ns, Cleanup: 29802 ns, At safepoint: 8401 ns, Total: 99007 ns
[2026-01-28T10:07:18.147+0000][68][info ][safepoint   ] Safepoint "Cleanup", Time since last: 4001151166 ns, Reaching safepoint: 20901 ns, Cleanup: 28902 ns, At safepoint: 2800 ns, Total: 52603 ns
[2026-01-28T10:07:21.148+0000][68][info ][safepoint   ] Safepoint "Cleanup", Time since last: 3000947615 ns, Reaching safepoint: 21902 ns, Cleanup: 14801 ns, At safepoint: 3200 ns, Total: 39903 ns
[2026-01-28T10:07:22.149+0000][68][info ][safepoint   ] Safepoint "Cleanup", Time since last: 1000588315 ns, Reaching safepoint: 20901 ns, Cleanup: 37203 ns, At safepoint: 4200 ns, Total: 62304 ns
[2026-01-28T10:07:31.151+0000][68][info ][safepoint   ] Safepoint "Cleanup", Time since last: 9002051515 ns, Reaching safepoint: 19002 ns, Cleanup: 12801 ns, At safepoint: 3600 ns, Total: 35403 ns
[2026-01-28T10:09:31.159+0000][68][info ][safepoint   ] Safepoint "Cleanup", Time since last: 120018972555 ns, Reaching safepoint: 125109 ns, Cleanup: 16801 ns, At safepoint: 4801 ns, Total: 146711 ns
[2026-01-28T10:10:01.162+0000][68][info ][safepoint   ] Safepoint "Cleanup", Time since last: 30004980407 ns, Reaching safepoint: 20201 ns, Cleanup: 12001 ns, At safepoint: 37503 ns, Total: 69705 ns
[2026-01-28T10:12:12.171+0000][68][info ][safepoint   ] Safepoint "Cleanup", Time since last: 131020299097 ns, Reaching safepoint: 40102 ns, Cleanup: 13901 ns, At safepoint: 37202 ns, Total: 91205 ns
[2026-01-28T10:46:56.318+0000][68][info ][safepoint   ] Safepoint "Cleanup", Time since last: 2084331249645 ns, Reaching safepoint: 177514 ns, Cleanup: 82407 ns, At safepoint: 41603 ns, Total: 301524 ns
[2026-01-28T10:46:57.794+0000][68][info ][safepoint   ] Safepoint "Cleanup", Time since last: 1475439684 ns, Reaching safepoint: 24602 ns, Cleanup: 33903 ns, At safepoint: 4300 ns, Total: 62805 ns
[2026-01-28T10:46:58.911+0000][68][info ][safepoint   ] Safepoint "Cleanup", Time since last: 1116619767 ns, Reaching safepoint: 14001 ns, Cleanup: 50304 ns, At safepoint: 4500 ns, Total: 68805 ns
[2026-01-28T10:47:00.082+0000][68][info ][safepoint   ] Safepoint "Cleanup", Time since last: 1171301349 ns, Reaching safepoint: 21102 ns, Cleanup: 42303 ns, At safepoint: 4900 ns, Total: 68305 ns
[2026-01-28T10:47:01.083+0000][68][info ][safepoint   ] Safepoint "Cleanup", Time since last: 1000582705 ns, Reaching safepoint: 50904 ns, Cleanup: 40902 ns, At safepoint: 6001 ns, Total: 97807 ns
[2026-01-28T10:47:02.083+0000][68][info ][safepoint   ] Safepoint "Cleanup", Time since last: 1000800520 ns, Reaching safepoint: 25201 ns, Cleanup: 16602 ns, At safepoint: 3700 ns, Total: 45503 ns
[2026-01-28T10:47:03.084+0000][68][info ][safepoint   ] Safepoint "Cleanup", Time since last: 1000551703 ns, Reaching safepoint: 20701 ns, Cleanup: 16802 ns, At safepoint: 3900 ns, Total: 41403 ns
[2026-01-28T10:47:08.623+0000][68][info ][safepoint   ] Safepoint "Cleanup", Time since last: 5538684607 ns, Reaching safepoint: 9001 ns, Cleanup: 11300 ns, At safepoint: 3801 ns, Total: 24102 ns
[2026-01-28T10:47:09.640+0000][68][info ][safepoint   ] Safepoint "Cleanup", Time since last: 1017069041 ns, Reaching safepoint: 21401 ns, Cleanup: 26402 ns, At safepoint: 3100 ns, Total: 50903 ns
[2026-01-28T10:47:10.641+0000][68][info ][safepoint   ] Safepoint "Cleanup", Time since last: 1000572551 ns, Reaching safepoint: 26801 ns, Cleanup: 18402 ns, At safepoint: 3800 ns, Total: 49003 ns
[2026-01-28T10:47:11.666+0000][68][info ][safepoint   ] Safepoint "Cleanup", Time since last: 1024910412 ns, Reaching safepoint: 74104 ns, Cleanup: 14701 ns, At safepoint: 40202 ns, Total: 129007 ns
[2026-01-28T10:47:12.692+0000][68][info ][safepoint   ] Safepoint "Cleanup", Time since last: 1029101863 ns, Reaching safepoint: 172911 ns, Cleanup: 19001 ns, At safepoint: 65004 ns, Total: 256916 ns
[2026-01-28T10:47:14.519+0000][68][info ][safepoint   ] Safepoint "Cleanup", Time since last: 1827029752 ns, Reaching safepoint: 21801 ns, Cleanup: 38402 ns, At safepoint: 4801 ns, Total: 65004 ns
[2026-01-28T10:47:31.522+0000][68][info ][safepoint   ] Safepoint "Cleanup", Time since last: 17003393353 ns, Reaching safepoint: 55203 ns, Cleanup: 12701 ns, At safepoint: 7401 ns, Total: 75305 ns
[2026-01-28T10:52:15.654+0000][68][info ][safepoint   ] Safepoint "Cleanup", Time since last: 284157253256 ns, Reaching safepoint: 19601 ns, Cleanup: 19502 ns, At safepoint: 32302 ns, Total: 71405 ns
[2026-01-28T10:52:17.348+0000][68][info ][safepoint   ] Safepoint "Cleanup", Time since last: 1693922951 ns, Reaching safepoint: 55204 ns, Cleanup: 25001 ns, At safepoint: 7801 ns, Total: 88006 ns
[2026-01-28T11:44:09.994+0000][68][info ][gc,start    ] GC(25) Pause Young (Mixed) (G1 Evacuation Pause)
[2026-01-28T11:44:09.997+0000][68][info ][gc,task     ] GC(25) Using 6 workers of 6 for evacuation
[2026-01-28T11:44:09.998+0000][68][debug][gc,age      ] GC(25) Desired survivor size 41943040 bytes, new threshold 15 (max threshold 15)
[2026-01-28T11:44:10.212+0000][68][info ][gc,mmu      ] GC(25) MMU target violated: 201.0ms (200.0ms/201.0ms)
[2026-01-28T11:44:10.212+0000][68][info ][gc,phases   ] GC(25)   Pre Evacuate Collection Set: 6.8ms
[2026-01-28T11:44:10.213+0000][68][info ][gc,phases   ] GC(25)   Merge Heap Roots: 2.2ms
[2026-01-28T11:44:10.213+0000][68][info ][gc,phases   ] GC(25)   Evacuate Collection Set: 182.3ms
[2026-01-28T11:44:10.213+0000][68][info ][gc,phases   ] GC(25)   Post Evacuate Collection Set: 20.9ms
[2026-01-28T11:44:10.214+0000][68][info ][gc,phases   ] GC(25)   Other: 3.7ms
[2026-01-28T11:44:10.214+0000][68][trace][gc,age      ] GC(25) Age table with threshold 15 (max threshold 15)
[2026-01-28T11:44:10.214+0000][68][trace][gc,age      ] GC(25) - age   1:    2056024 bytes,    2056024 total
[2026-01-28T11:44:10.214+0000][68][trace][gc,age      ] GC(25) - age   2:     538448 bytes,    2594472 total
[2026-01-28T11:44:10.215+0000][68][trace][gc,age      ] GC(25) - age   3:      41816 bytes,    2636288 total
[2026-01-28T11:44:10.215+0000][68][trace][gc,age      ] GC(25) - age   4:     335136 bytes,    2971424 total
[2026-01-28T11:44:10.215+0000][68][trace][gc,age      ] GC(25) - age   5:      20888 bytes,    2992312 total
[2026-01-28T11:44:10.215+0000][68][trace][gc,age      ] GC(25) - age   6:       9080 bytes,    3001392 total
[2026-01-28T11:44:10.216+0000][68][trace][gc,age      ] GC(25) - age   7:      72840 bytes,    3074232 total
[2026-01-28T11:44:10.216+0000][68][trace][gc,age      ] GC(25) - age   8:      25920 bytes,    3100152 total
[2026-01-28T11:44:10.216+0000][68][trace][gc,age      ] GC(25) - age   9:     428688 bytes,    3528840 total
[2026-01-28T11:44:10.216+0000][68][trace][gc,age      ] GC(25) - age  10:     194456 bytes,    3723296 total
[2026-01-28T11:44:10.217+0000][68][info ][gc,heap     ] GC(25) Eden regions: 151->0(152)
[2026-01-28T11:44:10.217+0000][68][info ][gc,heap     ] GC(25) Survivor regions: 2->1(20)
[2026-01-28T11:44:10.217+0000][68][info ][gc,heap     ] GC(25) Old regions: 23->22
[2026-01-28T11:44:10.217+0000][68][info ][gc,heap     ] GC(25) Humongous regions: 0->0
[2026-01-28T11:44:10.218+0000][68][info ][gc,metaspace] GC(25) Metaspace: 133759K(137536K)->133759K(137536K) NonClass: 116153K(118016K)->116153K(118016K) Class: 17606K(19520K)->17606K(19520K)
[2026-01-28T11:44:10.218+0000][68][info ][gc          ] GC(25) Pause Young (Mixed) (G1 Evacuation Pause) 697M->90M(1024M) 223.862ms
[2026-01-28T11:44:10.218+0000][68][info ][gc,cpu      ] GC(25) User=1.10s Sys=0.00s Real=0.22s
[2026-01-28T11:44:10.219+0000][68][info ][safepoint   ] Safepoint "G1CollectForAllocation", Time since last: 3112887992270 ns, Reaching safepoint: 1137873 ns, Cleanup: 167111 ns, At safepoint: 227253461 ns, Total: 228558445 ns
[2026-01-28T11:46:53.230+0000][68][info ][safepoint   ] Safepoint "Cleanup", Time since last: 163024881851 ns, Reaching safepoint: 268017 ns, Cleanup: 16801 ns, At safepoint: 38103 ns, Total: 322921 ns
[2026-01-28T11:46:54.725+0000][68][info ][safepoint   ] Safepoint "Cleanup", Time since last: 1495573535 ns, Reaching safepoint: 52704 ns, Cleanup: 89105 ns, At safepoint: 6101 ns, Total: 147910 ns
[2026-01-28T12:12:33.128+0000][68][info ][safepoint   ] Safepoint "Cleanup", Time since last: 1538522059595 ns, Reaching safepoint: 100008 ns, Cleanup: 17601 ns, At safepoint: 9301 ns, Total: 126910 ns
[2026-01-28T12:46:52.724+0000][68][info ][safepoint   ] Safepoint "Cleanup", Time since last: 2059761718809 ns, Reaching safepoint: 505135 ns, Cleanup: 13901 ns, At safepoint: 71505 ns, Total: 590541 ns
[2026-01-28T12:46:55.244+0000][68][info ][safepoint   ] Safepoint "Cleanup", Time since last: 2520462238 ns, Reaching safepoint: 20401 ns, Cleanup: 15101 ns, At safepoint: 4001 ns, Total: 39503 ns
[2026-01-28T12:51:55.702+0000][68][info ][safepoint   ] Safepoint "Cleanup", Time since last: 300482208194 ns, Reaching safepoint: 6500 ns, Cleanup: 6801 ns, At safepoint: 3400 ns, Total: 16701 ns
[2026-01-28T13:46:52.362+0000][68][info ][safepoint   ] Safepoint "Cleanup", Time since last: 3296923724425 ns, Reaching safepoint: 19402 ns, Cleanup: 12302 ns, At safepoint: 62106 ns, Total: 93810 ns
[2026-01-28T13:46:53.765+0000][68][info ][safepoint   ] Safepoint "Cleanup", Time since last: 1402937164 ns, Reaching safepoint: 22902 ns, Cleanup: 15601 ns, At safepoint: 40504 ns, Total: 79007 ns
[2026-01-28T13:47:21.767+0000][68][info ][safepoint   ] Safepoint "Cleanup", Time since last: 28004384210 ns, Reaching safepoint: 20001 ns, Cleanup: 12701 ns, At safepoint: 38002 ns, Total: 70704 ns
[2026-01-28T13:51:55.580+0000][68][info ][safepoint   ] Safepoint "Cleanup", Time since last: 273834954878 ns, Reaching safepoint: 6901 ns, Cleanup: 12401 ns, At safepoint: 3500 ns, Total: 22802 ns
[2026-01-28T13:51:56.659+0000][68][info ][safepoint   ] Safepoint "Cleanup", Time since last: 1078641607 ns, Reaching safepoint: 20201 ns, Cleanup: 13801 ns, At safepoint: 3600 ns, Total: 37602 ns
[2026-01-28T14:33:03.883+0000][68][info ][safepoint   ] Safepoint "Cleanup", Time since last: 2467420590100 ns, Reaching safepoint: 20202 ns, Cleanup: 15801 ns, At safepoint: 38303 ns, Total: 74306 ns
[2026-01-28T14:46:51.760+0000][68][info ][safepoint   ] Safepoint "Cleanup", Time since last: 827951183369 ns, Reaching safepoint: 412126 ns, Cleanup: 17601 ns, At safepoint: 62904 ns, Total: 492631 ns
[2026-01-28T14:46:53.178+0000][68][info ][safepoint   ] Safepoint "Cleanup", Time since last: 1418258827 ns, Reaching safepoint: 20502 ns, Cleanup: 27001 ns, At safepoint: 2800 ns, Total: 50303 ns
[2026-01-28T14:46:54.328+0000][68][info ][safepoint   ] Safepoint "Cleanup", Time since last: 1149575967 ns, Reaching safepoint: 9300 ns, Cleanup: 44003 ns, At safepoint: 40003 ns, Total: 93306 ns
[2026-01-28T14:46:55.329+0000][68][info ][safepoint   ] Safepoint "Cleanup", Time since last: 1000755572 ns, Reaching safepoint: 24901 ns, Cleanup: 19702 ns, At safepoint: 3100 ns, Total: 47703 ns
[2026-01-28T14:46:56.329+0000][68][info ][safepoint   ] Safepoint "Cleanup", Time since last: 1000650165 ns, Reaching safepoint: 22102 ns, Cleanup: 19201 ns, At safepoint: 3200 ns, Total: 44503 ns
[2026-01-28T14:46:57.330+0000][68][info ][safepoint   ] Safepoint "Cleanup", Time since last: 1000830088 ns, Reaching safepoint: 207213 ns, Cleanup: 17401 ns, At safepoint: 55704 ns, Total: 280318 ns
[2026-01-28T14:47:00.331+0000][68][info ][safepoint   ] Safepoint "Cleanup", Time since last: 3000722925 ns, Reaching safepoint: 22201 ns, Cleanup: 15902 ns, At safepoint: 3200 ns, Total: 41303 ns
[2026-01-28T14:47:03.631+0000][68][info ][safepoint   ] Safepoint "Cleanup", Time since last: 3299892090 ns, Reaching safepoint: 25201 ns, Cleanup: 48003 ns, At safepoint: 3801 ns, Total: 77005 ns
[2026-01-28T14:47:04.632+0000][68][info ][safepoint   ] Safepoint "Cleanup", Time since last: 1000711238 ns, Reaching safepoint: 25202 ns, Cleanup: 17901 ns, At safepoint: 5100 ns, Total: 48203 ns
[2026-01-28T14:47:05.841+0000][68][info ][safepoint   ] Safepoint "Cleanup", Time since last: 1208905133 ns, Reaching safepoint: 12701 ns, Cleanup: 28502 ns, At safepoint: 42503 ns, Total: 83706 ns
[2026-01-28T14:47:06.871+0000][68][info ][safepoint   ] Safepoint "Cleanup", Time since last: 1030346617 ns, Reaching safepoint: 21301 ns, Cleanup: 23702 ns, At safepoint: 3600 ns, Total: 48603 ns
[2026-01-28T14:47:08.453+0000][68][info ][safepoint   ] Safepoint "Cleanup", Time since last: 1582125739 ns, Reaching safepoint: 54403 ns, Cleanup: 20502 ns, At safepoint: 7900 ns, Total: 82805 ns
[2026-01-28T14:52:05.407+0000][68][info ][safepoint   ] Safepoint "Cleanup", Time since last: 296979116761 ns, Reaching safepoint: 22102 ns, Cleanup: 14801 ns, At safepoint: 3200 ns, Total: 40103 ns
[2026-01-28T14:52:10.093+0000][68][info ][safepoint   ] Safepoint "Cleanup", Time since last: 4686005736 ns, Reaching safepoint: 34302 ns, Cleanup: 9801 ns, At safepoint: 3100 ns, Total: 47203 ns
[2026-01-28T14:52:11.361+0000][68][info ][safepoint   ] Safepoint "Cleanup", Time since last: 1268443499 ns, Reaching safepoint: 8600 ns, Cleanup: 44703 ns, At safepoint: 34702 ns, Total: 88005 ns
[2026-01-28T14:52:12.930+0000][68][info ][safepoint   ] Safepoint "Cleanup", Time since last: 1569306035 ns, Reaching safepoint: 20101 ns, Cleanup: 53104 ns, At safepoint: 3200 ns, Total: 76405 ns
[2026-01-28T14:59:34.880+0000][68][info ][gc,start    ] GC(26) Pause Young (Normal) (G1 Evacuation Pause)
[2026-01-28T14:59:34.882+0000][68][info ][gc,task     ] GC(26) Using 6 workers of 6 for evacuation
[2026-01-28T14:59:34.883+0000][68][debug][gc,age      ] GC(26) Desired survivor size 41943040 bytes, new threshold 15 (max threshold 15)
[2026-01-28T14:59:34.947+0000][68][info ][gc,phases   ] GC(26)   Pre Evacuate Collection Set: 3.5ms
[2026-01-28T14:59:34.947+0000][68][info ][gc,phases   ] GC(26)   Merge Heap Roots: 1.1ms
[2026-01-28T14:59:34.947+0000][68][info ][gc,phases   ] GC(26)   Evacuate Collection Set: 50.9ms
[2026-01-28T14:59:34.948+0000][68][info ][gc,phases   ] GC(26)   Post Evacuate Collection Set: 6.3ms
[2026-01-28T14:59:34.948+0000][68][info ][gc,phases   ] GC(26)   Other: 4.0ms
[2026-01-28T14:59:34.948+0000][68][trace][gc,age      ] GC(26) Age table with threshold 15 (max threshold 15)
[2026-01-28T14:59:34.948+0000][68][trace][gc,age      ] GC(26) - age   1:    1304976 bytes,    1304976 total
[2026-01-28T14:59:34.949+0000][68][trace][gc,age      ] GC(26) - age   2:     541424 bytes,    1846400 total
[2026-01-28T14:59:34.949+0000][68][trace][gc,age      ] GC(26) - age   3:     250136 bytes,    2096536 total
[2026-01-28T14:59:34.949+0000][68][trace][gc,age      ] GC(26) - age   4:      25568 bytes,    2122104 total
[2026-01-28T14:59:34.949+0000][68][trace][gc,age      ] GC(26) - age   5:     291336 bytes,    2413440 total
[2026-01-28T14:59:34.949+0000][68][trace][gc,age      ] GC(26) - age   6:      20792 bytes,    2434232 total
[2026-01-28T14:59:34.950+0000][68][trace][gc,age      ] GC(26) - age   7:       9080 bytes,    2443312 total
[2026-01-28T14:59:34.950+0000][68][trace][gc,age      ] GC(26) - age   8:      72712 bytes,    2516024 total
[2026-01-28T14:59:34.950+0000][68][trace][gc,age      ] GC(26) - age   9:      25888 bytes,    2541912 total
[2026-01-28T14:59:34.950+0000][68][trace][gc,age      ] GC(26) - age  10:     384488 bytes,    2926400 total
[2026-01-28T14:59:34.951+0000][68][trace][gc,age      ] GC(26) - age  11:     194392 bytes,    3120792 total
[2026-01-28T14:59:34.951+0000][68][info ][gc,heap     ] GC(26) Eden regions: 152->0(152)
[2026-01-28T14:59:34.951+0000][68][info ][gc,heap     ] GC(26) Survivor regions: 1->1(20)
[2026-01-28T14:59:34.951+0000][68][info ][gc,heap     ] GC(26) Old regions: 22->22
[2026-01-28T14:59:34.951+0000][68][info ][gc,heap     ] GC(26) Humongous regions: 0->0
[2026-01-28T14:59:34.952+0000][68][info ][gc,metaspace] GC(26) Metaspace: 133930K(137600K)->133930K(137600K) NonClass: 116321K(118080K)->116321K(118080K) Class: 17608K(19520K)->17608K(19520K)
[2026-01-28T14:59:34.952+0000][68][info ][gc          ] GC(26) Pause Young (Normal) (G1 Evacuation Pause) 698M->89M(1024M) 72.589ms
[2026-01-28T14:59:34.952+0000][68][info ][gc,cpu      ] GC(26) User=0.23s Sys=0.01s Real=0.08s
[2026-01-28T14:59:34.953+0000][68][info ][safepoint   ] Safepoint "G1CollectForAllocation", Time since last: 441984794633 ns, Reaching safepoint: 31302 ns, Cleanup: 5400 ns, At safepoint: 76164262 ns, Total: 76200964 ns
[2026-01-28T15:46:52.145+0000][68][info ][safepoint   ] Safepoint "Cleanup", Time since last: 2837423063209 ns, Reaching safepoint: 76305 ns, Cleanup: 25901 ns, At safepoint: 4701 ns, Total: 106907 ns
[2026-01-28T15:46:53.788+0000][68][info ][safepoint   ] Safepoint "Cleanup", Time since last: 1642709908 ns, Reaching safepoint: 32302 ns, Cleanup: 23501 ns, At safepoint: 3600 ns, Total: 59403 ns
[2026-01-28T15:47:15.106+0000][68][info ][safepoint   ] Safepoint "Cleanup", Time since last: 21319969558 ns, Reaching safepoint: 20001 ns, Cleanup: 12901 ns, At safepoint: 34502 ns, Total: 67404 ns
[2026-01-28T15:51:55.148+0000][68][info ][safepoint   ] Safepoint "Cleanup", Time since last: 280062969754 ns, Reaching safepoint: 7600 ns, Cleanup: 8401 ns, At safepoint: 3100 ns, Total: 19101 ns
[2026-01-28T16:07:34.319+0000][68][info ][safepoint   ] Safepoint "Cleanup", Time since last: 939240905328 ns, Reaching safepoint: 56704 ns, Cleanup: 12400 ns, At safepoint: 6801 ns, Total: 75905 ns
[2026-01-28T16:46:51.827+0000][68][info ][safepoint   ] Safepoint "Cleanup", Time since last: 2357698128563 ns, Reaching safepoint: 9200 ns, Cleanup: 10601 ns, At safepoint: 3400 ns, Total: 23201 ns
[2026-01-28T16:46:54.121+0000][68][info ][safepoint   ] Safepoint "Cleanup", Time since last: 2293961939 ns, Reaching safepoint: 7901 ns, Cleanup: 15401 ns, At safepoint: 3200 ns, Total: 26502 ns
[2026-01-28T16:46:55.505+0000][68][info ][safepoint   ] Safepoint "Cleanup", Time since last: 1383518961 ns, Reaching safepoint: 47403 ns, Cleanup: 62905 ns, At safepoint: 4100 ns, Total: 114408 ns
[2026-01-28T16:46:57.506+0000][68][info ][safepoint   ] Safepoint "Cleanup", Time since last: 2000641588 ns, Reaching safepoint: 48403 ns, Cleanup: 16801 ns, At safepoint: 3700 ns, Total: 68904 ns
[2026-01-28T16:47:02.732+0000][68][info ][safepoint   ] Safepoint "Cleanup", Time since last: 5226634426 ns, Reaching safepoint: 7201 ns, Cleanup: 10400 ns, At safepoint: 3501 ns, Total: 21102 ns
[2026-01-28T16:47:04.421+0000][68][info ][safepoint   ] Safepoint "Cleanup", Time since last: 1688751565 ns, Reaching safepoint: 28202 ns, Cleanup: 19201 ns, At safepoint: 3000 ns, Total: 50403 ns
[2026-01-28T16:47:05.422+0000][68][info ][safepoint   ] Safepoint "Cleanup", Time since last: 1000580409 ns, Reaching safepoint: 20701 ns, Cleanup: 20102 ns, At safepoint: 4100 ns, Total: 44903 ns
[2026-01-28T16:47:07.337+0000][68][info ][safepoint   ] Safepoint "Cleanup", Time since last: 1915114824 ns, Reaching safepoint: 21802 ns, Cleanup: 31702 ns, At safepoint: 4600 ns, Total: 58104 ns
[2026-01-28T16:47:08.842+0000][68][info ][safepoint   ] Safepoint "Cleanup", Time since last: 1504701556 ns, Reaching safepoint: 20901 ns, Cleanup: 14301 ns, At safepoint: 3900 ns, Total: 39102 ns
[2026-01-28T16:52:09.936+0000][68][info ][safepoint   ] Safepoint "Cleanup", Time since last: 301118546210 ns, Reaching safepoint: 119909 ns, Cleanup: 12801 ns, At safepoint: 52903 ns, Total: 185613 ns
[2026-01-28T16:52:11.398+0000][68][info ][safepoint   ] Safepoint "Cleanup", Time since last: 1461227301 ns, Reaching safepoint: 21702 ns, Cleanup: 25902 ns, At safepoint: 3900 ns, Total: 51504 ns
[2026-01-28T17:46:51.041+0000][68][info ][safepoint   ] Safepoint "Cleanup", Time since last: 3279900712419 ns, Reaching safepoint: 315821 ns, Cleanup: 13701 ns, At safepoint: 65905 ns, Total: 395427 ns
[2026-01-28T18:27:10.679+0000][68][info ][safepoint   ] Safepoint "Cleanup", Time since last: 2419837662504 ns, Reaching safepoint: 19502 ns, Cleanup: 12501 ns, At safepoint: 35602 ns, Total: 67605 ns
[2026-01-28T18:44:48.620+0000][68][info ][gc,start    ] GC(27) Pause Young (Normal) (G1 Evacuation Pause)
[2026-01-28T18:44:48.621+0000][68][info ][gc,task     ] GC(27) Using 6 workers of 6 for evacuation
[2026-01-28T18:44:48.622+0000][68][debug][gc,age      ] GC(27) Desired survivor size 41943040 bytes, new threshold 15 (max threshold 15)
[2026-01-28T18:44:48.643+0000][68][info ][gc,phases   ] GC(27)   Pre Evacuate Collection Set: 1.0ms
[2026-01-28T18:44:48.643+0000][68][info ][gc,phases   ] GC(27)   Merge Heap Roots: 0.4ms
[2026-01-28T18:44:48.644+0000][68][info ][gc,phases   ] GC(27)   Evacuate Collection Set: 14.7ms
[2026-01-28T18:44:48.644+0000][68][info ][gc,phases   ] GC(27)   Post Evacuate Collection Set: 4.5ms
[2026-01-28T18:44:48.645+0000][68][info ][gc,phases   ] GC(27)   Other: 1.3ms
[2026-01-28T18:44:48.645+0000][68][trace][gc,age      ] GC(27) Age table with threshold 15 (max threshold 15)
[2026-01-28T18:44:48.645+0000][68][trace][gc,age      ] GC(27) - age   1:    1312104 bytes,    1312104 total
[2026-01-28T18:44:48.646+0000][68][trace][gc,age      ] GC(27) - age   2:     101736 bytes,    1413840 total
[2026-01-28T18:44:48.646+0000][68][trace][gc,age      ] GC(27) - age   3:     526776 bytes,    1940616 total
[2026-01-28T18:44:48.647+0000][68][trace][gc,age      ] GC(27) - age   4:     199888 bytes,    2140504 total
[2026-01-28T18:44:48.647+0000][68][trace][gc,age      ] GC(27) - age   5:      25528 bytes,    2166032 total
[2026-01-28T18:44:48.648+0000][68][trace][gc,age      ] GC(27) - age   6:     291176 bytes,    2457208 total
[2026-01-28T18:44:48.648+0000][68][trace][gc,age      ] GC(27) - age   7:      20688 bytes,    2477896 total
[2026-01-28T18:44:48.648+0000][68][trace][gc,age      ] GC(27) - age   8:       9016 bytes,    2486912 total
[2026-01-28T18:44:48.649+0000][68][trace][gc,age      ] GC(27) - age   9:      72648 bytes,    2559560 total
[2026-01-28T18:44:48.649+0000][68][trace][gc,age      ] GC(27) - age  10:      25824 bytes,    2585384 total
[2026-01-28T18:44:48.649+0000][68][trace][gc,age      ] GC(27) - age  11:     384296 bytes,    2969680 total
[2026-01-28T18:44:48.650+0000][68][trace][gc,age      ] GC(27) - age  12:     194392 bytes,    3164072 total
[2026-01-28T18:44:48.650+0000][68][info ][gc,heap     ] GC(27) Eden regions: 152->0(152)
[2026-01-28T18:44:48.650+0000][68][info ][gc,heap     ] GC(27) Survivor regions: 1->1(20)
[2026-01-28T18:44:48.651+0000][68][info ][gc,heap     ] GC(27) Old regions: 22->22
[2026-01-28T18:44:48.651+0000][68][info ][gc,heap     ] GC(27) Humongous regions: 0->0
[2026-01-28T18:44:48.652+0000][68][info ][gc,metaspace] GC(27) Metaspace: 134063K(137728K)->134063K(137728K) NonClass: 116454K(118208K)->116454K(118208K) Class: 17608K(19520K)->17608K(19520K)
[2026-01-28T18:44:48.652+0000][68][info ][gc          ] GC(27) Pause Young (Normal) (G1 Evacuation Pause) 697M->90M(1024M) 31.507ms
[2026-01-28T18:44:48.652+0000][68][info ][gc,cpu      ] GC(27) User=0.08s Sys=0.00s Real=0.03s
[2026-01-28T18:44:48.653+0000][68][info ][safepoint   ] Safepoint "G1CollectForAllocation", Time since last: 1058030832396 ns, Reaching safepoint: 27802 ns, Cleanup: 4300 ns, At safepoint: 32572973 ns, Total: 32605075 ns
[2026-01-28T18:46:50.662+0000][68][info ][safepoint   ] Safepoint "Cleanup", Time since last: 122018847509 ns, Reaching safepoint: 256818 ns, Cleanup: 11501 ns, At safepoint: 48303 ns, Total: 316622 ns
[2026-01-28T18:46:52.067+0000][68][info ][safepoint   ] Safepoint "Cleanup", Time since last: 1404423323 ns, Reaching safepoint: 17201 ns, Cleanup: 10201 ns, At safepoint: 3400 ns, Total: 30802 ns
[2026-01-28T18:49:18.457+0000][68][info ][safepoint   ] Safepoint "Cleanup", Time since last: 146403190867 ns, Reaching safepoint: 49003 ns, Cleanup: 11501 ns, At safepoint: 7100 ns, Total: 67604 ns
[2026-01-28T18:49:26.459+0000][68][info ][safepoint   ] Safepoint "Cleanup", Time since last: 8001531207 ns, Reaching safepoint: 18501 ns, Cleanup: 12201 ns, At safepoint: 2801 ns, Total: 33503 ns
[2026-01-28T18:51:54.469+0000][68][info ][safepoint   ] Safepoint "Cleanup", Time since last: 148022413225 ns, Reaching safepoint: 65005 ns, Cleanup: 14701 ns, At safepoint: 7100 ns, Total: 86806 ns
[2026-01-28T18:51:55.965+0000][68][info ][safepoint   ] Safepoint "Cleanup", Time since last: 1495212305 ns, Reaching safepoint: 20101 ns, Cleanup: 13701 ns, At safepoint: 3000 ns, Total: 36802 ns
[2026-01-28T18:52:12.598+0000][68][info ][safepoint   ] Safepoint "Cleanup", Time since last: 16633235548 ns, Reaching safepoint: 21202 ns, Cleanup: 14501 ns, At safepoint: 2800 ns, Total: 38503 ns
[2026-01-28T19:20:35.708+0000][68][info ][safepoint   ] Safepoint "Cleanup", Time since last: 1703255298414 ns, Reaching safepoint: 55204 ns, Cleanup: 12401 ns, At safepoint: 7200 ns, Total: 74805 ns
[2026-01-28T19:46:50.378+0000][68][info ][safepoint   ] Safepoint "Cleanup", Time since last: 1574806112243 ns, Reaching safepoint: 244015 ns, Cleanup: 15801 ns, At safepoint: 67104 ns, Total: 326920 ns
[2026-01-28T20:46:50.276+0000][68][info ][safepoint   ] Safepoint "Cleanup", Time since last: 3600186641029 ns, Reaching safepoint: 7100 ns, Cleanup: 8801 ns, At safepoint: 2700 ns, Total: 18601 ns
[2026-01-28T20:46:51.656+0000][68][info ][safepoint   ] Safepoint "Cleanup", Time since last: 1379625444 ns, Reaching safepoint: 21402 ns, Cleanup: 25901 ns, At safepoint: 3800 ns, Total: 51103 ns
[2026-01-28T20:46:53.098+0000][68][info ][safepoint   ] Safepoint "Cleanup", Time since last: 1441566029 ns, Reaching safepoint: 21201 ns, Cleanup: 23102 ns, At safepoint: 4400 ns, Total: 48703 ns
[2026-01-28T20:46:55.098+0000][68][info ][safepoint   ] Safepoint "Cleanup", Time since last: 2000803501 ns, Reaching safepoint: 19901 ns, Cleanup: 17701 ns, At safepoint: 4301 ns, Total: 41903 ns
[2026-01-28T20:47:01.468+0000][68][info ][safepoint   ] Safepoint "Cleanup", Time since last: 6369535521 ns, Reaching safepoint: 20801 ns, Cleanup: 19102 ns, At safepoint: 3200 ns, Total: 43103 ns
[2026-01-28T20:47:02.469+0000][68][info ][safepoint   ] Safepoint "Cleanup", Time since last: 1000445860 ns, Reaching safepoint: 20501 ns, Cleanup: 23202 ns, At safepoint: 3700 ns, Total: 47403 ns
[2026-01-28T20:47:04.251+0000][68][info ][safepoint   ] Safepoint "Cleanup", Time since last: 1782807253 ns, Reaching safepoint: 22402 ns, Cleanup: 18101 ns, At safepoint: 4501 ns, Total: 45004 ns
[2026-01-28T20:47:06.018+0000][68][info ][safepoint   ] Safepoint "Cleanup", Time since last: 1766317665 ns, Reaching safepoint: 27002 ns, Cleanup: 21001 ns, At safepoint: 4201 ns, Total: 52204 ns
[2026-01-28T20:52:09.681+0000][68][info ][safepoint   ] Safepoint "Cleanup", Time since last: 303685134229 ns, Reaching safepoint: 8400 ns, Cleanup: 9901 ns, At safepoint: 4900 ns, Total: 23201 ns
[2026-01-28T20:52:10.682+0000][68][info ][safepoint   ] Safepoint "Cleanup", Time since last: 1001363147 ns, Reaching safepoint: 23801 ns, Cleanup: 14901 ns, At safepoint: 3201 ns, Total: 41903 ns
[2026-01-28T21:46:49.411+0000][68][info ][safepoint   ] Safepoint "Cleanup", Time since last: 3278978808758 ns, Reaching safepoint: 73804 ns, Cleanup: 16801 ns, At safepoint: 4800 ns, Total: 95405 ns
[2026-01-28T21:51:54.427+0000][68][info ][safepoint   ] Safepoint "Cleanup", Time since last: 305038004246 ns, Reaching safepoint: 232815 ns, Cleanup: 10600 ns, At safepoint: 56704 ns, Total: 300119 ns
[2026-01-28T21:51:55.730+0000][68][info ][safepoint   ] Safepoint "Cleanup", Time since last: 1303693268 ns, Reaching safepoint: 17101 ns, Cleanup: 11800 ns, At safepoint: 3501 ns, Total: 32402 ns
[2026-01-28T22:02:05.994+0000][68][info ][safepoint   ] Safepoint "Cleanup", Time since last: 610309249953 ns, Reaching safepoint: 51703 ns, Cleanup: 13401 ns, At safepoint: 7801 ns, Total: 72905 ns
[2026-01-28T22:03:38.261+0000][68][info ][gc,start    ] GC(28) Pause Young (Normal) (G1 Evacuation Pause)
[2026-01-28T22:03:38.262+0000][68][info ][gc,task     ] GC(28) Using 6 workers of 6 for evacuation
[2026-01-28T22:03:38.262+0000][68][debug][gc,age      ] GC(28) Desired survivor size 41943040 bytes, new threshold 15 (max threshold 15)
[2026-01-28T22:03:38.278+0000][68][info ][gc,phases   ] GC(28)   Pre Evacuate Collection Set: 0.6ms
[2026-01-28T22:03:38.279+0000][68][info ][gc,phases   ] GC(28)   Merge Heap Roots: 0.4ms
[2026-01-28T22:03:38.279+0000][68][info ][gc,phases   ] GC(28)   Evacuate Collection Set: 11.0ms
[2026-01-28T22:03:38.280+0000][68][info ][gc,phases   ] GC(28)   Post Evacuate Collection Set: 3.8ms
[2026-01-28T22:03:38.280+0000][68][info ][gc,phases   ] GC(28)   Other: 0.8ms
[2026-01-28T22:03:38.281+0000][68][trace][gc,age      ] GC(28) Age table with threshold 15 (max threshold 15)
[2026-01-28T22:03:38.281+0000][68][trace][gc,age      ] GC(28) - age   1:    1376072 bytes,    1376072 total
[2026-01-28T22:03:38.282+0000][68][trace][gc,age      ] GC(28) - age   2:      98280 bytes,    1474352 total
[2026-01-28T22:03:38.282+0000][68][trace][gc,age      ] GC(28) - age   3:      67656 bytes,    1542008 total
[2026-01-28T22:03:38.283+0000][68][trace][gc,age      ] GC(28) - age   4:     509880 bytes,    2051888 total
[2026-01-28T22:03:38.283+0000][68][trace][gc,age      ] GC(28) - age   5:     199264 bytes,    2251152 total
[2026-01-28T22:03:38.283+0000][68][trace][gc,age      ] GC(28) - age   6:      25528 bytes,    2276680 total
[2026-01-28T22:03:38.284+0000][68][trace][gc,age      ] GC(28) - age   7:     291088 bytes,    2567768 total
[2026-01-28T22:03:38.284+0000][68][trace][gc,age      ] GC(28) - age   8:      20648 bytes,    2588416 total
[2026-01-28T22:03:38.285+0000][68][trace][gc,age      ] GC(28) - age   9:       9016 bytes,    2597432 total
[2026-01-28T22:03:38.285+0000][68][trace][gc,age      ] GC(28) - age  10:      72608 bytes,    2670040 total
[2026-01-28T22:03:38.285+0000][68][trace][gc,age      ] GC(28) - age  11:      25760 bytes,    2695800 total
[2026-01-28T22:03:38.286+0000][68][trace][gc,age      ] GC(28) - age  12:     384296 bytes,    3080096 total
[2026-01-28T22:03:38.286+0000][68][trace][gc,age      ] GC(28) - age  13:     194328 bytes,    3274424 total
[2026-01-28T22:03:38.286+0000][68][info ][gc,heap     ] GC(28) Eden regions: 152->0(152)
[2026-01-28T22:03:38.287+0000][68][info ][gc,heap     ] GC(28) Survivor regions: 1->1(20)
[2026-01-28T22:03:38.287+0000][68][info ][gc,heap     ] GC(28) Old regions: 22->22
[2026-01-28T22:03:38.288+0000][68][info ][gc,heap     ] GC(28) Humongous regions: 0->0
[2026-01-28T22:03:38.288+0000][68][info ][gc,metaspace] GC(28) Metaspace: 134194K(137856K)->134194K(137856K) NonClass: 116586K(118336K)->116586K(118336K) Class: 17608K(19520K)->17608K(19520K)
[2026-01-28T22:03:38.288+0000][68][info ][gc          ] GC(28) Pause Young (Normal) (G1 Evacuation Pause) 698M->90M(1024M) 26.895ms
[2026-01-28T22:03:38.289+0000][68][info ][gc,cpu      ] GC(28) User=0.04s Sys=0.00s Real=0.03s
[2026-01-28T22:03:38.289+0000][68][info ][safepoint   ] Safepoint "G1CollectForAllocation", Time since last: 92273525047 ns, Reaching safepoint: 28202 ns, Cleanup: 4000 ns, At safepoint: 27814987 ns, Total: 27847189 ns
[2026-01-28T22:10:06.318+0000][68][info ][safepoint   ] Safepoint "Cleanup", Time since last: 388058406666 ns, Reaching safepoint: 50603 ns, Cleanup: 12401 ns, At safepoint: 4400 ns, Total: 67404 ns
[2026-01-28T22:24:36.364+0000][68][info ][safepoint   ] Safepoint "Cleanup", Time since last: 870122355674 ns, Reaching safepoint: 54804 ns, Cleanup: 12601 ns, At safepoint: 6600 ns, Total: 74005 ns
[2026-01-28T22:46:50.392+0000][68][info ][safepoint   ] Safepoint "Cleanup", Time since last: 1334136085090 ns, Reaching safepoint: 125908 ns, Cleanup: 24202 ns, At safepoint: 45303 ns, Total: 195413 ns
[2026-01-28T22:46:51.762+0000][68][info ][safepoint   ] Safepoint "Cleanup", Time since last: 1370080239 ns, Reaching safepoint: 24101 ns, Cleanup: 17401 ns, At safepoint: 3801 ns, Total: 45303 ns
[2026-01-28T22:46:52.764+0000][68][info ][safepoint   ] Safepoint "Cleanup", Time since last: 1000751163 ns, Reaching safepoint: 1024767 ns, Cleanup: 27902 ns, At safepoint: 64404 ns, Total: 1117073 ns
[2026-01-28T22:46:56.524+0000][68][info ][safepoint   ] Safepoint "Cleanup", Time since last: 3759540451 ns, Reaching safepoint: 33902 ns, Cleanup: 16301 ns, At safepoint: 11801 ns, Total: 62004 ns
[2026-01-28T22:46:57.633+0000][68][info ][safepoint   ] Safepoint "Cleanup", Time since last: 1109402217 ns, Reaching safepoint: 10400 ns, Cleanup: 12001 ns, At safepoint: 36303 ns, Total: 58704 ns
[2026-01-28T22:46:58.645+0000][68][info ][safepoint   ] Safepoint "Cleanup", Time since last: 1011911591 ns, Reaching safepoint: 23402 ns, Cleanup: 22301 ns, At safepoint: 3800 ns, Total: 49503 ns
[2026-01-28T22:46:59.646+0000][68][info ][safepoint   ] Safepoint "Cleanup", Time since last: 1000548959 ns, Reaching safepoint: 19401 ns, Cleanup: 13701 ns, At safepoint: 3700 ns, Total: 36802 ns
[2026-01-28T22:47:03.578+0000][68][info ][safepoint   ] Safepoint "Cleanup", Time since last: 3931693616 ns, Reaching safepoint: 25101 ns, Cleanup: 16301 ns, At safepoint: 3401 ns, Total: 44803 ns
[2026-01-28T22:52:04.018+0000][68][info ][safepoint   ] Safepoint "Cleanup", Time since last: 300463205716 ns, Reaching safepoint: 109108 ns, Cleanup: 10500 ns, At safepoint: 34503 ns, Total: 154111 ns
[2026-01-28T22:52:05.443+0000][68][info ][safepoint   ] Safepoint "Cleanup", Time since last: 1424801410 ns, Reaching safepoint: 21502 ns, Cleanup: 14101 ns, At safepoint: 3100 ns, Total: 38703 ns
[2026-01-28T23:31:06.883+0000][68][info ][safepoint   ] Safepoint "Cleanup", Time since last: 2341622654248 ns, Reaching safepoint: 51303 ns, Cleanup: 12401 ns, At safepoint: 8000 ns, Total: 71704 ns
[2026-01-28T23:46:06.943+0000][68][info ][safepoint   ] Safepoint "Cleanup", Time since last: 900131468524 ns, Reaching safepoint: 50104 ns, Cleanup: 11400 ns, At safepoint: 6401 ns, Total: 67905 ns
[2026-01-28T23:46:49.527+0000][68][info ][safepoint   ] Safepoint "Cleanup", Time since last: 42589073319 ns, Reaching safepoint: 8101 ns, Cleanup: 10101 ns, At safepoint: 3300 ns, Total: 21502 ns
[2026-01-28T23:46:50.907+0000][68][info ][safepoint   ] Safepoint "Cleanup", Time since last: 1380783149 ns, Reaching safepoint: 20101 ns, Cleanup: 18501 ns, At safepoint: 3900 ns, Total: 42502 ns
[2026-01-28T23:51:54.200+0000][68][info ][safepoint   ] Safepoint "Cleanup", Time since last: 303317681778 ns, Reaching safepoint: 6800 ns, Cleanup: 9001 ns, At safepoint: 3000 ns, Total: 18801 ns
[2026-01-29T00:30:06.618+0000][68][info ][safepoint   ] Safepoint "Cleanup", Time since last: 2292611096498 ns, Reaching safepoint: 45203 ns, Cleanup: 9900 ns, At safepoint: 3901 ns, Total: 59004 ns
[2026-01-29T00:36:36.639+0000][68][info ][safepoint   ] Safepoint "Cleanup", Time since last: 390052387009 ns, Reaching safepoint: 19801 ns, Cleanup: 12501 ns, At safepoint: 38502 ns, Total: 70804 ns
[2026-01-29T00:46:49.682+0000][68][info ][safepoint   ] Safepoint "Cleanup", Time since last: 613090072797 ns, Reaching safepoint: 19501 ns, Cleanup: 14801 ns, At safepoint: 3600 ns, Total: 37902 ns
[2026-01-29T00:51:53.763+0000][68][info ][safepoint   ] Safepoint "Cleanup", Time since last: 304103280188 ns, Reaching safepoint: 33402 ns, Cleanup: 15501 ns, At safepoint: 10100 ns, Total: 59003 ns
[2026-01-29T00:51:55.008+0000][68][info ][safepoint   ] Safepoint "Cleanup", Time since last: 1244166339 ns, Reaching safepoint: 19301 ns, Cleanup: 21002 ns, At safepoint: 3600 ns, Total: 43903 ns
[2026-01-29T01:29:53.388+0000][68][info ][safepoint   ] Safepoint "Cleanup", Time since last: 2278552209936 ns, Reaching safepoint: 48803 ns, Cleanup: 14001 ns, At safepoint: 2800 ns, Total: 65604 ns
[2026-01-29T01:32:08.398+0000][68][info ][safepoint   ] Safepoint "Cleanup", Time since last: 135019004535 ns, Reaching safepoint: 19001 ns, Cleanup: 11701 ns, At safepoint: 4000 ns, Total: 34702 ns
[2026-01-29T01:37:53.420+0000][68][info ][safepoint   ] Safepoint "Cleanup", Time since last: 345050043392 ns, Reaching safepoint: 54204 ns, Cleanup: 23502 ns, At safepoint: 4000 ns, Total: 81706 ns
[2026-01-29T01:46:48.649+0000][68][info ][gc,start    ] GC(29) Pause Young (Normal) (G1 Evacuation Pause)
[2026-01-29T01:46:48.650+0000][68][info ][gc,task     ] GC(29) Using 6 workers of 6 for evacuation
[2026-01-29T01:46:48.650+0000][68][debug][gc,age      ] GC(29) Desired survivor size 41943040 bytes, new threshold 15 (max threshold 15)
[2026-01-29T01:46:48.667+0000][68][info ][gc,phases   ] GC(29)   Pre Evacuate Collection Set: 0.6ms
[2026-01-29T01:46:48.667+0000][68][info ][gc,phases   ] GC(29)   Merge Heap Roots: 0.4ms
[2026-01-29T01:46:48.668+0000][68][info ][gc,phases   ] GC(29)   Evacuate Collection Set: 11.2ms
[2026-01-29T01:46:48.668+0000][68][info ][gc,phases   ] GC(29)   Post Evacuate Collection Set: 3.6ms
[2026-01-29T01:46:48.668+0000][68][info ][gc,phases   ] GC(29)   Other: 0.9ms
[2026-01-29T01:46:48.669+0000][68][trace][gc,age      ] GC(29) Age table with threshold 15 (max threshold 15)
[2026-01-29T01:46:48.669+0000][68][trace][gc,age      ] GC(29) - age   1:    1580264 bytes,    1580264 total
[2026-01-29T01:46:48.670+0000][68][trace][gc,age      ] GC(29) - age   2:     138000 bytes,    1718264 total
[2026-01-29T01:46:48.670+0000][68][trace][gc,age      ] GC(29) - age   3:      95912 bytes,    1814176 total
[2026-01-29T01:46:48.670+0000][68][trace][gc,age      ] GC(29) - age   4:      66760 bytes,    1880936 total
[2026-01-29T01:46:48.671+0000][68][trace][gc,age      ] GC(29) - age   5:     494840 bytes,    2375776 total
[2026-01-29T01:46:48.671+0000][68][trace][gc,age      ] GC(29) - age   6:     181328 bytes,    2557104 total
[2026-01-29T01:46:48.671+0000][68][trace][gc,age      ] GC(29) - age   7:      25528 bytes,    2582632 total
[2026-01-29T01:46:48.672+0000][68][trace][gc,age      ] GC(29) - age   8:     290336 bytes,    2872968 total
[2026-01-29T01:46:48.672+0000][68][trace][gc,age      ] GC(29) - age   9:      20368 bytes,    2893336 total
[2026-01-29T01:46:48.672+0000][68][trace][gc,age      ] GC(29) - age  10:       8952 bytes,    2902288 total
[2026-01-29T01:46:48.673+0000][68][trace][gc,age      ] GC(29) - age  11:      72608 bytes,    2974896 total
[2026-01-29T01:46:48.673+0000][68][trace][gc,age      ] GC(29) - age  12:      25760 bytes,    3000656 total
[2026-01-29T01:46:48.674+0000][68][trace][gc,age      ] GC(29) - age  13:     384296 bytes,    3384952 total
[2026-01-29T01:46:48.674+0000][68][trace][gc,age      ] GC(29) - age  14:     194328 bytes,    3579280 total
[2026-01-29T01:46:48.674+0000][68][info ][gc,heap     ] GC(29) Eden regions: 152->0(152)
[2026-01-29T01:46:48.675+0000][68][info ][gc,heap     ] GC(29) Survivor regions: 1->1(20)
[2026-01-29T01:46:48.675+0000][68][info ][gc,heap     ] GC(29) Old regions: 22->22
[2026-01-29T01:46:48.675+0000][68][info ][gc,heap     ] GC(29) Humongous regions: 0->0
[2026-01-29T01:46:48.675+0000][68][info ][gc,metaspace] GC(29) Metaspace: 134331K(137920K)->134331K(137920K) NonClass: 116723K(118400K)->116723K(118400K) Class: 17608K(19520K)->17608K(19520K)
[2026-01-29T01:46:48.676+0000][68][info ][gc          ] GC(29) Pause Young (Normal) (G1 Evacuation Pause) 698M->90M(1024M) 26.236ms
[2026-01-29T01:46:48.676+0000][68][info ][gc,cpu      ] GC(29) User=0.04s Sys=0.01s Real=0.02s
[2026-01-29T01:46:48.676+0000][68][info ][safepoint   ] Safepoint "G1CollectForAllocation", Time since last: 535270404260 ns, Reaching safepoint: 17301 ns, Cleanup: 4100 ns, At safepoint: 27102142 ns, Total: 27123543 ns
[2026-01-29T01:46:49.811+0000][68][info ][safepoint   ] Safepoint "Cleanup", Time since last: 1134162344 ns, Reaching safepoint: 8600 ns, Cleanup: 46803 ns, At safepoint: 39003 ns, Total: 94406 ns
[2026-01-29T01:46:51.175+0000][68][info ][safepoint   ] Safepoint "Cleanup", Time since last: 1363885141 ns, Reaching safepoint: 22601 ns, Cleanup: 60804 ns, At safepoint: 4300 ns, Total: 87705 ns
[2026-01-29T01:46:52.175+0000][68][info ][safepoint   ] Safepoint "Cleanup", Time since last: 1000618965 ns, Reaching safepoint: 22302 ns, Cleanup: 18301 ns, At safepoint: 3300 ns, Total: 43903 ns
[2026-01-29T01:46:58.864+0000][68][info ][safepoint   ] Safepoint "Cleanup", Time since last: 6688835627 ns, Reaching safepoint: 52404 ns, Cleanup: 16301 ns, At safepoint: 3500 ns, Total: 72205 ns
[2026-01-29T01:46:59.865+0000][68][info ][safepoint   ] Safepoint "Cleanup", Time since last: 1000492840 ns, Reaching safepoint: 23101 ns, Cleanup: 18402 ns, At safepoint: 3500 ns, Total: 45003 ns
[2026-01-29T01:47:01.590+0000][68][info ][safepoint   ] Safepoint "Cleanup", Time since last: 1724752767 ns, Reaching safepoint: 23002 ns, Cleanup: 27702 ns, At safepoint: 3500 ns, Total: 54204 ns
[2026-01-29T01:47:02.590+0000][68][info ][safepoint   ] Safepoint "Cleanup", Time since last: 1000722355 ns, Reaching safepoint: 26701 ns, Cleanup: 16402 ns, At safepoint: 4700 ns, Total: 47803 ns
[2026-01-29T01:47:03.644+0000][68][info ][safepoint   ] Safepoint "Cleanup", Time since last: 1053653206 ns, Reaching safepoint: 21002 ns, Cleanup: 16701 ns, At safepoint: 3700 ns, Total: 41403 ns
[2026-01-29T01:50:07.888+0000][68][info ][safepoint   ] Safepoint "Cleanup", Time since last: 184257803974 ns, Reaching safepoint: 128709 ns, Cleanup: 12901 ns, At safepoint: 10600 ns, Total: 152210 ns
[2026-01-29T01:52:03.793+0000][68][info ][safepoint   ] Safepoint "Cleanup", Time since last: 115913517754 ns, Reaching safepoint: 8801 ns, Cleanup: 11700 ns, At safepoint: 31202 ns, Total: 51703 ns
[2026-01-29T01:52:05.043+0000][68][info ][safepoint   ] Safepoint "Cleanup", Time since last: 1249599920 ns, Reaching safepoint: 21902 ns, Cleanup: 14801 ns, At safepoint: 3800 ns, Total: 40503 ns
[2026-01-29T02:46:49.932+0000][68][info ][safepoint   ] Safepoint "Cleanup", Time since last: 3285142366799 ns, Reaching safepoint: 18801 ns, Cleanup: 10501 ns, At safepoint: 4000 ns, Total: 33302 ns
[2026-01-29T02:51:53.698+0000][68][info ][safepoint   ] Safepoint "Cleanup", Time since last: 303789519877 ns, Reaching safepoint: 137209 ns, Cleanup: 10101 ns, At safepoint: 57204 ns, Total: 204514 ns
[2026-01-29T02:51:54.793+0000][68][info ][safepoint   ] Safepoint "Cleanup", Time since last: 1094648252 ns, Reaching safepoint: 17001 ns, Cleanup: 13401 ns, At safepoint: 3600 ns, Total: 34002 ns
[2026-01-29T03:46:49.726+0000][68][info ][safepoint   ] Safepoint "Cleanup", Time since last: 3295189144630 ns, Reaching safepoint: 22501 ns, Cleanup: 14101 ns, At safepoint: 4000 ns, Total: 40602 ns
[2026-01-29T03:51:53.718+0000][68][info ][safepoint   ] Safepoint "Cleanup", Time since last: 304015708559 ns, Reaching safepoint: 108507 ns, Cleanup: 7800 ns, At safepoint: 53904 ns, Total: 170211 ns
[2026-01-29T04:46:49.632+0000][68][info ][safepoint   ] Safepoint "Cleanup", Time since last: 3296180672282 ns, Reaching safepoint: 2495945 ns, Cleanup: 235314 ns, At safepoint: 106206 ns, Total: 2837465 ns
[2026-01-29T04:46:50.744+0000][68][info ][safepoint   ] Safepoint "Cleanup", Time since last: 1112361168 ns, Reaching safepoint: 9100 ns, Cleanup: 22201 ns, At safepoint: 39503 ns, Total: 70804 ns
[2026-01-29T04:46:52.615+0000][68][info ][safepoint   ] Safepoint "Cleanup", Time since last: 1870952933 ns, Reaching safepoint: 26301 ns, Cleanup: 261115 ns, At safepoint: 31802 ns, Total: 319218 ns
[2026-01-29T04:46:53.616+0000][68][info ][safepoint   ] Safepoint "Cleanup", Time since last: 1000720698 ns, Reaching safepoint: 22801 ns, Cleanup: 18701 ns, At safepoint: 3900 ns, Total: 45402 ns
[2026-01-29T04:46:59.866+0000][68][info ][safepoint   ] Safepoint "Cleanup", Time since last: 6250328143 ns, Reaching safepoint: 24801 ns, Cleanup: 27802 ns, At safepoint: 3400 ns, Total: 56003 ns
[2026-01-29T04:47:00.870+0000][68][info ][safepoint   ] Safepoint "Cleanup", Time since last: 1000573178 ns, Reaching safepoint: 3311001 ns, Cleanup: 53103 ns, At safepoint: 73205 ns, Total: 3437309 ns
[2026-01-29T04:47:01.882+0000][68][info ][safepoint   ] Safepoint "Cleanup", Time since last: 1012026772 ns, Reaching safepoint: 7801 ns, Cleanup: 14201 ns, At safepoint: 36302 ns, Total: 58304 ns
[2026-01-29T04:47:04.883+0000][68][info ][safepoint   ] Safepoint "Cleanup", Time since last: 3000946388 ns, Reaching safepoint: 21601 ns, Cleanup: 15201 ns, At safepoint: 4700 ns, Total: 41502 ns
[2026-01-29T04:47:05.980+0000][68][info ][safepoint   ] Safepoint "Cleanup", Time since last: 1096724131 ns, Reaching safepoint: 23702 ns, Cleanup: 19601 ns, At safepoint: 4400 ns, Total: 47703 ns
[2026-01-29T04:50:30.725+0000][68][info ][gc,start    ] GC(30) Pause Young (Normal) (G1 Evacuation Pause)
[2026-01-29T04:50:30.727+0000][68][info ][gc,task     ] GC(30) Using 6 workers of 6 for evacuation
[2026-01-29T04:50:30.727+0000][68][debug][gc,age      ] GC(30) Desired survivor size 41943040 bytes, new threshold 15 (max threshold 15)
[2026-01-29T04:50:30.809+0000][68][info ][gc,phases   ] GC(30)   Pre Evacuate Collection Set: 3.9ms
[2026-01-29T04:50:30.809+0000][68][info ][gc,phases   ] GC(30)   Merge Heap Roots: 0.9ms
[2026-01-29T04:50:30.809+0000][68][info ][gc,phases   ] GC(30)   Evacuate Collection Set: 64.5ms
[2026-01-29T04:50:30.810+0000][68][info ][gc,phases   ] GC(30)   Post Evacuate Collection Set: 10.4ms
[2026-01-29T04:50:30.810+0000][68][info ][gc,phases   ] GC(30)   Other: 2.3ms
[2026-01-29T04:50:30.810+0000][68][trace][gc,age      ] GC(30) Age table with threshold 15 (max threshold 15)
[2026-01-29T04:50:30.810+0000][68][trace][gc,age      ] GC(30) - age   1:    1954232 bytes,    1954232 total
[2026-01-29T04:50:30.811+0000][68][trace][gc,age      ] GC(30) - age   2:     159240 bytes,    2113472 total
[2026-01-29T04:50:30.811+0000][68][trace][gc,age      ] GC(30) - age   3:     134400 bytes,    2247872 total
[2026-01-29T04:50:30.811+0000][68][trace][gc,age      ] GC(30) - age   4:      94768 bytes,    2342640 total
[2026-01-29T04:50:30.811+0000][68][trace][gc,age      ] GC(30) - age   5:      66168 bytes,    2408808 total
[2026-01-29T04:50:30.811+0000][68][trace][gc,age      ] GC(30) - age   6:     494760 bytes,    2903568 total
[2026-01-29T04:50:30.812+0000][68][trace][gc,age      ] GC(30) - age   7:     181048 bytes,    3084616 total
[2026-01-29T04:50:30.812+0000][68][trace][gc,age      ] GC(30) - age   8:      25528 bytes,    3110144 total
[2026-01-29T04:50:30.812+0000][68][trace][gc,age      ] GC(30) - age   9:     290016 bytes,    3400160 total
[2026-01-29T04:50:30.812+0000][68][trace][gc,age      ] GC(30) - age  10:      20368 bytes,    3420528 total
[2026-01-29T04:50:30.812+0000][68][trace][gc,age      ] GC(30) - age  11:       8888 bytes,    3429416 total
[2026-01-29T04:50:30.813+0000][68][trace][gc,age      ] GC(30) - age  12:      72608 bytes,    3502024 total
[2026-01-29T04:50:30.813+0000][68][trace][gc,age      ] GC(30) - age  13:      25760 bytes,    3527784 total
[2026-01-29T04:50:30.813+0000][68][trace][gc,age      ] GC(30) - age  14:     384296 bytes,    3912080 total
[2026-01-29T04:50:30.813+0000][68][trace][gc,age      ] GC(30) - age  15:     194328 bytes,    4106408 total
[2026-01-29T04:50:30.814+0000][68][info ][gc,heap     ] GC(30) Eden regions: 152->0(151)
[2026-01-29T04:50:30.814+0000][68][info ][gc,heap     ] GC(30) Survivor regions: 1->2(20)
[2026-01-29T04:50:30.814+0000][68][info ][gc,heap     ] GC(30) Old regions: 22->22
[2026-01-29T04:50:30.814+0000][68][info ][gc,heap     ] GC(30) Humongous regions: 0->0
[2026-01-29T04:50:30.815+0000][68][info ][gc,metaspace] GC(30) Metaspace: 134555K(138112K)->134555K(138112K) NonClass: 116946K(118592K)->116946K(118592K) Class: 17608K(19520K)->17608K(19520K)
[2026-01-29T04:50:30.816+0000][68][info ][gc          ] GC(30) Pause Young (Normal) (G1 Evacuation Pause) 698M->91M(1024M) 90.572ms
[2026-01-29T04:50:30.816+0000][68][info ][gc,cpu      ] GC(30) User=0.31s Sys=0.02s Real=0.09s
[2026-01-29T04:50:30.817+0000][68][info ][safepoint   ] Safepoint "G1CollectForAllocation", Time since last: 204759866706 ns, Reaching safepoint: 212212 ns, Cleanup: 47703 ns, At safepoint: 93588292 ns, Total: 93848207 ns
[2026-01-29T04:52:08.084+0000][68][info ][safepoint   ] Safepoint "Cleanup", Time since last: 97274994036 ns, Reaching safepoint: 121708 ns, Cleanup: 45103 ns, At safepoint: 44703 ns, Total: 211514 ns
[2026-01-29T04:52:09.866+0000][68][info ][safepoint   ] Safepoint "Cleanup", Time since last: 1781955168 ns, Reaching safepoint: 21301 ns, Cleanup: 17901 ns, At safepoint: 4200 ns, Total: 43402 ns
