[2026-02-02T06:00:22.785+0000][49][info][gc,init] CardTable entry size: 512
[2026-02-02T06:00:22.789+0000][49][info][gc     ] Using G1
[2026-02-02T06:00:22.799+0000][49][info][gc,init] Version: 21.0.1+12-29 (release)
[2026-02-02T06:00:22.800+0000][49][info][gc,init] CPUs: 6 total, 6 available
[2026-02-02T06:00:22.800+0000][49][info][gc,init] Memory: 7912M
[2026-02-02T06:00:22.800+0000][49][info][gc,init] Large Page Support: Disabled
[2026-02-02T06:00:22.800+0000][49][info][gc,init] NUMA Support: Disabled
[2026-02-02T06:00:22.801+0000][49][info][gc,init] Compressed Oops: Enabled (32-bit)
[2026-02-02T06:00:22.801+0000][49][info][gc,init] Heap Region Size: 1M
[2026-02-02T06:00:22.801+0000][49][info][gc,init] Heap Min Capacity: 1G
[2026-02-02T06:00:22.801+0000][49][info][gc,init] Heap Initial Capacity: 1G
[2026-02-02T06:00:22.802+0000][49][info][gc,init] Heap Max Capacity: 1G
[2026-02-02T06:00:22.802+0000][49][info][gc,init] Pre-touch: Disabled
[2026-02-02T06:00:22.802+0000][49][info][gc,init] Parallel Workers: 6
[2026-02-02T06:00:22.802+0000][49][info][gc,init] Concurrent Workers: 2
[2026-02-02T06:00:22.803+0000][49][info][gc,init] Concurrent Refinement Workers: 6
[2026-02-02T06:00:22.803+0000][49][info][gc,init] Periodic GC: Disabled
[2026-02-02T06:00:22.812+0000][49][info][gc,metaspace] CDS archive(s) mapped at: [0x00007e23af000000-0x00007e23afca5000-0x00007e23afca5000), size 13258752, SharedBaseAddress: 0x00007e23af000000, ArchiveRelocationMode: 1.
[2026-02-02T06:00:22.813+0000][49][info][gc,metaspace] Compressed class space mapped at: 0x00007e23b0000000-0x00007e23f0000000, reserved size: 1073741824
[2026-02-02T06:00:22.813+0000][49][info][gc,metaspace] Narrow klass base: 0x00007e23af000000, Narrow klass shift: 0, Narrow klass range: 0x100000000
[2026-02-02T06:00:22.884+0000][49][info][gc,heap,exit] Heap
[2026-02-02T06:00:22.885+0000][49][info][gc,heap,exit]  garbage-first heap   total 1048576K, used 3103K [0x00000000c0000000, 0x0000000100000000)
[2026-02-02T06:00:22.885+0000][49][info][gc,heap,exit]   region size 1024K, 3 young (3072K), 0 survivors (0K)
[2026-02-02T06:00:22.885+0000][49][info][gc,heap,exit]  Metaspace       used 212K, committed 448K, reserved 1114112K
[2026-02-02T06:00:22.886+0000][49][info][gc,heap,exit]   class space    used 5K, committed 128K, reserved 1048576K
