[2026-01-29T05:17:29.766+0000][32][info][gc,init] CardTable entry size: 512
[2026-01-29T05:17:29.773+0000][32][info][gc     ] Using G1
[2026-01-29T05:17:29.794+0000][32][info][gc,init] Version: 21.0.1+12-29 (release)
[2026-01-29T05:17:29.795+0000][32][info][gc,init] CPUs: 6 total, 6 available
[2026-01-29T05:17:29.795+0000][32][info][gc,init] Memory: 7912M
[2026-01-29T05:17:29.795+0000][32][info][gc,init] Large Page Support: Disabled
[2026-01-29T05:17:29.796+0000][32][info][gc,init] NUMA Support: Disabled
[2026-01-29T05:17:29.796+0000][32][info][gc,init] Compressed Oops: Enabled (32-bit)
[2026-01-29T05:17:29.796+0000][32][info][gc,init] Heap Region Size: 1M
[2026-01-29T05:17:29.797+0000][32][info][gc,init] Heap Min Capacity: 1G
[2026-01-29T05:17:29.797+0000][32][info][gc,init] Heap Initial Capacity: 1G
[2026-01-29T05:17:29.797+0000][32][info][gc,init] Heap Max Capacity: 1G
[2026-01-29T05:17:29.798+0000][32][info][gc,init] Pre-touch: Disabled
[2026-01-29T05:17:29.798+0000][32][info][gc,init] Parallel Workers: 6
[2026-01-29T05:17:29.798+0000][32][info][gc,init] Concurrent Workers: 2
[2026-01-29T05:17:29.799+0000][32][info][gc,init] Concurrent Refinement Workers: 6
[2026-01-29T05:17:29.799+0000][32][info][gc,init] Periodic GC: Disabled
[2026-01-29T05:17:29.825+0000][32][info][gc,metaspace] CDS archive(s) mapped at: [0x00007b736f000000-0x00007b736fca5000-0x00007b736fca5000), size 13258752, SharedBaseAddress: 0x00007b736f000000, ArchiveRelocationMode: 1.
[2026-01-29T05:17:29.826+0000][32][info][gc,metaspace] Compressed class space mapped at: 0x00007b7370000000-0x00007b73b0000000, reserved size: 1073741824
[2026-01-29T05:17:29.826+0000][32][info][gc,metaspace] Narrow klass base: 0x00007b736f000000, Narrow klass shift: 0, Narrow klass range: 0x100000000
[2026-01-29T05:17:29.930+0000][32][info][gc,heap,exit] Heap
[2026-01-29T05:17:29.932+0000][32][info][gc,heap,exit]  garbage-first heap   total 1048576K, used 3103K [0x00000000c0000000, 0x0000000100000000)
[2026-01-29T05:17:29.932+0000][32][info][gc,heap,exit]   region size 1024K, 3 young (3072K), 0 survivors (0K)
[2026-01-29T05:17:29.932+0000][32][info][gc,heap,exit]  Metaspace       used 213K, committed 448K, reserved 1114112K
[2026-01-29T05:17:29.933+0000][32][info][gc,heap,exit]   class space    used 5K, committed 128K, reserved 1048576K
